[WARN] [1789140309.461198, 813.590000]: [mission] SEARCH: 2 de 25 amostras descartadas como outlier (>0.15 m ou >0.20 rad da mediana)
[INFO] [1789140251.545827, 791.428000]: State machine starting in initial state 'STOW_INIT' with userdata: 
	[]
[INFO] [1789140252.032220, 791.628000]: [mission] pose de partida registrada: (-0.00, 1.00, 0.01 rad)
[INFO] [1789140252.037071, 791.629000]: [mission] postura "stow_home" comandada: [0.0, 1.13, -1.04, -1.8, 0.0]
[INFO] [1789140252.280005, 791.729000]: State machine transitioning 'STOW_INIT':'ok'-->'SEARCH'
[INFO] [1789140252.284502, 791.730000]: [mission] postura "search" comandada: [0.0, 1.0, -1.0, 0.0, 0.0]
[INFO] [1789140267.978934, 797.731000]: [mission] SEARCH — girando à procura da tag...
[INFO] [1789140267.982210, 797.731000]: [mission] SEARCH: amostra quando a tag estiver a raio 0.35-0.50 do quadro (vista oblíqua; omega fina 0.15 rad/s)
[INFO] [1789140271.015855, 798.884000]: [mission] SEARCH: tag a raio 0.94 — girando até <= 0.50
[INFO] [1789140290.771318, 806.484000]: [mission] SEARCH: tag a raio 0.49 — parando
[INFO] [1789140290.775315, 806.486000]: [mission] tag avistada — parando para medir
[INFO] [1789140293.712198, 807.496000]: [mission] âncora engatada (coleta do SEARCH)
[INFO] [1789140293.718771, 807.499000]: [mission] SEARCH: coleta com dither ±0.05 rad/s (período 3.0 s)
[INFO] [1789140309.418945, 813.572000]: [mission] âncora solta — 12 correções de deriva
[INFO] [1789140309.422180, 813.572000]: [mission] SEARCH: âncora corrigiu a deriva 12 vez(es) durante a coleta
[INFO] [1789140309.466274, 813.596000]: [mission] SEARCH: 23 amostras — parede (0.021, 3.086, -0.004) yaw=2.942
[INFO] [1789140309.468884, 813.597000]: [mission] parede localizada em (0.021, 3.086, -0.004)
[INFO] [1789140309.483222, 813.602000]: State machine transitioning 'SEARCH':'found'-->'APPROACH'
[INFO] [1789140309.489818, 813.606000]: [mission] APPROACH etapa 1/2 — 1.30 m do olhal, alvo (-0.07, 1.64, 1.37 rad)
[INFO] [1789140309.494771, 813.609000]: [mission] teto por postura ativo no drive: v<=0.17 w<=0.50 rampa 0.45/1.52
[INFO] [1789140320.310356, 817.760000]: [mission] APPROACH: alinhado, avançando (0.79 m)
[INFO] [1789140337.089998, 824.208000]: [mission] APPROACH: chegou, ajustando heading final
[INFO] [1789140337.238940, 824.258000]: [mission] teto por postura ativo no drive: v<=0.17 w<=0.50 rampa 0.45/1.52
[INFO] [1789140344.519614, 826.958000]: [mission] APPROACH: concluído
[INFO] [1789140347.076191, 827.964000]: [mission] âncora engatada (coleta do APPROACH/remedida)
[INFO] [1789140347.082015, 827.965000]: [mission] APPROACH/remedida: coleta com dither ±0.05 rad/s (período 3.0 s)
[INFO] [1789140348.845119, 828.643000]: [mission] APPROACH/remedida: 10 amostras — parede (0.005, 3.001, -0.003) yaw=-3.132
[INFO] [1789140348.852096, 828.645000]: [mission] APPROACH etapa 2/2 — 0.88 m do olhal, alvo (0.38, 1.99, 1.58 rad)
[INFO] [1789140358.951279, 832.451000]: [mission] APPROACH: alinhado, avançando (0.66 m)
[INFO] [1789140359.081491, 832.501000]: [mission] teto por postura ativo no drive: v<=0.17 w<=0.50 rampa 0.45/1.52
[INFO] [1789140373.466130, 838.001000]: [mission] APPROACH: chegou, ajustando heading final
[INFO] [1789140373.601317, 838.051000]: [mission] teto por postura ativo no drive: v<=0.17 w<=0.50 rampa 0.45/1.52
[INFO] [1789140389.643080, 844.103000]: [mission] APPROACH: concluído
[INFO] [1789140389.665368, 844.108000]: State machine transitioning 'APPROACH':'arrived'-->'REFINE'
[INFO] [1789140389.669908, 844.110000]: [mission] REFINE — remedindo a parede de perto (10 amostras)
[INFO] [1789140389.687495, 844.115000]: [mission] âncora engatada (coleta do REFINE)
[INFO] [1789140389.691462, 844.116000]: [mission] REFINE: coleta com dither ±0.05 rad/s (período 3.0 s)
[INFO] [1789140391.447253, 844.765000]: [mission] âncora solta — 1 correções de deriva
[INFO] [1789140391.450676, 844.770000]: [mission] REFINE: âncora corrigiu a deriva 1 vez(es) durante a coleta
[INFO] [1789140391.454664, 844.770000]: [mission] REFINE: 10 amostras — parede (0.001, 3.003, -0.001) yaw=3.133
[INFO] [1789140391.457325, 844.770000]: [mission] REFINE: deslocou 0.005 m da estimativa anterior
[INFO] [1789140391.460355, 844.771000]: [mission] olhal estimado em (0.200, 2.871, 0.804)
[INFO] [1789140391.473132, 844.775000]: State machine transitioning 'REFINE':'ok'-->'DEPLOY'
[INFO] [1789140391.477589, 844.776000]: [mission] DEPLOY: IK resolvida para a POSE DE MANIPULAÇÃO (0.19, 2.25, 1.56 rad), não para a atual
[INFO] [1789140447.392045, 862.732000]: [mission] DEPLOY: IK nivelada 0.0691 m, só eixo 0.0009 m — a MISSÃO INTEIRA usa "eixo"
[INFO] [1789140447.399506, 862.740000]: [mission] DEPLOY: IK da ponta resolvida (resíduo 0.0009 m, degrau 0.4°) — pré-posicionando em [ -7.3 -46.5  60.   79.6  -7.3] graus
[INFO] [1789140465.954802, 869.644000]: [mission] plano de exclusão publicado: parede em [ 1.000e-03  3.003e+00 -1.000e-03], normal segura [-0.009 -1.     0.   ]
[INFO] [1789140466.486615, 869.854000]: [mission] teto por postura ativo no drive: v<=0.24 w<=0.50 rampa 0.53/1.73
[INFO] [1789140477.361212, 873.954000]: [mission] DEPLOY/aproxima: alinhado, avançando (0.47 m)
[INFO] [1789140489.829760, 878.654000]: [mission] DEPLOY/aproxima: chegou, ajustando heading final
[INFO] [1789140505.262893, 884.454000]: [mission] DEPLOY/aproxima: concluído
[INFO] [1789140505.265089, 884.454000]: State machine transitioning 'DEPLOY':'ok'-->'MANIPULATE'
[INFO] [1789140505.268173, 884.456000]: [mission] fase "orienta": modo IK iterativa (YAML)
[INFO] [1789140505.278898, 884.462000]: [mission] âncora engatada (fase "orienta")
[INFO] [1789140518.239793, 889.321000]: [mission] fase "orienta" it0: ponta (0.290, 2.724, 0.811) erro=0.0042 | degrau eixo 0.6° | rolagem 2.2° | IK pediu [-18.7 -19.6   5.7 101.6 -13.9] | faltou [0. 0. 0. 0. 0.] graus
[INFO] [1789140518.248554, 889.328000]: [mission] âncora solta — 4 correções de deriva
[INFO] [1789140518.253142, 889.332000]: [mission] fase "orienta" alcançada em 1 iteração(ões) (0.0042 m) — âncora corrigiu 4 vez(es)
[INFO] [1789140519.561801, 889.842000]: [mission] fase "aproxima_lateral": modo IK iterativa (YAML)
[INFO] [1789140519.573222, 889.846000]: [mission] âncora engatada (fase "aproxima_lateral")
[INFO] [1789140529.188874, 893.396000]: [mission] fase "aproxima_lateral" it0: ponta (0.288, 2.879, 0.808) erro=0.0106 | degrau eixo 5.7° | rolagem 30.8° | IK pediu [-15.7 -11.3  -0.   70.6  -9.7] | faltou [ 0.  -0.4 -0.1  0.  -0. ] graus
[INFO] [1789140529.195951, 893.399000]: [mission] fase "aproxima_lateral" it0: no frame da parede eixo=-2.5 prof=+8.2 alt=+6.2 mm (tolerância 40/8/5)
[INFO] [1789140534.339975, 895.264000]: [mission] fase "aproxima_lateral" it1: ponta (0.292, 2.868, 0.813) erro=0.0035 | degrau eixo 5.4° | rolagem 29.5° | IK pediu [-16.3 -11.4   0.   73.  -10.2] | faltou [ 0.  -0.2 -0.5 -0.8  0. ] graus
[INFO] [1789140534.358674, 895.272000]: [mission] fase "aproxima_lateral" it1: no frame da parede eixo=+2.1 prof=-2.7 alt=+0.8 mm (tolerância 40/8/5)
[INFO] [1789140534.364634, 895.274000]: [mission] âncora solta — 3 correções de deriva
[INFO] [1789140534.369687, 895.276000]: [mission] fase "aproxima_lateral" alcançada em 2 iteração(ões) (0.0035 m) — âncora corrigiu 3 vez(es)
[INFO] [1789140535.770881, 895.786000]: [mission] fase "atravessa": modo IK iterativa (YAML)
[INFO] [1789140535.782056, 895.791000]: [mission] âncora engatada (fase "atravessa")
[INFO] [1789140541.313321, 897.886000]: [mission] fase "atravessa" it0: ponta (0.228, 2.875, 0.809) erro=0.0210 | degrau eixo 2.0° | rolagem 28.3° | IK pediu [ -9.4 -12.6   0.1  75.3  -4. ] | faltou [-1.7 -0.3 -0.4 -0.5 -0.3] graus
[INFO] [1789140541.351202, 897.890000]: [mission] fase "atravessa" it0: no frame da parede eixo=+19.9 prof=+4.4 alt=+5.1 mm (tolerância 8/6/5)
[INFO] [1789140546.173921, 899.606000]: [mission] fase "atravessa" it1: ponta (0.209, 2.868, 0.813) erro=0.0039 | degrau eixo 1.4° | rolagem 26.8° | IK pediu [ -8.3 -12.8   0.4  77.3  -2.9] | faltou [-1.3 -0.2 -0.6 -0.9 -0.2] graus
[INFO] [1789140546.185232, 899.610000]: [mission] fase "atravessa" it1: no frame da parede eixo=+1.2 prof=-3.6 alt=+0.9 mm (tolerância 8/6/5)
[INFO] [1789140546.209675, 899.612000]: [mission] âncora solta — 1 correções de deriva
[WARN] [1789140564.549755, 905.966000]: [mission] fase "destrava": descida estagnou em 14.0 mm (mín 10 para aceitar; alvo 18) — fim de curso do mecanismo, fechando a fase
[WARN] [1789140565.128366, 906.178000]: [mission] destrava: lingueta em 10.0 mm (esperado ≥ 12) — o gatilho pode não ter soltado
[WARN] [1789140617.635839, 924.411000]: [mission] RETRACT: ponta a 0.144 m do olhal — saindo em degraus: sobe 30 mm, 120 mm pelo eixo do furo, 100 mm para fora, antes de recolher
[INFO] [1789140546.236892, 899.618000]: [mission] fase "atravessa" alcançada em 2 iteração(ões) (0.0039 m) — âncora corrigiu 1 vez(es)
[INFO] [1789140547.734607, 900.124000]: [mission] fase "captura": modo IK iterativa (YAML)
[INFO] [1789140547.748031, 900.133000]: [mission] âncora engatada (fase "captura")
[INFO] [1789140552.707596, 901.933000]: [mission] fase "captura" it0: ponta (0.209, 2.875, 0.791) erro=0.0099 | degrau eixo 1.8° | rolagem 28.2° | IK pediu [ -8.9 -15.2  -0.1  78.   -3.5] | faltou [-0.8 -0.4 -0.3 -0.2  0.1] graus
[INFO] [1789140552.714450, 901.937000]: [mission] fase "captura" it0: no frame da parede eixo=+8.7 prof=+3.4 alt=+3.1 mm (tolerância 40/6/10)
[INFO] [1789140552.720151, 901.940000]: [mission] fase "captura" alcançada em 1 iteração(ões) (0.0099 m)
[INFO] [1789140552.752903, 901.951000]: [mission] captura: ponta registrada em eixo=-8.8 prof=-3.5 alt=-13.0 mm (zero da descida do destrava e da deriva de eixo)
[INFO] [1789140554.121044, 902.457000]: [mission] fase "destrava": alvo em altura relativo à captura: -33.0 mm (captura -13.0 − curso 18 − margem 2)
[INFO] [1789140554.126591, 902.459000]: [mission] fase "destrava": modo whole-body/Fuzzy (YAML)
[INFO] [1789140554.651149, 902.660000]: [mission] plano de exclusão publicado: parede em [ 1.000e-03  3.003e+00 -1.000e-03], normal segura [-0.009 -1.     0.   ]
[INFO] [1789140555.501048, 902.965000]: [mission] fase "destrava": whole-body assumiu (base livre, restrita pelo plano de exclusão)
[INFO] [1789140555.505379, 902.966000]: [mission] fase "destrava": whole-body a 0.0206 m do alvo — eixo=+8.8 prof=+3.6 alt=-18.3 mm
[INFO] [1789140561.957590, 905.066000]: [mission] fase "destrava": whole-body a 0.0108 m do alvo — eixo=+8.5 prof=-2.8 alt=-6.1 mm
[INFO] [1789140565.125075, 906.177000]: [mission] destrava: ponta desceu 14.0 mm desde a captura (critério observável) | lingueta 10.0 mm (só na simulação)
[INFO] [1789140566.463498, 906.678000]: [mission] fase "libera": modo whole-body/Fuzzy (YAML)
[INFO] [1789140567.009365, 906.879000]: [mission] plano de exclusão publicado: parede em [ 1.000e-03  3.003e+00 -1.000e-03], normal segura [-0.009 -1.     0.   ]
[INFO] [1789140567.920847, 907.180000]: [mission] fase "libera": whole-body assumiu (base livre, restrita pelo plano de exclusão)
[INFO] [1789140567.925551, 907.181000]: [mission] fase "libera": whole-body a 0.0288 m do alvo — eixo=+8.5 prof=+27.4 alt=+2.4 mm
[INFO] [1789140574.484986, 909.281000]: [mission] fase "libera": whole-body a 0.0223 m do alvo — eixo=+8.4 prof=+20.2 alt=+4.2 mm
[INFO] [1789140580.649196, 911.382000]: [mission] fase "libera": whole-body a 0.0218 m do alvo — eixo=+8.4 prof=+19.8 alt=+3.6 mm
[INFO] [1789140587.215830, 913.481000]: [mission] fase "libera": whole-body a 0.0170 m do alvo — eixo=+8.7 prof=-12.9 alt=+6.9 mm
[INFO] [1789140593.231690, 915.581000]: [mission] fase "libera": whole-body a 0.0105 m do alvo — eixo=+9.0 prof=-3.3 alt=-4.3 mm
[INFO] [1789140593.876015, 915.781000]: [mission] fase "libera" alcançada por whole-body em 8.6s (0.0098 m) — no frame da parede eixo=+8.9 prof=-0.8 alt=-3.9 mm (tolerância 40/8/6)
[INFO] [1789140596.034153, 916.486000]: [mission] fase "arco1"/puxa: RECUANDO 0.022 m só com as rodas
[INFO] [1789140597.238593, 916.940000]: [mission] fase "arco1"/puxa: concluído (0.025 m)
[INFO] [1789140597.243502, 916.943000]: [mission] fase "arco1": modo whole-body/Fuzzy (YAML)
[INFO] [1789140597.782869, 917.145000]: [mission] plano de exclusão publicado: parede em [ 1.000e-03  3.003e+00 -1.000e-03], normal segura [-0.009 -1.     0.   ]
[INFO] [1789140598.633404, 917.448000]: [mission] fase "arco1": whole-body assumiu (base livre, restrita pelo plano de exclusão)
[INFO] [1789140599.237416, 917.649000]: [mission] fase "arco1": whole-body a 0.0092 m do alvo — eixo=+8.8 prof=+2.0 alt=-1.7 mm
[INFO] [1789140599.790427, 917.849000]: [mission] fase "arco1" alcançada por whole-body em 0.4s (0.0089 m) — no frame da parede eixo=+8.8 prof=+0.9 alt=-1.3 mm (tolerância 40/10/15)
[INFO] [1789140599.793786, 917.849000]: [mission] arco1: SOLTURA observável — recuo 54.4 mm desde a captura (mín 40) com deriva de eixo -0.0 mm → SOLTA
[INFO] [1789140600.358382, 918.062000]: [mission] waypoint de 15° — lâmina medida em 14.4° (abertura por CONTATO)
[INFO] [1789140601.701875, 918.566000]: [mission] fase "arco2"/puxa: RECUANDO 0.048 m só com as rodas
[INFO] [1789140604.051662, 919.469000]: [mission] fase "arco2"/puxa: concluído (0.049 m)
[INFO] [1789140604.057830, 919.473000]: [mission] fase "arco2": modo whole-body/Fuzzy (YAML)
[INFO] [1789140604.594451, 919.678000]: [mission] plano de exclusão publicado: parede em [ 1.000e-03  3.003e+00 -1.000e-03], normal segura [-0.009 -1.     0.   ]
[INFO] [1789140605.490713, 919.980000]: [mission] fase "arco2": whole-body assumiu (base livre, restrita pelo plano de exclusão)
[INFO] [1789140605.493851, 919.980000]: [mission] fase "arco2": whole-body a 0.0144 m do alvo — eixo=+9.1 prof=-3.0 alt=-10.7 mm
[INFO] [1789140606.815718, 920.380000]: [mission] fase "arco2" alcançada por whole-body em 0.4s (0.0158 m) — no frame da parede eixo=+9.1 prof=-6.7 alt=-11.1 mm (tolerância 40/10/15)
[INFO] [1789140607.522075, 920.588000]: [mission] waypoint de 30° — lâmina medida em 30.0° (abertura por CONTATO)
[INFO] [1789140608.893014, 921.089000]: [mission] fase "desengata": modo IK iterativa (YAML)
[INFO] [1789140608.904096, 921.092000]: [mission] âncora engatada (fase "desengata")
[INFO] [1789140615.300140, 923.489000]: [mission] fase "desengata" it0: ponta (0.291, 2.777, 0.747) erro=0.0086 | degrau eixo 5.6° | rolagem 32.8° | IK pediu [-15.2 -19.   -0.   77.1  -9.1] | faltou [ 0.  -0.2 -0.4 -0.5 -0. ] graus
[INFO] [1789140615.307327, 923.494000]: [mission] fase "desengata" alcançada em 1 iteração(ões) (0.0086 m)
[INFO] [1789140616.584691, 924.007000]: [mission] MANIPULATE concluída — chave ABERTA, lâmina medida em 29.8°
[INFO] [1789140616.591115, 924.010000]: State machine transitioning 'MANIPULATE':'done'-->'RETRACT'
[INFO] [1789140617.647741, 924.416000]: [mission] âncora engatada (fase "saida_sobe")
[INFO] [1789140622.959733, 926.232000]: [mission] fase "saida_sobe" it0: ponta (0.296, 2.782, 0.771) erro=0.0086 | degrau eixo 5.6° | rolagem 31.6° | IK pediu [-15.2 -16.2   0.   75.1  -9.5] | faltou [ 0.  -0.4 -0.3 -0.2  0. ] graus
[INFO] [1789140622.966384, 926.233000]: [mission] fase "saida_sobe" it0: no frame da parede eixo=+3.4 prof=+4.9 alt=+6.2 mm (tolerância 30/20/10)
[INFO] [1789140622.969683, 926.235000]: [mission] fase "saida_sobe" alcançada em 1 iteração(ões) (0.0086 m)
[INFO] [1789140622.979222, 926.237000]: [mission] âncora engatada (fase "saida_eixo")
[INFO] [1789140628.744430, 928.466000]: [mission] fase "saida_eixo" it0: ponta (0.415, 2.778, 0.771) erro=0.0066 | degrau eixo 12.3° | rolagem 37.8° | IK pediu [-24.2 -13.4  -0.   65.7 -16.7] | faltou [ 0.2 -0.3 -0.4 -0.6 -0. ] graus
[INFO] [1789140628.751256, 928.468000]: [mission] fase "saida_eixo" it0: no frame da parede eixo=+1.9 prof=+2.7 alt=+5.8 mm (tolerância 20/20/15)
[INFO] [1789140628.756295, 928.473000]: [mission] fase "saida_eixo" alcançada em 1 iteração(ões) (0.0066 m)
[INFO] [1789140628.771050, 928.481000]: [mission] âncora engatada (fase "saida_fora")
[INFO] [1789140637.512100, 931.646000]: [mission] fase "saida_fora" it0: ponta (0.412, 2.680, 0.773) erro=0.0054 | degrau eixo 7.4° | rolagem 19.1° | IK pediu [-27.3 -19.6  -0.   90.9 -22.7] | faltou [-0.  -0.1 -0.7 -1.2 -0. ] graus
[INFO] [1789140637.518164, 931.651000]: [mission] fase "saida_fora" it0: no frame da parede eixo=+0.6 prof=+4.0 alt=+3.6 mm (tolerância 30/20/20)
[INFO] [1789140637.521179, 931.652000]: [mission] fase "saida_fora" alcançada em 1 iteração(ões) (0.0054 m)
[INFO] [1789140637.524091, 931.653000]: [mission] RETRACT/afasta: RECUANDO 0.250 m só com as rodas
[INFO] [1789140648.976543, 936.004000]: [mission] RETRACT/afasta: concluído (0.251 m)
[INFO] [1789140648.984036, 936.007000]: [mission] postura "stow_home" comandada: [0.0, 1.13, -1.04, -1.8, 0.0]
[INFO] [1789140678.925238, 947.309000]: State machine transitioning 'RETRACT':'ok'-->'RETURN'
[WARN] [1789140720.237960, 962.967000]: [mission] RETURN: pose da base com 0.4 s — parado esperando o estimador
[WARN] [1789140728.100790, 965.816000]: [mission] RETURN: pose da base com 0.4 s — parado esperando o estimador
[INFO] [1789140678.933562, 947.313000]: [mission] RETURN — voltando a (-0.00, 1.00, 0.01 rad)
[INFO] [1789140715.190701, 961.116000]: [mission] RETURN: alinhado, avançando (1.06 m)
[INFO] [1789140715.353282, 961.166000]: [mission] teto por postura ativo no drive: v<=0.23 w<=0.50 rampa 0.51/1.51
[INFO] [1789140731.562328, 967.019000]: [mission] teto por postura ativo no drive: v<=0.23 w<=0.50 rampa 0.51/1.52
[INFO] [1789140743.825077, 971.766000]: [mission] RETURN: chegou, ajustando heading final
[INFO] [1789140760.337244, 978.216000]: [mission] RETURN: concluído
[INFO] [1789140760.355094, 978.218000]: State machine terminating 'RETURN':'home':'MISSION_OK'
[INFO] [1789140760.373482, 978.219000]: [mission] resultado: MISSION_OK
... logging to /home/robo/.ros/log/2cc3653c-adf0-11f1-8a6c-3413e824a1df/roslaunch-b166er-nuc-28262.log
Checking log directory for disk usage. This may take a while.
Press Ctrl-C to interrupt
Done checking log file disk usage. Usage is <1GB.
]2;/home/robo/b166er/src/b166er_whole_body_control/launch/chave_mission.launch
[1mstarted roslaunch server http://b166er-nuc:46605/[0m

SUMMARY
========

PARAMETERS
 * /chave_mission/estado_final: 
 * /chave_mission/estado_inicial: STOW_INIT
 * /chave_mission/pausa_por_fase: False
 * /chave_mission/search_omega: 0.35
 * /chave_mission/standoff_distance: 0.62
 * /chave_mission/use_wholebody: False
 * /chave_seccionadora_task/aproxima_lateral/modo: ik
 * /chave_seccionadora_task/aproxima_lateral/offset_xyz_m: [-0.09, 0.0, 0.01]
 * /chave_seccionadora_task/aproxima_lateral/tol_xyz_m: [0.04, 0.008, 0.005]
 * /chave_seccionadora_task/arco1/blade_angle_deg: 15
 * /chave_seccionadora_task/arco1/deriva_eixo_max_m: 0.015
 * /chave_seccionadora_task/arco1/modo: wb
 * /chave_seccionadora_task/arco1/offset_xyz_m: [0.0, 0.0518, -0....
 * /chave_seccionadora_task/arco1/soltura_recuo_min_m: 0.04
 * /chave_seccionadora_task/arco1/tol_xyz_m: [0.04, 0.01, 0.015]
 * /chave_seccionadora_task/arco2/blade_angle_deg: 30
 * /chave_seccionadora_task/arco2/deriva_eixo_max_m: 0.015
 * /chave_seccionadora_task/arco2/modo: wb
 * /chave_seccionadora_task/arco2/offset_xyz_m: [0.0, 0.1, -0.0518]
 * /chave_seccionadora_task/arco2/tol_xyz_m: [0.04, 0.01, 0.015]
 * /chave_seccionadora_task/atravessa/modo: ik
 * /chave_seccionadora_task/atravessa/offset_xyz_m: [-0.008, 0.0, 0.01]
 * /chave_seccionadora_task/atravessa/tol_xyz_m: [0.008, 0.006, 0....
 * /chave_seccionadora_task/captura/modo: ik
 * /chave_seccionadora_task/captura/offset_xyz_m: [0.0, 0.0, -0.01]
 * /chave_seccionadora_task/captura/tol_xyz_m: [0.04, 0.006, 0.01]
 * /chave_seccionadora_task/desengata/modo: ik
 * /chave_seccionadora_task/desengata/offset_xyz_m: [-0.09, 0.1, -0.0...
 * /chave_seccionadora_task/destrava/curso_estagna_m: 0.01
 * /chave_seccionadora_task/destrava/curso_margem_m: 0.002
 * /chave_seccionadora_task/destrava/curso_min_m: 0.018
 * /chave_seccionadora_task/destrava/modo: wb
 * /chave_seccionadora_task/destrava/offset_xyz_m: [0.0, 0.0, -0.025]
 * /chave_seccionadora_task/destrava/tol_xyz_m: [0.04, 0.006, 0.004]
 * /chave_seccionadora_task/libera/deriva_eixo_max_m: 0.015
 * /chave_seccionadora_task/libera/modo: wb
 * /chave_seccionadora_task/libera/offset_xyz_m: [0.0, 0.03, -0.025]
 * /chave_seccionadora_task/libera/tol_xyz_m: [0.04, 0.008, 0.006]
 * /chave_seccionadora_task/orienta/modo: ik
 * /chave_seccionadora_task/orienta/offset_xyz_m: [-0.09, 0.15, 0.0...
 * /chave_seccionadora_task/reassenta_sobe/tol_xyz_m: [0.03, 0.02, 0.005]
 * /chave_seccionadora_task/saida_eixo/tol_xyz_m: [0.02, 0.02, 0.015]
 * /chave_seccionadora_task/saida_fora/tol_xyz_m: [0.03, 0.02, 0.02]
 * /chave_seccionadora_task/saida_sobe/tol_xyz_m: [0.03, 0.02, 0.01]
 * /chave_seccionadora_task/target_frame: chave_olhal_link
 * /fuzzy_wb_controller/fixed_gains: []
 * /rosdistro: noetic
 * /rosversion: 1.17.4

NODES
  /
    chave_mission (b166er_whole_body_control/chave_mission.py)

[1mROS_MASTER_URI=http://localhost:11311[0m
]2;/home/robo/b166er/src/b166er_whole_body_control/launch/chave_mission.launch http://localhost:11311
[1mprocess[chave_mission-1]: started with pid [28286][0m
[1m[chave_mission-1] process has finished cleanly
log file: /home/robo/.ros/log/2cc3653c-adf0-11f1-8a6c-3413e824a1df/chave_mission-1*.log[0m
all processes on machine have died, roslaunch will exit
shutting down processing monitor...
... shutting down processing monitor complete
[1mdone[0m
