[31mWARNING: disk usage in log directory [/home/marco/.ros/log] is over 1GB.
It's recommended that you use the 'rosclean' command.[0m
the rosdep view is empty: call 'sudo rosdep init' and 'rosdep update'
[WARN] [1791464330.484279, 75.623000]: [mission] SEARCH: ajuste não convergiu em 8s (raio 0.61) — amostrando assim mesmo
[WARN] [1791464342.527241, 87.463000]: [mission] SEARCH: 14 de 25 amostras descartadas como outlier (>0.15 m ou >0.20 rad da mediana)
[WARN] [1791464342.582248, 87.519000]: [mission] SEARCH: laser discorda demais da tag (profundidade -68 mm, yaw -10.0°) — parede fica pela tag
[INFO] [1791464311.061105, 56.600000]: garra_dx = 0.000 m (fechada)
[INFO] [1791464311.213474, 56.751000]: State machine starting in initial state 'HOME' with userdata: 
	[]
[INFO] [1791464311.417336, 56.954000]: [mission] pose de partida registrada: (0.01, 1.00, -0.00 rad)
[INFO] [1791464311.423343, 56.959000]: [mission] HOME: homing pelos fins de curso (J4, J3, J2)
[INFO] [1791464313.158902, 58.660000]: [mission] HOME: braço nos fins de curso — partindo daqui para o SEARCH
[INFO] [1791464313.161478, 58.662000]: State machine transitioning 'HOME':'ok'-->'SEARCH'
[INFO] [1791464313.164826, 58.665000]: [mission] postura "search" comandada: [0.0, 1.0, -1.0, 0.0, 0.0]
[INFO] [1791464321.040541, 66.368000]: [mission] SEARCH — girando à procura da tag...
[INFO] [1791464321.042989, 66.370000]: [mission] SEARCH: amostra quando a tag estiver a raio 0.35-0.50 do quadro (vista oblíqua; omega fina 0.15 rad/s)
[INFO] [1791464322.273987, 67.572000]: [mission] SEARCH: tag a raio 0.97 — girando até <= 0.50
[INFO] [1791464330.486860, 75.625000]: [mission] tag avistada — parando para medir
[INFO] [1791464331.531687, 76.634000]: [mission] âncora engatada (coleta do SEARCH)
[INFO] [1791464331.533130, 76.636000]: [mission] SEARCH: coleta com dither ±0.05 rad/s (período 3.0 s)
[INFO] [1791464342.502749, 87.442000]: [mission] âncora solta — 20 correções de deriva
[INFO] [1791464342.504126, 87.444000]: [mission] SEARCH: âncora corrigiu a deriva 20 vez(es) durante a coleta
[INFO] [1791464342.529337, 87.466000]: [mission] SEARCH: 11 amostras — parede (0.013, 2.931, -0.001) yaw=-2.961
[INFO] [1791464342.583654, 87.521000]: [mission] parede localizada em (0.013, 2.931, -0.001)
[INFO] [1791464342.590072, 87.527000]: State machine transitioning 'SEARCH':'found'-->'APPROACH'
[INFO] [1791464342.592230, 87.529000]: [mission] APPROACH etapa 1/2 — 1.30 m do olhal, alvo (0.47, 1.56, 1.75 rad)
[INFO] [1791464343.828112, 88.731000]: [mission] APPROACH: alinhado, avançando (0.75 m)
[INFO] [1791464343.879605, 88.781000]: [mission] teto por postura ativo no drive: v<=0.18 w<=0.50 rampa 0.46/1.51
[INFO] [1791464350.146547, 94.931000]: [mission] APPROACH: chegou, ajustando heading final
[INFO] [1791464350.196756, 94.981000]: [mission] teto por postura ativo no drive: v<=0.18 w<=0.50 rampa 0.46/1.51
[INFO] [1791464351.974236, 96.731000]: [mission] APPROACH: concluído
[INFO] [1791464352.999070, 97.736000]: [mission] âncora engatada (coleta do APPROACH/remedida)
[INFO] [1791464353.000267, 97.737000]: [mission] APPROACH/remedida: coleta com dither ±0.05 rad/s (período 3.0 s)
[INFO] [1791464354.245219, 98.965000]: [mission] âncora solta — 1 correções de deriva
[INFO] [1791464354.246783, 98.967000]: [mission] APPROACH/remedida: âncora corrigiu a deriva 1 vez(es) durante a coleta
[INFO] [1791464354.249582, 98.969000]: [mission] APPROACH/remedida: 10 amostras — parede (0.005, 3.033, -0.002) yaw=3.061
[INFO] [1791464354.301747, 99.021000]: [mission] APPROACH/remedida: parede pelo LASER — 69 pontos, resíduo 5.1 mm: profundidade +33.1 mm e yaw +4.82° em relação à tag → parede (0.005, 3.000, -0.002) yaw=-3.138
[INFO] [1791464354.303738, 99.023000]: [mission] APPROACH etapa 2/2 — 0.88 m do olhal, alvo (0.38, 1.99, 1.57 rad)
[INFO] [1791464355.117931, 99.826000]: [mission] APPROACH: alinhado, avançando (0.53 m)
[INFO] [1791464355.331966, 100.027000]: [mission] teto por postura ativo no drive: v<=0.18 w<=0.50 rampa 0.46/1.51
[INFO] [1791464360.117676, 104.726000]: [mission] APPROACH: chegou, ajustando heading final
[INFO] [1791464362.783013, 107.326000]: [mission] APPROACH: concluído
[INFO] [1791464362.790520, 107.333000]: State machine transitioning 'APPROACH':'arrived'-->'REFINE'
[INFO] [1791464362.793530, 107.336000]: [mission] REFINE — remedindo a parede de perto (10 amostras)
[INFO] [1791464362.799382, 107.341000]: [mission] âncora engatada (coleta do REFINE)
[INFO] [1791464362.801816, 107.343000]: [mission] REFINE: coleta com dither ±0.05 rad/s (período 3.0 s)
[INFO] [1791464363.949645, 108.472000]: [mission] âncora solta — 2 correções de deriva
[INFO] [1791464363.951659, 108.474000]: [mission] REFINE: âncora corrigiu a deriva 2 vez(es) durante a coleta
[INFO] [1791464363.953336, 108.475000]: [mission] REFINE: 10 amostras — parede (0.003, 3.009, -0.001) yaw=3.125
[INFO] [1791464364.007122, 108.526000]: [mission] REFINE: parede pelo LASER — 96 pontos, resíduo 5.2 mm: profundidade +9.9 mm e yaw +1.12° em relação à tag → parede (0.003, 2.999, -0.001) yaw=-3.139
[INFO] [1791464364.008780, 108.528000]: [mission] REFINE: deslocou 0.002 m da estimativa anterior
[INFO] [1791464364.011428, 108.530000]: [mission] olhal estimado em (0.203, 2.870, 0.804)
[INFO] [1791464364.018675, 108.537000]: State machine transitioning 'REFINE':'ok'-->'DEPLOY'
[INFO] [1791464364.022055, 108.540000]: [mission] DEPLOY: IK resolvida para a POSE DE MANIPULAÇÃO (0.20, 2.25, 1.57 rad), não para a atual
[INFO] [1791464368.981060, 113.324000]: [mission] DEPLOY: IK nivelada 0.0711 m, só eixo 0.0014 m — a MISSÃO INTEIRA usa "eixo"
[INFO] [1791464368.982909, 113.474000]: [mission] DEPLOY: IK da ponta resolvida (resíduo 0.0014 m, degrau 0.4°) — pré-posicionando em [-10.9 -46.6  60.   78.5 -10.9] graus
[INFO] [1791464379.914157, 124.176000]: [mission] plano de exclusão publicado: parede em [ 3.000e-03  2.999e+00 -1.000e-03], normal segura [ 0.003 -1.     0.   ]
[INFO] [1791464380.131906, 124.389000]: [mission] teto por postura ativo no drive: v<=0.26 w<=0.50 rampa 0.55/1.61
[INFO] [1791464383.081786, 127.288000]: [mission] DEPLOY/aproxima: alinhado, avançando (0.37 m)
[INFO] [1791464386.920098, 131.039000]: [mission] DEPLOY/aproxima: chegou, ajustando heading final
[INFO] [1791464386.969523, 131.088000]: [mission] teto por postura ativo no drive: v<=0.25 w<=0.50 rampa 0.55/1.61
[INFO] [1791464392.290653, 136.288000]: [mission] DEPLOY/aproxima: concluído
[INFO] [1791464392.292038, 136.289000]: State machine transitioning 'DEPLOY':'ok'-->'MANIPULATE'
[INFO] [1791464392.294622, 136.291000]: [mission] fase "orienta": modo IK iterativa (YAML)
[INFO] [1791464392.300749, 136.298000]: [mission] âncora engatada (fase "orienta")
[INFO] [1791464402.696051, 146.457000]: [mission] fase "orienta" it0: ponta (0.300, 2.720, 0.811) erro=0.0069 | degrau eixo 1.0° | rolagem 1.1° | IK pediu [-17.5 -18.2   2.6 101.3 -13.1] | faltou [-0.2 -2.5  5.2 -3.1 -0.1] graus
[INFO] [1791464402.701151, 146.462000]: [mission] âncora solta — 5 correções de deriva
[INFO] [1791464402.703765, 146.466000]: [mission] fase "orienta" alcançada em 1 iteração(ões) (0.0069 m) — âncora corrigiu 5 vez(es)
[INFO] [1791464403.223379, 146.976000]: [mission] fase "aproxima_lateral": modo IK iterativa (YAML)
[INFO] [1791464403.225696, 146.978000]: [mission] âncora engatada (fase "aproxima_lateral")
[INFO] [1791464410.237046, 153.820000]: [mission] fase "aproxima_lateral" it0: ponta (0.303, 2.862, 0.814) erro=0.0095 | degrau eixo 5.6° | rolagem 5.5° | IK pediu [-14.5 -11.4  -0.   69.8  -9.1] | faltou [-0.3  2.  -4.5  2.5  0.1] graus
[INFO] [1791464410.239052, 153.822000]: [mission] fase "aproxima_lateral" it0: no frame da parede eixo=+9.5 prof=+0.3 alt=-0.2 mm (tolerância 40/8/5)
[INFO] [1791464410.240713, 153.824000]: [mission] âncora solta — 2 correções de deriva
[INFO] [1791464410.242137, 153.825000]: [mission] fase "aproxima_lateral" alcançada em 1 iteração(ões) (0.0095 m) — âncora corrigiu 2 vez(es)
[INFO] [1791464410.753539, 154.330000]: [mission] fase "atravessa": modo IK iterativa (YAML)
[INFO] [1791464410.761003, 154.336000]: [mission] âncora engatada (fase "atravessa")
[INFO] [1791464415.614055, 159.042000]: [mission] fase "atravessa" it0: ponta (0.218, 2.865, 0.813) erro=0.0072 | degrau eixo 2.0° | rolagem 2.0° | IK pediu [ -7.3 -12.   -0.7  74.   -3.7] | faltou [0. 0. 0. 0. 0.] graus
[INFO] [1791464415.617350, 159.044000]: [mission] fase "atravessa" it0: no frame da parede eixo=+6.5 prof=+2.8 alt=+0.9 mm (tolerância 8/6/5)
[INFO] [1791464415.620600, 159.049000]: [mission] âncora solta — 1 correções de deriva
[INFO] [1791464415.623609, 159.052000]: [mission] fase "atravessa" alcançada em 1 iteração(ões) (0.0072 m) — âncora corrigiu 1 vez(es)
[WARN] [1791464422.227551, 165.526000]: [mission] fase "destrava": descida estagnou em 16.5 mm (mín 10 para aceitar; alvo 18) — fim de curso do mecanismo, fechando a fase
[WARN] [1791464438.924969, 181.843000]: [mission] RETRACT: ponta a 0.142 m do olhal — saindo em degraus: sobe 30 mm, 120 mm pelo eixo do furo, 100 mm para fora, antes de recolher
[INFO] [1791464416.135543, 159.559000]: [mission] fase "captura": modo IK iterativa (YAML)
[INFO] [1791464416.141436, 159.564000]: [mission] âncora engatada (fase "captura")
[INFO] [1791464418.751009, 162.110000]: [mission] fase "captura" it0: ponta (0.209, 2.873, 0.791) erro=0.0072 | degrau eixo 1.9° | rolagem 1.9° | IK pediu [ -6.  -14.2  -0.4  73.9  -3.2] | faltou [0. 0. 0. 0. 0.] graus
[INFO] [1791464418.754032, 162.113000]: [mission] fase "captura" it0: no frame da parede eixo=+5.6 prof=+3.5 alt=+2.9 mm (tolerância 8/6/10)
[INFO] [1791464418.755116, 162.114000]: [mission] fase "captura" alcançada em 1 iteração(ões) (0.0072 m)
[INFO] [1791464418.758897, 162.118000]: [mission] captura: ponta registrada em eixo=-5.6 prof=-3.5 alt=-12.9 mm (zero da descida do destrava e da deriva de eixo)
[INFO] [1791464419.268466, 162.619000]: [mission] fase "destrava": alvo em altura relativo à captura: -32.9 mm (captura -12.9 − curso 18 − margem 2)
[INFO] [1791464419.270396, 162.620000]: [mission] fase "destrava": modo whole-body/Fuzzy (YAML)
[INFO] [1791464419.477647, 162.823000]: [mission] plano de exclusão publicado: parede em [ 3.000e-03  2.999e+00 -1.000e-03], normal segura [ 0.003 -1.     0.   ]
[INFO] [1791464419.784851, 163.126000]: [mission] fase "destrava": whole-body assumiu (base livre, restrita pelo plano de exclusão)
[INFO] [1791464419.786113, 163.127000]: [mission] fase "destrava": whole-body a 0.0171 m do alvo — eixo=+5.6 prof=+3.6 alt=-15.8 mm
[INFO] [1791464421.915507, 165.226000]: [mission] fase "destrava": whole-body a 0.0067 m do alvo — eixo=+5.4 prof=-1.9 alt=-3.5 mm
[INFO] [1791464422.443069, 165.736000]: [mission] destrava: ponta desceu 16.7 mm desde a captura (critério observável) | lingueta 13.1 mm (só na simulação)
[INFO] [1791464422.444285, 165.737000]: [mission] destrava: lingueta em 13.1 mm — gatilho solto
[INFO] [1791464422.956150, 166.238000]: [mission] fase "libera": modo whole-body/Fuzzy (YAML)
[INFO] [1791464423.159221, 166.439000]: [mission] plano de exclusão publicado: parede em [ 3.000e-03  2.999e+00 -1.000e-03], normal segura [ 0.003 -1.     0.   ]
[INFO] [1791464423.466550, 166.741000]: [mission] fase "libera": whole-body assumiu (base livre, restrita pelo plano de exclusão)
[INFO] [1791464423.988610, 167.242000]: [mission] fase "libera": whole-body a 0.0235 m do alvo — eixo=+5.4 prof=+22.1 alt=+5.9 mm
[INFO] [1791464425.932069, 169.142000]: [mission] fase "libera" alcançada por whole-body em 2.4s (0.0064 m) — no frame da parede eixo=+5.3 prof=-2.0 alt=-3.1 mm (tolerância 40/8/6)
[INFO] [1791464426.673790, 169.850000]: [mission] fase "arco1"/puxa: RECUANDO 0.022 m só com as rodas
[INFO] [1791464427.194215, 170.352000]: [mission] fase "arco1"/puxa: concluído (0.026 m)
[INFO] [1791464427.197034, 170.354000]: [mission] fase "arco1": modo whole-body/Fuzzy (YAML)
[INFO] [1791464427.402201, 170.557000]: [mission] plano de exclusão publicado: parede em [ 3.000e-03  2.999e+00 -1.000e-03], normal segura [ 0.003 -1.     0.   ]
[INFO] [1791464427.721201, 170.859000]: [mission] fase "arco1": whole-body assumiu (base livre, restrita pelo plano de exclusão)
[INFO] [1791464427.722868, 170.860000]: [mission] fase "arco1": whole-body a 0.0083 m do alvo — eixo=+5.3 prof=-4.0 alt=-5.0 mm
[INFO] [1791464428.129272, 171.260000]: [mission] fase "arco1" alcançada por whole-body em 0.4s (0.0054 m) — no frame da parede eixo=+5.3 prof=-0.8 alt=-0.9 mm (tolerância 40/10/15)
[INFO] [1791464428.130146, 171.261000]: [mission] arco1: SOLTURA observável — recuo 56.1 mm desde a captura (mín 40) com deriva de eixo +0.4 mm → SOLTA
[INFO] [1791464428.338932, 171.468000]: [mission] waypoint de 15° — lâmina medida em 15.3° (abertura por CONTATO)
[INFO] [1791464428.854116, 171.971000]: [mission] fase "arco2"/puxa: RECUANDO 0.048 m só com as rodas
[INFO] [1791464429.776316, 172.872000]: [mission] fase "arco2"/puxa: concluído (0.049 m)
[INFO] [1791464429.777965, 172.873000]: [mission] fase "arco2": modo whole-body/Fuzzy (YAML)
[INFO] [1791464429.983874, 173.076000]: [mission] plano de exclusão publicado: parede em [ 3.000e-03  2.999e+00 -1.000e-03], normal segura [ 0.003 -1.     0.   ]
[INFO] [1791464430.292651, 173.380000]: [mission] fase "arco2": whole-body assumiu (base livre, restrita pelo plano de exclusão)
[INFO] [1791464430.295964, 173.383000]: [mission] fase "arco2": whole-body a 0.0142 m do alvo — eixo=+5.1 prof=+5.0 alt=-12.3 mm
[INFO] [1791464430.698177, 173.782000]: [mission] fase "arco2" alcançada por whole-body em 0.4s (0.0071 m) — no frame da parede eixo=+5.1 prof=+1.9 alt=-4.5 mm (tolerância 40/10/15)
[INFO] [1791464430.908250, 173.989000]: [mission] waypoint de 30° — lâmina medida em 31.0° (abertura por CONTATO)
[INFO] [1791464431.417529, 174.490000]: [mission] fase "desengata": modo IK iterativa (YAML)
[INFO] [1791464431.420915, 174.493000]: [mission] âncora engatada (fase "desengata")
[INFO] [1791464437.983861, 180.919000]: [mission] fase "desengata" it0: ponta (0.294, 2.773, 0.753) erro=0.0028 | degrau eixo 6.3° | rolagem 6.3° | IK pediu [-10.6 -19.5  -0.   77.7 -10.3] | faltou [ 0.   0.5 -1.1  0.6 -0. ] graus
[INFO] [1791464437.988166, 180.924000]: [mission] âncora solta — 4 correções de deriva
[INFO] [1791464437.990618, 180.927000]: [mission] fase "desengata" alcançada em 1 iteração(ões) (0.0028 m) — âncora corrigiu 4 vez(es)
[INFO] [1791464438.513919, 181.438000]: [mission] MANIPULATE concluída — chave ABERTA, lâmina medida em 31.0°
[INFO] [1791464438.516132, 181.440000]: State machine transitioning 'MANIPULATE':'done'-->'RETRACT'
[INFO] [1791464438.934055, 181.852000]: [mission] âncora engatada (fase "saida_sobe")
[INFO] [1791464441.599422, 184.459000]: [mission] fase "saida_sobe" it0: ponta (0.295, 2.776, 0.784) erro=0.0020 | degrau eixo 6.0° | rolagem 6.0° | IK pediu [-10.6 -16.1  -0.   76.4 -10.6] | faltou [0. 0. 0. 0. 0.] graus
[INFO] [1791464441.601425, 184.461000]: [mission] fase "saida_sobe" it0: no frame da parede eixo=+0.6 prof=+1.7 alt=-0.9 mm (tolerância 30/20/10)
[INFO] [1791464441.602683, 184.462000]: [mission] âncora solta — 1 correções de deriva
[INFO] [1791464441.603686, 184.463000]: [mission] fase "saida_sobe" alcançada em 1 iteração(ões) (0.0020 m) — âncora corrigiu 1 vez(es)
[INFO] [1791464441.606922, 184.467000]: [mission] âncora engatada (fase "saida_eixo")
[INFO] [1791464448.030886, 190.762000]: [mission] fase "saida_eixo" it0: ponta (0.418, 2.776, 0.783) erro=0.0045 | degrau eixo 12.6° | rolagem 12.6° | IK pediu [-19.9 -13.7   0.   67.4 -17.6] | faltou [-0.3  1.2 -2.7  1.4  0. ] graus
[INFO] [1791464448.035103, 190.766000]: [mission] fase "saida_eixo" it0: no frame da parede eixo=+4.0 prof=+2.0 alt=-0.1 mm (tolerância 20/20/15)
[INFO] [1791464448.037499, 190.768000]: [mission] âncora solta — 4 correções de deriva
[INFO] [1791464448.038767, 190.769000]: [mission] fase "saida_eixo" alcançada em 1 iteração(ões) (0.0045 m) — âncora corrigiu 4 vez(es)
[INFO] [1791464448.041701, 190.772000]: [mission] âncora engatada (fase "saida_fora")
[INFO] [1791464451.716464, 194.376000]: [mission] fase "saida_fora" it0: ponta (0.414, 2.677, 0.783) erro=0.0026 | degrau eixo 7.2° | rolagem 7.2° | IK pediu [-23.3 -19.4  -0.   92.1 -24.1] | faltou [0. 0. 0. 0. 0.] graus
[INFO] [1791464451.718381, 194.378000]: [mission] fase "saida_fora" it0: no frame da parede eixo=-0.7 prof=+2.5 alt=-0.2 mm (tolerância 30/20/20)
[INFO] [1791464451.719573, 194.379000]: [mission] âncora solta — 2 correções de deriva
[INFO] [1791464451.720397, 194.380000]: [mission] fase "saida_fora" alcançada em 1 iteração(ões) (0.0026 m) — âncora corrigiu 2 vez(es)
[INFO] [1791464451.721181, 194.381000]: [mission] RETRACT/afasta: RECUANDO 0.250 m só com as rodas
[INFO] [1791464456.253714, 198.832000]: [mission] RETRACT/afasta: concluído (0.251 m)
[INFO] [1791464456.256802, 198.834000]: [mission] postura "stow_home" comandada: [0.0, 1.1, -1.04, -1.8, 0.0]
[INFO] [1791464472.588568, 214.838000]: State machine transitioning 'RETRACT':'ok'-->'RETURN'
[INFO] [1791464472.592331, 214.841000]: [mission] RETURN — voltando a (0.01, 1.00, -0.00 rad)
[INFO] [1791464487.597974, 229.544000]: [mission] RETURN: alinhado, avançando (1.08 m)
[INFO] [1791464487.671158, 229.594000]: [mission] teto por postura ativo no drive: v<=0.24 w<=0.50 rampa 0.53/1.50
[INFO] [1791464495.961940, 237.744000]: [mission] RETURN: chegou, ajustando heading final
[INFO] [1791464496.013206, 237.794000]: [mission] teto por postura ativo no drive: v<=0.24 w<=0.50 rampa 0.53/1.51
[INFO] [1791464501.958546, 243.645000]: [mission] RETURN: concluído
[INFO] [1791464501.959995, 243.646000]: State machine terminating 'RETURN':'home':'MISSION_OK'
[INFO] [1791464501.961932, 243.648000]: [mission] resultado: MISSION_OK
... logging to /home/marco/.ros/log/d0a0a55c-c317-11f1-b768-b025aa85b2a2/roslaunch-shiroi-3640854.log
Checking log directory for disk usage. This may take a while.
Press Ctrl-C to interrupt
]2;/home/marco/b166er/src/b166er_whole_body_control/launch/chave_mission.launch
[1mstarted roslaunch server http://shiroi:36843/[0m

SUMMARY
========

PARAMETERS
 * /chave_mission/estado_final: 
 * /chave_mission/estado_inicial: HOME
 * /chave_mission/pausa_por_fase: False
 * /chave_mission/search_omega: 0.35
 * /chave_mission/standoff_distance: 0.62
 * /chave_mission/use_wholebody: False
 * /chave_seccionadora_task/aproxima_lateral/modo: ik
 * /chave_seccionadora_task/aproxima_lateral/offset_xyz_m: [-0.09, 0.008, 0.01]
 * /chave_seccionadora_task/aproxima_lateral/tol_xyz_m: [0.04, 0.008, 0.005]
 * /chave_seccionadora_task/arco1/blade_angle_deg: 15
 * /chave_seccionadora_task/arco1/deriva_eixo_max_m: 0.015
 * /chave_seccionadora_task/arco1/modo: wb
 * /chave_seccionadora_task/arco1/offset_xyz_m: [0.0, 0.0518, -0....
 * /chave_seccionadora_task/arco1/soltura_recuo_min_m: 0.04
 * /chave_seccionadora_task/arco1/tol_xyz_m: [0.04, 0.01, 0.015]
 * /chave_seccionadora_task/arco2/blade_angle_deg: 30
 * /chave_seccionadora_task/arco2/deriva_eixo_max_m: 0.015
 * /chave_seccionadora_task/arco2/modo: wb
 * /chave_seccionadora_task/arco2/offset_xyz_m: [0.0, 0.1, -0.0518]
 * /chave_seccionadora_task/arco2/tol_xyz_m: [0.04, 0.01, 0.015]
 * /chave_seccionadora_task/atravessa/modo: ik
 * /chave_seccionadora_task/atravessa/offset_xyz_m: [-0.008, 0.008, 0...
 * /chave_seccionadora_task/atravessa/tol_xyz_m: [0.008, 0.006, 0....
 * /chave_seccionadora_task/captura/modo: ik
 * /chave_seccionadora_task/captura/offset_xyz_m: [0.0, 0.0, -0.01]
 * /chave_seccionadora_task/captura/tol_xyz_m: [0.008, 0.006, 0.01]
 * /chave_seccionadora_task/desengata/modo: ik
 * /chave_seccionadora_task/desengata/offset_xyz_m: [-0.09, 0.1, -0.0...
 * /chave_seccionadora_task/destrava/curso_estagna_m: 0.01
 * /chave_seccionadora_task/destrava/curso_margem_m: 0.002
 * /chave_seccionadora_task/destrava/curso_min_m: 0.018
 * /chave_seccionadora_task/destrava/curso_teto_m: 0.022
 * /chave_seccionadora_task/destrava/modo: wb
 * /chave_seccionadora_task/destrava/offset_xyz_m: [0.0, 0.0, -0.025]
 * /chave_seccionadora_task/destrava/tol_xyz_m: [0.01, 0.006, 0.004]
 * /chave_seccionadora_task/libera/deriva_eixo_max_m: 0.015
 * /chave_seccionadora_task/libera/modo: wb
 * /chave_seccionadora_task/libera/offset_xyz_m: [0.0, 0.03, -0.025]
 * /chave_seccionadora_task/libera/tol_xyz_m: [0.04, 0.008, 0.006]
 * /chave_seccionadora_task/orienta/modo: ik
 * /chave_seccionadora_task/orienta/offset_xyz_m: [-0.09, 0.15, 0.0...
 * /chave_seccionadora_task/reassenta_sobe/tol_xyz_m: [0.03, 0.02, 0.005]
 * /chave_seccionadora_task/saida_eixo/tol_xyz_m: [0.02, 0.02, 0.015]
 * /chave_seccionadora_task/saida_fora/tol_xyz_m: [0.03, 0.02, 0.02]
 * /chave_seccionadora_task/saida_sobe/tol_xyz_m: [0.03, 0.02, 0.01]
 * /chave_seccionadora_task/target_frame: chave_olhal_link
 * /fuzzy_wb_controller/fixed_gains: []
 * /rosdistro: noetic
 * /rosversion: 1.17.4

NODES
  /
    chave_mission (b166er_whole_body_control/chave_mission.py)

[1mROS_MASTER_URI=http://localhost:11311[0m
]2;/home/marco/b166er/src/b166er_whole_body_control/launch/chave_mission.launch http://localhost:11311
[1mprocess[chave_mission-1]: started with pid [3640928][0m
[1m[chave_mission-1] process has finished cleanly
log file: /home/marco/.ros/log/d0a0a55c-c317-11f1-b768-b025aa85b2a2/chave_mission-1*.log[0m
all processes on machine have died, roslaunch will exit
shutting down processing monitor...
... shutting down processing monitor complete
[1mdone[0m
