[WARN] [1789138477.856754, 86.791000]: [mission] SEARCH: 4 de 25 amostras descartadas como outlier (>0.15 m ou >0.20 rad da mediana)
[INFO] [1789138414.791211, 61.932000]: State machine starting in initial state 'STOW_INIT' with userdata: 
	[]
[INFO] [1789138415.334847, 62.142000]: [mission] pose de partida registrada: (0.00, 1.00, 0.01 rad)
[INFO] [1789138415.349609, 62.148000]: [mission] postura "stow_home" comandada: [0.0, 1.13, -1.04, -1.8, 0.0]
[INFO] [1789138415.671256, 62.253000]: State machine transitioning 'STOW_INIT':'ok'-->'SEARCH'
[INFO] [1789138415.678894, 62.257000]: [mission] postura "search" comandada: [0.0, 1.0, -1.0, 0.0, 0.0]
[INFO] [1789138431.067280, 68.260000]: [mission] SEARCH — girando à procura da tag...
[INFO] [1789138431.071566, 68.261000]: [mission] SEARCH: amostra quando a tag estiver a raio 0.35-0.50 do quadro (vista oblíqua; omega fina 0.15 rad/s)
[INFO] [1789138434.357976, 69.616000]: [mission] SEARCH: tag a raio 0.93 — girando até <= 0.50
[INFO] [1789138453.776459, 77.268000]: [mission] SEARCH: tag a raio 0.50 — parando
[INFO] [1789138453.787104, 77.272000]: [mission] tag avistada — parando para medir
[INFO] [1789138456.346077, 78.283000]: [mission] âncora engatada (coleta do SEARCH)
[INFO] [1789138456.355201, 78.283000]: [mission] SEARCH: coleta com dither ±0.05 rad/s (período 3.0 s)
[INFO] [1789138477.812999, 86.772000]: [mission] âncora solta — 18 correções de deriva
[INFO] [1789138477.824657, 86.779000]: [mission] SEARCH: âncora corrigiu a deriva 18 vez(es) durante a coleta
[INFO] [1789138477.861203, 86.793000]: [mission] SEARCH: 21 amostras — parede (0.025, 3.111, -0.003) yaw=2.874
[INFO] [1789138477.864444, 86.794000]: [mission] parede localizada em (0.025, 3.111, -0.003)
[INFO] [1789138477.882612, 86.802000]: State machine transitioning 'SEARCH':'found'-->'APPROACH'
[INFO] [1789138477.886912, 86.802000]: [mission] APPROACH etapa 1/2 — 1.30 m do olhal, alvo (-0.16, 1.68, 1.30 rad)
[INFO] [1789138477.893723, 86.805000]: [mission] teto por postura ativo no drive: v<=0.17 w<=0.50 rampa 0.45/1.52
[INFO] [1789138489.511396, 91.405000]: [mission] APPROACH: alinhado, avançando (0.86 m)
[INFO] [1789138503.854299, 96.955000]: [mission] APPROACH: chegou, ajustando heading final
[INFO] [1789138504.001322, 97.005000]: [mission] teto por postura ativo no drive: v<=0.17 w<=0.50 rampa 0.45/1.52
[INFO] [1789138511.380595, 99.955000]: [mission] APPROACH: concluído
[INFO] [1789138514.303587, 100.962000]: [mission] âncora engatada (coleta do APPROACH/remedida)
[INFO] [1789138514.311008, 100.966000]: [mission] APPROACH/remedida: coleta com dither ±0.05 rad/s (período 3.0 s)
[INFO] [1789138516.067070, 101.624000]: [mission] âncora solta — 1 correções de deriva
[INFO] [1789138516.077656, 101.630000]: [mission] APPROACH/remedida: âncora corrigiu a deriva 1 vez(es) durante a coleta
[INFO] [1789138516.085008, 101.634000]: [mission] APPROACH/remedida: 10 amostras — parede (0.006, 3.009, -0.003) yaw=3.128
[INFO] [1789138516.089880, 101.635000]: [mission] APPROACH etapa 2/2 — 0.88 m do olhal, alvo (0.36, 1.99, 1.56 rad)
[INFO] [1789138530.175154, 107.089000]: [mission] APPROACH: alinhado, avançando (0.71 m)
[INFO] [1789138530.266601, 107.139000]: [mission] teto por postura ativo no drive: v<=0.17 w<=0.50 rampa 0.45/1.52
[INFO] [1789138541.682825, 111.589000]: [mission] APPROACH: chegou, ajustando heading final
[INFO] [1789138555.587293, 117.039000]: [mission] APPROACH: concluído
[INFO] [1789138555.609388, 117.047000]: State machine transitioning 'APPROACH':'arrived'-->'REFINE'
[INFO] [1789138555.612909, 117.048000]: [mission] REFINE — remedindo a parede de perto (10 amostras)
[INFO] [1789138555.625109, 117.055000]: [mission] âncora engatada (coleta do REFINE)
[INFO] [1789138555.628222, 117.056000]: [mission] REFINE: coleta com dither ±0.05 rad/s (período 3.0 s)
[INFO] [1789138557.418081, 117.755000]: [mission] REFINE: 10 amostras — parede (0.002, 3.000, -0.001) yaw=3.140
[INFO] [1789138557.425194, 117.760000]: [mission] REFINE: deslocou 0.010 m da estimativa anterior
[INFO] [1789138557.434091, 117.763000]: [mission] olhal estimado em (0.201, 2.870, 0.804)
[INFO] [1789138557.470974, 117.781000]: State machine transitioning 'REFINE':'ok'-->'DEPLOY'
[INFO] [1789138557.480963, 117.787000]: [mission] DEPLOY: IK resolvida para a POSE DE MANIPULAÇÃO (0.20, 2.25, 1.57 rad), não para a atual
[INFO] [1789138658.699797, 152.470000]: [mission] DEPLOY: IK nivelada 0.0690 m, só eixo 0.0009 m — a MISSÃO INTEIRA usa "eixo"
[INFO] [1789138658.704015, 152.471000]: [mission] DEPLOY: IK da ponta resolvida (resíduo 0.0009 m, degrau 0.4°) — pré-posicionando em [ -7.3 -46.4  60.   79.5  -7.3] graus
[INFO] [1789138676.731700, 159.376000]: [mission] plano de exclusão publicado: parede em [ 2.e-03  3.e+00 -1.e-03], normal segura [-0.001 -1.     0.   ]
[INFO] [1789138677.252928, 159.588000]: [mission] teto por postura ativo no drive: v<=0.24 w<=0.50 rampa 0.53/1.72
[INFO] [1789138686.974122, 163.293000]: [mission] DEPLOY/aproxima: alinhado, avançando (0.42 m)
[INFO] [1789138693.568995, 165.889000]: [mission] DEPLOY/aproxima: chegou, ajustando heading final
[INFO] [1789138702.989752, 169.438000]: [mission] DEPLOY/aproxima: concluído
[INFO] [1789138702.995265, 169.442000]: State machine transitioning 'DEPLOY':'ok'-->'MANIPULATE'
[INFO] [1789138702.998722, 169.443000]: [mission] fase "orienta": modo IK iterativa (YAML)
[INFO] [1789138703.007881, 169.449000]: [mission] âncora engatada (fase "orienta")
[INFO] [1789138710.853972, 172.372000]: [mission] fase "orienta" it0: ponta (0.293, 2.725, 0.811) erro=0.0056 | degrau eixo 0.1° | rolagem 0.8° | IK pediu [-17.9 -34.6  37.3  86.5 -13.3] | faltou [0. 0. 0. 0. 0.] graus
[INFO] [1789138710.866097, 172.377000]: [mission] âncora solta — 4 correções de deriva
[INFO] [1789138710.871575, 172.380000]: [mission] fase "orienta" alcançada em 1 iteração(ões) (0.0056 m) — âncora corrigiu 4 vez(es)
[INFO] [1789138712.161137, 172.885000]: [mission] fase "aproxima_lateral": modo IK iterativa (YAML)
[INFO] [1789138712.189641, 172.892000]: [mission] âncora engatada (fase "aproxima_lateral")
[INFO] [1789138723.467332, 177.154000]: [mission] fase "aproxima_lateral" it0: ponta (0.282, 2.879, 0.809) erro=0.0139 | degrau eixo 4.2° | rolagem 24.5° | IK pediu [-14.9 -13.3   0.   79.3  -9.6] | faltou [ 0.  -0.4 -0.2 -0.2 -0. ] graus
[INFO] [1789138723.499249, 177.158000]: [mission] fase "aproxima_lateral" it0: no frame da parede eixo=-9.4 prof=+9.0 alt=+4.9 mm (tolerância 40/8/5)
[INFO] [1789138729.418097, 179.431000]: [mission] fase "aproxima_lateral" it1: ponta (0.301, 2.865, 0.814) erro=0.0107 | degrau eixo 4.1° | rolagem 22.8° | IK pediu [-16.6 -13.4   0.   81.4 -10.4] | faltou [-0.  -0.2 -0.4 -0.6  0. ] graus
[INFO] [1789138729.429769, 179.436000]: [mission] fase "aproxima_lateral" it1: no frame da parede eixo=+9.4 prof=-5.1 alt=+0.6 mm (tolerância 40/8/5)
[INFO] [1789138729.441912, 179.445000]: [mission] âncora solta — 2 correções de deriva
[INFO] [1789138729.456336, 179.452000]: [mission] fase "aproxima_lateral" alcançada em 2 iteração(ões) (0.0107 m) — âncora corrigiu 2 vez(es)
[INFO] [1789138730.820976, 179.965000]: [mission] fase "atravessa": modo IK iterativa (YAML)
[INFO] [1789138730.833197, 179.970000]: [mission] âncora engatada (fase "atravessa")
[INFO] [1789138737.821459, 182.528000]: [mission] fase "atravessa" it0: ponta (0.212, 2.873, 0.811) erro=0.0056 | degrau eixo 1.2° | rolagem 22.0° | IK pediu [ -8.8 -14.3   0.1  82.8  -3.1] | faltou [-0.8 -0.4 -0.1 -0.1 -0.2] graus
[INFO] [1789138737.827897, 182.531000]: [mission] fase "atravessa" it0: no frame da parede eixo=+2.9 prof=+3.0 alt=+3.8 mm (tolerância 8/6/5)
[INFO] [1789138737.831241, 182.535000]: [mission] fase "atravessa" alcançada em 1 iteração(ões) (0.0056 m)
[INFO] [1789138739.168311, 183.041000]: [mission] fase "captura": modo IK iterativa (YAML)
[INFO] [1789138739.182907, 183.044000]: [mission] âncora engatada (fase "captura")
[INFO] [1789138745.359412, 185.167000]: [mission] fase "captura" it0: ponta (0.209, 2.873, 0.793) erro=0.0078 | degrau eixo 0.9° | rolagem 22.2° | IK pediu [ -8.8 -16.9   0.2  85.   -2.3] | faltou [-0.9  0.1 -0.2 -0.4 -0. ] graus
[INFO] [1789138745.367266, 185.170000]: [mission] fase "captura" it0: no frame da parede eixo=+7.3 prof=+2.5 alt=+1.2 mm (tolerância 40/6/10)
[WARN] [1789138755.949375, 188.891000]: [mission] fase "destrava": descida estagnou em 13.4 mm (mín 10 para aceitar; alvo 18) — fim de curso do mecanismo, fechando a fase
[WARN] [1789138756.627480, 189.116000]: [mission] destrava: lingueta em 8.2 mm (esperado ≥ 12) — o gatilho pode não ter soltado
[WARN] [1789138800.291840, 204.766000]: [mission] RETRACT: ponta a 0.142 m do olhal — saindo em degraus: sobe 30 mm, 120 mm pelo eixo do furo, 100 mm para fora, antes de recolher
[INFO] [1789138745.376814, 185.174000]: [mission] fase "captura" alcançada em 1 iteração(ões) (0.0078 m)
[INFO] [1789138745.393349, 185.183000]: [mission] captura: ponta registrada em eixo=-7.3 prof=-2.5 alt=-11.2 mm (zero da descida do destrava e da deriva de eixo)
[INFO] [1789138746.717201, 185.687000]: [mission] fase "destrava": alvo em altura relativo à captura: -31.2 mm (captura -11.2 − curso 18 − margem 2)
[INFO] [1789138746.737807, 185.687000]: [mission] fase "destrava": modo whole-body/Fuzzy (YAML)
[INFO] [1789138747.263025, 185.888000]: [mission] plano de exclusão publicado: parede em [ 2.e-03  3.e+00 -1.e-03], normal segura [-0.001 -1.     0.   ]
[INFO] [1789138748.095506, 186.189000]: [mission] fase "destrava": whole-body assumiu (base livre, restrita pelo plano de exclusão)
[INFO] [1789138748.099133, 186.191000]: [mission] fase "destrava": whole-body a 0.0210 m do alvo — eixo=+7.3 prof=+2.4 alt=-19.5 mm
[INFO] [1789138754.000294, 188.294000]: [mission] fase "destrava": whole-body a 0.0112 m do alvo — eixo=+7.1 prof=-2.9 alt=-8.2 mm
[INFO] [1789138756.620703, 189.110000]: [mission] destrava: ponta desceu 14.2 mm desde a captura (critério observável) | lingueta 8.2 mm (só na simulação)
[INFO] [1789138758.059998, 189.619000]: [mission] fase "libera": modo whole-body/Fuzzy (YAML)
[INFO] [1789138758.609231, 189.823000]: [mission] plano de exclusão publicado: parede em [ 2.e-03  3.e+00 -1.e-03], normal segura [-0.001 -1.     0.   ]
[INFO] [1789138759.469000, 190.131000]: [mission] fase "libera": whole-body assumiu (base livre, restrita pelo plano de exclusão)
[INFO] [1789138760.041174, 190.333000]: [mission] fase "libera": whole-body a 0.0274 m do alvo — eixo=+7.1 prof=+26.2 alt=+3.7 mm
[INFO] [1789138766.051567, 192.433000]: [mission] fase "libera": whole-body a 0.0140 m do alvo — eixo=+7.1 prof=+8.5 alt=+8.6 mm
[INFO] [1789138772.361128, 194.534000]: [mission] fase "libera": whole-body a 0.0123 m do alvo — eixo=+7.1 prof=-8.3 alt=-5.6 mm
[INFO] [1789138775.800465, 195.733000]: [mission] fase "libera" alcançada por whole-body em 5.6s (0.0074 m) — no frame da parede eixo=+7.1 prof=-0.0 alt=-2.1 mm (tolerância 40/8/6)
[INFO] [1789138777.706341, 196.443000]: [mission] fase "arco1"/puxa: RECUANDO 0.022 m só com as rodas
[INFO] [1789138778.895583, 196.897000]: [mission] fase "arco1"/puxa: concluído (0.022 m)
[INFO] [1789138778.903137, 196.899000]: [mission] fase "arco1": modo whole-body/Fuzzy (YAML)
[INFO] [1789138779.504236, 197.102000]: [mission] plano de exclusão publicado: parede em [ 2.e-03  3.e+00 -1.e-03], normal segura [-0.001 -1.     0.   ]
[INFO] [1789138780.423526, 197.406000]: [mission] fase "arco1": whole-body assumiu (base livre, restrita pelo plano de exclusão)
[INFO] [1789138780.427092, 197.406000]: [mission] fase "arco1": whole-body a 0.0081 m do alvo — eixo=+7.1 prof=-0.1 alt=-3.9 mm
[INFO] [1789138781.773834, 197.806000]: [mission] fase "arco1" alcançada por whole-body em 0.4s (0.0082 m) — no frame da parede eixo=+7.1 prof=-2.1 alt=-3.5 mm (tolerância 40/10/15)
[INFO] [1789138781.779378, 197.806000]: [mission] arco1: SOLTURA observável — recuo 56.4 mm desde a captura (mín 40) com deriva de eixo +0.2 mm → SOLTA
[INFO] [1789138782.385871, 198.031000]: [mission] waypoint de 15° — lâmina medida em 15.1° (abertura por CONTATO)
[INFO] [1789138783.642597, 198.531000]: [mission] fase "arco2"/puxa: RECUANDO 0.048 m só com as rodas
[INFO] [1789138785.963690, 199.433000]: [mission] fase "arco2"/puxa: concluído (0.050 m)
[INFO] [1789138785.969858, 199.436000]: [mission] fase "arco2": modo whole-body/Fuzzy (YAML)
[INFO] [1789138786.500280, 199.639000]: [mission] plano de exclusão publicado: parede em [ 2.e-03  3.e+00 -1.e-03], normal segura [-0.001 -1.     0.   ]
[INFO] [1789138787.304238, 199.945000]: [mission] fase "arco2": whole-body assumiu (base livre, restrita pelo plano de exclusão)
[INFO] [1789138787.313548, 199.949000]: [mission] fase "arco2": whole-body a 0.0157 m do alvo — eixo=+7.1 prof=+1.2 alt=-13.9 mm
[INFO] [1789138788.484201, 200.349000]: [mission] fase "arco2" alcançada por whole-body em 0.4s (0.0149 m) — no frame da parede eixo=+7.2 prof=-2.0 alt=-12.9 mm (tolerância 40/10/15)
[INFO] [1789138789.040786, 200.567000]: [mission] waypoint de 30° — lâmina medida em 29.7° (abertura por CONTATO)
[INFO] [1789138790.305161, 201.068000]: [mission] fase "desengata": modo IK iterativa (YAML)
[INFO] [1789138790.314386, 201.071000]: [mission] âncora engatada (fase "desengata")
[INFO] [1789138797.950900, 203.824000]: [mission] fase "desengata" it0: ponta (0.292, 2.775, 0.747) erro=0.0076 | degrau eixo 3.7° | rolagem 28.1° | IK pediu [-17.2 -20.7  -0.   83.4  -7.2] | faltou [ 0.2 -0.2 -0.4 -0.4 -0. ] graus
[INFO] [1789138797.965113, 203.830000]: [mission] âncora solta — 1 correções de deriva
[INFO] [1789138797.974889, 203.837000]: [mission] fase "desengata" alcançada em 1 iteração(ões) (0.0076 m) — âncora corrigiu 1 vez(es)
[INFO] [1789138799.265061, 204.358000]: [mission] MANIPULATE concluída — chave ABERTA, lâmina medida em 29.9°
[INFO] [1789138799.277209, 204.360000]: State machine transitioning 'MANIPULATE':'done'-->'RETRACT'
[INFO] [1789138800.314034, 204.778000]: [mission] âncora engatada (fase "saida_sobe")
[INFO] [1789138806.515851, 207.074000]: [mission] fase "saida_sobe" it0: ponta (0.294, 2.784, 0.772) erro=0.0085 | degrau eixo 3.6° | rolagem 26.7° | IK pediu [-17.1 -17.7   0.   81.5  -7.5] | faltou [ 0.  -0.4 -0.2 -0.1 -0. ] graus
[INFO] [1789138806.539805, 207.085000]: [mission] fase "saida_sobe" it0: no frame da parede eixo=+1.1 prof=+6.8 alt=+5.1 mm (tolerância 30/20/10)
[INFO] [1789138806.545694, 207.091000]: [mission] fase "saida_sobe" alcançada em 1 iteração(ões) (0.0085 m)
[INFO] [1789138806.619072, 207.108000]: [mission] âncora engatada (fase "saida_eixo")
[INFO] [1789138813.227892, 209.694000]: [mission] fase "saida_eixo" it0: ponta (0.412, 2.782, 0.771) erro=0.0085 | degrau eixo 9.2° | rolagem 31.1° | IK pediu [-26.9 -15.8   0.   74.8 -16. ] | faltou [-0.1 -0.3 -0.4 -0.5 -0. ] graus
[INFO] [1789138813.271610, 209.703000]: [mission] fase "saida_eixo" it0: no frame da parede eixo=-0.3 prof=+5.8 alt=+6.2 mm (tolerância 20/20/15)
[INFO] [1789138813.274796, 209.705000]: [mission] âncora solta — 1 correções de deriva
[INFO] [1789138813.278351, 209.705000]: [mission] fase "saida_eixo" alcançada em 1 iteração(ões) (0.0085 m) — âncora corrigiu 1 vez(es)
[INFO] [1789138813.290240, 209.712000]: [mission] âncora engatada (fase "saida_fora")
[INFO] [1789138822.355900, 213.147000]: [mission] fase "saida_fora" it0: ponta (0.412, 2.682, 0.775) erro=0.0063 | degrau eixo 4.3° | rolagem 12.0° | IK pediu [-30.  -20.7   0.   98.7 -21.1] | faltou [ 0.  -0.1 -0.3 -0.4 -0. ] graus
[INFO] [1789138822.366087, 213.150000]: [mission] fase "saida_fora" it0: no frame da parede eixo=-0.9 prof=+5.7 alt=+2.6 mm (tolerância 30/20/20)
[INFO] [1789138822.404723, 213.158000]: [mission] âncora solta — 1 correções de deriva
[INFO] [1789138822.418977, 213.159000]: [mission] fase "saida_fora" alcançada em 1 iteração(ões) (0.0063 m) — âncora corrigiu 1 vez(es)
[INFO] [1789138822.439210, 213.164000]: [mission] RETRACT/afasta: RECUANDO 0.250 m só com as rodas
[INFO] [1789138833.978704, 217.565000]: [mission] RETRACT/afasta: concluído (0.253 m)
[INFO] [1789138833.996264, 217.571000]: [mission] postura "stow_home" comandada: [0.0, 1.13, -1.04, -1.8, 0.0]
[INFO] [1789138864.510410, 229.383000]: State machine transitioning 'RETRACT':'ok'-->'RETURN'
[INFO] [1789138864.516331, 229.385000]: [mission] RETURN — voltando a (0.00, 1.00, 0.01 rad)
[INFO] [1789138897.516592, 242.189000]: [mission] RETURN: alinhado, avançando (1.10 m)
[INFO] [1789138897.644070, 242.238000]: [mission] teto por postura ativo no drive: v<=0.23 w<=0.50 rampa 0.51/1.51
[INFO] [1789139141.618315, 331.738000]: [mission] RETURN: chegou, ajustando heading final
[INFO] [1789139141.762168, 331.789000]: [mission] teto por postura ativo no drive: v<=0.23 w<=0.50 rampa 0.52/1.51
[INFO] [1789139170.869862, 343.038000]: [mission] RETURN: concluído
[INFO] [1789139170.880768, 343.041000]: State machine terminating 'RETURN':'home':'MISSION_OK'
[INFO] [1789139170.884232, 343.043000]: [mission] resultado: MISSION_OK
... logging to /home/robo/.ros/log/2cc3653c-adf0-11f1-8a6c-3413e824a1df/roslaunch-b166er-nuc-22495.log
Checking log directory for disk usage. This may take a while.
Press Ctrl-C to interrupt
Done checking log file disk usage. Usage is <1GB.
]2;/home/robo/b166er/src/b166er_whole_body_control/launch/chave_mission.launch
[1mstarted roslaunch server http://b166er-nuc:41987/[0m

SUMMARY
========

PARAMETERS
 * /chave_mission/estado_final: 
 * /chave_mission/estado_inicial: STOW_INIT
 * /chave_mission/pausa_por_fase: False
 * /chave_mission/search_omega: 0.35
 * /chave_mission/standoff_distance: 0.62
 * /chave_mission/use_wholebody: False
 * /chave_seccionadora_task/aproxima_lateral/modo: ik
 * /chave_seccionadora_task/aproxima_lateral/offset_xyz_m: [-0.09, 0.0, 0.01]
 * /chave_seccionadora_task/aproxima_lateral/tol_xyz_m: [0.04, 0.008, 0.005]
 * /chave_seccionadora_task/arco1/blade_angle_deg: 15
 * /chave_seccionadora_task/arco1/deriva_eixo_max_m: 0.015
 * /chave_seccionadora_task/arco1/modo: wb
 * /chave_seccionadora_task/arco1/offset_xyz_m: [0.0, 0.0518, -0....
 * /chave_seccionadora_task/arco1/soltura_recuo_min_m: 0.04
 * /chave_seccionadora_task/arco1/tol_xyz_m: [0.04, 0.01, 0.015]
 * /chave_seccionadora_task/arco2/blade_angle_deg: 30
 * /chave_seccionadora_task/arco2/deriva_eixo_max_m: 0.015
 * /chave_seccionadora_task/arco2/modo: wb
 * /chave_seccionadora_task/arco2/offset_xyz_m: [0.0, 0.1, -0.0518]
 * /chave_seccionadora_task/arco2/tol_xyz_m: [0.04, 0.01, 0.015]
 * /chave_seccionadora_task/atravessa/modo: ik
 * /chave_seccionadora_task/atravessa/offset_xyz_m: [-0.008, 0.0, 0.01]
 * /chave_seccionadora_task/atravessa/tol_xyz_m: [0.008, 0.006, 0....
 * /chave_seccionadora_task/captura/modo: ik
 * /chave_seccionadora_task/captura/offset_xyz_m: [0.0, 0.0, -0.01]
 * /chave_seccionadora_task/captura/tol_xyz_m: [0.04, 0.006, 0.01]
 * /chave_seccionadora_task/desengata/modo: ik
 * /chave_seccionadora_task/desengata/offset_xyz_m: [-0.09, 0.1, -0.0...
 * /chave_seccionadora_task/destrava/curso_estagna_m: 0.01
 * /chave_seccionadora_task/destrava/curso_margem_m: 0.002
 * /chave_seccionadora_task/destrava/curso_min_m: 0.018
 * /chave_seccionadora_task/destrava/modo: wb
 * /chave_seccionadora_task/destrava/offset_xyz_m: [0.0, 0.0, -0.025]
 * /chave_seccionadora_task/destrava/tol_xyz_m: [0.04, 0.006, 0.004]
 * /chave_seccionadora_task/libera/deriva_eixo_max_m: 0.015
 * /chave_seccionadora_task/libera/modo: wb
 * /chave_seccionadora_task/libera/offset_xyz_m: [0.0, 0.03, -0.025]
 * /chave_seccionadora_task/libera/tol_xyz_m: [0.04, 0.008, 0.006]
 * /chave_seccionadora_task/orienta/modo: ik
 * /chave_seccionadora_task/orienta/offset_xyz_m: [-0.09, 0.15, 0.0...
 * /chave_seccionadora_task/reassenta_sobe/tol_xyz_m: [0.03, 0.02, 0.005]
 * /chave_seccionadora_task/saida_eixo/tol_xyz_m: [0.02, 0.02, 0.015]
 * /chave_seccionadora_task/saida_fora/tol_xyz_m: [0.03, 0.02, 0.02]
 * /chave_seccionadora_task/saida_sobe/tol_xyz_m: [0.03, 0.02, 0.01]
 * /chave_seccionadora_task/target_frame: chave_olhal_link
 * /fuzzy_wb_controller/fixed_gains: []
 * /rosdistro: noetic
 * /rosversion: 1.17.4

NODES
  /
    chave_mission (b166er_whole_body_control/chave_mission.py)

[1mROS_MASTER_URI=http://localhost:11311[0m
]2;/home/robo/b166er/src/b166er_whole_body_control/launch/chave_mission.launch http://localhost:11311
[1mprocess[chave_mission-1]: started with pid [22521][0m
[1m[chave_mission-1] process has finished cleanly
log file: /home/robo/.ros/log/2cc3653c-adf0-11f1-8a6c-3413e824a1df/chave_mission-1*.log[0m
all processes on machine have died, roslaunch will exit
shutting down processing monitor...
... shutting down processing monitor complete
[1mdone[0m
