[31mWARNING: disk usage in log directory [/home/marco/.ros/log] is over 1GB.
It's recommended that you use the 'rosclean' command.[0m
the rosdep view is empty: call 'sudo rosdep init' and 'rosdep update'
[WARN] [1791387520.413317, 1572.794000]: [mission] SEARCH: ajuste não convergiu em 8s (raio 0.60) — amostrando assim mesmo
[WARN] [1791387532.155692, 1584.388000]: [mission] SEARCH: 11 de 25 amostras descartadas como outlier (>0.15 m ou >0.20 rad da mediana)
[INFO] [1791387499.337555, 0.000000]: garra_dx = 0.000 m (fechada)
[INFO] [1791387499.376221, 1551.983000]: State machine starting in initial state 'STOW_INIT' with userdata: 
	[]
[INFO] [1791387499.677982, 1552.284000]: [mission] pose de partida registrada: (0.01, 1.00, 0.02 rad)
[INFO] [1791387499.679135, 1552.285000]: [mission] postura "stow_home" comandada: [0.0, 1.13, -1.04, -1.8, 0.0]
[INFO] [1791387500.282996, 1552.886000]: State machine transitioning 'STOW_INIT':'ok'-->'SEARCH'
[INFO] [1791387500.285436, 1552.888000]: [mission] postura "search" comandada: [0.0, 1.0, -1.0, 0.0, 0.0]
[INFO] [1791387510.190151, 1562.689000]: [mission] SEARCH — girando à procura da tag...
[INFO] [1791387510.192028, 1562.691000]: [mission] SEARCH: amostra quando a tag estiver a raio 0.35-0.50 do quadro (vista oblíqua; omega fina 0.15 rad/s)
[INFO] [1791387512.259319, 1564.742000]: [mission] SEARCH: tag a raio 0.93 — girando até <= 0.50
[INFO] [1791387520.415813, 1572.796000]: [mission] tag avistada — parando para medir
[INFO] [1791387521.445561, 1573.804000]: [mission] âncora engatada (coleta do SEARCH)
[INFO] [1791387521.447210, 1573.805000]: [mission] SEARCH: coleta com dither ±0.05 rad/s (período 3.0 s)
[INFO] [1791387532.131687, 1584.367000]: [mission] âncora solta — 6 correções de deriva
[INFO] [1791387532.133805, 1584.369000]: [mission] SEARCH: âncora corrigiu a deriva 6 vez(es) durante a coleta
[INFO] [1791387532.158954, 1584.393000]: [mission] SEARCH: 14 amostras — parede (0.007, 3.055, -0.007) yaw=-3.128
[INFO] [1791387532.213573, 1584.447000]: [mission] SEARCH: parede pelo LASER — 52 pontos, resíduo 5.5 mm: profundidade +55.0 mm e yaw -0.76° em relação à tag → parede (0.007, 3.000, -0.007) yaw=-3.141
[INFO] [1791387532.215483, 1584.449000]: [mission] parede localizada em (0.007, 3.000, -0.007)
[INFO] [1791387532.220457, 1584.454000]: State machine transitioning 'SEARCH':'found'-->'APPROACH'
[INFO] [1791387532.221888, 1584.455000]: [mission] APPROACH etapa 1/2 — 1.30 m do olhal, alvo (0.21, 1.57, 1.57 rad)
[INFO] [1791387535.015156, 1587.207000]: [mission] APPROACH: alinhado, avançando (0.64 m)
[INFO] [1791387535.065952, 1587.257000]: [mission] teto por postura ativo no drive: v<=0.18 w<=0.50 rampa 0.46/1.51
[INFO] [1791387540.627164, 1592.757000]: [mission] APPROACH: chegou, ajustando heading final
[INFO] [1791387540.678174, 1592.807000]: [mission] teto por postura ativo no drive: v<=0.17 w<=0.50 rampa 0.45/1.52
[INFO] [1791387540.980781, 1593.107000]: [mission] APPROACH: concluído
[INFO] [1791387541.998344, 1594.112000]: [mission] âncora engatada (coleta do APPROACH/remedida)
[INFO] [1791387542.000219, 1594.113000]: [mission] APPROACH/remedida: coleta com dither ±0.05 rad/s (período 3.0 s)
[INFO] [1791387543.776492, 1595.854000]: [mission] âncora solta — 2 correções de deriva
[INFO] [1791387543.777626, 1595.855000]: [mission] APPROACH/remedida: âncora corrigiu a deriva 2 vez(es) durante a coleta
[INFO] [1791387543.778479, 1595.856000]: [mission] APPROACH/remedida: 10 amostras — parede (0.004, 3.011, -0.003) yaw=3.111
[INFO] [1791387543.825471, 1595.907000]: [mission] APPROACH/remedida: parede pelo LASER — 80 pontos, resíduo 5.4 mm: profundidade +10.7 mm e yaw +1.89° em relação à tag → parede (0.004, 3.000, -0.003) yaw=-3.139
[INFO] [1791387543.827046, 1595.909000]: [mission] APPROACH etapa 2/2 — 0.88 m do olhal, alvo (0.38, 1.99, 1.57 rad)
[INFO] [1791387545.401865, 1597.461000]: [mission] APPROACH: alinhado, avançando (0.50 m)
[INFO] [1791387549.726323, 1601.711000]: [mission] APPROACH: chegou, ajustando heading final
[INFO] [1791387549.777740, 1601.761000]: [mission] teto por postura ativo no drive: v<=0.18 w<=0.50 rampa 0.45/1.52
[INFO] [1791387552.119182, 1604.061000]: [mission] APPROACH: concluído
[INFO] [1791387552.123306, 1604.065000]: State machine transitioning 'APPROACH':'arrived'-->'REFINE'
[INFO] [1791387552.124634, 1604.066000]: [mission] REFINE — remedindo a parede de perto (10 amostras)
[INFO] [1791387552.127310, 1604.069000]: [mission] âncora engatada (coleta do REFINE)
[INFO] [1791387552.128826, 1604.070000]: [mission] REFINE: coleta com dither ±0.05 rad/s (período 3.0 s)
[INFO] [1791387553.274953, 1605.206000]: [mission] âncora solta — 2 correções de deriva
[INFO] [1791387553.276853, 1605.207000]: [mission] REFINE: âncora corrigiu a deriva 2 vez(es) durante a coleta
[INFO] [1791387553.278990, 1605.209000]: [mission] REFINE: 10 amostras — parede (0.003, 3.011, 0.000) yaw=3.107
[INFO] [1791387553.333129, 1605.262000]: [mission] REFINE: parede pelo LASER — 87 pontos, resíduo 4.8 mm: profundidade +12.6 mm e yaw +2.14° em relação à tag → parede (0.003, 2.998, 0.000) yaw=-3.139
[INFO] [1791387553.336229, 1605.265000]: [mission] REFINE: deslocou 0.004 m da estimativa anterior
[INFO] [1791387553.338645, 1605.268000]: [mission] olhal estimado em (0.203, 2.869, 0.805)
[INFO] [1791387553.347685, 1605.276000]: State machine transitioning 'REFINE':'ok'-->'DEPLOY'
[INFO] [1791387553.349708, 1605.278000]: [mission] DEPLOY: IK resolvida para a POSE DE MANIPULAÇÃO (0.20, 2.25, 1.57 rad), não para a atual
[INFO] [1791387558.284781, 1609.353000]: [mission] DEPLOY: IK nivelada 0.0708 m, só eixo 0.0014 m — a MISSÃO INTEIRA usa "eixo"
[INFO] [1791387558.287809, 1610.195000]: [mission] DEPLOY: IK da ponta resolvida (resíduo 0.0014 m, degrau 0.4°) — pré-posicionando em [-10.9 -46.4  60.   78.4 -10.9] graus
[INFO] [1791387578.573478, 1630.298000]: [mission] plano de exclusão publicado: parede em [0.003 2.998 0.   ], normal segura [ 0.002 -1.     0.   ]
[INFO] [1791387578.788868, 1630.509000]: [mission] teto por postura ativo no drive: v<=0.30 w<=0.50 rampa 0.62/1.73
[INFO] [1791387583.489017, 1635.159000]: [mission] DEPLOY/aproxima: alinhado, avançando (0.34 m)
[INFO] [1791387587.328298, 1638.959000]: [mission] DEPLOY/aproxima: chegou, ajustando heading final
[INFO] [1791387593.609326, 1645.159000]: [mission] DEPLOY/aproxima: concluído
[INFO] [1791387593.611090, 1645.161000]: State machine transitioning 'DEPLOY':'ok'-->'MANIPULATE'
[INFO] [1791387593.612930, 1645.163000]: [mission] fase "orienta": modo IK iterativa (YAML)
[INFO] [1791387593.617006, 1645.167000]: [mission] âncora engatada (fase "orienta")
[INFO] [1791387598.768479, 1650.271000]: [mission] fase "orienta" it0: ponta (0.286, 2.722, 0.813) erro=0.0081 | degrau eixo 0.1° | rolagem 0.2° | IK pediu [-22.  -25.4  19.1  96.2 -17.4] | faltou [ 0.4 -0.5  0.6  0.5 -0.2] graus
[INFO] [1791387598.774014, 1650.277000]: [mission] âncora solta — 2 correções de deriva
[INFO] [1791387598.776362, 1650.280000]: [mission] fase "orienta" alcançada em 1 iteração(ões) (0.0081 m) — âncora corrigiu 2 vez(es)
[INFO] [1791387599.284500, 1650.788000]: [mission] fase "aproxima_lateral": modo IK iterativa (YAML)
[INFO] [1791387599.289829, 1650.793000]: [mission] âncora engatada (fase "aproxima_lateral")
[INFO] [1791387602.844989, 1654.320000]: [mission] fase "aproxima_lateral" it0: ponta (0.283, 2.871, 0.814) erro=0.0139 | degrau eixo 5.9° | rolagem 6.2° | IK pediu [-19.  -13.    0.   77.6 -12.6] | faltou [ 0.3 -5.7 12.6 -7.9 -0.1] graus
[INFO] [1791387602.849737, 1654.325000]: [mission] fase "aproxima_lateral" it0: no frame da parede eixo=-10.0 prof=+9.6 alt=+1.3 mm (tolerância 40/8/5)
[INFO] [1791387605.712492, 1657.137000]: [mission] fase "aproxima_lateral" it1: ponta (0.290, 2.857, 0.816) erro=0.0054 | degrau eixo 5.8° | rolagem 5.8° | IK pediu [-20.4 -13.4   0.   79.8 -13.5] | faltou [0. 0. 0. 0. 0.] graus
[INFO] [1791387605.715449, 1657.140000]: [mission] fase "aproxima_lateral" it1: no frame da parede eixo=-3.7 prof=-4.0 alt=-0.4 mm (tolerância 40/8/5)
[INFO] [1791387605.717422, 1657.142000]: [mission] âncora solta — 5 correções de deriva
[INFO] [1791387605.718590, 1657.143000]: [mission] fase "aproxima_lateral" alcançada em 2 iteração(ões) (0.0054 m) — âncora corrigiu 5 vez(es)
[INFO] [1791387606.227139, 1657.647000]: [mission] fase "atravessa": modo IK iterativa (YAML)
[INFO] [1791387606.230387, 1657.650000]: [mission] âncora engatada (fase "atravessa")
[INFO] [1791387609.316031, 1660.678000]: [mission] fase "atravessa" it0: ponta (0.209, 2.864, 0.811) erro=0.0052 | degrau eixo 2.5° | rolagem 2.5° | IK pediu [-13.8 -14.1   0.   82.7  -6.3] | faltou [-0.2 -0.4 -0.2 -0.2  0.2] graus
[WARN] [1791387614.632079, 1665.932000]: [mission] destrava: lingueta em 11.2 mm (esperado ≥ 12) — o gatilho pode não ter soltado
[WARN] [1791387651.165703, 1702.038000]: [mission] RETRACT: ponta a 0.144 m do olhal — saindo em degraus: sobe 30 mm, 120 mm pelo eixo do furo, 100 mm para fora, antes de recolher
[INFO] [1791387609.319033, 1660.682000]: [mission] fase "atravessa" it0: no frame da parede eixo=-2.0 prof=+2.8 alt=+4.0 mm (tolerância 8/6/5)
[INFO] [1791387609.320811, 1660.684000]: [mission] âncora solta — 2 correções de deriva
[INFO] [1791387609.322413, 1660.685000]: [mission] fase "atravessa" alcançada em 1 iteração(ões) (0.0052 m) — âncora corrigiu 2 vez(es)
[INFO] [1791387609.834087, 1661.190000]: [mission] fase "captura": modo IK iterativa (YAML)
[INFO] [1791387609.838181, 1661.194000]: [mission] âncora engatada (fase "captura")
[INFO] [1791387612.481972, 1663.799000]: [mission] fase "captura" it0: ponta (0.209, 2.869, 0.793) erro=0.0060 | degrau eixo 2.3° | rolagem 2.3° | IK pediu [-13.7 -16.3  -0.   83.1  -5.5] | faltou [-0.5 -0.2  0.   0.2  0.2] graus
[INFO] [1791387612.484322, 1663.801000]: [mission] fase "captura" it0: no frame da parede eixo=+5.6 prof=+0.5 alt=+2.2 mm (tolerância 40/6/10)
[INFO] [1791387612.485893, 1663.803000]: [mission] âncora solta — 1 correções de deriva
[INFO] [1791387612.487828, 1663.805000]: [mission] fase "captura" alcançada em 1 iteração(ões) (0.0060 m) — âncora corrigiu 1 vez(es)
[INFO] [1791387612.494696, 1663.812000]: [mission] captura: ponta registrada em eixo=-5.6 prof=-0.6 alt=-12.2 mm (zero da descida do destrava e da deriva de eixo)
[INFO] [1791387613.001322, 1664.313000]: [mission] fase "destrava": alvo em altura relativo à captura: -32.2 mm (captura -12.2 − curso 18 − margem 2)
[INFO] [1791387613.002633, 1664.314000]: [mission] fase "destrava": modo whole-body/Fuzzy (YAML)
[INFO] [1791387613.207093, 1664.515000]: [mission] plano de exclusão publicado: parede em [0.003 2.998 0.   ], normal segura [ 0.002 -1.     0.   ]
[INFO] [1791387613.511616, 1664.820000]: [mission] fase "destrava": whole-body assumiu (base livre, restrita pelo plano de exclusão)
[INFO] [1791387613.512654, 1664.821000]: [mission] fase "destrava": whole-body a 0.0148 m do alvo — eixo=+5.6 prof=+1.7 alt=-13.7 mm
[INFO] [1791387614.418467, 1665.720000]: [mission] fase "destrava" alcançada por whole-body em 0.9s (0.0063 m) — no frame da parede eixo=+5.2 prof=-2.9 alt=-2.0 mm (tolerância 40/6/4)
[INFO] [1791387614.630877, 1665.931000]: [mission] destrava: ponta desceu 17.7 mm desde a captura (critério observável) | lingueta 11.2 mm (só na simulação)
[INFO] [1791387615.139287, 1666.433000]: [mission] fase "libera": modo whole-body/Fuzzy (YAML)
[INFO] [1791387615.343399, 1666.635000]: [mission] plano de exclusão publicado: parede em [0.003 2.998 0.   ], normal segura [ 0.002 -1.     0.   ]
[INFO] [1791387615.648602, 1666.938000]: [mission] fase "libera": whole-body assumiu (base livre, restrita pelo plano de exclusão)
[INFO] [1791387615.649824, 1666.939000]: [mission] fase "libera": whole-body a 0.0281 m do alvo — eixo=+5.2 prof=+27.2 alt=+4.8 mm
[INFO] [1791387617.765837, 1669.038000]: [mission] fase "libera": whole-body a 0.0286 m do alvo — eixo=+5.3 prof=+27.0 alt=+7.7 mm
[INFO] [1791387619.887397, 1671.138000]: [mission] fase "libera": whole-body a 0.0263 m do alvo — eixo=+6.3 prof=+23.6 alt=+9.8 mm
[INFO] [1791387622.000591, 1673.238000]: [mission] fase "libera": whole-body a 0.0212 m do alvo — eixo=+13.5 prof=+14.1 alt=+8.4 mm
[INFO] [1791387624.119214, 1675.338000]: [mission] fase "libera": whole-body a 0.0150 m do alvo — eixo=+12.5 prof=+6.5 alt=+5.1 mm
[INFO] [1791387625.831154, 1677.038000]: [mission] fase "libera" alcançada por whole-body em 10.1s (0.0093 m) — no frame da parede eixo=+7.1 prof=-6.0 alt=-1.2 mm (tolerância 40/8/6)
[INFO] [1791387626.544060, 1677.744000]: [mission] fase "arco1"/puxa: RECUANDO 0.022 m só com as rodas
[INFO] [1791387627.046996, 1678.245000]: [mission] fase "arco1"/puxa: concluído (0.024 m)
[INFO] [1791387627.048309, 1678.246000]: [mission] fase "arco1": modo whole-body/Fuzzy (YAML)
[INFO] [1791387627.259620, 1678.447000]: [mission] plano de exclusão publicado: parede em [0.003 2.998 0.   ], normal segura [ 0.002 -1.     0.   ]
[INFO] [1791387627.565496, 1678.751000]: [mission] fase "arco1": whole-body assumiu (base livre, restrita pelo plano de exclusão)
[INFO] [1791387627.566555, 1678.751000]: [mission] fase "arco1": whole-body a 0.0081 m do alvo — eixo=+5.5 prof=-4.3 alt=-4.1 mm
[INFO] [1791387627.986946, 1679.151000]: [mission] fase "arco1" alcançada por whole-body em 0.4s (0.0060 m) — no frame da parede eixo=+5.1 prof=-3.0 alt=-0.2 mm (tolerância 40/10/15)
[INFO] [1791387627.987917, 1679.152000]: [mission] arco1: SOLTURA observável — recuo 55.4 mm desde a captura (mín 40) com deriva de eixo +0.4 mm → SOLTA
[INFO] [1791387628.185600, 1679.359000]: [mission] waypoint de 15° — lâmina medida em 15.3° (abertura por CONTATO)
[INFO] [1791387628.688455, 1679.860000]: [mission] fase "arco2"/puxa: RECUANDO 0.048 m só com as rodas
[INFO] [1791387629.606570, 1680.762000]: [mission] fase "arco2"/puxa: concluído (0.049 m)
[INFO] [1791387629.609050, 1680.764000]: [mission] fase "arco2": modo whole-body/Fuzzy (YAML)
[INFO] [1791387629.814847, 1680.967000]: [mission] plano de exclusão publicado: parede em [0.003 2.998 0.   ], normal segura [ 0.002 -1.     0.   ]
[INFO] [1791387630.118029, 1681.270000]: [mission] fase "arco2": whole-body assumiu (base livre, restrita pelo plano de exclusão)
[INFO] [1791387630.119986, 1681.272000]: [mission] fase "arco2": whole-body a 0.0153 m do alvo — eixo=+9.4 prof=-3.5 alt=-11.5 mm
[INFO] [1791387630.524870, 1681.671000]: [mission] fase "arco2" alcançada por whole-body em 0.4s (0.0109 m) — no frame da parede eixo=+9.2 prof=-5.6 alt=-2.1 mm (tolerância 40/10/15)
[INFO] [1791387630.737221, 1681.881000]: [mission] waypoint de 30° — lâmina medida em 31.4° (abertura por CONTATO)
[INFO] [1791387631.247546, 1682.383000]: [mission] fase "desengata": modo IK iterativa (YAML)
[INFO] [1791387631.252661, 1682.388000]: [mission] âncora engatada (fase "desengata")
[INFO] [1791387636.768173, 1687.821000]: [mission] fase "desengata" it0: ponta (0.297, 2.765, 0.728) erro=0.0257 | degrau eixo 6.6° | rolagem 8.9° | IK pediu [-19.1 -17.9  -0.   72.4  -9.4] | faltou [ -0.3 -21.2  44.7 -31.1  -0.2] graus
[INFO] [1791387650.229738, 1701.117000]: [mission] fase "desengata" it1: ponta (0.295, 2.771, 0.751) erro=0.0031 | degrau eixo 6.3° | rolagem 7.8° | IK pediu [-19.  -15.9   0.   72.   -9.5] | faltou [ -0.1 -15.7  32.  -21.7  -0.1] graus
[INFO] [1791387650.233773, 1701.122000]: [mission] âncora solta — 16 correções de deriva
[INFO] [1791387650.236965, 1701.125000]: [mission] fase "desengata" alcançada em 2 iteração(ões) (0.0031 m) — âncora corrigiu 16 vez(es)
[INFO] [1791387650.757304, 1701.636000]: [mission] MANIPULATE concluída — chave ABERTA, lâmina medida em 32.7°
[INFO] [1791387650.758322, 1701.637000]: State machine transitioning 'MANIPULATE':'done'-->'RETRACT'
[INFO] [1791387651.171842, 1702.044000]: [mission] âncora engatada (fase "saida_sobe")
[INFO] [1791387659.302994, 1710.070000]: [mission] fase "saida_sobe" it0: ponta (0.298, 2.779, 0.759) erro=0.0237 | degrau eixo 6.5° | rolagem 7.9° | IK pediu [-19.1 -15.    0.   71.5  -9.9] | faltou [ -0.1 -14.4  29.4 -20.4  -0.1] graus
[INFO] [1791387659.305166, 1710.072000]: [mission] fase "saida_sobe" it0: no frame da parede eixo=+2.6 prof=+7.0 alt=+22.5 mm (tolerância 30/20/10)
[INFO] [1791387666.902327, 1717.579000]: [mission] fase "saida_sobe" it1: ponta (0.296, 2.767, 0.776) erro=0.0068 | degrau eixo 6.0° | rolagem 7.5° | IK pediu [-19.  -13.6   0.   72.9 -10.2] | faltou [ -0.1 -16.2  33.4 -22.8  -0.1] graus
[INFO] [1791387666.905468, 1717.583000]: [mission] fase "saida_sobe" it1: no frame da parede eixo=+0.7 prof=-4.8 alt=+4.8 mm (tolerância 30/20/10)
[INFO] [1791387666.907649, 1717.585000]: [mission] âncora solta — 10 correções de deriva
[INFO] [1791387666.910998, 1717.588000]: [mission] fase "saida_sobe" alcançada em 2 iteração(ões) (0.0068 m) — âncora corrigiu 10 vez(es)
[INFO] [1791387666.916872, 1717.594000]: [mission] âncora engatada (fase "saida_eixo")
[INFO] [1791387676.229837, 1726.800000]: [mission] fase "saida_eixo" it0: ponta (0.415, 2.771, 0.771) erro=0.0101 | degrau eixo 13.4° | rolagem 14.5° | IK pediu [-28.  -12.4   0.   62.  -16.3] | faltou [ -0.    8.9 -21.4  10.8  -0.4] graus
[INFO] [1791387676.232744, 1726.804000]: [mission] fase "saida_eixo" it0: no frame da parede eixo=-0.7 prof=-1.1 alt=+10.0 mm (tolerância 20/20/15)
[INFO] [1791387676.233944, 1726.805000]: [mission] âncora solta — 5 correções de deriva
[INFO] [1791387676.235004, 1726.806000]: [mission] fase "saida_eixo" alcançada em 1 iteração(ões) (0.0101 m) — âncora corrigiu 5 vez(es)
[INFO] [1791387676.238207, 1726.810000]: [mission] âncora engatada (fase "saida_fora")
[INFO] [1791387682.898297, 1733.413000]: [mission] fase "saida_fora" it0: ponta (0.414, 2.673, 0.768) erro=0.0129 | degrau eixo 8.7° | rolagem 9.7° | IK pediu [-31.2 -18.9  -0.   87.2 -22.6] | faltou [  0.    9.3 -23.   12.   -0.6] graus
[INFO] [1791387682.899929, 1733.415000]: [mission] fase "saida_fora" it0: no frame da parede eixo=-1.4 prof=+0.3 alt=+12.8 mm (tolerância 30/20/20)
[INFO] [1791387682.901055, 1733.416000]: [mission] âncora solta — 2 correções de deriva
[INFO] [1791387682.901686, 1733.416000]: [mission] fase "saida_fora" alcançada em 1 iteração(ões) (0.0129 m) — âncora corrigiu 2 vez(es)
[INFO] [1791387682.902312, 1733.417000]: [mission] RETRACT/afasta: RECUANDO 0.250 m só com as rodas
[INFO] [1791387687.308748, 1737.768000]: [mission] RETRACT/afasta: concluído (0.252 m)
[INFO] [1791387687.310407, 1737.769000]: [mission] postura "stow_home" comandada: [0.0, 1.13, -1.04, -1.8, 0.0]
[INFO] [1791387701.423852, 1751.671000]: State machine transitioning 'RETRACT':'ok'-->'RETURN'
[INFO] [1791387701.426053, 1751.673000]: [mission] RETURN — voltando a (0.01, 1.00, 0.02 rad)
[INFO] [1791387712.941170, 1763.024000]: [mission] RETURN: alinhado, avançando (1.13 m)
[INFO] [1791387712.991459, 1763.074000]: [mission] teto por postura ativo no drive: v<=0.25 w<=0.50 rampa 0.55/1.49
[INFO] [1791387721.617756, 1771.574000]: [mission] RETURN: chegou, ajustando heading final
[INFO] [1791387721.668018, 1771.624000]: [mission] teto por postura ativo no drive: v<=0.25 w<=0.50 rampa 0.54/1.51
[INFO] [1791387728.407014, 1778.274000]: [mission] RETURN: concluído
[INFO] [1791387728.408295, 1778.275000]: State machine terminating 'RETURN':'home':'MISSION_OK'
[INFO] [1791387728.409426, 1778.276000]: [mission] resultado: MISSION_OK
... logging to /home/marco/.ros/log/720d5ca8-c261-11f1-91b6-b025aa85b2a2/roslaunch-shiroi-3238792.log
Checking log directory for disk usage. This may take a while.
Press Ctrl-C to interrupt
]2;/home/marco/b166er/src/b166er_whole_body_control/launch/chave_mission.launch
[1mstarted roslaunch server http://shiroi:36395/[0m

SUMMARY
========

PARAMETERS
 * /chave_mission/estado_final: 
 * /chave_mission/estado_inicial: STOW_INIT
 * /chave_mission/pausa_por_fase: False
 * /chave_mission/search_omega: 0.35
 * /chave_mission/standoff_distance: 0.62
 * /chave_mission/use_wholebody: False
 * /chave_seccionadora_task/aproxima_lateral/modo: ik
 * /chave_seccionadora_task/aproxima_lateral/offset_xyz_m: [-0.09, 0.008, 0.01]
 * /chave_seccionadora_task/aproxima_lateral/tol_xyz_m: [0.04, 0.008, 0.005]
 * /chave_seccionadora_task/arco1/blade_angle_deg: 15
 * /chave_seccionadora_task/arco1/deriva_eixo_max_m: 0.015
 * /chave_seccionadora_task/arco1/modo: wb
 * /chave_seccionadora_task/arco1/offset_xyz_m: [0.0, 0.0518, -0....
 * /chave_seccionadora_task/arco1/soltura_recuo_min_m: 0.04
 * /chave_seccionadora_task/arco1/tol_xyz_m: [0.04, 0.01, 0.015]
 * /chave_seccionadora_task/arco2/blade_angle_deg: 30
 * /chave_seccionadora_task/arco2/deriva_eixo_max_m: 0.015
 * /chave_seccionadora_task/arco2/modo: wb
 * /chave_seccionadora_task/arco2/offset_xyz_m: [0.0, 0.1, -0.0518]
 * /chave_seccionadora_task/arco2/tol_xyz_m: [0.04, 0.01, 0.015]
 * /chave_seccionadora_task/atravessa/modo: ik
 * /chave_seccionadora_task/atravessa/offset_xyz_m: [-0.008, 0.008, 0...
 * /chave_seccionadora_task/atravessa/tol_xyz_m: [0.008, 0.006, 0....
 * /chave_seccionadora_task/captura/modo: ik
 * /chave_seccionadora_task/captura/offset_xyz_m: [0.0, 0.0, -0.01]
 * /chave_seccionadora_task/captura/tol_xyz_m: [0.04, 0.006, 0.01]
 * /chave_seccionadora_task/desengata/modo: ik
 * /chave_seccionadora_task/desengata/offset_xyz_m: [-0.09, 0.1, -0.0...
 * /chave_seccionadora_task/destrava/curso_estagna_m: 0.01
 * /chave_seccionadora_task/destrava/curso_margem_m: 0.002
 * /chave_seccionadora_task/destrava/curso_min_m: 0.018
 * /chave_seccionadora_task/destrava/curso_teto_m: 0.022
 * /chave_seccionadora_task/destrava/modo: wb
 * /chave_seccionadora_task/destrava/offset_xyz_m: [0.0, 0.0, -0.025]
 * /chave_seccionadora_task/destrava/tol_xyz_m: [0.04, 0.006, 0.004]
 * /chave_seccionadora_task/libera/deriva_eixo_max_m: 0.015
 * /chave_seccionadora_task/libera/modo: wb
 * /chave_seccionadora_task/libera/offset_xyz_m: [0.0, 0.03, -0.025]
 * /chave_seccionadora_task/libera/tol_xyz_m: [0.04, 0.008, 0.006]
 * /chave_seccionadora_task/orienta/modo: ik
 * /chave_seccionadora_task/orienta/offset_xyz_m: [-0.09, 0.15, 0.0...
 * /chave_seccionadora_task/reassenta_sobe/tol_xyz_m: [0.03, 0.02, 0.005]
 * /chave_seccionadora_task/saida_eixo/tol_xyz_m: [0.02, 0.02, 0.015]
 * /chave_seccionadora_task/saida_fora/tol_xyz_m: [0.03, 0.02, 0.02]
 * /chave_seccionadora_task/saida_sobe/tol_xyz_m: [0.03, 0.02, 0.01]
 * /chave_seccionadora_task/target_frame: chave_olhal_link
 * /fuzzy_wb_controller/fixed_gains: []
 * /rosdistro: noetic
 * /rosversion: 1.17.4

NODES
  /
    chave_mission (b166er_whole_body_control/chave_mission.py)

[1mROS_MASTER_URI=http://localhost:11311[0m
]2;/home/marco/b166er/src/b166er_whole_body_control/launch/chave_mission.launch http://localhost:11311
[1mprocess[chave_mission-1]: started with pid [3238836][0m
[1m[chave_mission-1] process has finished cleanly
log file: /home/marco/.ros/log/720d5ca8-c261-11f1-91b6-b025aa85b2a2/chave_mission-1*.log[0m
all processes on machine have died, roslaunch will exit
shutting down processing monitor...
... shutting down processing monitor complete
[1mdone[0m
