[31mWARNING: disk usage in log directory [/home/marco/.ros/log] is over 1GB.
It's recommended that you use the 'rosclean' command.[0m
the rosdep view is empty: call 'sudo rosdep init' and 'rosdep update'
[WARN] [1791584533.678820, 848.783000]: [mission] SEARCH: 12 de 25 amostras descartadas como outlier (>0.15 m ou >0.20 rad da mediana)
[WARN] [1791584533.733715, 848.839000]: [mission] SEARCH: laser discorda demais da tag (profundidade +71 mm, yaw +8.1°) — parede fica pela tag
[INFO] [1791584436.391739, 0.000000]: garra_dx = 0.000 m (fechada)
[INFO] [1791584436.461959, 753.274000]: State machine starting in initial state 'HOMING' with userdata: 
	[]
[INFO] [1791584436.764192, 753.588000]: [mission] pose de partida registrada: (0.00, 1.00, 0.10 rad)
[INFO] [1791584436.769765, 753.593000]: [mission] HOMING: procurando os fins de curso (J4, J3, J2, J5, J1)
[INFO] [1791584496.783873, 812.595000]: [mission] HOMING: cinco switches achados — referência das juntas estabelecida
[INFO] [1791584496.785346, 812.596000]: State machine transitioning 'HOMING':'ok'-->'HOME_POSITION'
[INFO] [1791584496.787136, 812.598000]: [mission] postura "home" comandada: [0.0, 1.108, -1.021, -1.894, 0.0]
[INFO] [1791584511.281013, 826.799000]: [mission] HOME_POSITION: braço em HOME POSITION (J1/J5 em zero, J2/J3/J4 nos switches)
[INFO] [1791584511.282249, 826.800000]: State machine transitioning 'HOME_POSITION':'ok'-->'SEARCH'
[INFO] [1791584511.284191, 826.802000]: [mission] postura "search" comandada: [0.0, 1.0, -1.0, 0.0, 0.0]
[INFO] [1791584521.919902, 837.203000]: [mission] SEARCH — girando à procura da tag...
[INFO] [1791584521.922009, 837.204000]: [mission] SEARCH: amostra quando a tag estiver a raio 0.35-0.50 do quadro (vista oblíqua; omega fina 0.15 rad/s)
[INFO] [1791584522.025457, 837.306000]: [mission] SEARCH: tag a raio 0.88 — girando até <= 0.50
[INFO] [1791584527.701174, 842.907000]: [mission] SEARCH: tag a raio 0.50 — parando
[INFO] [1791584527.703748, 842.909000]: [mission] tag avistada — parando para medir
[INFO] [1791584528.724911, 843.910000]: [mission] SEARCH: coleta com dither ±0.05 rad/s (período 3.0 s)
[INFO] [1791584533.680478, 848.787000]: [mission] SEARCH: 13 amostras — parede (0.014, 3.075, -0.003) yaw=3.003
[INFO] [1791584533.736523, 848.842000]: [mission] parede localizada em (0.014, 3.075, -0.003)
[INFO] [1791584533.743901, 848.849000]: State machine transitioning 'SEARCH':'found'-->'APPROACH'
[INFO] [1791584533.746478, 848.852000]: [mission] APPROACH etapa 1/2 — 1.30 m do olhal, alvo (0.01, 1.63, 1.43 rad)
[INFO] [1791584536.998710, 852.054000]: [mission] APPROACH: alinhado, avançando (0.76 m)
[INFO] [1791584537.049490, 852.104000]: [mission] teto por postura ativo no drive: v<=0.18 w<=0.50 rampa 0.46/1.51
[INFO] [1791584543.277250, 858.254000]: [mission] APPROACH: chegou, ajustando heading final
[INFO] [1791584543.327523, 858.304000]: [mission] teto por postura ativo no drive: v<=0.18 w<=0.50 rampa 0.46/1.51
[INFO] [1791584545.468803, 860.404000]: [mission] APPROACH: concluído
[INFO] [1791584546.492306, 861.406000]: [mission] APPROACH/remedida: coleta com dither ±0.05 rad/s (período 3.0 s)
[INFO] [1791584547.605268, 862.494000]: [mission] APPROACH/remedida: 10 amostras — parede (0.002, 2.988, -0.001) yaw=-3.119
[INFO] [1791584547.660043, 862.548000]: [mission] APPROACH/remedida: parede pelo LASER — 85 pontos, resíduo 4.9 mm: profundidade -10.3 mm e yaw -1.44° em relação à tag → parede (0.002, 2.998, -0.001) yaw=3.139
[INFO] [1791584547.662812, 862.551000]: [mission] APPROACH etapa 2/2 — 0.88 m do olhal, alvo (0.37, 1.99, 1.57 rad)
[INFO] [1791584552.394826, 867.203000]: [mission] APPROACH: alinhado, avançando (0.55 m)
[INFO] [1791584552.445530, 867.253000]: [mission] teto por postura ativo no drive: v<=0.18 w<=0.50 rampa 0.46/1.51
[INFO] [1791584556.862607, 871.603000]: [mission] APPROACH: chegou, ajustando heading final
[INFO] [1791584562.333817, 877.003000]: [mission] APPROACH: concluído
[INFO] [1791584562.342216, 877.011000]: State machine transitioning 'APPROACH':'arrived'-->'REFINE'
[INFO] [1791584562.345039, 877.014000]: [mission] REFINE — remedindo a parede de perto (10 amostras)
[INFO] [1791584562.347186, 877.016000]: [mission] REFINE: coleta com dither ±0.05 rad/s (período 3.0 s)
[INFO] [1791584570.593603, 885.139000]: [mission] REFINE: 10 amostras — parede (0.002, 2.999, -0.002) yaw=-3.127
[INFO] [1791584570.648497, 885.194000]: [mission] REFINE: parede pelo LASER — 89 pontos, resíduo 5.0 mm: profundidade -1.1 mm e yaw -0.87° em relação à tag → parede (0.002, 3.000, -0.002) yaw=3.141
[INFO] [1791584570.650862, 885.196000]: [mission] REFINE: deslocou 0.002 m da estimativa anterior
[INFO] [1791584570.652673, 885.198000]: [mission] olhal estimado em (0.202, 2.870, 0.803)
[INFO] [1791584570.658931, 885.204000]: State machine transitioning 'REFINE':'ok'-->'DEPLOY'
[INFO] [1791584570.660820, 885.206000]: [mission] DEPLOY: IK resolvida para a POSE DE MANIPULAÇÃO (0.20, 2.25, 1.57 rad), não para a atual
[INFO] [1791584575.338668, 885.208000]: [mission] DEPLOY: IK nivelada 0.0712 m, só eixo 0.0014 m — a MISSÃO INTEIRA usa "eixo"
[INFO] [1791584575.344218, 889.884000]: [mission] DEPLOY: IK da ponta resolvida (resíduo 0.0014 m, degrau 0.4°) — pré-posicionando em [-10.9 -46.6  60.   78.6 -10.9] graus
[INFO] [1791584586.120509, 900.487000]: [mission] plano de exclusão publicado: parede em [ 2.e-03  3.e+00 -2.e-03], normal segura [-0.001 -1.     0.   ]
[INFO] [1791584586.330813, 900.695000]: [mission] teto por postura ativo no drive: v<=0.26 w<=0.50 rampa 0.55/1.61
[INFO] [1791584589.034140, 903.344000]: [mission] DEPLOY/aproxima: alinhado, avançando (0.42 m)
[INFO] [1791584593.339854, 907.594000]: [mission] DEPLOY/aproxima: chegou, ajustando heading final
[INFO] [1791584597.708170, 911.895000]: [mission] DEPLOY/aproxima: concluído
[INFO] [1791584597.710218, 911.897000]: State machine transitioning 'DEPLOY':'ok'-->'MANIPULATE'
[INFO] [1791584597.713175, 911.899000]: [mission] fase "orienta": modo IK iterativa (YAML)
[INFO] [1791584600.463021, 914.602000]: [mission] fase "orienta" it0: ponta (0.293, 2.726, 0.810) erro=0.0064 | degrau eixo 0.1° | rolagem 0.0° | IK pediu [-16.9 -45.4  58.4  77.2 -12.5] | faltou [ 0.5 -0.1 -0.2  0.2  0. ] graus
[INFO] [1791584600.465868, 914.605000]: [mission] fase "orienta" alcançada em 1 iteração(ões) (0.0064 m)
[INFO] [1791584600.990766, 915.112000]: [mission] fase "aproxima_lateral": modo IK iterativa (YAML)
[INFO] [1791584606.517118, 920.562000]: [mission] fase "aproxima_lateral" it0: ponta (0.294, 2.873, 0.812) erro=0.0113 | degrau eixo 2.5° | rolagem 2.5° | IK pediu [-13.5 -16.    0.4  91.3  -9.8] | faltou [0. 0. 0. 0. 0.] graus
[INFO] [1791584606.521096, 920.566000]: [mission] fase "aproxima_lateral" it0: no frame da parede eixo=+1.8 prof=+11.0 alt=+1.7 mm (tolerância 40/8/5)
[INFO] [1791584608.956348, 922.969000]: [mission] fase "aproxima_lateral" it1: ponta (0.291, 2.857, 0.813) erro=0.0047 | degrau eixo 1.8° | rolagem 1.9° | IK pediu [-13.4 -16.2   0.   95.8 -10.3] | faltou [0. 0. 0. 0. 0.] graus
[INFO] [1791584608.960175, 922.973000]: [mission] fase "aproxima_lateral" it1: no frame da parede eixo=-0.4 prof=-4.6 alt=+0.4 mm (tolerância 40/8/5)
[INFO] [1791584608.961829, 922.975000]: [mission] fase "aproxima_lateral" alcançada em 2 iteração(ões) (0.0047 m)
[INFO] [1791584609.471789, 923.480000]: [mission] fase "atravessa": modo IK iterativa (YAML)
[INFO] [1791584612.793330, 926.750000]: [mission] fase "atravessa" it0: ponta (0.212, 2.869, 0.814) erro=0.0072 | degrau eixo 0.4° | rolagem 0.4° | IK pediu [ -5.6 -16.6   0.4  97.1  -2.8] | faltou [0. 0. 0. 0. 0.] graus
[INFO] [1791584612.798196, 926.756000]: [mission] fase "atravessa" it0: no frame da parede eixo=+2.0 prof=+6.9 alt=-0.3 mm (tolerância 8/6/5)
[INFO] [1791584615.200717, 929.108000]: [mission] fase "atravessa" it1: ponta (0.208, 2.861, 0.809) erro=0.0046 | degrau eixo 0.3° | rolagem 0.4° | IK pediu [ -5.4 -17.2   1.1  99.3  -2.8] | faltou [ 0.1 -0.6  0.2 -0.4  0.1] graus
[INFO] [1791584615.202311, 929.110000]: [mission] fase "atravessa" it1: no frame da parede eixo=-1.4 prof=-1.0 alt=+4.3 mm (tolerância 8/6/5)
[INFO] [1791584615.203162, 929.110000]: [mission] fase "atravessa" alcançada em 2 iteração(ões) (0.0046 m)
[INFO] [1791584615.708994, 929.614000]: [mission] fase "captura": modo IK iterativa (YAML)
[INFO] [1791584621.370701, 935.185000]: [mission] fase "captura" it0: ponta (0.209, 2.863, 0.803) erro=0.0122 | degrau eixo 0.5° | rolagem 0.4° | IK pediu [ -5.4 -19.3   0.5  99.1  -2.9] | faltou [ 0.1 -2.1  6.  -0.7 -0.3] graus
[WARN] [1791584661.943011, 975.038000]: [mission] RETRACT: ponta a 0.135 m do olhal — saindo em degraus: sobe 30 mm, 120 mm pelo eixo do furo, 100 mm para fora, antes de recolher
[INFO] [1791584621.373060, 935.187000]: [mission] fase "captura" it0: no frame da parede eixo=-0.8 prof=-7.2 alt=-9.8 mm (tolerância 8/6/10)
[INFO] [1791584626.677838, 940.389000]: [mission] fase "captura" it1: ponta (0.209, 2.862, 0.794) erro=0.0078 | degrau eixo 0.5° | rolagem 0.2° | IK pediu [ -5.4 -22.    4.1  98.6  -3.1] | faltou [-0.   4.8 -9.6  9.9 -0.1] graus
[INFO] [1791584626.679366, 940.390000]: [mission] fase "captura" it1: no frame da parede eixo=-0.7 prof=-7.8 alt=-0.7 mm (tolerância 8/6/10)
[INFO] [1791584631.201288, 944.821000]: [mission] fase "captura" it2: ponta (0.211, 2.869, 0.781) erro=0.0129 | degrau eixo 0.5° | rolagem 0.5° | IK pediu [ -5.6 -18.2  -5.2 103.8  -3.1] | faltou [-0.3  1.9 -6.   4.7 -0.2] graus
[INFO] [1791584631.204208, 944.824000]: [mission] fase "captura" it2: no frame da parede eixo=+0.7 prof=-1.0 alt=+12.8 mm (tolerância 8/6/10)
[INFO] [1791584638.917027, 952.365000]: [mission] fase "captura" it3: ponta (0.208, 2.864, 0.805) erro=0.0129 | degrau eixo 0.6° | rolagem 0.4° | IK pediu [ -5.7 -15.4  -8.2 102.9  -3. ] | faltou [-0.   3.7 -6.4  5.6  0. ] graus
[INFO] [1791584638.922654, 952.370000]: [mission] fase "captura" it3: no frame da parede eixo=-1.5 prof=-5.3 alt=-11.7 mm (tolerância 8/6/10)
[INFO] [1791584644.553305, 957.910000]: [mission] fase "captura" it4: ponta (0.213, 2.866, 0.793) erro=0.0047 | degrau eixo 0.7° | rolagem 0.6° | IK pediu [ -5.9 -15.6 -10.3 103.7  -3.1] | faltou [-0.3  2.3 -4.3  4.8 -0.4] graus
[INFO] [1791584644.558423, 957.917000]: [mission] fase "captura" it4: no frame da parede eixo=+3.1 prof=-3.5 alt=+0.9 mm (tolerância 8/6/10)
[INFO] [1791584644.560154, 957.918000]: [mission] fase "captura" alcançada em 5 iteração(ões) (0.0047 m)
[INFO] [1791584644.567920, 957.926000]: [mission] captura: ponta registrada em eixo=-11.1 prof=+3.5 alt=-10.9 mm (zero da descida do destrava e da deriva de eixo)
[INFO] [1791584645.082859, 958.428000]: [mission] fase "destrava": alvo em altura relativo à captura: -30.9 mm (captura -10.9 − curso 18 − margem 2)
[INFO] [1791584645.084769, 958.429000]: [mission] fase "destrava": modo whole-body/Fuzzy (YAML)
[INFO] [1791584645.293569, 958.630000]: [mission] plano de exclusão publicado: parede em [ 2.e-03  3.e+00 -2.e-03], normal segura [-0.001 -1.     0.   ]
[INFO] [1791584645.598829, 958.933000]: [mission] fase "destrava": whole-body assumiu (base livre, restrita pelo plano de exclusão)
[INFO] [1791584645.600005, 958.934000]: [mission] fase "destrava": whole-body a 0.0275 m do alvo — eixo=+11.1 prof=-4.4 alt=-24.8 mm
[INFO] [1791584647.407430, 960.733000]: [mission] fase "destrava" alcançada por whole-body em 1.8s (0.0087 m) — no frame da parede eixo=+8.7 prof=-0.6 alt=+0.1 mm (tolerância 10/6/4)
[INFO] [1791584647.627229, 960.947000]: [mission] destrava: ponta desceu 19.3 mm desde a captura (critério observável) | lingueta 12.3 mm (só na simulação)
[INFO] [1791584647.629426, 960.949000]: [mission] destrava: lingueta em 12.3 mm — gatilho solto
[INFO] [1791584648.143296, 961.451000]: [mission] fase "libera": modo whole-body/Fuzzy (YAML)
[INFO] [1791584648.350767, 961.653000]: [mission] plano de exclusão publicado: parede em [ 2.e-03  3.e+00 -2.e-03], normal segura [-0.001 -1.     0.   ]
[INFO] [1791584648.655859, 961.957000]: [mission] fase "libera": whole-body assumiu (base livre, restrita pelo plano de exclusão)
[INFO] [1791584648.657614, 961.958000]: [mission] fase "libera": whole-body a 0.0305 m do alvo — eixo=+8.7 prof=+29.1 alt=+2.4 mm
[INFO] [1791584650.790203, 964.059000]: [mission] fase "libera": whole-body a 0.0216 m do alvo — eixo=+7.7 prof=+20.2 alt=+1.0 mm
[INFO] [1791584652.311503, 965.559000]: [mission] fase "libera" alcançada por whole-body em 3.6s (0.0083 m) — no frame da parede eixo=+6.5 prof=+5.2 alt=+0.3 mm (tolerância 40/8/6)
[INFO] [1791584653.033725, 966.267000]: [mission] fase "arco1"/puxa: RECUANDO 0.022 m só com as rodas
[INFO] [1791584653.495438, 966.719000]: [mission] fase "arco1"/puxa: concluído (0.024 m)
[INFO] [1791584653.497389, 966.721000]: [mission] fase "arco1": modo whole-body/Fuzzy (YAML)
[INFO] [1791584653.702449, 966.923000]: [mission] plano de exclusão publicado: parede em [ 2.e-03  3.e+00 -2.e-03], normal segura [-0.001 -1.     0.   ]
[INFO] [1791584654.010113, 967.226000]: [mission] fase "arco1": whole-body assumiu (base livre, restrita pelo plano de exclusão)
[INFO] [1791584654.012073, 967.227000]: [mission] fase "arco1": whole-body a 0.0151 m do alvo — eixo=+6.5 prof=-8.3 alt=-10.8 mm
[INFO] [1791584654.414562, 967.627000]: [mission] fase "arco1" alcançada por whole-body em 0.4s (0.0076 m) — no frame da parede eixo=+6.5 prof=-3.8 alt=-1.1 mm (tolerância 40/10/15)
[INFO] [1791584654.417295, 967.629000]: [mission] arco1: SOLTURA observável — recuo 52.1 mm desde a captura (mín 40) com deriva de eixo +4.6 mm → SOLTA
[INFO] [1791584654.631807, 967.842000]: [mission] waypoint de 15° — lâmina medida em 15.1° (abertura por CONTATO)
[INFO] [1791584655.149895, 968.345000]: [mission] fase "arco2"/puxa: RECUANDO 0.048 m só com as rodas
[INFO] [1791584656.119023, 969.296000]: [mission] fase "arco2"/puxa: concluído (0.050 m)
[INFO] [1791584656.120366, 969.297000]: [mission] fase "arco2": modo whole-body/Fuzzy (YAML)
[INFO] [1791584656.324911, 969.500000]: [mission] plano de exclusão publicado: parede em [ 2.e-03  3.e+00 -2.e-03], normal segura [-0.001 -1.     0.   ]
[INFO] [1791584656.629476, 969.805000]: [mission] fase "arco2": whole-body assumiu (base livre, restrita pelo plano de exclusão)
[INFO] [1791584656.633707, 969.809000]: [mission] fase "arco2": whole-body a 0.0144 m do alvo — eixo=+6.5 prof=+6.2 alt=-11.3 mm
[INFO] [1791584657.039941, 970.208000]: [mission] fase "arco2" alcançada por whole-body em 0.4s (0.0079 m) — no frame da parede eixo=+6.5 prof=+1.6 alt=-4.1 mm (tolerância 40/10/15)
[INFO] [1791584657.253793, 970.418000]: [mission] waypoint de 30° — lâmina medida em 31.6° (abertura por CONTATO)
[INFO] [1791584657.764068, 970.920000]: [mission] fase "desengata": modo IK iterativa (YAML)
[INFO] [1791584661.005925, 974.123000]: [mission] fase "desengata" it0: ponta (0.292, 2.781, 0.753) erro=0.0110 | degrau eixo 2.7° | rolagem 2.8° | IK pediu [-12.6 -23.9  -0.   98.6 -10. ] | faltou [ 0.2  1.6 -3.3  1.6 -0.2] graus
[INFO] [1791584661.007019, 974.124000]: [mission] fase "desengata" alcançada em 1 iteração(ões) (0.0110 m)
[INFO] [1791584661.532093, 974.631000]: [mission] MANIPULATE concluída — chave ABERTA, lâmina medida em 32.5°
[INFO] [1791584661.534415, 974.636000]: State machine transitioning 'MANIPULATE':'done'-->'RETRACT'
[INFO] [1791584664.583549, 977.641000]: [mission] fase "saida_sobe" it0: ponta (0.293, 2.791, 0.783) erro=0.0080 | degrau eixo 2.3° | rolagem 2.3° | IK pediu [-12.6 -20.1  -0.   97.3 -10.2] | faltou [0. 0. 0. 0. 0.] graus
[INFO] [1791584664.588920, 977.646000]: [mission] fase "saida_sobe" it0: no frame da parede eixo=+0.8 prof=+7.9 alt=+0.4 mm (tolerância 30/20/10)
[INFO] [1791584664.591741, 977.650000]: [mission] fase "saida_sobe" alcançada em 1 iteração(ões) (0.0080 m)
[INFO] [1791584670.633243, 983.611000]: [mission] fase "saida_eixo" it0: ponta (0.410, 2.800, 0.783) erro=0.0172 | degrau eixo 6.3° | rolagem 6.4° | IK pediu [-23.5 -19.2  -0.   91.6 -20.5] | faltou [ 0.6  0.8 -1.6  0.8  0. ] graus
[INFO] [1791584670.635840, 983.614000]: [mission] fase "saida_eixo" it0: no frame da parede eixo=-2.2 prof=+17.0 alt=-0.3 mm (tolerância 20/20/15)
[INFO] [1791584670.637682, 983.616000]: [mission] fase "saida_eixo" alcançada em 1 iteração(ões) (0.0172 m)
[INFO] [1791584679.686331, 992.518000]: [mission] fase "saida_fora" it0: ponta (0.410, 2.706, 0.783) erro=0.0227 | degrau eixo 0.1° | rolagem 0.1° | IK pediu [-28.  -34.5  28.6  96.2 -26.2] | faltou [ 0.4 -0.   0.  -0.   0. ] graus
[INFO] [1791584679.688881, 992.521000]: [mission] fase "saida_fora" it0: no frame da parede eixo=-1.6 prof=+22.6 alt=+0.3 mm (tolerância 30/20/20)
[INFO] [1791584687.183555, 999.923000]: [mission] fase "saida_fora" it1: ponta (0.413, 2.683, 0.783) erro=0.0015 | degrau eixo 0.1° | rolagem 0.0° | IK pediu [-30.1 -46.7  52.4  84.5 -28.5] | faltou [-0.1 -0.1  0.  -0.1 -0. ] graus
[INFO] [1791584687.188135, 999.928000]: [mission] fase "saida_fora" it1: no frame da parede eixo=+1.3 prof=-0.5 alt=+0.3 mm (tolerância 30/20/20)
[INFO] [1791584687.191020, 999.931000]: [mission] fase "saida_fora" alcançada em 2 iteração(ões) (0.0015 m)
[INFO] [1791584687.192411, 999.933000]: [mission] RETRACT/afasta: RECUANDO 0.250 m só com as rodas
[INFO] [1791584691.754127, 1004.434000]: [mission] RETRACT/afasta: concluído (0.252 m)
[INFO] [1791584691.756036, 1004.435000]: [mission] postura "stow_home" comandada: [0.0, 1.1, -1.04, -1.8, 0.0]
[INFO] [1791584706.670455, 1019.137000]: State machine transitioning 'RETRACT':'ok'-->'RETURN'
[INFO] [1791584706.671464, 1019.137000]: [mission] RETURN — voltando a (0.00, 1.00, 0.10 rad)
[INFO] [1791584718.646289, 1030.938000]: [mission] RETURN: alinhado, avançando (1.31 m)
[INFO] [1791584718.698797, 1030.988000]: [mission] teto por postura ativo no drive: v<=0.24 w<=0.50 rampa 0.53/1.51
[INFO] [1791584728.482740, 1040.638000]: [mission] RETURN: chegou, ajustando heading final
[INFO] [1791584728.535917, 1040.690000]: [mission] teto por postura ativo no drive: v<=0.24 w<=0.50 rampa 0.52/1.51
[INFO] [1791584736.083520, 1048.138000]: [mission] RETURN: concluído
[INFO] [1791584736.091619, 1048.145000]: [mission] RETURN/home: procurando os fins de curso (J4, J3, J2, J5, J1)
[INFO] [1791584771.063245, 1082.648000]: [mission] RETURN/home: cinco switches achados — referência das juntas estabelecida
[INFO] [1791584771.066758, 1082.651000]: [mission] postura "home" comandada: [0.0, 1.108, -1.021, -1.894, 0.0]
[INFO] [1791584785.188393, 1096.554000]: [mission] RETURN/home: braço em HOME POSITION (J1/J5 em zero, J2/J3/J4 nos switches)
[INFO] [1791584785.189717, 1096.555000]: State machine terminating 'RETURN':'home':'MISSION_OK'
[INFO] [1791584785.190915, 1096.556000]: [mission] resultado: MISSION_OK
... logging to /home/marco/.ros/log/d86e8abc-c42d-11f1-bbb4-b025aa85b2a2/roslaunch-shiroi-223820.log
Checking log directory for disk usage. This may take a while.
Press Ctrl-C to interrupt
]2;/home/marco/b166er/src/b166er_whole_body_control/launch/chave_mission.launch
[1mstarted roslaunch server http://shiroi:46215/[0m

SUMMARY
========

PARAMETERS
 * /chave_mission/ancora_base: False
 * /chave_mission/estado_final: 
 * /chave_mission/estado_inicial: HOMING
 * /chave_mission/pausa_por_fase: False
 * /chave_mission/search_omega: 0.35
 * /chave_mission/standoff_distance: 0.62
 * /chave_mission/use_wholebody: False
 * /chave_seccionadora_task/aproxima_lateral/modo: ik
 * /chave_seccionadora_task/aproxima_lateral/offset_xyz_m: [-0.09, 0.008, 0.01]
 * /chave_seccionadora_task/aproxima_lateral/tol_xyz_m: [0.04, 0.008, 0.005]
 * /chave_seccionadora_task/arco1/blade_angle_deg: 15
 * /chave_seccionadora_task/arco1/deriva_eixo_max_m: 0.015
 * /chave_seccionadora_task/arco1/modo: wb
 * /chave_seccionadora_task/arco1/offset_xyz_m: [0.0, 0.0518, -0....
 * /chave_seccionadora_task/arco1/soltura_recuo_min_m: 0.04
 * /chave_seccionadora_task/arco1/tol_xyz_m: [0.04, 0.01, 0.015]
 * /chave_seccionadora_task/arco2/blade_angle_deg: 30
 * /chave_seccionadora_task/arco2/deriva_eixo_max_m: 0.015
 * /chave_seccionadora_task/arco2/modo: wb
 * /chave_seccionadora_task/arco2/offset_xyz_m: [0.0, 0.1, -0.0518]
 * /chave_seccionadora_task/arco2/tol_xyz_m: [0.04, 0.01, 0.015]
 * /chave_seccionadora_task/atravessa/modo: ik
 * /chave_seccionadora_task/atravessa/offset_xyz_m: [-0.008, 0.008, 0...
 * /chave_seccionadora_task/atravessa/tol_xyz_m: [0.008, 0.006, 0....
 * /chave_seccionadora_task/captura/modo: ik
 * /chave_seccionadora_task/captura/offset_xyz_m: [-0.008, 0.0, -0.01]
 * /chave_seccionadora_task/captura/tol_xyz_m: [0.008, 0.006, 0.01]
 * /chave_seccionadora_task/desengata/modo: ik
 * /chave_seccionadora_task/desengata/offset_xyz_m: [-0.09, 0.1, -0.0...
 * /chave_seccionadora_task/destrava/curso_estagna_m: 0.01
 * /chave_seccionadora_task/destrava/curso_margem_m: 0.002
 * /chave_seccionadora_task/destrava/curso_min_m: 0.018
 * /chave_seccionadora_task/destrava/curso_teto_m: 0.022
 * /chave_seccionadora_task/destrava/modo: wb
 * /chave_seccionadora_task/destrava/offset_xyz_m: [0.0, 0.0, -0.025]
 * /chave_seccionadora_task/destrava/tol_xyz_m: [0.01, 0.006, 0.004]
 * /chave_seccionadora_task/libera/deriva_eixo_max_m: 0.015
 * /chave_seccionadora_task/libera/modo: wb
 * /chave_seccionadora_task/libera/offset_xyz_m: [0.0, 0.03, -0.025]
 * /chave_seccionadora_task/libera/tol_xyz_m: [0.04, 0.008, 0.006]
 * /chave_seccionadora_task/orienta/modo: ik
 * /chave_seccionadora_task/orienta/offset_xyz_m: [-0.09, 0.15, 0.0...
 * /chave_seccionadora_task/reassenta_sobe/tol_xyz_m: [0.03, 0.02, 0.005]
 * /chave_seccionadora_task/saida_eixo/tol_xyz_m: [0.02, 0.02, 0.015]
 * /chave_seccionadora_task/saida_fora/tol_xyz_m: [0.03, 0.02, 0.02]
 * /chave_seccionadora_task/saida_sobe/tol_xyz_m: [0.03, 0.02, 0.01]
 * /chave_seccionadora_task/target_frame: chave_olhal_link
 * /fuzzy_wb_controller/fixed_gains: []
 * /rosdistro: noetic
 * /rosversion: 1.17.4

NODES
  /
    chave_mission (b166er_whole_body_control/chave_mission.py)

[1mROS_MASTER_URI=http://localhost:11311[0m
]2;/home/marco/b166er/src/b166er_whole_body_control/launch/chave_mission.launch http://localhost:11311
[1mprocess[chave_mission-1]: started with pid [223864][0m
[1m[chave_mission-1] process has finished cleanly
log file: /home/marco/.ros/log/d86e8abc-c42d-11f1-bbb4-b025aa85b2a2/chave_mission-1*.log[0m
all processes on machine have died, roslaunch will exit
shutting down processing monitor...
... shutting down processing monitor complete
[1mdone[0m
