Linked: (/Users/marcoreis/b166er/devel/.private/rosserial_msgs/include/rosserial_msgs/RequestParamRequest.h, /Users/marcoreis/b166er/devel/include/rosserial_msgs/RequestParamRequest.h)
Linked: (/Users/marcoreis/b166er/devel/.private/rosserial_msgs/include/rosserial_msgs/TopicInfo.h, /Users/marcoreis/b166er/devel/include/rosserial_msgs/TopicInfo.h)
Linked: (/Users/marcoreis/b166er/devel/.private/rosserial_msgs/include/rosserial_msgs/Log.h, /Users/marcoreis/b166er/devel/include/rosserial_msgs/Log.h)
Linked: (/Users/marcoreis/b166er/devel/.private/rosserial_msgs/include/rosserial_msgs/RequestParam.h, /Users/marcoreis/b166er/devel/include/rosserial_msgs/RequestParam.h)
Linked: (/Users/marcoreis/b166er/devel/.private/rosserial_msgs/include/rosserial_msgs/RequestParamResponse.h, /Users/marcoreis/b166er/devel/include/rosserial_msgs/RequestParamResponse.h)
Linked: (/Users/marcoreis/b166er/devel/.private/rosserial_msgs/lib/pkgconfig/rosserial_msgs.pc, /Users/marcoreis/b166er/devel/lib/pkgconfig/rosserial_msgs.pc)
Linked: (/Users/marcoreis/b166er/devel/.private/rosserial_msgs/lib/python3.11/site-packages/rosserial_msgs/__init__.py, /Users/marcoreis/b166er/devel/lib/python3.11/site-packages/rosserial_msgs/__init__.py)
Linked: (/Users/marcoreis/b166er/devel/.private/rosserial_msgs/lib/python3.11/site-packages/rosserial_msgs/msg/_TopicInfo.py, /Users/marcoreis/b166er/devel/lib/python3.11/site-packages/rosserial_msgs/msg/_TopicInfo.py)
Linked: (/Users/marcoreis/b166er/devel/.private/rosserial_msgs/lib/python3.11/site-packages/rosserial_msgs/msg/__init__.py, /Users/marcoreis/b166er/devel/lib/python3.11/site-packages/rosserial_msgs/msg/__init__.py)
Linked: (/Users/marcoreis/b166er/devel/.private/rosserial_msgs/lib/python3.11/site-packages/rosserial_msgs/msg/_Log.py, /Users/marcoreis/b166er/devel/lib/python3.11/site-packages/rosserial_msgs/msg/_Log.py)
Linked: (/Users/marcoreis/b166er/devel/.private/rosserial_msgs/lib/python3.11/site-packages/rosserial_msgs/srv/_RequestParam.py, /Users/marcoreis/b166er/devel/lib/python3.11/site-packages/rosserial_msgs/srv/_RequestParam.py)
Linked: (/Users/marcoreis/b166er/devel/.private/rosserial_msgs/lib/python3.11/site-packages/rosserial_msgs/srv/__init__.py, /Users/marcoreis/b166er/devel/lib/python3.11/site-packages/rosserial_msgs/srv/__init__.py)
Linked: (/Users/marcoreis/b166er/devel/.private/rosserial_msgs/share/rosserial_msgs/cmake/rosserial_msgs-msg-extras.cmake, /Users/marcoreis/b166er/devel/share/rosserial_msgs/cmake/rosserial_msgs-msg-extras.cmake)
Linked: (/Users/marcoreis/b166er/devel/.private/rosserial_msgs/share/rosserial_msgs/cmake/rosserial_msgsConfig.cmake, /Users/marcoreis/b166er/devel/share/rosserial_msgs/cmake/rosserial_msgsConfig.cmake)
Linked: (/Users/marcoreis/b166er/devel/.private/rosserial_msgs/share/rosserial_msgs/cmake/rosserial_msgs-msg-paths.cmake, /Users/marcoreis/b166er/devel/share/rosserial_msgs/cmake/rosserial_msgs-msg-paths.cmake)
Linked: (/Users/marcoreis/b166er/devel/.private/rosserial_msgs/share/rosserial_msgs/cmake/rosserial_msgsConfig-version.cmake, /Users/marcoreis/b166er/devel/share/rosserial_msgs/cmake/rosserial_msgsConfig-version.cmake)
Linked: (/Users/marcoreis/b166er/devel/.private/rosserial_msgs/share/roseus/ros/rosserial_msgs/manifest.l, /Users/marcoreis/b166er/devel/share/roseus/ros/rosserial_msgs/manifest.l)
Linked: (/Users/marcoreis/b166er/devel/.private/rosserial_msgs/share/roseus/ros/rosserial_msgs/msg/Log.l, /Users/marcoreis/b166er/devel/share/roseus/ros/rosserial_msgs/msg/Log.l)
Linked: (/Users/marcoreis/b166er/devel/.private/rosserial_msgs/share/roseus/ros/rosserial_msgs/msg/TopicInfo.l, /Users/marcoreis/b166er/devel/share/roseus/ros/rosserial_msgs/msg/TopicInfo.l)
Linked: (/Users/marcoreis/b166er/devel/.private/rosserial_msgs/share/roseus/ros/rosserial_msgs/srv/RequestParam.l, /Users/marcoreis/b166er/devel/share/roseus/ros/rosserial_msgs/srv/RequestParam.l)
Linked: (/Users/marcoreis/b166er/devel/.private/rosserial_msgs/share/common-lisp/ros/rosserial_msgs/msg/_package_Log.lisp, /Users/marcoreis/b166er/devel/share/common-lisp/ros/rosserial_msgs/msg/_package_Log.lisp)
Linked: (/Users/marcoreis/b166er/devel/.private/rosserial_msgs/share/common-lisp/ros/rosserial_msgs/msg/TopicInfo.lisp, /Users/marcoreis/b166er/devel/share/common-lisp/ros/rosserial_msgs/msg/TopicInfo.lisp)
Linked: (/Users/marcoreis/b166er/devel/.private/rosserial_msgs/share/common-lisp/ros/rosserial_msgs/msg/rosserial_msgs-msg.asd, /Users/marcoreis/b166er/devel/share/common-lisp/ros/rosserial_msgs/msg/rosserial_msgs-msg.asd)
Linked: (/Users/marcoreis/b166er/devel/.private/rosserial_msgs/share/common-lisp/ros/rosserial_msgs/msg/_package.lisp, /Users/marcoreis/b166er/devel/share/common-lisp/ros/rosserial_msgs/msg/_package.lisp)
Linked: (/Users/marcoreis/b166er/devel/.private/rosserial_msgs/share/common-lisp/ros/rosserial_msgs/msg/_package_TopicInfo.lisp, /Users/marcoreis/b166er/devel/share/common-lisp/ros/rosserial_msgs/msg/_package_TopicInfo.lisp)
Linked: (/Users/marcoreis/b166er/devel/.private/rosserial_msgs/share/common-lisp/ros/rosserial_msgs/msg/Log.lisp, /Users/marcoreis/b166er/devel/share/common-lisp/ros/rosserial_msgs/msg/Log.lisp)
Linked: (/Users/marcoreis/b166er/devel/.private/rosserial_msgs/share/common-lisp/ros/rosserial_msgs/srv/RequestParam.lisp, /Users/marcoreis/b166er/devel/share/common-lisp/ros/rosserial_msgs/srv/RequestParam.lisp)
Linked: (/Users/marcoreis/b166er/devel/.private/rosserial_msgs/share/common-lisp/ros/rosserial_msgs/srv/_package_RequestParam.lisp, /Users/marcoreis/b166er/devel/share/common-lisp/ros/rosserial_msgs/srv/_package_RequestParam.lisp)
Linked: (/Users/marcoreis/b166er/devel/.private/rosserial_msgs/share/common-lisp/ros/rosserial_msgs/srv/rosserial_msgs-srv.asd, /Users/marcoreis/b166er/devel/share/common-lisp/ros/rosserial_msgs/srv/rosserial_msgs-srv.asd)
Linked: (/Users/marcoreis/b166er/devel/.private/rosserial_msgs/share/common-lisp/ros/rosserial_msgs/srv/_package.lisp, /Users/marcoreis/b166er/devel/share/common-lisp/ros/rosserial_msgs/srv/_package.lisp)
Linked: (/Users/marcoreis/b166er/devel/.private/rosserial_msgs/share/gennodejs/ros/rosserial_msgs/_index.js, /Users/marcoreis/b166er/devel/share/gennodejs/ros/rosserial_msgs/_index.js)
Linked: (/Users/marcoreis/b166er/devel/.private/rosserial_msgs/share/gennodejs/ros/rosserial_msgs/msg/_index.js, /Users/marcoreis/b166er/devel/share/gennodejs/ros/rosserial_msgs/msg/_index.js)
Linked: (/Users/marcoreis/b166er/devel/.private/rosserial_msgs/share/gennodejs/ros/rosserial_msgs/msg/TopicInfo.js, /Users/marcoreis/b166er/devel/share/gennodejs/ros/rosserial_msgs/msg/TopicInfo.js)
Linked: (/Users/marcoreis/b166er/devel/.private/rosserial_msgs/share/gennodejs/ros/rosserial_msgs/msg/Log.js, /Users/marcoreis/b166er/devel/share/gennodejs/ros/rosserial_msgs/msg/Log.js)
Linked: (/Users/marcoreis/b166er/devel/.private/rosserial_msgs/share/gennodejs/ros/rosserial_msgs/srv/_index.js, /Users/marcoreis/b166er/devel/share/gennodejs/ros/rosserial_msgs/srv/_index.js)
Linked: (/Users/marcoreis/b166er/devel/.private/rosserial_msgs/share/gennodejs/ros/rosserial_msgs/srv/RequestParam.js, /Users/marcoreis/b166er/devel/share/gennodejs/ros/rosserial_msgs/srv/RequestParam.js)
