[31mWARNING: disk usage in log directory [/home/marco/.ros/log] is over 1GB.
It's recommended that you use the 'rosclean' command.[0m
the rosdep view is empty: call 'sudo rosdep init' and 'rosdep update'
[WARN] [1790798023.400242, 4471.961000]: [mission] SEARCH: 3 de 25 amostras descartadas como outlier (>0.15 m ou >0.20 rad da mediana)
[INFO] [1790798000.815098, 4449.684000]: garra_dx = 0.000 m (fechada)
[INFO] [1790798000.856575, 4449.725000]: State machine starting in initial state 'STOW_INIT' with userdata: 
	[]
[INFO] [1790798001.163725, 4450.027000]: [mission] pose de partida registrada: (0.04, 1.01, -0.10 rad)
[INFO] [1790798001.166254, 4450.029000]: [mission] postura "stow_home" comandada: [0.0, 1.13, -1.04, -1.8, 0.0]
[INFO] [1790798001.271300, 4450.131000]: State machine transitioning 'STOW_INIT':'ok'-->'SEARCH'
[INFO] [1790798001.274680, 4450.134000]: [mission] postura "search" comandada: [0.0, 1.0, -1.0, 0.0, 0.0]
[INFO] [1790798007.381039, 4456.136000]: [mission] SEARCH — girando à procura da tag...
[INFO] [1790798007.382948, 4456.137000]: [mission] SEARCH: amostra quando a tag estiver a raio 0.35-0.50 do quadro (vista oblíqua; omega fina 0.15 rad/s)
[INFO] [1790798009.826445, 4458.539000]: [mission] SEARCH: tag a raio 0.88 — girando até <= 0.50
[INFO] [1790798014.999326, 4463.641000]: [mission] SEARCH: tag a raio 0.49 — parando
[INFO] [1790798015.002440, 4463.644000]: [mission] tag avistada — parando para medir
[INFO] [1790798016.021872, 4464.653000]: [mission] âncora engatada (coleta do SEARCH)
[INFO] [1790798016.024408, 4464.656000]: [mission] SEARCH: coleta com dither ±0.05 rad/s (período 3.0 s)
[INFO] [1790798023.386240, 4471.948000]: [mission] âncora solta — 12 correções de deriva
[INFO] [1790798023.388213, 4471.950000]: [mission] SEARCH: âncora corrigiu a deriva 12 vez(es) durante a coleta
[INFO] [1790798023.401883, 4471.963000]: [mission] SEARCH: 22 amostras — parede (0.025, 3.106, -0.002) yaw=2.883
[INFO] [1790798023.402914, 4471.965000]: [mission] parede localizada em (0.025, 3.106, -0.002)
[INFO] [1790798023.408458, 4471.970000]: State machine transitioning 'SEARCH':'found'-->'APPROACH'
[INFO] [1790798023.410086, 4471.972000]: [mission] APPROACH etapa 1/2 — 1.30 m do olhal, alvo (-0.15, 1.67, 1.31 rad)
[INFO] [1790798023.411448, 4471.973000]: [mission] teto por postura ativo no drive: v<=0.17 w<=0.50 rampa 0.45/1.52
[INFO] [1790798028.301915, 4476.823000]: [mission] APPROACH: alinhado, avançando (0.88 m)
[INFO] [1790798028.503699, 4477.023000]: [mission] teto por postura ativo no drive: v<=0.17 w<=0.50 rampa 0.45/1.51
[INFO] [1790798035.325109, 4483.773000]: [mission] APPROACH: chegou, ajustando heading final
[INFO] [1790798035.375750, 4483.823000]: [mission] teto por postura ativo no drive: v<=0.17 w<=0.50 rampa 0.45/1.52
[INFO] [1790798039.325463, 4487.723000]: [mission] APPROACH: concluído
[INFO] [1790798040.344242, 4488.728000]: [mission] âncora engatada (coleta do APPROACH/remedida)
[INFO] [1790798040.346128, 4488.730000]: [mission] APPROACH/remedida: coleta com dither ±0.05 rad/s (período 3.0 s)
[INFO] [1790798041.499167, 4489.869000]: [mission] âncora solta — 4 correções de deriva
[INFO] [1790798041.500963, 4489.871000]: [mission] APPROACH/remedida: âncora corrigiu a deriva 4 vez(es) durante a coleta
[INFO] [1790798041.502633, 4489.872000]: [mission] APPROACH/remedida: 10 amostras — parede (0.006, 2.998, -0.003) yaw=-3.128
[INFO] [1790798041.504927, 4489.875000]: [mission] APPROACH etapa 2/2 — 0.88 m do olhal, alvo (0.39, 1.99, 1.58 rad)
[INFO] [1790798041.506508, 4489.876000]: [mission] teto por postura ativo no drive: v<=0.17 w<=0.50 rampa 0.45/1.51
[INFO] [1790798048.641451, 4496.926000]: [mission] APPROACH: alinhado, avançando (0.75 m)
[INFO] [1790798048.691912, 4496.976000]: [mission] teto por postura ativo no drive: v<=0.17 w<=0.50 rampa 0.45/1.51
[INFO] [1790798054.659115, 4502.876000]: [mission] APPROACH: chegou, ajustando heading final
[INFO] [1790798054.710440, 4502.927000]: [mission] teto por postura ativo no drive: v<=0.17 w<=0.50 rampa 0.45/1.52
[INFO] [1790798060.479077, 4508.626000]: [mission] APPROACH: concluído
[INFO] [1790798060.483000, 4508.630000]: State machine transitioning 'APPROACH':'arrived'-->'REFINE'
[INFO] [1790798060.483742, 4508.630000]: [mission] REFINE — remedindo a parede de perto (10 amostras)
[INFO] [1790798060.485906, 4508.633000]: [mission] âncora engatada (coleta do REFINE)
[INFO] [1790798060.486448, 4508.633000]: [mission] REFINE: coleta com dither ±0.05 rad/s (período 3.0 s)
[INFO] [1790798061.634991, 4509.772000]: [mission] âncora solta — 4 correções de deriva
[INFO] [1790798061.636256, 4509.773000]: [mission] REFINE: âncora corrigiu a deriva 4 vez(es) durante a coleta
[INFO] [1790798061.637840, 4509.774000]: [mission] REFINE: 10 amostras — parede (0.002, 3.006, -0.001) yaw=3.125
[INFO] [1790798061.639218, 4509.776000]: [mission] REFINE: deslocou 0.009 m da estimativa anterior
[INFO] [1790798061.640417, 4509.777000]: [mission] olhal estimado em (0.200, 2.872, 0.804)
[INFO] [1790798061.646306, 4509.783000]: State machine transitioning 'REFINE':'ok'-->'DEPLOY'
[INFO] [1790798061.647836, 4509.784000]: [mission] DEPLOY: IK resolvida para a POSE DE MANIPULAÇÃO (0.19, 2.25, 1.55 rad), não para a atual
[INFO] [1790798066.423409, 4511.674000]: [mission] DEPLOY: IK nivelada 0.0711 m, só eixo 0.0014 m — a MISSÃO INTEIRA usa "eixo"
[INFO] [1790798066.426543, 4514.559000]: [mission] DEPLOY: IK da ponta resolvida (resíduo 0.0014 m, degrau 0.4°) — pré-posicionando em [-10.9 -46.6  60.   78.5  79.1] graus
[INFO] [1790798073.433604, 4521.460000]: [mission] plano de exclusão publicado: parede em [ 2.000e-03  3.006e+00 -1.000e-03], normal segura [-0.017 -1.     0.   ]
[INFO] [1790798073.644778, 4521.668000]: [mission] teto por postura ativo no drive: v<=0.23 w<=0.50 rampa 0.52/1.64
[INFO] [1790798077.341576, 4525.318000]: [mission] DEPLOY/aproxima: alinhado, avançando (0.48 m)
[INFO] [1790798082.039757, 4529.969000]: [mission] DEPLOY/aproxima: chegou, ajustando heading final
[INFO] [1790798088.071034, 4535.918000]: [mission] DEPLOY/aproxima: concluído
[INFO] [1790798088.072866, 4535.920000]: State machine transitioning 'DEPLOY':'ok'-->'MANIPULATE'
[INFO] [1790798088.074891, 4535.922000]: [mission] fase "orienta": modo IK iterativa (YAML)
[INFO] [1790798088.078653, 4535.926000]: [mission] âncora engatada (fase "orienta")
[INFO] [1790798092.039270, 4539.829000]: [mission] fase "orienta" it0: ponta (0.289, 2.720, 0.814) erro=0.0025 | degrau eixo 0.1° | rolagem 0.1° | IK pediu [-20.9 -24.4  16.5  97.6  73.8] | faltou [0. 0. 0. 0. 0.] graus
[INFO] [1790798092.043906, 4539.832000]: [mission] âncora solta — 3 correções de deriva
[INFO] [1790798092.048536, 4539.838000]: [mission] fase "orienta" alcançada em 1 iteração(ões) (0.0025 m) — âncora corrigiu 3 vez(es)
[INFO] [1790798092.562014, 4540.347000]: [mission] fase "aproxima_lateral": modo IK iterativa (YAML)
[INFO] [1790798092.566842, 4540.351000]: [mission] âncora engatada (fase "aproxima_lateral")
[INFO] [1790798095.284836, 4543.019000]: [mission] fase "aproxima_lateral" it0: ponta (0.290, 2.868, 0.809) erro=0.0072 | degrau eixo 5.9° | rolagem 6.1° | IK pediu [-17.4 -13.    0.   76.   78.4] | faltou [ 0.  -0.3 -0.3 -0.2  0. ] graus
[INFO] [1790798095.288114, 4543.023000]: [mission] fase "aproxima_lateral" it0: no frame da parede eixo=+0.4 prof=+4.9 alt=+5.2 mm (tolerância 40/8/5)
[INFO] [1790798096.711216, 4544.428000]: [mission] fase "aproxima_lateral" it1: ponta (0.290, 2.863, 0.813) erro=0.0009 | degrau eixo 5.6° | rolagem 6.1° | IK pediu [-17.5 -12.9   0.   77.1  78.2] | faltou [ 0.1 -0.2 -0.6 -1.   0.1] graus
[INFO] [1790798096.714572, 4544.431000]: [mission] fase "aproxima_lateral" it1: no frame da parede eixo=+0.2 prof=+0.1 alt=+0.9 mm (tolerância 40/8/5)
[INFO] [1790798096.717566, 4544.434000]: [mission] fase "aproxima_lateral" alcançada em 2 iteração(ões) (0.0009 m)
[INFO] [1790798097.232364, 4544.942000]: [mission] fase "atravessa": modo IK iterativa (YAML)
[INFO] [1790798097.237528, 4544.947000]: [mission] âncora engatada (fase "atravessa")
[INFO] [1790798099.080459, 4546.753000]: [mission] fase "atravessa" it0: ponta (0.210, 2.868, 0.810) erro=0.0063 | degrau eixo 2.5° | rolagem 2.8° | IK pediu [-10.6 -14.    0.   80.1  84.3] | faltou [-0.2 -0.2 -0.4 -0.5 -0.4] graus
[INFO] [1790798099.085912, 4546.759000]: [mission] fase "atravessa" it0: no frame da parede eixo=+1.9 prof=+3.9 alt=+4.6 mm (tolerância 8/6/5)
[WARN] [1790798104.506397, 4552.099000]: [mission] fase "destrava": descida estagnou em 11.5 mm (mín 10 para aceitar; alvo 18) — fim de curso do mecanismo, fechando a fase
[WARN] [1790798104.718185, 4552.309000]: [mission] destrava: lingueta em 7.9 mm (esperado ≥ 12) — o gatilho pode não ter soltado
[WARN] [1790798121.103930, 4568.452000]: [mission] RETRACT: ponta a 0.139 m do olhal — saindo em degraus: sobe 30 mm, 120 mm pelo eixo do furo, 100 mm para fora, antes de recolher
[INFO] [1790798099.088694, 4546.761000]: [mission] fase "atravessa" alcançada em 1 iteração(ões) (0.0063 m)
[INFO] [1790798099.614698, 4547.269000]: [mission] fase "captura": modo IK iterativa (YAML)
[INFO] [1790798099.618075, 4547.272000]: [mission] âncora engatada (fase "captura")
[INFO] [1790798101.148518, 4548.776000]: [mission] fase "captura" it0: ponta (0.209, 2.874, 0.791) erro=0.0101 | degrau eixo 2.4° | rolagem 2.6° | IK pediu [ -9.9 -15.9  -0.1  79.9  85.1] | faltou [-0.8 -0.3 -0.3 -0.2 -0.2] graus
[INFO] [1790798101.151693, 4548.779000]: [mission] fase "captura" it0: no frame da parede eixo=+9.3 prof=+1.5 alt=+3.7 mm (tolerância 40/6/10)
[INFO] [1790798101.154167, 4548.782000]: [mission] fase "captura" alcançada em 1 iteração(ões) (0.0101 m)
[INFO] [1790798101.164125, 4548.791000]: [mission] captura: ponta registrada em eixo=-9.3 prof=-1.5 alt=-13.7 mm (zero da descida do destrava e da deriva de eixo)
[INFO] [1790798101.675533, 4549.293000]: [mission] fase "destrava": alvo em altura relativo à captura: -33.7 mm (captura -13.7 − curso 18 − margem 2)
[INFO] [1790798101.677767, 4549.294000]: [mission] fase "destrava": modo whole-body/Fuzzy (YAML)
[INFO] [1790798101.880450, 4549.496000]: [mission] plano de exclusão publicado: parede em [ 2.000e-03  3.006e+00 -1.000e-03], normal segura [-0.017 -1.     0.   ]
[INFO] [1790798102.183132, 4549.798000]: [mission] fase "destrava": whole-body assumiu (base livre, restrita pelo plano de exclusão)
[INFO] [1790798102.184779, 4549.799000]: [mission] fase "destrava": whole-body a 0.0205 m do alvo — eixo=+9.3 prof=+1.3 alt=-18.3 mm
[INFO] [1790798104.303890, 4551.899000]: [mission] fase "destrava": whole-body a 0.0125 m do alvo — eixo=+9.0 prof=-3.5 alt=-7.9 mm
[INFO] [1790798104.717294, 4552.308000]: [mission] destrava: ponta desceu 11.6 mm desde a captura (critério observável) | lingueta 7.9 mm (só na simulação)
[INFO] [1790798105.222170, 4552.810000]: [mission] fase "libera": modo whole-body/Fuzzy (YAML)
[INFO] [1790798105.444931, 4553.011000]: [mission] plano de exclusão publicado: parede em [ 2.000e-03  3.006e+00 -1.000e-03], normal segura [-0.017 -1.     0.   ]
[INFO] [1790798105.743176, 4553.314000]: [mission] fase "libera": whole-body assumiu (base livre, restrita pelo plano de exclusão)
[INFO] [1790798106.346478, 4553.914000]: [mission] fase "libera": whole-body a 0.0265 m do alvo — eixo=+9.0 prof=+24.8 alt=+2.2 mm
[INFO] [1790798108.371726, 4555.915000]: [mission] fase "libera": whole-body a 0.0214 m do alvo — eixo=+8.9 prof=+18.9 alt=+4.6 mm
[INFO] [1790798110.508738, 4558.014000]: [mission] fase "libera": whole-body a 0.0334 m do alvo — eixo=+9.8 prof=-31.9 alt=+0.9 mm
[INFO] [1790798112.626506, 4560.114000]: [mission] fase "libera" alcançada por whole-body em 6.8s (0.0100 m) — no frame da parede eixo=+9.3 prof=-2.1 alt=-2.7 mm (tolerância 40/8/6)
[INFO] [1790798113.344764, 4560.820000]: [mission] fase "arco1"/puxa: RECUANDO 0.022 m só com as rodas
[INFO] [1790798113.804313, 4561.272000]: [mission] fase "arco1"/puxa: concluído (0.022 m)
[INFO] [1790798113.805967, 4561.273000]: [mission] fase "arco1": modo whole-body/Fuzzy (YAML)
[INFO] [1790798114.011957, 4561.476000]: [mission] plano de exclusão publicado: parede em [ 2.000e-03  3.006e+00 -1.000e-03], normal segura [-0.017 -1.     0.   ]
[INFO] [1790798114.323579, 4561.779000]: [mission] fase "arco1": whole-body assumiu (base livre, restrita pelo plano de exclusão)
[INFO] [1790798114.324563, 4561.779000]: [mission] fase "arco1": whole-body a 0.0132 m do alvo — eixo=+9.5 prof=+9.1 alt=-0.4 mm
[INFO] [1790798114.730337, 4562.179000]: [mission] fase "arco1" alcançada por whole-body em 0.4s (0.0108 m) — no frame da parede eixo=+9.5 prof=+5.1 alt=-0.4 mm (tolerância 40/10/15)
[INFO] [1790798114.731036, 4562.179000]: [mission] arco1: SOLTURA observável — recuo 48.2 mm desde a captura (mín 40) com deriva de eixo -0.3 mm → SOLTA
[INFO] [1790798114.943383, 4562.389000]: [mission] waypoint de 15° — lâmina medida em 13.0° (abertura por CONTATO)
[INFO] [1790798115.453962, 4562.891000]: [mission] fase "arco2"/puxa: RECUANDO 0.048 m só com as rodas
[INFO] [1790798116.378241, 4563.794000]: [mission] fase "arco2"/puxa: concluído (0.049 m)
[INFO] [1790798116.380733, 4563.796000]: [mission] fase "arco2": modo whole-body/Fuzzy (YAML)
[INFO] [1790798116.586486, 4563.999000]: [mission] plano de exclusão publicado: parede em [ 2.000e-03  3.006e+00 -1.000e-03], normal segura [-0.017 -1.     0.   ]
[INFO] [1790798116.892536, 4564.305000]: [mission] fase "arco2": whole-body assumiu (base livre, restrita pelo plano de exclusão)
[INFO] [1790798116.894438, 4564.307000]: [mission] fase "arco2": whole-body a 0.0167 m do alvo — eixo=+10.3 prof=+0.7 alt=-13.2 mm
[INFO] [1790798117.303340, 4564.706000]: [mission] fase "arco2" alcançada por whole-body em 0.4s (0.0166 m) — no frame da parede eixo=+10.4 prof=-2.4 alt=-12.7 mm (tolerância 40/10/15)
[INFO] [1790798117.529074, 4564.918000]: [mission] waypoint de 30° — lâmina medida em 28.8° (abertura por CONTATO)
[INFO] [1790798118.036802, 4565.419000]: [mission] fase "desengata": modo IK iterativa (YAML)
[INFO] [1790798118.043304, 4565.424000]: [mission] âncora engatada (fase "desengata")
[INFO] [1790798120.177162, 4567.532000]: [mission] fase "desengata" it0: ponta (0.288, 2.779, 0.747) erro=0.0097 | degrau eixo 6.3° | rolagem 6.6° | IK pediu [-16.4 -19.9  -0.   79.4  79.2] | faltou [ 0.2 -0.2 -0.4 -0.5  0. ] graus
[INFO] [1790798120.179887, 4567.535000]: [mission] fase "desengata" alcançada em 1 iteração(ões) (0.0097 m)
[INFO] [1790798120.694864, 4568.047000]: [mission] MANIPULATE concluída — chave ABERTA, lâmina medida em 28.9°
[INFO] [1790798120.697414, 4568.049000]: State machine transitioning 'MANIPULATE':'done'-->'RETRACT'
[INFO] [1790798121.108590, 4568.457000]: [mission] âncora engatada (fase "saida_sobe")
[INFO] [1790798122.633930, 4569.961000]: [mission] fase "saida_sobe" it0: ponta (0.288, 2.788, 0.771) erro=0.0088 | degrau eixo 6.1° | rolagem 6.3° | IK pediu [-16.4 -17.    0.   77.5  79.1] | faltou [ 0.  -0.4 -0.3 -0.2  0. ] graus
[INFO] [1790798122.639234, 4569.966000]: [mission] fase "saida_sobe" it0: no frame da parede eixo=-0.1 prof=+6.8 alt=+5.6 mm (tolerância 30/20/10)
[INFO] [1790798122.642011, 4569.970000]: [mission] fase "saida_sobe" alcançada em 1 iteração(ões) (0.0088 m)
[INFO] [1790798122.647060, 4569.975000]: [mission] âncora engatada (fase "saida_eixo")
[INFO] [1790798124.576472, 4571.881000]: [mission] fase "saida_eixo" it0: ponta (0.407, 2.787, 0.770) erro=0.0108 | degrau eixo 12.7° | rolagem 13.2° | IK pediu [-25.8 -14.6   0.   68.6  72. ] | faltou [ 0.  -0.3 -0.4 -0.5  0. ] graus
[INFO] [1790798124.578474, 4571.883000]: [mission] fase "saida_eixo" it0: no frame da parede eixo=-0.9 prof=+8.2 alt=+7.0 mm (tolerância 20/20/15)
[INFO] [1790798124.579638, 4571.884000]: [mission] fase "saida_eixo" alcançada em 1 iteração(ões) (0.0108 m)
[INFO] [1790798124.582974, 4571.887000]: [mission] âncora engatada (fase "saida_fora")
[INFO] [1790798127.411123, 4574.692000]: [mission] fase "saida_fora" it0: ponta (0.406, 2.687, 0.774) erro=0.0082 | degrau eixo 7.3° | rolagem 7.8° | IK pediu [-29.5 -20.2   0.   93.1  65.5] | faltou [ 0.1 -0.1 -0.4 -0.6  0. ] graus
[INFO] [1790798127.415392, 4574.697000]: [mission] fase "saida_fora" it0: no frame da parede eixo=-1.0 prof=+7.5 alt=+3.1 mm (tolerância 30/20/20)
[INFO] [1790798127.417616, 4574.699000]: [mission] âncora solta — 1 correções de deriva
[INFO] [1790798127.419713, 4574.702000]: [mission] fase "saida_fora" alcançada em 1 iteração(ões) (0.0082 m) — âncora corrigiu 1 vez(es)
[INFO] [1790798127.421535, 4574.703000]: [mission] RETRACT/afasta: RECUANDO 0.250 m só com as rodas
[INFO] [1790798131.925583, 4579.156000]: [mission] RETRACT/afasta: concluído (0.255 m)
[INFO] [1790798131.927521, 4579.158000]: [mission] postura "stow_home" comandada: [0.0, 1.13, -1.04, -1.8, 0.0]
[INFO] [1790798143.483834, 4590.559000]: State machine transitioning 'RETRACT':'ok'-->'RETURN'
[INFO] [1790798143.486294, 4590.561000]: [mission] RETURN — voltando a (0.04, 1.01, -0.10 rad)
[INFO] [1790798156.441646, 4603.363000]: [mission] RETURN: alinhado, avançando (1.16 m)
[INFO] [1790798156.492912, 4603.413000]: [mission] teto por postura ativo no drive: v<=0.23 w<=0.50 rampa 0.51/1.52
[INFO] [1790798165.331488, 4612.163000]: [mission] RETURN: chegou, ajustando heading final
[INFO] [1790798165.388151, 4612.213000]: [mission] teto por postura ativo no drive: v<=0.22 w<=0.50 rampa 0.50/1.52
[INFO] [1790798172.379256, 4619.113000]: [mission] RETURN: concluído
[INFO] [1790798172.381980, 4619.116000]: State machine terminating 'RETURN':'home':'MISSION_OK'
[INFO] [1790798172.383321, 4619.117000]: [mission] resultado: MISSION_OK
... logging to /home/marco/.ros/log/11e1488e-bcfe-11f1-8eb4-b025aa85b2a2/roslaunch-shiroi-2160950.log
Checking log directory for disk usage. This may take a while.
Press Ctrl-C to interrupt
]2;/home/marco/b166er/src/b166er_whole_body_control/launch/chave_mission.launch
[1mstarted roslaunch server http://shiroi:32925/[0m

SUMMARY
========

PARAMETERS
 * /chave_mission/estado_final: 
 * /chave_mission/estado_inicial: STOW_INIT
 * /chave_mission/pausa_por_fase: False
 * /chave_mission/search_omega: 0.35
 * /chave_mission/standoff_distance: 0.62
 * /chave_mission/use_wholebody: False
 * /chave_seccionadora_task/aproxima_lateral/modo: ik
 * /chave_seccionadora_task/aproxima_lateral/offset_xyz_m: [-0.09, 0.008, 0.01]
 * /chave_seccionadora_task/aproxima_lateral/tol_xyz_m: [0.04, 0.008, 0.005]
 * /chave_seccionadora_task/arco1/blade_angle_deg: 15
 * /chave_seccionadora_task/arco1/deriva_eixo_max_m: 0.015
 * /chave_seccionadora_task/arco1/modo: wb
 * /chave_seccionadora_task/arco1/offset_xyz_m: [0.0, 0.0518, -0....
 * /chave_seccionadora_task/arco1/soltura_recuo_min_m: 0.04
 * /chave_seccionadora_task/arco1/tol_xyz_m: [0.04, 0.01, 0.015]
 * /chave_seccionadora_task/arco2/blade_angle_deg: 30
 * /chave_seccionadora_task/arco2/deriva_eixo_max_m: 0.015
 * /chave_seccionadora_task/arco2/modo: wb
 * /chave_seccionadora_task/arco2/offset_xyz_m: [0.0, 0.1, -0.0518]
 * /chave_seccionadora_task/arco2/tol_xyz_m: [0.04, 0.01, 0.015]
 * /chave_seccionadora_task/atravessa/modo: ik
 * /chave_seccionadora_task/atravessa/offset_xyz_m: [-0.008, 0.008, 0...
 * /chave_seccionadora_task/atravessa/tol_xyz_m: [0.008, 0.006, 0....
 * /chave_seccionadora_task/captura/modo: ik
 * /chave_seccionadora_task/captura/offset_xyz_m: [0.0, 0.0, -0.01]
 * /chave_seccionadora_task/captura/tol_xyz_m: [0.04, 0.006, 0.01]
 * /chave_seccionadora_task/desengata/modo: ik
 * /chave_seccionadora_task/desengata/offset_xyz_m: [-0.09, 0.1, -0.0...
 * /chave_seccionadora_task/destrava/curso_estagna_m: 0.01
 * /chave_seccionadora_task/destrava/curso_margem_m: 0.002
 * /chave_seccionadora_task/destrava/curso_min_m: 0.018
 * /chave_seccionadora_task/destrava/modo: wb
 * /chave_seccionadora_task/destrava/offset_xyz_m: [0.0, 0.0, -0.025]
 * /chave_seccionadora_task/destrava/tol_xyz_m: [0.04, 0.006, 0.004]
 * /chave_seccionadora_task/libera/deriva_eixo_max_m: 0.015
 * /chave_seccionadora_task/libera/modo: wb
 * /chave_seccionadora_task/libera/offset_xyz_m: [0.0, 0.03, -0.025]
 * /chave_seccionadora_task/libera/tol_xyz_m: [0.04, 0.008, 0.006]
 * /chave_seccionadora_task/orienta/modo: ik
 * /chave_seccionadora_task/orienta/offset_xyz_m: [-0.09, 0.15, 0.0...
 * /chave_seccionadora_task/reassenta_sobe/tol_xyz_m: [0.03, 0.02, 0.005]
 * /chave_seccionadora_task/saida_eixo/tol_xyz_m: [0.02, 0.02, 0.015]
 * /chave_seccionadora_task/saida_fora/tol_xyz_m: [0.03, 0.02, 0.02]
 * /chave_seccionadora_task/saida_sobe/tol_xyz_m: [0.03, 0.02, 0.01]
 * /chave_seccionadora_task/target_frame: chave_olhal_link
 * /fuzzy_wb_controller/fixed_gains: []
 * /rosdistro: noetic
 * /rosversion: 1.17.4

NODES
  /
    chave_mission (b166er_whole_body_control/chave_mission.py)

[1mROS_MASTER_URI=http://localhost:11311[0m
]2;/home/marco/b166er/src/b166er_whole_body_control/launch/chave_mission.launch http://localhost:11311
[1mprocess[chave_mission-1]: started with pid [2160994][0m
[1m[chave_mission-1] process has finished cleanly
log file: /home/marco/.ros/log/11e1488e-bcfe-11f1-8eb4-b025aa85b2a2/chave_mission-1*.log[0m
all processes on machine have died, roslaunch will exit
shutting down processing monitor...
... shutting down processing monitor complete
[1mdone[0m
