[31mWARNING: disk usage in log directory [/home/marco/.ros/log] is over 1GB.
It's recommended that you use the 'rosclean' command.[0m
the rosdep view is empty: call 'sudo rosdep init' and 'rosdep update'
[WARN] [1791390326.605474, 80.403000]: [mission] SEARCH: ajuste não convergiu em 8s (raio 0.57) — amostrando assim mesmo
[WARN] [1791390333.853307, 87.518000]: [mission] SEARCH: 11 de 25 amostras descartadas como outlier (>0.15 m ou >0.20 rad da mediana)
[WARN] [1791390333.909645, 87.575000]: [mission] SEARCH: laser discorda demais da tag (profundidade +83 mm, yaw +7.6°) — parede fica pela tag
[INFO] [1791390302.029210, 56.244000]: garra_dx = 0.000 m (fechada)
[INFO] [1791390302.123145, 56.340000]: State machine starting in initial state 'STOW_INIT' with userdata: 
	[]
[INFO] [1791390302.425993, 56.641000]: [mission] pose de partida registrada: (0.01, 1.00, 0.01 rad)
[INFO] [1791390302.428430, 56.643000]: [mission] postura "stow_home" comandada: [0.0, 1.13, -1.04, -1.8, 0.0]
[INFO] [1791390305.591712, 59.746000]: State machine transitioning 'STOW_INIT':'ok'-->'SEARCH'
[INFO] [1791390305.593914, 59.748000]: [mission] postura "search" comandada: [0.0, 1.0, -1.0, 0.0, 0.0]
[INFO] [1791390316.989015, 70.950000]: [mission] SEARCH — girando à procura da tag...
[INFO] [1791390316.990336, 70.951000]: [mission] SEARCH: amostra quando a tag estiver a raio 0.35-0.50 do quadro (vista oblíqua; omega fina 0.15 rad/s)
[INFO] [1791390318.411367, 72.352000]: [mission] SEARCH: tag a raio 0.96 — girando até <= 0.50
[INFO] [1791390326.608762, 80.406000]: [mission] tag avistada — parando para medir
[INFO] [1791390327.635554, 81.414000]: [mission] âncora engatada (coleta do SEARCH)
[INFO] [1791390327.637249, 81.416000]: [mission] SEARCH: coleta com dither ±0.05 rad/s (período 3.0 s)
[INFO] [1791390333.829046, 87.497000]: [mission] âncora solta — 12 correções de deriva
[INFO] [1791390333.831844, 87.500000]: [mission] SEARCH: âncora corrigiu a deriva 12 vez(es) durante a coleta
[INFO] [1791390333.856873, 87.523000]: [mission] SEARCH: 14 amostras — parede (0.016, 3.087, -0.005) yaw=3.002
[INFO] [1791390333.911524, 87.577000]: [mission] parede localizada em (0.016, 3.087, -0.005)
[INFO] [1791390333.919570, 87.585000]: State machine transitioning 'SEARCH':'found'-->'APPROACH'
[INFO] [1791390333.922579, 87.588000]: [mission] APPROACH etapa 1/2 — 1.30 m do olhal, alvo (0.01, 1.64, 1.43 rad)
[INFO] [1791390338.454212, 92.040000]: [mission] APPROACH: alinhado, avançando (0.77 m)
[INFO] [1791390338.507039, 92.090000]: [mission] teto por postura ativo no drive: v<=0.16 w<=0.50 rampa 0.43/1.51
[INFO] [1791390344.838865, 98.290000]: [mission] APPROACH: chegou, ajustando heading final
[INFO] [1791390344.890916, 98.340000]: [mission] teto por postura ativo no drive: v<=0.16 w<=0.50 rampa 0.43/1.52
[INFO] [1791390347.342073, 100.740000]: [mission] APPROACH: concluído
[INFO] [1791390348.369739, 101.743000]: [mission] âncora engatada (coleta do APPROACH/remedida)
[INFO] [1791390348.370975, 101.744000]: [mission] APPROACH/remedida: coleta com dither ±0.05 rad/s (período 3.0 s)
[INFO] [1791390349.834889, 103.176000]: [mission] âncora solta — 2 correções de deriva
[INFO] [1791390349.836713, 103.178000]: [mission] APPROACH/remedida: âncora corrigiu a deriva 2 vez(es) durante a coleta
[INFO] [1791390349.838317, 103.179000]: [mission] APPROACH/remedida: 10 amostras — parede (0.006, 3.020, -0.003) yaw=3.109
[INFO] [1791390349.889969, 103.230000]: [mission] APPROACH/remedida: parede pelo LASER — 90 pontos, resíduo 4.8 mm: profundidade +20.7 mm e yaw +1.90° em relação à tag → parede (0.006, 2.999, -0.003) yaw=-3.141
[INFO] [1791390349.891599, 103.232000]: [mission] APPROACH etapa 2/2 — 0.88 m do olhal, alvo (0.38, 1.99, 1.57 rad)
[INFO] [1791390352.992735, 106.283000]: [mission] APPROACH: alinhado, avançando (0.58 m)
[INFO] [1791390353.044945, 106.333000]: [mission] teto por postura ativo no drive: v<=0.15 w<=0.50 rampa 0.43/1.52
[INFO] [1791390358.028267, 111.233000]: [mission] APPROACH: chegou, ajustando heading final
[INFO] [1791390362.413744, 115.533000]: [mission] APPROACH: concluído
[INFO] [1791390362.419876, 115.539000]: State machine transitioning 'APPROACH':'arrived'-->'REFINE'
[INFO] [1791390362.421695, 115.541000]: [mission] REFINE — remedindo a parede de perto (10 amostras)
[INFO] [1791390362.426555, 115.546000]: [mission] âncora engatada (coleta do REFINE)
[INFO] [1791390362.428016, 115.547000]: [mission] REFINE: coleta com dither ±0.05 rad/s (período 3.0 s)
[INFO] [1791390363.580992, 116.672000]: [mission] âncora solta — 1 correções de deriva
[INFO] [1791390363.581962, 116.673000]: [mission] REFINE: âncora corrigiu a deriva 1 vez(es) durante a coleta
[INFO] [1791390363.583278, 116.674000]: [mission] REFINE: 10 amostras — parede (0.002, 3.001, -0.001) yaw=3.136
[INFO] [1791390363.636460, 116.726000]: [mission] REFINE: parede pelo LASER — 83 pontos, resíduo 5.5 mm: profundidade +2.2 mm e yaw +0.38° em relação à tag → parede (0.002, 2.999, -0.001) yaw=-3.140
[INFO] [1791390363.638864, 116.728000]: [mission] REFINE: deslocou 0.005 m da estimativa anterior
[INFO] [1791390363.640898, 116.730000]: [mission] olhal estimado em (0.202, 2.869, 0.804)
[INFO] [1791390363.648700, 116.738000]: State machine transitioning 'REFINE':'ok'-->'DEPLOY'
[INFO] [1791390363.650996, 116.740000]: [mission] DEPLOY: IK resolvida para a POSE DE MANIPULAÇÃO (0.20, 2.25, 1.57 rad), não para a atual
[INFO] [1791390368.529564, 120.108000]: [mission] DEPLOY: IK nivelada 0.0711 m, só eixo 0.0014 m — a MISSÃO INTEIRA usa "eixo"
[INFO] [1791390368.533713, 121.618000]: [mission] DEPLOY: IK da ponta resolvida (resíduo 0.0014 m, degrau 0.4°) — pré-posicionando em [-10.9 -46.6  60.   78.5 -10.9] graus
[INFO] [1791390378.540496, 131.419000]: [mission] plano de exclusão publicado: parede em [ 2.000e-03  2.999e+00 -1.000e-03], normal segura [ 0.001 -1.     0.   ]
[INFO] [1791390378.756661, 131.630000]: [mission] teto por postura ativo no drive: v<=0.25 w<=0.50 rampa 0.54/1.60
[INFO] [1791390383.268168, 136.030000]: [mission] DEPLOY/aproxima: alinhado, avançando (0.43 m)
[INFO] [1791390387.544268, 140.230000]: [mission] DEPLOY/aproxima: chegou, ajustando heading final
[INFO] [1791390393.250540, 145.830000]: [mission] DEPLOY/aproxima: concluído
[INFO] [1791390393.252666, 145.832000]: State machine transitioning 'DEPLOY':'ok'-->'MANIPULATE'
[INFO] [1791390393.255432, 145.835000]: [mission] fase "orienta": modo IK iterativa (YAML)
[INFO] [1791390393.260777, 145.840000]: [mission] âncora engatada (fase "orienta")
[INFO] [1791390398.878168, 151.347000]: [mission] fase "orienta" it0: ponta (0.288, 2.723, 0.808) erro=0.0072 | degrau eixo 0.4° | rolagem 0.6° | IK pediu [-17.6 -21.8  10.5  99.7 -13.2] | faltou [ 0.5 -2.   3.5 -2.4 -0.9] graus
[INFO] [1791390398.879874, 151.349000]: [mission] âncora solta — 2 correções de deriva
[INFO] [1791390398.881005, 151.350000]: [mission] fase "orienta" alcançada em 1 iteração(ões) (0.0072 m) — âncora corrigiu 2 vez(es)
[INFO] [1791390399.399537, 151.855000]: [mission] fase "aproxima_lateral": modo IK iterativa (YAML)
[INFO] [1791390399.407610, 151.861000]: [mission] âncora engatada (fase "aproxima_lateral")
[INFO] [1791390403.399683, 155.793000]: [mission] fase "aproxima_lateral" it0: ponta (0.285, 2.865, 0.806) erro=0.0110 | degrau eixo 5.0° | rolagem 5.3° | IK pediu [-15.1 -12.3   0.   73.7  -9.2] | faltou [ 0.2 -0.7 -0.2  0.2 -0.3] graus
[INFO] [1791390403.402599, 155.796000]: [mission] fase "aproxima_lateral" it0: no frame da parede eixo=-7.4 prof=+3.0 alt=+7.6 mm (tolerância 40/8/5)
[INFO] [1791390405.964995, 158.303000]: [mission] fase "aproxima_lateral" it1: ponta (0.295, 2.861, 0.815) erro=0.0029 | degrau eixo 5.1° | rolagem 5.2° | IK pediu [-16.  -11.8   0.   74.   -9.7] | faltou [ 0.3 -0.2 -0.1  0.  -0.2] graus
[INFO] [1791390405.969662, 158.307000]: [mission] fase "aproxima_lateral" it1: no frame da parede eixo=+2.6 prof=-1.0 alt=-0.4 mm (tolerância 40/8/5)
[INFO] [1791390405.972478, 158.310000]: [mission] âncora solta — 2 correções de deriva
[INFO] [1791390405.975316, 158.313000]: [mission] fase "aproxima_lateral" alcançada em 2 iteração(ões) (0.0029 m) — âncora corrigiu 2 vez(es)
[INFO] [1791390406.494797, 158.824000]: [mission] fase "atravessa": modo IK iterativa (YAML)
[INFO] [1791390406.502742, 158.827000]: [mission] âncora engatada (fase "atravessa")
[INFO] [1791390409.526947, 161.797000]: [mission] fase "atravessa" it0: ponta (0.209, 2.864, 0.808) erro=0.0066 | degrau eixo 1.6° | rolagem 1.7° | IK pediu [ -8.6 -13.1   0.2  76.7  -3.3] | faltou [-0.1 -0.4 -0.2 -0.1 -0.1] graus
[INFO] [1791390409.531461, 161.800000]: [mission] fase "atravessa" it0: no frame da parede eixo=-1.0 prof=+3.0 alt=+5.9 mm (tolerância 8/6/5)
[WARN] [1791390420.049668, 172.059000]: [mission] fase "destrava": descida estagnou em 16.1 mm (mín 10 para aceitar; alvo 18) — fim de curso do mecanismo, fechando a fase
[WARN] [1791390446.226918, 197.740000]: [mission] RETRACT: ponta a 0.142 m do olhal — saindo em degraus: sobe 30 mm, 120 mm pelo eixo do furo, 100 mm para fora, antes de recolher
[INFO] [1791390411.710128, 163.912000]: [mission] fase "atravessa" it1: ponta (0.209, 2.865, 0.813) erro=0.0039 | degrau eixo 1.6° | rolagem 1.8° | IK pediu [ -9.  -12.8   0.2  77.5  -3.4] | faltou [ 0.3  0.1 -0.7 -1.5 -0. ] graus
[INFO] [1791390411.714286, 163.917000]: [mission] fase "atravessa" it1: no frame da parede eixo=-0.9 prof=+3.7 alt=+0.7 mm (tolerância 8/6/5)
[INFO] [1791390411.716779, 163.919000]: [mission] âncora solta — 1 correções de deriva
[INFO] [1791390411.717964, 163.921000]: [mission] fase "atravessa" alcançada em 2 iteração(ões) (0.0039 m) — âncora corrigiu 1 vez(es)
[INFO] [1791390412.231045, 164.425000]: [mission] fase "captura": modo IK iterativa (YAML)
[INFO] [1791390412.234327, 164.428000]: [mission] âncora engatada (fase "captura")
[INFO] [1791390416.859622, 168.931000]: [mission] fase "captura" it0: ponta (0.209, 2.872, 0.789) erro=0.0085 | degrau eixo 1.4° | rolagem 1.6° | IK pediu [ -8.1 -14.8  -0.4  76.7  -2.6] | faltou [-0.6 -0.2 -0.5 -0.4 -0.2] graus
[INFO] [1791390416.864236, 168.935000]: [mission] fase "captura" it0: no frame da parede eixo=+6.7 prof=+2.4 alt=+4.7 mm (tolerância 40/6/10)
[INFO] [1791390416.867124, 168.939000]: [mission] âncora solta — 1 correções de deriva
[INFO] [1791390416.869504, 168.940000]: [mission] fase "captura" alcançada em 1 iteração(ões) (0.0085 m) — âncora corrigiu 1 vez(es)
[INFO] [1791390416.877579, 168.949000]: [mission] captura: ponta registrada em eixo=-6.7 prof=-2.4 alt=-14.7 mm (zero da descida do destrava e da deriva de eixo)
[INFO] [1791390417.392947, 169.451000]: [mission] fase "destrava": alvo em altura relativo à captura: -34.7 mm (captura -14.7 − curso 18 − margem 2)
[INFO] [1791390417.395314, 169.452000]: [mission] fase "destrava": modo whole-body/Fuzzy (YAML)
[INFO] [1791390417.603855, 169.656000]: [mission] plano de exclusão publicado: parede em [ 2.000e-03  2.999e+00 -1.000e-03], normal segura [ 0.001 -1.     0.   ]
[INFO] [1791390417.906050, 169.958000]: [mission] fase "destrava": whole-body assumiu (base livre, restrita pelo plano de exclusão)
[INFO] [1791390417.907201, 169.959000]: [mission] fase "destrava": whole-body a 0.0149 m do alvo — eixo=+6.7 prof=+2.6 alt=-13.1 mm
[INFO] [1791390420.269665, 172.268000]: [mission] destrava: ponta desceu 16.1 mm desde a captura (critério observável) | lingueta 13.9 mm (só na simulação)
[INFO] [1791390420.270734, 172.269000]: [mission] destrava: lingueta em 13.9 mm — gatilho solto
[INFO] [1791390420.779006, 172.770000]: [mission] fase "libera": modo whole-body/Fuzzy (YAML)
[INFO] [1791390420.981038, 172.971000]: [mission] plano de exclusão publicado: parede em [ 2.000e-03  2.999e+00 -1.000e-03], normal segura [ 0.001 -1.     0.   ]
[INFO] [1791390421.297953, 173.274000]: [mission] fase "libera": whole-body assumiu (base livre, restrita pelo plano de exclusão)
[INFO] [1791390421.300220, 173.276000]: [mission] fase "libera": whole-body a 0.0265 m do alvo — eixo=+6.5 prof=+25.0 alt=+6.2 mm
[INFO] [1791390423.438576, 175.375000]: [mission] fase "libera": whole-body a 0.0231 m do alvo — eixo=+6.5 prof=+19.6 alt=+10.3 mm
[INFO] [1791390425.565200, 177.475000]: [mission] fase "libera": whole-body a 0.0233 m do alvo — eixo=+6.5 prof=+20.0 alt=+10.1 mm
[INFO] [1791390427.701286, 179.576000]: [mission] fase "libera": whole-body a 0.0232 m do alvo — eixo=+6.5 prof=+20.2 alt=+9.3 mm
[INFO] [1791390429.835256, 181.675000]: [mission] fase "libera": whole-body a 0.0245 m do alvo — eixo=+6.6 prof=+21.2 alt=+10.3 mm
[INFO] [1791390431.965541, 183.775000]: [mission] fase "libera": whole-body a 0.0156 m do alvo — eixo=+6.5 prof=+13.3 alt=+5.0 mm
[INFO] [1791390434.097792, 185.875000]: [mission] fase "libera": whole-body a 0.0121 m do alvo — eixo=+6.5 prof=+8.8 alt=+5.1 mm
[INFO] [1791390435.113451, 186.875000]: [mission] fase "libera" alcançada por whole-body em 13.6s (0.0113 m) — no frame da parede eixo=+6.5 prof=+7.3 alt=+5.6 mm (tolerância 40/8/6)
[INFO] [1791390435.849369, 187.581000]: [mission] fase "arco1"/puxa: RECUANDO 0.022 m só com as rodas
[INFO] [1791390436.360865, 188.084000]: [mission] fase "arco1"/puxa: concluído (0.024 m)
[INFO] [1791390436.362242, 188.085000]: [mission] fase "arco1": modo whole-body/Fuzzy (YAML)
[INFO] [1791390436.565637, 188.287000]: [mission] plano de exclusão publicado: parede em [ 2.000e-03  2.999e+00 -1.000e-03], normal segura [ 0.001 -1.     0.   ]
[INFO] [1791390436.869057, 188.592000]: [mission] fase "arco1": whole-body assumiu (base livre, restrita pelo plano de exclusão)
[INFO] [1791390436.871271, 188.594000]: [mission] fase "arco1": whole-body a 0.0089 m do alvo — eixo=+6.5 prof=-2.6 alt=-5.5 mm
[INFO] [1791390437.273262, 188.994000]: [mission] fase "arco1" alcançada por whole-body em 0.4s (0.0071 m) — no frame da parede eixo=+6.5 prof=-1.4 alt=-2.5 mm (tolerância 40/10/15)
[INFO] [1791390437.275935, 188.996000]: [mission] arco1: SOLTURA observável — recuo 55.6 mm desde a captura (mín 40) com deriva de eixo +0.2 mm → SOLTA
[INFO] [1791390437.499439, 189.214000]: [mission] waypoint de 15° — lâmina medida em 13.4° (abertura por CONTATO)
[INFO] [1791390438.019869, 189.716000]: [mission] fase "arco2"/puxa: RECUANDO 0.048 m só com as rodas
[INFO] [1791390438.941672, 190.618000]: [mission] fase "arco2"/puxa: concluído (0.048 m)
[INFO] [1791390438.943032, 190.619000]: [mission] fase "arco2": modo whole-body/Fuzzy (YAML)
[INFO] [1791390439.146053, 190.820000]: [mission] plano de exclusão publicado: parede em [ 2.000e-03  2.999e+00 -1.000e-03], normal segura [ 0.001 -1.     0.   ]
[INFO] [1791390439.451921, 191.122000]: [mission] fase "arco2": whole-body assumiu (base livre, restrita pelo plano de exclusão)
[INFO] [1791390439.455496, 191.125000]: [mission] fase "arco2": whole-body a 0.0140 m do alvo — eixo=+6.5 prof=+12.3 alt=+1.7 mm
[INFO] [1791390440.067144, 191.725000]: [mission] fase "arco2" alcançada por whole-body em 0.6s (0.0073 m) — no frame da parede eixo=+6.4 prof=+3.4 alt=+0.5 mm (tolerância 40/10/15)
[INFO] [1791390440.292239, 191.940000]: [mission] waypoint de 30° — lâmina medida em 32.0° (abertura por CONTATO)
[INFO] [1791390440.807149, 192.441000]: [mission] fase "desengata": modo IK iterativa (YAML)
[INFO] [1791390440.812412, 192.446000]: [mission] âncora engatada (fase "desengata")
[INFO] [1791390445.295706, 196.823000]: [mission] fase "desengata" it0: ponta (0.293, 2.773, 0.751) erro=0.0043 | degrau eixo 5.8° | rolagem 5.8° | IK pediu [-14.1 -12.3   0.   53.5  -5.1] | faltou [0. 0. 0. 0. 0.] graus
[INFO] [1791390445.297537, 196.825000]: [mission] âncora solta — 1 correções de deriva
[INFO] [1791390445.298629, 196.826000]: [mission] fase "desengata" alcançada em 1 iteração(ões) (0.0043 m) — âncora corrigiu 1 vez(es)
[INFO] [1791390445.814672, 197.335000]: [mission] MANIPULATE concluída — chave ABERTA, lâmina medida em 27.6°
[INFO] [1791390445.816839, 197.337000]: State machine transitioning 'MANIPULATE':'done'-->'RETRACT'
[INFO] [1791390446.232918, 197.746000]: [mission] âncora engatada (fase "saida_sobe")
[INFO] [1791390449.183542, 200.651000]: [mission] fase "saida_sobe" it0: ponta (0.294, 2.776, 0.775) erro=0.0062 | degrau eixo 5.8° | rolagem 5.9° | IK pediu [-14.2  -9.2   0.   51.7  -5.4] | faltou [-0.1 -0.3 -0.3 -0.3  0.1] graus
[INFO] [1791390449.188757, 200.657000]: [mission] fase "saida_sobe" it0: no frame da parede eixo=+1.0 prof=+1.8 alt=+5.8 mm (tolerância 30/20/10)
[INFO] [1791390449.191781, 200.660000]: [mission] âncora solta — 1 correções de deriva
[INFO] [1791390449.194042, 200.662000]: [mission] fase "saida_sobe" alcançada em 1 iteração(ões) (0.0062 m) — âncora corrigiu 1 vez(es)
[INFO] [1791390449.200320, 200.668000]: [mission] âncora engatada (fase "saida_eixo")
[INFO] [1791390452.727638, 204.131000]: [mission] fase "saida_eixo" it0: ponta (0.415, 2.774, 0.777) erro=0.0043 | degrau eixo 13.3° | rolagem 13.3° | IK pediu [-22.7  -6.   -0.   41.9  -9.9] | faltou [0. 0. 0. 0. 0.] graus
[INFO] [1791390452.730267, 204.133000]: [mission] fase "saida_eixo" it0: no frame da parede eixo=+1.5 prof=-0.7 alt=+4.0 mm (tolerância 20/20/15)
[INFO] [1791390452.733235, 204.137000]: [mission] âncora solta — 1 correções de deriva
[INFO] [1791390452.735115, 204.138000]: [mission] fase "saida_eixo" alcançada em 1 iteração(ões) (0.0043 m) — âncora corrigiu 1 vez(es)
[INFO] [1791390452.742378, 204.145000]: [mission] âncora engatada (fase "saida_fora")
[INFO] [1791390456.784958, 208.074000]: [mission] fase "saida_fora" it0: ponta (0.414, 2.676, 0.774) erro=0.0072 | degrau eixo 9.7° | rolagem 9.7° | IK pediu [-25.1 -15.9   0.   74.4 -16.2] | faltou [-0.1 -0.4 -0.3 -0.2  0.6] graus
[INFO] [1791390456.786968, 208.076000]: [mission] fase "saida_fora" it0: no frame da parede eixo=+0.4 prof=+1.0 alt=+7.1 mm (tolerância 30/20/20)
[INFO] [1791390456.788333, 208.077000]: [mission] âncora solta — 1 correções de deriva
[INFO] [1791390456.789368, 208.078000]: [mission] fase "saida_fora" alcançada em 1 iteração(ões) (0.0072 m) — âncora corrigiu 1 vez(es)
[INFO] [1791390456.790647, 208.080000]: [mission] RETRACT/afasta: RECUANDO 0.250 m só com as rodas
[INFO] [1791390461.288473, 212.481000]: [mission] RETRACT/afasta: concluído (0.252 m)
[INFO] [1791390461.289600, 212.482000]: [mission] postura "stow_home" comandada: [0.0, 1.13, -1.04, -1.8, 0.0]
[INFO] [1791390474.648181, 225.583000]: State machine transitioning 'RETRACT':'ok'-->'RETURN'
[INFO] [1791390474.651309, 225.586000]: [mission] RETURN — voltando a (0.01, 1.00, 0.01 rad)
[INFO] [1791390491.734223, 242.288000]: [mission] RETURN: alinhado, avançando (0.94 m)
[INFO] [1791390491.784614, 242.338000]: [mission] teto por postura ativo no drive: v<=0.26 w<=0.50 rampa 0.55/1.50
[INFO] [1791390499.113210, 249.538000]: [mission] RETURN: chegou, ajustando heading final
[INFO] [1791390499.163505, 249.588000]: [mission] teto por postura ativo no drive: v<=0.25 w<=0.50 rampa 0.54/1.50
[INFO] [1791390505.987246, 256.288000]: [mission] RETURN: concluído
[INFO] [1791390505.988647, 256.289000]: State machine terminating 'RETURN':'home':'MISSION_OK'
[INFO] [1791390505.989494, 256.290000]: [mission] resultado: MISSION_OK
... logging to /home/marco/.ros/log/7fefeb10-c26b-11f1-831b-b025aa85b2a2/roslaunch-shiroi-3310949.log
Checking log directory for disk usage. This may take a while.
Press Ctrl-C to interrupt
]2;/home/marco/b166er/src/b166er_whole_body_control/launch/chave_mission.launch
[1mstarted roslaunch server http://shiroi:33271/[0m

SUMMARY
========

PARAMETERS
 * /chave_mission/estado_final: 
 * /chave_mission/estado_inicial: STOW_INIT
 * /chave_mission/pausa_por_fase: False
 * /chave_mission/search_omega: 0.35
 * /chave_mission/standoff_distance: 0.62
 * /chave_mission/use_wholebody: False
 * /chave_seccionadora_task/aproxima_lateral/modo: ik
 * /chave_seccionadora_task/aproxima_lateral/offset_xyz_m: [-0.09, 0.008, 0.01]
 * /chave_seccionadora_task/aproxima_lateral/tol_xyz_m: [0.04, 0.008, 0.005]
 * /chave_seccionadora_task/arco1/blade_angle_deg: 15
 * /chave_seccionadora_task/arco1/deriva_eixo_max_m: 0.015
 * /chave_seccionadora_task/arco1/modo: wb
 * /chave_seccionadora_task/arco1/offset_xyz_m: [0.0, 0.0518, -0....
 * /chave_seccionadora_task/arco1/soltura_recuo_min_m: 0.04
 * /chave_seccionadora_task/arco1/tol_xyz_m: [0.04, 0.01, 0.015]
 * /chave_seccionadora_task/arco2/blade_angle_deg: 30
 * /chave_seccionadora_task/arco2/deriva_eixo_max_m: 0.015
 * /chave_seccionadora_task/arco2/modo: wb
 * /chave_seccionadora_task/arco2/offset_xyz_m: [0.0, 0.1, -0.0518]
 * /chave_seccionadora_task/arco2/tol_xyz_m: [0.04, 0.01, 0.015]
 * /chave_seccionadora_task/atravessa/modo: ik
 * /chave_seccionadora_task/atravessa/offset_xyz_m: [-0.008, 0.008, 0...
 * /chave_seccionadora_task/atravessa/tol_xyz_m: [0.008, 0.006, 0....
 * /chave_seccionadora_task/captura/modo: ik
 * /chave_seccionadora_task/captura/offset_xyz_m: [0.0, 0.0, -0.01]
 * /chave_seccionadora_task/captura/tol_xyz_m: [0.04, 0.006, 0.01]
 * /chave_seccionadora_task/desengata/modo: ik
 * /chave_seccionadora_task/desengata/offset_xyz_m: [-0.09, 0.1, -0.0...
 * /chave_seccionadora_task/destrava/curso_estagna_m: 0.01
 * /chave_seccionadora_task/destrava/curso_margem_m: 0.002
 * /chave_seccionadora_task/destrava/curso_min_m: 0.018
 * /chave_seccionadora_task/destrava/curso_teto_m: 0.022
 * /chave_seccionadora_task/destrava/modo: wb
 * /chave_seccionadora_task/destrava/offset_xyz_m: [0.0, 0.0, -0.025]
 * /chave_seccionadora_task/destrava/tol_xyz_m: [0.04, 0.006, 0.004]
 * /chave_seccionadora_task/libera/deriva_eixo_max_m: 0.015
 * /chave_seccionadora_task/libera/modo: wb
 * /chave_seccionadora_task/libera/offset_xyz_m: [0.0, 0.03, -0.025]
 * /chave_seccionadora_task/libera/tol_xyz_m: [0.04, 0.008, 0.006]
 * /chave_seccionadora_task/orienta/modo: ik
 * /chave_seccionadora_task/orienta/offset_xyz_m: [-0.09, 0.15, 0.0...
 * /chave_seccionadora_task/reassenta_sobe/tol_xyz_m: [0.03, 0.02, 0.005]
 * /chave_seccionadora_task/saida_eixo/tol_xyz_m: [0.02, 0.02, 0.015]
 * /chave_seccionadora_task/saida_fora/tol_xyz_m: [0.03, 0.02, 0.02]
 * /chave_seccionadora_task/saida_sobe/tol_xyz_m: [0.03, 0.02, 0.01]
 * /chave_seccionadora_task/target_frame: chave_olhal_link
 * /fuzzy_wb_controller/fixed_gains: []
 * /rosdistro: noetic
 * /rosversion: 1.17.4

NODES
  /
    chave_mission (b166er_whole_body_control/chave_mission.py)

[1mROS_MASTER_URI=http://localhost:11311[0m
]2;/home/marco/b166er/src/b166er_whole_body_control/launch/chave_mission.launch http://localhost:11311
[1mprocess[chave_mission-1]: started with pid [3310999][0m
[1m[chave_mission-1] process has finished cleanly
log file: /home/marco/.ros/log/7fefeb10-c26b-11f1-831b-b025aa85b2a2/chave_mission-1*.log[0m
all processes on machine have died, roslaunch will exit
shutting down processing monitor...
... shutting down processing monitor complete
[1mdone[0m
