[31mWARNING: disk usage in log directory [/home/marco/.ros/log] is over 1GB.
It's recommended that you use the 'rosclean' command.[0m
the rosdep view is empty: call 'sudo rosdep init' and 'rosdep update'
[WARN] [1790792861.201379, 913.219000]: [mission] SEARCH: ajuste não convergiu em 8s (raio 0.58) — amostrando assim mesmo
[WARN] [1790792874.129097, 925.976000]: [mission] SEARCH: 4 de 25 amostras descartadas como outlier (>0.15 m ou >0.20 rad da mediana)
[ERROR] [1790792920.520824, 971.597000]: [mission] REFINE: só 0 amostras da tag
[WARN] [1790792920.522245, 971.598000]: [mission] REFINE: tag não visível no standoff — seguindo com a estimativa da aproximação (erro típico ~13 mm com a tag de 220 mm)
[INFO] [1790792845.152302, 897.428000]: garra_dx = 0.000 m (fechada)
[INFO] [1790792845.184593, 897.461000]: State machine starting in initial state 'STOW_INIT' with userdata: 
	[]
[INFO] [1790792845.488970, 897.762000]: [mission] pose de partida registrada: (0.01, 1.00, 0.00 rad)
[INFO] [1790792845.490133, 897.763000]: [mission] postura "stow_home" comandada: [0.0, 1.13, -1.04, -1.8, 0.0]
[INFO] [1790792845.591213, 897.864000]: State machine transitioning 'STOW_INIT':'ok'-->'SEARCH'
[INFO] [1790792845.592878, 897.865000]: [mission] postura "search" comandada: [0.0, 1.0, -1.0, 0.0, 0.0]
[INFO] [1790792851.689818, 903.866000]: [mission] SEARCH — girando à procura da tag...
[INFO] [1790792851.690840, 903.867000]: [mission] SEARCH: amostra quando a tag estiver a raio 0.35-0.50 do quadro (vista oblíqua; omega fina 0.15 rad/s)
[INFO] [1790792853.017982, 905.168000]: [mission] SEARCH: tag a raio 0.97 — girando até <= 0.50
[INFO] [1790792861.204103, 913.221000]: [mission] tag avistada — parando para medir
[INFO] [1790792862.216973, 914.225000]: [mission] âncora engatada (coleta do SEARCH)
[INFO] [1790792862.217676, 914.226000]: [mission] SEARCH: coleta com dither ±0.05 rad/s (período 3.0 s)
[INFO] [1790792874.111819, 925.959000]: [mission] âncora solta — 25 correções de deriva
[INFO] [1790792874.113241, 925.960000]: [mission] SEARCH: âncora corrigiu a deriva 25 vez(es) durante a coleta
[INFO] [1790792874.130253, 925.977000]: [mission] SEARCH: 21 amostras — parede (0.015, 3.102, -0.006) yaw=2.986
[INFO] [1790792874.130968, 925.978000]: [mission] parede localizada em (0.015, 3.102, -0.006)
[INFO] [1790792874.133507, 925.980000]: State machine transitioning 'SEARCH':'found'-->'APPROACH'
[INFO] [1790792874.134476, 925.981000]: [mission] APPROACH etapa 1/2 — 1.30 m do olhal, alvo (-0.01, 1.66, 1.41 rad)
[INFO] [1790792874.135669, 925.982000]: [mission] teto por postura ativo no drive: v<=0.17 w<=0.50 rampa 0.45/1.52
[INFO] [1790792878.309862, 930.082000]: [mission] APPROACH: alinhado, avançando (0.80 m)
[INFO] [1790792884.816005, 936.482000]: [mission] APPROACH: chegou, ajustando heading final
[INFO] [1790792884.866877, 936.532000]: [mission] teto por postura ativo no drive: v<=0.17 w<=0.50 rampa 0.45/1.52
[INFO] [1790792887.700870, 939.332000]: [mission] APPROACH: concluído
[INFO] [1790792888.726748, 940.337000]: [mission] âncora engatada (coleta do APPROACH/remedida)
[INFO] [1790792888.728417, 940.339000]: [mission] APPROACH/remedida: coleta com dither ±0.05 rad/s (período 3.0 s)
[INFO] [1790792889.872296, 941.444000]: [mission] âncora solta — 1 correções de deriva
[INFO] [1790792889.873485, 941.445000]: [mission] APPROACH/remedida: âncora corrigiu a deriva 1 vez(es) durante a coleta
[INFO] [1790792889.874981, 941.446000]: [mission] APPROACH/remedida: 10 amostras — parede (0.005, 3.002, -0.003) yaw=-3.133
[INFO] [1790792889.876219, 941.448000]: [mission] APPROACH etapa 2/2 — 0.88 m do olhal, alvo (0.38, 1.99, 1.58 rad)
[INFO] [1790792894.396697, 945.899000]: [mission] APPROACH: alinhado, avançando (0.62 m)
[INFO] [1790792894.447666, 945.949000]: [mission] teto por postura ativo no drive: v<=0.17 w<=0.50 rampa 0.45/1.51
[INFO] [1790792899.469944, 950.899000]: [mission] APPROACH: chegou, ajustando heading final
[INFO] [1790792905.179775, 956.499000]: [mission] APPROACH: concluído
[INFO] [1790792905.189150, 956.508000]: State machine transitioning 'APPROACH':'arrived'-->'REFINE'
[INFO] [1790792905.191819, 956.509000]: [mission] REFINE — remedindo a parede de perto (10 amostras)
[INFO] [1790792905.198767, 956.517000]: [mission] âncora engatada (coleta do REFINE)
[INFO] [1790792905.200672, 956.519000]: [mission] REFINE: coleta com dither ±0.05 rad/s (período 3.0 s)
[INFO] [1790792920.517179, 971.593000]: [mission] âncora solta — 20 correções de deriva
[INFO] [1790792920.519225, 971.595000]: [mission] REFINE: âncora corrigiu a deriva 20 vez(es) durante a coleta
[INFO] [1790792920.523652, 971.600000]: [mission] olhal estimado em (0.206, 2.873, 0.802)
[INFO] [1790792920.527534, 971.604000]: State machine transitioning 'REFINE':'ok'-->'DEPLOY'
[INFO] [1790792920.529083, 971.605000]: [mission] DEPLOY: IK resolvida para a POSE DE MANIPULAÇÃO (0.21, 2.25, 1.58 rad), não para a atual
[INFO] [1790792925.273283, 973.354000]: [mission] DEPLOY: IK nivelada 0.0715 m, só eixo 0.0013 m — a MISSÃO INTEIRA usa "eixo"
[INFO] [1790792925.277252, 976.348000]: [mission] DEPLOY: IK da ponta resolvida (resíduo 0.0013 m, degrau 0.3°) — pré-posicionando em [-10.9 -46.8  60.   78.7  79.1] graus
[INFO] [1790792932.288957, 983.249000]: [mission] plano de exclusão publicado: parede em [ 5.000e-03  3.002e+00 -3.000e-03], normal segura [ 0.009 -1.     0.   ]
[INFO] [1790792932.505376, 983.462000]: [mission] teto por postura ativo no drive: v<=0.23 w<=0.50 rampa 0.52/1.64
[INFO] [1790792934.992657, 985.912000]: [mission] DEPLOY/aproxima: alinhado, avançando (0.36 m)
[INFO] [1790792938.812015, 989.662000]: [mission] DEPLOY/aproxima: chegou, ajustando heading final
[INFO] [1790792942.503160, 993.262000]: [mission] DEPLOY/aproxima: concluído
[INFO] [1790792942.505979, 993.265000]: State machine transitioning 'DEPLOY':'ok'-->'MANIPULATE'
[INFO] [1790792942.509204, 993.267000]: [mission] fase "orienta": modo IK iterativa (YAML)
[INFO] [1790792942.514022, 993.272000]: [mission] âncora engatada (fase "orienta")
[INFO] [1790792945.865491, 996.566000]: [mission] fase "orienta" it0: ponta (0.301, 2.729, 0.810) erro=0.0062 | degrau eixo 0.1° | rolagem 0.2° | IK pediu [-19.8 -29.3  26.   92.6  74.9] | faltou [0. 0. 0. 0. 0.] graus
[INFO] [1790792945.870381, 996.570000]: [mission] âncora solta — 3 correções de deriva
[INFO] [1790792945.872780, 996.574000]: [mission] fase "orienta" alcançada em 1 iteração(ões) (0.0062 m) — âncora corrigiu 3 vez(es)
[INFO] [1790792946.388452, 997.084000]: [mission] fase "aproxima_lateral": modo IK iterativa (YAML)
[INFO] [1790792946.392910, 997.088000]: [mission] âncora engatada (fase "aproxima_lateral")
[INFO] [1790792949.290627, 999.943000]: [mission] fase "aproxima_lateral" it0: ponta (0.298, 2.882, 0.807) erro=0.0098 | degrau eixo 5.2° | rolagem 5.3° | IK pediu [-16.2 -13.3   0.   77.6  79.1] | faltou [ 0.1 -0.3 -0.2 -0.1  0. ] graus
[INFO] [1790792949.294980, 999.947000]: [mission] fase "aproxima_lateral" it0: no frame da parede eixo=+1.4 prof=+8.3 alt=+5.0 mm (tolerância 40/8/5)
[INFO] [1790792950.835642, 1001.454000]: [mission] fase "aproxima_lateral" it1: ponta (0.295, 2.870, 0.812) erro=0.0040 | degrau eixo 4.8° | rolagem 5.3° | IK pediu [-16.2 -13.5   0.   80.4  78.7] | faltou [ 0.  -0.1 -0.8 -1.5  0.1] graus
[INFO] [1790792950.841058, 1001.460000]: [mission] fase "aproxima_lateral" it1: no frame da parede eixo=-1.4 prof=-3.7 alt=+0.6 mm (tolerância 40/8/5)
[INFO] [1790792950.843514, 1001.463000]: [mission] âncora solta — 3 correções de deriva
[INFO] [1790792950.845337, 1001.465000]: [mission] fase "aproxima_lateral" alcançada em 2 iteração(ões) (0.0040 m) — âncora corrigiu 3 vez(es)
[INFO] [1790792951.363549, 1001.972000]: [mission] fase "atravessa": modo IK iterativa (YAML)
[INFO] [1790792951.369819, 1001.978000]: [mission] âncora engatada (fase "atravessa")
[INFO] [1790792953.126607, 1003.705000]: [mission] fase "atravessa" it0: ponta (0.229, 2.879, 0.809) erro=0.0157 | degrau eixo 2.0° | rolagem 2.5° | IK pediu [ -9.3 -14.3   0.1  82.3  85.1] | faltou [-1.3 -0.2 -0.3 -0.4 -0.9] graus
[INFO] [1790792953.128286, 1003.707000]: [mission] fase "atravessa" it0: no frame da parede eixo=+14.2 prof=+5.9 alt=+3.4 mm (tolerância 8/6/5)
[INFO] [1790792954.702189, 1005.236000]: [mission] fase "atravessa" it1: ponta (0.209, 2.869, 0.812) erro=0.0067 | degrau eixo 1.5° | rolagem 1.6° | IK pediu [ -8.2 -14.6   0.3  84.7  85.8] | faltou [-0.6 -0.2 -0.3 -0.4 -0. ] graus
[INFO] [1790792954.705746, 1005.240000]: [mission] fase "atravessa" it1: no frame da parede eixo=-5.3 prof=-4.0 alt=+0.8 mm (tolerância 8/6/5)
[INFO] [1790792954.707393, 1005.241000]: [mission] âncora solta — 1 correções de deriva
[INFO] [1790792954.709879, 1005.243000]: [mission] fase "atravessa" alcançada em 2 iteração(ões) (0.0067 m) — âncora corrigiu 1 vez(es)
[WARN] [1790792965.143293, 1015.479000]: [mission] fase "destrava": descida estagnou CURTA em 10.8 mm (mín 10; prof -9.2 mm, tol 6) — a ponta parou de empurrar; devolvendo para reassentar
[WARN] [1790792965.350604, 1015.684000]: [mission] destrava: REASSENTANDO (1/1) — sobe 12 mm, recaptura, destrava de novo
[WARN] [1790792986.340419, 1036.419000]: [mission] RETRACT: ponta a 0.140 m do olhal — saindo em degraus: sobe 30 mm, 120 mm pelo eixo do furo, 100 mm para fora, antes de recolher
[INFO] [1790792955.246888, 1005.751000]: [mission] fase "captura": modo IK iterativa (YAML)
[INFO] [1790792955.249974, 1005.754000]: [mission] âncora engatada (fase "captura")
[INFO] [1790792956.795739, 1007.258000]: [mission] fase "captura" it0: ponta (0.209, 2.873, 0.795) erro=0.0040 | degrau eixo 1.7° | rolagem 1.7° | IK pediu [ -8.4 -17.   -0.1  85.3  85.6] | faltou [-0.3  0.1  0.1  0.1  0. ] graus
[INFO] [1790792956.798401, 1007.261000]: [mission] fase "captura" it0: no frame da parede eixo=+2.9 prof=-0.7 alt=-2.7 mm (tolerância 40/6/10)
[INFO] [1790792956.800696, 1007.263000]: [mission] fase "captura" alcançada em 1 iteração(ões) (0.0040 m)
[INFO] [1790792956.807981, 1007.270000]: [mission] captura: ponta registrada em eixo=-2.9 prof=+0.7 alt=-7.3 mm (zero da descida do destrava e da deriva de eixo)
[INFO] [1790792957.323067, 1007.773000]: [mission] fase "destrava": alvo em altura relativo à captura: -27.3 mm (captura -7.3 − curso 18 − margem 2)
[INFO] [1790792957.324618, 1007.774000]: [mission] fase "destrava": modo whole-body/Fuzzy (YAML)
[INFO] [1790792957.532907, 1007.976000]: [mission] plano de exclusão publicado: parede em [ 5.000e-03  3.002e+00 -3.000e-03], normal segura [ 0.009 -1.     0.   ]
[INFO] [1790792957.841528, 1008.278000]: [mission] fase "destrava": whole-body assumiu (base livre, restrita pelo plano de exclusão)
[INFO] [1790792957.843136, 1008.279000]: [mission] fase "destrava": whole-body a 0.0206 m do alvo — eixo=+3.1 prof=-0.5 alt=-20.4 mm
[INFO] [1790792959.973490, 1010.379000]: [mission] fase "destrava": whole-body a 0.0127 m do alvo — eixo=+2.1 prof=-4.4 alt=-11.7 mm
[INFO] [1790792962.120369, 1012.479000]: [mission] fase "destrava": whole-body a 0.0110 m do alvo — eixo=+2.0 prof=-5.5 alt=-9.3 mm
[INFO] [1790792964.228629, 1014.579000]: [mission] fase "destrava": whole-body a 0.0125 m do alvo — eixo=+2.0 prof=-8.0 alt=-9.3 mm
[INFO] [1790792965.347278, 1015.680000]: [mission] plano de exclusão publicado: parede em [ 5.000e-03  3.002e+00 -3.000e-03], normal segura [ 0.009 -1.     0.   ]
[INFO] [1790792965.355834, 1015.689000]: [mission] âncora engatada (fase "reassenta_sobe")
[INFO] [1790792967.508214, 1017.820000]: [mission] fase "reassenta_sobe" it0: ponta (0.211, 2.871, 0.794) erro=0.0074 | degrau eixo 1.0° | rolagem 1.1° | IK pediu [ -9.8 -19.3   1.2  97.2  84.5] | faltou [-0.4  0.  -0.2 -0.5 -0. ] graus
[INFO] [1790792967.513209, 1017.825000]: [mission] fase "reassenta_sobe" it0: no frame da parede eixo=+2.8 prof=+6.6 alt=+2.1 mm (tolerância 30/20/5)
[INFO] [1790792967.515266, 1017.827000]: [mission] fase "reassenta_sobe" alcançada em 1 iteração(ões) (0.0074 m)
[INFO] [1790792967.520457, 1017.832000]: [mission] âncora engatada (fase "captura")
[INFO] [1790792968.973570, 1019.266000]: [mission] fase "captura" it0: ponta (0.211, 2.869, 0.794) erro=0.0065 | degrau eixo 1.0° | rolagem 1.1° | IK pediu [ -9.8 -19.2   0.3  97.3  84.7] | faltou [-0.5  0.   0.2  0.3 -0.1] graus
[INFO] [1790792968.976221, 1019.269000]: [mission] fase "captura" it0: no frame da parede eixo=+4.7 prof=-4.3 alt=-1.2 mm (tolerância 40/6/10)
[INFO] [1790792968.978925, 1019.271000]: [mission] fase "captura" alcançada em 1 iteração(ões) (0.0065 m)
[INFO] [1790792968.981388, 1019.273000]: [mission] destrava/reassenta: captura registrada em eixo=-4.7 prof=+4.3 alt=-8.8 mm
[INFO] [1790792969.188563, 1019.475000]: [mission] plano de exclusão publicado: parede em [ 5.000e-03  3.002e+00 -3.000e-03], normal segura [ 0.009 -1.     0.   ]
[INFO] [1790792969.493064, 1019.778000]: [mission] fase "destrava": whole-body assumiu (base livre, restrita pelo plano de exclusão)
[INFO] [1790792969.494623, 1019.779000]: [mission] fase "destrava": whole-body a 0.0200 m do alvo — eixo=+4.7 prof=-3.6 alt=-19.1 mm
[INFO] [1790792971.618828, 1021.879000]: [mission] fase "destrava": whole-body a 0.0074 m do alvo — eixo=+4.8 prof=-1.4 alt=-5.4 mm
[INFO] [1790792973.736558, 1023.980000]: [mission] fase "destrava": whole-body a 0.0052 m do alvo — eixo=+4.9 prof=-0.6 alt=-1.7 mm
[INFO] [1790792973.947361, 1024.179000]: [mission] fase "destrava" alcançada por whole-body em 4.4s (0.0053 m) — no frame da parede eixo=+4.9 prof=-1.4 alt=-1.4 mm (tolerância 40/6/4)
[INFO] [1790792974.162485, 1024.394000]: [mission] destrava: ponta desceu 18.7 mm desde a captura (critério observável) | lingueta 14.4 mm (só na simulação)
[INFO] [1790792974.165034, 1024.397000]: [mission] destrava: lingueta em 14.4 mm — gatilho solto
[INFO] [1790792974.676166, 1024.899000]: [mission] fase "libera": modo whole-body/Fuzzy (YAML)
[INFO] [1790792974.888216, 1025.100000]: [mission] plano de exclusão publicado: parede em [ 5.000e-03  3.002e+00 -3.000e-03], normal segura [ 0.009 -1.     0.   ]
[INFO] [1790792975.195940, 1025.403000]: [mission] fase "libera": whole-body assumiu (base livre, restrita pelo plano de exclusão)
[INFO] [1790792975.805695, 1026.004000]: [mission] fase "libera": whole-body a 0.0237 m do alvo — eixo=+4.5 prof=+22.9 alt=+4.3 mm
[INFO] [1790792977.622492, 1027.805000]: [mission] fase "libera" alcançada por whole-body em 2.4s (0.0084 m) — no frame da parede eixo=+3.8 prof=+5.2 alt=+5.4 mm (tolerância 40/8/6)
[INFO] [1790792978.337762, 1028.509000]: [mission] fase "arco1"/puxa: RECUANDO 0.022 m só com as rodas
[INFO] [1790792978.792891, 1028.960000]: [mission] fase "arco1"/puxa: concluído (0.023 m)
[INFO] [1790792978.793989, 1028.961000]: [mission] fase "arco1": modo whole-body/Fuzzy (YAML)
[INFO] [1790792978.999668, 1029.162000]: [mission] plano de exclusão publicado: parede em [ 5.000e-03  3.002e+00 -3.000e-03], normal segura [ 0.009 -1.     0.   ]
[INFO] [1790792979.310057, 1029.467000]: [mission] fase "arco1": whole-body assumiu (base livre, restrita pelo plano de exclusão)
[INFO] [1790792979.311134, 1029.468000]: [mission] fase "arco1": whole-body a 0.0034 m do alvo — eixo=+1.6 prof=-1.6 alt=-2.6 mm
[INFO] [1790792979.715936, 1029.867000]: [mission] fase "arco1" alcançada por whole-body em 0.4s (0.0041 m) — no frame da parede eixo=+1.6 prof=-2.5 alt=-2.9 mm (tolerância 40/10/15)
[INFO] [1790792979.717110, 1029.868000]: [mission] arco1: SOLTURA observável — recuo 50.0 mm desde a captura (mín 40) com deriva de eixo +3.1 mm → SOLTA
[INFO] [1790792979.925734, 1030.076000]: [mission] waypoint de 15° — lâmina medida em 14.4° (abertura por CONTATO)
[INFO] [1790792980.428951, 1030.577000]: [mission] fase "arco2"/puxa: RECUANDO 0.048 m só com as rodas
[INFO] [1790792981.339175, 1031.478000]: [mission] fase "arco2"/puxa: concluído (0.049 m)
[INFO] [1790792981.340625, 1031.479000]: [mission] fase "arco2": modo whole-body/Fuzzy (YAML)
[INFO] [1790792981.545043, 1031.681000]: [mission] plano de exclusão publicado: parede em [ 5.000e-03  3.002e+00 -3.000e-03], normal segura [ 0.009 -1.     0.   ]
[INFO] [1790792981.847365, 1031.983000]: [mission] fase "arco2": whole-body assumiu (base livre, restrita pelo plano de exclusão)
[INFO] [1790792981.848940, 1031.984000]: [mission] fase "arco2": whole-body a 0.0176 m do alvo — eixo=+1.2 prof=-0.3 alt=-17.6 mm
[INFO] [1790792982.654699, 1032.784000]: [mission] fase "arco2" alcançada por whole-body em 0.8s (0.0119 m) — no frame da parede eixo=+1.2 prof=-4.8 alt=-10.8 mm (tolerância 40/10/15)
[INFO] [1790792982.865420, 1032.992000]: [mission] waypoint de 30° — lâmina medida em 29.7° (abertura por CONTATO)
[INFO] [1790792983.369093, 1033.493000]: [mission] fase "desengata": modo IK iterativa (YAML)
[INFO] [1790792983.371390, 1033.495000]: [mission] âncora engatada (fase "desengata")
[INFO] [1790792985.399890, 1035.498000]: [mission] fase "desengata" it0: ponta (0.296, 2.779, 0.748) erro=0.0059 | degrau eixo 3.6° | rolagem 3.8° | IK pediu [-17.8 -24.   -0.   97.7  77.5] | faltou [ 0.2 -0.2 -0.2 -0.3 -0. ] graus
[INFO] [1790792985.405463, 1035.503000]: [mission] fase "desengata" alcançada em 1 iteração(ões) (0.0059 m)
[INFO] [1790792985.932338, 1036.015000]: [mission] MANIPULATE concluída — chave ABERTA, lâmina medida em 29.8°
[INFO] [1790792985.934226, 1036.017000]: State machine transitioning 'MANIPULATE':'done'-->'RETRACT'
[INFO] [1790792986.347423, 1036.426000]: [mission] âncora engatada (fase "saida_sobe")
[INFO] [1790792987.985404, 1038.031000]: [mission] fase "saida_sobe" it0: ponta (0.294, 2.785, 0.775) erro=0.0054 | degrau eixo 3.2° | rolagem 3.3° | IK pediu [-17.7 -20.6   0.   96.1  77.6] | faltou [ 0.  -0.4 -0.2  0.1 -0. ] graus
[INFO] [1790792987.989112, 1038.035000]: [mission] fase "saida_sobe" it0: no frame da parede eixo=-1.2 prof=+4.4 alt=+2.8 mm (tolerância 30/20/10)
[INFO] [1790792987.991070, 1038.036000]: [mission] fase "saida_sobe" alcançada em 1 iteração(ões) (0.0054 m)
[INFO] [1790792987.997321, 1038.043000]: [mission] âncora engatada (fase "saida_eixo")
[INFO] [1790792989.930323, 1039.951000]: [mission] fase "saida_eixo" it0: ponta (0.414, 2.787, 0.774) erro=0.0073 | degrau eixo 8.2° | rolagem 8.6° | IK pediu [-28.3 -19.2  -0.   87.9  68.2] | faltou [-0.  -0.2 -0.3 -0.3  0. ] graus
[INFO] [1790792989.933338, 1039.954000]: [mission] fase "saida_eixo" it0: no frame da parede eixo=-1.9 prof=+5.9 alt=+3.9 mm (tolerância 20/20/15)
[INFO] [1790792989.934824, 1039.956000]: [mission] fase "saida_eixo" alcançada em 1 iteração(ões) (0.0073 m)
[INFO] [1790792989.938760, 1039.960000]: [mission] âncora engatada (fase "saida_fora")
[INFO] [1790792992.479452, 1042.463000]: [mission] fase "saida_fora" it0: ponta (0.413, 2.687, 0.776) erro=0.0068 | degrau eixo 1.5° | rolagem 1.9° | IK pediu [-32.7 -21.8   0.  108.5  62.7] | faltou [ 0.1 -0.1 -0.3 -0.4  0. ] graus
[INFO] [1790792992.482553, 1042.466000]: [mission] fase "saida_fora" it0: no frame da parede eixo=-3.0 prof=+5.9 alt=+1.4 mm (tolerância 30/20/20)
[INFO] [1790792992.484202, 1042.468000]: [mission] fase "saida_fora" alcançada em 1 iteração(ões) (0.0068 m)
[INFO] [1790792992.485345, 1042.469000]: [mission] RETRACT/afasta: RECUANDO 0.250 m só com as rodas
[INFO] [1790792996.956256, 1046.870000]: [mission] RETRACT/afasta: concluído (0.251 m)
[INFO] [1790792996.958011, 1046.872000]: [mission] postura "stow_home" comandada: [0.0, 1.13, -1.04, -1.8, 0.0]
[INFO] [1790793009.474000, 1059.172000]: State machine transitioning 'RETRACT':'ok'-->'RETURN'
[INFO] [1790793009.475577, 1059.173000]: [mission] RETURN — voltando a (0.01, 1.00, 0.00 rad)
[INFO] [1790793022.598500, 1072.125000]: [mission] RETURN: alinhado, avançando (1.20 m)
[INFO] [1790793022.649165, 1072.175000]: [mission] teto por postura ativo no drive: v<=0.23 w<=0.50 rampa 0.51/1.52
[INFO] [1790793031.759424, 1081.175000]: [mission] RETURN: chegou, ajustando heading final
[INFO] [1790793031.810538, 1081.226000]: [mission] teto por postura ativo no drive: v<=0.23 w<=0.50 rampa 0.51/1.52
[INFO] [1790793039.580136, 1088.875000]: [mission] RETURN: concluído
[INFO] [1790793039.581383, 1088.876000]: State machine terminating 'RETURN':'home':'MISSION_OK'
[INFO] [1790793039.582526, 1088.877000]: [mission] resultado: MISSION_OK
... logging to /home/marco/.ros/log/6face59e-bcfa-11f1-b39b-b025aa85b2a2/roslaunch-shiroi-2096287.log
Checking log directory for disk usage. This may take a while.
Press Ctrl-C to interrupt
]2;/home/marco/b166er/src/b166er_whole_body_control/launch/chave_mission.launch
[1mstarted roslaunch server http://shiroi:40771/[0m

SUMMARY
========

PARAMETERS
 * /chave_mission/estado_final: 
 * /chave_mission/estado_inicial: STOW_INIT
 * /chave_mission/pausa_por_fase: False
 * /chave_mission/search_omega: 0.35
 * /chave_mission/standoff_distance: 0.62
 * /chave_mission/use_wholebody: False
 * /chave_seccionadora_task/aproxima_lateral/modo: ik
 * /chave_seccionadora_task/aproxima_lateral/offset_xyz_m: [-0.09, 0.0, 0.01]
 * /chave_seccionadora_task/aproxima_lateral/tol_xyz_m: [0.04, 0.008, 0.005]
 * /chave_seccionadora_task/arco1/blade_angle_deg: 15
 * /chave_seccionadora_task/arco1/deriva_eixo_max_m: 0.015
 * /chave_seccionadora_task/arco1/modo: wb
 * /chave_seccionadora_task/arco1/offset_xyz_m: [0.0, 0.0518, -0....
 * /chave_seccionadora_task/arco1/soltura_recuo_min_m: 0.04
 * /chave_seccionadora_task/arco1/tol_xyz_m: [0.04, 0.01, 0.015]
 * /chave_seccionadora_task/arco2/blade_angle_deg: 30
 * /chave_seccionadora_task/arco2/deriva_eixo_max_m: 0.015
 * /chave_seccionadora_task/arco2/modo: wb
 * /chave_seccionadora_task/arco2/offset_xyz_m: [0.0, 0.1, -0.0518]
 * /chave_seccionadora_task/arco2/tol_xyz_m: [0.04, 0.01, 0.015]
 * /chave_seccionadora_task/atravessa/modo: ik
 * /chave_seccionadora_task/atravessa/offset_xyz_m: [-0.008, 0.0, 0.01]
 * /chave_seccionadora_task/atravessa/tol_xyz_m: [0.008, 0.006, 0....
 * /chave_seccionadora_task/captura/modo: ik
 * /chave_seccionadora_task/captura/offset_xyz_m: [0.0, 0.0, -0.01]
 * /chave_seccionadora_task/captura/tol_xyz_m: [0.04, 0.006, 0.01]
 * /chave_seccionadora_task/desengata/modo: ik
 * /chave_seccionadora_task/desengata/offset_xyz_m: [-0.09, 0.1, -0.0...
 * /chave_seccionadora_task/destrava/curso_estagna_m: 0.01
 * /chave_seccionadora_task/destrava/curso_margem_m: 0.002
 * /chave_seccionadora_task/destrava/curso_min_m: 0.018
 * /chave_seccionadora_task/destrava/modo: wb
 * /chave_seccionadora_task/destrava/offset_xyz_m: [0.0, 0.0, -0.025]
 * /chave_seccionadora_task/destrava/tol_xyz_m: [0.04, 0.006, 0.004]
 * /chave_seccionadora_task/libera/deriva_eixo_max_m: 0.015
 * /chave_seccionadora_task/libera/modo: wb
 * /chave_seccionadora_task/libera/offset_xyz_m: [0.0, 0.03, -0.025]
 * /chave_seccionadora_task/libera/tol_xyz_m: [0.04, 0.008, 0.006]
 * /chave_seccionadora_task/orienta/modo: ik
 * /chave_seccionadora_task/orienta/offset_xyz_m: [-0.09, 0.15, 0.0...
 * /chave_seccionadora_task/reassenta_sobe/tol_xyz_m: [0.03, 0.02, 0.005]
 * /chave_seccionadora_task/saida_eixo/tol_xyz_m: [0.02, 0.02, 0.015]
 * /chave_seccionadora_task/saida_fora/tol_xyz_m: [0.03, 0.02, 0.02]
 * /chave_seccionadora_task/saida_sobe/tol_xyz_m: [0.03, 0.02, 0.01]
 * /chave_seccionadora_task/target_frame: chave_olhal_link
 * /fuzzy_wb_controller/fixed_gains: []
 * /rosdistro: noetic
 * /rosversion: 1.17.4

NODES
  /
    chave_mission (b166er_whole_body_control/chave_mission.py)

[1mROS_MASTER_URI=http://localhost:11311[0m
]2;/home/marco/b166er/src/b166er_whole_body_control/launch/chave_mission.launch http://localhost:11311
[1mprocess[chave_mission-1]: started with pid [2096331][0m
[1m[chave_mission-1] process has finished cleanly
log file: /home/marco/.ros/log/6face59e-bcfa-11f1-b39b-b025aa85b2a2/chave_mission-1*.log[0m
all processes on machine have died, roslaunch will exit
shutting down processing monitor...
... shutting down processing monitor complete
[1mdone[0m
