[31mWARNING: disk usage in log directory [/home/marco/.ros/log] is over 1GB.
It's recommended that you use the 'rosclean' command.[0m
the rosdep view is empty: call 'sudo rosdep init' and 'rosdep update'
[WARN] [1791583832.661850, 162.376000]: [mission] SEARCH: 6 de 25 amostras descartadas como outlier (>0.15 m ou >0.20 rad da mediana)
[WARN] [1791583832.717061, 162.433000]: [mission] SEARCH: laser com só 24 pontos de parede (mín 30) — parede fica pela tag
[WARN] [1791583853.651344, 182.941000]: [mission] APPROACH: laser reporta obstáculo a 0.39 m (mín 0.64) — parando avanço
[INFO] [1791583734.369678, 66.231000]: garra_dx = 0.000 m (fechada)
[INFO] [1791583734.473303, 66.332000]: State machine starting in initial state 'HOMING' with userdata: 
	[]
[INFO] [1791583734.681951, 66.538000]: [mission] pose de partida registrada: (0.00, 1.00, 0.08 rad)
[INFO] [1791583734.685969, 66.542000]: [mission] HOMING: procurando os fins de curso (J4, J3, J2, J5, J1)
[INFO] [1791583794.999563, 125.543000]: [mission] HOMING: cinco switches achados — referência das juntas estabelecida
[INFO] [1791583795.002221, 125.545000]: State machine transitioning 'HOMING':'ok'-->'HOME_POSITION'
[INFO] [1791583795.005361, 125.548000]: [mission] postura "home" comandada: [0.0, 1.108, -1.021, -1.894, 0.0]
[INFO] [1791583808.722146, 138.951000]: [mission] HOME_POSITION: braço em HOME POSITION (J1/J5 em zero, J2/J3/J4 nos switches)
[INFO] [1791583808.722878, 138.951000]: State machine transitioning 'HOME_POSITION':'ok'-->'SEARCH'
[INFO] [1791583808.723956, 138.952000]: [mission] postura "search" comandada: [0.0, 1.0, -1.0, 0.0, 0.0]
[INFO] [1791583818.672658, 148.653000]: [mission] SEARCH — girando à procura da tag...
[INFO] [1791583818.676234, 148.656000]: [mission] SEARCH: amostra quando a tag estiver a raio 0.35-0.50 do quadro (vista oblíqua; omega fina 0.15 rad/s)
[INFO] [1791583819.958977, 149.909000]: [mission] SEARCH: tag a raio 0.93 — girando até <= 0.50
[INFO] [1791583827.183581, 157.010000]: [mission] SEARCH: tag a raio 0.49 — parando
[INFO] [1791583827.186304, 157.013000]: [mission] tag avistada — parando para medir
[INFO] [1791583828.208978, 158.014000]: [mission] SEARCH: coleta com dither ±0.05 rad/s (período 3.0 s)
[INFO] [1791583832.664799, 162.381000]: [mission] SEARCH: 19 amostras — parede (0.017, 3.090, -0.004) yaw=2.959
[INFO] [1791583832.719110, 162.436000]: [mission] parede localizada em (0.017, 3.090, -0.004)
[INFO] [1791583832.726021, 162.442000]: State machine transitioning 'SEARCH':'found'-->'APPROACH'
[INFO] [1791583832.729163, 162.445000]: [mission] APPROACH etapa 1/2 — 1.30 m do olhal, alvo (-0.05, 1.65, 1.39 rad)
[INFO] [1791583837.042916, 166.698000]: [mission] APPROACH: alinhado, avançando (0.78 m)
[INFO] [1791583837.095555, 166.748000]: [mission] teto por postura ativo no drive: v<=0.18 w<=0.50 rampa 0.46/1.51
[INFO] [1791583843.331477, 172.848000]: [mission] APPROACH: chegou, ajustando heading final
[INFO] [1791583843.385032, 172.898000]: [mission] teto por postura ativo no drive: v<=0.18 w<=0.50 rampa 0.46/1.51
[INFO] [1791583846.546262, 175.998000]: [mission] APPROACH: concluído
[INFO] [1791583847.569168, 177.002000]: [mission] APPROACH/remedida: coleta com dither ±0.05 rad/s (período 3.0 s)
[INFO] [1791583848.676684, 178.083000]: [mission] APPROACH/remedida: 10 amostras — parede (0.010, 3.025, -0.005) yaw=3.112
[INFO] [1791583848.730496, 178.136000]: [mission] APPROACH/remedida: parede pelo LASER — 83 pontos, resíduo 5.2 mm: profundidade +26.2 mm e yaw +1.61° em relação à tag → parede (0.010, 2.999, -0.005) yaw=3.140
[INFO] [1791583848.732512, 178.138000]: [mission] APPROACH etapa 2/2 — 0.88 m do olhal, alvo (0.38, 1.99, 1.57 rad)
[INFO] [1791583853.598888, 182.891000]: [mission] APPROACH: alinhado, avançando (0.63 m)
[INFO] [1791583853.701610, 182.991000]: [mission] teto por postura ativo no drive: v<=0.18 w<=0.50 rampa 0.46/1.51
[INFO] [1791583858.334959, 187.541000]: [mission] APPROACH: concluído
[INFO] [1791583858.342749, 187.549000]: State machine transitioning 'APPROACH':'arrived'-->'REFINE'
[INFO] [1791583858.345312, 187.551000]: [mission] REFINE — remedindo a parede de perto (10 amostras)
[INFO] [1791583858.347272, 187.553000]: [mission] REFINE: coleta com dither ±0.05 rad/s (período 3.0 s)
[INFO] [1791583859.458230, 188.641000]: [mission] REFINE: 10 amostras — parede (0.004, 3.000, -0.002) yaw=-3.140
[INFO] [1791583859.512561, 188.693000]: [mission] REFINE: parede pelo LASER — 91 pontos, resíduo 5.2 mm: profundidade +0.4 mm e yaw -0.15° em relação à tag → parede (0.004, 3.000, -0.002) yaw=3.141
[INFO] [1791583859.513932, 188.695000]: [mission] REFINE: deslocou 0.007 m da estimativa anterior
[INFO] [1791583859.514887, 188.696000]: [mission] olhal estimado em (0.204, 2.870, 0.803)
[INFO] [1791583859.518851, 188.700000]: State machine transitioning 'REFINE':'ok'-->'DEPLOY'
[INFO] [1791583859.520780, 188.701000]: [mission] DEPLOY: IK resolvida para a POSE DE MANIPULAÇÃO (0.20, 2.25, 1.57 rad), não para a atual
[INFO] [1791583864.518647, 193.564000]: [mission] DEPLOY: IK nivelada 0.0712 m, só eixo 0.0013 m — a MISSÃO INTEIRA usa "eixo"
[INFO] [1791583864.521038, 193.684000]: [mission] DEPLOY: IK da ponta resolvida (resíduo 0.0013 m, degrau 0.4°) — pré-posicionando em [-10.9 -46.6  60.   78.6 -10.9] graus
[INFO] [1791583875.474139, 204.385000]: [mission] plano de exclusão publicado: parede em [ 4.e-03  3.e+00 -2.e-03], normal segura [-0.001 -1.     0.   ]
[INFO] [1791583875.687231, 204.597000]: [mission] teto por postura ativo no drive: v<=0.26 w<=0.50 rampa 0.55/1.61
[INFO] [1791583877.426424, 206.296000]: [mission] DEPLOY/aproxima: alinhado, avançando (0.66 m)
[INFO] [1791583883.444382, 212.196000]: [mission] DEPLOY/aproxima: chegou, ajustando heading final
[INFO] [1791583886.813341, 215.496000]: [mission] DEPLOY/aproxima: concluído
[INFO] [1791583886.814452, 215.497000]: State machine transitioning 'DEPLOY':'ok'-->'MANIPULATE'
[INFO] [1791583886.815524, 215.498000]: [mission] fase "orienta": modo IK iterativa (YAML)
[INFO] [1791583893.454578, 222.007000]: [mission] fase "orienta" it0: ponta (0.286, 2.737, 0.812) erro=0.0194 | degrau eixo 0.1° | rolagem 0.1° | IK pediu [ -1.5 -39.4  46.8  82.   -6.2] | faltou [-0.3  0.  -0.  -0.1  0.1] graus
[INFO] [1791583893.456683, 222.009000]: [mission] fase "orienta" alcançada em 1 iteração(ões) (0.0194 m)
[INFO] [1791583893.966056, 222.513000]: [mission] fase "aproxima_lateral": modo IK iterativa (YAML)
[INFO] [1791583899.037626, 227.449000]: [mission] fase "aproxima_lateral" it0: ponta (0.293, 2.873, 0.813) erro=0.0112 | degrau eixo 1.4° | rolagem 1.4° | IK pediu [ -1.5 -19.9  10.6  81.5  -4.4] | faltou [0. 0. 0. 0. 0.] graus
[INFO] [1791583899.039096, 227.451000]: [mission] fase "aproxima_lateral" it0: no frame da parede eixo=-1.0 prof=+11.1 alt=+0.6 mm (tolerância 40/8/5)
[INFO] [1791583908.129687, 236.353000]: [mission] fase "aproxima_lateral" it1: ponta (0.296, 2.871, 0.814) erro=0.0099 | degrau eixo 1.2° | rolagem 1.2° | IK pediu [ -1.6 -17.7   4.2  89.8  -4.7] | faltou [-0.2 -1.9  4.3 -2.7 -0.1] graus
[INFO] [1791583908.132075, 236.356000]: [mission] fase "aproxima_lateral" it1: no frame da parede eixo=+2.4 prof=+9.6 alt=-0.6 mm (tolerância 40/8/5)
[INFO] [1791583910.822976, 238.999000]: [mission] fase "aproxima_lateral" it2: ponta (0.294, 2.850, 0.811) erro=0.0114 | degrau eixo 0.7° | rolagem 0.7° | IK pediu [ -1.6 -19.    5.4  94.9  -4.7] | faltou [0. 0. 0. 0. 0.] graus
[INFO] [1791583910.824546, 239.001000]: [mission] fase "aproxima_lateral" it2: no frame da parede eixo=+0.3 prof=-11.2 alt=+2.0 mm (tolerância 40/8/5)
[INFO] [1791583916.020837, 244.061000]: [mission] fase "aproxima_lateral" it3: ponta (0.291, 2.864, 0.814) erro=0.0039 | degrau eixo 0.8° | rolagem 0.8° | IK pediu [ -1.5 -17.4   2.5  95.6  -4.6] | faltou [ 0.2 -2.   4.2 -2.5  0.1] graus
[INFO] [1791583916.026723, 244.067000]: [mission] fase "aproxima_lateral" it3: no frame da parede eixo=-3.0 prof=+2.4 alt=-0.7 mm (tolerância 40/8/5)
[INFO] [1791583916.029201, 244.070000]: [mission] fase "aproxima_lateral" alcançada em 4 iteração(ões) (0.0039 m)
[INFO] [1791583916.551981, 244.580000]: [mission] fase "atravessa": modo IK iterativa (YAML)
[INFO] [1791583920.253096, 248.184000]: [mission] fase "atravessa" it0: ponta (0.210, 2.866, 0.813) erro=0.0047 | degrau eixo 0.5° | rolagem 0.5° | IK pediu [  6.2 -19.    5.4  95.    3.1] | faltou [0. 0. 0. 0. 0.] graus
[INFO] [1791583920.255954, 248.187000]: [mission] fase "atravessa" it0: no frame da parede eixo=-2.0 prof=+4.2 alt=+0.3 mm (tolerância 8/6/5)
[INFO] [1791583920.256941, 248.188000]: [mission] fase "atravessa" alcançada em 1 iteração(ões) (0.0047 m)
[WARN] [1791583925.367821, 253.157000]: [mission] fase "destrava": TETO de descida — ponta desceu 22.5 mm desde a captura (teto 22, curso mín 18): parando de empurrar com eixo +9.0 prof +2.2 mm
[WARN] [1791583938.967557, 266.449000]: [mission] RETRACT: ponta a 0.133 m do olhal — saindo em degraus: sobe 30 mm, 120 mm pelo eixo do furo, 100 mm para fora, antes de recolher
[INFO] [1791583920.767242, 248.691000]: [mission] fase "captura": modo IK iterativa (YAML)
[INFO] [1791583923.694232, 251.527000]: [mission] fase "captura" it0: ponta (0.212, 2.868, 0.791) erro=0.0025 | degrau eixo 0.5° | rolagem 0.5° | IK pediu [  6.3 -20.7   3.6  97.1   3.1] | faltou [-0.1 -0.3  0.2  0.7 -0.2] graus
[INFO] [1791583923.697675, 251.531000]: [mission] fase "captura" it0: no frame da parede eixo=+0.8 prof=-1.7 alt=+1.7 mm (tolerância 8/6/10)
[INFO] [1791583923.699337, 251.532000]: [mission] fase "captura" alcançada em 1 iteração(ões) (0.0025 m)
[INFO] [1791583923.706746, 251.540000]: [mission] captura: ponta registrada em eixo=-8.8 prof=+1.7 alt=-11.7 mm (zero da descida do destrava e da deriva de eixo)
[INFO] [1791583924.225790, 252.041000]: [mission] fase "destrava": alvo em altura relativo à captura: -31.7 mm (captura -11.7 − curso 18 − margem 2)
[INFO] [1791583924.227392, 252.044000]: [mission] fase "destrava": modo whole-body/Fuzzy (YAML)
[INFO] [1791583924.436367, 252.248000]: [mission] plano de exclusão publicado: parede em [ 4.e-03  3.e+00 -2.e-03], normal segura [-0.001 -1.     0.   ]
[INFO] [1791583924.750324, 252.555000]: [mission] fase "destrava": whole-body assumiu (base livre, restrita pelo plano de exclusão)
[INFO] [1791583924.754182, 252.557000]: [mission] fase "destrava": whole-body a 0.0207 m do alvo — eixo=+9.3 prof=-1.3 alt=-18.5 mm
[INFO] [1791583925.584608, 253.369000]: [mission] destrava: ponta desceu 23.1 mm desde a captura (critério observável) | lingueta 20.0 mm (só na simulação)
[INFO] [1791583925.586298, 253.371000]: [mission] destrava: lingueta em 20.0 mm — gatilho solto
[INFO] [1791583926.095809, 253.872000]: [mission] fase "libera": modo whole-body/Fuzzy (YAML)
[INFO] [1791583926.305296, 254.074000]: [mission] plano de exclusão publicado: parede em [ 4.e-03  3.e+00 -2.e-03], normal segura [-0.001 -1.     0.   ]
[INFO] [1791583926.608634, 254.377000]: [mission] fase "libera": whole-body assumiu (base livre, restrita pelo plano de exclusão)
[INFO] [1791583926.813095, 254.577000]: [mission] fase "libera": whole-body a 0.0316 m do alvo — eixo=+6.3 prof=+29.7 alt=+8.7 mm
[INFO] [1791583928.856788, 256.578000]: [mission] fase "libera": whole-body a 0.0066 m do alvo — eixo=+4.7 prof=-4.6 alt=-0.0 mm
[INFO] [1791583929.065507, 256.777000]: [mission] fase "libera" alcançada por whole-body em 2.4s (0.0050 m) — no frame da parede eixo=+4.7 prof=-1.6 alt=+0.4 mm (tolerância 40/8/6)
[INFO] [1791583929.797954, 257.484000]: [mission] fase "arco1"/puxa: RECUANDO 0.022 m só com as rodas
[INFO] [1791583930.260239, 257.935000]: [mission] fase "arco1"/puxa: concluído (0.024 m)
[INFO] [1791583930.263281, 257.938000]: [mission] fase "arco1": modo whole-body/Fuzzy (YAML)
[INFO] [1791583930.474032, 258.141000]: [mission] plano de exclusão publicado: parede em [ 4.e-03  3.e+00 -2.e-03], normal segura [-0.001 -1.     0.   ]
[INFO] [1791583930.779083, 258.445000]: [mission] fase "arco1": whole-body assumiu (base livre, restrita pelo plano de exclusão)
[INFO] [1791583930.986025, 258.646000]: [mission] fase "arco1": whole-body a 0.0076 m do alvo — eixo=+4.7 prof=+5.9 alt=-0.8 mm
[INFO] [1791583931.195849, 258.846000]: [mission] fase "arco1" alcançada por whole-body em 0.4s (0.0050 m) — no frame da parede eixo=+4.7 prof=+1.3 alt=-1.3 mm (tolerância 40/10/15)
[INFO] [1791583931.197713, 258.848000]: [mission] arco1: SOLTURA observável — recuo 48.8 mm desde a captura (mín 40) com deriva de eixo +4.1 mm → SOLTA
[INFO] [1791583931.415693, 259.058000]: [mission] waypoint de 15° — lâmina medida em 16.4° (abertura por CONTATO)
[INFO] [1791583931.936146, 259.561000]: [mission] fase "arco2"/puxa: RECUANDO 0.048 m só com as rodas
[INFO] [1791583932.863950, 260.466000]: [mission] fase "arco2"/puxa: concluído (0.048 m)
[INFO] [1791583932.866227, 260.468000]: [mission] fase "arco2": modo whole-body/Fuzzy (YAML)
[INFO] [1791583933.075970, 260.670000]: [mission] plano de exclusão publicado: parede em [ 4.e-03  3.e+00 -2.e-03], normal segura [-0.001 -1.     0.   ]
[INFO] [1791583933.381842, 260.975000]: [mission] fase "arco2": whole-body assumiu (base livre, restrita pelo plano de exclusão)
[INFO] [1791583933.383271, 260.976000]: [mission] fase "arco2": whole-body a 0.0102 m do alvo — eixo=+4.7 prof=+0.4 alt=-9.0 mm
[INFO] [1791583933.787343, 261.376000]: [mission] fase "arco2" alcançada por whole-body em 0.4s (0.0080 m) — no frame da parede eixo=+4.7 prof=-4.0 alt=-5.2 mm (tolerância 40/10/15)
[INFO] [1791583934.003334, 261.585000]: [mission] waypoint de 30° — lâmina medida em 32.0° (abertura por CONTATO)
[INFO] [1791583934.511184, 262.087000]: [mission] fase "desengata": modo IK iterativa (YAML)
[INFO] [1791583938.027316, 265.527000]: [mission] fase "desengata" it0: ponta (0.289, 2.780, 0.751) erro=0.0115 | degrau eixo 1.0° | rolagem 1.0° | IK pediu [ -2.1 -25.4   1.6 102.7  -5.2] | faltou [ 0.4 -0.  -0.1 -0.1  0. ] graus
[INFO] [1791583938.030632, 265.531000]: [mission] fase "desengata" alcançada em 1 iteração(ões) (0.0115 m)
[INFO] [1791583938.552231, 266.042000]: [mission] MANIPULATE concluída — chave ABERTA, lâmina medida em 32.0°
[INFO] [1791583938.554925, 266.045000]: State machine transitioning 'MANIPULATE':'done'-->'RETRACT'
[INFO] [1791583941.633507, 269.060000]: [mission] fase "saida_sobe" it0: ponta (0.289, 2.788, 0.780) erro=0.0057 | degrau eixo 0.7° | rolagem 0.7° | IK pediu [ -1.5 -21.4   1.1 101.5  -4.7] | faltou [0. 0. 0. 0. 0.] graus
[INFO] [1791583941.637103, 269.063000]: [mission] fase "saida_sobe" it0: no frame da parede eixo=+0.4 prof=+5.7 alt=+0.7 mm (tolerância 30/20/10)
[INFO] [1791583941.639757, 269.065000]: [mission] fase "saida_sobe" alcançada em 1 iteração(ões) (0.0057 m)
[INFO] [1791583948.469468, 275.768000]: [mission] fase "saida_eixo" it0: ponta (0.413, 2.796, 0.781) erro=0.0145 | degrau eixo 3.3° | rolagem 3.3° | IK pediu [-13.1 -20.5  -0.   98.8 -15.9] | faltou [ 0.3  0.   0.   0.  -0. ] graus
[INFO] [1791583948.474250, 275.773000]: [mission] fase "saida_eixo" it0: no frame da parede eixo=+3.9 prof=+13.9 alt=-0.2 mm (tolerância 20/20/15)
[INFO] [1791583948.478023, 275.777000]: [mission] fase "saida_eixo" alcançada em 1 iteração(ões) (0.0145 m)
[INFO] [1791583953.971881, 281.181000]: [mission] fase "saida_fora" it0: ponta (0.413, 2.693, 0.780) erro=0.0121 | degrau eixo 0.1° | rolagem 0.1° | IK pediu [-16.2 -46.6  51.6  85.4 -20.2] | faltou [0. 0. 0. 0. 0.] graus
[INFO] [1791583953.974669, 281.184000]: [mission] fase "saida_fora" it0: no frame da parede eixo=+4.3 prof=+11.2 alt=+1.2 mm (tolerância 30/20/20)
[INFO] [1791583953.977886, 281.186000]: [mission] fase "saida_fora" alcançada em 1 iteração(ões) (0.0121 m)
[INFO] [1791583953.980574, 281.189000]: [mission] RETRACT/afasta: RECUANDO 0.250 m só com as rodas
[INFO] [1791583958.715115, 285.842000]: [mission] RETRACT/afasta: concluído (0.251 m)
[INFO] [1791583958.716474, 285.843000]: [mission] postura "stow_home" comandada: [0.0, 1.1, -1.04, -1.8, 0.0]
[INFO] [1791583972.687721, 299.546000]: State machine transitioning 'RETRACT':'ok'-->'RETURN'
[INFO] [1791583972.690758, 299.549000]: [mission] RETURN — voltando a (0.00, 1.00, 0.08 rad)
[INFO] [1791583986.352789, 313.001000]: [mission] RETURN: alinhado, avançando (1.24 m)
[INFO] [1791583986.404333, 313.052000]: [mission] teto por postura ativo no drive: v<=0.24 w<=0.50 rampa 0.53/1.51
[INFO] [1791583995.794546, 322.301000]: [mission] RETURN: chegou, ajustando heading final
[INFO] [1791583995.845110, 322.351000]: [mission] teto por postura ativo no drive: v<=0.23 w<=0.50 rampa 0.52/1.51
[INFO] [1791584003.906681, 330.301000]: [mission] RETURN: concluído
[INFO] [1791584003.913744, 330.308000]: [mission] RETURN/home: procurando os fins de curso (J4, J3, J2, J5, J1)
[INFO] [1791584039.029234, 364.809000]: [mission] RETURN/home: cinco switches achados — referência das juntas estabelecida
[INFO] [1791584039.030693, 364.810000]: [mission] postura "home" comandada: [0.0, 1.108, -1.021, -1.894, 0.0]
[INFO] [1791584053.362572, 378.911000]: [mission] RETURN/home: braço em HOME POSITION (J1/J5 em zero, J2/J3/J4 nos switches)
[INFO] [1791584053.365118, 378.913000]: State machine terminating 'RETURN':'home':'MISSION_OK'
[INFO] [1791584053.367973, 378.916000]: [mission] resultado: MISSION_OK
... logging to /home/marco/.ros/log/d86e8abc-c42d-11f1-bbb4-b025aa85b2a2/roslaunch-shiroi-209668.log
Checking log directory for disk usage. This may take a while.
Press Ctrl-C to interrupt
]2;/home/marco/b166er/src/b166er_whole_body_control/launch/chave_mission.launch
[1mstarted roslaunch server http://shiroi:45997/[0m

SUMMARY
========

PARAMETERS
 * /chave_mission/ancora_base: False
 * /chave_mission/estado_final: 
 * /chave_mission/estado_inicial: HOMING
 * /chave_mission/pausa_por_fase: False
 * /chave_mission/search_omega: 0.35
 * /chave_mission/standoff_distance: 0.62
 * /chave_mission/use_wholebody: False
 * /chave_seccionadora_task/aproxima_lateral/modo: ik
 * /chave_seccionadora_task/aproxima_lateral/offset_xyz_m: [-0.09, 0.008, 0.01]
 * /chave_seccionadora_task/aproxima_lateral/tol_xyz_m: [0.04, 0.008, 0.005]
 * /chave_seccionadora_task/arco1/blade_angle_deg: 15
 * /chave_seccionadora_task/arco1/deriva_eixo_max_m: 0.015
 * /chave_seccionadora_task/arco1/modo: wb
 * /chave_seccionadora_task/arco1/offset_xyz_m: [0.0, 0.0518, -0....
 * /chave_seccionadora_task/arco1/soltura_recuo_min_m: 0.04
 * /chave_seccionadora_task/arco1/tol_xyz_m: [0.04, 0.01, 0.015]
 * /chave_seccionadora_task/arco2/blade_angle_deg: 30
 * /chave_seccionadora_task/arco2/deriva_eixo_max_m: 0.015
 * /chave_seccionadora_task/arco2/modo: wb
 * /chave_seccionadora_task/arco2/offset_xyz_m: [0.0, 0.1, -0.0518]
 * /chave_seccionadora_task/arco2/tol_xyz_m: [0.04, 0.01, 0.015]
 * /chave_seccionadora_task/atravessa/modo: ik
 * /chave_seccionadora_task/atravessa/offset_xyz_m: [-0.008, 0.008, 0...
 * /chave_seccionadora_task/atravessa/tol_xyz_m: [0.008, 0.006, 0....
 * /chave_seccionadora_task/captura/modo: ik
 * /chave_seccionadora_task/captura/offset_xyz_m: [-0.008, 0.0, -0.01]
 * /chave_seccionadora_task/captura/tol_xyz_m: [0.008, 0.006, 0.01]
 * /chave_seccionadora_task/desengata/modo: ik
 * /chave_seccionadora_task/desengata/offset_xyz_m: [-0.09, 0.1, -0.0...
 * /chave_seccionadora_task/destrava/curso_estagna_m: 0.01
 * /chave_seccionadora_task/destrava/curso_margem_m: 0.002
 * /chave_seccionadora_task/destrava/curso_min_m: 0.018
 * /chave_seccionadora_task/destrava/curso_teto_m: 0.022
 * /chave_seccionadora_task/destrava/modo: wb
 * /chave_seccionadora_task/destrava/offset_xyz_m: [0.0, 0.0, -0.025]
 * /chave_seccionadora_task/destrava/tol_xyz_m: [0.01, 0.006, 0.004]
 * /chave_seccionadora_task/libera/deriva_eixo_max_m: 0.015
 * /chave_seccionadora_task/libera/modo: wb
 * /chave_seccionadora_task/libera/offset_xyz_m: [0.0, 0.03, -0.025]
 * /chave_seccionadora_task/libera/tol_xyz_m: [0.04, 0.008, 0.006]
 * /chave_seccionadora_task/orienta/modo: ik
 * /chave_seccionadora_task/orienta/offset_xyz_m: [-0.09, 0.15, 0.0...
 * /chave_seccionadora_task/reassenta_sobe/tol_xyz_m: [0.03, 0.02, 0.005]
 * /chave_seccionadora_task/saida_eixo/tol_xyz_m: [0.02, 0.02, 0.015]
 * /chave_seccionadora_task/saida_fora/tol_xyz_m: [0.03, 0.02, 0.02]
 * /chave_seccionadora_task/saida_sobe/tol_xyz_m: [0.03, 0.02, 0.01]
 * /chave_seccionadora_task/target_frame: chave_olhal_link
 * /fuzzy_wb_controller/fixed_gains: []
 * /rosdistro: noetic
 * /rosversion: 1.17.4

NODES
  /
    chave_mission (b166er_whole_body_control/chave_mission.py)

[1mROS_MASTER_URI=http://localhost:11311[0m
]2;/home/marco/b166er/src/b166er_whole_body_control/launch/chave_mission.launch http://localhost:11311
[1mprocess[chave_mission-1]: started with pid [209741][0m
[1m[chave_mission-1] process has finished cleanly
log file: /home/marco/.ros/log/d86e8abc-c42d-11f1-bbb4-b025aa85b2a2/chave_mission-1*.log[0m
all processes on machine have died, roslaunch will exit
shutting down processing monitor...
... shutting down processing monitor complete
[1mdone[0m
