[31mWARNING: disk usage in log directory [/home/marco/.ros/log] is over 1GB.
It's recommended that you use the 'rosclean' command.[0m
the rosdep view is empty: call 'sudo rosdep init' and 'rosdep update'
[WARN] [1791468169.307330, 1849.109000]: [mission] SEARCH: 11 de 25 amostras descartadas como outlier (>0.15 m ou >0.20 rad da mediana)
[WARN] [1791468169.363835, 1849.167000]: [mission] SEARCH: laser com só 11 pontos de parede (mín 30) — parede fica pela tag
[INFO] [1791468142.490789, 1822.708000]: garra_dx = 0.000 m (fechada)
[INFO] [1791468142.547227, 1822.764000]: State machine starting in initial state 'HOME' with userdata: 
	[]
[INFO] [1791468142.750831, 1822.965000]: [mission] pose de partida registrada: (0.00, 1.00, 0.01 rad)
[INFO] [1791468142.757996, 1822.970000]: [mission] HOME: homing pelos fins de curso (J4, J3, J2)
[INFO] [1791468144.688125, 1824.874000]: [mission] HOME: braço nos fins de curso — partindo daqui para o SEARCH
[INFO] [1791468144.689771, 1824.875000]: State machine transitioning 'HOME':'ok'-->'SEARCH'
[INFO] [1791468144.692481, 1824.878000]: [mission] postura "search" comandada: [0.0, 1.0, -1.0, 0.0, 0.0]
[INFO] [1791468152.618665, 1832.680000]: [mission] SEARCH — girando à procura da tag...
[INFO] [1791468152.619794, 1832.681000]: [mission] SEARCH: amostra quando a tag estiver a raio 0.35-0.50 do quadro (vista oblíqua; omega fina 0.15 rad/s)
[INFO] [1791468154.305162, 1834.332000]: [mission] SEARCH: tag a raio 0.88 — girando até <= 0.50
[INFO] [1791468160.943279, 1840.883000]: [mission] SEARCH: tag a raio 0.50 — parando
[INFO] [1791468160.944850, 1840.884000]: [mission] tag avistada — parando para medir
[INFO] [1791468161.974998, 1841.893000]: [mission] âncora engatada (coleta do SEARCH)
[INFO] [1791468161.977054, 1841.895000]: [mission] SEARCH: coleta com dither ±0.05 rad/s (período 3.0 s)
[INFO] [1791468169.289736, 1849.094000]: [mission] âncora solta — 11 correções de deriva
[INFO] [1791468169.291822, 1849.096000]: [mission] SEARCH: âncora corrigiu a deriva 11 vez(es) durante a coleta
[INFO] [1791468169.311045, 1849.114000]: [mission] SEARCH: 14 amostras — parede (0.015, 2.953, -0.007) yaw=-2.850
[INFO] [1791468169.365061, 1849.168000]: [mission] parede localizada em (0.015, 2.953, -0.007)
[INFO] [1791468169.369060, 1849.172000]: State machine transitioning 'SEARCH':'found'-->'APPROACH'
[INFO] [1791468169.370401, 1849.174000]: [mission] APPROACH etapa 1/2 — 1.30 m do olhal, alvo (0.62, 1.64, 1.86 rad)
[INFO] [1791468169.371768, 1849.175000]: [mission] APPROACH: alinhado, avançando (0.92 m)
[INFO] [1791468169.422882, 1849.225000]: [mission] teto por postura ativo no drive: v<=0.18 w<=0.50 rampa 0.46/1.51
[INFO] [1791468176.680282, 1856.376000]: [mission] APPROACH: chegou, ajustando heading final
[INFO] [1791468176.731095, 1856.425000]: [mission] teto por postura ativo no drive: v<=0.17 w<=0.50 rampa 0.45/1.51
[INFO] [1791468179.964097, 1859.625000]: [mission] APPROACH: concluído
[INFO] [1791468180.982555, 1860.631000]: [mission] âncora engatada (coleta do APPROACH/remedida)
[INFO] [1791468180.984892, 1860.633000]: [mission] APPROACH/remedida: coleta com dither ±0.05 rad/s (período 3.0 s)
[INFO] [1791468182.128482, 1861.758000]: [mission] âncora solta — 1 correções de deriva
[INFO] [1791468182.131219, 1861.760000]: [mission] APPROACH/remedida: âncora corrigiu a deriva 1 vez(es) durante a coleta
[INFO] [1791468182.135634, 1861.764000]: [mission] APPROACH/remedida: 10 amostras — parede (0.001, 2.990, -0.003) yaw=-3.101
[INFO] [1791468182.189393, 1861.817000]: [mission] APPROACH/remedida: parede pelo LASER — 64 pontos, resíduo 5.3 mm: profundidade -9.9 mm e yaw -2.24° em relação à tag → parede (0.001, 3.000, -0.003) yaw=-3.140
[INFO] [1791468182.190675, 1861.819000]: [mission] APPROACH etapa 2/2 — 0.88 m do olhal, alvo (0.37, 1.99, 1.57 rad)
[INFO] [1791468184.563631, 1864.170000]: [mission] APPROACH: alinhado, avançando (0.56 m)
[INFO] [1791468184.613470, 1864.220000]: [mission] teto por postura ativo no drive: v<=0.18 w<=0.50 rampa 0.46/1.51
[INFO] [1791468189.303571, 1868.820000]: [mission] APPROACH: chegou, ajustando heading final
[INFO] [1791468193.173873, 1872.620000]: [mission] APPROACH: concluído
[INFO] [1791468193.179230, 1872.626000]: State machine transitioning 'APPROACH':'arrived'-->'REFINE'
[INFO] [1791468193.180386, 1872.627000]: [mission] REFINE — remedindo a parede de perto (10 amostras)
[INFO] [1791468193.182747, 1872.629000]: [mission] âncora engatada (coleta do REFINE)
[INFO] [1791468193.183351, 1872.630000]: [mission] REFINE: coleta com dither ±0.05 rad/s (período 3.0 s)
[INFO] [1791468194.329424, 1873.756000]: [mission] âncora solta — 1 correções de deriva
[INFO] [1791468194.331307, 1873.758000]: [mission] REFINE: âncora corrigiu a deriva 1 vez(es) durante a coleta
[INFO] [1791468194.333558, 1873.760000]: [mission] REFINE: 10 amostras — parede (0.000, 2.998, 0.000) yaw=3.135
[INFO] [1791468194.385997, 1873.812000]: [mission] REFINE: parede pelo LASER — 88 pontos, resíduo 4.9 mm: profundidade -2.0 mm e yaw +0.32° em relação à tag → parede (0.000, 3.000, 0.000) yaw=3.141
[INFO] [1791468194.387652, 1873.814000]: [mission] REFINE: deslocou 0.003 m da estimativa anterior
[INFO] [1791468194.388785, 1873.815000]: [mission] olhal estimado em (0.200, 2.869, 0.805)
[INFO] [1791468194.393530, 1873.820000]: State machine transitioning 'REFINE':'ok'-->'DEPLOY'
[INFO] [1791468194.395978, 1873.822000]: [mission] DEPLOY: IK resolvida para a POSE DE MANIPULAÇÃO (0.20, 2.25, 1.57 rad), não para a atual
[INFO] [1791468199.288187, 1878.606000]: [mission] DEPLOY: IK nivelada 0.0707 m, só eixo 0.0014 m — a MISSÃO INTEIRA usa "eixo"
[INFO] [1791468199.290354, 1878.701000]: [mission] DEPLOY: IK da ponta resolvida (resíduo 0.0014 m, degrau 0.4°) — pré-posicionando em [-10.9 -46.3  60.   78.4 -10.9] graus
[INFO] [1791468210.266405, 1889.502000]: [mission] plano de exclusão publicado: parede em [0. 3. 0.], normal segura [-0.001 -1.     0.   ]
[INFO] [1791468210.480552, 1889.710000]: [mission] teto por postura ativo no drive: v<=0.25 w<=0.50 rampa 0.54/1.61
[INFO] [1791468212.172437, 1891.359000]: [mission] DEPLOY/aproxima: alinhado, avançando (0.35 m)
[INFO] [1791468215.879514, 1895.009000]: [mission] DEPLOY/aproxima: chegou, ajustando heading final
[INFO] [1791468219.336115, 1898.409000]: [mission] DEPLOY/aproxima: concluído
[INFO] [1791468219.336879, 1898.410000]: State machine transitioning 'DEPLOY':'ok'-->'MANIPULATE'
[INFO] [1791468219.337678, 1898.410000]: [mission] fase "orienta": modo IK iterativa (YAML)
[INFO] [1791468219.339278, 1898.412000]: [mission] âncora engatada (fase "orienta")
[INFO] [1791468227.995122, 1906.914000]: [mission] fase "orienta" it0: ponta (0.287, 2.719, 0.815) erro=0.0031 | degrau eixo 0.1° | rolagem 0.0° | IK pediu [-18.3 -30.7  30.1  90.4 -13.3] | faltou [ 0.1  0.1  0.   0.  -0.1] graus
[INFO] [1791468228.001011, 1906.919000]: [mission] âncora solta — 9 correções de deriva
[INFO] [1791468228.003765, 1906.923000]: [mission] fase "orienta" alcançada em 1 iteração(ões) (0.0031 m) — âncora corrigiu 9 vez(es)
[INFO] [1791468228.521374, 1907.433000]: [mission] fase "aproxima_lateral": modo IK iterativa (YAML)
[INFO] [1791468228.527166, 1907.438000]: [mission] âncora engatada (fase "aproxima_lateral")
[INFO] [1791468235.438046, 1914.246000]: [mission] fase "aproxima_lateral" it0: ponta (0.284, 2.866, 0.814) erro=0.0078 | degrau eixo 4.4° | rolagem 4.5° | IK pediu [-15.5 -13.3   0.   78.5  -9.6] | faltou [ 0.3 -3.8  8.3 -4.9 -0. ] graus
[INFO] [1791468235.441841, 1914.248000]: [mission] fase "aproxima_lateral" it0: no frame da parede eixo=-5.9 prof=+4.9 alt=+1.7 mm (tolerância 40/8/5)
[INFO] [1791468235.444043, 1914.252000]: [mission] âncora solta — 2 correções de deriva
[INFO] [1791468235.446582, 1914.255000]: [mission] fase "aproxima_lateral" alcançada em 1 iteração(ões) (0.0078 m) — âncora corrigiu 2 vez(es)
[INFO] [1791468235.964910, 1914.764000]: [mission] fase "atravessa": modo IK iterativa (YAML)
[INFO] [1791468235.967611, 1914.766000]: [mission] âncora engatada (fase "atravessa")
[INFO] [1791468240.651976, 1919.369000]: [mission] fase "atravessa" it0: ponta (0.209, 2.864, 0.812) erro=0.0045 | degrau eixo 1.4° | rolagem 1.4° | IK pediu [ -8.9 -15.7   3.8  79.9  -3.4] | faltou [0. 0. 0. 0. 0.] graus
[INFO] [1791468240.653544, 1919.370000]: [mission] fase "atravessa" it0: no frame da parede eixo=+1.0 prof=+2.8 alt=+3.4 mm (tolerância 8/6/5)
[INFO] [1791468240.654661, 1919.371000]: [mission] âncora solta — 1 correções de deriva
[WARN] [1791468258.783985, 1937.136000]: [mission] fase "destrava": descida estagnou em 15.5 mm (mín 10 para aceitar; alvo 18) — fim de curso do mecanismo, fechando a fase
[WARN] [1791468272.265107, 1950.334000]: [mission] RETRACT: ponta a 0.150 m do olhal — saindo em degraus: sobe 30 mm, 120 mm pelo eixo do furo, 100 mm para fora, antes de recolher
[INFO] [1791468240.655461, 1919.372000]: [mission] fase "atravessa" alcançada em 1 iteração(ões) (0.0045 m) — âncora corrigiu 1 vez(es)
[INFO] [1791468241.172870, 1919.876000]: [mission] fase "captura": modo IK iterativa (YAML)
[INFO] [1791468241.176792, 1919.880000]: [mission] âncora engatada (fase "captura")
[INFO] [1791468243.932934, 1922.582000]: [mission] fase "captura" it0: ponta (0.209, 2.876, 0.795) erro=0.0062 | degrau eixo 1.5° | rolagem 1.5° | IK pediu [ -8.9 -16.6   1.1  81.2  -3.4] | faltou [0. 0. 0. 0. 0.] graus
[INFO] [1791468243.937798, 1922.587000]: [mission] fase "captura" it0: no frame da parede eixo=+0.9 prof=+6.1 alt=+0.4 mm (tolerância 8/6/10)
[INFO] [1791468246.726563, 1925.332000]: [mission] fase "captura" it1: ponta (0.209, 2.858, 0.797) erro=0.0113 | degrau eixo 1.4° | rolagem 1.3° | IK pediu [ -8.8 -16.7   0.7  83.4  -3.4] | faltou [-0.3 -0.3  0.5  0.8  0.2] graus
[INFO] [1791468246.729863, 1925.335000]: [mission] fase "captura" it1: no frame da parede eixo=+0.6 prof=-11.1 alt=-1.7 mm (tolerância 8/6/10)
[INFO] [1791468249.764611, 1928.299000]: [mission] fase "captura" it2: ponta (0.209, 2.876, 0.795) erro=0.0063 | degrau eixo 1.5° | rolagem 1.5° | IK pediu [ -8.9 -16.1   0.   81.6  -3.2] | faltou [0. 0. 0. 0. 0.] graus
[INFO] [1791468249.768651, 1928.303000]: [mission] fase "captura" it2: no frame da parede eixo=+0.9 prof=+6.3 alt=+0.3 mm (tolerância 8/6/10)
[INFO] [1791468254.177973, 1932.613000]: [mission] fase "captura" it3: ponta (0.209, 2.868, 0.791) erro=0.0048 | degrau eixo 1.4° | rolagem 1.4° | IK pediu [ -8.7 -16.5   0.2  82.8  -3.3] | faltou [0. 0. 0. 0. 0.] graus
[INFO] [1791468254.179813, 1932.615000]: [mission] fase "captura" it3: no frame da parede eixo=+0.7 prof=-1.2 alt=+4.6 mm (tolerância 8/6/10)
[INFO] [1791468254.180806, 1932.616000]: [mission] âncora solta — 4 correções de deriva
[INFO] [1791468254.181704, 1932.617000]: [mission] fase "captura" alcançada em 4 iteração(ões) (0.0048 m) — âncora corrigiu 4 vez(es)
[INFO] [1791468254.187320, 1932.622000]: [mission] captura: ponta registrada em eixo=-8.7 prof=+1.2 alt=-14.6 mm (zero da descida do destrava e da deriva de eixo)
[INFO] [1791468254.695929, 1933.124000]: [mission] fase "destrava": alvo em altura relativo à captura: -34.6 mm (captura -14.6 − curso 18 − margem 2)
[INFO] [1791468254.699213, 1933.127000]: [mission] fase "destrava": modo whole-body/Fuzzy (YAML)
[INFO] [1791468254.914022, 1933.330000]: [mission] plano de exclusão publicado: parede em [0. 3. 0.], normal segura [-0.001 -1.     0.   ]
[INFO] [1791468255.223605, 1933.636000]: [mission] fase "destrava": whole-body assumiu (base livre, restrita pelo plano de exclusão)
[INFO] [1791468255.224793, 1933.637000]: [mission] fase "destrava": whole-body a 0.0182 m do alvo — eixo=+8.7 prof=-0.8 alt=-16.0 mm
[INFO] [1791468257.352928, 1935.736000]: [mission] fase "destrava": whole-body a 0.0106 m do alvo — eixo=+8.5 prof=-4.0 alt=-4.9 mm
[INFO] [1791468259.009731, 1937.347000]: [mission] destrava: ponta desceu 15.5 mm desde a captura (critério observável) | lingueta 12.4 mm (só na simulação)
[INFO] [1791468259.010676, 1937.349000]: [mission] destrava: lingueta em 12.4 mm — gatilho solto
[INFO] [1791468259.513663, 1937.850000]: [mission] fase "libera": modo whole-body/Fuzzy (YAML)
[INFO] [1791468259.723792, 1938.053000]: [mission] plano de exclusão publicado: parede em [0. 3. 0.], normal segura [-0.001 -1.     0.   ]
[INFO] [1791468260.034288, 1938.358000]: [mission] fase "libera": whole-body assumiu (base livre, restrita pelo plano de exclusão)
[INFO] [1791468260.036367, 1938.360000]: [mission] fase "libera": whole-body a 0.0272 m do alvo — eixo=+8.5 prof=+25.2 alt=+5.4 mm
[INFO] [1791468262.188268, 1940.460000]: [mission] fase "libera": whole-body a 0.0087 m do alvo — eixo=+8.5 prof=-0.9 alt=+1.4 mm
[INFO] [1791468262.493999, 1940.759000]: [mission] fase "libera" alcançada por whole-body em 2.4s (0.0087 m) — no frame da parede eixo=+8.5 prof=-1.3 alt=-0.9 mm (tolerância 40/8/6)
[INFO] [1791468263.217961, 1941.465000]: [mission] fase "arco1"/puxa: RECUANDO 0.022 m só com as rodas
[INFO] [1791468263.680146, 1941.917000]: [mission] fase "arco1"/puxa: concluído (0.023 m)
[INFO] [1791468263.681171, 1941.918000]: [mission] fase "arco1": modo whole-body/Fuzzy (YAML)
[INFO] [1791468263.890604, 1942.119000]: [mission] plano de exclusão publicado: parede em [0. 3. 0.], normal segura [-0.001 -1.     0.   ]
[INFO] [1791468264.200879, 1942.426000]: [mission] fase "arco1": whole-body assumiu (base livre, restrita pelo plano de exclusão)
[INFO] [1791468264.304296, 1942.526000]: [mission] fase "arco1": whole-body a 0.0087 m do alvo — eixo=+8.5 prof=-0.5 alt=-1.4 mm
[INFO] [1791468264.608452, 1942.826000]: [mission] fase "arco1" alcançada por whole-body em 0.4s (0.0090 m) — no frame da parede eixo=+8.5 prof=-2.3 alt=-1.8 mm (tolerância 40/10/15)
[INFO] [1791468264.609504, 1942.827000]: [mission] arco1: SOLTURA observável — recuo 52.9 mm desde a captura (mín 40) com deriva de eixo +0.1 mm → SOLTA
[INFO] [1791468264.823398, 1943.035000]: [mission] waypoint de 15° — lâmina medida em 15.6° (abertura por CONTATO)
[INFO] [1791468265.332600, 1943.537000]: [mission] fase "arco2"/puxa: RECUANDO 0.048 m só com as rodas
[INFO] [1791468266.310798, 1944.488000]: [mission] fase "arco2"/puxa: concluído (0.050 m)
[INFO] [1791468266.312395, 1944.489000]: [mission] fase "arco2": modo whole-body/Fuzzy (YAML)
[INFO] [1791468266.519682, 1944.691000]: [mission] plano de exclusão publicado: parede em [0. 3. 0.], normal segura [-0.001 -1.     0.   ]
[INFO] [1791468266.823763, 1944.994000]: [mission] fase "arco2": whole-body assumiu (base livre, restrita pelo plano de exclusão)
[INFO] [1791468266.826771, 1944.997000]: [mission] fase "arco2": whole-body a 0.0121 m do alvo — eixo=+8.5 prof=+0.7 alt=-8.5 mm
[INFO] [1791468267.239471, 1945.396000]: [mission] fase "arco2" alcançada por whole-body em 0.4s (0.0111 m) — no frame da parede eixo=+8.5 prof=-5.0 alt=-5.0 mm (tolerância 40/10/15)
[INFO] [1791468267.452212, 1945.605000]: [mission] waypoint de 30° — lâmina medida em 31.5° (abertura por CONTATO)
[INFO] [1791468267.960112, 1946.106000]: [mission] fase "desengata": modo IK iterativa (YAML)
[INFO] [1791468267.965936, 1946.111000]: [mission] âncora engatada (fase "desengata")
[INFO] [1791468271.336385, 1949.417000]: [mission] fase "desengata" it0: ponta (0.295, 2.767, 0.754) erro=0.0059 | degrau eixo 4.0° | rolagem 4.0° | IK pediu [-15.4 -22.1   0.   89.9  -9.9] | faltou [0. 0. 0. 0. 0.] graus
[INFO] [1791468271.337946, 1949.419000]: [mission] fase "desengata" alcançada em 1 iteração(ões) (0.0059 m)
[INFO] [1791468271.855506, 1949.927000]: [mission] MANIPULATE concluída — chave ABERTA, lâmina medida em 31.8°
[INFO] [1791468271.859226, 1949.931000]: State machine transitioning 'MANIPULATE':'done'-->'RETRACT'
[INFO] [1791468272.268043, 1950.337000]: [mission] âncora engatada (fase "saida_sobe")
[INFO] [1791468274.930524, 1952.963000]: [mission] fase "saida_sobe" it0: ponta (0.303, 2.767, 0.784) erro=0.0059 | degrau eixo 3.9° | rolagem 3.9° | IK pediu [-15.2 -18.6   0.   88.8 -11. ] | faltou [0. 0. 0. 0. 0.] graus
[INFO] [1791468274.932351, 1952.965000]: [mission] fase "saida_sobe" it0: no frame da parede eixo=+5.9 prof=-0.4 alt=-0.1 mm (tolerância 30/20/10)
[INFO] [1791468274.933413, 1952.966000]: [mission] fase "saida_sobe" alcançada em 1 iteração(ões) (0.0059 m)
[INFO] [1791468274.936446, 1952.969000]: [mission] âncora engatada (fase "saida_eixo")
[INFO] [1791468281.816875, 1959.724000]: [mission] fase "saida_eixo" it0: ponta (0.416, 2.769, 0.784) erro=0.0019 | degrau eixo 9.5° | rolagem 9.5° | IK pediu [-24.7 -16.9   0.   80.5 -19.8] | faltou [ 0.4  0.8 -1.9  1.   0. ] graus
[INFO] [1791468281.818549, 1959.726000]: [mission] fase "saida_eixo" it0: no frame da parede eixo=-1.1 prof=+1.6 alt=+0.1 mm (tolerância 20/20/15)
[INFO] [1791468281.819387, 1959.727000]: [mission] âncora solta — 1 correções de deriva
[INFO] [1791468281.820014, 1959.727000]: [mission] fase "saida_eixo" alcançada em 1 iteração(ões) (0.0019 m) — âncora corrigiu 1 vez(es)
[INFO] [1791468281.821821, 1959.729000]: [mission] âncora engatada (fase "saida_fora")
[INFO] [1791468290.584643, 1968.331000]: [mission] fase "saida_fora" it0: ponta (0.421, 2.664, 0.784) erro=0.0047 | degrau eixo 3.6° | rolagem 3.8° | IK pediu [-28.  -20.5   0.  102.1 -25.5] | faltou [-0.4 -0.1 -0.1 -0.1 -0.1] graus
[INFO] [1791468290.587861, 1968.334000]: [mission] fase "saida_fora" it0: no frame da parede eixo=+3.7 prof=-2.8 alt=-0.2 mm (tolerância 30/20/20)
[INFO] [1791468290.589293, 1968.336000]: [mission] âncora solta — 2 correções de deriva
[INFO] [1791468290.590680, 1968.337000]: [mission] fase "saida_fora" alcançada em 1 iteração(ões) (0.0047 m) — âncora corrigiu 2 vez(es)
[INFO] [1791468290.591558, 1968.338000]: [mission] RETRACT/afasta: RECUANDO 0.250 m só com as rodas
[INFO] [1791468295.117763, 1972.789000]: [mission] RETRACT/afasta: concluído (0.252 m)
[INFO] [1791468295.119468, 1972.791000]: [mission] postura "stow_home" comandada: [0.0, 1.1, -1.04, -1.8, 0.0]
[INFO] [1791468309.563008, 1986.993000]: State machine transitioning 'RETRACT':'ok'-->'RETURN'
[INFO] [1791468309.564978, 1986.995000]: [mission] RETURN — voltando a (0.00, 1.00, 0.01 rad)
[INFO] [1791468321.259152, 1998.496000]: [mission] RETURN: alinhado, avançando (1.16 m)
[INFO] [1791468321.309855, 1998.546000]: [mission] teto por postura ativo no drive: v<=0.24 w<=0.50 rampa 0.53/1.51
[INFO] [1791468330.180374, 2007.296000]: [mission] RETURN: chegou, ajustando heading final
[INFO] [1791468330.230631, 2007.346000]: [mission] teto por postura ativo no drive: v<=0.23 w<=0.50 rampa 0.52/1.51
[INFO] [1791468338.118036, 2015.096000]: [mission] RETURN: concluído
[INFO] [1791468338.119856, 2015.098000]: State machine terminating 'RETURN':'home':'MISSION_OK'
[INFO] [1791468338.120790, 2015.099000]: [mission] resultado: MISSION_OK
... logging to /home/marco/.ros/log/899e01fe-c31c-11f1-ac84-b025aa85b2a2/roslaunch-shiroi-3726892.log
Checking log directory for disk usage. This may take a while.
Press Ctrl-C to interrupt
]2;/home/marco/b166er/src/b166er_whole_body_control/launch/chave_mission.launch
[1mstarted roslaunch server http://shiroi:42453/[0m

SUMMARY
========

PARAMETERS
 * /chave_mission/estado_final: 
 * /chave_mission/estado_inicial: HOME
 * /chave_mission/pausa_por_fase: False
 * /chave_mission/search_omega: 0.35
 * /chave_mission/standoff_distance: 0.62
 * /chave_mission/use_wholebody: False
 * /chave_seccionadora_task/aproxima_lateral/modo: ik
 * /chave_seccionadora_task/aproxima_lateral/offset_xyz_m: [-0.09, 0.008, 0.01]
 * /chave_seccionadora_task/aproxima_lateral/tol_xyz_m: [0.04, 0.008, 0.005]
 * /chave_seccionadora_task/arco1/blade_angle_deg: 15
 * /chave_seccionadora_task/arco1/deriva_eixo_max_m: 0.015
 * /chave_seccionadora_task/arco1/modo: wb
 * /chave_seccionadora_task/arco1/offset_xyz_m: [0.0, 0.0518, -0....
 * /chave_seccionadora_task/arco1/soltura_recuo_min_m: 0.04
 * /chave_seccionadora_task/arco1/tol_xyz_m: [0.04, 0.01, 0.015]
 * /chave_seccionadora_task/arco2/blade_angle_deg: 30
 * /chave_seccionadora_task/arco2/deriva_eixo_max_m: 0.015
 * /chave_seccionadora_task/arco2/modo: wb
 * /chave_seccionadora_task/arco2/offset_xyz_m: [0.0, 0.1, -0.0518]
 * /chave_seccionadora_task/arco2/tol_xyz_m: [0.04, 0.01, 0.015]
 * /chave_seccionadora_task/atravessa/modo: ik
 * /chave_seccionadora_task/atravessa/offset_xyz_m: [-0.008, 0.008, 0...
 * /chave_seccionadora_task/atravessa/tol_xyz_m: [0.008, 0.006, 0....
 * /chave_seccionadora_task/captura/modo: ik
 * /chave_seccionadora_task/captura/offset_xyz_m: [-0.008, 0.0, -0.01]
 * /chave_seccionadora_task/captura/tol_xyz_m: [0.008, 0.006, 0.01]
 * /chave_seccionadora_task/desengata/modo: ik
 * /chave_seccionadora_task/desengata/offset_xyz_m: [-0.09, 0.1, -0.0...
 * /chave_seccionadora_task/destrava/curso_estagna_m: 0.01
 * /chave_seccionadora_task/destrava/curso_margem_m: 0.002
 * /chave_seccionadora_task/destrava/curso_min_m: 0.018
 * /chave_seccionadora_task/destrava/curso_teto_m: 0.022
 * /chave_seccionadora_task/destrava/modo: wb
 * /chave_seccionadora_task/destrava/offset_xyz_m: [0.0, 0.0, -0.025]
 * /chave_seccionadora_task/destrava/tol_xyz_m: [0.01, 0.006, 0.004]
 * /chave_seccionadora_task/libera/deriva_eixo_max_m: 0.015
 * /chave_seccionadora_task/libera/modo: wb
 * /chave_seccionadora_task/libera/offset_xyz_m: [0.0, 0.03, -0.025]
 * /chave_seccionadora_task/libera/tol_xyz_m: [0.04, 0.008, 0.006]
 * /chave_seccionadora_task/orienta/modo: ik
 * /chave_seccionadora_task/orienta/offset_xyz_m: [-0.09, 0.15, 0.0...
 * /chave_seccionadora_task/reassenta_sobe/tol_xyz_m: [0.03, 0.02, 0.005]
 * /chave_seccionadora_task/saida_eixo/tol_xyz_m: [0.02, 0.02, 0.015]
 * /chave_seccionadora_task/saida_fora/tol_xyz_m: [0.03, 0.02, 0.02]
 * /chave_seccionadora_task/saida_sobe/tol_xyz_m: [0.03, 0.02, 0.01]
 * /chave_seccionadora_task/target_frame: chave_olhal_link
 * /fuzzy_wb_controller/fixed_gains: []
 * /rosdistro: noetic
 * /rosversion: 1.17.4

NODES
  /
    chave_mission (b166er_whole_body_control/chave_mission.py)

[1mROS_MASTER_URI=http://localhost:11311[0m
]2;/home/marco/b166er/src/b166er_whole_body_control/launch/chave_mission.launch http://localhost:11311
[1mprocess[chave_mission-1]: started with pid [3726936][0m
[1m[chave_mission-1] process has finished cleanly
log file: /home/marco/.ros/log/899e01fe-c31c-11f1-ac84-b025aa85b2a2/chave_mission-1*.log[0m
all processes on machine have died, roslaunch will exit
shutting down processing monitor...
... shutting down processing monitor complete
[1mdone[0m
