[31mWARNING: disk usage in log directory [/home/marco/.ros/log] is over 1GB.
It's recommended that you use the 'rosclean' command.[0m
the rosdep view is empty: call 'sudo rosdep init' and 'rosdep update'
[WARN] [1791385059.709196, 629.666000]: [mission] SEARCH: 11 de 25 amostras descartadas como outlier (>0.15 m ou >0.20 rad da mediana)
[WARN] [1791385059.761784, 629.718000]: [mission] SEARCH: laser com só 28 pontos de parede (mín 30) — parede fica pela tag
[INFO] [1791385034.023548, 604.290000]: garra_dx = 0.000 m (fechada)
[INFO] [1791385034.138391, 604.406000]: State machine starting in initial state 'STOW_INIT' with userdata: 
	[]
[INFO] [1791385034.340229, 604.607000]: [mission] pose de partida registrada: (0.01, 1.00, -0.03 rad)
[INFO] [1791385034.342454, 604.609000]: [mission] postura "stow_home" comandada: [0.0, 1.13, -1.04, -1.8, 0.0]
[INFO] [1791385034.953008, 605.211000]: State machine transitioning 'STOW_INIT':'ok'-->'SEARCH'
[INFO] [1791385034.955698, 605.213000]: [mission] postura "search" comandada: [0.0, 1.0, -1.0, 0.0, 0.0]
[INFO] [1791385045.206087, 615.315000]: [mission] SEARCH — girando à procura da tag...
[INFO] [1791385045.207855, 615.316000]: [mission] SEARCH: amostra quando a tag estiver a raio 0.35-0.50 do quadro (vista oblíqua; omega fina 0.15 rad/s)
[INFO] [1791385046.827396, 616.918000]: [mission] SEARCH: tag a raio 0.96 — girando até <= 0.50
[INFO] [1791385054.717743, 624.719000]: [mission] SEARCH: tag a raio 0.50 — parando
[INFO] [1791385054.719454, 624.720000]: [mission] tag avistada — parando para medir
[INFO] [1791385055.741227, 625.729000]: [mission] âncora engatada (coleta do SEARCH)
[INFO] [1791385055.742624, 625.730000]: [mission] SEARCH: coleta com dither ±0.05 rad/s (período 3.0 s)
[INFO] [1791385059.694530, 629.651000]: [mission] âncora solta — 5 correções de deriva
[INFO] [1791385059.696641, 629.653000]: [mission] SEARCH: âncora corrigiu a deriva 5 vez(es) durante a coleta
[INFO] [1791385059.710304, 629.667000]: [mission] SEARCH: 14 amostras — parede (0.016, 3.092, -0.005) yaw=2.973
[INFO] [1791385059.763156, 629.720000]: [mission] parede localizada em (0.016, 3.092, -0.005)
[INFO] [1791385059.768378, 629.725000]: State machine transitioning 'SEARCH':'found'-->'APPROACH'
[INFO] [1791385059.770014, 629.726000]: [mission] APPROACH etapa 1/2 — 1.30 m do olhal, alvo (-0.03, 1.65, 1.40 rad)
[INFO] [1791385063.504095, 633.428000]: [mission] APPROACH: alinhado, avançando (0.81 m)
[INFO] [1791385063.554478, 633.478000]: [mission] teto por postura ativo no drive: v<=0.16 w<=0.50 rampa 0.44/1.52
[INFO] [1791385070.192396, 640.028000]: [mission] APPROACH: chegou, ajustando heading final
[INFO] [1791385070.242254, 640.078000]: [mission] teto por postura ativo no drive: v<=0.16 w<=0.50 rampa 0.43/1.52
[INFO] [1791385073.686794, 643.478000]: [mission] APPROACH: concluído
[INFO] [1791385074.701406, 644.481000]: [mission] âncora engatada (coleta do APPROACH/remedida)
[INFO] [1791385074.703285, 644.483000]: [mission] APPROACH/remedida: coleta com dither ±0.05 rad/s (período 3.0 s)
[INFO] [1791385076.264274, 646.025000]: [mission] âncora solta — 2 correções de deriva
[INFO] [1791385076.266565, 646.027000]: [mission] APPROACH/remedida: âncora corrigiu a deriva 2 vez(es) durante a coleta
[INFO] [1791385076.270066, 646.030000]: [mission] APPROACH/remedida: 10 amostras — parede (0.010, 3.029, -0.004) yaw=3.099
[INFO] [1791385076.322008, 646.082000]: [mission] APPROACH/remedida: parede pelo LASER — 81 pontos, resíduo 5.0 mm: profundidade +28.9 mm e yaw +2.41° em relação à tag → parede (0.010, 3.001, -0.004) yaw=3.141
[INFO] [1791385076.324061, 646.084000]: [mission] APPROACH etapa 2/2 — 0.88 m do olhal, alvo (0.38, 1.99, 1.57 rad)
[INFO] [1791385079.461248, 649.186000]: [mission] APPROACH: alinhado, avançando (0.61 m)
[INFO] [1791385079.512280, 649.236000]: [mission] teto por postura ativo no drive: v<=0.16 w<=0.50 rampa 0.43/1.52
[INFO] [1791385084.666444, 654.336000]: [mission] APPROACH: chegou, ajustando heading final
[INFO] [1791385084.716249, 654.386000]: [mission] teto por postura ativo no drive: v<=0.16 w<=0.50 rampa 0.43/1.52
[INFO] [1791385089.660491, 659.286000]: [mission] APPROACH: concluído
[INFO] [1791385089.668434, 659.294000]: State machine transitioning 'APPROACH':'arrived'-->'REFINE'
[INFO] [1791385089.670937, 659.296000]: [mission] REFINE — remedindo a parede de perto (10 amostras)
[INFO] [1791385089.676650, 659.302000]: [mission] âncora engatada (coleta do REFINE)
[INFO] [1791385089.678695, 659.304000]: [mission] REFINE: coleta com dither ±0.05 rad/s (período 3.0 s)
[INFO] [1791385090.715232, 660.330000]: [mission] âncora solta — 1 correções de deriva
[INFO] [1791385090.717214, 660.332000]: [mission] REFINE: âncora corrigiu a deriva 1 vez(es) durante a coleta
[INFO] [1791385090.718939, 660.333000]: [mission] REFINE: 10 amostras — parede (0.003, 3.002, -0.000) yaw=3.131
[INFO] [1791385090.771562, 660.386000]: [mission] REFINE: parede pelo LASER — 88 pontos, resíduo 5.0 mm: profundidade +3.9 mm e yaw +0.54° em relação à tag → parede (0.003, 2.998, -0.000) yaw=3.140
[INFO] [1791385090.773469, 660.388000]: [mission] REFINE: deslocou 0.008 m da estimativa anterior
[INFO] [1791385090.774870, 660.390000]: [mission] olhal estimado em (0.203, 2.868, 0.805)
[INFO] [1791385090.780293, 660.395000]: State machine transitioning 'REFINE':'ok'-->'DEPLOY'
[INFO] [1791385090.781871, 660.396000]: [mission] DEPLOY: IK resolvida para a POSE DE MANIPULAÇÃO (0.20, 2.25, 1.57 rad), não para a atual
[INFO] [1791385095.543086, 660.863000]: [mission] DEPLOY: IK nivelada 0.0709 m, só eixo 0.0014 m — a MISSÃO INTEIRA usa "eixo"
[INFO] [1791385095.549755, 665.160000]: [mission] DEPLOY: IK da ponta resolvida (resíduo 0.0014 m, degrau 0.4°) — pré-posicionando em [-10.9 -46.5  60.   78.5 -10.9] graus
[INFO] [1791385104.252308, 673.762000]: [mission] plano de exclusão publicado: parede em [ 0.003  2.998 -0.   ], normal segura [-0.001 -1.     0.   ]
[INFO] [1791385104.463604, 673.972000]: [mission] teto por postura ativo no drive: v<=0.24 w<=0.50 rampa 0.53/1.61
[INFO] [1791385109.318343, 678.772000]: [mission] DEPLOY/aproxima: alinhado, avançando (0.44 m)
[INFO] [1791385114.022856, 683.424000]: [mission] DEPLOY/aproxima: chegou, ajustando heading final
[INFO] [1791385114.071540, 683.472000]: [mission] teto por postura ativo no drive: v<=0.25 w<=0.50 rampa 0.54/1.60
[INFO] [1791385120.249238, 689.572000]: [mission] DEPLOY/aproxima: concluído
[INFO] [1791385120.251377, 689.574000]: State machine transitioning 'DEPLOY':'ok'-->'MANIPULATE'
[INFO] [1791385120.252998, 689.576000]: [mission] fase "orienta": modo IK iterativa (YAML)
[INFO] [1791385120.258285, 689.581000]: [mission] âncora engatada (fase "orienta")
[INFO] [1791385125.625201, 694.886000]: [mission] fase "orienta" it0: ponta (0.286, 2.727, 0.809) erro=0.0116 | degrau eixo 0.1° | rolagem 0.7° | IK pediu [-23.5 -22.6  12.6  99.6 -18.5] | faltou [ 0.8 -2.2  3.4 -3.  -0.6] graus
[INFO] [1791385125.628789, 694.890000]: [mission] âncora solta — 3 correções de deriva
[INFO] [1791385125.631222, 694.893000]: [mission] fase "orienta" alcançada em 1 iteração(ões) (0.0116 m) — âncora corrigiu 3 vez(es)
[INFO] [1791385126.141822, 695.399000]: [mission] fase "aproxima_lateral": modo IK iterativa (YAML)
[INFO] [1791385126.149962, 695.407000]: [mission] âncora engatada (fase "aproxima_lateral")
[INFO] [1791385134.957198, 704.113000]: [mission] fase "aproxima_lateral" it0: ponta (0.281, 2.865, 0.815) erro=0.0129 | degrau eixo 6.5° | rolagem 6.8° | IK pediu [-20.1 -12.8   0.   76.4 -13.2] | faltou [ 0.4  0.1 -0.1 -0.3 -0.5] graus
[INFO] [1791385134.960254, 704.116000]: [mission] fase "aproxima_lateral" it0: no frame da parede eixo=-11.8 prof=+5.3 alt=-0.4 mm (tolerância 40/8/5)
[INFO] [1791385134.962055, 704.118000]: [mission] âncora solta — 7 correções de deriva
[INFO] [1791385134.963767, 704.120000]: [mission] fase "aproxima_lateral" alcançada em 1 iteração(ões) (0.0129 m) — âncora corrigiu 7 vez(es)
[INFO] [1791385135.476240, 704.627000]: [mission] fase "atravessa": modo IK iterativa (YAML)
[INFO] [1791385135.482769, 704.633000]: [mission] âncora engatada (fase "atravessa")
[INFO] [1791385138.225577, 707.340000]: [mission] fase "atravessa" it0: ponta (0.210, 2.865, 0.812) erro=0.0055 | degrau eixo 3.0° | rolagem 3.0° | IK pediu [-13.9 -13.9   0.   81.2  -7.2] | faltou [0. 0. 0. 0. 0.] graus
[INFO] [1791385138.227793, 707.342000]: [mission] fase "atravessa" it0: no frame da parede eixo=-1.3 prof=+4.5 alt=+2.8 mm (tolerância 8/6/5)
[WARN] [1791385178.703645, 747.287000]: [mission] RETRACT: ponta a 0.146 m do olhal — saindo em degraus: sobe 30 mm, 120 mm pelo eixo do furo, 100 mm para fora, antes de recolher
[INFO] [1791385138.228948, 707.343000]: [mission] fase "atravessa" alcançada em 1 iteração(ões) (0.0055 m)
[INFO] [1791385138.749165, 707.849000]: [mission] fase "captura": modo IK iterativa (YAML)
[INFO] [1791385138.753959, 707.852000]: [mission] âncora engatada (fase "captura")
[INFO] [1791385141.631521, 710.695000]: [mission] fase "captura" it0: ponta (0.209, 2.869, 0.792) erro=0.0067 | degrau eixo 2.9° | rolagem 2.9° | IK pediu [-13.5 -16.   -0.   81.5  -6.4] | faltou [-0.5 -0.3  0.   0.3 -0.1] graus
[INFO] [1791385141.638570, 710.701000]: [mission] fase "captura" it0: no frame da parede eixo=+5.9 prof=+0.9 alt=+2.9 mm (tolerância 40/6/10)
[INFO] [1791385141.641874, 710.706000]: [mission] fase "captura" alcançada em 1 iteração(ões) (0.0067 m)
[INFO] [1791385141.650732, 710.715000]: [mission] captura: ponta registrada em eixo=-5.9 prof=-1.0 alt=-13.0 mm (zero da descida do destrava e da deriva de eixo)
[INFO] [1791385142.161190, 711.217000]: [mission] fase "destrava": alvo em altura relativo à captura: -33.0 mm (captura -13.0 − curso 18 − margem 2)
[INFO] [1791385142.163694, 711.219000]: [mission] fase "destrava": modo whole-body/Fuzzy (YAML)
[INFO] [1791385142.368548, 711.422000]: [mission] plano de exclusão publicado: parede em [ 0.003  2.998 -0.   ], normal segura [-0.001 -1.     0.   ]
[INFO] [1791385142.676912, 711.729000]: [mission] fase "destrava": whole-body assumiu (base livre, restrita pelo plano de exclusão)
[INFO] [1791385142.678431, 711.730000]: [mission] fase "destrava": whole-body a 0.0147 m do alvo — eixo=+5.9 prof=+2.5 alt=-13.2 mm
[INFO] [1791385143.582404, 712.630000]: [mission] fase "destrava" alcançada por whole-body em 0.9s (0.0063 m) — no frame da parede eixo=+5.6 prof=-2.7 alt=-1.4 mm (tolerância 40/6/4)
[INFO] [1791385143.798735, 712.842000]: [mission] destrava: ponta desceu 18.4 mm desde a captura (critério observável) | lingueta 13.2 mm (só na simulação)
[INFO] [1791385143.800910, 712.844000]: [mission] destrava: lingueta em 13.2 mm — gatilho solto
[INFO] [1791385144.314069, 713.347000]: [mission] fase "libera": modo whole-body/Fuzzy (YAML)
[INFO] [1791385144.524350, 713.549000]: [mission] plano de exclusão publicado: parede em [ 0.003  2.998 -0.   ], normal segura [-0.001 -1.     0.   ]
[INFO] [1791385144.834007, 713.853000]: [mission] fase "libera": whole-body assumiu (base livre, restrita pelo plano de exclusão)
[INFO] [1791385144.835882, 713.854000]: [mission] fase "libera": whole-body a 0.0288 m do alvo — eixo=+5.6 prof=+27.5 alt=+6.4 mm
[INFO] [1791385146.960633, 715.957000]: [mission] fase "libera": whole-body a 0.0291 m do alvo — eixo=+5.6 prof=+27.3 alt=+8.3 mm
[INFO] [1791385149.077902, 718.055000]: [mission] fase "libera": whole-body a 0.0286 m do alvo — eixo=+5.8 prof=+25.0 alt=+12.6 mm
[INFO] [1791385151.209908, 720.155000]: [mission] fase "libera": whole-body a 0.0282 m do alvo — eixo=+15.9 prof=+20.0 alt=+12.1 mm
[INFO] [1791385153.224656, 722.156000]: [mission] fase "libera": whole-body a 0.0157 m do alvo — eixo=+8.0 prof=+10.6 alt=+8.4 mm
[INFO] [1791385155.346293, 724.254000]: [mission] fase "libera": whole-body a 0.0094 m do alvo — eixo=+5.8 prof=+4.4 alt=+5.9 mm
[INFO] [1791385155.750237, 724.654000]: [mission] fase "libera" alcançada por whole-body em 10.8s (0.0084 m) — no frame da parede eixo=+5.8 prof=+3.6 alt=+4.8 mm (tolerância 40/8/6)
[INFO] [1791385156.464792, 725.359000]: [mission] fase "arco1"/puxa: RECUANDO 0.022 m só com as rodas
[INFO] [1791385156.918676, 725.810000]: [mission] fase "arco1"/puxa: concluído (0.024 m)
[INFO] [1791385156.919934, 725.811000]: [mission] fase "arco1": modo whole-body/Fuzzy (YAML)
[INFO] [1791385157.121830, 726.012000]: [mission] plano de exclusão publicado: parede em [ 0.003  2.998 -0.   ], normal segura [-0.001 -1.     0.   ]
[INFO] [1791385157.426142, 726.315000]: [mission] fase "arco1": whole-body assumiu (base livre, restrita pelo plano de exclusão)
[INFO] [1791385157.427687, 726.316000]: [mission] fase "arco1": whole-body a 0.0132 m do alvo — eixo=+5.9 prof=-8.6 alt=-8.1 mm
[INFO] [1791385157.828390, 726.716000]: [mission] fase "arco1" alcançada por whole-body em 0.4s (0.0120 m) — no frame da parede eixo=+5.9 prof=-9.1 alt=-5.1 mm (tolerância 40/10/15)
[INFO] [1791385157.829830, 726.717000]: [mission] arco1: SOLTURA observável — recuo 61.9 mm desde a captura (mín 40) com deriva de eixo +0.1 mm → SOLTA
[INFO] [1791385158.041137, 726.927000]: [mission] waypoint de 15° — lâmina medida em 16.3° (abertura por CONTATO)
[INFO] [1791385158.552290, 727.428000]: [mission] fase "arco2"/puxa: RECUANDO 0.048 m só com as rodas
[INFO] [1791385159.464319, 728.329000]: [mission] fase "arco2"/puxa: concluído (0.050 m)
[INFO] [1791385159.465900, 728.330000]: [mission] fase "arco2": modo whole-body/Fuzzy (YAML)
[INFO] [1791385159.670783, 728.533000]: [mission] plano de exclusão publicado: parede em [ 0.003  2.998 -0.   ], normal segura [-0.001 -1.     0.   ]
[INFO] [1791385159.975971, 728.836000]: [mission] fase "arco2": whole-body assumiu (base livre, restrita pelo plano de exclusão)
[INFO] [1791385159.978493, 728.838000]: [mission] fase "arco2": whole-body a 0.0205 m do alvo — eixo=+6.3 prof=-9.9 alt=-16.8 mm
[INFO] [1791385162.103613, 730.937000]: [mission] fase "arco2": whole-body a 0.0194 m do alvo — eixo=+5.9 prof=-14.9 alt=-11.0 mm
[INFO] [1791385163.525852, 732.337000]: [mission] fase "arco2" alcançada por whole-body em 3.5s (0.0070 m) — no frame da parede eixo=+5.8 prof=-3.8 alt=-0.1 mm (tolerância 40/10/15)
[INFO] [1791385163.745746, 732.551000]: [mission] waypoint de 30° — lâmina medida em 32.7° (abertura por CONTATO)
[INFO] [1791385164.260345, 733.053000]: [mission] fase "desengata": modo IK iterativa (YAML)
[INFO] [1791385164.265929, 733.058000]: [mission] âncora engatada (fase "desengata")
[INFO] [1791385172.900535, 741.564000]: [mission] fase "desengata" it0: ponta (0.294, 2.770, 0.733) erro=0.0205 | degrau eixo 7.3° | rolagem 8.9° | IK pediu [-18.5 -19.1  -0.   76.6 -11.6] | faltou [ -0.   11.6 -29.6  13.   -0.1] graus
[INFO] [1791385177.778373, 746.372000]: [mission] fase "desengata" it1: ponta (0.293, 2.767, 0.748) erro=0.0051 | degrau eixo 7.0° | rolagem 8.5° | IK pediu [-18.5 -17.6  -0.   76.6 -11.8] | faltou [ -0.1 -13.3  26.  -17.6  -0.1] graus
[INFO] [1791385177.780325, 746.374000]: [mission] âncora solta — 8 correções de deriva
[INFO] [1791385177.781429, 746.375000]: [mission] fase "desengata" alcançada em 2 iteração(ões) (0.0051 m) — âncora corrigiu 8 vez(es)
[INFO] [1791385178.294668, 746.884000]: [mission] MANIPULATE concluída — chave ABERTA, lâmina medida em 34.4°
[INFO] [1791385178.296821, 746.886000]: State machine transitioning 'MANIPULATE':'done'-->'RETRACT'
[INFO] [1791385178.707258, 747.290000]: [mission] âncora engatada (fase "saida_sobe")
[INFO] [1791385184.228410, 752.741000]: [mission] fase "saida_sobe" it0: ponta (0.293, 2.771, 0.760) erro=0.0188 | degrau eixo 7.0° | rolagem 8.1° | IK pediu [-18.5 -16.5   0.   75.6 -11.8] | faltou [  0.   10.  -25.6  11.7  -0.1] graus
[INFO] [1791385184.231889, 752.745000]: [mission] fase "saida_sobe" it0: no frame da parede eixo=-0.4 prof=+4.0 alt=+18.4 mm (tolerância 30/20/10)
[INFO] [1791385188.409154, 756.852000]: [mission] fase "saida_sobe" it1: ponta (0.291, 2.763, 0.779) erro=0.0044 | degrau eixo 6.6° | rolagem 7.6° | IK pediu [-18.7 -15.2  -0.   76.3 -12.2] | faltou [  0.2 -11.3  23.  -14.9  -0.1] graus
[INFO] [1791385188.411408, 756.854000]: [mission] fase "saida_sobe" it1: no frame da parede eixo=-2.0 prof=-3.9 alt=+0.1 mm (tolerância 30/20/10)
[INFO] [1791385188.413391, 756.857000]: [mission] âncora solta — 3 correções de deriva
[INFO] [1791385188.414263, 756.857000]: [mission] fase "saida_sobe" alcançada em 2 iteração(ões) (0.0044 m) — âncora corrigiu 3 vez(es)
[INFO] [1791385188.417228, 756.860000]: [mission] âncora engatada (fase "saida_eixo")
[INFO] [1791385194.000478, 762.364000]: [mission] fase "saida_eixo" it0: ponta (0.410, 2.772, 0.763) erro=0.0166 | degrau eixo 14.0° | rolagem 16.2° | IK pediu [-27.7 -13.7   0.   65.2 -18.3] | faltou [  0.2 -12.2  25.7 -17.6  -0.2] graus
[INFO] [1791385194.004243, 762.368000]: [mission] fase "saida_eixo" it0: no frame da parede eixo=-2.5 prof=+4.5 alt=+15.8 mm (tolerância 20/20/15)
[INFO] [1791385197.752361, 766.076000]: [mission] fase "saida_eixo" it1: ponta (0.411, 2.764, 0.775) erro=0.0055 | degrau eixo 13.7° | rolagem 15.6° | IK pediu [-28.  -12.7   0.   65.8 -18.9] | faltou [  0.2 -12.8  26.4 -17.   -0.3] graus
[INFO] [1791385197.754133, 766.078000]: [mission] fase "saida_eixo" it1: no frame da parede eixo=-2.0 prof=-3.5 alt=+3.8 mm (tolerância 20/20/15)
[INFO] [1791385197.755207, 766.079000]: [mission] âncora solta — 2 correções de deriva
[INFO] [1791385197.756248, 766.080000]: [mission] fase "saida_eixo" alcançada em 2 iteração(ões) (0.0055 m) — âncora corrigiu 2 vez(es)
[INFO] [1791385197.760345, 766.084000]: [mission] âncora engatada (fase "saida_fora")
[INFO] [1791385202.842117, 771.089000]: [mission] fase "saida_fora" it0: ponta (0.408, 2.662, 0.775) erro=0.0077 | degrau eixo 8.7° | rolagem 9.7° | IK pediu [-31.3 -19.6   0.   89.9 -25.1] | faltou [  0.1 -12.9  28.3 -17.   -0.9] graus
[INFO] [1791385202.847329, 771.093000]: [mission] fase "saida_fora" it0: no frame da parede eixo=-4.8 prof=-4.7 alt=+3.8 mm (tolerância 30/20/20)
[INFO] [1791385202.850404, 771.096000]: [mission] âncora solta — 1 correções de deriva
[INFO] [1791385202.853528, 771.100000]: [mission] fase "saida_fora" alcançada em 1 iteração(ões) (0.0077 m) — âncora corrigiu 1 vez(es)
[INFO] [1791385202.856415, 771.103000]: [mission] RETRACT/afasta: RECUANDO 0.250 m só com as rodas
[INFO] [1791385207.311407, 775.505000]: [mission] RETRACT/afasta: concluído (0.251 m)
[INFO] [1791385207.312788, 775.506000]: [mission] postura "stow_home" comandada: [0.0, 1.13, -1.04, -1.8, 0.0]
[INFO] [1791385221.371055, 789.408000]: State machine transitioning 'RETRACT':'ok'-->'RETURN'
[INFO] [1791385221.372846, 789.409000]: [mission] RETURN — voltando a (0.01, 1.00, -0.03 rad)
[INFO] [1791385233.893474, 801.761000]: [mission] RETURN: alinhado, avançando (1.05 m)
[INFO] [1791385233.944331, 801.811000]: [mission] teto por postura ativo no drive: v<=0.25 w<=0.50 rampa 0.54/1.50
[INFO] [1791385242.091074, 809.861000]: [mission] RETURN: chegou, ajustando heading final
[INFO] [1791385242.142844, 809.911000]: [mission] teto por postura ativo no drive: v<=0.25 w<=0.50 rampa 0.54/1.51
[INFO] [1791385248.120148, 815.811000]: [mission] RETURN: concluído
[INFO] [1791385248.121524, 815.812000]: State machine terminating 'RETURN':'home':'MISSION_OK'
[INFO] [1791385248.123016, 815.814000]: [mission] resultado: MISSION_OK
... logging to /home/marco/.ros/log/ef3b2c54-c25d-11f1-b091-b025aa85b2a2/roslaunch-shiroi-3180603.log
Checking log directory for disk usage. This may take a while.
Press Ctrl-C to interrupt
]2;/home/marco/b166er/src/b166er_whole_body_control/launch/chave_mission.launch
[1mstarted roslaunch server http://shiroi:40643/[0m

SUMMARY
========

PARAMETERS
 * /chave_mission/estado_final: 
 * /chave_mission/estado_inicial: STOW_INIT
 * /chave_mission/pausa_por_fase: False
 * /chave_mission/search_omega: 0.35
 * /chave_mission/standoff_distance: 0.62
 * /chave_mission/use_wholebody: False
 * /chave_seccionadora_task/aproxima_lateral/modo: ik
 * /chave_seccionadora_task/aproxima_lateral/offset_xyz_m: [-0.09, 0.008, 0.01]
 * /chave_seccionadora_task/aproxima_lateral/tol_xyz_m: [0.04, 0.008, 0.005]
 * /chave_seccionadora_task/arco1/blade_angle_deg: 15
 * /chave_seccionadora_task/arco1/deriva_eixo_max_m: 0.015
 * /chave_seccionadora_task/arco1/modo: wb
 * /chave_seccionadora_task/arco1/offset_xyz_m: [0.0, 0.0518, -0....
 * /chave_seccionadora_task/arco1/soltura_recuo_min_m: 0.04
 * /chave_seccionadora_task/arco1/tol_xyz_m: [0.04, 0.01, 0.015]
 * /chave_seccionadora_task/arco2/blade_angle_deg: 30
 * /chave_seccionadora_task/arco2/deriva_eixo_max_m: 0.015
 * /chave_seccionadora_task/arco2/modo: wb
 * /chave_seccionadora_task/arco2/offset_xyz_m: [0.0, 0.1, -0.0518]
 * /chave_seccionadora_task/arco2/tol_xyz_m: [0.04, 0.01, 0.015]
 * /chave_seccionadora_task/atravessa/modo: ik
 * /chave_seccionadora_task/atravessa/offset_xyz_m: [-0.008, 0.008, 0...
 * /chave_seccionadora_task/atravessa/tol_xyz_m: [0.008, 0.006, 0....
 * /chave_seccionadora_task/captura/modo: ik
 * /chave_seccionadora_task/captura/offset_xyz_m: [0.0, 0.0, -0.01]
 * /chave_seccionadora_task/captura/tol_xyz_m: [0.04, 0.006, 0.01]
 * /chave_seccionadora_task/desengata/modo: ik
 * /chave_seccionadora_task/desengata/offset_xyz_m: [-0.09, 0.1, -0.0...
 * /chave_seccionadora_task/destrava/curso_estagna_m: 0.01
 * /chave_seccionadora_task/destrava/curso_margem_m: 0.002
 * /chave_seccionadora_task/destrava/curso_min_m: 0.018
 * /chave_seccionadora_task/destrava/curso_teto_m: 0.022
 * /chave_seccionadora_task/destrava/modo: wb
 * /chave_seccionadora_task/destrava/offset_xyz_m: [0.0, 0.0, -0.025]
 * /chave_seccionadora_task/destrava/tol_xyz_m: [0.04, 0.006, 0.004]
 * /chave_seccionadora_task/libera/deriva_eixo_max_m: 0.015
 * /chave_seccionadora_task/libera/modo: wb
 * /chave_seccionadora_task/libera/offset_xyz_m: [0.0, 0.03, -0.025]
 * /chave_seccionadora_task/libera/tol_xyz_m: [0.04, 0.008, 0.006]
 * /chave_seccionadora_task/orienta/modo: ik
 * /chave_seccionadora_task/orienta/offset_xyz_m: [-0.09, 0.15, 0.0...
 * /chave_seccionadora_task/reassenta_sobe/tol_xyz_m: [0.03, 0.02, 0.005]
 * /chave_seccionadora_task/saida_eixo/tol_xyz_m: [0.02, 0.02, 0.015]
 * /chave_seccionadora_task/saida_fora/tol_xyz_m: [0.03, 0.02, 0.02]
 * /chave_seccionadora_task/saida_sobe/tol_xyz_m: [0.03, 0.02, 0.01]
 * /chave_seccionadora_task/target_frame: chave_olhal_link
 * /fuzzy_wb_controller/fixed_gains: []
 * /rosdistro: noetic
 * /rosversion: 1.17.4

NODES
  /
    chave_mission (b166er_whole_body_control/chave_mission.py)

[1mROS_MASTER_URI=http://localhost:11311[0m
]2;/home/marco/b166er/src/b166er_whole_body_control/launch/chave_mission.launch http://localhost:11311
[1mprocess[chave_mission-1]: started with pid [3180647][0m
[1m[chave_mission-1] process has finished cleanly
log file: /home/marco/.ros/log/ef3b2c54-c25d-11f1-b091-b025aa85b2a2/chave_mission-1*.log[0m
all processes on machine have died, roslaunch will exit
shutting down processing monitor...
... shutting down processing monitor complete
[1mdone[0m
