[31mWARNING: disk usage in log directory [/home/marco/.ros/log] is over 1GB.
It's recommended that you use the 'rosclean' command.[0m
the rosdep view is empty: call 'sudo rosdep init' and 'rosdep update'
[WARN] [1791581456.206462, 845.231000]: [mission] SEARCH: 12 de 25 amostras descartadas como outlier (>0.15 m ou >0.20 rad da mediana)
[WARN] [1791581456.258873, 845.284000]: [mission] SEARCH: laser com só 16 pontos de parede (mín 30) — parede fica pela tag
[INFO] [1791581357.661405, 0.000000]: garra_dx = 0.000 m (fechada)
[INFO] [1791581357.713993, 748.390000]: State machine starting in initial state 'HOMING' with userdata: 
	[]
[INFO] [1791581358.018957, 748.690000]: [mission] pose de partida registrada: (-0.00, 1.00, 0.08 rad)
[INFO] [1791581358.028478, 748.699000]: [mission] HOMING: procurando os fins de curso (J4, J3, J2, J5, J1)
[INFO] [1791581418.127853, 807.702000]: [mission] HOMING: cinco switches achados — referência das juntas estabelecida
[INFO] [1791581418.130934, 807.704000]: State machine transitioning 'HOMING':'ok'-->'HOME_POSITION'
[INFO] [1791581418.134448, 807.708000]: [mission] postura "home" comandada: [0.0, 1.108, -1.021, -1.894, 0.0]
[INFO] [1791581431.729033, 821.111000]: [mission] HOME_POSITION: braço em HOME POSITION (J1/J5 em zero, J2/J3/J4 nos switches)
[INFO] [1791581431.730376, 821.112000]: State machine transitioning 'HOME_POSITION':'ok'-->'SEARCH'
[INFO] [1791581431.731784, 821.113000]: [mission] postura "search" comandada: [0.0, 1.0, -1.0, 0.0, 0.0]
[INFO] [1791581442.701388, 831.915000]: [mission] SEARCH — girando à procura da tag...
[INFO] [1791581442.702729, 831.916000]: [mission] SEARCH: amostra quando a tag estiver a raio 0.35-0.50 do quadro (vista oblíqua; omega fina 0.15 rad/s)
[INFO] [1791581444.728371, 833.917000]: [mission] SEARCH: tag a raio 0.80 — girando até <= 0.50
[INFO] [1791581449.132246, 838.268000]: [mission] SEARCH: tag a raio 0.50 — parando
[INFO] [1791581449.133905, 838.269000]: [mission] tag avistada — parando para medir
[INFO] [1791581450.157795, 839.277000]: [mission] âncora engatada (coleta do SEARCH)
[INFO] [1791581450.161052, 839.277000]: [mission] SEARCH: coleta com dither ±0.05 rad/s (período 3.0 s)
[INFO] [1791581456.196886, 845.222000]: [mission] âncora solta — 10 correções de deriva
[INFO] [1791581456.198328, 845.224000]: [mission] SEARCH: âncora corrigiu a deriva 10 vez(es) durante a coleta
[INFO] [1791581456.207487, 845.233000]: [mission] SEARCH: 13 amostras — parede (0.018, 2.897, -0.001) yaw=-2.846
[INFO] [1791581456.260492, 845.285000]: [mission] parede localizada em (0.018, 2.897, -0.001)
[INFO] [1791581456.268898, 845.294000]: State machine transitioning 'SEARCH':'found'-->'APPROACH'
[INFO] [1791581456.272281, 845.297000]: [mission] APPROACH etapa 1/2 — 1.30 m do olhal, alvo (0.63, 1.59, 1.87 rad)
[INFO] [1791581456.276058, 845.300000]: [mission] APPROACH: alinhado, avançando (0.87 m)
[INFO] [1791581456.326382, 845.350000]: [mission] teto por postura ativo no drive: v<=0.18 w<=0.50 rampa 0.46/1.51
[INFO] [1791581463.175793, 852.100000]: [mission] APPROACH: chegou, ajustando heading final
[INFO] [1791581463.226918, 852.150000]: [mission] teto por postura ativo no drive: v<=0.18 w<=0.50 rampa 0.46/1.51
[INFO] [1791581467.832389, 856.700000]: [mission] APPROACH: concluído
[INFO] [1791581468.850748, 857.703000]: [mission] âncora engatada (coleta do APPROACH/remedida)
[INFO] [1791581468.851999, 857.705000]: [mission] APPROACH/remedida: coleta com dither ±0.05 rad/s (período 3.0 s)
[INFO] [1791581469.997875, 858.832000]: [mission] âncora solta — 1 correções de deriva
[INFO] [1791581469.999373, 858.834000]: [mission] APPROACH/remedida: âncora corrigiu a deriva 1 vez(es) durante a coleta
[INFO] [1791581470.000753, 858.835000]: [mission] APPROACH/remedida: 10 amostras — parede (0.004, 3.019, -0.003) yaw=3.105
[INFO] [1791581470.053057, 858.887000]: [mission] APPROACH/remedida: parede pelo LASER — 65 pontos, resíduo 5.7 mm: profundidade +22.0 mm e yaw +1.86° em relação à tag → parede (0.003, 2.997, -0.003) yaw=3.137
[INFO] [1791581470.054866, 858.889000]: [mission] APPROACH etapa 2/2 — 0.88 m do olhal, alvo (0.37, 1.99, 1.57 rad)
[INFO] [1791581471.528269, 860.340000]: [mission] APPROACH: alinhado, avançando (0.56 m)
[INFO] [1791581471.579014, 860.390000]: [mission] teto por postura ativo no drive: v<=0.18 w<=0.50 rampa 0.46/1.51
[INFO] [1791581476.662481, 865.390000]: [mission] APPROACH: chegou, ajustando heading final
[INFO] [1791581476.713297, 865.440000]: [mission] teto por postura ativo no drive: v<=0.18 w<=0.50 rampa 0.46/1.51
[INFO] [1791581481.997208, 870.640000]: [mission] APPROACH: concluído
[INFO] [1791581482.002517, 870.645000]: State machine transitioning 'APPROACH':'arrived'-->'REFINE'
[INFO] [1791581482.004200, 870.647000]: [mission] REFINE — remedindo a parede de perto (10 amostras)
[INFO] [1791581482.006543, 870.649000]: [mission] âncora engatada (coleta do REFINE)
[INFO] [1791581482.007461, 870.650000]: [mission] REFINE: coleta com dither ±0.05 rad/s (período 3.0 s)
[INFO] [1791581483.158967, 871.784000]: [mission] âncora solta — 2 correções de deriva
[INFO] [1791581483.160773, 871.785000]: [mission] REFINE: âncora corrigiu a deriva 2 vez(es) durante a coleta
[INFO] [1791581483.162451, 871.787000]: [mission] REFINE: 10 amostras — parede (0.002, 2.997, -0.001) yaw=-3.135
[INFO] [1791581483.217554, 871.840000]: [mission] REFINE: parede pelo LASER — 95 pontos, resíduo 5.1 mm: profundidade -4.9 mm e yaw -0.23° em relação à tag → parede (0.002, 3.002, -0.001) yaw=-3.139
[INFO] [1791581483.219573, 871.842000]: [mission] REFINE: deslocou 0.005 m da estimativa anterior
[INFO] [1791581483.221147, 871.843000]: [mission] olhal estimado em (0.202, 2.872, 0.804)
[INFO] [1791581483.229344, 871.851000]: State machine transitioning 'REFINE':'ok'-->'DEPLOY'
[INFO] [1791581483.232736, 871.854000]: [mission] DEPLOY: IK resolvida para a POSE DE MANIPULAÇÃO (0.20, 2.25, 1.57 rad), não para a atual
[INFO] [1791581488.255641, 875.709000]: [mission] DEPLOY: IK nivelada 0.0710 m, só eixo 0.0014 m — a MISSÃO INTEIRA usa "eixo"
[INFO] [1791581488.261126, 876.850000]: [mission] DEPLOY: IK da ponta resolvida (resíduo 0.0014 m, degrau 0.4°) — pré-posicionando em [-10.9 -46.5  60.   78.5 -10.9] graus
[INFO] [1791581499.229432, 887.651000]: [mission] plano de exclusão publicado: parede em [ 2.000e-03  3.002e+00 -1.000e-03], normal segura [ 0.002 -1.     0.   ]
[INFO] [1791581499.437211, 887.858000]: [mission] teto por postura ativo no drive: v<=0.25 w<=0.50 rampa 0.55/1.61
[INFO] [1791581500.352499, 888.758000]: [mission] DEPLOY/aproxima: alinhado, avançando (0.27 m)
[INFO] [1791581503.710863, 892.058000]: [mission] DEPLOY/aproxima: chegou, ajustando heading final
[INFO] [1791581505.947356, 894.258000]: [mission] DEPLOY/aproxima: concluído
[INFO] [1791581505.948220, 894.259000]: State machine transitioning 'DEPLOY':'ok'-->'MANIPULATE'
[INFO] [1791581505.949174, 894.260000]: [mission] fase "orienta": modo IK iterativa (YAML)
[INFO] [1791581505.951986, 894.262000]: [mission] âncora engatada (fase "orienta")
[INFO] [1791581509.615135, 897.866000]: [mission] fase "orienta" it0: ponta (0.295, 2.725, 0.813) erro=0.0039 | degrau eixo 0.1° | rolagem 0.1° | IK pediu [-16.6 -38.6  45.3  82.7 -11.5] | faltou [0. 0. 0. 0. 0.] graus
[INFO] [1791581509.619532, 897.871000]: [mission] âncora solta — 2 correções de deriva
[INFO] [1791581509.621094, 897.873000]: [mission] fase "orienta" alcançada em 1 iteração(ões) (0.0039 m) — âncora corrigiu 2 vez(es)
[INFO] [1791581510.133242, 898.379000]: [mission] fase "aproxima_lateral": modo IK iterativa (YAML)
[INFO] [1791581510.135544, 898.381000]: [mission] âncora engatada (fase "aproxima_lateral")
[INFO] [1791581514.821843, 902.983000]: [mission] fase "aproxima_lateral" it0: ponta (0.289, 2.869, 0.811) erro=0.0070 | degrau eixo 3.2° | rolagem 3.2° | IK pediu [-13.9 -14.6   0.1  84.   -8.6] | faltou [0. 0. 0. 0. 0.] graus
[INFO] [1791581514.824294, 902.986000]: [mission] fase "aproxima_lateral" it0: no frame da parede eixo=-3.3 prof=+5.1 alt=+3.5 mm (tolerância 40/8/5)
[INFO] [1791581514.825488, 902.987000]: [mission] âncora solta — 2 correções de deriva
[INFO] [1791581514.826875, 902.988000]: [mission] fase "aproxima_lateral" alcançada em 1 iteração(ões) (0.0070 m) — âncora corrigiu 2 vez(es)
[INFO] [1791581515.340194, 903.495000]: [mission] fase "atravessa": modo IK iterativa (YAML)
[INFO] [1791581515.346233, 903.500000]: [mission] âncora engatada (fase "atravessa")
[INFO] [1791581518.730561, 906.809000]: [mission] fase "atravessa" it0: ponta (0.209, 2.867, 0.813) erro=0.0030 | degrau eixo 0.6° | rolagem 0.6° | IK pediu [ -7.2 -15.4   0.9  86.5  -1.8] | faltou [0. 0. 0. 0. 0.] graus
[WARN] [1791581548.858076, 936.487000]: [mission] fase "destrava": descida estagnou em 17.1 mm (mín 10 para aceitar; alvo 18) — fim de curso do mecanismo, fechando a fase
[WARN] [1791581549.078220, 936.701000]: [mission] destrava: lingueta em 6.2 mm (esperado ≥ 12) — o gatilho pode não ter soltado
[WARN] [1791581569.529703, 956.823000]: [mission] RETRACT: ponta a 0.139 m do olhal — saindo em degraus: sobe 30 mm, 120 mm pelo eixo do furo, 100 mm para fora, antes de recolher
[INFO] [1791581518.733570, 906.812000]: [mission] fase "atravessa" it0: no frame da parede eixo=-1.3 prof=+2.5 alt=+1.1 mm (tolerância 8/6/5)
[INFO] [1791581518.735375, 906.814000]: [mission] âncora solta — 1 correções de deriva
[INFO] [1791581518.736372, 906.815000]: [mission] fase "atravessa" alcançada em 1 iteração(ões) (0.0030 m) — âncora corrigiu 1 vez(es)
[INFO] [1791581519.247035, 907.318000]: [mission] fase "captura": modo IK iterativa (YAML)
[INFO] [1791581519.250279, 907.321000]: [mission] âncora engatada (fase "captura")
[INFO] [1791581521.958720, 909.967000]: [mission] fase "captura" it0: ponta (0.208, 2.873, 0.797) erro=0.0037 | degrau eixo 0.6° | rolagem 0.6° | IK pediu [ -7.5 -17.4   0.3  87.2  -1.8] | faltou [0. 0. 0. 0. 0.] graus
[INFO] [1791581521.960814, 909.969000]: [mission] fase "captura" it0: no frame da parede eixo=-1.4 prof=+0.9 alt=-3.3 mm (tolerância 8/6/10)
[INFO] [1791581521.961983, 909.971000]: [mission] âncora solta — 1 correções de deriva
[INFO] [1791581521.962687, 909.971000]: [mission] fase "captura" alcançada em 1 iteração(ões) (0.0037 m) — âncora corrigiu 1 vez(es)
[INFO] [1791581521.966758, 909.975000]: [mission] captura: ponta registrada em eixo=-6.6 prof=-0.9 alt=-6.7 mm (zero da descida do destrava e da deriva de eixo)
[INFO] [1791581522.490962, 910.476000]: [mission] fase "destrava": alvo em altura relativo à captura: -26.7 mm (captura -6.7 − curso 18 − margem 2)
[INFO] [1791581522.492658, 910.477000]: [mission] fase "destrava": modo whole-body/Fuzzy (YAML)
[INFO] [1791581522.700228, 910.680000]: [mission] plano de exclusão publicado: parede em [ 2.000e-03  3.002e+00 -1.000e-03], normal segura [ 0.002 -1.     0.   ]
[INFO] [1791581523.010800, 910.986000]: [mission] fase "destrava": whole-body assumiu (base livre, restrita pelo plano de exclusão)
[INFO] [1791581523.013041, 910.988000]: [mission] fase "destrava": whole-body a 0.0214 m do alvo — eixo=+6.6 prof=+1.2 alt=-20.3 mm
[INFO] [1791581525.137343, 913.088000]: [mission] fase "destrava": whole-body a 0.0093 m do alvo — eixo=+6.5 prof=-6.3 alt=-2.1 mm
[INFO] [1791581527.258977, 915.187000]: [mission] fase "destrava": whole-body a 0.0106 m do alvo — eixo=+6.5 prof=-8.4 alt=-1.2 mm
[INFO] [1791581529.390708, 917.287000]: [mission] fase "destrava": whole-body a 0.0121 m do alvo — eixo=+6.5 prof=-10.2 alt=-0.0 mm
[INFO] [1791581531.510325, 919.387000]: [mission] fase "destrava": whole-body a 0.0135 m do alvo — eixo=+6.5 prof=-11.8 alt=-0.6 mm
[INFO] [1791581533.620506, 921.487000]: [mission] fase "destrava": whole-body a 0.0174 m do alvo — eixo=+6.5 prof=-16.2 alt=-1.3 mm
[INFO] [1791581535.750820, 923.587000]: [mission] fase "destrava": whole-body a 0.0135 m do alvo — eixo=+6.5 prof=-11.6 alt=-2.4 mm
[INFO] [1791581537.874400, 925.687000]: [mission] fase "destrava": whole-body a 0.0149 m do alvo — eixo=+6.5 prof=-9.9 alt=-9.1 mm
[INFO] [1791581539.987391, 927.787000]: [mission] fase "destrava": whole-body a 0.0113 m do alvo — eixo=+6.6 prof=-9.1 alt=-0.9 mm
[INFO] [1791581542.121695, 929.887000]: [mission] fase "destrava": whole-body a 0.0110 m do alvo — eixo=+6.5 prof=-7.9 alt=-4.0 mm
[INFO] [1791581544.256626, 931.987000]: [mission] fase "destrava": whole-body a 0.0100 m do alvo — eixo=+6.5 prof=-7.3 alt=-2.1 mm
[INFO] [1791581546.413563, 934.087000]: [mission] fase "destrava": whole-body a 0.0098 m do alvo — eixo=+6.4 prof=-6.4 alt=-3.7 mm
[INFO] [1791581548.555128, 936.188000]: [mission] fase "destrava": whole-body a 0.0091 m do alvo — eixo=+6.4 prof=-6.1 alt=-2.5 mm
[INFO] [1791581549.076011, 936.699000]: [mission] destrava: ponta desceu 16.7 mm desde a captura (critério observável) | lingueta 6.2 mm (só na simulação)
[INFO] [1791581549.600860, 937.205000]: [mission] fase "libera": modo whole-body/Fuzzy (YAML)
[INFO] [1791581549.818396, 937.409000]: [mission] plano de exclusão publicado: parede em [ 2.000e-03  3.002e+00 -1.000e-03], normal segura [ 0.002 -1.     0.   ]
[INFO] [1791581550.131351, 937.712000]: [mission] fase "libera": whole-body assumiu (base livre, restrita pelo plano de exclusão)
[INFO] [1791581550.635567, 938.212000]: [mission] fase "libera": whole-body a 0.0237 m do alvo — eixo=+6.3 prof=+22.8 alt=+1.7 mm
[INFO] [1791581552.670188, 940.213000]: [mission] fase "libera": whole-body a 0.0225 m do alvo — eixo=+6.4 prof=+21.4 alt=+3.4 mm
[INFO] [1791581554.785663, 942.312000]: [mission] fase "libera": whole-body a 0.0211 m do alvo — eixo=+6.5 prof=+20.1 alt=+1.5 mm
[INFO] [1791581556.904572, 944.413000]: [mission] fase "libera": whole-body a 0.0269 m do alvo — eixo=+8.4 prof=+22.0 alt=+13.1 mm
[INFO] [1791581559.053087, 946.512000]: [mission] fase "libera": whole-body a 0.0196 m do alvo — eixo=+8.4 prof=+13.8 alt=+11.0 mm
[INFO] [1791581559.858765, 947.312000]: [mission] fase "libera" alcançada por whole-body em 9.6s (0.0072 m) — no frame da parede eixo=+6.5 prof=+2.7 alt=-1.7 mm (tolerância 40/8/6)
[INFO] [1791581560.569965, 948.017000]: [mission] fase "arco1"/puxa: RECUANDO 0.022 m só com as rodas
[INFO] [1791581561.079724, 948.518000]: [mission] fase "arco1"/puxa: concluído (0.024 m)
[INFO] [1791581561.081708, 948.520000]: [mission] fase "arco1": modo whole-body/Fuzzy (YAML)
[INFO] [1791581561.287437, 948.721000]: [mission] plano de exclusão publicado: parede em [ 2.000e-03  3.002e+00 -1.000e-03], normal segura [ 0.002 -1.     0.   ]
[INFO] [1791581561.595752, 949.024000]: [mission] fase "arco1": whole-body assumiu (base livre, restrita pelo plano de exclusão)
[INFO] [1791581561.596993, 949.025000]: [mission] fase "arco1": whole-body a 0.0067 m do alvo — eixo=+6.5 prof=-1.5 alt=-0.9 mm
[INFO] [1791581561.999876, 949.424000]: [mission] fase "arco1" alcançada por whole-body em 0.4s (0.0068 m) — no frame da parede eixo=+6.5 prof=-0.9 alt=-1.8 mm (tolerância 40/10/15)
[INFO] [1791581562.000902, 949.425000]: [mission] arco1: SOLTURA observável — recuo 53.6 mm desde a captura (mín 40) com deriva de eixo +0.2 mm → SOLTA
[INFO] [1791581562.211616, 949.633000]: [mission] waypoint de 15° — lâmina medida em 13.5° (abertura por CONTATO)
[INFO] [1791581562.723981, 950.134000]: [mission] fase "arco2"/puxa: RECUANDO 0.048 m só com as rodas
[INFO] [1791581563.646187, 951.035000]: [mission] fase "arco2"/puxa: concluído (0.049 m)
[INFO] [1791581563.647339, 951.036000]: [mission] fase "arco2": modo whole-body/Fuzzy (YAML)
[INFO] [1791581563.849828, 951.237000]: [mission] plano de exclusão publicado: parede em [ 2.000e-03  3.002e+00 -1.000e-03], normal segura [ 0.002 -1.     0.   ]
[INFO] [1791581564.155909, 951.540000]: [mission] fase "arco2": whole-body assumiu (base livre, restrita pelo plano de exclusão)
[INFO] [1791581564.157769, 951.541000]: [mission] fase "arco2": whole-body a 0.0175 m do alvo — eixo=+6.5 prof=+3.3 alt=-15.9 mm
[INFO] [1791581564.660672, 952.041000]: [mission] fase "arco2" alcançada por whole-body em 0.5s (0.0095 m) — no frame da parede eixo=+6.5 prof=-0.9 alt=-6.9 mm (tolerância 40/10/15)
[INFO] [1791581564.872787, 952.251000]: [mission] waypoint de 30° — lâmina medida em 30.1° (abertura por CONTATO)
[INFO] [1791581565.389329, 952.753000]: [mission] fase "desengata": modo IK iterativa (YAML)
[INFO] [1791581565.396141, 952.760000]: [mission] âncora engatada (fase "desengata")
[INFO] [1791581568.586952, 955.906000]: [mission] fase "desengata" it0: ponta (0.288, 2.773, 0.753) erro=0.0042 | degrau eixo 3.6° | rolagem 3.5° | IK pediu [  2.2 -23.7  -0.   97.4 -12.2] | faltou [0. 0. 0. 0. 0.] graus
[INFO] [1791581568.589319, 955.909000]: [mission] fase "desengata" alcançada em 1 iteração(ões) (0.0042 m)
[INFO] [1791581569.118993, 956.420000]: [mission] MANIPULATE concluída — chave ABERTA, lâmina medida em 30.5°
[INFO] [1791581569.120654, 956.422000]: State machine transitioning 'MANIPULATE':'done'-->'RETRACT'
[INFO] [1791581569.537734, 956.831000]: [mission] âncora engatada (fase "saida_sobe")
[INFO] [1791581572.212781, 959.439000]: [mission] fase "saida_sobe" it0: ponta (0.284, 2.775, 0.786) erro=0.0038 | degrau eixo 2.8° | rolagem 2.7° | IK pediu [  2.3 -19.9   0.   96.8 -11.8] | faltou [0. 0. 0. 0. 0.] graus
[INFO] [1791581572.215525, 959.442000]: [mission] fase "saida_sobe" it0: no frame da parede eixo=-3.0 prof=+1.9 alt=-1.4 mm (tolerância 30/20/10)
[INFO] [1791581572.218247, 959.445000]: [mission] fase "saida_sobe" alcançada em 1 iteração(ões) (0.0038 m)
[INFO] [1791581572.222052, 959.449000]: [mission] âncora engatada (fase "saida_eixo")
[INFO] [1791581578.224823, 965.353000]: [mission] fase "saida_eixo" it0: ponta (0.400, 2.777, 0.786) erro=0.0081 | degrau eixo 7.4° | rolagem 7.3° | IK pediu [ -8.6 -18.6  -0.   89.1 -21.3] | faltou [ 0.3  0.9 -2.   1.1  0. ] graus
[INFO] [1791581578.226386, 965.355000]: [mission] fase "saida_eixo" it0: no frame da parede eixo=-7.0 prof=+3.8 alt=-1.2 mm (tolerância 20/20/15)
[INFO] [1791581578.227107, 965.355000]: [mission] âncora solta — 1 correções de deriva
[INFO] [1791581578.227885, 965.356000]: [mission] fase "saida_eixo" alcançada em 1 iteração(ões) (0.0081 m) — âncora corrigiu 1 vez(es)
[INFO] [1791581578.229755, 965.358000]: [mission] âncora engatada (fase "saida_fora")
[INFO] [1791581585.158046, 972.161000]: [mission] fase "saida_fora" it0: ponta (0.406, 2.676, 0.784) erro=0.0029 | degrau eixo 0.7° | rolagem 0.7° | IK pediu [-1.310e+01 -2.090e+01  1.000e-01  1.094e+02 -2.650e+01] | faltou [-0.6 -3.   6.5 -3.8 -0. ] graus
[INFO] [1791581585.160837, 972.164000]: [mission] fase "saida_fora" it0: no frame da parede eixo=-0.7 prof=+2.8 alt=+0.2 mm (tolerância 30/20/20)
[INFO] [1791581585.162924, 972.166000]: [mission] âncora solta — 1 correções de deriva
[INFO] [1791581585.164065, 972.167000]: [mission] fase "saida_fora" alcançada em 1 iteração(ões) (0.0029 m) — âncora corrigiu 1 vez(es)
[INFO] [1791581585.166374, 972.169000]: [mission] RETRACT/afasta: RECUANDO 0.250 m só com as rodas
[INFO] [1791581589.646931, 976.572000]: [mission] RETRACT/afasta: concluído (0.251 m)
[INFO] [1791581589.649537, 976.575000]: [mission] postura "stow_home" comandada: [0.0, 1.1, -1.04, -1.8, 0.0]
[INFO] [1791581606.818017, 993.477000]: State machine transitioning 'RETRACT':'ok'-->'RETURN'
[INFO] [1791581606.820346, 993.479000]: [mission] RETURN — voltando a (-0.00, 1.00, 0.08 rad)
[INFO] [1791581623.565272, 1009.981000]: [mission] RETURN: alinhado, avançando (1.17 m)
[INFO] [1791581623.617334, 1010.031000]: [mission] teto por postura ativo no drive: v<=0.24 w<=0.50 rampa 0.53/1.51
[INFO] [1791581632.565375, 1018.831000]: [mission] RETURN: chegou, ajustando heading final
[INFO] [1791581632.616680, 1018.881000]: [mission] teto por postura ativo no drive: v<=0.24 w<=0.50 rampa 0.53/1.51
[INFO] [1791581641.748620, 1027.881000]: [mission] RETURN: concluído
[INFO] [1791581641.754498, 1027.887000]: [mission] RETURN/home: procurando os fins de curso (J4, J3, J2, J5, J1)
[INFO] [1791581676.861256, 1062.390000]: [mission] RETURN/home: cinco switches achados — referência das juntas estabelecida
[INFO] [1791581676.863498, 1062.392000]: [mission] postura "home" comandada: [0.0, 1.108, -1.021, -1.894, 0.0]
[INFO] [1791581693.229714, 1078.493000]: [mission] RETURN/home: braço em HOME POSITION (J1/J5 em zero, J2/J3/J4 nos switches)
[INFO] [1791581693.231945, 1078.495000]: State machine terminating 'RETURN':'home':'MISSION_OK'
[INFO] [1791581693.234486, 1078.497000]: [mission] resultado: MISSION_OK
... logging to /home/marco/.ros/log/b1b629ea-c426-11f1-9fda-b025aa85b2a2/roslaunch-shiroi-177779.log
Checking log directory for disk usage. This may take a while.
Press Ctrl-C to interrupt
]2;/home/marco/b166er/src/b166er_whole_body_control/launch/chave_mission.launch
[1mstarted roslaunch server http://shiroi:36723/[0m

SUMMARY
========

PARAMETERS
 * /chave_mission/estado_final: 
 * /chave_mission/estado_inicial: HOMING
 * /chave_mission/pausa_por_fase: False
 * /chave_mission/search_omega: 0.35
 * /chave_mission/standoff_distance: 0.62
 * /chave_mission/use_wholebody: False
 * /chave_seccionadora_task/aproxima_lateral/modo: ik
 * /chave_seccionadora_task/aproxima_lateral/offset_xyz_m: [-0.09, 0.008, 0.01]
 * /chave_seccionadora_task/aproxima_lateral/tol_xyz_m: [0.04, 0.008, 0.005]
 * /chave_seccionadora_task/arco1/blade_angle_deg: 15
 * /chave_seccionadora_task/arco1/deriva_eixo_max_m: 0.015
 * /chave_seccionadora_task/arco1/modo: wb
 * /chave_seccionadora_task/arco1/offset_xyz_m: [0.0, 0.0518, -0....
 * /chave_seccionadora_task/arco1/soltura_recuo_min_m: 0.04
 * /chave_seccionadora_task/arco1/tol_xyz_m: [0.04, 0.01, 0.015]
 * /chave_seccionadora_task/arco2/blade_angle_deg: 30
 * /chave_seccionadora_task/arco2/deriva_eixo_max_m: 0.015
 * /chave_seccionadora_task/arco2/modo: wb
 * /chave_seccionadora_task/arco2/offset_xyz_m: [0.0, 0.1, -0.0518]
 * /chave_seccionadora_task/arco2/tol_xyz_m: [0.04, 0.01, 0.015]
 * /chave_seccionadora_task/atravessa/modo: ik
 * /chave_seccionadora_task/atravessa/offset_xyz_m: [-0.008, 0.008, 0...
 * /chave_seccionadora_task/atravessa/tol_xyz_m: [0.008, 0.006, 0....
 * /chave_seccionadora_task/captura/modo: ik
 * /chave_seccionadora_task/captura/offset_xyz_m: [-0.008, 0.0, -0.01]
 * /chave_seccionadora_task/captura/tol_xyz_m: [0.008, 0.006, 0.01]
 * /chave_seccionadora_task/desengata/modo: ik
 * /chave_seccionadora_task/desengata/offset_xyz_m: [-0.09, 0.1, -0.0...
 * /chave_seccionadora_task/destrava/curso_estagna_m: 0.01
 * /chave_seccionadora_task/destrava/curso_margem_m: 0.002
 * /chave_seccionadora_task/destrava/curso_min_m: 0.018
 * /chave_seccionadora_task/destrava/curso_teto_m: 0.022
 * /chave_seccionadora_task/destrava/modo: wb
 * /chave_seccionadora_task/destrava/offset_xyz_m: [0.0, 0.0, -0.025]
 * /chave_seccionadora_task/destrava/tol_xyz_m: [0.01, 0.006, 0.004]
 * /chave_seccionadora_task/libera/deriva_eixo_max_m: 0.015
 * /chave_seccionadora_task/libera/modo: wb
 * /chave_seccionadora_task/libera/offset_xyz_m: [0.0, 0.03, -0.025]
 * /chave_seccionadora_task/libera/tol_xyz_m: [0.04, 0.008, 0.006]
 * /chave_seccionadora_task/orienta/modo: ik
 * /chave_seccionadora_task/orienta/offset_xyz_m: [-0.09, 0.15, 0.0...
 * /chave_seccionadora_task/reassenta_sobe/tol_xyz_m: [0.03, 0.02, 0.005]
 * /chave_seccionadora_task/saida_eixo/tol_xyz_m: [0.02, 0.02, 0.015]
 * /chave_seccionadora_task/saida_fora/tol_xyz_m: [0.03, 0.02, 0.02]
 * /chave_seccionadora_task/saida_sobe/tol_xyz_m: [0.03, 0.02, 0.01]
 * /chave_seccionadora_task/target_frame: chave_olhal_link
 * /fuzzy_wb_controller/fixed_gains: []
 * /rosdistro: noetic
 * /rosversion: 1.17.4

NODES
  /
    chave_mission (b166er_whole_body_control/chave_mission.py)

[1mROS_MASTER_URI=http://localhost:11311[0m
]2;/home/marco/b166er/src/b166er_whole_body_control/launch/chave_mission.launch http://localhost:11311
[1mprocess[chave_mission-1]: started with pid [177823][0m
[1m[chave_mission-1] process has finished cleanly
log file: /home/marco/.ros/log/b1b629ea-c426-11f1-9fda-b025aa85b2a2/chave_mission-1*.log[0m
all processes on machine have died, roslaunch will exit
shutting down processing monitor...
... shutting down processing monitor complete
[1mdone[0m
