[31mWARNING: disk usage in log directory [/home/marco/.ros/log] is over 1GB.
It's recommended that you use the 'rosclean' command.[0m
the rosdep view is empty: call 'sudo rosdep init' and 'rosdep update'
[WARN] [1791391735.405020, 79.840000]: [mission] SEARCH: ajuste não convergiu em 8s (raio 0.62) — amostrando assim mesmo
[WARN] [1791391742.188055, 86.504000]: [mission] SEARCH: 10 de 25 amostras descartadas como outlier (>0.15 m ou >0.20 rad da mediana)
[WARN] [1791391742.240105, 86.556000]: [mission] SEARCH: laser com só 15 pontos de parede (mín 30) — parede fica pela tag
[INFO] [1791391710.450101, 55.358000]: garra_dx = 0.000 m (fechada)
[INFO] [1791391710.519100, 55.428000]: State machine starting in initial state 'STOW_INIT' with userdata: 
	[]
[INFO] [1791391710.722029, 55.629000]: [mission] pose de partida registrada: (0.01, 1.00, 0.01 rad)
[INFO] [1791391710.724166, 55.632000]: [mission] postura "stow_home" comandada: [0.0, 1.13, -1.04, -1.8, 0.0]
[INFO] [1791391713.884149, 58.733000]: State machine transitioning 'STOW_INIT':'ok'-->'SEARCH'
[INFO] [1791391713.886104, 58.735000]: [mission] postura "search" comandada: [0.0, 1.0, -1.0, 0.0, 0.0]
[INFO] [1791391725.812761, 70.436000]: [mission] SEARCH — girando à procura da tag...
[INFO] [1791391725.813954, 70.437000]: [mission] SEARCH: amostra quando a tag estiver a raio 0.35-0.50 do quadro (vista oblíqua; omega fina 0.15 rad/s)
[INFO] [1791391727.190116, 71.788000]: [mission] SEARCH: tag a raio 0.96 — girando até <= 0.50
[INFO] [1791391735.406770, 79.840000]: [mission] tag avistada — parando para medir
[INFO] [1791391736.431478, 80.851000]: [mission] âncora engatada (coleta do SEARCH)
[INFO] [1791391736.434479, 80.854000]: [mission] SEARCH: coleta com dither ±0.05 rad/s (período 3.0 s)
[INFO] [1791391742.179941, 86.496000]: [mission] âncora solta — 5 correções de deriva
[INFO] [1791391742.180929, 86.497000]: [mission] SEARCH: âncora corrigiu a deriva 5 vez(es) durante a coleta
[INFO] [1791391742.188934, 86.505000]: [mission] SEARCH: 15 amostras — parede (0.023, 2.882, -0.001) yaw=-2.837
[INFO] [1791391742.242198, 86.558000]: [mission] parede localizada em (0.023, 2.882, -0.001)
[INFO] [1791391742.248829, 86.565000]: State machine transitioning 'SEARCH':'found'-->'APPROACH'
[INFO] [1791391742.251259, 86.566000]: [mission] APPROACH etapa 1/2 — 1.30 m do olhal, alvo (0.64, 1.58, 1.88 rad)
[INFO] [1791391742.657795, 86.969000]: [mission] APPROACH: alinhado, avançando (0.85 m)
[INFO] [1791391742.708090, 87.019000]: [mission] teto por postura ativo no drive: v<=0.16 w<=0.50 rampa 0.43/1.52
[INFO] [1791391749.630697, 93.819000]: [mission] APPROACH: chegou, ajustando heading final
[INFO] [1791391749.681725, 93.869000]: [mission] teto por postura ativo no drive: v<=0.16 w<=0.50 rampa 0.43/1.53
[INFO] [1791391754.106070, 98.219000]: [mission] APPROACH: concluído
[INFO] [1791391755.138270, 99.223000]: [mission] âncora engatada (coleta do APPROACH/remedida)
[INFO] [1791391755.139709, 99.224000]: [mission] APPROACH/remedida: coleta com dither ±0.05 rad/s (período 3.0 s)
[INFO] [1791391756.291581, 100.357000]: [mission] âncora solta — 2 correções de deriva
[INFO] [1791391756.293470, 100.359000]: [mission] APPROACH/remedida: âncora corrigiu a deriva 2 vez(es) durante a coleta
[INFO] [1791391756.295990, 100.361000]: [mission] APPROACH/remedida: 10 amostras — parede (-0.000, 3.011, -0.005) yaw=-3.133
[INFO] [1791391756.349709, 100.415000]: [mission] APPROACH/remedida: parede pelo LASER — 73 pontos, resíduo 4.6 mm: profundidade +12.0 mm e yaw -0.62° em relação à tag → parede (-0.000, 2.999, -0.005) yaw=3.140
[INFO] [1791391756.351779, 100.417000]: [mission] APPROACH etapa 2/2 — 0.88 m do olhal, alvo (0.37, 1.99, 1.57 rad)
[INFO] [1791391757.941020, 101.969000]: [mission] APPROACH: alinhado, avançando (0.61 m)
[INFO] [1791391757.990968, 102.019000]: [mission] teto por postura ativo no drive: v<=0.15 w<=0.50 rampa 0.43/1.52
[INFO] [1791391763.478660, 107.419000]: [mission] APPROACH: chegou, ajustando heading final
[INFO] [1791391763.529212, 107.469000]: [mission] teto por postura ativo no drive: v<=0.16 w<=0.50 rampa 0.43/1.52
[INFO] [1791391768.635634, 112.469000]: [mission] APPROACH: concluído
[INFO] [1791391768.645874, 112.479000]: State machine transitioning 'APPROACH':'arrived'-->'REFINE'
[INFO] [1791391768.649361, 112.483000]: [mission] REFINE — remedindo a parede de perto (10 amostras)
[INFO] [1791391768.654686, 112.487000]: [mission] âncora engatada (coleta do REFINE)
[INFO] [1791391768.657655, 112.490000]: [mission] REFINE: coleta com dither ±0.05 rad/s (período 3.0 s)
[INFO] [1791391769.808823, 113.626000]: [mission] âncora solta — 2 correções de deriva
[INFO] [1791391769.810326, 113.628000]: [mission] REFINE: âncora corrigiu a deriva 2 vez(es) durante a coleta
[INFO] [1791391769.812943, 113.630000]: [mission] REFINE: 10 amostras — parede (0.002, 3.004, -0.001) yaw=3.130
[INFO] [1791391769.866989, 113.683000]: [mission] REFINE: parede pelo LASER — 81 pontos, resíduo 5.4 mm: profundidade +5.3 mm e yaw +0.62° em relação à tag → parede (0.002, 2.999, -0.001) yaw=3.141
[INFO] [1791391769.869647, 113.686000]: [mission] REFINE: deslocou 0.004 m da estimativa anterior
[INFO] [1791391769.872003, 113.688000]: [mission] olhal estimado em (0.201, 2.869, 0.804)
[INFO] [1791391769.880217, 113.696000]: State machine transitioning 'REFINE':'ok'-->'DEPLOY'
[INFO] [1791391769.883770, 113.699000]: [mission] DEPLOY: IK resolvida para a POSE DE MANIPULAÇÃO (0.20, 2.25, 1.57 rad), não para a atual
[INFO] [1791391774.703020, 116.518000]: [mission] DEPLOY: IK nivelada 0.0711 m, só eixo 0.0014 m — a MISSÃO INTEIRA usa "eixo"
[INFO] [1791391774.707573, 118.517000]: [mission] DEPLOY: IK da ponta resolvida (resíduo 0.0014 m, degrau 0.4°) — pré-posicionando em [-10.9 -46.6  60.   78.5 -10.9] graus
[INFO] [1791391783.641793, 127.320000]: [mission] plano de exclusão publicado: parede em [ 2.000e-03  2.999e+00 -1.000e-03], normal segura [-0.001 -1.     0.   ]
[INFO] [1791391783.851368, 127.527000]: [mission] teto por postura ativo no drive: v<=0.25 w<=0.50 rampa 0.54/1.60
[INFO] [1791391785.619114, 129.277000]: [mission] DEPLOY/aproxima: alinhado, avançando (0.32 m)
[INFO] [1791391789.530630, 133.127000]: [mission] DEPLOY/aproxima: chegou, ajustando heading final
[INFO] [1791391794.104332, 137.627000]: [mission] DEPLOY/aproxima: concluído
[INFO] [1791391794.105797, 137.628000]: State machine transitioning 'DEPLOY':'ok'-->'MANIPULATE'
[INFO] [1791391794.107443, 137.630000]: [mission] fase "orienta": modo IK iterativa (YAML)
[INFO] [1791391794.111269, 137.634000]: [mission] âncora engatada (fase "orienta")
[INFO] [1791391797.778363, 141.245000]: [mission] fase "orienta" it0: ponta (0.297, 2.729, 0.807) erro=0.0132 | degrau eixo 0.1° | rolagem 0.1° | IK pediu [-19.  -36.4  40.6  85.4 -14. ] | faltou [0. 0. 0. 0. 0.] graus
[INFO] [1791391797.783132, 141.250000]: [mission] âncora solta — 2 correções de deriva
[INFO] [1791391797.785850, 141.253000]: [mission] fase "orienta" alcançada em 1 iteração(ões) (0.0132 m) — âncora corrigiu 2 vez(es)
[INFO] [1791391798.305950, 141.760000]: [mission] fase "aproxima_lateral": modo IK iterativa (YAML)
[INFO] [1791391798.314914, 141.768000]: [mission] âncora engatada (fase "aproxima_lateral")
[INFO] [1791391802.682517, 146.075000]: [mission] fase "aproxima_lateral" it0: ponta (0.292, 2.871, 0.805) erro=0.0143 | degrau eixo 4.0° | rolagem 4.8° | IK pediu [-15.5 -14.4   0.   83.5 -10.6] | faltou [ 0.1 -6.1 12.1 -8.8 -0.4] graus
[INFO] [1791391802.684825, 146.078000]: [mission] fase "aproxima_lateral" it0: no frame da parede eixo=+0.4 prof=+10.7 alt=+9.6 mm (tolerância 40/8/5)
[INFO] [1791391805.252657, 148.586000]: [mission] fase "aproxima_lateral" it1: ponta (0.289, 2.854, 0.813) erro=0.0073 | degrau eixo 3.6° | rolagem 3.9° | IK pediu [-15.6 -14.    0.   85.8 -11. ] | faltou [ 0.3 -6.6 13.5 -8.3 -0.1] graus
[INFO] [1791391805.254717, 148.588000]: [mission] fase "aproxima_lateral" it1: no frame da parede eixo=-3.0 prof=-6.6 alt=+1.3 mm (tolerância 40/8/5)
[INFO] [1791391805.256035, 148.589000]: [mission] âncora solta — 4 correções de deriva
[INFO] [1791391805.257015, 148.590000]: [mission] fase "aproxima_lateral" alcançada em 2 iteração(ões) (0.0073 m) — âncora corrigiu 4 vez(es)
[INFO] [1791391805.762300, 149.094000]: [mission] fase "atravessa": modo IK iterativa (YAML)
[INFO] [1791391805.766630, 149.098000]: [mission] âncora engatada (fase "atravessa")
[INFO] [1791391808.744612, 152.005000]: [mission] fase "atravessa" it0: ponta (0.209, 2.866, 0.806) erro=0.0096 | degrau eixo 1.3° | rolagem 1.4° | IK pediu [ -8.4 -17.2   5.   84.1  -4. ] | faltou [ 0.1 -1.   1.  -0.9 -0. ] graus
[WARN] [1791391819.735284, 162.718000]: [mission] fase "destrava": descida estagnou em 15.3 mm (mín 10 para aceitar; alvo 18) — fim de curso do mecanismo, fechando a fase
[WARN] [1791391855.041672, 197.519000]: [mission] RETRACT: ponta a 0.142 m do olhal — saindo em degraus: sobe 30 mm, 120 mm pelo eixo do furo, 100 mm para fora, antes de recolher
[INFO] [1791391808.747490, 152.009000]: [mission] fase "atravessa" it0: no frame da parede eixo=-0.6 prof=+4.8 alt=+8.3 mm (tolerância 8/6/5)
[INFO] [1791391811.070169, 154.280000]: [mission] fase "atravessa" it1: ponta (0.209, 2.863, 0.810) erro=0.0054 | degrau eixo 1.2° | rolagem 1.4° | IK pediu [ -8.5 -15.5   2.5  86.6  -4.2] | faltou [ 0.1 -1.8  1.7 -2.2  0.1] graus
[INFO] [1791391811.072500, 154.283000]: [mission] fase "atravessa" it1: no frame da parede eixo=-0.6 prof=+2.6 alt=+4.7 mm (tolerância 8/6/5)
[INFO] [1791391811.073674, 154.284000]: [mission] âncora solta — 2 correções de deriva
[INFO] [1791391811.074636, 154.285000]: [mission] fase "atravessa" alcançada em 2 iteração(ões) (0.0054 m) — âncora corrigiu 2 vez(es)
[INFO] [1791391811.587661, 154.790000]: [mission] fase "captura": modo IK iterativa (YAML)
[INFO] [1791391811.591272, 154.793000]: [mission] âncora engatada (fase "captura")
[INFO] [1791391816.557471, 159.597000]: [mission] fase "captura" it0: ponta (0.209, 2.871, 0.791) erro=0.0081 | degrau eixo 1.2° | rolagem 1.2° | IK pediu [ -7.7 -18.1   1.8  86.4  -3.3] | faltou [ -0.7   5.4 -12.8   7.4  -0. ] graus
[INFO] [1791391816.560267, 159.600000]: [mission] fase "captura" it0: no frame da parede eixo=+7.1 prof=+1.8 alt=+3.6 mm (tolerância 40/6/10)
[INFO] [1791391816.561768, 159.601000]: [mission] âncora solta — 2 correções de deriva
[INFO] [1791391816.563998, 159.603000]: [mission] fase "captura" alcançada em 1 iteração(ões) (0.0081 m) — âncora corrigiu 2 vez(es)
[INFO] [1791391816.574638, 159.613000]: [mission] captura: ponta registrada em eixo=-7.1 prof=-1.8 alt=-13.5 mm (zero da descida do destrava e da deriva de eixo)
[INFO] [1791391817.093029, 160.114000]: [mission] fase "destrava": alvo em altura relativo à captura: -33.5 mm (captura -13.5 − curso 18 − margem 2)
[INFO] [1791391817.094273, 160.115000]: [mission] fase "destrava": modo whole-body/Fuzzy (YAML)
[INFO] [1791391817.298306, 160.316000]: [mission] plano de exclusão publicado: parede em [ 2.000e-03  2.999e+00 -1.000e-03], normal segura [-0.001 -1.     0.   ]
[INFO] [1791391817.600925, 160.618000]: [mission] fase "destrava": whole-body assumiu (base livre, restrita pelo plano de exclusão)
[INFO] [1791391817.602089, 160.619000]: [mission] fase "destrava": whole-body a 0.0188 m do alvo — eixo=+7.1 prof=+1.0 alt=-17.4 mm
[INFO] [1791391819.949398, 162.926000]: [mission] destrava: ponta desceu 15.3 mm desde a captura (critério observável) | lingueta 12.6 mm (só na simulação)
[INFO] [1791391819.950714, 162.927000]: [mission] destrava: lingueta em 12.6 mm — gatilho solto
[INFO] [1791391820.456936, 163.428000]: [mission] fase "libera": modo whole-body/Fuzzy (YAML)
[INFO] [1791391820.662259, 163.630000]: [mission] plano de exclusão publicado: parede em [ 2.000e-03  2.999e+00 -1.000e-03], normal segura [-0.001 -1.     0.   ]
[INFO] [1791391820.968116, 163.933000]: [mission] fase "libera": whole-body assumiu (base livre, restrita pelo plano de exclusão)
[INFO] [1791391820.969320, 163.934000]: [mission] fase "libera": whole-body a 0.0266 m do alvo — eixo=+7.0 prof=+25.3 alt=+4.6 mm
[INFO] [1791391823.087130, 166.033000]: [mission] fase "libera": whole-body a 0.0220 m do alvo — eixo=+6.9 prof=+18.3 alt=+10.1 mm
[INFO] [1791391825.202302, 168.133000]: [mission] fase "libera": whole-body a 0.0244 m do alvo — eixo=+6.9 prof=+20.4 alt=+11.5 mm
[INFO] [1791391827.360078, 170.233000]: [mission] fase "libera": whole-body a 0.0227 m do alvo — eixo=+6.9 prof=+17.8 alt=+12.4 mm
[INFO] [1791391829.479667, 172.333000]: [mission] fase "libera": whole-body a 0.0193 m do alvo — eixo=+7.2 prof=+12.7 alt=+12.6 mm
[INFO] [1791391831.599554, 174.433000]: [mission] fase "libera": whole-body a 0.0182 m do alvo — eixo=+7.4 prof=+10.8 alt=+12.6 mm
[INFO] [1791391833.729258, 176.533000]: [mission] fase "libera": whole-body a 0.0134 m do alvo — eixo=+7.0 prof=+7.6 alt=+8.6 mm
[INFO] [1791391834.938646, 177.733000]: [mission] fase "libera" alcançada por whole-body em 13.8s (0.0082 m) — no frame da parede eixo=+7.1 prof=+3.3 alt=+2.4 mm (tolerância 40/8/6)
[INFO] [1791391835.655555, 178.437000]: [mission] fase "arco1"/puxa: RECUANDO 0.022 m só com as rodas
[INFO] [1791391836.167221, 178.939000]: [mission] fase "arco1"/puxa: concluído (0.024 m)
[INFO] [1791391836.168793, 178.940000]: [mission] fase "arco1": modo whole-body/Fuzzy (YAML)
[INFO] [1791391836.373201, 179.142000]: [mission] plano de exclusão publicado: parede em [ 2.000e-03  2.999e+00 -1.000e-03], normal segura [-0.001 -1.     0.   ]
[INFO] [1791391836.679234, 179.446000]: [mission] fase "arco1": whole-body assumiu (base livre, restrita pelo plano de exclusão)
[INFO] [1791391836.682618, 179.449000]: [mission] fase "arco1": whole-body a 0.0187 m do alvo — eixo=+7.1 prof=-13.0 alt=-11.5 mm
[INFO] [1791391838.800932, 181.548000]: [mission] fase "arco1": whole-body a 0.0151 m do alvo — eixo=+7.1 prof=-10.7 alt=-8.0 mm
[INFO] [1791391840.213164, 182.949000]: [mission] fase "arco1" alcançada por whole-body em 3.5s (0.0123 m) — no frame da parede eixo=+7.0 prof=-9.2 alt=-4.2 mm (tolerância 40/10/15)
[INFO] [1791391840.215021, 182.950000]: [mission] arco1: SOLTURA observável — recuo 62.9 mm desde a captura (mín 40) com deriva de eixo +0.1 mm → SOLTA
[INFO] [1791391840.427371, 183.162000]: [mission] waypoint de 15° — lâmina medida em 16.3° (abertura por CONTATO)
[INFO] [1791391840.940900, 183.664000]: [mission] fase "arco2"/puxa: RECUANDO 0.048 m só com as rodas
[INFO] [1791391841.859065, 184.565000]: [mission] fase "arco2"/puxa: concluído (0.049 m)
[INFO] [1791391841.860213, 184.566000]: [mission] fase "arco2": modo whole-body/Fuzzy (YAML)
[INFO] [1791391842.066029, 184.768000]: [mission] plano de exclusão publicado: parede em [ 2.000e-03  2.999e+00 -1.000e-03], normal segura [-0.001 -1.     0.   ]
[INFO] [1791391842.374663, 185.073000]: [mission] fase "arco2": whole-body assumiu (base livre, restrita pelo plano de exclusão)
[INFO] [1791391842.376001, 185.074000]: [mission] fase "arco2": whole-body a 0.0153 m do alvo — eixo=+7.0 prof=-1.6 alt=-13.5 mm
[INFO] [1791391842.778450, 185.474000]: [mission] fase "arco2" alcançada por whole-body em 0.4s (0.0077 m) — no frame da parede eixo=+7.0 prof=-3.1 alt=-1.2 mm (tolerância 40/10/15)
[INFO] [1791391842.988038, 185.681000]: [mission] waypoint de 30° — lâmina medida em 31.2° (abertura por CONTATO)
[INFO] [1791391843.509400, 186.183000]: [mission] fase "desengata": modo IK iterativa (YAML)
[INFO] [1791391843.512555, 186.186000]: [mission] âncora engatada (fase "desengata")
[INFO] [1791391854.101199, 196.597000]: [mission] fase "desengata" it0: ponta (0.292, 2.776, 0.745) erro=0.0102 | degrau eixo 4.9° | rolagem 4.9° | IK pediu [-14.2 -20.5  -0.   82.   -9.1] | faltou [0. 0. 0. 0. 0.] graus
[INFO] [1791391854.105374, 196.602000]: [mission] âncora solta — 11 correções de deriva
[INFO] [1791391854.108030, 196.604000]: [mission] fase "desengata" alcançada em 1 iteração(ões) (0.0102 m) — âncora corrigiu 11 vez(es)
[INFO] [1791391854.631207, 197.117000]: [mission] MANIPULATE concluída — chave ABERTA, lâmina medida em 34.4°
[INFO] [1791391854.632229, 197.118000]: State machine transitioning 'MANIPULATE':'done'-->'RETRACT'
[INFO] [1791391855.047318, 197.524000]: [mission] âncora engatada (fase "saida_sobe")
[INFO] [1791391858.135320, 200.554000]: [mission] fase "saida_sobe" it0: ponta (0.293, 2.784, 0.769) erro=0.0089 | degrau eixo 4.8° | rolagem 4.8° | IK pediu [-14.2 -17.7   0.   80.   -9.2] | faltou [0. 0. 0. 0. 0.] graus
[INFO] [1791391858.140264, 200.558000]: [mission] fase "saida_sobe" it0: no frame da parede eixo=+0.7 prof=+6.2 alt=+6.4 mm (tolerância 30/20/10)
[INFO] [1791391858.145452, 200.565000]: [mission] âncora solta — 1 correções de deriva
[INFO] [1791391858.148224, 200.568000]: [mission] fase "saida_sobe" alcançada em 1 iteração(ões) (0.0089 m) — âncora corrigiu 1 vez(es)
[INFO] [1791391858.155429, 200.575000]: [mission] âncora engatada (fase "saida_eixo")
[INFO] [1791391861.600572, 203.955000]: [mission] fase "saida_eixo" it0: ponta (0.412, 2.783, 0.769) erro=0.0081 | degrau eixo 10.8° | rolagem 11.2° | IK pediu [-23.8 -15.9  -0.   72.8 -17. ] | faltou [ 0.1 -0.3 -0.3 -0.4  0.1] graus
[INFO] [1791391861.604270, 203.959000]: [mission] fase "saida_eixo" it0: no frame da parede eixo=-0.5 prof=+5.1 alt=+6.3 mm (tolerância 20/20/15)
[INFO] [1791391861.606360, 203.962000]: [mission] âncora solta — 2 correções de deriva
[INFO] [1791391861.608182, 203.963000]: [mission] fase "saida_eixo" alcançada em 1 iteração(ões) (0.0081 m) — âncora corrigiu 2 vez(es)
[INFO] [1791391861.613850, 203.969000]: [mission] âncora engatada (fase "saida_fora")
[INFO] [1791391865.124862, 207.417000]: [mission] fase "saida_fora" it0: ponta (0.412, 2.682, 0.770) erro=0.0067 | degrau eixo 5.7° | rolagem 5.9° | IK pediu [-27.2 -20.9  -0.   96.5 -22.8] | faltou [ 0.  -0.5 -0.2  0.   0.2] graus
[INFO] [1791391865.128350, 207.421000]: [mission] fase "saida_fora" it0: no frame da parede eixo=-0.3 prof=+4.1 alt=+5.3 mm (tolerância 30/20/20)
[INFO] [1791391865.130804, 207.424000]: [mission] âncora solta — 2 correções de deriva
[INFO] [1791391865.133721, 207.426000]: [mission] fase "saida_fora" alcançada em 1 iteração(ões) (0.0067 m) — âncora corrigiu 2 vez(es)
[INFO] [1791391865.135522, 207.428000]: [mission] RETRACT/afasta: RECUANDO 0.250 m só com as rodas
[INFO] [1791391869.665331, 211.879000]: [mission] RETRACT/afasta: concluído (0.251 m)
[INFO] [1791391869.667557, 211.881000]: [mission] postura "stow_home" comandada: [0.0, 1.13, -1.04, -1.8, 0.0]
[INFO] [1791391885.559571, 227.485000]: State machine transitioning 'RETRACT':'ok'-->'RETURN'
[INFO] [1791391885.560763, 227.486000]: [mission] RETURN — voltando a (0.01, 1.00, 0.01 rad)
[INFO] [1791391897.780350, 239.487000]: [mission] RETURN: alinhado, avançando (1.17 m)
[INFO] [1791391897.831388, 239.538000]: [mission] teto por postura ativo no drive: v<=0.23 w<=0.50 rampa 0.52/1.51
[INFO] [1791391906.786629, 248.337000]: [mission] RETURN: chegou, ajustando heading final
[INFO] [1791391906.837146, 248.387000]: [mission] teto por postura ativo no drive: v<=0.23 w<=0.50 rampa 0.52/1.51
[INFO] [1791391913.467616, 254.887000]: [mission] RETURN: concluído
[INFO] [1791391913.469659, 254.889000]: State machine terminating 'RETURN':'home':'MISSION_OK'
[INFO] [1791391913.470894, 254.890000]: [mission] resultado: MISSION_OK
... logging to /home/marco/.ros/log/c81f68fe-c26e-11f1-ad44-b025aa85b2a2/roslaunch-shiroi-3344801.log
Checking log directory for disk usage. This may take a while.
Press Ctrl-C to interrupt
]2;/home/marco/b166er/src/b166er_whole_body_control/launch/chave_mission.launch
[1mstarted roslaunch server http://shiroi:46867/[0m

SUMMARY
========

PARAMETERS
 * /chave_mission/estado_final: 
 * /chave_mission/estado_inicial: STOW_INIT
 * /chave_mission/pausa_por_fase: False
 * /chave_mission/search_omega: 0.35
 * /chave_mission/standoff_distance: 0.62
 * /chave_mission/use_wholebody: False
 * /chave_seccionadora_task/aproxima_lateral/modo: ik
 * /chave_seccionadora_task/aproxima_lateral/offset_xyz_m: [-0.09, 0.008, 0.01]
 * /chave_seccionadora_task/aproxima_lateral/tol_xyz_m: [0.04, 0.008, 0.005]
 * /chave_seccionadora_task/arco1/blade_angle_deg: 15
 * /chave_seccionadora_task/arco1/deriva_eixo_max_m: 0.015
 * /chave_seccionadora_task/arco1/modo: wb
 * /chave_seccionadora_task/arco1/offset_xyz_m: [0.0, 0.0518, -0....
 * /chave_seccionadora_task/arco1/soltura_recuo_min_m: 0.04
 * /chave_seccionadora_task/arco1/tol_xyz_m: [0.04, 0.01, 0.015]
 * /chave_seccionadora_task/arco2/blade_angle_deg: 30
 * /chave_seccionadora_task/arco2/deriva_eixo_max_m: 0.015
 * /chave_seccionadora_task/arco2/modo: wb
 * /chave_seccionadora_task/arco2/offset_xyz_m: [0.0, 0.1, -0.0518]
 * /chave_seccionadora_task/arco2/tol_xyz_m: [0.04, 0.01, 0.015]
 * /chave_seccionadora_task/atravessa/modo: ik
 * /chave_seccionadora_task/atravessa/offset_xyz_m: [-0.008, 0.008, 0...
 * /chave_seccionadora_task/atravessa/tol_xyz_m: [0.008, 0.006, 0....
 * /chave_seccionadora_task/captura/modo: ik
 * /chave_seccionadora_task/captura/offset_xyz_m: [0.0, 0.0, -0.01]
 * /chave_seccionadora_task/captura/tol_xyz_m: [0.04, 0.006, 0.01]
 * /chave_seccionadora_task/desengata/modo: ik
 * /chave_seccionadora_task/desengata/offset_xyz_m: [-0.09, 0.1, -0.0...
 * /chave_seccionadora_task/destrava/curso_estagna_m: 0.01
 * /chave_seccionadora_task/destrava/curso_margem_m: 0.002
 * /chave_seccionadora_task/destrava/curso_min_m: 0.018
 * /chave_seccionadora_task/destrava/curso_teto_m: 0.022
 * /chave_seccionadora_task/destrava/modo: wb
 * /chave_seccionadora_task/destrava/offset_xyz_m: [0.0, 0.0, -0.025]
 * /chave_seccionadora_task/destrava/tol_xyz_m: [0.04, 0.006, 0.004]
 * /chave_seccionadora_task/libera/deriva_eixo_max_m: 0.015
 * /chave_seccionadora_task/libera/modo: wb
 * /chave_seccionadora_task/libera/offset_xyz_m: [0.0, 0.03, -0.025]
 * /chave_seccionadora_task/libera/tol_xyz_m: [0.04, 0.008, 0.006]
 * /chave_seccionadora_task/orienta/modo: ik
 * /chave_seccionadora_task/orienta/offset_xyz_m: [-0.09, 0.15, 0.0...
 * /chave_seccionadora_task/reassenta_sobe/tol_xyz_m: [0.03, 0.02, 0.005]
 * /chave_seccionadora_task/saida_eixo/tol_xyz_m: [0.02, 0.02, 0.015]
 * /chave_seccionadora_task/saida_fora/tol_xyz_m: [0.03, 0.02, 0.02]
 * /chave_seccionadora_task/saida_sobe/tol_xyz_m: [0.03, 0.02, 0.01]
 * /chave_seccionadora_task/target_frame: chave_olhal_link
 * /fuzzy_wb_controller/fixed_gains: []
 * /rosdistro: noetic
 * /rosversion: 1.17.4

NODES
  /
    chave_mission (b166er_whole_body_control/chave_mission.py)

[1mROS_MASTER_URI=http://localhost:11311[0m
]2;/home/marco/b166er/src/b166er_whole_body_control/launch/chave_mission.launch http://localhost:11311
[1mprocess[chave_mission-1]: started with pid [3344849][0m
[1m[chave_mission-1] process has finished cleanly
log file: /home/marco/.ros/log/c81f68fe-c26e-11f1-ad44-b025aa85b2a2/chave_mission-1*.log[0m
all processes on machine have died, roslaunch will exit
shutting down processing monitor...
... shutting down processing monitor complete
[1mdone[0m
