[31mWARNING: disk usage in log directory [/home/marco/.ros/log] is over 1GB.
It's recommended that you use the 'rosclean' command.[0m
the rosdep view is empty: call 'sudo rosdep init' and 'rosdep update'
[WARN] [1790804199.951626, 934.516000]: [mission] SEARCH: 5 de 25 amostras descartadas como outlier (>0.15 m ou >0.20 rad da mediana)
[INFO] [1790804178.982667, 913.790000]: garra_dx = 0.000 m (fechada)
[INFO] [1790804179.072990, 913.882000]: State machine starting in initial state 'STOW_INIT' with userdata: 
	[]
[INFO] [1790804179.376831, 914.183000]: [mission] pose de partida registrada: (0.01, 1.00, 0.00 rad)
[INFO] [1790804179.378139, 914.184000]: [mission] postura "stow_home" comandada: [0.0, 1.13, -1.04, -1.8, 0.0]
[INFO] [1790804179.479594, 914.285000]: State machine transitioning 'STOW_INIT':'ok'-->'SEARCH'
[INFO] [1790804179.482069, 914.286000]: [mission] postura "search" comandada: [0.0, 1.0, -1.0, 0.0, 0.0]
[INFO] [1790804185.542289, 920.290000]: [mission] SEARCH — girando à procura da tag...
[INFO] [1790804185.544379, 920.292000]: [mission] SEARCH: amostra quando a tag estiver a raio 0.35-0.50 do quadro (vista oblíqua; omega fina 0.15 rad/s)
[INFO] [1790804186.909482, 921.643000]: [mission] SEARCH: tag a raio 0.92 — girando até <= 0.50
[INFO] [1790804193.615496, 928.246000]: [mission] SEARCH: tag a raio 0.50 — parando
[INFO] [1790804193.617835, 928.248000]: [mission] tag avistada — parando para medir
[INFO] [1790804194.636600, 929.255000]: [mission] âncora engatada (coleta do SEARCH)
[INFO] [1790804194.638088, 929.256000]: [mission] SEARCH: coleta com dither ±0.05 rad/s (período 3.0 s)
[INFO] [1790804199.937698, 934.503000]: [mission] âncora solta — 8 correções de deriva
[INFO] [1790804199.940177, 934.506000]: [mission] SEARCH: âncora corrigiu a deriva 8 vez(es) durante a coleta
[INFO] [1790804199.952912, 934.519000]: [mission] SEARCH: 20 amostras — parede (0.034, 3.092, 0.000) yaw=2.830
[INFO] [1790804199.954201, 934.520000]: [mission] parede localizada em (0.034, 3.092, 0.000)
[INFO] [1790804199.958456, 934.524000]: State machine transitioning 'SEARCH':'found'-->'APPROACH'
[INFO] [1790804199.959794, 934.526000]: [mission] APPROACH etapa 1/2 — 1.30 m do olhal, alvo (-0.21, 1.67, 1.26 rad)
[INFO] [1790804199.961315, 934.527000]: [mission] teto por postura ativo no drive: v<=0.17 w<=0.50 rampa 0.45/1.52
[INFO] [1790804205.156404, 939.677000]: [mission] APPROACH: alinhado, avançando (0.89 m)
[INFO] [1790804205.207474, 939.727000]: [mission] teto por postura ativo no drive: v<=0.17 w<=0.50 rampa 0.45/1.52
[INFO] [1790804212.336291, 946.777000]: [mission] APPROACH: chegou, ajustando heading final
[INFO] [1790804212.385909, 946.827000]: [mission] teto por postura ativo no drive: v<=0.17 w<=0.50 rampa 0.45/1.52
[INFO] [1790804216.168535, 950.577000]: [mission] APPROACH: concluído
[INFO] [1790804217.185396, 951.581000]: [mission] âncora engatada (coleta do APPROACH/remedida)
[INFO] [1790804217.188399, 951.584000]: [mission] APPROACH/remedida: coleta com dither ±0.05 rad/s (período 3.0 s)
[INFO] [1790804218.341285, 952.728000]: [mission] âncora solta — 1 correções de deriva
[INFO] [1790804218.342936, 952.729000]: [mission] APPROACH/remedida: âncora corrigiu a deriva 1 vez(es) durante a coleta
[INFO] [1790804218.344542, 952.730000]: [mission] APPROACH/remedida: 10 amostras — parede (0.009, 3.021, -0.003) yaw=3.104
[INFO] [1790804218.345811, 952.732000]: [mission] APPROACH etapa 2/2 — 0.88 m do olhal, alvo (0.34, 2.00, 1.53 rad)
[INFO] [1790804218.347700, 952.734000]: [mission] teto por postura ativo no drive: v<=0.17 w<=0.50 rampa 0.45/1.52
[INFO] [1790804221.531347, 955.884000]: [mission] APPROACH: alinhado, avançando (0.77 m)
[INFO] [1790804227.996242, 962.284000]: [mission] APPROACH: chegou, ajustando heading final
[INFO] [1790804228.046408, 962.334000]: [mission] teto por postura ativo no drive: v<=0.17 w<=0.50 rampa 0.45/1.52
[INFO] [1790804234.499936, 968.734000]: [mission] APPROACH: concluído
[INFO] [1790804234.502541, 968.736000]: State machine transitioning 'APPROACH':'arrived'-->'REFINE'
[INFO] [1790804234.503640, 968.738000]: [mission] REFINE — remedindo a parede de perto (10 amostras)
[INFO] [1790804234.505250, 968.739000]: [mission] âncora engatada (coleta do REFINE)
[INFO] [1790804234.505932, 968.740000]: [mission] REFINE: coleta com dither ±0.05 rad/s (período 3.0 s)
[INFO] [1790804235.641168, 969.860000]: [mission] âncora solta — 1 correções de deriva
[INFO] [1790804235.642442, 969.861000]: [mission] REFINE: âncora corrigiu a deriva 1 vez(es) durante a coleta
[INFO] [1790804235.644323, 969.863000]: [mission] REFINE: 10 amostras — parede (0.002, 3.003, -0.001) yaw=3.135
[INFO] [1790804235.645368, 969.864000]: [mission] REFINE: deslocou 0.019 m da estimativa anterior
[INFO] [1790804235.646568, 969.865000]: [mission] olhal estimado em (0.201, 2.872, 0.804)
[INFO] [1790804235.651231, 969.870000]: State machine transitioning 'REFINE':'ok'-->'DEPLOY'
[INFO] [1790804235.652592, 969.871000]: [mission] DEPLOY: IK resolvida para a POSE DE MANIPULAÇÃO (0.20, 2.25, 1.56 rad), não para a atual
[INFO] [1790804240.536359, 974.612000]: [mission] DEPLOY: IK nivelada 0.0710 m, só eixo 0.0014 m — a MISSÃO INTEIRA usa "eixo"
[INFO] [1790804240.538051, 974.751000]: [mission] DEPLOY: IK da ponta resolvida (resíduo 0.0014 m, degrau 0.4°) — pré-posicionando em [-10.9 -46.5  60.   78.5  79.1] graus
[INFO] [1790804247.553164, 981.652000]: [mission] plano de exclusão publicado: parede em [ 2.000e-03  3.003e+00 -1.000e-03], normal segura [-0.006 -1.     0.   ]
[INFO] [1790804247.756569, 981.860000]: [mission] teto por postura ativo no drive: v<=0.23 w<=0.50 rampa 0.52/1.64
[INFO] [1790804251.352517, 985.410000]: [mission] DEPLOY/aproxima: alinhado, avançando (0.43 m)
[INFO] [1790804255.617198, 989.610000]: [mission] DEPLOY/aproxima: chegou, ajustando heading final
[INFO] [1790804260.341918, 994.260000]: [mission] DEPLOY/aproxima: concluído
[INFO] [1790804260.344613, 994.263000]: State machine transitioning 'DEPLOY':'ok'-->'MANIPULATE'
[INFO] [1790804260.347146, 994.265000]: [mission] fase "orienta": modo IK iterativa (YAML)
[INFO] [1790804260.351144, 994.269000]: [mission] âncora engatada (fase "orienta")
[INFO] [1790804263.505112, 997.374000]: [mission] fase "orienta" it0: ponta (0.294, 2.727, 0.810) erro=0.0072 | degrau eixo 0.1° | rolagem 0.2° | IK pediu [-20.3 -30.8  29.3  90.7  74.3] | faltou [0. 0. 0. 0. 0.] graus
[INFO] [1790804263.507374, 997.377000]: [mission] âncora solta — 3 correções de deriva
[INFO] [1790804263.508665, 997.378000]: [mission] fase "orienta" alcançada em 1 iteração(ões) (0.0072 m) — âncora corrigiu 3 vez(es)
[INFO] [1790804264.019178, 997.884000]: [mission] fase "aproxima_lateral": modo IK iterativa (YAML)
[INFO] [1790804264.024561, 997.889000]: [mission] âncora engatada (fase "aproxima_lateral")
[INFO] [1790804267.161826, 1000.996000]: [mission] fase "aproxima_lateral" it0: ponta (0.289, 2.869, 0.809) erro=0.0079 | degrau eixo 5.0° | rolagem 5.2° | IK pediu [-16.6 -13.8   0.   80.2  78.4] | faltou [ 0.  -0.3 -0.2 -0.1 -0. ] graus
[INFO] [1790804267.168658, 1001.002000]: [mission] fase "aproxima_lateral" it0: no frame da parede eixo=-2.3 prof=+6.0 alt=+4.6 mm (tolerância 40/8/5)
[INFO] [1790804267.172179, 1001.007000]: [mission] âncora solta — 1 correções de deriva
[INFO] [1790804267.174451, 1001.009000]: [mission] fase "aproxima_lateral" alcançada em 1 iteração(ões) (0.0079 m) — âncora corrigiu 1 vez(es)
[INFO] [1790804267.689061, 1001.516000]: [mission] fase "atravessa": modo IK iterativa (YAML)
[INFO] [1790804267.695156, 1001.522000]: [mission] âncora engatada (fase "atravessa")
[INFO] [1790804269.488619, 1003.293000]: [mission] fase "atravessa" it0: ponta (0.209, 2.868, 0.810) erro=0.0059 | degrau eixo 1.9° | rolagem 2.3° | IK pediu [-10.  -14.6   0.2  84.   84.8] | faltou [-0.2 -0.2 -0.4 -0.5 -0.6] graus
[INFO] [1790804269.490853, 1003.295000]: [mission] fase "atravessa" it0: no frame da parede eixo=-0.1 prof=+4.3 alt=+4.1 mm (tolerância 8/6/5)
[INFO] [1790804269.492288, 1003.297000]: [mission] fase "atravessa" alcançada em 1 iteração(ões) (0.0059 m)
[INFO] [1790804270.003422, 1003.801000]: [mission] fase "captura": modo IK iterativa (YAML)
[INFO] [1790804270.007534, 1003.805000]: [mission] âncora engatada (fase "captura")
[INFO] [1790804271.552270, 1005.308000]: [mission] fase "captura" it0: ponta (0.209, 2.873, 0.792) erro=0.0078 | degrau eixo 1.8° | rolagem 1.9° | IK pediu [ -9.6 -16.6  -0.1  84.   85.6] | faltou [-0.7 -0.2 -0.1 -0.1 -0.2] graus
[WARN] [1790804275.008517, 1008.729000]: [mission] fase "destrava": descida estagnou em 11.7 mm (mín 10 para aceitar; alvo 18) — fim de curso do mecanismo, fechando a fase
[WARN] [1790804275.220886, 1008.937000]: [mission] destrava: lingueta em 5.7 mm (esperado ≥ 12) — o gatilho pode não ter soltado
[WARN] [1790804291.616963, 1025.123000]: [mission] RETRACT: ponta a 0.139 m do olhal — saindo em degraus: sobe 30 mm, 120 mm pelo eixo do furo, 100 mm para fora, antes de recolher
[INFO] [1790804271.555066, 1005.311000]: [mission] fase "captura" it0: no frame da parede eixo=+7.5 prof=+0.9 alt=+1.8 mm (tolerância 40/6/10)
[INFO] [1790804271.556764, 1005.313000]: [mission] fase "captura" alcançada em 1 iteração(ões) (0.0078 m)
[INFO] [1790804271.561899, 1005.318000]: [mission] captura: ponta registrada em eixo=-7.5 prof=-0.9 alt=-11.8 mm (zero da descida do destrava e da deriva de eixo)
[INFO] [1790804272.061964, 1005.819000]: [mission] fase "destrava": alvo em altura relativo à captura: -31.8 mm (captura -11.8 − curso 18 − margem 2)
[INFO] [1790804272.064507, 1005.821000]: [mission] fase "destrava": modo whole-body/Fuzzy (YAML)
[INFO] [1790804272.271733, 1006.024000]: [mission] plano de exclusão publicado: parede em [ 2.000e-03  3.003e+00 -1.000e-03], normal segura [-0.006 -1.     0.   ]
[INFO] [1790804272.582720, 1006.328000]: [mission] fase "destrava": whole-body assumiu (base livre, restrita pelo plano de exclusão)
[INFO] [1790804272.584458, 1006.329000]: [mission] fase "destrava": whole-body a 0.0205 m do alvo — eixo=+7.5 prof=+0.6 alt=-19.0 mm
[INFO] [1790804274.707576, 1008.429000]: [mission] fase "destrava": whole-body a 0.0119 m do alvo — eixo=+7.2 prof=-3.4 alt=-8.8 mm
[INFO] [1790804275.219898, 1008.936000]: [mission] destrava: ponta desceu 11.2 mm desde a captura (critério observável) | lingueta 5.7 mm (só na simulação)
[INFO] [1790804275.727035, 1009.438000]: [mission] fase "libera": modo whole-body/Fuzzy (YAML)
[INFO] [1790804275.939766, 1009.641000]: [mission] plano de exclusão publicado: parede em [ 2.000e-03  3.003e+00 -1.000e-03], normal segura [-0.006 -1.     0.   ]
[INFO] [1790804276.245277, 1009.945000]: [mission] fase "libera": whole-body assumiu (base livre, restrita pelo plano de exclusão)
[INFO] [1790804276.754089, 1010.445000]: [mission] fase "libera": whole-body a 0.0248 m do alvo — eixo=+7.2 prof=+23.3 alt=+4.9 mm
[INFO] [1790804278.883809, 1012.545000]: [mission] fase "libera": whole-body a 0.0127 m do alvo — eixo=+7.3 prof=+5.2 alt=+9.0 mm
[INFO] [1790804281.005666, 1014.645000]: [mission] fase "libera": whole-body a 0.0165 m do alvo — eixo=+7.4 prof=-13.7 alt=-5.5 mm
[INFO] [1790804283.117568, 1016.745000]: [mission] fase "libera" alcançada por whole-body em 6.8s (0.0075 m) — no frame da parede eixo=+7.3 prof=-0.9 alt=-1.6 mm (tolerância 40/8/6)
[INFO] [1790804283.839479, 1017.448000]: [mission] fase "arco1"/puxa: RECUANDO 0.022 m só com as rodas
[INFO] [1790804284.348520, 1017.949000]: [mission] fase "arco1"/puxa: concluído (0.024 m)
[INFO] [1790804284.350095, 1017.950000]: [mission] fase "arco1": modo whole-body/Fuzzy (YAML)
[INFO] [1790804284.554807, 1018.152000]: [mission] plano de exclusão publicado: parede em [ 2.000e-03  3.003e+00 -1.000e-03], normal segura [-0.006 -1.     0.   ]
[INFO] [1790804284.861137, 1018.456000]: [mission] fase "arco1": whole-body assumiu (base livre, restrita pelo plano de exclusão)
[INFO] [1790804284.864040, 1018.458000]: [mission] fase "arco1": whole-body a 0.0090 m do alvo — eixo=+7.4 prof=-1.3 alt=-4.9 mm
[INFO] [1790804285.265650, 1018.857000]: [mission] fase "arco1" alcançada por whole-body em 0.4s (0.0092 m) — no frame da parede eixo=+7.4 prof=-2.7 alt=-4.7 mm (tolerância 40/10/15)
[INFO] [1790804285.267178, 1018.859000]: [mission] arco1: SOLTURA observável — recuo 55.4 mm desde a captura (mín 40) com deriva de eixo +0.1 mm → SOLTA
[INFO] [1790804285.479871, 1019.069000]: [mission] waypoint de 15° — lâmina medida em 14.6° (abertura por CONTATO)
[INFO] [1790804285.989573, 1019.570000]: [mission] fase "arco2"/puxa: RECUANDO 0.048 m só com as rodas
[INFO] [1790804286.912813, 1020.473000]: [mission] fase "arco2"/puxa: concluído (0.048 m)
[INFO] [1790804286.914734, 1020.475000]: [mission] fase "arco2": modo whole-body/Fuzzy (YAML)
[INFO] [1790804287.122398, 1020.677000]: [mission] plano de exclusão publicado: parede em [ 2.000e-03  3.003e+00 -1.000e-03], normal segura [-0.006 -1.     0.   ]
[INFO] [1790804287.428539, 1020.981000]: [mission] fase "arco2": whole-body assumiu (base livre, restrita pelo plano de exclusão)
[INFO] [1790804287.429958, 1020.982000]: [mission] fase "arco2": whole-body a 0.0161 m do alvo — eixo=+7.6 prof=+1.8 alt=-14.1 mm
[INFO] [1790804287.832160, 1021.381000]: [mission] fase "arco2" alcançada por whole-body em 0.4s (0.0164 m) — no frame da parede eixo=+7.8 prof=-2.3 alt=-14.3 mm (tolerância 40/10/15)
[INFO] [1790804288.045073, 1021.591000]: [mission] waypoint de 30° — lâmina medida em 28.6° (abertura por CONTATO)
[INFO] [1790804288.552651, 1022.093000]: [mission] fase "desengata": modo IK iterativa (YAML)
[INFO] [1790804288.555806, 1022.096000]: [mission] âncora engatada (fase "desengata")
[INFO] [1790804290.680026, 1024.199000]: [mission] fase "desengata" it0: ponta (0.290, 2.779, 0.747) erro=0.0091 | degrau eixo 5.1° | rolagem 5.3° | IK pediu [-17.9 -20.7  -0.   82.5  80.5] | faltou [ 0.2 -0.2 -0.3 -0.4 -0. ] graus
[INFO] [1790804290.685222, 1024.205000]: [mission] fase "desengata" alcançada em 1 iteração(ões) (0.0091 m)
[INFO] [1790804291.206291, 1024.718000]: [mission] MANIPULATE concluída — chave ABERTA, lâmina medida em 29.1°
[INFO] [1790804291.208658, 1024.721000]: State machine transitioning 'MANIPULATE':'done'-->'RETRACT'
[INFO] [1790804291.621335, 1025.127000]: [mission] âncora engatada (fase "saida_sobe")
[INFO] [1790804293.180052, 1026.672000]: [mission] fase "saida_sobe" it0: ponta (0.289, 2.788, 0.772) erro=0.0085 | degrau eixo 4.9° | rolagem 5.0° | IK pediu [-17.9 -17.6   0.   80.6  80.4] | faltou [ 0.  -0.4 -0.2 -0.1  0. ] graus
[INFO] [1790804293.182233, 1026.674000]: [mission] fase "saida_sobe" it0: no frame da parede eixo=-0.7 prof=+6.7 alt=+5.1 mm (tolerância 30/20/10)
[INFO] [1790804293.183469, 1026.676000]: [mission] fase "saida_sobe" alcançada em 1 iteração(ões) (0.0085 m)
[INFO] [1790804293.186344, 1026.678000]: [mission] âncora engatada (fase "saida_eixo")
[INFO] [1790804295.150546, 1028.626000]: [mission] fase "saida_eixo" it0: ponta (0.409, 2.788, 0.771) erro=0.0105 | degrau eixo 10.9° | rolagem 11.4° | IK pediu [-27.6 -15.8  -0.   72.8  72.6] | faltou [ 0.2 -0.3 -0.4 -0.5 -0. ] graus
[INFO] [1790804295.151715, 1028.627000]: [mission] fase "saida_eixo" it0: no frame da parede eixo=-1.5 prof=+8.1 alt=+6.4 mm (tolerância 20/20/15)
[INFO] [1790804295.152350, 1028.628000]: [mission] fase "saida_eixo" alcançada em 1 iteração(ões) (0.0105 m)
[INFO] [1790804295.153953, 1028.629000]: [mission] âncora engatada (fase "saida_fora")
[INFO] [1790804297.990431, 1031.431000]: [mission] fase "saida_fora" it0: ponta (0.408, 2.687, 0.774) erro=0.0071 | degrau eixo 5.6° | rolagem 6.1° | IK pediu [-31.2 -20.7   0.   96.7  66.7] | faltou [ 0.1 -0.1 -0.4 -0.6  0. ] graus
[INFO] [1790804297.993235, 1031.434000]: [mission] fase "saida_fora" it0: no frame da parede eixo=-1.7 prof=+6.4 alt=+2.7 mm (tolerância 30/20/20)
[INFO] [1790804297.994558, 1031.436000]: [mission] âncora solta — 1 correções de deriva
[INFO] [1790804297.995752, 1031.437000]: [mission] fase "saida_fora" alcançada em 1 iteração(ões) (0.0071 m) — âncora corrigiu 1 vez(es)
[INFO] [1790804297.996877, 1031.438000]: [mission] RETRACT/afasta: RECUANDO 0.250 m só com as rodas
[INFO] [1790804302.599379, 1035.989000]: [mission] RETRACT/afasta: concluído (0.252 m)
[INFO] [1790804302.602675, 1035.992000]: [mission] postura "stow_home" comandada: [0.0, 1.13, -1.04, -1.8, 0.0]
[INFO] [1790804314.457258, 1047.694000]: State machine transitioning 'RETRACT':'ok'-->'RETURN'
[INFO] [1790804314.458656, 1047.695000]: [mission] RETURN — voltando a (0.01, 1.00, 0.00 rad)
[INFO] [1790804327.144490, 1060.196000]: [mission] RETURN: alinhado, avançando (1.14 m)
[INFO] [1790804327.196424, 1060.246000]: [mission] teto por postura ativo no drive: v<=0.23 w<=0.50 rampa 0.51/1.52
[INFO] [1790804336.103670, 1069.046000]: [mission] RETURN: chegou, ajustando heading final
[INFO] [1790804336.153890, 1069.096000]: [mission] teto por postura ativo no drive: v<=0.23 w<=0.50 rampa 0.51/1.52
[INFO] [1790804347.195886, 1079.996000]: [mission] RETURN: concluído
[INFO] [1790804347.197703, 1079.998000]: State machine terminating 'RETURN':'home':'MISSION_OK'
[INFO] [1790804347.199993, 1080.000000]: [mission] resultado: MISSION_OK
... logging to /home/marco/.ros/log/cc1c093a-bd14-11f1-87aa-b025aa85b2a2/roslaunch-shiroi-2250367.log
Checking log directory for disk usage. This may take a while.
Press Ctrl-C to interrupt
]2;/home/marco/b166er/src/b166er_whole_body_control/launch/chave_mission.launch
[1mstarted roslaunch server http://shiroi:40855/[0m

SUMMARY
========

PARAMETERS
 * /chave_mission/estado_final: 
 * /chave_mission/estado_inicial: STOW_INIT
 * /chave_mission/pausa_por_fase: False
 * /chave_mission/search_omega: 0.35
 * /chave_mission/standoff_distance: 0.62
 * /chave_mission/use_wholebody: False
 * /chave_seccionadora_task/aproxima_lateral/modo: ik
 * /chave_seccionadora_task/aproxima_lateral/offset_xyz_m: [-0.09, 0.008, 0.01]
 * /chave_seccionadora_task/aproxima_lateral/tol_xyz_m: [0.04, 0.008, 0.005]
 * /chave_seccionadora_task/arco1/blade_angle_deg: 15
 * /chave_seccionadora_task/arco1/deriva_eixo_max_m: 0.015
 * /chave_seccionadora_task/arco1/modo: wb
 * /chave_seccionadora_task/arco1/offset_xyz_m: [0.0, 0.0518, -0....
 * /chave_seccionadora_task/arco1/soltura_recuo_min_m: 0.04
 * /chave_seccionadora_task/arco1/tol_xyz_m: [0.04, 0.01, 0.015]
 * /chave_seccionadora_task/arco2/blade_angle_deg: 30
 * /chave_seccionadora_task/arco2/deriva_eixo_max_m: 0.015
 * /chave_seccionadora_task/arco2/modo: wb
 * /chave_seccionadora_task/arco2/offset_xyz_m: [0.0, 0.1, -0.0518]
 * /chave_seccionadora_task/arco2/tol_xyz_m: [0.04, 0.01, 0.015]
 * /chave_seccionadora_task/atravessa/modo: ik
 * /chave_seccionadora_task/atravessa/offset_xyz_m: [-0.008, 0.008, 0...
 * /chave_seccionadora_task/atravessa/tol_xyz_m: [0.008, 0.006, 0....
 * /chave_seccionadora_task/captura/modo: ik
 * /chave_seccionadora_task/captura/offset_xyz_m: [0.0, 0.0, -0.01]
 * /chave_seccionadora_task/captura/tol_xyz_m: [0.04, 0.006, 0.01]
 * /chave_seccionadora_task/desengata/modo: ik
 * /chave_seccionadora_task/desengata/offset_xyz_m: [-0.09, 0.1, -0.0...
 * /chave_seccionadora_task/destrava/curso_estagna_m: 0.01
 * /chave_seccionadora_task/destrava/curso_margem_m: 0.002
 * /chave_seccionadora_task/destrava/curso_min_m: 0.018
 * /chave_seccionadora_task/destrava/modo: wb
 * /chave_seccionadora_task/destrava/offset_xyz_m: [0.0, 0.0, -0.025]
 * /chave_seccionadora_task/destrava/tol_xyz_m: [0.04, 0.006, 0.004]
 * /chave_seccionadora_task/libera/deriva_eixo_max_m: 0.015
 * /chave_seccionadora_task/libera/modo: wb
 * /chave_seccionadora_task/libera/offset_xyz_m: [0.0, 0.03, -0.025]
 * /chave_seccionadora_task/libera/tol_xyz_m: [0.04, 0.008, 0.006]
 * /chave_seccionadora_task/orienta/modo: ik
 * /chave_seccionadora_task/orienta/offset_xyz_m: [-0.09, 0.15, 0.0...
 * /chave_seccionadora_task/reassenta_sobe/tol_xyz_m: [0.03, 0.02, 0.005]
 * /chave_seccionadora_task/saida_eixo/tol_xyz_m: [0.02, 0.02, 0.015]
 * /chave_seccionadora_task/saida_fora/tol_xyz_m: [0.03, 0.02, 0.02]
 * /chave_seccionadora_task/saida_sobe/tol_xyz_m: [0.03, 0.02, 0.01]
 * /chave_seccionadora_task/target_frame: chave_olhal_link
 * /fuzzy_wb_controller/fixed_gains: []
 * /rosdistro: noetic
 * /rosversion: 1.17.4

NODES
  /
    chave_mission (b166er_whole_body_control/chave_mission.py)

[1mROS_MASTER_URI=http://localhost:11311[0m
]2;/home/marco/b166er/src/b166er_whole_body_control/launch/chave_mission.launch http://localhost:11311
[1mprocess[chave_mission-1]: started with pid [2250413][0m
[1m[chave_mission-1] process has finished cleanly
log file: /home/marco/.ros/log/cc1c093a-bd14-11f1-87aa-b025aa85b2a2/chave_mission-1*.log[0m
all processes on machine have died, roslaunch will exit
shutting down processing monitor...
... shutting down processing monitor complete
[1mdone[0m
