[31mWARNING: disk usage in log directory [/home/marco/.ros/log] is over 1GB.
It's recommended that you use the 'rosclean' command.[0m
the rosdep view is empty: call 'sudo rosdep init' and 'rosdep update'
[WARN] [1790791316.934985, 506.784000]: [mission] SEARCH: ajuste não convergiu em 8s (raio 0.60) — amostrando assim mesmo
[WARN] [1790791322.555846, 512.329000]: [mission] SEARCH: 11 de 25 amostras descartadas como outlier (>0.15 m ou >0.20 rad da mediana)
[INFO] [1790791300.639980, 490.707000]: garra_dx = 0.030 m (aberta)
[INFO] [1790791300.706507, 490.766000]: State machine starting in initial state 'STOW_INIT' with userdata: 
	[]
[INFO] [1790791300.907820, 490.976000]: [mission] pose de partida registrada: (0.00, 1.00, -0.02 rad)
[INFO] [1790791300.909755, 490.978000]: [mission] postura "stow_home" comandada: [0.0, 1.13, -1.04, -1.8, 0.0]
[INFO] [1790791301.011171, 491.079000]: State machine transitioning 'STOW_INIT':'ok'-->'SEARCH'
[INFO] [1790791301.013052, 491.080000]: [mission] postura "search" comandada: [0.0, 1.0, -1.0, 0.0, 0.0]
[INFO] [1790791307.087190, 497.081000]: [mission] SEARCH — girando à procura da tag...
[INFO] [1790791307.089340, 497.083000]: [mission] SEARCH: amostra quando a tag estiver a raio 0.35-0.50 do quadro (vista oblíqua; omega fina 0.15 rad/s)
[INFO] [1790791308.756166, 498.734000]: [mission] SEARCH: tag a raio 0.94 — girando até <= 0.50
[INFO] [1790791316.937922, 506.787000]: [mission] tag avistada — parando para medir
[INFO] [1790791317.959869, 507.796000]: [mission] âncora engatada (coleta do SEARCH)
[INFO] [1790791317.961310, 507.797000]: [mission] SEARCH: coleta com dither ±0.05 rad/s (período 3.0 s)
[INFO] [1790791322.535193, 512.310000]: [mission] âncora solta — 7 correções de deriva
[INFO] [1790791322.537037, 512.312000]: [mission] SEARCH: âncora corrigiu a deriva 7 vez(es) durante a coleta
[INFO] [1790791322.558475, 512.332000]: [mission] SEARCH: 14 amostras — parede (0.025, 3.091, -0.001) yaw=2.902
[INFO] [1790791322.560575, 512.334000]: [mission] parede localizada em (0.025, 3.091, -0.001)
[INFO] [1790791322.570246, 512.343000]: State machine transitioning 'SEARCH':'found'-->'APPROACH'
[INFO] [1790791322.572369, 512.345000]: [mission] APPROACH etapa 1/2 — 1.30 m do olhal, alvo (-0.12, 1.65, 1.33 rad)
[INFO] [1790791322.574622, 512.347000]: [mission] teto por postura ativo no drive: v<=0.17 w<=0.50 rampa 0.45/1.52
[INFO] [1790791327.331107, 517.047000]: [mission] APPROACH: alinhado, avançando (0.83 m)
[INFO] [1790791334.171794, 523.797000]: [mission] APPROACH: chegou, ajustando heading final
[INFO] [1790791334.224833, 523.847000]: [mission] teto por postura ativo no drive: v<=0.17 w<=0.50 rampa 0.45/1.52
[INFO] [1790791337.932536, 527.497000]: [mission] APPROACH: concluído
[INFO] [1790791338.951636, 528.502000]: [mission] âncora engatada (coleta do APPROACH/remedida)
[INFO] [1790791338.952929, 528.503000]: [mission] APPROACH/remedida: coleta com dither ±0.05 rad/s (período 3.0 s)
[INFO] [1790791340.102952, 529.640000]: [mission] âncora solta — 2 correções de deriva
[INFO] [1790791340.104224, 529.641000]: [mission] APPROACH/remedida: âncora corrigiu a deriva 2 vez(es) durante a coleta
[INFO] [1790791340.105450, 529.642000]: [mission] APPROACH/remedida: 10 amostras — parede (0.008, 3.002, -0.004) yaw=-3.121
[INFO] [1790791340.106168, 529.643000]: [mission] APPROACH etapa 2/2 — 0.88 m do olhal, alvo (0.40, 2.00, 1.59 rad)
[INFO] [1790791340.106970, 529.644000]: [mission] teto por postura ativo no drive: v<=0.18 w<=0.50 rampa 0.46/1.50
[INFO] [1790791344.710280, 534.193000]: [mission] APPROACH: alinhado, avançando (0.71 m)
[INFO] [1790791350.590406, 539.993000]: [mission] APPROACH: chegou, ajustando heading final
[INFO] [1790791350.640000, 540.043000]: [mission] teto por postura ativo no drive: v<=0.17 w<=0.50 rampa 0.45/1.51
[INFO] [1790791356.654807, 545.993000]: [mission] APPROACH: concluído
[INFO] [1790791356.661662, 546.000000]: State machine transitioning 'APPROACH':'arrived'-->'REFINE'
[INFO] [1790791356.663955, 546.002000]: [mission] REFINE — remedindo a parede de perto (10 amostras)
[INFO] [1790791356.670032, 546.008000]: [mission] âncora engatada (coleta do REFINE)
[INFO] [1790791356.672129, 546.010000]: [mission] REFINE: coleta com dither ±0.05 rad/s (período 3.0 s)
[INFO] [1790791357.816531, 547.130000]: [mission] âncora solta — 1 correções de deriva
[INFO] [1790791357.818381, 547.132000]: [mission] REFINE: âncora corrigiu a deriva 1 vez(es) durante a coleta
[INFO] [1790791357.820684, 547.134000]: [mission] REFINE: 10 amostras — parede (0.004, 3.007, 0.000) yaw=3.115
[INFO] [1790791357.822404, 547.136000]: [mission] REFINE: deslocou 0.007 m da estimativa anterior
[INFO] [1790791357.823778, 547.138000]: [mission] olhal estimado em (0.201, 2.872, 0.805)
[INFO] [1790791357.829300, 547.143000]: State machine transitioning 'REFINE':'ok'-->'DEPLOY'
[INFO] [1790791357.831932, 547.146000]: [mission] DEPLOY: IK resolvida para a POSE DE MANIPULAÇÃO (0.18, 2.25, 1.54 rad), não para a atual
[INFO] [1790791362.509130, 551.475000]: [mission] DEPLOY: IK nivelada 0.0551 m, só eixo 0.0000 m — a MISSÃO INTEIRA usa "eixo"
[INFO] [1790791362.510714, 551.820000]: [mission] DEPLOY: IK da ponta resolvida (resíduo 0.0000 m, degrau 0.1°) — pré-posicionando em [-10.3 -42.3  52.2  79.4  79.7] graus
[INFO] [1790791369.005251, 558.222000]: [mission] plano de exclusão publicado: parede em [0.004 3.007 0.   ], normal segura [-0.026 -1.     0.   ]
[INFO] [1790791369.206666, 558.429000]: [mission] teto por postura ativo no drive: v<=0.18 w<=0.50 rampa 0.46/1.64
[INFO] [1790791372.942467, 562.129000]: [mission] DEPLOY/aproxima: alinhado, avançando (0.40 m)
[INFO] [1790791377.038301, 566.179000]: [mission] DEPLOY/aproxima: chegou, ajustando heading final
[INFO] [1790791382.147503, 571.229000]: [mission] DEPLOY/aproxima: concluído
[INFO] [1790791382.148383, 571.230000]: State machine transitioning 'DEPLOY':'ok'-->'MANIPULATE'
[INFO] [1790791382.149293, 571.231000]: [mission] fase "orienta": modo IK iterativa (YAML)
[INFO] [1790791382.151011, 571.232000]: [mission] âncora engatada (fase "orienta")
[INFO] [1790791386.608911, 575.634000]: [mission] fase "orienta" it0: ponta (0.293, 2.723, 0.812) erro=0.0078 | degrau eixo 2.5° | rolagem 2.5° | IK pediu [-21.2 -17.1   0.   98.   74.1] | faltou [0. 0. 0. 0. 0.] graus
[INFO] [1790791386.611665, 575.637000]: [mission] âncora solta — 3 correções de deriva
[INFO] [1790791386.612755, 575.638000]: [mission] fase "orienta" alcançada em 1 iteração(ões) (0.0078 m) — âncora corrigiu 3 vez(es)
[INFO] [1790791387.124222, 576.143000]: [mission] fase "aproxima_lateral": modo IK iterativa (YAML)
[INFO] [1790791387.127719, 576.146000]: [mission] âncora engatada (fase "aproxima_lateral")
[INFO] [1790791390.478111, 579.452000]: [mission] fase "aproxima_lateral" it0: ponta (0.291, 2.877, 0.808) erro=0.0103 | degrau eixo 7.9° | rolagem 8.0° | IK pediu [-17.4 -11.6  -0.   64.8  79.1] | faltou [ 0.  -0.5  0.1  0.6 -0. ] graus
[INFO] [1790791390.481775, 579.456000]: [mission] fase "aproxima_lateral" it0: no frame da parede eixo=+0.2 prof=+7.8 alt=+6.7 mm (tolerância 40/8/5)
[INFO] [1790791392.002775, 580.963000]: [mission] fase "aproxima_lateral" it1: ponta (0.291, 2.867, 0.814) erro=0.0024 | degrau eixo 7.6° | rolagem 8.3° | IK pediu [-17.5 -11.7   0.   67.1  78.7] | faltou [ 0.1 -0.1 -0.8 -1.3  0.1] graus
[INFO] [1790791392.004701, 580.965000]: [mission] fase "aproxima_lateral" it1: no frame da parede eixo=+0.1 prof=-2.2 alt=+0.9 mm (tolerância 40/8/5)
[INFO] [1790791392.005762, 580.966000]: [mission] âncora solta — 3 correções de deriva
[INFO] [1790791392.006707, 580.967000]: [mission] fase "aproxima_lateral" alcançada em 2 iteração(ões) (0.0024 m) — âncora corrigiu 3 vez(es)
[INFO] [1790791392.512285, 581.470000]: [mission] fase "atravessa": modo IK iterativa (YAML)
[INFO] [1790791392.519661, 581.477000]: [mission] âncora engatada (fase "atravessa")
[INFO] [1790791394.365102, 583.284000]: [mission] fase "atravessa" it0: ponta (0.228, 2.876, 0.810) erro=0.0203 | degrau eixo 3.7° | rolagem 4.6° | IK pediu [-11.  -12.9   0.   70.   84.1] | faltou [-1.5 -0.3 -0.5 -0.7 -0.9] graus
[INFO] [1790791394.368109, 583.287000]: [mission] fase "atravessa" it0: no frame da parede eixo=+18.9 prof=+4.8 alt=+5.5 mm (tolerância 8/6/5)
[INFO] [1790791395.919225, 584.798000]: [mission] fase "atravessa" it1: ponta (0.210, 2.868, 0.813) erro=0.0045 | degrau eixo 2.9° | rolagem 3.4° | IK pediu [ -9.8 -12.9   0.   72.2  84.9] | faltou [-1.4 -0.2 -0.5 -0.7 -0.3] graus
[INFO] [1790791395.922109, 584.801000]: [mission] fase "atravessa" it1: no frame da parede eixo=+1.7 prof=-3.9 alt=+1.7 mm (tolerância 8/6/5)
[WARN] [1790791401.442271, 590.240000]: [mission] fase "destrava": descida estagnou em 13.4 mm (mín 10 para aceitar; alvo 18) — fim de curso do mecanismo, fechando a fase
[WARN] [1790791401.658758, 590.452000]: [mission] destrava: lingueta em 10.0 mm (esperado ≥ 12) — o gatilho pode não ter soltado
[WARN] [1790791420.397541, 608.993000]: [mission] RETRACT: ponta a 0.141 m do olhal — saindo em degraus: sobe 30 mm, 120 mm pelo eixo do furo, 100 mm para fora, antes de recolher
[INFO] [1790791395.924418, 584.803000]: [mission] âncora solta — 1 correções de deriva
[INFO] [1790791395.926926, 584.806000]: [mission] fase "atravessa" alcançada em 2 iteração(ões) (0.0045 m) — âncora corrigiu 1 vez(es)
[INFO] [1790791396.447174, 585.313000]: [mission] fase "captura": modo IK iterativa (YAML)
[INFO] [1790791396.450738, 585.316000]: [mission] âncora engatada (fase "captura")
[INFO] [1790791397.980495, 586.818000]: [mission] fase "captura" it0: ponta (0.210, 2.874, 0.792) erro=0.0095 | degrau eixo 3.4° | rolagem 3.6° | IK pediu [-10.4 -15.5  -0.   72.7  84.6] | faltou [-0.8 -0.3 -0.3 -0.2  0. ] graus
[INFO] [1790791397.982810, 586.821000]: [mission] fase "captura" it0: no frame da parede eixo=+8.7 prof=+2.4 alt=+3.1 mm (tolerância 40/6/10)
[INFO] [1790791397.984504, 586.823000]: [mission] fase "captura" alcançada em 1 iteração(ões) (0.0095 m)
[INFO] [1790791397.991769, 586.829000]: [mission] captura: ponta registrada em eixo=-8.7 prof=-2.4 alt=-13.1 mm (zero da descida do destrava e da deriva de eixo)
[INFO] [1790791398.505414, 587.332000]: [mission] fase "destrava": alvo em altura relativo à captura: -33.1 mm (captura -13.1 − curso 18 − margem 2)
[INFO] [1790791398.507106, 587.333000]: [mission] fase "destrava": modo whole-body/Fuzzy (YAML)
[INFO] [1790791398.715083, 587.536000]: [mission] plano de exclusão publicado: parede em [0.004 3.007 0.   ], normal segura [-0.026 -1.     0.   ]
[INFO] [1790791399.019243, 587.839000]: [mission] fase "destrava": whole-body assumiu (base livre, restrita pelo plano de exclusão)
[INFO] [1790791399.020948, 587.840000]: [mission] fase "destrava": whole-body a 0.0205 m do alvo — eixo=+8.7 prof=+2.7 alt=-18.4 mm
[INFO] [1790791401.137619, 589.940000]: [mission] fase "destrava": whole-body a 0.0095 m do alvo — eixo=+8.3 prof=-2.6 alt=-3.9 mm
[INFO] [1790791401.656546, 590.450000]: [mission] destrava: ponta desceu 14.1 mm desde a captura (critério observável) | lingueta 10.0 mm (só na simulação)
[INFO] [1790791402.169149, 590.954000]: [mission] fase "libera": modo whole-body/Fuzzy (YAML)
[INFO] [1790791402.372980, 591.155000]: [mission] plano de exclusão publicado: parede em [0.004 3.007 0.   ], normal segura [-0.026 -1.     0.   ]
[INFO] [1790791402.678893, 591.458000]: [mission] fase "libera": whole-body assumiu (base livre, restrita pelo plano de exclusão)
[INFO] [1790791403.187029, 591.960000]: [mission] fase "libera": whole-body a 0.0255 m do alvo — eixo=+8.4 prof=+23.1 alt=+6.7 mm
[INFO] [1790791405.312942, 594.059000]: [mission] fase "libera": whole-body a 0.0134 m do alvo — eixo=+8.6 prof=+5.2 alt=+8.9 mm
[INFO] [1790791407.423656, 596.159000]: [mission] fase "libera": whole-body a 0.0117 m do alvo — eixo=+8.6 prof=+3.0 alt=+7.3 mm
[INFO] [1790791408.937834, 597.659000]: [mission] fase "libera" alcançada por whole-body em 6.2s (0.0105 m) — no frame da parede eixo=+8.7 prof=+1.0 alt=+5.7 mm (tolerância 40/8/6)
[INFO] [1790791409.656668, 598.367000]: [mission] fase "arco1"/puxa: RECUANDO 0.022 m só com as rodas
[INFO] [1790791410.113446, 598.819000]: [mission] fase "arco1"/puxa: concluído (0.023 m)
[INFO] [1790791410.114689, 598.820000]: [mission] fase "arco1": modo whole-body/Fuzzy (YAML)
[INFO] [1790791410.316639, 599.021000]: [mission] plano de exclusão publicado: parede em [0.004 3.007 0.   ], normal segura [-0.026 -1.     0.   ]
[INFO] [1790791410.620322, 599.326000]: [mission] fase "arco1": whole-body assumiu (base livre, restrita pelo plano de exclusão)
[INFO] [1790791410.621737, 599.327000]: [mission] fase "arco1": whole-body a 0.0221 m do alvo — eixo=+9.7 prof=-12.0 alt=-15.9 mm
[INFO] [1790791412.738502, 601.426000]: [mission] fase "arco1": whole-body a 0.0199 m do alvo — eixo=+9.5 prof=-6.5 alt=-16.3 mm
[INFO] [1790791413.243548, 601.926000]: [mission] fase "arco1" alcançada por whole-body em 2.6s (0.0158 m) — no frame da parede eixo=+9.5 prof=-5.4 alt=-11.4 mm (tolerância 40/10/15)
[INFO] [1790791413.244550, 601.927000]: [mission] arco1: SOLTURA observável — recuo 59.6 mm desde a captura (mín 40) com deriva de eixo -0.8 mm → SOLTA
[INFO] [1790791413.458320, 602.139000]: [mission] waypoint de 15° — lâmina medida em 13.5° (abertura por CONTATO)
[INFO] [1790791413.962201, 602.641000]: [mission] fase "arco2"/puxa: RECUANDO 0.048 m só com as rodas
[INFO] [1790791414.984264, 603.643000]: [mission] fase "arco2"/puxa: concluído (0.049 m)
[INFO] [1790791414.985485, 603.644000]: [mission] fase "arco2": modo whole-body/Fuzzy (YAML)
[INFO] [1790791415.187548, 603.846000]: [mission] plano de exclusão publicado: parede em [0.004 3.007 0.   ], normal segura [-0.026 -1.     0.   ]
[INFO] [1790791415.491466, 604.148000]: [mission] fase "arco2": whole-body assumiu (base livre, restrita pelo plano de exclusão)
[INFO] [1790791415.495420, 604.151000]: [mission] fase "arco2": whole-body a 0.0230 m do alvo — eixo=+10.5 prof=+4.2 alt=-20.1 mm
[INFO] [1790791416.801242, 605.450000]: [mission] fase "arco2" alcançada por whole-body em 1.3s (0.0161 m) — no frame da parede eixo=+10.7 prof=-3.5 alt=-11.5 mm (tolerância 40/10/15)
[INFO] [1790791417.014742, 605.660000]: [mission] waypoint de 30° — lâmina medida em 29.3° (abertura por CONTATO)
[INFO] [1790791417.526319, 606.162000]: [mission] fase "desengata": modo IK iterativa (YAML)
[INFO] [1790791417.532703, 606.168000]: [mission] âncora engatada (fase "desengata")
[INFO] [1790791419.466614, 608.074000]: [mission] fase "desengata" it0: ponta (0.285, 2.775, 0.747) erro=0.0089 | degrau eixo 8.7° | rolagem 9.2° | IK pediu [-13.  -19.4  -0.   71.2  78.6] | faltou [ 0.1 -0.3 -0.4 -0.5 -0. ] graus
[INFO] [1790791419.470875, 608.079000]: [mission] fase "desengata" alcançada em 1 iteração(ões) (0.0089 m)
[INFO] [1790791419.988163, 608.591000]: [mission] MANIPULATE concluída — chave ABERTA, lâmina medida em 29.5°
[INFO] [1790791419.989444, 608.592000]: State machine transitioning 'MANIPULATE':'done'-->'RETRACT'
[INFO] [1790791420.403258, 608.999000]: [mission] âncora engatada (fase "saida_sobe")
[INFO] [1790791421.923620, 610.506000]: [mission] fase "saida_sobe" it0: ponta (0.283, 2.780, 0.770) erro=0.0082 | degrau eixo 8.2° | rolagem 8.7° | IK pediu [-13.  -16.5   0.   69.1  78.9] | faltou [ 0.  -0.7 -0.3 -0.  -0. ] graus
[INFO] [1790791421.926920, 610.509000]: [mission] fase "saida_sobe" it0: no frame da parede eixo=-1.3 prof=+4.7 alt=+6.6 mm (tolerância 30/20/10)
[INFO] [1790791421.928709, 610.511000]: [mission] fase "saida_sobe" alcançada em 1 iteração(ões) (0.0082 m)
[INFO] [1790791421.932639, 610.515000]: [mission] âncora engatada (fase "saida_eixo")
[INFO] [1790791424.010276, 612.563000]: [mission] fase "saida_eixo" it0: ponta (0.402, 2.778, 0.768) erro=0.0105 | degrau eixo 15.7° | rolagem 17.0° | IK pediu [-22.  -13.5  -0.   58.4  73.2] | faltou [ 0.2 -0.3 -0.5 -0.6 -0. ] graus
[INFO] [1790791424.014591, 612.568000]: [mission] fase "saida_eixo" it0: no frame da parede eixo=-2.8 prof=+5.8 alt=+8.2 mm (tolerância 20/20/15)
[INFO] [1790791424.017284, 612.571000]: [mission] fase "saida_eixo" alcançada em 1 iteração(ões) (0.0105 m)
[INFO] [1790791424.023546, 612.577000]: [mission] âncora engatada (fase "saida_fora")
[INFO] [1790791426.890691, 615.407000]: [mission] fase "saida_fora" it0: ponta (0.400, 2.677, 0.772) erro=0.0072 | degrau eixo 11.1° | rolagem 11.7° | IK pediu [-25.4 -19.6   0.   83.1  66.5] | faltou [ 0.1 -0.2 -0.3 -0.4 -0. ] graus
[INFO] [1790791426.894533, 615.412000]: [mission] fase "saida_fora" it0: no frame da parede eixo=-2.5 prof=+5.3 alt=+4.2 mm (tolerância 30/20/20)
[INFO] [1790791426.896391, 615.414000]: [mission] fase "saida_fora" alcançada em 1 iteração(ões) (0.0072 m)
[INFO] [1790791426.897700, 615.415000]: [mission] RETRACT/afasta: RECUANDO 0.250 m só com as rodas
[INFO] [1790791431.368387, 619.816000]: [mission] RETRACT/afasta: concluído (0.251 m)
[INFO] [1790791431.370734, 619.818000]: [mission] postura "stow_home" comandada: [0.0, 1.13, -1.04, -1.8, 0.0]
[INFO] [1790791442.422311, 630.721000]: State machine transitioning 'RETRACT':'ok'-->'RETURN'
[INFO] [1790791442.425963, 630.724000]: [mission] RETURN — voltando a (0.00, 1.00, -0.02 rad)
[INFO] [1790791456.481311, 644.577000]: [mission] RETURN: alinhado, avançando (1.14 m)
[INFO] [1790791456.533432, 644.628000]: [mission] teto por postura ativo no drive: v<=0.23 w<=0.50 rampa 0.51/1.51
[INFO] [1790791465.294486, 653.277000]: [mission] RETURN: chegou, ajustando heading final
[INFO] [1790791465.342665, 653.327000]: [mission] teto por postura ativo no drive: v<=0.23 w<=0.50 rampa 0.51/1.52
[INFO] [1790791470.905634, 658.827000]: [mission] RETURN: concluído
[INFO] [1790791470.907901, 658.827000]: State machine terminating 'RETURN':'home':'MISSION_OK'
[INFO] [1790791470.910750, 658.831000]: [mission] resultado: MISSION_OK
... logging to /home/marco/.ros/log/cfdb7cbc-bcf7-11f1-bfd5-b025aa85b2a2/roslaunch-shiroi-2065177.log
Checking log directory for disk usage. This may take a while.
Press Ctrl-C to interrupt
]2;/home/marco/b166er/src/b166er_whole_body_control/launch/chave_mission.launch
[1mstarted roslaunch server http://shiroi:43769/[0m

SUMMARY
========

PARAMETERS
 * /chave_mission/estado_final: 
 * /chave_mission/estado_inicial: STOW_INIT
 * /chave_mission/pausa_por_fase: False
 * /chave_mission/search_omega: 0.35
 * /chave_mission/standoff_distance: 0.62
 * /chave_mission/use_wholebody: False
 * /chave_seccionadora_task/aproxima_lateral/modo: ik
 * /chave_seccionadora_task/aproxima_lateral/offset_xyz_m: [-0.09, 0.0, 0.01]
 * /chave_seccionadora_task/aproxima_lateral/tol_xyz_m: [0.04, 0.008, 0.005]
 * /chave_seccionadora_task/arco1/blade_angle_deg: 15
 * /chave_seccionadora_task/arco1/deriva_eixo_max_m: 0.015
 * /chave_seccionadora_task/arco1/modo: wb
 * /chave_seccionadora_task/arco1/offset_xyz_m: [0.0, 0.0518, -0....
 * /chave_seccionadora_task/arco1/soltura_recuo_min_m: 0.04
 * /chave_seccionadora_task/arco1/tol_xyz_m: [0.04, 0.01, 0.015]
 * /chave_seccionadora_task/arco2/blade_angle_deg: 30
 * /chave_seccionadora_task/arco2/deriva_eixo_max_m: 0.015
 * /chave_seccionadora_task/arco2/modo: wb
 * /chave_seccionadora_task/arco2/offset_xyz_m: [0.0, 0.1, -0.0518]
 * /chave_seccionadora_task/arco2/tol_xyz_m: [0.04, 0.01, 0.015]
 * /chave_seccionadora_task/atravessa/modo: ik
 * /chave_seccionadora_task/atravessa/offset_xyz_m: [-0.008, 0.0, 0.01]
 * /chave_seccionadora_task/atravessa/tol_xyz_m: [0.008, 0.006, 0....
 * /chave_seccionadora_task/captura/modo: ik
 * /chave_seccionadora_task/captura/offset_xyz_m: [0.0, 0.0, -0.01]
 * /chave_seccionadora_task/captura/tol_xyz_m: [0.04, 0.006, 0.01]
 * /chave_seccionadora_task/desengata/modo: ik
 * /chave_seccionadora_task/desengata/offset_xyz_m: [-0.09, 0.1, -0.0...
 * /chave_seccionadora_task/destrava/curso_estagna_m: 0.01
 * /chave_seccionadora_task/destrava/curso_margem_m: 0.002
 * /chave_seccionadora_task/destrava/curso_min_m: 0.018
 * /chave_seccionadora_task/destrava/modo: wb
 * /chave_seccionadora_task/destrava/offset_xyz_m: [0.0, 0.0, -0.025]
 * /chave_seccionadora_task/destrava/tol_xyz_m: [0.04, 0.006, 0.004]
 * /chave_seccionadora_task/libera/deriva_eixo_max_m: 0.015
 * /chave_seccionadora_task/libera/modo: wb
 * /chave_seccionadora_task/libera/offset_xyz_m: [0.0, 0.03, -0.025]
 * /chave_seccionadora_task/libera/tol_xyz_m: [0.04, 0.008, 0.006]
 * /chave_seccionadora_task/orienta/modo: ik
 * /chave_seccionadora_task/orienta/offset_xyz_m: [-0.09, 0.15, 0.0...
 * /chave_seccionadora_task/reassenta_sobe/tol_xyz_m: [0.03, 0.02, 0.005]
 * /chave_seccionadora_task/saida_eixo/tol_xyz_m: [0.02, 0.02, 0.015]
 * /chave_seccionadora_task/saida_fora/tol_xyz_m: [0.03, 0.02, 0.02]
 * /chave_seccionadora_task/saida_sobe/tol_xyz_m: [0.03, 0.02, 0.01]
 * /chave_seccionadora_task/target_frame: chave_olhal_link
 * /fuzzy_wb_controller/fixed_gains: []
 * /rosdistro: noetic
 * /rosversion: 1.17.4

NODES
  /
    chave_mission (b166er_whole_body_control/chave_mission.py)

[1mROS_MASTER_URI=http://localhost:11311[0m
]2;/home/marco/b166er/src/b166er_whole_body_control/launch/chave_mission.launch http://localhost:11311
[1mprocess[chave_mission-1]: started with pid [2065222][0m
[1m[chave_mission-1] process has finished cleanly
log file: /home/marco/.ros/log/cfdb7cbc-bcf7-11f1-bfd5-b025aa85b2a2/chave_mission-1*.log[0m
all processes on machine have died, roslaunch will exit
shutting down processing monitor...
... shutting down processing monitor complete
[1mdone[0m
