[31mWARNING: disk usage in log directory [/home/marco/.ros/log] is over 1GB.
It's recommended that you use the 'rosclean' command.[0m
the rosdep view is empty: call 'sudo rosdep init' and 'rosdep update'
[WARN] [1791388903.604769, 895.338000]: [mission] SEARCH: ajuste não convergiu em 8s (raio 0.73) — amostrando assim mesmo
[WARN] [1791388916.560756, 908.074000]: [mission] SEARCH: 1 de 25 amostras descartadas como outlier (>0.15 m ou >0.20 rad da mediana)
[WARN] [1791388916.614603, 908.128000]: [mission] SEARCH: laser discorda demais da tag (profundidade -93 mm, yaw -7.4°) — parede fica pela tag
[INFO] [1791388878.841413, 871.009000]: garra_dx = 0.000 m (fechada)
[INFO] [1791388878.905620, 871.077000]: State machine starting in initial state 'STOW_INIT' with userdata: 
	[]
[INFO] [1791388879.211380, 871.377000]: [mission] pose de partida registrada: (0.01, 1.00, 0.01 rad)
[INFO] [1791388879.212957, 871.378000]: [mission] postura "stow_home" comandada: [0.0, 1.13, -1.04, -1.8, 0.0]
[INFO] [1791388882.358278, 874.480000]: State machine transitioning 'STOW_INIT':'ok'-->'SEARCH'
[INFO] [1791388882.359866, 874.481000]: [mission] postura "search" comandada: [0.0, 1.0, -1.0, 0.0, 0.0]
[INFO] [1791388893.783159, 885.683000]: [mission] SEARCH — girando à procura da tag...
[INFO] [1791388893.785539, 885.685000]: [mission] SEARCH: amostra quando a tag estiver a raio 0.35-0.50 do quadro (vista oblíqua; omega fina 0.15 rad/s)
[INFO] [1791388895.408232, 887.286000]: [mission] SEARCH: tag a raio 0.93 — girando até <= 0.50
[INFO] [1791388903.607038, 895.340000]: [mission] tag avistada — parando para medir
[INFO] [1791388904.636385, 896.351000]: [mission] âncora engatada (coleta do SEARCH)
[INFO] [1791388904.639609, 896.354000]: [mission] SEARCH: coleta com dither ±0.05 rad/s (período 3.0 s)
[INFO] [1791388916.545045, 908.059000]: [mission] âncora solta — 16 correções de deriva
[INFO] [1791388916.547162, 908.062000]: [mission] SEARCH: âncora corrigiu a deriva 16 vez(es) durante a coleta
[INFO] [1791388916.561965, 908.076000]: [mission] SEARCH: 24 amostras — parede (0.008, 2.905, 0.002) yaw=-3.011
[INFO] [1791388916.617554, 908.131000]: [mission] parede localizada em (0.008, 2.905, 0.002)
[INFO] [1791388916.623276, 908.137000]: State machine transitioning 'SEARCH':'found'-->'APPROACH'
[INFO] [1791388916.624827, 908.139000]: [mission] APPROACH etapa 1/2 — 1.30 m do olhal, alvo (0.39, 1.51, 1.70 rad)
[INFO] [1791388918.607303, 910.090000]: [mission] APPROACH: alinhado, avançando (0.71 m)
[INFO] [1791388918.658151, 910.140000]: [mission] teto por postura ativo no drive: v<=0.16 w<=0.50 rampa 0.43/1.51
[INFO] [1791388924.456212, 915.840000]: [mission] APPROACH: chegou, ajustando heading final
[INFO] [1791388924.507165, 915.890000]: [mission] teto por postura ativo no drive: v<=0.15 w<=0.50 rampa 0.43/1.51
[INFO] [1791388926.335656, 917.690000]: [mission] APPROACH: concluído
[INFO] [1791388927.349232, 918.694000]: [mission] âncora engatada (coleta do APPROACH/remedida)
[INFO] [1791388927.350431, 918.694000]: [mission] APPROACH/remedida: coleta com dither ±0.05 rad/s (período 3.0 s)
[INFO] [1791388930.156281, 921.469000]: [mission] âncora solta — 2 correções de deriva
[INFO] [1791388930.158872, 921.471000]: [mission] APPROACH/remedida: âncora corrigiu a deriva 2 vez(es) durante a coleta
[INFO] [1791388930.162984, 921.475000]: [mission] APPROACH/remedida: 10 amostras — parede (0.004, 3.019, -0.002) yaw=3.091
[INFO] [1791388930.215948, 921.528000]: [mission] APPROACH/remedida: parede pelo LASER — 65 pontos, resíduo 5.1 mm: profundidade +20.4 mm e yaw +2.98° em relação à tag → parede (0.005, 2.999, -0.002) yaw=-3.140
[INFO] [1791388930.217287, 921.530000]: [mission] APPROACH etapa 2/2 — 0.88 m do olhal, alvo (0.38, 1.99, 1.57 rad)
[INFO] [1791388930.218402, 921.531000]: [mission] APPROACH: alinhado, avançando (0.52 m)
[INFO] [1791388930.268311, 921.581000]: [mission] teto por postura ativo no drive: v<=0.16 w<=0.50 rampa 0.44/1.52
[INFO] [1791388935.180831, 926.381000]: [mission] APPROACH: chegou, ajustando heading final
[INFO] [1791388936.763637, 927.931000]: [mission] APPROACH: concluído
[INFO] [1791388936.772845, 927.940000]: State machine transitioning 'APPROACH':'arrived'-->'REFINE'
[INFO] [1791388936.776450, 927.943000]: [mission] REFINE — remedindo a parede de perto (10 amostras)
[INFO] [1791388936.784804, 927.951000]: [mission] âncora engatada (coleta do REFINE)
[INFO] [1791388936.787492, 927.954000]: [mission] REFINE: coleta com dither ±0.05 rad/s (período 3.0 s)
[INFO] [1791388937.833960, 928.981000]: [mission] âncora solta — 1 correções de deriva
[INFO] [1791388937.837774, 928.985000]: [mission] REFINE: âncora corrigiu a deriva 1 vez(es) durante a coleta
[INFO] [1791388937.839851, 928.987000]: [mission] REFINE: 10 amostras — parede (0.002, 2.998, 0.000) yaw=3.135
[INFO] [1791388937.893165, 929.040000]: [mission] REFINE: parede pelo LASER — 92 pontos, resíduo 4.5 mm: profundidade +0.3 mm e yaw +0.35° em relação à tag → parede (0.002, 2.998, 0.000) yaw=3.141
[INFO] [1791388937.894898, 929.041000]: [mission] REFINE: deslocou 0.003 m da estimativa anterior
[INFO] [1791388937.896365, 929.043000]: [mission] olhal estimado em (0.202, 2.868, 0.805)
[INFO] [1791388937.901768, 929.048000]: State machine transitioning 'REFINE':'ok'-->'DEPLOY'
[INFO] [1791388937.903672, 929.050000]: [mission] DEPLOY: IK resolvida para a POSE DE MANIPULAÇÃO (0.20, 2.25, 1.57 rad), não para a atual
[INFO] [1791388942.764475, 932.831000]: [mission] DEPLOY: IK nivelada 0.0708 m, só eixo 0.0014 m — a MISSÃO INTEIRA usa "eixo"
[INFO] [1791388942.768542, 933.910000]: [mission] DEPLOY: IK da ponta resolvida (resíduo 0.0014 m, degrau 0.4°) — pré-posicionando em [-10.9 -46.4  60.   78.4 -10.9] graus
[INFO] [1791388952.032417, 943.013000]: [mission] plano de exclusão publicado: parede em [2.000e-03 2.998e+00 0.000e+00], normal segura [-0.001 -1.     0.   ]
[INFO] [1791388952.246768, 943.224000]: [mission] teto por postura ativo no drive: v<=0.25 w<=0.50 rampa 0.54/1.62
[INFO] [1791388955.001841, 945.924000]: [mission] DEPLOY/aproxima: alinhado, avançando (0.34 m)
[INFO] [1791388958.530535, 949.374000]: [mission] DEPLOY/aproxima: chegou, ajustando heading final
[INFO] [1791388963.728561, 954.474000]: [mission] DEPLOY/aproxima: concluído
[INFO] [1791388963.730825, 954.476000]: State machine transitioning 'DEPLOY':'ok'-->'MANIPULATE'
[INFO] [1791388963.733543, 954.479000]: [mission] fase "orienta": modo IK iterativa (YAML)
[INFO] [1791388963.739693, 954.485000]: [mission] âncora engatada (fase "orienta")
[INFO] [1791388968.134009, 958.792000]: [mission] fase "orienta" it0: ponta (0.296, 2.720, 0.811) erro=0.0051 | degrau eixo 0.1° | rolagem 0.3° | IK pediu [-21.9 -29.3  26.7  92.  -16.7] | faltou [-0.2 -1.3  2.2 -1.3 -0.4] graus
[INFO] [1791388968.138756, 958.798000]: [mission] âncora solta — 3 correções de deriva
[INFO] [1791388968.141187, 958.801000]: [mission] fase "orienta" alcançada em 1 iteração(ões) (0.0051 m) — âncora corrigiu 3 vez(es)
[INFO] [1791388968.666602, 959.310000]: [mission] fase "aproxima_lateral": modo IK iterativa (YAML)
[INFO] [1791388968.672212, 959.315000]: [mission] âncora engatada (fase "aproxima_lateral")
[INFO] [1791388972.169035, 962.722000]: [mission] fase "aproxima_lateral" it0: ponta (0.296, 2.872, 0.804) erro=0.0167 | degrau eixo 5.5° | rolagem 6.2° | IK pediu [-18.3 -13.4   0.   79.2 -12.3] | faltou [-0.2 -0.3 -0.9 -1.3 -0.2] graus
[INFO] [1791388972.170844, 962.724000]: [mission] fase "aproxima_lateral" it0: no frame da parede eixo=+3.2 prof=+12.1 alt=+11.1 mm (tolerância 40/8/5)
[INFO] [1791388974.728306, 965.231000]: [mission] fase "aproxima_lateral" it1: ponta (0.290, 2.847, 0.827) erro=0.0182 | degrau eixo 4.8° | rolagem 4.7° | IK pediu [-18.5 -13.1   0.   82.1 -12.7] | faltou [-0.  -3.1  7.6 -4.4  0.1] graus
[INFO] [1791388974.730068, 965.233000]: [mission] fase "aproxima_lateral" it1: no frame da parede eixo=-2.5 prof=-13.4 alt=-12.1 mm (tolerância 40/8/5)
[INFO] [1791388977.121021, 967.565000]: [mission] fase "aproxima_lateral" it2: ponta (0.294, 2.862, 0.812) erro=0.0039 | degrau eixo 5.4° | rolagem 5.4° | IK pediu [-18.4 -13.7   0.   80.  -12.4] | faltou [0. 0. 0. 0. 0.] graus
[INFO] [1791388977.123039, 967.567000]: [mission] fase "aproxima_lateral" it2: no frame da parede eixo=+1.4 prof=+1.7 alt=+3.3 mm (tolerância 40/8/5)
[INFO] [1791388977.124197, 967.568000]: [mission] âncora solta — 6 correções de deriva
[INFO] [1791388977.125195, 967.569000]: [mission] fase "aproxima_lateral" alcançada em 3 iteração(ões) (0.0039 m) — âncora corrigiu 6 vez(es)
[INFO] [1791388977.641283, 968.075000]: [mission] fase "atravessa": modo IK iterativa (YAML)
[ERROR] [1791389075.701316, 1064.292000]: [mission] fase "captura": 5 iterações sem fechar (0.0456 m, tolerância 0.020)
[WARN] [1791389075.715187, 1064.305000]: [mission] ABORT — parando base e recolhendo braço
[WARN] [1791389076.120495, 1064.708000]: [mission] ABORT: ponta a 0.044 m do olhal — saindo em degraus: sobe 30 mm, 120 mm pelo eixo do furo, 100 mm para fora, antes de recolher
[ERROR] [1791389249.059777, 1236.055000]: [mission] fase "saida_eixo": 5 iterações sem fechar (0.1075 m, tolerância 0.020)
[WARN] [1791389249.060636, 1236.056000]: [mission] ABORT: degrau "saida_eixo" não fechou — seguindo para o próximo
[INFO] [1791388977.644860, 968.078000]: [mission] âncora engatada (fase "atravessa")
[INFO] [1791388983.427222, 973.707000]: [mission] fase "atravessa" it0: ponta (0.229, 2.855, 0.809) erro=0.0202 | degrau eixo 2.3° | rolagem 2.3° | IK pediu [-11.5 -14.4   0.1  83.9  -6.2] | faltou [ -1.7   9.3 -23.1  13.    0.1] graus
[INFO] [1791388983.428389, 973.708000]: [mission] fase "atravessa" it0: no frame da parede eixo=+18.6 prof=-4.9 alt=+6.1 mm (tolerância 8/6/5)
[INFO] [1791388989.599803, 979.713000]: [mission] fase "atravessa" it1: ponta (0.209, 2.857, 0.796) erro=0.0198 | degrau eixo 1.8° | rolagem 2.4° | IK pediu [-10.2 -12.4  -3.3  86.   -5. ] | faltou [ -1.1 -25.   51.2 -34.9   0.5] graus
[INFO] [1791388989.601988, 979.715000]: [mission] fase "atravessa" it1: no frame da parede eixo=-1.6 prof=-2.5 alt=+19.6 mm (tolerância 8/6/5)
[INFO] [1791388997.583508, 987.468000]: [mission] fase "atravessa" it2: ponta (0.210, 2.867, 0.813) erro=0.0072 | degrau eixo 1.8° | rolagem 2.3° | IK pediu [-10.2 -15.3   7.9  77.5  -5.1] | faltou [ -1.1  18.1 -45.4  20.9   0.5] graus
[INFO] [1791388997.587270, 987.471000]: [mission] fase "atravessa" it2: no frame da parede eixo=-0.7 prof=+6.8 alt=+2.3 mm (tolerância 8/6/5)
[INFO] [1791389002.184652, 991.925000]: [mission] fase "atravessa" it3: ponta (0.209, 2.861, 0.810) erro=0.0053 | degrau eixo 1.7° | rolagem 2.8° | IK pediu [-10.2  -9.8  -4.6  85.9  -5.3] | faltou [ -1.1  14.3 -37.8  14.9  -0.1] graus
[INFO] [1791389002.188144, 991.928000]: [mission] fase "atravessa" it3: no frame da parede eixo=-1.0 prof=+1.5 alt=+5.0 mm (tolerância 8/6/5)
[INFO] [1791389008.400725, 997.963000]: [mission] fase "atravessa" it4: ponta (0.209, 2.864, 0.812) erro=0.0055 | degrau eixo 1.7° | rolagem 2.4° | IK pediu [-10.3  -9.2  -4.8  85.9  -5.4] | faltou [ -0.9 -23.2  46.  -31.    0.5] graus
[INFO] [1791389008.403551, 997.967000]: [mission] fase "atravessa" it4: no frame da parede eixo=-0.9 prof=+4.0 alt=+3.7 mm (tolerância 8/6/5)
[INFO] [1791389008.404650, 997.968000]: [mission] âncora solta — 27 correções de deriva
[INFO] [1791389008.405324, 997.969000]: [mission] fase "atravessa" alcançada em 5 iteração(ões) (0.0055 m) — âncora corrigiu 27 vez(es)
[INFO] [1791389008.916470, 998.472000]: [mission] fase "captura": modo IK iterativa (YAML)
[INFO] [1791389008.918726, 998.474000]: [mission] âncora engatada (fase "captura")
[INFO] [1791389014.642973, 1004.095000]: [mission] fase "captura" it0: ponta (0.209, 2.864, 0.780) erro=0.0166 | degrau eixo 2.2° | rolagem 2.8° | IK pediu [-10.5 -18.4   3.9  82.4  -5.5] | faltou [ -0.5 -17.2  35.2 -23.4   0.1] graus
[INFO] [1791389014.645727, 1004.098000]: [mission] fase "captura" it0: no frame da parede eixo=+6.2 prof=-3.7 alt=+14.9 mm (tolerância 40/6/10)
[INFO] [1791389025.428425, 1014.728000]: [mission] fase "captura" it1: ponta (0.209, 2.876, 0.800) erro=0.0116 | degrau eixo 2.1° | rolagem 2.5° | IK pediu [-10.  -17.6   5.2  80.6  -5.1] | faltou [-0.9 -5.7 12.4 -9.4 -0.3] graus
[INFO] [1791389025.430201, 1014.730000]: [mission] fase "captura" it1: no frame da parede eixo=+7.0 prof=+8.0 alt=-4.6 mm (tolerância 40/6/10)
[INFO] [1791389032.262882, 1021.435000]: [mission] fase "captura" it2: ponta (0.209, 2.875, 0.795) erro=0.0100 | degrau eixo 1.8° | rolagem 2.8° | IK pediu [ -9.3 -17.5   3.5  83.6  -4.8] | faltou [ -1.6  -7.   14.8 -12.8  -1.1] graus
[INFO] [1791389032.264696, 1021.437000]: [mission] fase "captura" it2: no frame da parede eixo=+6.7 prof=+7.4 alt=+0.6 mm (tolerância 40/6/10)
[INFO] [1791389054.067924, 1042.876000]: [mission] fase "captura" it3: ponta (0.172, 2.975, 0.662) erro=0.1736 | degrau eixo 1.6° | rolagem 7.9° | IK pediu [ -9.1 -18.6   5.4  83.3  -4.3] | faltou [   0.4    3.2   54.6 -144.7    1.9] graus
[INFO] [1791389054.069493, 1042.878000]: [mission] fase "captura" it3: no frame da parede eixo=-30.0 prof=+107.4 alt=+133.1 mm (tolerância 40/6/10)
[INFO] [1791389075.690466, 1064.281000]: [mission] fase "captura" it4: ponta (0.239, 2.892, 0.807) erro=0.0456 | degrau eixo 6.6° | rolagem 10.7° | IK pediu [-13.5  60.9   0.2 -93.9   4.3] | faltou [  0.1 -48.5  59.8   0.1  -0. ] graus
[INFO] [1791389075.696553, 1064.288000]: [mission] fase "captura" it4: no frame da parede eixo=+37.0 prof=+24.2 alt=-11.5 mm (tolerância 40/6/10)
[INFO] [1791389075.699244, 1064.291000]: [mission] âncora solta — 48 correções de deriva
[INFO] [1791389075.711616, 1064.301000]: State machine transitioning 'MANIPULATE':'failed'-->'ABORT_SAFE'
[INFO] [1791389076.122814, 1064.710000]: [mission] âncora engatada (fase "saida_sobe")
[INFO] [1791389097.727983, 1086.112000]: [mission] fase "saida_sobe" it0: ponta (0.243, 2.912, 0.899) erro=0.0656 | degrau eixo 7.5° | rolagem 60.8° | IK pediu [-13.3  44.    0.  -74.5   4.5] | faltou [ -0.1 -31.6  60.   -0.2  -0.2] graus
[INFO] [1791389097.730151, 1086.115000]: [mission] fase "saida_sobe" it0: no frame da parede eixo=+3.8 prof=+20.0 alt=-62.3 mm (tolerância 30/20/10)
[INFO] [1791389119.336287, 1107.516000]: [mission] fase "saida_sobe" it1: ponta (0.242, 2.910, 0.863) erro=0.0320 | degrau eixo 6.7° | rolagem 31.4° | IK pediu [-13.3  42.    0.  -82.3   5.7] | faltou [ -0.1 -29.7  60.    0.2   0.4] graus
[INFO] [1791389119.337760, 1107.517000]: [mission] fase "saida_sobe" it1: no frame da parede eixo=+3.3 prof=+17.8 alt=-26.4 mm (tolerância 30/20/10)
[INFO] [1791389140.994781, 1128.963000]: [mission] fase "saida_sobe" it2: ponta (0.242, 2.904, 0.840) erro=0.0127 | degrau eixo 6.1° | rolagem 21.8° | IK pediu [-13.3  41.7   0.  -87.3   6.3] | faltou [ -0.2 -29.4  60.    0.2  -0.2] graus
[INFO] [1791389140.996475, 1128.965000]: [mission] fase "saida_sobe" it2: no frame da parede eixo=+2.8 prof=+12.1 alt=-2.6 mm (tolerância 30/20/10)
[INFO] [1791389140.997432, 1128.966000]: [mission] âncora solta — 10 correções de deriva
[INFO] [1791389140.998670, 1128.967000]: [mission] fase "saida_sobe" alcançada em 3 iteração(ões) (0.0127 m) — âncora corrigiu 10 vez(es)
[INFO] [1791389141.000577, 1128.969000]: [mission] âncora engatada (fase "saida_eixo")
[INFO] [1791389162.605551, 1150.372000]: [mission] fase "saida_eixo" it0: ponta (0.355, 2.886, 0.936) erro=0.0990 | degrau eixo 16.4° | rolagem 58.5° | IK pediu [-22.9  40.8  -0.  -67.2   8.4] | faltou [  0.  -28.5  60.   -0.1  -0. ] graus
[INFO] [1791389162.608783, 1150.376000]: [mission] fase "saida_eixo" it0: no frame da parede eixo=-3.7 prof=-6.6 alt=-98.7 mm (tolerância 20/20/15)
[INFO] [1791389184.190187, 1171.780000]: [mission] fase "saida_eixo" it1: ponta (0.355, 2.888, 0.920) erro=0.0828 | degrau eixo 14.8° | rolagem 79.7° | IK pediu [-23.   34.6  -0.  -70.6  11.1] | faltou [  0.1 -22.3  60.    0.1  -0.8] graus
[INFO] [1791389184.191465, 1171.781000]: [mission] fase "saida_eixo" it1: no frame da parede eixo=-3.4 prof=-4.2 alt=-82.7 mm (tolerância 20/20/15)
[INFO] [1791389205.835974, 1193.212000]: [mission] fase "saida_eixo" it2: ponta (0.364, 2.884, 0.914) erro=0.0772 | degrau eixo 13.5° | rolagem 87.5° | IK pediu [-23.2  28.7  -0.  -71.7  13. ] | faltou [ -0.4 -16.4  60.    0.    1.1] graus
[INFO] [1791389205.837594, 1193.214000]: [mission] fase "saida_eixo" it2: no frame da parede eixo=+4.7 prof=-8.3 alt=-76.6 mm (tolerância 20/20/15)
[INFO] [1791389227.447412, 1214.642000]: [mission] fase "saida_eixo" it3: ponta (0.352, 2.887, 0.925) erro=0.0879 | degrau eixo 12.2° | rolagem 77.8° | IK pediu [-22.7  22.2   0.  -69.7  13.6] | faltou [ 0.1 -9.9 60.   0.2 -0.3] graus
[INFO] [1791389227.450608, 1214.645000]: [mission] fase "saida_eixo" it3: no frame da parede eixo=-6.5 prof=-4.9 alt=-87.6 mm (tolerância 20/20/15)
[INFO] [1791389249.054912, 1236.050000]: [mission] fase "saida_eixo" it4: ponta (0.358, 2.883, 0.944) erro=0.1075 | degrau eixo 11.4° | rolagem 65.1° | IK pediu [-23.   14.4  -0.  -65.6  14.6] | faltou [-0.1 -2.1 60.   0.   0.2] graus
[INFO] [1791389249.057712, 1236.053000]: [mission] fase "saida_eixo" it4: no frame da parede eixo=-0.9 prof=-8.9 alt=-107.1 mm (tolerância 20/20/15)
[INFO] [1791389249.058900, 1236.054000]: [mission] âncora solta — 7 correções de deriva
[INFO] [1791389249.065535, 1236.059000]: [mission] âncora engatada (fase "saida_fora")
[WARN] [1791389314.098010, 1300.287000]: [mission] fase "saida_fora" it3: mira além ficou fora de alcance (0.038 m) — recuando para o alvo real
[ERROR] [1791389357.451010, 1343.388000]: [mission] fase "saida_fora": 5 iterações sem fechar (0.0827 m, tolerância 0.020)
[WARN] [1791389357.451877, 1343.389000]: [mission] ABORT: degrau "saida_fora" não fechou — seguindo para o próximo
[WARN] [1791389382.082677, 1367.842000]: [mission] ABORT — voltando à pose de partida (0.01, 1.00, 0.01 rad)
[INFO] [1791389270.702575, 1257.468000]: [mission] fase "saida_fora" it0: ponta (0.384, 2.862, 0.822) erro=0.0753 | degrau eixo 16.1° | rolagem 36.0° | IK pediu [-25.8  51.1  -0.  -91.1  14.1] | faltou [  0.1 -38.7  60.    0.2   0.1] graus
[INFO] [1791389270.704600, 1257.470000]: [mission] fase "saida_fora" it0: no frame da parede eixo=+24.7 prof=+69.5 alt=+15.4 mm (tolerância 30/20/20)
[INFO] [1791389292.314239, 1278.872000]: [mission] fase "saida_fora" it1: ponta (0.380, 2.837, 0.769) erro=0.0836 | degrau eixo 15.0° | rolagem 24.6° | IK pediu [ -26.1   57.8    0.  -102.9   15.6] | faltou [ -0.1 -45.5  60.    0.3  -0.1] graus
[INFO] [1791389292.315422, 1278.873000]: [mission] fase "saida_fora" it1: no frame da parede eixo=+20.8 prof=+44.6 alt=+67.5 mm (tolerância 30/20/20)
[INFO] [1791389313.953006, 1300.275000]: [mission] fase "saida_fora" it2: ponta (0.370, 2.831, 0.756) erro=0.0905 | degrau eixo 16.2° | rolagem 19.9° | IK pediu [ -25.7   65.     1.5 -106.    13.8] | faltou [  0.2 -52.7  58.5   0.2   0. ] graus
[INFO] [1791389313.956140, 1300.279000]: [mission] fase "saida_fora" it2: no frame da parede eixo=+10.9 prof=+39.2 alt=+80.8 mm (tolerância 30/20/20)
[INFO] [1791389335.727805, 1321.881000]: [mission] fase "saida_fora" it3: ponta (0.386, 2.860, 0.822) erro=0.0742 | degrau eixo 16.1° | rolagem 35.7° | IK pediu [-25.8  51.   -0.  -91.   14. ] | faltou [ -0.1 -38.7  60.    0.2  -0.2] graus
[INFO] [1791389335.729294, 1321.882000]: [mission] fase "saida_fora" it3: no frame da parede eixo=+27.0 prof=+67.4 alt=+15.1 mm (tolerância 30/20/20)
[INFO] [1791389357.448757, 1343.386000]: [mission] fase "saida_fora" it4: ponta (0.377, 2.838, 0.771) erro=0.0827 | degrau eixo 14.8° | rolagem 24.7° | IK pediu [ -25.8   57.6   -0.  -102.5   15.3] | faltou [ -0.2 -45.2  60.    0.2   0.1] graus
[INFO] [1791389357.449876, 1343.387000]: [mission] fase "saida_fora" it4: no frame da parede eixo=+18.6 prof=+45.9 alt=+66.2 mm (tolerância 30/20/20)
[INFO] [1791389357.450505, 1343.388000]: [mission] âncora solta — 1 correções de deriva
[INFO] [1791389357.452886, 1343.390000]: [mission] ABORT/afasta: RECUANDO 0.250 m só com as rodas
[INFO] [1791389361.833908, 1347.741000]: [mission] ABORT/afasta: concluído (0.252 m)
[INFO] [1791389361.834741, 1347.742000]: [mission] postura "stow_home" comandada: [0.0, 1.13, -1.04, -1.8, 0.0]
[INFO] [1791389394.720243, 1380.393000]: [mission] ABORT/retorno: alinhado, avançando (1.19 m)
[INFO] [1791389394.770555, 1380.443000]: [mission] teto por postura ativo no drive: v<=0.11 w<=0.50 rampa 0.38/1.55
[INFO] [1791389399.845305, 1385.493000]: [mission] teto por postura ativo no drive: v<=0.11 w<=0.50 rampa 0.37/1.56
[INFO] [1791389406.387212, 1391.993000]: [mission] ABORT/retorno: chegou, ajustando heading final
[INFO] [1791389406.438522, 1392.044000]: [mission] teto por postura ativo no drive: v<=0.11 w<=0.50 rampa 0.37/1.56
[INFO] [1791389413.575392, 1399.143000]: [mission] ABORT/retorno: concluído
[INFO] [1791389413.576681, 1399.144000]: State machine terminating 'ABORT_SAFE':'aborted':'MISSION_ABORTED'
[INFO] [1791389413.577600, 1399.145000]: [mission] resultado: MISSION_ABORTED
... logging to /home/marco/.ros/log/3e3f6f92-c266-11f1-a402-b025aa85b2a2/roslaunch-shiroi-3271071.log
Checking log directory for disk usage. This may take a while.
Press Ctrl-C to interrupt
]2;/home/marco/b166er/src/b166er_whole_body_control/launch/chave_mission.launch
[1mstarted roslaunch server http://shiroi:34089/[0m

SUMMARY
========

PARAMETERS
 * /chave_mission/estado_final: 
 * /chave_mission/estado_inicial: STOW_INIT
 * /chave_mission/pausa_por_fase: False
 * /chave_mission/search_omega: 0.35
 * /chave_mission/standoff_distance: 0.62
 * /chave_mission/use_wholebody: False
 * /chave_seccionadora_task/aproxima_lateral/modo: ik
 * /chave_seccionadora_task/aproxima_lateral/offset_xyz_m: [-0.09, 0.008, 0.01]
 * /chave_seccionadora_task/aproxima_lateral/tol_xyz_m: [0.04, 0.008, 0.005]
 * /chave_seccionadora_task/arco1/blade_angle_deg: 15
 * /chave_seccionadora_task/arco1/deriva_eixo_max_m: 0.015
 * /chave_seccionadora_task/arco1/modo: wb
 * /chave_seccionadora_task/arco1/offset_xyz_m: [0.0, 0.0518, -0....
 * /chave_seccionadora_task/arco1/soltura_recuo_min_m: 0.04
 * /chave_seccionadora_task/arco1/tol_xyz_m: [0.04, 0.01, 0.015]
 * /chave_seccionadora_task/arco2/blade_angle_deg: 30
 * /chave_seccionadora_task/arco2/deriva_eixo_max_m: 0.015
 * /chave_seccionadora_task/arco2/modo: wb
 * /chave_seccionadora_task/arco2/offset_xyz_m: [0.0, 0.1, -0.0518]
 * /chave_seccionadora_task/arco2/tol_xyz_m: [0.04, 0.01, 0.015]
 * /chave_seccionadora_task/atravessa/modo: ik
 * /chave_seccionadora_task/atravessa/offset_xyz_m: [-0.008, 0.008, 0...
 * /chave_seccionadora_task/atravessa/tol_xyz_m: [0.008, 0.006, 0....
 * /chave_seccionadora_task/captura/modo: ik
 * /chave_seccionadora_task/captura/offset_xyz_m: [0.0, 0.0, -0.01]
 * /chave_seccionadora_task/captura/tol_xyz_m: [0.04, 0.006, 0.01]
 * /chave_seccionadora_task/desengata/modo: ik
 * /chave_seccionadora_task/desengata/offset_xyz_m: [-0.09, 0.1, -0.0...
 * /chave_seccionadora_task/destrava/curso_estagna_m: 0.01
 * /chave_seccionadora_task/destrava/curso_margem_m: 0.002
 * /chave_seccionadora_task/destrava/curso_min_m: 0.018
 * /chave_seccionadora_task/destrava/curso_teto_m: 0.022
 * /chave_seccionadora_task/destrava/modo: wb
 * /chave_seccionadora_task/destrava/offset_xyz_m: [0.0, 0.0, -0.025]
 * /chave_seccionadora_task/destrava/tol_xyz_m: [0.04, 0.006, 0.004]
 * /chave_seccionadora_task/libera/deriva_eixo_max_m: 0.015
 * /chave_seccionadora_task/libera/modo: wb
 * /chave_seccionadora_task/libera/offset_xyz_m: [0.0, 0.03, -0.025]
 * /chave_seccionadora_task/libera/tol_xyz_m: [0.04, 0.008, 0.006]
 * /chave_seccionadora_task/orienta/modo: ik
 * /chave_seccionadora_task/orienta/offset_xyz_m: [-0.09, 0.15, 0.0...
 * /chave_seccionadora_task/reassenta_sobe/tol_xyz_m: [0.03, 0.02, 0.005]
 * /chave_seccionadora_task/saida_eixo/tol_xyz_m: [0.02, 0.02, 0.015]
 * /chave_seccionadora_task/saida_fora/tol_xyz_m: [0.03, 0.02, 0.02]
 * /chave_seccionadora_task/saida_sobe/tol_xyz_m: [0.03, 0.02, 0.01]
 * /chave_seccionadora_task/target_frame: chave_olhal_link
 * /fuzzy_wb_controller/fixed_gains: []
 * /rosdistro: noetic
 * /rosversion: 1.17.4

NODES
  /
    chave_mission (b166er_whole_body_control/chave_mission.py)

[1mROS_MASTER_URI=http://localhost:11311[0m
]2;/home/marco/b166er/src/b166er_whole_body_control/launch/chave_mission.launch http://localhost:11311
[1mprocess[chave_mission-1]: started with pid [3271115][0m
[1m[chave_mission-1] process has finished cleanly
log file: /home/marco/.ros/log/3e3f6f92-c266-11f1-a402-b025aa85b2a2/chave_mission-1*.log[0m
all processes on machine have died, roslaunch will exit
shutting down processing monitor...
... shutting down processing monitor complete
[1mdone[0m
