[31mWARNING: disk usage in log directory [/home/marco/.ros/log] is over 1GB.
It's recommended that you use the 'rosclean' command.[0m
the rosdep view is empty: call 'sudo rosdep init' and 'rosdep update'
[WARN] [1791377166.379083, 295.018000]: [mission] SEARCH: 1 de 25 amostras descartadas como outlier (>0.15 m ou >0.20 rad da mediana)
[WARN] [1791377166.432544, 295.073000]: [mission] SEARCH: laser com só 18 pontos de parede (mín 30) — parede fica pela tag
[INFO] [1791377138.835550, 267.934000]: garra_dx = 0.000 m (fechada)
[INFO] [1791377138.884174, 267.977000]: State machine starting in initial state 'STOW_INIT' with userdata: 
	[]
[INFO] [1791377139.191625, 268.286000]: [mission] pose de partida registrada: (0.01, 1.00, -0.01 rad)
[INFO] [1791377139.193783, 268.288000]: [mission] postura "stow_home" comandada: [0.0, 1.13, -1.04, -1.8, 0.0]
[INFO] [1791377139.806912, 268.890000]: State machine transitioning 'STOW_INIT':'ok'-->'SEARCH'
[INFO] [1791377139.810373, 268.893000]: [mission] postura "search" comandada: [0.0, 1.0, -1.0, 0.0, 0.0]
[INFO] [1791377147.057689, 275.995000]: [mission] SEARCH — girando à procura da tag...
[INFO] [1791377147.059034, 275.996000]: [mission] SEARCH: amostra quando a tag estiver a raio 0.35-0.50 do quadro (vista oblíqua; omega fina 0.15 rad/s)
[INFO] [1791377149.138085, 278.047000]: [mission] SEARCH: tag a raio 0.95 — girando até <= 0.50
[INFO] [1791377155.430261, 284.248000]: [mission] SEARCH: tag a raio 0.50 — parando
[INFO] [1791377155.431568, 284.249000]: [mission] tag avistada — parando para medir
[INFO] [1791377156.456747, 285.259000]: [mission] âncora engatada (coleta do SEARCH)
[INFO] [1791377156.459163, 285.262000]: [mission] SEARCH: coleta com dither ±0.05 rad/s (período 3.0 s)
[INFO] [1791377166.365960, 295.006000]: [mission] âncora solta — 14 correções de deriva
[INFO] [1791377166.367089, 295.008000]: [mission] SEARCH: âncora corrigiu a deriva 14 vez(es) durante a coleta
[INFO] [1791377166.380703, 295.021000]: [mission] SEARCH: 24 amostras — parede (0.015, 2.939, -0.006) yaw=-2.865
[INFO] [1791377166.433842, 295.074000]: [mission] parede localizada em (0.015, 2.939, -0.006)
[INFO] [1791377166.438505, 295.079000]: State machine transitioning 'SEARCH':'found'-->'APPROACH'
[INFO] [1791377166.439750, 295.080000]: [mission] APPROACH etapa 1/2 — 1.30 m do olhal, alvo (0.60, 1.62, 1.85 rad)
[INFO] [1791377166.441543, 295.082000]: [mission] APPROACH: alinhado, avançando (0.86 m)
[INFO] [1791377166.491443, 295.132000]: [mission] teto por postura ativo no drive: v<=0.18 w<=0.50 rampa 0.46/1.50
[INFO] [1791377173.315236, 301.832000]: [mission] APPROACH: chegou, ajustando heading final
[INFO] [1791377173.366834, 301.882000]: [mission] teto por postura ativo no drive: v<=0.17 w<=0.50 rampa 0.45/1.49
[INFO] [1791377178.255069, 306.682000]: [mission] APPROACH: concluído
[INFO] [1791377179.273667, 307.685000]: [mission] âncora engatada (coleta do APPROACH/remedida)
[INFO] [1791377179.275667, 307.687000]: [mission] APPROACH/remedida: coleta com dither ±0.05 rad/s (período 3.0 s)
[INFO] [1791377180.731994, 309.116000]: [mission] âncora solta — 2 correções de deriva
[INFO] [1791377180.734535, 309.119000]: [mission] APPROACH/remedida: âncora corrigiu a deriva 2 vez(es) durante a coleta
[INFO] [1791377180.737580, 309.121000]: [mission] APPROACH/remedida: 10 amostras — parede (0.001, 2.998, -0.003) yaw=-3.119
[INFO] [1791377180.792053, 309.174000]: [mission] APPROACH/remedida: parede pelo LASER — 67 pontos, resíduo 5.0 mm: profundidade -2.1 mm e yaw -1.34° em relação à tag → parede (0.001, 3.000, -0.003) yaw=3.141
[INFO] [1791377180.793749, 309.176000]: [mission] APPROACH etapa 2/2 — 0.88 m do olhal, alvo (0.37, 1.99, 1.57 rad)
[INFO] [1791377181.914996, 310.278000]: [mission] APPROACH: alinhado, avançando (0.51 m)
[INFO] [1791377181.966879, 310.328000]: [mission] teto por postura ativo no drive: v<=0.18 w<=0.50 rampa 0.46/1.50
[INFO] [1791377186.192880, 314.478000]: [mission] APPROACH: chegou, ajustando heading final
[INFO] [1791377190.063967, 318.278000]: [mission] APPROACH: concluído
[INFO] [1791377190.067938, 318.282000]: State machine transitioning 'APPROACH':'arrived'-->'REFINE'
[INFO] [1791377190.069107, 318.283000]: [mission] REFINE — remedindo a parede de perto (10 amostras)
[INFO] [1791377190.072335, 318.286000]: [mission] âncora engatada (coleta do REFINE)
[INFO] [1791377190.073614, 318.287000]: [mission] REFINE: coleta com dither ±0.05 rad/s (período 3.0 s)
[INFO] [1791377191.220119, 319.420000]: [mission] âncora solta — 1 correções de deriva
[INFO] [1791377191.222887, 319.423000]: [mission] REFINE: âncora corrigiu a deriva 1 vez(es) durante a coleta
[INFO] [1791377191.225990, 319.425000]: [mission] REFINE: 10 amostras — parede (0.002, 3.004, -0.000) yaw=3.125
[INFO] [1791377191.278670, 319.477000]: [mission] REFINE: parede pelo LASER — 88 pontos, resíduo 4.6 mm: profundidade +4.1 mm e yaw +0.97° em relação à tag → parede (0.002, 3.000, -0.000) yaw=-3.141
[INFO] [1791377191.280672, 319.479000]: [mission] REFINE: deslocou 0.002 m da estimativa anterior
[INFO] [1791377191.282374, 319.481000]: [mission] olhal estimado em (0.202, 2.870, 0.805)
[INFO] [1791377191.287348, 319.486000]: State machine transitioning 'REFINE':'ok'-->'DEPLOY'
[INFO] [1791377191.289218, 319.488000]: [mission] DEPLOY: IK resolvida para a POSE DE MANIPULAÇÃO (0.20, 2.25, 1.57 rad), não para a atual
[INFO] [1791377196.152771, 324.274000]: [mission] DEPLOY: IK nivelada 0.0709 m, só eixo 0.0014 m — a MISSÃO INTEIRA usa "eixo"
[INFO] [1791377196.155349, 324.339000]: [mission] DEPLOY: IK da ponta resolvida (resíduo 0.0014 m, degrau 0.4°) — pré-posicionando em [-10.9 -46.4  60.   78.5  79.1] graus
[INFO] [1791377203.087670, 331.140000]: [mission] plano de exclusão publicado: parede em [ 2.e-03  3.e+00 -0.e+00], normal segura [ 0.001 -1.     0.   ]
[INFO] [1791377203.298755, 331.348000]: [mission] teto por postura ativo no drive: v<=0.22 w<=0.50 rampa 0.51/1.66
[INFO] [1791377205.583292, 333.598000]: [mission] DEPLOY/aproxima: alinhado, avançando (0.38 m)
[INFO] [1791377209.462966, 337.398000]: [mission] DEPLOY/aproxima: chegou, ajustando heading final
[INFO] [1791377212.976186, 340.848000]: [mission] DEPLOY/aproxima: concluído
[INFO] [1791377212.979307, 340.851000]: State machine transitioning 'DEPLOY':'ok'-->'MANIPULATE'
[INFO] [1791377212.982440, 340.854000]: [mission] fase "orienta": modo IK iterativa (YAML)
[INFO] [1791377212.988767, 340.860000]: [mission] âncora engatada (fase "orienta")
[INFO] [1791377216.353930, 344.167000]: [mission] fase "orienta" it0: ponta (0.270, 2.719, 0.808) erro=0.0220 | degrau eixo 0.1° | rolagem 0.1° | IK pediu [-17.9 -26.7  21.3  94.8  76.3] | faltou [ 2.1 -2.1  2.6 -0.4  0.9] graus
[INFO] [1791377218.717983, 346.479000]: [mission] fase "orienta" it1: ponta (0.291, 2.730, 0.806) erro=0.0124 | degrau eixo 0.1° | rolagem 0.6° | IK pediu [-19.7 -23.   14.5  98.1  74.6] | faltou [ 2.  -2.   1.  -0.8  0.9] graus
[INFO] [1791377218.719206, 346.480000]: [mission] âncora solta — 2 correções de deriva
[INFO] [1791377218.720032, 346.481000]: [mission] fase "orienta" alcançada em 2 iteração(ões) (0.0124 m) — âncora corrigiu 2 vez(es)
[INFO] [1791377219.264122, 346.984000]: [mission] fase "aproxima_lateral": modo IK iterativa (YAML)
[INFO] [1791377219.278769, 346.994000]: [mission] âncora engatada (fase "aproxima_lateral")
[INFO] [1791377221.889795, 349.608000]: [mission] fase "aproxima_lateral" it0: ponta (0.290, 2.864, 0.799) erro=0.0159 | degrau eixo 4.8° | rolagem 5.4° | IK pediu [-15.3 -12.9   0.   76.4  80.3] | faltou [-0.4 -2.7  2.  -0.2 -0.8] graus
[INFO] [1791377221.891935, 349.610000]: [mission] fase "aproxima_lateral" it0: no frame da parede eixo=-1.5 prof=+1.7 alt=+15.7 mm (tolerância 40/8/5)
[INFO] [1791377223.829076, 351.514000]: [mission] fase "aproxima_lateral" it1: ponta (0.292, 2.862, 0.808) erro=0.0071 | degrau eixo 4.6° | rolagem 5.2° | IK pediu [-16.  -11.6   0.   76.5  80.1] | faltou [ 0.3 -1.7 -0.4  0.7 -0.6] graus
[INFO] [1791377223.832363, 351.518000]: [mission] fase "aproxima_lateral" it1: no frame da parede eixo=+0.2 prof=+0.3 alt=+7.0 mm (tolerância 40/8/5)
[INFO] [1791377225.829051, 353.467000]: [mission] fase "aproxima_lateral" it2: ponta (0.294, 2.867, 0.808) erro=0.0084 | degrau eixo 4.6° | rolagem 5.4° | IK pediu [-15.7 -10.9  -0.   75.8  80.1] | faltou [ 0.1 -1.8 -0.7  0.3 -0.6] graus
[INFO] [1791377225.832545, 353.471000]: [mission] fase "aproxima_lateral" it2: no frame da parede eixo=+2.6 prof=+4.8 alt=+6.4 mm (tolerância 40/8/5)
[WARN] [1791377235.587193, 363.000000]: [mission] destrava: lingueta em 10.1 mm (esperado ≥ 12) — o gatilho pode não ter soltado
[WARN] [1791377255.610775, 382.642000]: [mission] RETRACT: ponta a 0.137 m do olhal — saindo em degraus: sobe 30 mm, 120 mm pelo eixo do furo, 100 mm para fora, antes de recolher
[INFO] [1791377227.775611, 355.385000]: [mission] fase "aproxima_lateral" it3: ponta (0.292, 2.868, 0.811) erro=0.0066 | degrau eixo 4.4° | rolagem 5.3° | IK pediu [-15.4 -10.5   0.   76.4  80.1] | faltou [-0.2 -1.8 -0.9 -0.1 -0.6] graus
[INFO] [1791377227.780336, 355.390000]: [mission] fase "aproxima_lateral" it3: no frame da parede eixo=+0.1 prof=+5.7 alt=+3.4 mm (tolerância 40/8/5)
[INFO] [1791377227.783033, 355.394000]: [mission] âncora solta — 2 correções de deriva
[INFO] [1791377227.785544, 355.396000]: [mission] fase "aproxima_lateral" alcançada em 4 iteração(ões) (0.0066 m) — âncora corrigiu 2 vez(es)
[INFO] [1791377228.304553, 355.904000]: [mission] fase "atravessa": modo IK iterativa (YAML)
[INFO] [1791377228.311135, 355.911000]: [mission] âncora engatada (fase "atravessa")
[INFO] [1791377230.756692, 358.321000]: [mission] fase "atravessa" it0: ponta (0.209, 2.867, 0.814) erro=0.0056 | degrau eixo 1.6° | rolagem 1.6° | IK pediu [ -8.8 -13.6   0.1  79.7  86.4] | faltou [0. 0. 0. 0. 0.] graus
[INFO] [1791377230.760988, 358.325000]: [mission] fase "atravessa" it0: no frame da parede eixo=-0.5 prof=+5.4 alt=+1.2 mm (tolerância 8/6/5)
[INFO] [1791377230.762976, 358.327000]: [mission] fase "atravessa" alcançada em 1 iteração(ões) (0.0056 m)
[INFO] [1791377231.294724, 358.832000]: [mission] fase "captura": modo IK iterativa (YAML)
[INFO] [1791377231.303451, 358.839000]: [mission] âncora engatada (fase "captura")
[INFO] [1791377233.288041, 360.757000]: [mission] fase "captura" it0: ponta (0.209, 2.874, 0.795) erro=0.0081 | degrau eixo 1.4° | rolagem 1.9° | IK pediu [ -8.4 -15.5  -0.3  79.7  87.1] | faltou [-0.7  0.3  0.1 -0.1 -1.1] graus
[INFO] [1791377233.290674, 360.760000]: [mission] fase "captura" it0: no frame da parede eixo=+7.1 prof=+4.0 alt=+0.0 mm (tolerância 40/6/10)
[INFO] [1791377233.292636, 360.762000]: [mission] fase "captura" alcançada em 1 iteração(ões) (0.0081 m)
[INFO] [1791377233.297523, 360.767000]: [mission] captura: ponta registrada em eixo=-7.1 prof=-4.0 alt=-10.0 mm (zero da descida do destrava e da deriva de eixo)
[INFO] [1791377233.807507, 361.268000]: [mission] fase "destrava": alvo em altura relativo à captura: -30.0 mm (captura -10.0 − curso 18 − margem 2)
[INFO] [1791377233.820611, 361.280000]: [mission] fase "destrava": modo whole-body/Fuzzy (YAML)
[INFO] [1791377234.034382, 361.483000]: [mission] plano de exclusão publicado: parede em [ 2.e-03  3.e+00 -0.e+00], normal segura [ 0.001 -1.     0.   ]
[INFO] [1791377234.344951, 361.786000]: [mission] fase "destrava": whole-body assumiu (base livre, restrita pelo plano de exclusão)
[INFO] [1791377234.346475, 361.787000]: [mission] fase "destrava": whole-body a 0.0162 m do alvo — eixo=+7.0 prof=+4.0 alt=-14.0 mm
[INFO] [1791377235.364120, 362.787000]: [mission] fase "destrava" alcançada por whole-body em 1.0s (0.0072 m) — no frame da parede eixo=+6.7 prof=-2.2 alt=-1.4 mm (tolerância 40/6/4)
[INFO] [1791377235.585659, 362.999000]: [mission] destrava: ponta desceu 18.0 mm desde a captura (critério observável) | lingueta 10.1 mm (só na simulação)
[INFO] [1791377236.110646, 363.502000]: [mission] fase "libera": modo whole-body/Fuzzy (YAML)
[INFO] [1791377236.322608, 363.704000]: [mission] plano de exclusão publicado: parede em [ 2.e-03  3.e+00 -0.e+00], normal segura [ 0.001 -1.     0.   ]
[INFO] [1791377236.631579, 364.009000]: [mission] fase "libera": whole-body assumiu (base livre, restrita pelo plano de exclusão)
[INFO] [1791377236.634685, 364.011000]: [mission] fase "libera": whole-body a 0.0290 m do alvo — eixo=+6.7 prof=+28.0 alt=+2.8 mm
[INFO] [1791377238.768899, 366.112000]: [mission] fase "libera": whole-body a 0.0263 m do alvo — eixo=+6.8 prof=+23.1 alt=+10.6 mm
[INFO] [1791377240.905111, 368.211000]: [mission] fase "libera": whole-body a 0.0257 m do alvo — eixo=+6.8 prof=+22.6 alt=+10.3 mm
[INFO] [1791377242.940306, 370.212000]: [mission] fase "libera": whole-body a 0.0263 m do alvo — eixo=+6.9 prof=+22.4 alt=+11.9 mm
[INFO] [1791377245.065992, 372.312000]: [mission] fase "libera": whole-body a 0.0123 m do alvo — eixo=+7.6 prof=+4.0 alt=+8.7 mm
[INFO] [1791377245.979547, 373.211000]: [mission] fase "libera" alcançada por whole-body em 9.2s (0.0074 m) — no frame da parede eixo=+6.8 prof=+0.4 alt=+3.0 mm (tolerância 40/8/6)
[INFO] [1791377246.695608, 373.917000]: [mission] fase "arco1"/puxa: RECUANDO 0.022 m só com as rodas
[INFO] [1791377247.165097, 374.368000]: [mission] fase "arco1"/puxa: concluído (0.024 m)
[INFO] [1791377247.167912, 374.370000]: [mission] fase "arco1": modo whole-body/Fuzzy (YAML)
[INFO] [1791377247.371999, 374.573000]: [mission] plano de exclusão publicado: parede em [ 2.e-03  3.e+00 -0.e+00], normal segura [ 0.001 -1.     0.   ]
[INFO] [1791377247.675116, 374.875000]: [mission] fase "arco1": whole-body assumiu (base livre, restrita pelo plano de exclusão)
[INFO] [1791377247.676725, 374.876000]: [mission] fase "arco1": whole-body a 0.0077 m do alvo — eixo=+6.8 prof=-1.6 alt=-3.2 mm
[INFO] [1791377248.082633, 375.276000]: [mission] fase "arco1" alcançada por whole-body em 0.4s (0.0069 m) — no frame da parede eixo=+6.8 prof=-0.4 alt=+1.3 mm (tolerância 40/10/15)
[INFO] [1791377248.084152, 375.278000]: [mission] arco1: SOLTURA observável — recuo 56.1 mm desde a captura (mín 40) com deriva de eixo +0.3 mm → SOLTA
[INFO] [1791377248.299387, 375.487000]: [mission] waypoint de 15° — lâmina medida em 14.1° (abertura por CONTATO)
[INFO] [1791377248.813481, 375.988000]: [mission] fase "arco2"/puxa: RECUANDO 0.048 m só com as rodas
[INFO] [1791377249.731451, 376.889000]: [mission] fase "arco2"/puxa: concluído (0.049 m)
[INFO] [1791377249.733726, 376.891000]: [mission] fase "arco2": modo whole-body/Fuzzy (YAML)
[INFO] [1791377249.943629, 377.095000]: [mission] plano de exclusão publicado: parede em [ 2.e-03  3.e+00 -0.e+00], normal segura [ 0.001 -1.     0.   ]
[INFO] [1791377250.248393, 377.398000]: [mission] fase "arco2": whole-body assumiu (base livre, restrita pelo plano de exclusão)
[INFO] [1791377250.250879, 377.400000]: [mission] fase "arco2": whole-body a 0.0104 m do alvo — eixo=+7.3 prof=+7.3 alt=-1.3 mm
[INFO] [1791377250.655165, 377.799000]: [mission] fase "arco2" alcançada por whole-body em 0.4s (0.0075 m) — no frame da parede eixo=+6.8 prof=+1.1 alt=+3.0 mm (tolerância 40/10/15)
[INFO] [1791377250.874764, 378.014000]: [mission] waypoint de 30° — lâmina medida em 31.0° (abertura por CONTATO)
[INFO] [1791377251.384116, 378.516000]: [mission] fase "desengata": modo IK iterativa (YAML)
[INFO] [1791377251.387532, 378.519000]: [mission] âncora engatada (fase "desengata")
[INFO] [1791377254.663437, 381.723000]: [mission] fase "desengata" it0: ponta (0.286, 2.781, 0.740) erro=0.0181 | degrau eixo 6.2° | rolagem 6.1° | IK pediu [-12.4 -14.5  -0.   60.5  83.5] | faltou [ 0.6 -0.7  0.2 -2.5  0.8] graus
[INFO] [1791377254.666621, 381.726000]: [mission] âncora solta — 1 correções de deriva
[INFO] [1791377254.668951, 381.728000]: [mission] fase "desengata" alcançada em 1 iteração(ões) (0.0181 m) — âncora corrigiu 1 vez(es)
[INFO] [1791377255.188807, 382.241000]: [mission] MANIPULATE concluída — chave ABERTA, lâmina medida em 34.4°
[INFO] [1791377255.189462, 382.241000]: State machine transitioning 'MANIPULATE':'done'-->'RETRACT'
[INFO] [1791377255.617668, 382.649000]: [mission] âncora engatada (fase "saida_sobe")
[INFO] [1791377257.558846, 384.557000]: [mission] fase "saida_sobe" it0: ponta (0.286, 2.785, 0.751) erro=0.0210 | degrau eixo 5.9° | rolagem 5.8° | IK pediu [-11.8 -12.    0.   57.9  83.8] | faltou [-0.  -2.  -0.4  1.1  0.4] graus
[INFO] [1791377257.561775, 384.560000]: [mission] fase "saida_sobe" it0: no frame da parede eixo=+0.5 prof=+2.7 alt=+20.8 mm (tolerância 30/20/10)
[INFO] [1791377259.500136, 386.469000]: [mission] fase "saida_sobe" it1: ponta (0.286, 2.784, 0.759) erro=0.0124 | degrau eixo 5.7° | rolagem 5.7° | IK pediu [-11.7 -10.8   0.   59.   83.5] | faltou [-0.  -2.1 -1.1  0.4  0.7] graus
[INFO] [1791377259.503773, 386.473000]: [mission] fase "saida_sobe" it1: no frame da parede eixo=+0.2 prof=+1.4 alt=+12.3 mm (tolerância 30/20/10)
[INFO] [1791377261.567792, 388.503000]: [mission] fase "saida_sobe" it2: ponta (0.285, 2.779, 0.778) erro=0.0072 | degrau eixo 5.6° | rolagem 5.3° | IK pediu [-11.7  -9.8  -0.   58.7  83.5] | faltou [-0.  -1.7 -0.4  0.8  0.7] graus
[INFO] [1791377261.571716, 388.508000]: [mission] fase "saida_sobe" it2: no frame da parede eixo=-0.6 prof=-3.5 alt=-6.3 mm (tolerância 30/20/10)
[INFO] [1791377261.574154, 388.511000]: [mission] âncora solta — 2 correções de deriva
[INFO] [1791377261.575451, 388.512000]: [mission] fase "saida_sobe" alcançada em 3 iteração(ões) (0.0072 m) — âncora corrigiu 2 vez(es)
[INFO] [1791377261.580972, 388.517000]: [mission] âncora engatada (fase "saida_eixo")
[INFO] [1791377264.325169, 391.223000]: [mission] fase "saida_eixo" it0: ponta (0.394, 2.783, 0.774) erro=0.0119 | degrau eixo 13.2° | rolagem 11.5° | IK pediu [-20.5  -9.4  -0.   49.7  78.6] | faltou [ 0.8 -5.  10.4 -4.1  1. ] graus
[INFO] [1791377264.327778, 391.226000]: [mission] fase "saida_eixo" it0: no frame da parede eixo=-11.7 prof=+0.4 alt=-2.1 mm (tolerância 20/20/15)
[INFO] [1791377264.329076, 391.227000]: [mission] âncora solta — 1 correções de deriva
[INFO] [1791377264.330133, 391.228000]: [mission] fase "saida_eixo" alcançada em 1 iteração(ões) (0.0119 m) — âncora corrigiu 1 vez(es)
[INFO] [1791377264.332240, 391.230000]: [mission] âncora engatada (fase "saida_fora")
[INFO] [1791377267.564651, 394.390000]: [mission] fase "saida_fora" it0: ponta (0.406, 2.715, 0.749) erro=0.0392 | degrau eixo 9.3° | rolagem 11.2° | IK pediu [-23.1 -18.1  -0.   80.1  72.1] | faltou [ 0.9  0.5 -2.3 -4.6  1.1] graus
[INFO] [1791377267.569674, 394.396000]: [mission] fase "saida_fora" it0: no frame da parede eixo=-0.2 prof=+32.2 alt=+22.4 mm (tolerância 30/20/20)
[INFO] [1791377269.637161, 396.430000]: [mission] fase "saida_fora" it1: ponta (0.404, 2.675, 0.778) erro=0.0104 | degrau eixo 7.6° | rolagem 8.6° | IK pediu [-24.  -17.5  -0.   85.9  70.4] | faltou [ 0.5 -0.9  0.8 -3.9  1.1] graus
[INFO] [1791377269.640513, 396.433000]: [mission] fase "saida_fora" it1: no frame da parede eixo=-1.8 prof=-7.8 alt=-6.6 mm (tolerância 30/20/20)
[INFO] [1791377269.642369, 396.435000]: [mission] âncora solta — 3 correções de deriva
[INFO] [1791377269.644115, 396.437000]: [mission] fase "saida_fora" alcançada em 2 iteração(ões) (0.0104 m) — âncora corrigiu 3 vez(es)
[INFO] [1791377269.646815, 396.439000]: [mission] RETRACT/afasta: RECUANDO 0.250 m só com as rodas
[INFO] [1791377274.159018, 400.893000]: [mission] RETRACT/afasta: concluído (0.252 m)
[INFO] [1791377274.160266, 400.894000]: [mission] postura "stow_home" comandada: [0.0, 1.13, -1.04, -1.8, 0.0]
[INFO] [1791377285.401191, 411.895000]: State machine transitioning 'RETRACT':'ok'-->'RETURN'
[INFO] [1791377285.403294, 411.896000]: [mission] RETURN — voltando a (0.01, 1.00, -0.01 rad)
[INFO] [1791377298.012982, 424.249000]: [mission] RETURN: alinhado, avançando (1.07 m)
[INFO] [1791377298.063111, 424.299000]: [mission] teto por postura ativo no drive: v<=0.23 w<=0.50 rampa 0.52/1.51
[INFO] [1791377306.402751, 432.499000]: [mission] RETURN: chegou, ajustando heading final
[INFO] [1791377306.454095, 432.549000]: [mission] teto por postura ativo no drive: v<=0.23 w<=0.50 rampa 0.52/1.49
[INFO] [1791377313.267101, 439.250000]: [mission] RETURN: concluído
[INFO] [1791377313.270097, 439.253000]: State machine terminating 'RETURN':'home':'MISSION_OK'
[INFO] [1791377313.273495, 439.256000]: [mission] resultado: MISSION_OK
... logging to /home/marco/.ros/log/58cd2ff8-c24c-11f1-bbd5-b025aa85b2a2/roslaunch-shiroi-3039448.log
Checking log directory for disk usage. This may take a while.
Press Ctrl-C to interrupt
]2;/home/marco/b166er/src/b166er_whole_body_control/launch/chave_mission.launch
[1mstarted roslaunch server http://shiroi:37943/[0m

SUMMARY
========

PARAMETERS
 * /chave_mission/estado_final: 
 * /chave_mission/estado_inicial: STOW_INIT
 * /chave_mission/pausa_por_fase: False
 * /chave_mission/search_omega: 0.35
 * /chave_mission/standoff_distance: 0.62
 * /chave_mission/use_wholebody: False
 * /chave_seccionadora_task/aproxima_lateral/modo: ik
 * /chave_seccionadora_task/aproxima_lateral/offset_xyz_m: [-0.09, 0.008, 0.01]
 * /chave_seccionadora_task/aproxima_lateral/tol_xyz_m: [0.04, 0.008, 0.005]
 * /chave_seccionadora_task/arco1/blade_angle_deg: 15
 * /chave_seccionadora_task/arco1/deriva_eixo_max_m: 0.015
 * /chave_seccionadora_task/arco1/modo: wb
 * /chave_seccionadora_task/arco1/offset_xyz_m: [0.0, 0.0518, -0....
 * /chave_seccionadora_task/arco1/soltura_recuo_min_m: 0.04
 * /chave_seccionadora_task/arco1/tol_xyz_m: [0.04, 0.01, 0.015]
 * /chave_seccionadora_task/arco2/blade_angle_deg: 30
 * /chave_seccionadora_task/arco2/deriva_eixo_max_m: 0.015
 * /chave_seccionadora_task/arco2/modo: wb
 * /chave_seccionadora_task/arco2/offset_xyz_m: [0.0, 0.1, -0.0518]
 * /chave_seccionadora_task/arco2/tol_xyz_m: [0.04, 0.01, 0.015]
 * /chave_seccionadora_task/atravessa/modo: ik
 * /chave_seccionadora_task/atravessa/offset_xyz_m: [-0.008, 0.008, 0...
 * /chave_seccionadora_task/atravessa/tol_xyz_m: [0.008, 0.006, 0....
 * /chave_seccionadora_task/captura/modo: ik
 * /chave_seccionadora_task/captura/offset_xyz_m: [0.0, 0.0, -0.01]
 * /chave_seccionadora_task/captura/tol_xyz_m: [0.04, 0.006, 0.01]
 * /chave_seccionadora_task/desengata/modo: ik
 * /chave_seccionadora_task/desengata/offset_xyz_m: [-0.09, 0.1, -0.0...
 * /chave_seccionadora_task/destrava/curso_estagna_m: 0.01
 * /chave_seccionadora_task/destrava/curso_margem_m: 0.002
 * /chave_seccionadora_task/destrava/curso_min_m: 0.018
 * /chave_seccionadora_task/destrava/curso_teto_m: 0.022
 * /chave_seccionadora_task/destrava/modo: wb
 * /chave_seccionadora_task/destrava/offset_xyz_m: [0.0, 0.0, -0.025]
 * /chave_seccionadora_task/destrava/tol_xyz_m: [0.04, 0.006, 0.004]
 * /chave_seccionadora_task/libera/deriva_eixo_max_m: 0.015
 * /chave_seccionadora_task/libera/modo: wb
 * /chave_seccionadora_task/libera/offset_xyz_m: [0.0, 0.03, -0.025]
 * /chave_seccionadora_task/libera/tol_xyz_m: [0.04, 0.008, 0.006]
 * /chave_seccionadora_task/orienta/modo: ik
 * /chave_seccionadora_task/orienta/offset_xyz_m: [-0.09, 0.15, 0.0...
 * /chave_seccionadora_task/reassenta_sobe/tol_xyz_m: [0.03, 0.02, 0.005]
 * /chave_seccionadora_task/saida_eixo/tol_xyz_m: [0.02, 0.02, 0.015]
 * /chave_seccionadora_task/saida_fora/tol_xyz_m: [0.03, 0.02, 0.02]
 * /chave_seccionadora_task/saida_sobe/tol_xyz_m: [0.03, 0.02, 0.01]
 * /chave_seccionadora_task/target_frame: chave_olhal_link
 * /fuzzy_wb_controller/fixed_gains: []
 * /rosdistro: noetic
 * /rosversion: 1.17.4

NODES
  /
    chave_mission (b166er_whole_body_control/chave_mission.py)

[1mROS_MASTER_URI=http://localhost:11311[0m
]2;/home/marco/b166er/src/b166er_whole_body_control/launch/chave_mission.launch http://localhost:11311
[1mprocess[chave_mission-1]: started with pid [3039492][0m
[1m[chave_mission-1] process has finished cleanly
log file: /home/marco/.ros/log/58cd2ff8-c24c-11f1-bbd5-b025aa85b2a2/chave_mission-1*.log[0m
all processes on machine have died, roslaunch will exit
shutting down processing monitor...
... shutting down processing monitor complete
[1mdone[0m
