In file included from /Users/marcoreis/b166er/src/rosaria/LaserPublisher.cpp:5:
In file included from /usr/local/include/Aria/Aria.h:33:
[1m/usr/local/include/Aria/ariaTypedefs.h:28:9: [0m[0;1;35mwarning: [0m[1m'ARIACODA' macro redefined [-Wmacro-redefined][0m
   28 | #define ARIACODA 3[0m
      | [0;1;32m        ^
[0m[1m<command line>:1:9: [0m[0;1;36mnote: [0mprevious definition is here[0m
    1 | #define ARIACODA 1[0m
      | [0;1;32m        ^
[0mIn file included from /Users/marcoreis/b166er/src/rosaria/RosAria.cpp:7:
In file included from /usr/local/include/Aria/Aria.h:33:
[1m/usr/local/include/Aria/ariaTypedefs.h:28:9: [0m[0;1;35mwarning: [0m[1m'ARIACODA' macro redefined [-Wmacro-redefined][0m
   28 | #define ARIACODA 3[0m
      | [0;1;32m        ^
[0m[1m<command line>:1:9: [0m[0;1;36mnote: [0mprevious definition is here[0m
    1 | #define ARIACODA 1[0m
      | [0;1;32m        ^
[0mIn file included from In file included from /Users/marcoreis/b166er/src/rosaria/RosAria.cpp/Users/marcoreis/b166er/src/rosaria/LaserPublisher.cpp::75:
:
In file included from In file included from /usr/local/include/Aria/Aria.h/usr/local/include/Aria/Aria.h::8585:
:
[1m/usr/local/include/Aria/ArDPPTU.h:165:17[1m:/usr/local/include/Aria/ArDPPTU.h :[0m165[0;1;35m:warning: 17[0m:[1m 'init' overrides a member function but is not marked 'override' [-Winconsistent-missing-override][0m[0m[0;1;35m
warning: [0m[1m'init' overrides a member function but is not marked 'override' [-Winconsistent-missing-override][0m
  165   | 165  |   A RAERXEPXOPROTR Tb oboolo li niinti(t)(;)[0m;
[0m      
|       [0;1;32m|                 ^[0;1;32m
                ^[0m
[0m[1m/usr/local/include/Aria/ArPTZ.h[1m:/usr/local/include/Aria/ArPTZ.h:96:2596:: 25[0m:[0;1;36m note: [0m[0m[0;1;36moverridden virtual function is herenote: [0m[0m
overridden virtual function is here[0m
   96    | 96  |   A RAERXEPXOPROTR Tv ivritrutaula lb boolo oiln iitn(i)t (=)  0=; [0m0
;[0m
            | | [0;1;32m[0;1;32m                        ^                        ^

[0m[0mIn file included from In file included from /Users/marcoreis/b166er/src/rosaria/LaserPublisher.cpp/Users/marcoreis/b166er/src/rosaria/RosAria.cpp::57:
:
In file included from In file included from /usr/local/include/Aria/Aria.h/usr/local/include/Aria/Aria.h::8585:
:
[1m[1m/usr/local/include/Aria/ArDPPTU.h/usr/local/include/Aria/ArDPPTU.h::168168::1616::  [0m[0m[0;1;35m[0;1;35mwarning: warning: [0m[0m[1m[1m'canZoom' overrides a member function but is not marked 'override' [-Winconsistent-missing-override]'canZoom' overrides a member function but is not marked 'override' [-Winconsistent-missing-override][0m[0m

    168168 |  |     vviirrttuuaall  bbooooll  ccaannZZoooomm(())  ccoonnsstt  {{  rreettuurrnn  ffaallssee;; }[0m 
}      [0m| 
[0;1;32m                     ^| 
[0;1;32m[0m               ^
[0m[1m[1m/usr/local/include/Aria/ArPTZ.h:133:25/usr/local/include/Aria/ArPTZ.h:: 133[0m:[0;1;36m25note: :[0m overridden virtual function is here[0m[0m[0;1;36m
note: [0m  overridden virtual function is here133[0m | 
    A133R | E X PAORRETX PvOiRrtuTa lv ibrotoula lc abnoZoolo mc(a)n Zcooonms(t)  =c o0n;s[0m
t       | =[0;1;32m 0;[0m                        ^

      [0m| [0;1;32mIn file included from                         ^/Users/marcoreis/b166er/src/rosaria/LaserPublisher.cpp
:[0m5:
In file included from In file included from /Users/marcoreis/b166er/src/rosaria/RosAria.cpp/usr/local/include/Aria/Aria.h::785:
:
In file included from [1m/usr/local/include/Aria/Aria.h/usr/local/include/Aria/ArDPPTU.h::85169:
:[1m16/usr/local/include/Aria/ArDPPTU.h:: 169[0m:[0;1;35m16warning: :[0m [1m[0m'canGetRealPanTilt' overrides a member function but is not marked 'override' [-Winconsistent-missing-override][0;1;35m[0mwarning: 
[0m[1m'canGetRealPanTilt' overrides a member function but is not marked 'override' [-Winconsistent-missing-override]  [0m169
 |     v169i | r t uvailr tbuoaoll  bcoaonlG ectanGeRteRaelaPlaPanTilt()n coTnisltt ({)  rceotnusrtn  {m yrCeatnuGrent RmeyaClaPnaGneTtiRleta;l }[0m
      | [0;1;32m               ^
[0mP[1ma/usr/local/include/Aria/ArPTZ.hn:T158i:l25t:;  [0m}[0;1;36m[0mnote: 
[0m      overridden virtual function is here| [0m[0;1;32m
               ^
  158 |   [0mARE[1mX/usr/local/include/Aria/ArPTZ.hP:O158R:T25 :v i[0mr[0;1;36mtnote: u[0maoverridden virtual function is herel[0m 
bool ca  n158G | e t RAeRaEXPlOPRaTn Tviilrttua(l)  bcooonls tc a{n GreettRueranl PfaanlTsiel;t (})[0m 
c      o| nst[0;1;32m                         ^{
 [0mreturIn file included from n/Users/marcoreis/b166er/src/rosaria/RosAria.cpp :f7a:
lIn file included from s/usr/local/include/Aria/Aria.he:; }85:
[1m[0m/usr/local/include/Aria/ArDPPTU.h
:      342| :[0;1;32m17                        ^:
 [0m[0m[0;1;35mwarning: [0m[1m'panSlew' overrides a member function but is not marked 'override' [-Winconsistent-missing-override]In file included from [0m/Users/marcoreis/b166er/src/rosaria/LaserPublisher.cpp
:  5:
342In file included from  | /usr/local/include/Aria/Aria.h : 85A:
R[1mE/usr/local/include/Aria/ArDPPTU.hX:P342O:R17T:  b[0mo[0;1;35mowarning: l[0m [1mp'panSlew' overrides a member function but is not marked 'override' [-Winconsistent-missing-override]a[0mn
Sle  w342( | d o uARbElXeP dOReTg )b;o[0mo
l       | p[0;1;32ma                ^n
S[0ml[1m/usr/local/include/Aria/ArPTZ.he:w202(:d16o:u b[0ml[0;1;36me dnote: e[0mgoverridden virtual function is here)[0m;
[0m
        202|  | [0;1;32m                 ^ vir
t[0mua[1ml/usr/local/include/Aria/ArPTZ.h :b202o:o16l:  p[0ma[0;1;36mnnote: S[0mloverridden virtual function is heree[0mw
(UNU  S202E | D   dvoiurbtluea ls )b o{o lr eptaunrSnl efwa(lUsNeU;S E}D[0m 
d      o| u[0;1;32mb               ^l
e[0m sIn file included from )/Users/marcoreis/b166er/src/rosaria/RosAria.cpp :{7 :
reIn file included from t/usr/local/include/Aria/Aria.hu:r85n:
 [1mf/usr/local/include/Aria/ArDPPTU.ha:l344s:e;17 :} [0m[0m
[0;1;35m      warning: | [0m[0;1;32m[1m               ^'tiltSlew' overrides a member function but is not marked 'override' [-Winconsistent-missing-override]
[0m[0m
In file included from   /Users/marcoreis/b166er/src/rosaria/LaserPublisher.cpp344: | 5 :
 In file included from A/usr/local/include/Aria/Aria.hR:E85X:
P[1mO/usr/local/include/Aria/ArDPPTU.hR:T344 :b17o:o l[0m [0;1;35mtiltSwarning: l[0me[1mw('tiltSlew' overrides a member function but is not marked 'override' [-Winconsistent-missing-override]d[0mo
ub  l344e |   d eAgR)EXPO;R[0mT
       b| o[0;1;32mo                ^l
 [0mti[1ml/usr/local/include/Aria/ArPTZ.ht:S207l:e16w:( d[0mo[0;1;36munote: b[0mloverridden virtual function is heree[0m 
de  g207) | ; [0m 
v      i| r[0;1;32mt                ^u
a[0ml [1mb/usr/local/include/Aria/ArPTZ.ho:o207l: 16t:i l[0mt[0;1;36mSnote: l[0mew(overridden virtual function is hereU[0mN
USED   207d | o u virbtluea ls )b o{o lr ettiulrtnS lfeawl(sUeN;U S}E[0mD
 do      u| b[0;1;32ml               ^e
 [0ms) In file included from {/Users/marcoreis/b166er/src/rosaria/RosAria.cpp :r7e:
tIn file included from u/usr/local/include/Aria/Aria.hr:n85 :
f[1ma/usr/local/include/Aria/ArDPPTU.hl:s345e:; }8: [0m[0m[0;1;35m
warning:       [0m| [1m[0;1;32m'canPanTiltSlew' overrides a member function but is not marked 'override' [-Winconsistent-missing-override]               ^[0m

[0m  345In file included from  | /Users/marcoreis/b166er/src/rosaria/LaserPublisher.cpp : 5b:
oIn file included from o/usr/local/include/Aria/Aria.hl: 85c:
a[1mn/usr/local/include/Aria/ArDPPTU.hP:a345n:T8i:l t[0mS[0;1;35mlwarning: e[0mw[1m('canPanTiltSlew' overrides a member function but is not marked 'override' [-Winconsistent-missing-override])[0m 
{   r345etu | r n  btoroule ;c a}nP[0m
      | [0;1;32man       ^T
i[0mlt[1mS/usr/local/include/Aria/ArPTZ.hl:e197w:(16):  {[0m [0;1;36mrnote: e[0mtoverridden virtual function is hereu[0mrn
   t197r | u e ;v i}r[0mt
u      a| l[0;1;32m        ^b
o[0mol[1m /usr/local/include/Aria/ArPTZ.hc:a197n:P16a:n T[0mi[0;1;36mlnote: t[0mSoverridden virtual function is herel[0me
w()  197 |    {v rirteutaulr nb ofoall scea;n P}a[0mn
T      i| l[0;1;32mt               ^S
l[0mew(In file included from )/Users/marcoreis/b166er/src/rosaria/RosAria.cpp :{7 :
rIn file included from e/usr/local/include/Aria/Aria.ht:u85r:
n[1m /usr/local/include/Aria/ArDPPTU.hfal:s364e:;18 :} [0m[0m
[0;1;35m      warning: | [0m[0;1;32m[1m               ^'getPan_i' overrides a member function but is not marked 'override' [-Winconsistent-missing-override]
[0m[0m
In file included from   /Users/marcoreis/b166er/src/rosaria/LaserPublisher.cpp364: | 5 :
 In file included from v/usr/local/include/Aria/Aria.hi:r85t:
u[1ma/usr/local/include/Aria/ArDPPTU.hl: 364d:o18u:b l[0me[0;1;35m warning: g[0me[1mt'getPan_i' overrides a member function but is not marked 'override' [-Winconsistent-missing-override]P[0ma
n_  i364( | )   cvoinrsttu a[0ml
 do      | u[0;1;32mb                 ^l
e[0m [1mg/usr/local/include/Aria/ArPTZ.he:t370P:a27n: _[0mi[0;1;36m(note: )[0m overridden virtual function is herec[0mo
nst [0m
        370|  | [0;1;32m                  ^ 
A[0mR[1mE/usr/local/include/Aria/ArPTZ.hX:P370O:R27T:  v[0mi[0;1;36mrnote: t[0muoverridden virtual function is herea[0ml
 doubl  e370  | g e tAPRaEnX_PiO(R)T  cvoinrsttu a=l  0;[0md
o      u| b[0;1;32ml                          ^e
 [0mgeIn file included from t/Users/marcoreis/b166er/src/rosaria/RosAria.cppP:a7n:
_In file included from i/usr/local/include/Aria/Aria.h(:)85 :
c[1mo/usr/local/include/Aria/ArDPPTU.hn:s368t: 18=:  0[0m;[0;1;35m[0mwarning: 
[0m      [1m| 'getTilt_i' overrides a member function but is not marked 'override' [-Winconsistent-missing-override][0;1;32m[0m                          ^

[0m  368In file included from  | /Users/marcoreis/b166er/src/rosaria/LaserPublisher.cpp : 5v:
irtual double getTilt_i() const [0mIn file included from 
      | [0;1;32m                 ^
[0m/usr/local/include/Aria/Aria.h[1m/usr/local/include/Aria/ArPTZ.h::85371:27: [0m[0;1;36mnote: [0moverridden virtual function is here[0m
  371 |   AREXPORT :
[1m/usr/local/include/Aria/ArDPPTU.h:virtu368a:l18 :d o[0mu[0;1;35mbwarning: l[0me[1m 'getTilt_i' overrides a member function but is not marked 'override' [-Winconsistent-missing-override]g[0me
tTi  368 |  l tv_i() const = 0;[0m
      | [0;1;32m                          ^
[0mirtual double getTiIn file included from /Users/marcoreis/b166er/src/rosaria/RosAria.cpp:7lt_i(:
)In file included from  /usr/local/include/Aria/Aria.hc:o85n:
s[1mt/usr/local/include/Aria/ArDPPTU.h :[0m
      | [0;1;32m                 ^
[0m[1m/usr/local/include/Aria/ArPTZ.h:371438::2734:: [0m[0;1;36mnote: [0moverridden virtual function is here[0m
   371 |   [0mA[0;1;35mRwarning: E[0mX[1mP'readPacket' overrides a member function but is not marked 'override' [-Winconsistent-missing-override]O[0mR
T vir  t438u | a l  AdRoEuXbPlOeR Tg evtiTilt_i() const = 0;[0m
      | [0;1;32m                          ^r
t[0mual ArIn file included from B/Users/marcoreis/b166er/src/rosaria/LaserPublisher.cppa:s5e:
PIn file included from a/usr/local/include/Aria/Aria.hc:k85e:
t[1m /usr/local/include/Aria/ArDPPTU.h*:r438e:a34d:P a[0mc[0;1;35mkwarning: e[0mt[1m('readPacket' overrides a member function but is not marked 'override' [-Winconsistent-missing-override])[0m;
[0m
        | 438[0;1;32m |                                  ^ 
 [0mARE[1mX/usr/local/include/Aria/ArPTZ.hP:O289R:T34 :v i[0mr[0;1;36mtnote: u[0maoverridden virtual function is herel[0m 
ArB  a289s | e P aAcRkEeXtP O*RrTe avdiPratcukaelt (A)r;B[0ma
s      e| P[0;1;32ma                                 ^c
k[0me[1mt/usr/local/include/Aria/ArPTZ.h :*289r:e34a:d P[0ma[0;1;36mcnote: k[0meoverridden virtual function is heret[0m(
) {  289 |  return N UL LA;R E}X[0mP
O      R| T[0;1;32m                                  ^v
i[0mrtual ArBasePacket *readPacket() { return NULL; }[0m
      | [0;1;32m                                 ^
[0mIn file included from /Users/marcoreis/b166er/src/rosaria/LaserPublisher.cpp:5:
In file included from /usr/local/include/Aria/Aria.h:134:
[1m/usr/local/include/Aria/ArSimulatedLaser.h:62:25: [0m[0;1;35mwarning: [0m[1m'isConnected' overrides a member function but is not marked 'override' [-Winconsistent-missing-override][0m
   62 |   AREXPORT virtual bool isConnected()[0m
      | [0;1;32m                        ^
[0m[1m/usr/local/include/Aria/ArLaser.h:129:25: [0m[0;1;36mnote: [0moverridden virtual function is here[0m
  129 |   AREXPORT virtual bool isConnected() = 0;  [0m
      | [0;1;32m                        ^
[0mIn file included from /Users/marcoreis/b166er/src/rosaria/RosAria.cpp:7:
In file included from /usr/local/include/Aria/Aria.h:134:
[1m/usr/local/include/Aria/ArSimulatedLaser.h:62:25: [0m[0;1;35mwarning: [0m[1m'isConnected' overrides a member function but is not marked 'override' [-Winconsistent-missing-override][0m
   62 |   AREXPORT virtual bool isConnected()[0m
      | [0;1;32m                        ^
[0m[1m/usr/local/include/Aria/ArLaser.h:129:25: [0m[0;1;36mnote: [0moverridden virtual function is here[0m
  129 |   AREXPORT virtual bool isConnected() = 0;  [0m
      | [0;1;32m                        ^
[0mIn file included from /Users/marcoreis/b166er/src/rosaria/RosAria.cpp:7:
In file included from /usr/local/include/Aria/Aria.h:142:
[1m/usr/local/include/Aria/ArS3Series.h:236:16: [0m[0;1;35mwarning: [0m[1m'laserSetName' overrides a member function but is not marked 'override' [-Winconsistent-missing-override][0m
  236 |   virtual void laserSetName(const char *name);[0m
      | [0;1;32m               ^
[0m[1m/usr/local/include/Aria/ArLaser.h:627:25: [0m[0;1;36mnote: [0moverridden virtual function is here[0m
  627 |   AREXPORT virtual void laserSetName(const char *name);[0m
      | [0;1;32m                        ^
[0mIn file included from /Users/marcoreis/b166er/src/rosaria/RosAria.cpp:7:
In file included from /usr/local/include/Aria/Aria.h:142:
[1m/usr/local/include/Aria/ArS3Series.h:237:18: [0m[0;1;35mwarning: [0m[1m'runThread' overrides a member function but is not marked 'override' [-Winconsistent-missing-override][0m
  237 |   virtual void * runThread(void *arg);[0m
      | [0;1;32m                 ^
[0m[1m/usr/local/include/Aria/ArRangeDeviceThreaded.h:52:27: [0m[0;1;36mnote: [0moverridden virtual function is here[0m
   52 |   AREXPORT virtual void * runThread(void *arg) = 0;[0m
      | [0;1;32m                          ^
[0mIn file included from /Users/marcoreis/b166er/src/rosaria/RosAria.cpp:7:
In file included from /usr/local/include/Aria/Aria.h:142:
[1m/usr/local/include/Aria/ArS3Series.h:238:16: [0m[0;1;35mwarning: [0m[1m'setRobot' overrides a member function but is not marked 'override' [-Winconsistent-missing-override][0m
  238 |   virtual void setRobot(ArRobot *robot);[0m
      | [0;1;32m               ^
[0m[1m/usr/local/include/Aria/ArRangeDevice.h:96:25: [0m[0;1;36mnote: [0moverridden virtual function is here[0m
   96 |   AREXPORT virtual void setRobot(ArRobot *robot);[0m
      | [0;1;32m                        ^
[0mIn file included from /Users/marcoreis/b166er/src/rosaria/LaserPublisher.cpp:5:
In file included from /usr/local/include/Aria/Aria.h:142:
[1m/usr/local/include/Aria/ArS3Series.h:236:16: [0m[0;1;35mwarning: [0m[1m'laserSetName' overrides a member function but is not marked 'override' [-Winconsistent-missing-override][0m
  236 |   virtual void laserSetName(const char *name);[0m
      | [0;1;32m               ^
[0m[1m/usr/local/include/Aria/ArLaser.h:627:25: [0m[0;1;36mnote: [0moverridden virtual function is here[0m
  627 |   AREXPORT virtual void laserSetName(const char *name);[0m
      | [0;1;32m                        ^
[0mIn file included from /Users/marcoreis/b166er/src/rosaria/LaserPublisher.cpp:5:
In file included from /usr/local/include/Aria/Aria.h:142:
[1m/usr/local/include/Aria/ArS3Series.h:237:18: [0m[0;1;35mwarning: [0m[1m'runThread' overrides a member function but is not marked 'override' [-Winconsistent-missing-override][0m
  237 |   virtual void * runThread(void *arg);[0m
      | [0;1;32m                 ^
[0m[1m/usr/local/include/Aria/ArRangeDeviceThreaded.h:52:27: [0m[0;1;36mnote: [0moverridden virtual function is here[0m
   52 |   AREXPORT virtual void * runThread(void *arg) = 0;[0m
      | [0;1;32m                          ^
[0mIn file included from /Users/marcoreis/b166er/src/rosaria/LaserPublisher.cpp:5:
In file included from /usr/local/include/Aria/Aria.h:142:
[1m/usr/local/include/Aria/ArS3Series.h:238:16: [0m[0;1;35mwarning: [0m[1m'setRobot' overrides a member function but is not marked 'override' [-Winconsistent-missing-override][0m
  238 |   virtual void setRobot(ArRobot *robot);[0m
      | [0;1;32m               ^
[0m[1m/usr/local/include/Aria/ArRangeDevice.h:96:25: [0m[0;1;36mnote: [0moverridden virtual function is here[0m
   96 |   AREXPORT virtual void setRobot(ArRobot *robot);[0m
      | [0;1;32m                        ^
[0m14 warnings generated.
14 warnings generated.
