In file included from /Users/marcoreis/b166er/src/rosaria/LaserPublisher.cpp:5:
In file included from /usr/local/include/Aria/Aria.h:33:
[1m/usr/local/include/Aria/ariaTypedefs.h:28:9: [0m[0;1;35mwarning: [0m[1m'ARIACODA' macro redefined [-Wmacro-redefined][0m
   28 | #define ARIACODA 3[0m
      | [0;1;32m        ^
[0m[1m<command line>:1:9: [0m[0;1;36mnote: [0mprevious definition is here[0m
    1 | #define ARIACODA 1[0m
      | [0;1;32m        ^
[0mIn file included from /Users/marcoreis/b166er/src/rosaria/RosAria.cpp:7:
In file included from /usr/local/include/Aria/Aria.h:33:
[1m/usr/local/include/Aria/ariaTypedefs.h:28:9: [0m[0;1;35mwarning: [0m[1m'ARIACODA' macro redefined [-Wmacro-redefined][0m
   28 | #define ARIACODA 3[0m
      | [0;1;32m        ^
[0m[1m<command line>:1:9: [0m[0;1;36mnote: [0mprevious definition is here[0m
    1 | #define ARIACODA 1[0m
      | [0;1;32m        ^
[0mIn file included from /Users/marcoreis/b166er/src/rosaria/RosAria.cpp:7:
In file included from /usr/local/include/Aria/Aria.h:85:
[1m/usr/local/include/Aria/ArDPPTU.h:165:17: [0m[0;1;35mwarning: [0m[1m'init' overrides a member function but is not marked 'override' [-Winconsistent-missing-override][0m
  165 |   AREXPORT bool init();[0m
      | [0;1;32m                ^
[0m[1m/usr/local/include/Aria/ArPTZ.h:96:25: [0m[0;1;36mnote: [0moverridden virtual function is here[0m
   96 |   AREXPORT virtual bool init() = 0;[0m
      | [0;1;32m                        ^
[0mIn file included from /Users/marcoreis/b166er/src/rosaria/RosAria.cpp:7:
In file included from /usr/local/include/Aria/Aria.h:85:
[1m/usr/local/include/Aria/ArDPPTU.h:168:16: [0m[0;1;35mwarning: [0m[1m'canZoom' overrides a member function but is not marked 'override' [-Winconsistent-missing-override][0m
  168 |   virtual bool canZoom() const { return false; }[0m
      | [0;1;32m               ^
[0m[1m/usr/local/include/Aria/ArPTZ.h:133:25: [0m[0;1;36mnote: [0moverridden virtual function is here[0m
  133 |   AREXPORT virtual bool canZoom() const = 0;[0m
      | [0;1;32m                        ^
[0mIn file included from /Users/marcoreis/b166er/src/rosaria/RosAria.cpp:7:
In file included from /usr/local/include/Aria/Aria.h:85In file included from /Users/marcoreis/b166er/src/rosaria/LaserPublisher.cpp:5:
In file included from /usr/local/include/Aria/Aria.h:
:85:
[1m[1m/usr/local/include/Aria/ArDPPTU.h/usr/local/include/Aria/ArDPPTU.h:169::16165:: 17[0m:[0;1;35m warning: [0m[0m[0;1;35m[1mwarning: 'canGetRealPanTilt' overrides a member function but is not marked 'override' [-Winconsistent-missing-override][0m[0m[1m
'init' overrides a member function but is not marked 'override' [-Winconsistent-missing-override][0m
  165 |   AREXPORT   169 |  boo virtuall  ibnoiotl( )c;a[0mn
G      e| t[0;1;32mR                ^e
a[0mlPanTilt() const { return[1m /usr/local/include/Aria/ArPTZ.hm:y96C:a25n:G e[0mt[0;1;36mRnote: e[0maoverridden virtual function is herel[0mP
anTil   t96; |   AREXP }ORT virtual boo[0ml init() = 0;[0m
      | [0;1;32m                        ^
[0m
      In file included from | /Users/marcoreis/b166er/src/rosaria/LaserPublisher.cpp[0;1;32m:5:
In file included from /usr/local/include/Aria/Aria.h:85:
[1m/usr/local/include/Aria/ArDPPTU.h:168:16: [0m[0;1;35mwarning: [0m[1m'canZoom' overrides a member function but is not marked 'override' [-Winconsistent-missing-override][0m
               ^  
168[0m |   virt[1mu/usr/local/include/Aria/ArPTZ.ha:l158 :b25o:o l[0m [0;1;36mcnote: a[0mnoverridden virtual function is hereZ[0mo
om()  158 |    AcRoEnXsPtO R{T  rveitrutruna lf ablosoel;  c}a[0mn
G      e| t[0;1;32mR               ^e
a[0ml[1mP/usr/local/include/Aria/ArPTZ.ha:n133T:i25l:t ([0m)[0;1;36m note: c[0mooverridden virtual function is heren[0ms
t { re  t133u | r n  AfRaElXsPeO;R T} [0mv
i      r| t[0;1;32mu                        ^a
l[0m bool cIn file included from /Users/marcoreis/b166er/src/rosaria/RosAria.cpp:7:
In file included from a/usr/local/include/Aria/Aria.hn:Z85o:
o[1mm/usr/local/include/Aria/ArDPPTU.h(:)342 :c17o:n s[0mt[0;1;35m warning: =[0m [1m0'panSlew' overrides a member function but is not marked 'override' [-Winconsistent-missing-override];[0m[0m

      |   [0;1;32m342                        ^ | 
 [0m AIn file included from R/Users/marcoreis/b166er/src/rosaria/LaserPublisher.cppE:X5P:
OIn file included from R/usr/local/include/Aria/Aria.hT: 85b:
o[1mo/usr/local/include/Aria/ArDPPTU.hl: 169p:an16: [0mSlew(double[0;1;35m deg);[0m
      | [0;1;32m                ^
[0m[1mwarning: /usr/local/include/Aria/ArPTZ.h:202:16: [0m[0;1;36m[0mnote: [1m[0m'canGetRealPanTilt' overrides a member function but is not marked 'override' [-Winconsistent-missing-override]overridden virtual function is here[0m[0m

  202 |   virtual   b169ool panSl | e w (vUiNrUtSuEaDl  dboouobll ec asn)G e{t RreeatluPrann Tfiallts(e);  c}o[0mn
s      t|  [0;1;32m{               ^ 
r[0meIn file included from t/Users/marcoreis/b166er/src/rosaria/RosAria.cppu:r7n:
 In file included from m/usr/local/include/Aria/Aria.hy:C85a:
n[1mG/usr/local/include/Aria/ArDPPTU.he:t344R:e17a:l P[0ma[0;1;35mnwarning: T[0mi[1ml'tiltSlew' overrides a member function but is not marked 'override' [-Winconsistent-missing-override]t[0m;
   }344[0m | 
        | A[0;1;32mR               ^E
X[0mPORT bool tiltSlew(double deg);[0m
      | [0;1;32m                ^
[0m[1m[1m/usr/local/include/Aria/ArPTZ.h:/usr/local/include/Aria/ArPTZ.h207::158:25: [0m[0;1;36mnote: 16[0m:overridden virtual function is here [0m[0m
[0;1;36mnote: [0moverridden virtual function is here[0m
  158 |   AREX  P207 |   virtuOaRT virtual bool canGetRealPanTilt() const { return false; }[0m
      | [0;1;32m                        ^
[0mIn file included from /Users/marcoreis/b166er/src/rosaria/LaserPublisher.cpp:5:
In file included from /usr/local/include/Aria/Aria.h:85:
[1m/usr/local/include/Aria/ArDPPTU.h:342:17: l[0m[0;1;35m warning: b[0mo[1mo'panSlew' overrides a member function but is not marked 'override' [-Winconsistent-missing-override]l[0m 
ti  l342t | S l eAwR(EUXNPUOSRETD  bdoooulb lpanSlew(deo s) u{b lree tduergn) false; }[0m
      | ;[0;1;32m[0m               ^

      [0m| [0;1;32m                ^
In file included from [0m/Users/marcoreis/b166er/src/rosaria/RosAria.cpp:7:
[1mIn file included from /usr/local/include/Aria/ArPTZ.h/usr/local/include/Aria/Aria.h::20285::
16[1m:/usr/local/include/Aria/ArDPPTU.h :[0m345[0;1;36m:note: 8[0m:overridden virtual function is here [0m[0m
[0;1;35mwarning: [0m[1m'canPanTiltSlew' overrides a member function but is not marked 'override' [-Winconsistent-missing-override][0m  202 |   
  345 |   bool canPanTiltSlew() { return true; }[0m
      | [0;1;32m       ^
[0m[1m/usr/local/include/Aria/ArPTZ.h:197:16: [0m[0;1;36mnote: [0moverridden virtual function is here[0mv
  i197r |   virtual bool tcuaanlP abnoToill tpSalneSwl(e)w ({U NrUeStEuDr nd ofuabllsee;  s})[0m 
{       | r[0;1;32me               ^t
u[0mrIn file included from n/Users/marcoreis/b166er/src/rosaria/RosAria.cpp :f7a:
lIn file included from s/usr/local/include/Aria/Aria.he:;85 :
}[1m[0m/usr/local/include/Aria/ArDPPTU.h
:      364| :[0;1;32m18               ^:
 [0m[0m[0;1;35mwarning: [0m[1mIn file included from /Users/marcoreis/b166er/src/rosaria/LaserPublisher.cpp:5:
'getPan_i' overrides a member function but is not marked 'override' [-Winconsistent-missing-override]In file included from [0m/usr/local/include/Aria/Aria.h
:85  :
364[1m | /usr/local/include/Aria/ArDPPTU.h : 344v:i17r:t u[0ma[0;1;35mlwarning:  [0md[1mo'tiltSlew' overrides a member function but is not marked 'override' [-Winconsistent-missing-override]u[0mb
le getPan_i()   344c | o n sAREXPORT bool tiltSlewt( d[0mo
u      b| l[0;1;32me                 ^ 
d[0meg);[0m
      | [0;1;32m                ^
[0m[1m/usr/local/include/Aria/ArPTZ.h:207:16: [0m[0;1;36m[1mnote: /usr/local/include/Aria/ArPTZ.h[0moverridden virtual function is here[0m
  207 |   virtua:l370 :b27o:o l[0m [0;1;36mtnote: i[0mloverridden virtual function is heret[0mS
lew(UNUSED dou  ble s) { re370t | u r nA RfEaXlPsOeR;T  }v[0m
      | [0;1;32m               ^
[0mIn file included from /Users/marcoreis/b166er/src/rosaria/LaserPublisher.cpp:5:
In file included from /usr/local/include/Aria/Aria.h:85:
[1m/usr/local/include/Aria/ArDPPTU.h:345:8: [0m[0;1;35mwarning: [0m[1m'canPanTiltSlew' overrides a member function but is not marked 'override' [-Winconsistent-missing-override][0m
i  r345t | u a lb odoolu bclaen PgaentTPialnt_Sil(e)w (c)o n{s tr e=t u0r;n true; }[0m
      | [0;1;32m       ^
[0m[1m/usr/local/include/Aria/ArPTZ.h:197:16: [0m[0;1;36mnote: [0m[0m
overridden virtual function is here      [0m| 
[0;1;32m  197 |   virtual                           ^b
o[0mol canPanTiltSlew() { return false; }[0m
      | [0;1;32m               ^
[0mIn file included from /Users/marcoreis/b166er/src/rosaria/LaserPublisher.cpp:5:
In file included from In file included from /usr/local/include/Aria/Aria.h/Users/marcoreis/b166er/src/rosaria/RosAria.cpp::85:
[1m/usr/local/include/Aria/ArDPPTU.h:364:18: [0m[0;1;35mwarning: [0m[1m'getPan_i' overrides a member function but is not marked 'override' [-Winconsistent-missing-override][0m
  364 |   virtua7:
In file included from /usr/local/include/Aria/Aria.h:85:
[1m/usr/local/include/Aria/ArDPPTU.h:368:l doubl18: [0m[0;1;35me gwarning: e[0mt[1mP'getTilt_i' overrides a member function but is not marked 'override' [-Winconsistent-missing-override]a[0mn
_i()   368 |   virtual double getTilt_i() const [0m
      | [0;1;32m                 ^
[0mcon[1m/usr/local/include/Aria/ArPTZ.h:st [0m371
:      27| :[0;1;32m                  ^[0m
[0;1;36m[0mnote: [0moverridden virtual function is here[0m
[1m/usr/local/include/Aria/ArPTZ.h  :371370 | : 27 :A R[0mE[0;1;36mXnote: P[0mOoverridden virtual function is hereR[0mT
 vi  r370t | u a lA RdEoXuPbOlReT  gveitrTtiulatl double getP_ain(_)i (c)onst = 0 ;const[0m
       | =[0;1;32m                           ^0
;[0m[0m
      | [0;1;32m                          ^
[0mIn file included from /Users/marcoreis/b166er/src/rosaria/RosAria.cpp:7:
In file included from /usr/local/include/Aria/Aria.h:In file included from /Users/marcoreis/b166er/src/rosaria/LaserPublisher.cpp:5:
In file included from /usr/local/include/Aria/Aria.h:85:
85[1m/usr/local/include/Aria/ArDPPTU.h:368:
:[1m/usr/local/include/Aria/ArDPPTU.h:18: [0m438:34: [0m[0;1;35mwarning: [0m[0;1;35mwarning: [0m[1m'getTilt_i' overrides a member function but is not marked 'override' [-Winconsistent-missing-override][0m[1m
'readPacket' overrides a member function but is not marked 'override' [-Winconsistent-missing-override]  [0m368
 |   v  i438r | t u aAlR EdXoPuObRlTe  vgierttTuiallt _Air(B)a sceoPnasctk e[0mt
       *| r[0;1;32me                 ^a
d[0mPac[1mk/usr/local/include/Aria/ArPTZ.he:t371(:)27;:[0m 
[0m      [0;1;36m| note: [0;1;32m[0m                                 ^overridden virtual function is here
[0m[0m
[1m  /usr/local/include/Aria/ArPTZ.h371: | 289 : 34A:R E[0mX[0;1;36mPnote: O[0mRoverridden virtual function is hereT[0m 
virt  289 | u a lA RdEoXuPbOlReT  gveitrTtiulatl_ iA(r)B acsoenPsatc k=e t0 ;*[0mr
e      a| d[0;1;32mP                          ^a
c[0mket(In file included from )/Users/marcoreis/b166er/src/rosaria/LaserPublisher.cpp :{5 :
rIn file included from e/usr/local/include/Aria/Aria.ht:u85r:
[1mn/usr/local/include/Aria/ArDPPTU.h :N438U:L34L:;  [0m}[0;1;35m[0mwarning: 
[0m      [1m| 'readPacket' overrides a member function but is not marked 'override' [-Winconsistent-missing-override][0;1;32m[0m                                 ^

[0m  438 |   AREXPORT virtual ArBasePacket *readPacket();[0m
      | [0;1;32m                                 ^
[0m[1m/usr/local/include/Aria/ArPTZ.h:289:34: [0m[0;1;36mnote: [0moverridden virtual function is here[0m
  289 |   AREXPORT virtual ArBasePacket *readPacket() { return NULL; }[0m
      | [0;1;32m                                 ^
[0mIn file included from /Users/marcoreis/b166er/src/rosaria/LaserPublisher.cpp:5:
In file included from /usr/local/include/Aria/Aria.h:134:
[1m/usr/local/include/Aria/ArSimulatedLaser.h:62:25: [0m[0;1;35mwarning: [0m[1m'isConnected' overrides a member function but is not marked 'override' [-Winconsistent-missing-override][0m
   62 |   AREXPORT virtual bool isConnected()[0m
      | [0;1;32m                        ^
[0m[1m/usr/local/include/Aria/ArLaser.h:129:25: [0m[0;1;36mnote: [0moverridden virtual function is here[0m
  129 |   AREXPORT virtual bool isConnected() = 0;  [0m
      | [0;1;32m                        ^
[0mIn file included from /Users/marcoreis/b166er/src/rosaria/RosAria.cpp:7:
In file included from /usr/local/include/Aria/Aria.h:134:
[1m/usr/local/include/Aria/ArSimulatedLaser.h:62:25: [0m[0;1;35mwarning: [0m[1m'isConnected' overrides a member function but is not marked 'override' [-Winconsistent-missing-override][0m
   62 |   AREXPORT virtual bool isConnected()[0m
      | [0;1;32m                        ^
[0m[1m/usr/local/include/Aria/ArLaser.h:129:25: [0m[0;1;36mnote: [0moverridden virtual function is here[0m
  129 |   AREXPORT virtual bool isConnected() = 0;  [0m
      | [0;1;32m                        ^
[0mIn file included from /Users/marcoreis/b166er/src/rosaria/RosAria.cpp:7:
In file included from /usr/local/include/Aria/Aria.h:142:
[1m/usr/local/include/Aria/ArS3Series.h:236:16: [0m[0;1;35mwarning: [0m[1m'laserSetName' overrides a member function but is not marked 'override' [-Winconsistent-missing-override][0m
  236 |   virtual void laserSetName(const char *name);[0m
      | [0;1;32m               ^
[0m[1m/usr/local/include/Aria/ArLaser.h:627:25: [0m[0;1;36mnote: [0moverridden virtual function is here[0m
  627 |   AREXPORT virtual void laserSetName(const char *name);[0m
      | [0;1;32m                        ^
[0mIn file included from /Users/marcoreis/b166er/src/rosaria/RosAria.cpp:7:
In file included from /usr/local/include/Aria/Aria.h:142:
[1m/usr/local/include/Aria/ArS3Series.h:237:18: [0m[0;1;35mwarning: [0m[1m'runThread' overrides a member function but is not marked 'override' [-Winconsistent-missing-override][0m
  237 |   virtual void * runThread(void *arg);[0m
      | [0;1;32m                 ^
[0m[1m/usr/local/include/Aria/ArRangeDeviceThreaded.h:52:27: [0m[0;1;36mnote: [0moverridden virtual function is here[0m
   52 |   AREXPORT virtual void * runThread(void *arg) = 0;[0m
      | [0;1;32m                          ^
[0mIn file included from /Users/marcoreis/b166er/src/rosaria/RosAria.cpp:7:
In file included from /usr/local/include/Aria/Aria.h:142:
[1m/usr/local/include/Aria/ArS3Series.h:238:16: [0m[0;1;35mwarning: [0m[1m'setRobot' overrides a member function but is not marked 'override' [-Winconsistent-missing-override][0m
  238 |   virtual void setRobot(ArRobot *robot);[0m
      | [0;1;32m               ^
[0m[1m/usr/local/include/Aria/ArRangeDevice.h:96:25: [0m[0;1;36mnote: [0moverridden virtual function is here[0m
   96 |   AREXPORT virtual void setRobot(ArRobot *robot);[0m
      | [0;1;32m                        ^
[0mIn file included from /Users/marcoreis/b166er/src/rosaria/LaserPublisher.cpp:5:
In file included from /usr/local/include/Aria/Aria.h:142:
[1m/usr/local/include/Aria/ArS3Series.h:236:16: [0m[0;1;35mwarning: [0m[1m'laserSetName' overrides a member function but is not marked 'override' [-Winconsistent-missing-override][0m
  236 |   virtual void laserSetName(const char *name);[0m
      | [0;1;32m               ^
[0m[1m/usr/local/include/Aria/ArLaser.h:627:25: [0m[0;1;36mnote: [0moverridden virtual function is here[0m
  627 |   AREXPORT virtual void laserSetName(const char *name);[0m
      | [0;1;32m                        ^
[0mIn file included from /Users/marcoreis/b166er/src/rosaria/LaserPublisher.cpp:5:
In file included from /usr/local/include/Aria/Aria.h:142:
[1m/usr/local/include/Aria/ArS3Series.h:237:18: [0m[0;1;35mwarning: [0m[1m'runThread' overrides a member function but is not marked 'override' [-Winconsistent-missing-override][0m
  237 |   virtual void * runThread(void *arg);[0m
      | [0;1;32m                 ^
[0m[1m/usr/local/include/Aria/ArRangeDeviceThreaded.h:52:27: [0m[0;1;36mnote: [0moverridden virtual function is here[0m
   52 |   AREXPORT virtual void * runThread(void *arg) = 0;[0m
      | [0;1;32m                          ^
[0mIn file included from /Users/marcoreis/b166er/src/rosaria/LaserPublisher.cpp:5:
In file included from /usr/local/include/Aria/Aria.h:142:
[1m/usr/local/include/Aria/ArS3Series.h:238:16: [0m[0;1;35mwarning: [0m[1m'setRobot' overrides a member function but is not marked 'override' [-Winconsistent-missing-override][0m
  238 |   virtual void setRobot(ArRobot *robot);[0m
      | [0;1;32m               ^
[0m[1m/usr/local/include/Aria/ArRangeDevice.h:96:25: [0m[0;1;36mnote: [0moverridden virtual function is here[0m
   96 |   AREXPORT virtual void setRobot(ArRobot *robot);[0m
      | [0;1;32m                        ^
[0m14 warnings generated.
14 warnings generated.
