[  9%] Built target rosaria_gencfg
[  9%] Built target std_msgs_generate_messages_cpp
[  9%] Built target geometry_msgs_generate_messages_cpp
[  9%] Built target geometry_msgs_generate_messages_py
[  9%] Built target std_msgs_generate_messages_lisp
[  9%] Built target std_msgs_generate_messages_py
[  9%] Built target geometry_msgs_generate_messages_lisp
[  9%] Built target geometry_msgs_generate_messages_eus
[  9%] Built target std_msgs_generate_messages_eus
[  9%] Built target std_msgs_generate_messages_nodejs
[  9%] Built target geometry_msgs_generate_messages_nodejs
[  9%] Built target _rosaria_generate_messages_check_deps_BumperState
[ 18%] Built target rosaria_generate_messages_cpp
[ 36%] Built target rosaria_generate_messages_eus
[ 45%] Built target rosaria_generate_messages_lisp
[ 54%] Built target rosaria_generate_messages_nodejs
[ 72%] Built target rosaria_generate_messages_py
[ 72%] Built target rosaria_gencpp
[ 72%] Built target rosaria_generate_messages
[100%] Built target RosAria
