[0mCMake Deprecation Warning at CMakeLists.txt:3 (cmake_minimum_required):
  Compatibility with CMake < 3.10 will be removed from a future version of
  CMake.

  Update the VERSION argument <min> value.  Or, use the <min>...<max> syntax
  to tell CMake that the project requires at least <min> but has been updated
  to work with policies introduced by <max> or earlier.

[0m
[33mCMake Warning (dev) at /home/marco/miniforge3/envs/ros_env/share/catkin/cmake/python.cmake:4 (find_package):
  Policy CMP0148 is not set: The FindPythonInterp and FindPythonLibs modules
  are removed.  Run "cmake --help-policy CMP0148" for policy details.  Use
  the cmake_policy command to set the policy and suppress this warning.

[36mCall Stack (most recent call first):[0m
  /home/marco/miniforge3/envs/ros_env/share/catkin/cmake/all.cmake:164 (include)
  /home/marco/miniforge3/envs/ros_env/share/catkin/cmake/catkinConfig.cmake:20 (include)
  CMakeLists.txt:10 (find_package)
This warning is for project developers.  Use -Wno-dev to suppress it.
[0m
[33mCMake Warning (dev) at /home/marco/miniforge3/envs/ros_env/share/dynamic_reconfigure/cmake/dynamic_reconfigure-macros.cmake:128 (find_package):
  Policy CMP0148 is not set: The FindPythonInterp and FindPythonLibs modules
  are removed.  Run "cmake --help-policy CMP0148" for policy details.  Use
  the cmake_policy command to set the policy and suppress this warning.

[36mCall Stack (most recent call first):[0m
  /home/marco/miniforge3/envs/ros_env/share/dynamic_reconfigure/cmake/dynamic_reconfigure-macros.cmake:89 (dynreconf_called)
  CMakeLists.txt:47 (generate_dynamic_reconfigure_options)
This warning is for project developers.  Use -Wno-dev to suppress it.
[0m
[33mCMake Warning (dev) at CMakeLists.txt:56 (find_package):
  Policy CMP0167 is not set: The FindBoost module is removed.  Run "cmake
  --help-policy CMP0167" for policy details.  Use the cmake_policy command to
  set the policy and suppress this warning.

This warning is for project developers.  Use -Wno-dev to suppress it.
[0m
[0mLooking for Aria in /usr/local/Aria and /usr/local...[0m
[0mFound /usr/local/Aria/include/Aria.h, assuming Adept ARIA package.[0m
