In file included from /Users/marcoreis/b166er/src/rosaria/LaserPublisher.cpp:5:
In file included from /usr/local/include/Aria/Aria.h:33:
[1m/usr/local/include/Aria/ariaTypedefs.h:28:9: [0m[0;1;35mwarning: [0m[1m'ARIACODA' macro redefined [-Wmacro-redefined][0m
   28 | #define ARIACODA [0;32m3[0m
      | [0;1;32m        ^
[0m[1m<command line>:1:9: [0m[0;1;36mnote: [0mprevious definition is here[0m
    1 | #define ARIACODA [0;32m1[0m
      | [0;1;32m        ^
[0mIn file included from /Users/marcoreis/b166er/src/rosaria/RosAria.cpp:7:
In file included from /usr/local/include/Aria/Aria.h:33:
[1m/usr/local/include/Aria/ariaTypedefs.h:28:9: [0m[0;1;35mwarning: [0m[1m'ARIACODA' macro redefined [-Wmacro-redefined][0m
   28 | #define ARIACODA [0;32m3[0m
      | [0;1;32m        ^
[0m[1m<command line>:1:9: [0m[0;1;36mnote: [0mprevious definition is here[0m
    1 | #define ARIACODA [0;32m1[0m
      | [0;1;32m        ^
[0mIn file included from In file included from /Users/marcoreis/b166er/src/rosaria/RosAria.cpp/Users/marcoreis/b166er/src/rosaria/LaserPublisher.cpp::75:
:
In file included from In file included from /usr/local/include/Aria/Aria.h/usr/local/include/Aria/Aria.h::8585:
:
[1m[1m/usr/local/include/Aria/ArDPPTU.h/usr/local/include/Aria/ArDPPTU.h::165165::1717::  [0m[0m[0;1;35m[0;1;35mwarning: warning: [0m[0m[1m[1m'init' overrides a member function but is not marked 'override' [-Winconsistent-missing-override]'init' overrides a member function but is not marked 'override' [-Winconsistent-missing-override][0m[0m

    165165 |  |     AARREEXXPPOORRTT  [0;34m[0;34mbbooooll[0m[0m  iinniitt(());;[0m[0m

            | | [0;1;32m[0;1;32m                ^                ^

[0m[0m[1m/usr/local/include/Aria/ArPTZ.h[1m:/usr/local/include/Aria/ArPTZ.h96::9625::25 :[0m [0;1;36m[0mnote: [0;1;36m[0mnote: overridden virtual function is here[0m[0moverridden virtual function is here
[0m
   96    | 96  |   A RAERXEPXOPROTR T[0;34m v[0;34mivritrutaula[0ml [0m[0;34m b[0;34moboolo[0ml [0mi niinti(t)( )=  =[0;32m 0[0;32m[0m0;[0m[0m;
[0m      
|       [0;1;32m|                         ^[0;1;32m
                        ^[0m
[0mIn file included from /Users/marcoreis/b166er/src/rosaria/LaserPublisher.cppIn file included from :/Users/marcoreis/b166er/src/rosaria/RosAria.cpp5::
7In file included from :
/usr/local/include/Aria/Aria.hIn file included from :/usr/local/include/Aria/Aria.h85::
85[1m:
/usr/local/include/Aria/ArDPPTU.h[1m:/usr/local/include/Aria/ArDPPTU.h168::16816::16 :[0m [0;1;35m[0mwarning: [0;1;35m[0mwarning: [1m[0m'canZoom' overrides a member function but is not marked 'override' [-Winconsistent-missing-override][1m[0m'canZoom' overrides a member function but is not marked 'override' [-Winconsistent-missing-override]
[0m
  168   | 168  |   [0;34m v[0;34mivritrutaula[0m [0;34mbool[0m canZoom(l) [0;34mco[0m [0;34mnbsoto[0ml [0m{  c[0;34marneZtouormn([0m)  [0;32m[0;34mfcaolnsset[0m[0m;  {} [0m[0;34m
r      e| t[0;1;32mu               ^r
n[0m[0m[1m /usr/local/include/Aria/ArPTZ.h[0;32m:f133a:l25s:e [0m[0m;[0;1;36m note: }[0m[0moverridden virtual function is here
[0m      
| [0;1;32m               ^
[0m[1m/usr/local/include/Aria/ArPTZ.h:133:25: [0m[0;1;36m  note: 133[0m | overridden virtual function is here [0m 
AREXPORT [0;34mvirtual[0m [0;34mbool[0m canZoom  (133) |   [0;34m cAoRnEsXtP[0mO R=T  [0;32m[0;34m0v[0mi;r[0mt
u      a| l[0;1;32m[0m                        ^ 
[0;34m[0mboIn file included from o/Users/marcoreis/b166er/src/rosaria/LaserPublisher.cppl:[0m5 :
cIn file included from a/usr/local/include/Aria/Aria.hn:Z85o:
o[1mm/usr/local/include/Aria/ArDPPTU.h(:)169 :[0;34m16c:o n[0ms[0;1;35mtwarning: [0m[0m [1m='canGetRealPanTilt' overrides a member function but is not marked 'override' [-Winconsistent-missing-override] [0m[0;32m
0[0m;[0m
      | [0;1;32m                        ^
[0mIn file included from   /Users/marcoreis/b166er/src/rosaria/RosAria.cpp169: | 7 :
 In file included from [0;34m/usr/local/include/Aria/Aria.hv:i85r:
t[1mu/usr/local/include/Aria/ArDPPTU.ha:l169[0m: 16[0;34m:b o[0mo[0;1;35mlwarning: [0m[0m [1mc'canGetRealPanTilt' overrides a member function but is not marked 'override' [-Winconsistent-missing-override]a[0mn
GetRealPanTilt() [0;34mconst[0m { [0;34mret  u169r | n [0m  [0;34mmvyiCratnuGaelt[0mR e[0;34mabloPoaln[0mT iclatn;G e}t[0mR
e      a| l[0;1;32mP               ^a
n[0mT[1mi/usr/local/include/Aria/ArPTZ.hl:t158(:)25 :[0;34m c[0mo[0;1;36mnnote: s[0mtoverridden virtual function is here[0m[0m 
{ [0;34mreturn[0m myCanGetRea  l158P | a n TAiRlEtX;P O}R[0mT
       [0;34m| v[0;1;32mi               ^r
t[0mua[1ml/usr/local/include/Aria/ArPTZ.h[0m: 158[0;34m:b25o:o l[0m[0m[0;1;36m note: c[0maoverridden virtual function is heren[0mG
etRealPanTilt() [0;34mconst[0m { [0;34mretu  158 | rn[0m [0;32mfal s eA[0mR;E X}P[0mO
R      T|  [0;1;32m[0;34m                        ^v
i[0mrtualIn file included from /Users/marcoreis/b166er/src/rosaria/LaserPublisher.cpp:5[0m [0;34mb:
oIn file included from o/usr/local/include/Aria/Aria.hl:[0m85 :
c[1ma/usr/local/include/Aria/ArDPPTU.hn:Get342:17: [0mR[0;1;35mewarning: a[0ml[1mP'panSlew' overrides a member function but is not marked 'override' [-Winconsistent-missing-override]a[0mn
Tilt() [0;34mconst[0m { [0;34mreturn[0m   [0;32m342f | a l sAeR[0mE;X P}O[0mR
T       | [0;34m[0;1;32mb                        ^o
o[0ml[0m panSlIn file included from e/Users/marcoreis/b166er/src/rosaria/RosAria.cppw:(7[0;34m:
dIn file included from o/usr/local/include/Aria/Aria.hu:b85l:
e[1m[0m/usr/local/include/Aria/ArDPPTU.h :d342e:g17):; [0m[0m
[0;1;35m      warning: | [0m[0;1;32m[1m                ^'panSlew' overrides a member function but is not marked 'override' [-Winconsistent-missing-override]
[0m[0m
[1m/usr/local/include/Aria/ArPTZ.h:202:16: [0m[0;1;36mnote: [0moverridden virtual function is here[0m
  342 |   AREXP  O202R | T   [0;34m[0;34mbvoiorlt[0mu apla[0mn S[0;34mlbeowo(l[0;34m[0md opuabnlSel[0me wd(eUgN)U;S[0mE
D       | [0;34m[0;1;32md                ^o
u[0mbl[1me/usr/local/include/Aria/ArPTZ.h[0m: 202s:)16 :{  [0m[0;34m[0;1;36mrnote: e[0mtoverridden virtual function is hereu[0mr
n[0m [0;32mfalse[0m; }[0m
      | [0;1;32m               ^
[0mIn file included from /Users/marcoreis/b166er/src/rosaria/LaserPublisher.cpp:5:
In file included from /usr/local/include/Aria/Aria.h:85:
[1m/usr/local/include/Aria/ArDPPTU.h:344:17: [0m[0;1;35m  202 | warning: [0m[1m'tiltSlew' overrides a member function but is not marked 'override' [-Winconsistent-missing-override][0m
  [0;34mvirtual[0m [0;34mbool[0m panS  344 |   lew(UANRUESXEPDO R[0;34mTd o[0;34mubboloel[0m[0m  st)i l{t S[0;34mlreewt(u[0;34mrdno[0mu b[0;32mlfea[0ml sdee[0mg;) ;}[0m[0m

            | | [0;1;32m[0;1;32m                ^               ^

[0m[0m[1m/usr/local/include/Aria/ArPTZ.hIn file included from :/Users/marcoreis/b166er/src/rosaria/RosAria.cpp207::716:
:In file included from  /usr/local/include/Aria/Aria.h[0m:[0;1;36m85note: :
[0m[1moverridden virtual function is here/usr/local/include/Aria/ArDPPTU.h[0m:
344:17: [0m[0;1;35mwarning: [0m[1m'tiltSlew' overrides a member function but is not marked 'override' [-Winconsistent-missing-override][0m
  207 |   [0;34mvirtual[0m   344[0;34m | b o oAlR[0mE XtPiOlRtTS l[0;34mebwo(oUlN[0mU StEiDl t[0;34mSdloeuwb(l[0;34med[0mo usb)l e{[0m  [0;34mdreegt)u;r[0mn
[0m       | [0;32m[0;1;32mf                ^a
l[0ms[1me/usr/local/include/Aria/ArPTZ.h[0m:;207 :}16[0m:
       [0m| [0;1;36m[0;1;32mnote:                ^[0m
overridden virtual function is here[0m[0m
In file included from /Users/marcoreis/b166er/src/rosaria/LaserPublisher.cpp:5:
In file included from /usr/local/include/Aria/Aria.h:85:
[1m/usr/local/include/Aria/ArDPPTU.h:345:8: [0m[0;1;35mwarning: [0m[1m'canPanTiltSlew' overrides a member function but is not marked 'override' [-Winconsistent-missing-override][0m
  207 |   [0;34mvirtual[0m [0;34mbool[0m ti  l345t | S l e[0;34mwb(oUoNlU[0mS EcDa n[0;34mPdaonuTbillet[0mS lse)w ({)  [0;34m{r e[0;34mtruertnu[0mr n[0;32m[0mf a[0;32mltsreu[0me;[0m ;} [0m}
[0m      
|       [0;1;32m|                ^[0;1;32m
       ^[0m
[0m[1m/usr/local/include/Aria/ArPTZ.h:197:In file included from 16/Users/marcoreis/b166er/src/rosaria/RosAria.cpp:: 7[0m:
[0;1;36mIn file included from note: /usr/local/include/Aria/Aria.h[0m:overridden virtual function is here[0m
85:
[1m/usr/local/include/Aria/ArDPPTU.h:345:8: [0m[0;1;35mwarning: [0m[1m'canPanTiltSlew' overrides a member function but is not marked 'override' [-Winconsistent-missing-override][0m
  197 |   [0;34mvirtual[0m [0;34mbool[0m can  P345a | n T i[0;34mlbtoSolle[0mw (c)a n{P a[0;34mnrTeitlutrSnl[0me w[0;32m(f)a l{s e[0;34m[0mr;e t}u[0mr
n      [0m|  [0;1;32m[0;32m               ^t
r[0mueIn file included from [0m/Users/marcoreis/b166er/src/rosaria/LaserPublisher.cpp;: 5}:
[0mIn file included from 
/usr/local/include/Aria/Aria.h      :| 85[0;1;32m:
       ^[1m
/usr/local/include/Aria/ArDPPTU.h[0m:[1m/usr/local/include/Aria/ArPTZ.h:364197::1816::  [0m[0m[0;1;35m[0;1;36mwarning: note: [0m[0m[1moverridden virtual function is here'getPan_i' overrides a member function but is not marked 'override' [-Winconsistent-missing-override][0m[0m

    364197 |  |     [0;34m[0;34mvviirrttuuaall[0m[0m  [0;34m[0;34mdboouobll[0me [0mc agnePtaPnaTni_lit(S)l e[0;34mwc(o)n s{t [0m[0;34m r[0me
t      u| r[0;1;32mn                 ^[0m
 [0m[0;32m[1mf/usr/local/include/Aria/ArPTZ.ha:l370s:e27[0m:;  [0m}[0;1;36m[0mnote: 
[0m      overridden virtual function is here| [0m[0;1;32m
               ^
[0mIn file included from /Users/marcoreis/b166er/src/rosaria/RosAria.cpp:7:
In file included from /usr/local/include/Aria/Aria.h:85:
[1m/usr/local/include/Aria/ArDPPTU.h:364:18: [0m  [0;1;35m370warning:  | [0m [1m 'getPan_i' overrides a member function but is not marked 'override' [-Winconsistent-missing-override]A[0mR
EXPORT [0;34mvirtual[0m [0;34mdouble[0m getPan_i()  364  | [0;34m c o[0;34mnvsitr[0mt u=a l[0;32m[0m0 [0m[0;34m;d[0mo
u      b| l[0;1;32me                          ^[0m
 [0mgeIn file included from t/Users/marcoreis/b166er/src/rosaria/LaserPublisher.cppP:a5n:
_In file included from i/usr/local/include/Aria/Aria.h(:)85 :
[0;34m[1mc/usr/local/include/Aria/ArDPPTU.ho:n368s:t18[0m:  [0m[0m
[0;1;35m      warning: | [0m[0;1;32m[1m                 ^'getTilt_i' overrides a member function but is not marked 'override' [-Winconsistent-missing-override]
[0m[0m
[1m/usr/local/include/Aria/ArPTZ.h:370:27: [0m[0;1;36mnote: [0moverridden virtual function is here[0m
  368 |   [0;34mvirtual[0m   [0;34m370d | o u bAlReE[0mX PgOeRtTT i[0;34mlvti_rit(u)a l[0;34m[0mc o[0;34mndsotu[0mb l[0me
[0m       | g[0;1;32me                 ^t
P[0ma[1mn/usr/local/include/Aria/ArPTZ.h_:i371(:)27 :[0;34m c[0mo[0;1;36mnnote: s[0mtoverridden virtual function is here[0m[0m 
= [0;32m0[0m;[0m
      | [0;1;32m                          ^
[0mIn file included from /Users/marcoreis/b166er/src/rosaria/RosAria.cpp:7:
In file included from /usr/local/include/Aria/Aria.h:85:
[1m  /usr/local/include/Aria/ArDPPTU.h371: | 368 : 18A:R E[0mX[0;1;35mPwarning: O[0mR[1mT'getTilt_i' overrides a member function but is not marked 'override' [-Winconsistent-missing-override] [0m[0;34m
virtual[0m [0;34mdouble[0m getTilt_i() [0;34mconst[0m =   368[0;32m | 0 [0m ;[0;34m[0mv
i      r| t[0;1;32mu                          ^a
l[0m[0m [0;34mdoublIn file included from /Users/marcoreis/b166er/src/rosaria/LaserPublisher.cpp:5:
eIn file included from [0m/usr/local/include/Aria/Aria.h :g85e:
t[1mT/usr/local/include/Aria/ArDPPTU.hi:l438t:_34i:( )[0m [0;1;35m[0;34mwarning: c[0mo[1mn'readPacket' overrides a member function but is not marked 'override' [-Winconsistent-missing-override]s[0mt
[0m [0m
      | [0;1;32m                 ^
[0m[1m/usr/local/include/Aria/ArPTZ.h:371:27: [0m[0;1;36mnote: [0moverridden virtual function is here[0m
    371438 |  |     AARREEXXPPOORRTT  [0;34m[0;34mvviirrttuuaall[0m[0m  [0;34mAdroBuabsleeP[0ma cgkeettT i*lrte_aid(P)a c[0;34mkceotn(s)t;[0m[0m 
=       | [0;32m[0;1;32m0                                 ^[0m
;[0m[0m
      | [0;1;32m                          ^[1m/usr/local/include/Aria/ArPTZ.h:289:
34[0m: [0mIn file included from [0;1;36m/Users/marcoreis/b166er/src/rosaria/RosAria.cppnote: :[0m7overridden virtual function is here:
[0mIn file included from 
/usr/local/include/Aria/Aria.h:85:
[1m/usr/local/include/Aria/ArDPPTU.h:438:  34289: |   [0m [0;1;35mAwarning: R[0mE[1mX'readPacket' overrides a member function but is not marked 'override' [-Winconsistent-missing-override]P[0mO
RT [0;34mvirtual[0m ArBasePacket *readPacket() { [0;34mreturn[0m   438 |  N UALRLE;X P}O[0mR
T       | [0;34m[0;1;32mv                                 ^i
r[0mtual[0m ArBasePacket *readPacket();[0m
      | [0;1;32m                                 ^
[0m[1m/usr/local/include/Aria/ArPTZ.h:289:34: [0m[0;1;36mnote: [0moverridden virtual function is here[0m
  289 |   AREXPORT [0;34mvirtual[0m ArBasePacket *readPacket() { [0;34mreturn[0m NULL; }[0m
      | [0;1;32m                                 ^
[0mIn file included from /Users/marcoreis/b166er/src/rosaria/LaserPublisher.cpp:5:
In file included from /usr/local/include/Aria/Aria.h:134:
[1m/usr/local/include/Aria/ArSimulatedLaser.h:62:25: [0m[0;1;35mwarning: [0m[1m'isConnected' overrides a member function but is not marked 'override' [-Winconsistent-missing-override][0m
   62 |   AREXPORT [0;34mvirtual[0m [0;34mbool[0m isConnected()[0m
      | [0;1;32m                        ^
[0m[1m/usr/local/include/Aria/ArLaser.h:129:25: [0m[0;1;36mnote: [0moverridden virtual function is here[0m
  129 |   AREXPORT [0;34mvIn file included from i/Users/marcoreis/b166er/src/rosaria/RosAria.cpp:7:
rtual[0m [0;34mbool[0m isConnected() = In file included from [0;32m/usr/local/include/Aria/Aria.h:134:
[1m/usr/local/include/Aria/ArSimulatedLaser.h:62:025[0m:;  [0m[0;1;35mwarning: [0m[1m'isConnected' overrides a member function but is not marked 'override' [-Winconsistent-missing-override][0m
 [0m
      | [0;1;32m                        ^
[0m   62 |   AREXPORT [0;34mvirtual[0m [0;34mbool[0m isConnected()[0m
      | [0;1;32m                        ^
[0m[1m/usr/local/include/Aria/ArLaser.h:129:25: [0m[0;1;36mnote: [0moverridden virtual function is here[0m
  129 |   AREXPORT [0;34mvirtual[0m [0;34mbool[0m isConnected() = [0;32m0[0m;  [0m
      | [0;1;32m                        ^
[0mIn file included from /Users/marcoreis/b166er/src/rosaria/RosAria.cpp:7:
In file included from /usr/local/include/Aria/Aria.h:142:
[1m/usr/local/include/Aria/ArS3Series.h:236:16: [0m[0;1;35mwarning: [0m[1m'laserSetName' overrides a member function but is not marked 'override' [-Winconsistent-missing-override][0m
  236 |   [0;34mvirtual[0m [0;34mvoid[0m laserSetName([0;34mconst[0m [0;34mchar[0m *name);[0m
      | [0;1;32m               ^
[0m[1m/usr/local/include/Aria/ArLaser.h:627:25: [0m[0;1;36mnote: [0moverridden virtual function is here[0m
In file included from /Users/marcoreis/b166er/src/rosaria/LaserPublisher.cpp:5:
In file included from /usr/local/include/Aria/Aria.h:142:
[1m/usr/local/include/Aria/ArS3Series.h:236:16: [0m[0;1;35mwarning: [0m[1m'laserSetName' overrides a member function but is not marked 'override' [-Winconsistent-missing-override][0m
  627 |   ARE  X236P | O R T[0;34m v[0;34mivritrtual[0m [0;34mvuoial[0m [0;34mvoidd[0m [0ml laseaserSrSeetNatName([0;34mconst[0m [0;34mcmhea(r[0;34m[0mc o*nnsatm[0me )[0;34m;c[0mh
a      r| [0m[0;1;32m                ^*
n[0mame);[1m[0m/usr/local/include/Aria/ArLaser.h
:      627| :[0;1;32m25                        ^:
 [0m[0m[0;1;36mnote: [0moverridden virtual function is here[0m
In file included from /Users/marcoreis/b166er/src/rosaria/RosAria.cpp:7:
In file included from /usr/local/include/Aria/Aria.h:142:
[1m/usr/local/include/Aria/ArS3Series.h:237:18: [0m[0;1;35mwarning: [0m[1m'runThread' overrides a member function but is not marked 'override' [-Winconsistent-missing-override][0m
    627237 |  |     A[0;34mRvEiXrPtOuRT [0;34mviarlt[0mu a[0;34mlv[0mo i[0;34mdv[0mo i*d [0mr ulnaTsherreSaedt([0;34mvoName(i[0;34mcdonst[0m[0m  [0;34m*cahragr[0m *nam);e[0m)
;      [0m| 
[0;1;32m                       ^| 
[0;1;32m[0m                        ^
[0m[1m/usr/local/include/Aria/ArRangeDeviceThreaded.h:In file included from 52/Users/marcoreis/b166er/src/rosaria/LaserPublisher.cpp::275::
 In file included from [0m/usr/local/include/Aria/Aria.h[0;1;36m:note: 142[0m:
overridden virtual function is here[1m[0m/usr/local/include/Aria/ArS3Series.h
:237:18: [0m[0;1;35mwarning: [0m[1m'runThread' overrides a member function but is not marked 'override' [-Winconsistent-missing-override][0m   52 |   
AREXPORT [0;34mvirtual[0m  237 |    [0;34m[0;34mvvoiirdt[0m *u arlu[0mn T[0;34mhvroeiadd[0m( [0;34m*v oriudn[0mT h*raead(rg) =[0;34m voi[0;32md0[0m[0m ;*[0ma
r      g| )[0;1;32m;                          ^[0m

[0m      | [0;1;32m                 ^
In file included from [0m/Users/marcoreis/b166er/src/rosaria/RosAria.cpp:7:
In file included from [1m/usr/local/include/Aria/Aria.h/usr/local/include/Aria/ArRangeDeviceThreaded.h::14252:
:[1m27/usr/local/include/Aria/ArS3Series.h:: 238[0m:[0;1;36m16note: [0moverridden virtual function is here: [0m[0;1;35mwarning: [0m[0m[1m
'setRobot' overrides a member function but is not marked 'override' [-Winconsistent-missing-override][0m
   52 |   AREXPORT [0;34mvirtual[0m   238 |   [0;34mv[0;34mivoirdt[0mu a*l [0mr u[0;34mnvTohirde[0ma dsetRobo([0;34mvoidt[0m( A*raRrogb)o t=  *[0;32mr0o[0mb;o[0mt
)      ;| [0m[0;1;32m
                          ^      
| [0m[0;1;32m               ^
[0mIn file included from /Users/marcoreis/b166er/src/rosaria/LaserPublisher.cpp:5:
In file included from /usr/local/include/Aria/Aria.h:142:
[1m/usr/local/include/Aria/ArS3Series.h[1m:/usr/local/include/Aria/ArRangeDevice.h238::9616::25 :[0m [0;1;35m[0mwarning: [0;1;36m[0mnote: [1m[0m'setRobot' overrides a member function but is not marked 'override' [-Winconsistent-missing-override]overridden virtual function is here[0m[0m

   96 |   AREXPORT [0;34mvirt  238 |   [0;34mvirtual[0m ual[0m [0;34mv[0;34moivdo[0mi ds[0me tsReotbRootb(oAtr(RAorbRootb o*tr o*brootb)o;t[0m)
;      [0m| 
[0;1;32m                              ^| 
[0;1;32m[0m               ^
[0m[1m/usr/local/include/Aria/ArRangeDevice.h:96:25: [0m[0;1;36mnote: [0moverridden virtual function is here[0m
   96 |   AREXPORT [0;34mvirtual[0m [0;34mvoid[0m setRobot(ArRobot *robot);[0m
      | [0;1;32m                        ^
[0m14 warnings generated.
14 warnings generated.
