Symlinking /Users/marcoreis/b166er/devel/include/rosaria/BumperState.h
Symlinking /Users/marcoreis/b166er/devel/include/rosaria/RosAriaConfig.h
Symlinking /Users/marcoreis/b166er/devel/lib/pkgconfig/rosaria.pc
Symlinking /Users/marcoreis/b166er/devel/lib/rosaria/RosAria
Symlinking /Users/marcoreis/b166er/devel/lib/python3.11/site-packages/rosaria/__init__.py
Symlinking /Users/marcoreis/b166er/devel/lib/python3.11/site-packages/rosaria/msg/__init__.py
Symlinking /Users/marcoreis/b166er/devel/lib/python3.11/site-packages/rosaria/msg/_BumperState.py
Symlinking /Users/marcoreis/b166er/devel/lib/python3.11/site-packages/rosaria/cfg/__init__.py
Symlinking /Users/marcoreis/b166er/devel/lib/python3.11/site-packages/rosaria/cfg/RosAriaConfig.py
Symlinking /Users/marcoreis/b166er/devel/share/rosaria/cmake/rosariaConfig-version.cmake
Symlinking /Users/marcoreis/b166er/devel/share/rosaria/cmake/rosaria-msg-paths.cmake
Symlinking /Users/marcoreis/b166er/devel/share/rosaria/cmake/rosaria-msg-extras.cmake
Symlinking /Users/marcoreis/b166er/devel/share/rosaria/cmake/rosariaConfig.cmake
Symlinking /Users/marcoreis/b166er/devel/share/rosaria/docs/RosAriaConfig.wikidoc
Symlinking /Users/marcoreis/b166er/devel/share/rosaria/docs/RosAriaConfig-usage.dox
Symlinking /Users/marcoreis/b166er/devel/share/rosaria/docs/RosAriaConfig.dox
Symlinking /Users/marcoreis/b166er/devel/share/roseus/ros/rosaria/manifest.l
Symlinking /Users/marcoreis/b166er/devel/share/roseus/ros/rosaria/msg/BumperState.l
Symlinking /Users/marcoreis/b166er/devel/share/common-lisp/ros/rosaria/msg/BumperState.lisp
Symlinking /Users/marcoreis/b166er/devel/share/common-lisp/ros/rosaria/msg/_package.lisp
Symlinking /Users/marcoreis/b166er/devel/share/common-lisp/ros/rosaria/msg/rosaria-msg.asd
Symlinking /Users/marcoreis/b166er/devel/share/common-lisp/ros/rosaria/msg/_package_BumperState.lisp
Symlinking /Users/marcoreis/b166er/devel/share/gennodejs/ros/rosaria/_index.js
Symlinking /Users/marcoreis/b166er/devel/share/gennodejs/ros/rosaria/msg/_index.js
Symlinking /Users/marcoreis/b166er/devel/share/gennodejs/ros/rosaria/msg/BumperState.js
