In file included from /Users/marcoreis/b166er/src/rosaria/LaserPublisher.cpp:5:
In file included from /usr/local/include/Aria/Aria.h:33:
[1m/usr/local/include/Aria/ariaTypedefs.h:28:9: [0m[0;1;35mwarning: [0m[1m'ARIACODA' macro redefined [-Wmacro-redefined][0m
   28 | #define ARIACODA [0;32m3[0m
      | [0;1;32m        ^
[0m[1m<command line>:1:9: [0m[0;1;36mnote: [0mprevious definition is here[0m
    1 | #define ARIACODA [0;32m1[0m
      | [0;1;32m        ^
[0mIn file included from /Users/marcoreis/b166er/src/rosaria/RosAria.cpp:7:
In file included from /usr/local/include/Aria/Aria.h:33:
[1m/usr/local/include/Aria/ariaTypedefs.h:28:9: [0m[0;1;35mwarning: [0m[1m'ARIACODA' macro redefined [-Wmacro-redefined][0m
   28 | #define ARIACODA [0;32m3[0m
      | [0;1;32m        ^
[0m[1m<command line>:1:9: [0m[0;1;36mnote: [0mprevious definition is here[0m
    1 | #define ARIACODA [0;32m1[0m
      | [0;1;32m        ^
[0mIn file included from /Users/marcoreis/b166er/src/rosaria/LaserPublisher.cpp:5:
In file included from /usr/local/include/Aria/Aria.h:85:
[1m/usr/local/include/Aria/ArDPPTU.h:165:17: [0m[0;1;35mwarning: [0m[1m'init' overrides a member function but is not marked 'override' [-Winconsistent-missing-override][0m
  165 |   AREXPORT [0;34mbool[0m init();[0m
      | [0;1;32m                ^
[0m[1m/usr/local/include/Aria/ArPTZ.h:96:25: [0m[0;1;36mnote: [0moverridden virtual function is here[0m
   96 |   AREXPORT [0;34mvirtual[0m [0;34mbool[0m init() = [0;32m0[0m;[0m
      | [0;1;32m                        ^
[0mIn file included from /Users/marcoreis/b166er/src/rosaria/LaserPublisher.cpp:5:
In file included from /usr/local/include/Aria/Aria.h:85:
[1m/usr/local/include/Aria/ArDPPTU.h:168:16: [0m[0;1;35mwarning: [0m[1m'canZoom' overrides a member function but is not marked 'override' [-Winconsistent-missing-override][0m
  168 |   [0;34mvirtual[0m [0;34mbool[0m canZoom() [0;34mconst[0m { [0;34mreturn[0m [0;32mfalse[0m; }[0m
      | [0;1;32m               ^
[0m[1m/usr/local/include/Aria/ArPTZ.h:133:25: [0m[0;1;36mnote: [0moverridden virtual function is here[0m
  133 |   AREXPORT [0;34mvirtual[0m [0;34mbool[0m canZoom() [0;34mconst[0m = [0;32m0[0m;[0m
      | [0;1;32m                        ^
[0mIn file included from /Users/marcoreis/b166er/src/rosaria/LaserPublisher.cpp:5:
In file included from /usr/local/include/Aria/Aria.h:85:
[1m/usr/local/include/Aria/ArDPPTU.h:169:16: [0m[0;1;35mwarning: [0m[1m'canGetRealPanTilt' overrides a member function but is not marked 'override' [-Winconsistent-missing-override][0m
  169 |   [0;34mvirtual[0m [0;34mbool[0m canGetRealPanTilt() [0;34mconst[0m { [0;34mreturn[0m myCanGetRealPanTilt; }[0m
      | [0;1;32m               ^
[0m[1m/usr/local/include/Aria/ArPTZ.h:158:25: [0m[0;1;36mnote: [0moverridden virtual function is here[0m
  158 |   AREXPORT [0;34mvirtual[0m [0;34mbool[0m canGetRealPanTilt() [0;34mconst[0m { [0;34mreturn[0m [0;32mfalse[0m; }[0m
      | [0;1;32m                        ^
[0mIn file included from /Users/marcoreis/b166er/src/rosaria/LaserPublisher.cpp:5:
In file included from /usr/local/include/Aria/Aria.h:85:
[1m/usr/local/include/Aria/ArDPPTU.h:342:17: [0m[0;1;35mwarning: [0m[1m'panSlew' overrides a member function but is not marked 'override' [-Winconsistent-missing-override][0m
  342 |   AREXPORT [0;34mbool[0m panSlew([0;34mdouble[0m deg);[0m
      | [0;1;32m                ^
[0m[1m/usr/local/include/Aria/ArPTZ.h:202:16: [0m[0;1;36mnote: [0moverridden virtual function is here[0m
  202 |   [0;34mvirtual[0m [0;34mbool[0m panSlew(UNUSED [0;34mdouble[0m s) { [0;34mreturn[0m [0;32mfalse[0m; }[0m
      | [0;1;32m               ^
[0mIn file included from /Users/marcoreis/b166er/src/rosaria/LaserPublisher.cpp:5:
In file included from /usr/local/include/Aria/Aria.h:85:
[1m/usr/local/include/Aria/ArDPPTU.h:344:17: [0m[0;1;35mwarning: [0m[1m'tiltSlew' overrides a member function but is not marked 'override' [-Winconsistent-missing-override][0m
  344 |   AREXPORT [0;34mbool[0m tiltSlew([0;34mdouble[0m deg);[0m
      | [0;1;32m                ^
[0m[1m/usr/local/include/Aria/ArPTZ.h:207:16: [0m[0;1;36mnote: [0moverridden virtual function is here[0m
  207 |   [0;34mvirtual[0m [0;34mbool[0m tiltSlew(UNUSED [0;34mdouble[0m s) { [0;34mreturn[0m [0;32mfalse[0m; }[0m
      | [0;1;32m               ^
[0mIn file included from /Users/marcoreis/b166er/src/rosaria/LaserPublisher.cpp:5:
In file included from /usr/local/include/Aria/Aria.h:85:
[1m/usr/local/include/Aria/ArDPPTU.h:345:8: [0m[0;1;35mwarning: [0m[1m'canPanTiltSlew' overrides a member function but is not marked 'override' [-Winconsistent-missing-override][0m
  345 |   [0;34mbool[0m canPanTiltSlew() { [0;34mreturn[0m [0;32mtrue[0m; }[0m
      | [0;1;32m       ^
[0m[1m/usr/local/include/Aria/ArPTZ.h:197:16: [0m[0;1;36mnote: [0moverridden virtual function is here[0m
  197 |   [0;34mvirtual[0m [0;34mbool[0m canPanTiltSlew() { [0;34mreturn[0m [0;32mfalse[0m; }[0m
      | [0;1;32m               ^
[0mIn file included from /Users/marcoreis/b166er/src/rosaria/LaserPublisher.cpp:5:
In file included from /usr/local/include/Aria/Aria.h:85:
[1m/usr/local/include/Aria/ArDPPTU.h:364:18: [0m[0;1;35mwarning: [0m[1m'getPan_i' overrides a member function but is not marked 'override' [-Winconsistent-missing-override][0m
  364 |   [0;34mvirtual[0m [0;34mdouble[0m getPan_i() [0;34mconst[0m [0m
      | [0;1;32m                 ^
[0m[1m/usr/local/include/Aria/ArPTZ.h:370:27: [0m[0;1;36mnote: [0moverridden virtual function is here[0m
  370 |   AREXPORT [0;34mvirtual[0m [0;34mdouble[0m getPan_i() [0;34mconst[0m = [0;32m0[0m;[0m
      | [0;1;32m                          ^
[0mIn file included from /Users/marcoreis/b166er/src/rosaria/LaserPublisher.cpp:5:
In file included from /usr/local/include/Aria/Aria.h:85:
[1m/usr/local/include/Aria/ArDPPTU.h:368:18: [0m[0;1;35mwarning: [0m[1m'getTilt_i' overrides a member function but is not marked 'override' [-Winconsistent-missing-override][0m
  368 |   [0;34mvirtual[0m [0;34mdouble[0m getTilt_i() [0;34mconst[0m [0m
      | [0;1;32m                 ^
[0m[1m/usr/local/include/Aria/ArPTZ.h:371:27: [0m[0;1;36mnote: [0moverridden virtual function is here[0m
  371 |   AREXPORT [0;34mvirtual[0m [0;34mdouble[0m getTilt_i() [0;34mconst[0m = [0;32m0[0m;[0m
      | [0;1;32m                          ^
[0mIn file included from /Users/marcoreis/b166er/src/rosaria/LaserPublisher.cpp:5:
In file included from /usr/local/include/Aria/Aria.h:85:
[1m/usr/local/include/Aria/ArDPPTU.h:438:34: [0m[0;1;35mwarning: [0m[1m'readPacket' overrides a member function but is not marked 'override' [-Winconsistent-missing-override][0m
  438 |   AREXPORT [0;34mvirtual[0m ArBasePacket *readPacket();[0m
      | [0;1;32m                                 ^
[0m[1m/usr/local/include/Aria/ArPTZ.h:289:34: [0m[0;1;36mnote: [0moverridden virtual function is here[0m
  289 |   AREXPORT [0;34mvirtual[0m ArBasePacket *readPacket() { [0;34mreturn[0m NULL; }[0m
      | [0;1;32m                                 ^
[0mIn file included from /Users/marcoreis/b166er/src/rosaria/RosAria.cpp:7:
In file included from /usr/local/include/Aria/Aria.h:85:
[1m/usr/local/include/Aria/ArDPPTU.h:165:17: [0m[0;1;35mwarning: [0m[1m'init' overrides a member function but is not marked 'override' [-Winconsistent-missing-override][0m
  165 |   AREXPORT [0;34mbool[0m init();[0m
      | [0;1;32m                ^
[0m[1m/usr/local/include/Aria/ArPTZ.h:96:25: [0m[0;1;36mnote: [0moverridden virtual function is here[0m
   96 |   AREXPORT [0;34mvirtual[0m [0;34mbool[0m init() = [0;32m0[0m;[0m
      | [0;1;32m                        ^
[0mIn file included from /Users/marcoreis/b166er/src/rosaria/RosAria.cpp:7:
In file included from /usr/local/include/Aria/Aria.h:85:
[1m/usr/local/include/Aria/ArDPPTU.h:168:16: [0m[0;1;35mwarning: [0m[1m'canZoom' overrides a member function but is not marked 'override' [-Winconsistent-missing-override][0m
  168 |   [0;34mvirtual[0m [0;34mbool[0m canZoom() [0;34mconst[0m { [0;34mreturn[0m [0;32mfalse[0m; }[0m
      | [0;1;32m               ^
[0m[1m/usr/local/include/Aria/ArPTZ.h:133:25: [0m[0;1;36mnote: [0moverridden virtual function is here[0m
  133 |   AREXPORT [0;34mvirtual[0m [0;34mbool[0m canZoom() [0;34mconst[0m = [0;32m0[0m;[0m
      | [0;1;32m                        ^
[0mIn file included from /Users/marcoreis/b166er/src/rosaria/RosAria.cpp:7:
In file included from /usr/local/include/Aria/Aria.h:85:
[1m/usr/local/include/Aria/ArDPPTU.h:169:16: [0m[0;1;35mwarning: [0m[1m'canGetRealPanTilt' overrides a member function but is not marked 'override' [-Winconsistent-missing-override][0m
  169 |   [0;34mvirtual[0m [0;34mbool[0m canGetRealPanTilt() [0;34mconst[0m { [0;34mreturn[0m myCanGetRealPanTilt; }[0m
      | [0;1;32m               ^
[0m[1m/usr/local/include/Aria/ArPTZ.h:158:25: [0m[0;1;36mnote: [0moverridden virtual function is here[0m
  158 |   AREXPORT [0;34mvirtual[0m [0;34mbool[0m canGetRealPanTilt() [0;34mconst[0m { [0;34mreturn[0m [0;32mfalse[0m; }[0m
      | [0;1;32m                        ^
[0mIn file included from /Users/marcoreis/b166er/src/rosaria/RosAria.cpp:7:
In file included from /usr/local/include/Aria/Aria.h:85:
[1m/usr/local/include/Aria/ArDPPTU.h:342:17: [0m[0;1;35mwarning: [0m[1m'panSlew' overrides a member function but is not marked 'override' [-Winconsistent-missing-override][0m
  342 |   AREXPORT [0;34mbool[0m panSlew([0;34mdouble[0m deg);[0m
      | [0;1;32m                ^
[0m[1m/usr/local/include/Aria/ArPTZ.h:202:16: [0m[0;1;36mnote: [0moverridden virtual function is here[0m
  202 |   [0;34mvirtual[0m [0;34mbool[0m panSlew(UNUSED [0;34mdouble[0m s) { [0;34mreturn[0m [0;32mfalse[0m; }[0m
      | [0;1;32m               ^
[0mIn file included from /Users/marcoreis/b166er/src/rosaria/RosAria.cpp:7:
In file included from /usr/local/include/Aria/Aria.h:85:
[1m/usr/local/include/Aria/ArDPPTU.h:344:17: [0m[0;1;35mwarning: [0m[1m'tiltSlew' overrides a member function but is not marked 'override' [-Winconsistent-missing-override][0m
  344 |   AREXPORT [0;34mbool[0m tiltSlew([0;34mdouble[0m deg);[0m
      | [0;1;32m                ^
[0m[1m/usr/local/include/Aria/ArPTZ.h:207:16: [0m[0;1;36mnote: [0moverridden virtual function is here[0m
  207 |   [0;34mvirtual[0m [0;34mbool[0m tiltSlew(UNUSED [0;34mdouble[0m s) { [0;34mreturn[0m [0;32mfalse[0m; }[0m
      | [0;1;32m               ^
[0mIn file included from /Users/marcoreis/b166er/src/rosaria/RosAria.cpp:7:
In file included from /usr/local/include/Aria/Aria.h:85:
[1m/usr/local/include/Aria/ArDPPTU.h:345:8: [0m[0;1;35mwarning: [0m[1m'canPanTiltSlew' overrides a member function but is not marked 'override' [-Winconsistent-missing-override][0m
  345 |   [0;34mbool[0m canPanTiltSlew() { [0;34mreturn[0m [0;32mtrue[0m; }[0m
      | [0;1;32m       ^
[0m[1m/usr/local/include/Aria/ArPTZ.h:197:16: [0m[0;1;36mnote: [0moverridden virtual function is here[0m
  197 |   [0;34mvirtual[0m [0;34mbool[0m canPanTiltSlew() { [0;34mreturn[0m [0;32mfalse[0m; }[0m
      | [0;1;32m               ^
[0mIn file included from /Users/marcoreis/b166er/src/rosaria/RosAria.cpp:7:
In file included from /usr/local/include/Aria/Aria.h:85:
[1m/usr/local/include/Aria/ArDPPTU.h:364:18: [0m[0;1;35mwarning: [0m[1m'getPan_i' overrides a member function but is not marked 'override' [-Winconsistent-missing-override][0m
  364 |   [0;34mvirtual[0m [0;34mdouble[0m getPan_i() [0;34mconst[0m [0m
      | [0;1;32m                 ^
[0m[1m/usr/local/include/Aria/ArPTZ.h:370:27: [0m[0;1;36mnote: [0moverridden virtual function is here[0m
  370 |   AREXPORT [0;34mvirtual[0m [0;34mdouble[0m getPan_i() [0;34mconst[0m = [0;32m0[0m;[0m
      | [0;1;32m                          ^
[0mIn file included from /Users/marcoreis/b166er/src/rosaria/RosAria.cpp:7:
In file included from /usr/local/include/Aria/Aria.h:85:
[1m/usr/local/include/Aria/ArDPPTU.h:368:18: [0m[0;1;35mwarning: [0m[1m'getTilt_i' overrides a member function but is not marked 'override' [-Winconsistent-missing-override][0m
  368 |   [0;34mvirtual[0m [0;34mdouble[0m getTilt_i() [0;34mconst[0m [0m
      | [0;1;32m                 ^
[0m[1m/usr/local/include/Aria/ArPTZ.h:371:27: [0m[0;1;36mnote: [0moverridden virtual function is here[0m
  371 |   AREXPORT [0;34mvirtual[0m [0;34mdouble[0m getTilt_i() [0;34mconst[0m = [0;32m0[0m;[0m
      | [0;1;32m                          ^
[0mIn file included from /Users/marcoreis/b166er/src/rosaria/RosAria.cpp:7:
In file included from /usr/local/include/Aria/Aria.h:85:
[1m/usr/local/include/Aria/ArDPPTU.h:438:34: [0m[0;1;35mwarning: [0m[1m'readPacket' overrides a member function but is not marked 'override' [-Winconsistent-missing-override][0m
  438 |   AREXPORT [0;34mvirtual[0m ArBasePacket *readPacket();[0m
      | [0;1;32m                                 ^
[0m[1m/usr/local/include/Aria/ArPTZ.h:289:34: [0m[0;1;36mnote: [0moverridden virtual function is here[0m
  289 |   AREXPORT [0;34mvirtual[0m ArBasePacket *readPacket() { [0;34mreturn[0m NULL; }[0m
      | [0;1;32m                                 ^
[0mIn file included from /Users/marcoreis/b166er/src/rosaria/LaserPublisher.cpp:5:
In file included from /usr/local/include/Aria/Aria.h:134:
[1m/usr/local/include/Aria/ArSimulatedLaser.h:62:25: [0m[0;1;35mwarning: [0m[1m'isConnected' overrides a member function but is not marked 'override' [-Winconsistent-missing-override][0m
   62 |   AREXPORT [0;34mvirtual[0m [0;34mbool[0m isConnected()[0m
      | [0;1;32m                        ^
[0m[1m/usr/local/include/Aria/ArLaser.h:129:25: [0m[0;1;36mnote: [0moverridden virtual function is here[0m
  129 |   AREXPORT [0;34mvirtual[0m [0;34mbool[0m isConnected() = [0;32m0[0m;  [0m
      | [0;1;32m                        ^
[0mIn file included from /Users/marcoreis/b166er/src/rosaria/RosAria.cpp:7:
In file included from /usr/local/include/Aria/Aria.h:134:
[1m/usr/local/include/Aria/ArSimulatedLaser.h:62:25: [0m[0;1;35mwarning: [0m[1m'isConnected' overrides a member function but is not marked 'override' [-Winconsistent-missing-override][0m
   62 |   AREXPORT [0;34mvirtual[0m [0;34mbool[0m isConnected()[0m
      | [0;1;32m                        ^
[0m[1m/usr/local/include/Aria/ArLaser.h:129:25: [0m[0;1;36mnote: [0moverridden virtual function is here[0m
  129 |   AREXPORT [0;34mvirtual[0m [0;34mbool[0m isConnected() = [0;32m0[0m;  [0m
      | [0;1;32m                        ^
[0mIn file included from /Users/marcoreis/b166er/src/rosaria/LaserPublisher.cpp:5:
In file included from /usr/local/include/Aria/Aria.h:142:
[1m/usr/local/include/Aria/ArS3Series.h:236:16: [0m[0;1;35mwarning: [0m[1m'laserSetName' overrides a member function but is not marked 'override' [-Winconsistent-missing-override][0m
  236 |   [0;34mvirtual[0m [0;34mvoid[0m laserSetName([0;34mconst[0m [0;34mchar[0m *name);[0m
      | [0;1;32m               ^
[0m[1m/usr/local/include/Aria/ArLaser.h:627:25: [0m[0;1;36mnote: [0moverridden virtual function is here[0m
In file included from /Users/marcoreis/b166er/src/rosaria/RosAria.cpp:7:
In file included from /usr/local/include/Aria/Aria.h:142:
[1m/usr/local/include/Aria/ArS3Series.h:236:16: [0m[0;1;35mwarning: [0m[1m'laserSetName' overrides a member function but is not marked 'override' [-Winconsistent-missing-override][0m
  627 |   AREXPORT [0;34mvir  t236u | a l [0m[0;34m virtual[0m [0;34mvoid[0m [0;34mlaserSetName([0;34mconst[0m [0;34mchar[0m *name);[0m
      v| [0;1;32m               ^
[0m[1m/usr/local/include/Aria/ArLaser.h:627:25: [0m[0;1;36mnote: [0moverridden virtual function is here[0m
oid[0m laserSetName([0;34mconst[0m [0;34mchar  [0m627  | * n aAmReE)X;P[0mO
R      T|  [0;1;32m[0;34m                        ^v
i[0mrtual[0m [0;34mvoid[0m laserSetName([0;34mconst[0m [0;34mchar[0mIn file included from /Users/marcoreis/b166er/src/rosaria/LaserPublisher.cpp:5:
In file included from  /usr/local/include/Aria/Aria.h*:n142a:
m[1me/usr/local/include/Aria/ArS3Series.h):237:18;[0m
      | [0;1;32m                        ^
[0m: [0m[0;1;35mwarning: [0m[1m'runThread' overrides a member function but is not marked 'override' [-Winconsistent-missing-override][0mIn file included from 
/Users/marcoreis/b166er/src/rosaria/RosAria.cpp:7:
In file included from /usr/local/include/Aria/Aria.h:142:
[1m/usr/local/include/Aria/ArS3Series.h:237:18: [0m[0;1;35mwarning: [0m[1m'runThread' overrides a member function but is not marked 'override' [-Winconsistent-missing-override][0m
  237 |   [0;34mv  i237r | t u a[0;34mlv[0mi r[0;34mtvuoaild[0m[0m  [0;34m*v oriudn[0mT h*r eraudn(T[0;34mhvroeiadd[0m( [0;34m*vaorigd)[0m; [0m*
a      r| g[0;1;32m)                 ^;
[0m[0m
      | [0;1;32m                 ^
[1m/usr/local/include/Aria/ArRangeDeviceThreaded.h:52:27: [0m[0;1;36mnote: [0moverridden virtual function is here[0m
   52 |   AREXPORT [0;34mvirtual[0m [0;34mvoid[0m * runThread([0;34mvoid[0m *arg) = [0;32m0[0m;[0m
      | [0;1;32m                          ^
[0mIn file included from /Users/marcoreis/b166er/src/rosaria/RosAria.cpp:7:
In file included from /usr/local/include/Aria/Aria.h:142:
[1m/usr/local/include/Aria/ArS3Series.h:238:16: [0m[0;1;35mwarning: [0m[1m'setRobot' overrides a member function but is not marked 'override' [-Winconsistent-missing-override][0m
  238 |   [0;34mvirtual[0m [0;34mvoid[0m setRobot(ArRobot *robot);[0m
      | [0;1;32m               ^
[0m[1m/usr/local/include/Aria/ArRangeDevice.h:96:25: [0m[0;1;36mnote: [0moverridden virtual function is here[0m
   96 |   AREXPORT [0;34mvirtual[0m [0;34mv[0m[1mo/usr/local/include/Aria/ArRangeDeviceThreaded.hi:d52[0m: 27s:e t[0mR[0;1;36monote: b[0mooverridden virtual function is heret[0m(
ArRobot *robot);[0m
      | [0;1;32m                        ^
[0m   52 |   AREXPORT [0;34mvirtual[0m [0;34mvoid[0m * runThread([0;34mvoid[0m *arg) = [0;32m0[0m;[0m
      | [0;1;32m                          ^
[0mIn file included from /Users/marcoreis/b166er/src/rosaria/LaserPublisher.cpp:5:
In file included from /usr/local/include/Aria/Aria.h:142:
[1m/usr/local/include/Aria/ArS3Series.h:238:16: [0m[0;1;35mwarning: [0m[1m'setRobot' overrides a member function but is not marked 'override' [-Winconsistent-missing-override][0m
  238 |   [0;34mvirtual[0m [0;34mvoid[0m setRobot(ArRobot *robot);[0m
      | [0;1;32m               ^
[0m[1m/usr/local/include/Aria/ArRangeDevice.h:96:25: [0m[0;1;36mnote: [0moverridden virtual function is here[0m
   96 |   AREXPORT [0;34mvirtual[0m [0;34mvoid[0m setRobot(ArRobot *robot);[0m
      | [0;1;32m                        ^
[0m14 warnings generated.
14 warnings generated.
