[  0%] Built target std_msgs_generate_messages_cpp
[  0%] Built target std_msgs_generate_messages_eus
[  9%] [34m[1mGenerating dynamic reconfigure files from cfg/RosAria.cfg: /Users/marcoreis/b166er/devel/.private/rosaria/include/rosaria/RosAriaConfig.h /Users/marcoreis/b166er/devel/.private/rosaria/lib/python3.11/site-packages/rosaria/cfg/RosAriaConfig.py[0m
[  9%] Built target geometry_msgs_generate_messages_py
[  9%] Built target geometry_msgs_generate_messages_cpp
[  9%] Built target geometry_msgs_generate_messages_eus
[  9%] Built target std_msgs_generate_messages_py
[  9%] Built target std_msgs_generate_messages_lisp
[  9%] Built target std_msgs_generate_messages_nodejs
[  9%] Built target geometry_msgs_generate_messages_lisp
[  9%] Built target geometry_msgs_generate_messages_nodejs
[  9%] Built target _rosaria_generate_messages_check_deps_BumperState
[ 18%] [34m[1mGenerating Python from MSG rosaria/BumperState[0m
[ 27%] [34m[1mGenerating C++ code from rosaria/BumperState.msg[0m
[ 36%] [34m[1mGenerating EusLisp manifest code for rosaria[0m
[ 45%] [34m[1mGenerating Lisp code from rosaria/BumperState.msg[0m
[ 54%] [34m[1mGenerating Javascript code from rosaria/BumperState.msg[0m
[ 63%] [34m[1mGenerating EusLisp code from rosaria/BumperState.msg[0m
Generating reconfiguration files for RosAria in rosaria
Wrote header file in /Users/marcoreis/b166er/devel/.private/rosaria/include/rosaria/RosAriaConfig.h
[ 63%] Built target rosaria_generate_messages_lisp
[ 63%] Built target rosaria_generate_messages_nodejs
[ 63%] Built target rosaria_gencfg
[ 63%] Built target rosaria_generate_messages_cpp
[ 72%] [34m[1mGenerating Python msg __init__.py for rosaria[0m
[ 72%] Built target rosaria_gencpp
[ 81%] [32mBuilding CXX object CMakeFiles/RosAria.dir/RosAria.cpp.o[0m
[ 90%] [32mBuilding CXX object CMakeFiles/RosAria.dir/LaserPublisher.cpp.o[0m
In file included from /Users/marcoreis/b166er/src/rosaria/LaserPublisher.cpp:5:
In file included from /usr/local/include/Aria/Aria.h:33:
[1m/usr/local/include/Aria/ariaTypedefs.h:28:9: [0m[0;1;35mwarning: [0m[1m'ARIACODA' macro redefined [-Wmacro-redefined][0m
   28 | #define ARIACODA 3[0m
      | [0;1;32m        ^
[0m[1m<command line>:1:9: [0m[0;1;36mnote: [0mprevious definition is here[0m
    1 | #define ARIACODA 1[0m
      | [0;1;32m        ^
[ 90%] Built target rosaria_generate_messages_py
[0mIn file included from /Users/marcoreis/b166er/src/rosaria/RosAria.cpp:7:
In file included from /usr/local/include/Aria/Aria.h:33:
[1m/usr/local/include/Aria/ariaTypedefs.h:28:9: [0m[0;1;35mwarning: [0m[1m'ARIACODA' macro redefined [-Wmacro-redefined][0m
   28 | #define ARIACODA 3[0m
      | [0;1;32m        ^
[0m[1m<command line>:1:9: [0m[0;1;36mnote: [0mprevious definition is here[0m
    1 | #define ARIACODA 1[0m
      | [0;1;32m        ^
[0mIn file included from In file included from /Users/marcoreis/b166er/src/rosaria/LaserPublisher.cpp/Users/marcoreis/b166er/src/rosaria/RosAria.cpp::57:
:
In file included from In file included from /usr/local/include/Aria/Aria.h/usr/local/include/Aria/Aria.h::8585:
:
[1m[1m/usr/local/include/Aria/ArDPPTU.h/usr/local/include/Aria/ArDPPTU.h::165165::1717::  [0m[0m[0;1;35m[0;1;35mwarning: warning: [0m[0m[1m[1m'init' overrides a member function but is not marked 'override' [-Winconsistent-missing-override]'init' overrides a member function but is not marked 'override' [-Winconsistent-missing-override][0m[0m

    165165 |  |     AARREEXXPPOORRTT  bbooooll  iinniitt(());;[0m[0m

            | | [0;1;32m[0;1;32m                ^                ^

[0m[0m[1m[1m/usr/local/include/Aria/ArPTZ.h/usr/local/include/Aria/ArPTZ.h:96::96:25: [0m[0;1;36mnote: 25[0m:overridden virtual function is here [0m[0m
[0;1;36mnote: [0moverridden virtual function is here[0m   
96 |      96A | R E XAPROERXTP OvRiTr tvuiarlt ubaolo lb oionli ti(n)i t=( )0 ;=[0m 
0      ;| [0m[0;1;32m
                        ^      
| [0m[0;1;32m                        ^
[0mIn file included from /Users/marcoreis/b166er/src/rosaria/RosAria.cppIn file included from /Users/marcoreis/b166er/src/rosaria/LaserPublisher.cpp:7:
:In file included from 5/usr/local/include/Aria/Aria.h:
:In file included from 85/usr/local/include/Aria/Aria.h:
:[1m85/usr/local/include/Aria/ArDPPTU.h:
:[1m168/usr/local/include/Aria/ArDPPTU.h::16168:: 16[0m:[0;1;35m warning: [0m[0m[0;1;35m[1mwarning: 'canZoom' overrides a member function but is not marked 'override' [-Winconsistent-missing-override][0m[0m[1m
'canZoom' overrides a member function but is not marked 'override' [-Winconsistent-missing-override][0m
  168 |    168  | v i rvtiuratlu ablo oblo ocla ncZaonoZmo(o)m (c)o ncsotn s{t  r{e truertnu rfna lfsael;s e};[0m 
}      [0m| 
[0;1;32m                     ^| 
[0;1;32m[0m               ^
[1m[0m/usr/local/include/Aria/ArPTZ.h[1m:/usr/local/include/Aria/ArPTZ.h133::13325::25 :[0m [0;1;36mnote: [0m[0m[0;1;36mnote: overridden virtual function is here[0m[0moverridden virtual function is here
[0m
    133133 |  |     AARREEXXPPOORRTT  vviirtrutaula lb oboolo lc anZcoaonm(Z)o ocmo(n)s tc o=n s0t; [0m=
       0| ;[0;1;32m[0m                        ^

      [0m| [0;1;32m                        ^In file included from 
/Users/marcoreis/b166er/src/rosaria/RosAria.cpp[0m:7:
In file included from /usr/local/include/Aria/Aria.h:85In file included from :
/Users/marcoreis/b166er/src/rosaria/LaserPublisher.cpp[1m:/usr/local/include/Aria/ArDPPTU.h5::
169In file included from :/usr/local/include/Aria/Aria.h16::85 :
[0m[1m/usr/local/include/Aria/ArDPPTU.h[0;1;35m:warning: 169[0m:[1m16'canGetRealPanTilt' overrides a member function but is not marked 'override' [-Winconsistent-missing-override]:[0m 
[0m[0;1;35mwarning:   169 | [0m [1m 'canGetRealPanTilt' overrides a member function but is not marked 'override' [-Winconsistent-missing-override]v[0mi
rtual   169b | o o lv icratnuGaelt RbeoaollP acnaTniGlett(R)e acloPnasntT i{l tr(e)t ucronn smty C{an GreettRueranl PmaynCTainlGte;t R}e[0ma
l      P| a[0;1;32mn               ^T
i[0mlt[1m;/usr/local/include/Aria/ArPTZ.h :}158[0m:
25      :|  [0;1;32m[0m[0;1;36m               ^note: 
[0m[0moverridden virtual function is here[0m[1m
/usr/local/include/Aria/ArPTZ.h:158  :15825 | :   [0mA[0;1;36mRnote: E[0mXoverridden virtual function is hereP[0mO
RT   v158i | r t uAaRlE XbPoOoRlT  cvainrGteutaRle abloPoaln TcialntG(e)t RceoanlsPta n{ rTeitlutr(n)  fcaolnsset;  {} [0mr
e      t| u[0;1;32mr                        ^n
 [0mfalse; In file included from }/Users/marcoreis/b166er/src/rosaria/RosAria.cpp[0m:
7      :
| In file included from [0;1;32m/usr/local/include/Aria/Aria.h                        ^:
85[0m:
[1m/usr/local/include/Aria/ArDPPTU.h:342:17: In file included from [0m/Users/marcoreis/b166er/src/rosaria/LaserPublisher.cpp[0;1;35m:warning: 5[0m:
[1mIn file included from 'panSlew' overrides a member function but is not marked 'override' [-Winconsistent-missing-override]/usr/local/include/Aria/Aria.h[0m:
85:
  [1m342/usr/local/include/Aria/ArDPPTU.h | : 342 :A17R:EXPORT  b[0mo[0;1;35mowarning: l[0m [1mp'panSlew' overrides a member function but is not marked 'override' [-Winconsistent-missing-override]a[0mn
Sle  342 | w ( dAoRuEbXlPeO RdTe gb)o;o[0ml
       p| a[0;1;32mn                ^S
l[0me[1m/usr/local/include/Aria/ArPTZ.hw:(202d:o16u:b l[0me[0;1;36m note: d[0meoverridden virtual function is hereg[0m)
;[0m
        | 202[0;1;32m |                 ^ 
 [0mv[1mi/usr/local/include/Aria/ArPTZ.hr:t202u:a16l:  b[0mo[0;1;36monote: l[0m overridden virtual function is herep[0ma
nS  l202e | w ( UvNiUrStEuDa ld obuobolle  psa)n S{l erwe(tUuNrUnS EfDa ldsoeu;b l}e[0m
      |  [0;1;32ms               ^)
 [0m{ In file included from r/Users/marcoreis/b166er/src/rosaria/RosAria.cppe:t7u:
rIn file included from n/usr/local/include/Aria/Aria.h :f85a:
l[1ms/usr/local/include/Aria/ArDPPTU.he:;344 :}17[0m:
       [0m| [0;1;35m[0;1;32mwarning:                ^[0m
[1m[0m'tiltSlew' overrides a member function but is not marked 'override' [-Winconsistent-missing-override][0mIn file included from 
/Users/marcoreis/b166er/src/rosaria/LaserPublisher.cpp:5  :
344In file included from  | /usr/local/include/Aria/Aria.h : 85AREX:
P[1mO/usr/local/include/Aria/ArDPPTU.hR:T344 :b17o:o l[0m [0;1;35mtwarning: i[0ml[1mt'tiltSlew' overrides a member function but is not marked 'override' [-Winconsistent-missing-override]S[0ml
ew  (344d | o u bAlReE XdPeORT gb)o;o[0ml
       t| i[0;1;32m                ^l
t[0mSl[1me/usr/local/include/Aria/ArPTZ.hw:(207d:o16u: [0m[0;1;36mnote: [0moverridden virtual function is here[0m
  207 |  ble deg); [0mv
i      r| t[0;1;32mu                ^a
l[0m bool [1m/usr/local/include/Aria/ArPTZ.h:207t:i16l:t S[0ml[0;1;36menote: w[0m(overridden virtual function is hereU[0mN
USED  207 |   d ovuibrlteu asl)  b{o orle ttuirlnt Sflaelws(eU;N U}S[0mE
D       | d[0;1;32mo               ^u
b[0mle In file included from /Users/marcoreis/b166er/src/rosaria/RosAria.cpp:7:
sIn file included from )/usr/local/include/Aria/Aria.h :{85 :
r[1me/usr/local/include/Aria/ArDPPTU.ht:u345r:n8 :f a[0ml[0;1;35mswarning: e[0m;[1m 'canPanTiltSlew' overrides a member function but is not marked 'override' [-Winconsistent-missing-override]}[0m[0m

      | [0;1;32m               ^
[0m  345 |   boIn file included from o/Users/marcoreis/b166er/src/rosaria/LaserPublisher.cppl: 5c:
aIn file included from n/usr/local/include/Aria/Aria.hP:a85n:
T[1mi/usr/local/include/Aria/ArDPPTU.hl:t345S:l8e:w ([0m)[0;1;35m warning: {[0m [1mr'canPanTiltSlew' overrides a member function but is not marked 'override' [-Winconsistent-missing-override]e[0mt
ur  345 | n   tbrouoel;  c}a[0mn
P      a| n[0;1;32mT       ^i
l[0mt[1m/usr/local/include/Aria/ArPTZ.h:Slew(197:16:)  [0m{[0;1;36m note: r[0meoverridden virtual function is heret[0mu
rn   true197 |   ; }[0mvi
      | [0;1;32m       ^
[0mr[1mt/usr/local/include/Aria/ArPTZ.hu:a197l: 16b:o o[0ml[0;1;36m note: c[0maoverridden virtual function is heren[0mP
an  197Tilt |   vSlewi(r)t u{a lr ebtouorln  cfaanlPsaen;T i}l[0mt
S      l| e[0;1;32mw               ^(
)[0m In file included from /Users/marcoreis/b166er/src/rosaria/RosAria.cpp:{7 :
rIn file included from e/usr/local/include/Aria/Aria.ht:u85r:
n[1m /usr/local/include/Aria/ArDPPTU.hf:a364l:s18e:;  [0m}[0;1;35m[0mwarning: 
[0m      [1m| 'getPan_i' overrides a member function but is not marked 'override' [-Winconsistent-missing-override][0;1;32m[0m               ^

[0m  364In file included from /Users/marcoreis/b166er/src/rosaria/LaserPublisher.cpp:5:
 | In file included from  /usr/local/include/Aria/Aria.h :v85i:
r[1mt/usr/local/include/Aria/ArDPPTU.hu:a364l: 18d:o u[0mb[0;1;35mlwarning: e[0m [1mg'getPan_i' overrides a member function but is not marked 'override' [-Winconsistent-missing-override]e[0mt
P  364 |   an_iv(i)r tcuoanls td o[0mu
b      l| e[0;1;32m                  ^g
e[0mt[1m/usr/local/include/Aria/ArPTZ.hP:a370n:_27i:( )[0m [0;1;36mcnote: o[0mnoverridden virtual function is heres[0mt
 [0m  
370       | |  [0;1;32m                  ^A
R[0mE[1mX/usr/local/include/Aria/ArPTZ.hP:O370R:T27 :v i[0mr[0;1;36mtnote: u[0maoverridden virtual function is herel[0m 
do  u370b | l e  AgReEtXPPaOnR_Ti (v)i rctounaslt  d=o u0b;l[0me
       g| e[0;1;32mt                          ^P
a[0mn_In file included from /Users/marcoreis/b166er/src/rosaria/RosAria.cpp:i() 7:
In file included from /usr/local/include/Aria/Aria.h:85:
[1mc/usr/local/include/Aria/ArDPPTU.ho:n368s:t18 :=  [0m0[0;1;35m;warning: [0m[0m
[1m      'getTilt_i' overrides a member function but is not marked 'override' [-Winconsistent-missing-override]| [0m[0;1;32m
                          ^  368 | 
 [0m vIn file included from i/Users/marcoreis/b166er/src/rosaria/LaserPublisher.cppr:t5u:
aIn file included from l/usr/local/include/Aria/Aria.h :d85o:
u[1mb/usr/local/include/Aria/ArDPPTU.hl:e368 :g18e:t T[0mi[0;1;35mlwarning: t[0m_[1mi'getTilt_i' overrides a member function but is not marked 'override' [-Winconsistent-missing-override]([0m)
   368 |   constvirtual  [0md
o      u| b[0;1;32ml                 ^e
 [0mg[1me/usr/local/include/Aria/ArPTZ.ht:T371i:l27t:_ i[0m([0;1;36m)note:  [0mcoverridden virtual function is hereo[0mn
st  371 |   [0m
      | [0;1;32m                  ^A
R[0mE[1mX/usr/local/include/Aria/ArPTZ.hP:O371R:T27 :v i[0mr[0;1;36mtnote: u[0maoverridden virtual function is herel[0m 
do  u371b | l e  AgReEtXTPiOlRtT_ iv(i)r tcuoanls td o=u b0l;e[0m 
g      e| t[0;1;32mT                          ^i
l[0mt_iIn file included from /Users/marcoreis/b166er/src/rosaria/RosAria.cpp:7:
(In file included from )/usr/local/include/Aria/Aria.h :c85o:
n[1ms/usr/local/include/Aria/ArDPPTU.ht: 438=: 340:; [0m[0m
[0;1;35m      warning: | [0m[0;1;32m[1m                          ^'readPacket' overrides a member function but is not marked 'override' [-Winconsistent-missing-override]
[0m[0m
In file included from   /Users/marcoreis/b166er/src/rosaria/LaserPublisher.cpp438: | 5 :
 In file included from A/usr/local/include/Aria/Aria.hR:E85X:
P[1mO/usr/local/include/Aria/ArDPPTU.hR:T438 :v34i:r t[0mu[0;1;35mawarning: l[0m [1mA'readPacket' overrides a member function but is not marked 'override' [-Winconsistent-missing-override]r[0mB
a  438 |   AREXPORsTePacket *readPack et();[0m
      | [0;1;32m                                 ^
[0m[1m/usr/local/include/Aria/ArPTZ.h:289:34: vir[0m[0;1;36mnote: [0moverridden virtual function is here[0mtual 
ArBas  289 |   AREeXPPaOcRkTe tv i*rrteuaadlP aAcrkBeats(e)P;a[0mc
k      e| t[0;1;32m                                  ^*
r[0meadPa[1mc/usr/local/include/Aria/ArPTZ.hk:e289t:(34):  {[0m [0;1;36mrnote: e[0mtoverridden virtual function is hereu[0mr
n NUL  L289; |   } [0mA
R      E| X[0;1;32mP                                 ^O
R[0mT virtual ArBasePacket *readPacket() { return NULL; }[0m
      | [0;1;32m                                 ^
[0mIn file included from /Users/marcoreis/b166er/src/rosaria/RosAria.cpp:7:
In file included from /usr/local/include/Aria/Aria.h:134:
[1m/usr/local/include/Aria/ArSimulatedLaser.hIn file included from :/Users/marcoreis/b166er/src/rosaria/LaserPublisher.cpp62::525:
:In file included from  /usr/local/include/Aria/Aria.h[0m:[0;1;35m134warning: :
[0m[1m[1m/usr/local/include/Aria/ArSimulatedLaser.h'isConnected' overrides a member function but is not marked 'override' [-Winconsistent-missing-override]:[0m62
:25: [0m[0;1;35mwarning: [0m[1m   62 |   A'isConnected' overrides a member function but is not marked 'override' [-Winconsistent-missing-override][0m
REX   P62O | R T  AvRiErXtPuOaRlT  bvoiorlt uiaslC obnonoelc tiesdC(o)n[0mn
e      c| t[0;1;32me                        ^d
([0m)[0m
      | [0;1;32m                        ^
[0m[1m/usr/local/include/Aria/ArLaser.h:129:25: [0m[0;1;36mnote: [0moverridden virtual function is here[1m[0m/usr/local/include/Aria/ArLaser.h
:129:25: [0m[0;1;36mnote: [0m  overridden virtual function is here[0m129
 |     129A | R E XAPROERXTP OvRiTr tvuiarlt ubaolo lb oioslC oinsnCeocntneedc(t)e d=( )0 ;=   0[0m;
        | [0m[0;1;32m
                        ^      
| [0m[0;1;32m                        ^
[0mIn file included from /Users/marcoreis/b166er/src/rosaria/LaserPublisher.cpp:5:
In file included from /usr/local/include/Aria/Aria.h:142:
[1m/usr/local/include/Aria/ArS3Series.h:236:16: [0m[0;1;35mwarning: [0m[1m'laserSetName' overrides a member function but is not marked 'override' [-Winconsistent-missing-override][0m
  236 |   virtual void laserSetName(const char *name);[0m
      | [0;1;32m               ^
[0m[1m/usr/local/include/Aria/ArLaser.h:627:25: [0m[0;1;36mnote: [0moverridden virtual function is here[0m
  627 |   AREXPORT virtual void laserSetName(const char *name);[0m
      | [0;1;32m                        ^
[0mIn file included from /Users/marcoreis/b166er/src/rosaria/LaserPublisher.cpp:5:
In file included from /usr/local/include/Aria/Aria.h:142:
[1m/usr/local/include/Aria/ArS3Series.h:237:18: [0m[0;1;35mwarning: [0m[1m'runThread' overrides a member function but is not marked 'override' [-Winconsistent-missing-override][0m
  237 |   virtual void * runThread(void *arg);[0m
      | [0;1;32m                 ^
[0m[1m/usr/local/include/Aria/ArRangeDeviceThreaded.h:52:27: [0m[0;1;36mnote: [0moverridden virtual function is here[0m
   52 |   AREXPORT virtual void * runThread(void *arg) = 0;[0m
      | [0;1;32m                          ^
[0mIn file included from /Users/marcoreis/b166er/src/rosaria/LaserPublisher.cpp:5:
In file included from /usr/local/include/Aria/Aria.h:142:
[1m/usr/local/include/Aria/ArS3Series.h:238:16: [0m[0;1;35mwarning: [0m[1m'setRobot' overrides a member function but is not marked 'override' [-Winconsistent-missing-override][0m
  238 |   virtual void setRobot(ArRobot *robot);[0m
      | [0;1;32m               ^
[0m[1m/usr/local/include/Aria/ArRangeDevice.h:96:25: [0m[0;1;36mnote: [0moverridden virtual function is here[0m
   96 |   AREXPORT virtual void setRobot(ArRobot *robot);[0m
      | [0;1;32m                        ^
[0mIn file included from /Users/marcoreis/b166er/src/rosaria/RosAria.cpp:7:
In file included from /usr/local/include/Aria/Aria.h:142:
[1m/usr/local/include/Aria/ArS3Series.h:236:16: [0m[0;1;35mwarning: [0m[1m'laserSetName' overrides a member function but is not marked 'override' [-Winconsistent-missing-override][0m
  236 |   virtual void laserSetName(const char *name);[0m
      | [0;1;32m               ^
[0m[1m/usr/local/include/Aria/ArLaser.h:627:25: [0m[0;1;36mnote: [0moverridden virtual function is here[0m
  627 |   AREXPORT virtual void laserSetName(const char *name);[0m
      | [0;1;32m                        ^
[0mIn file included from /Users/marcoreis/b166er/src/rosaria/RosAria.cpp:7:
In file included from /usr/local/include/Aria/Aria.h:142:
[1m/usr/local/include/Aria/ArS3Series.h:237:18: [0m[0;1;35mwarning: [0m[1m'runThread' overrides a member function but is not marked 'override' [-Winconsistent-missing-override][0m
  237 |   virtual void * runThread(void *arg);[0m
      | [0;1;32m                 ^
[0m[1m/usr/local/include/Aria/ArRangeDeviceThreaded.h:52:27: [0m[0;1;36mnote: [0moverridden virtual function is here[0m
   52 |   AREXPORT virtual void * runThread(void *arg) = 0;[0m
      | [0;1;32m                          ^
[0mIn file included from /Users/marcoreis/b166er/src/rosaria/RosAria.cpp:7:
In file included from /usr/local/include/Aria/Aria.h:142:
[1m/usr/local/include/Aria/ArS3Series.h:238:16: [0m[0;1;35mwarning: [0m[1m'setRobot' overrides a member function but is not marked 'override' [-Winconsistent-missing-override][0m
  238 |   virtual void setRobot(ArRobot *robot);[0m
      | [0;1;32m               ^
[0m[1m/usr/local/include/Aria/ArRangeDevice.h:96:25: [0m[0;1;36mnote: [0moverridden virtual function is here[0m
   96 |   AREXPORT virtual void setRobot(ArRobot *robot);[0m
      | [0;1;32m                        ^
[ 90%] Built target rosaria_generate_messages_eus
[ 90%] Built target rosaria_generate_messages
[0m14 warnings generated.
14 warnings generated.
[100%] [32m[1mLinking CXX executable /Users/marcoreis/b166er/devel/.private/rosaria/lib/rosaria/RosAria[0m
[100%] Built target RosAria
