Symlinking /home/marco/b166er/devel/include/rosaria/BumperState.h
Symlinking /home/marco/b166er/devel/include/rosaria/RosAriaConfig.h
Symlinking /home/marco/b166er/devel/share/roseus/ros/rosaria/manifest.l
Symlinking /home/marco/b166er/devel/share/roseus/ros/rosaria/msg/BumperState.l
Symlinking /home/marco/b166er/devel/share/common-lisp/ros/rosaria/msg/_package.lisp
Symlinking /home/marco/b166er/devel/share/common-lisp/ros/rosaria/msg/rosaria-msg.asd
Symlinking /home/marco/b166er/devel/share/common-lisp/ros/rosaria/msg/_package_BumperState.lisp
Symlinking /home/marco/b166er/devel/share/common-lisp/ros/rosaria/msg/BumperState.lisp
Symlinking /home/marco/b166er/devel/share/gennodejs/ros/rosaria/_index.js
Symlinking /home/marco/b166er/devel/share/gennodejs/ros/rosaria/msg/_index.js
Symlinking /home/marco/b166er/devel/share/gennodejs/ros/rosaria/msg/BumperState.js
Symlinking /home/marco/b166er/devel/share/rosaria/cmake/rosaria-msg-paths.cmake
Symlinking /home/marco/b166er/devel/share/rosaria/cmake/rosaria-msg-extras.cmake
Symlinking /home/marco/b166er/devel/share/rosaria/cmake/rosariaConfig.cmake
Symlinking /home/marco/b166er/devel/share/rosaria/cmake/rosariaConfig-version.cmake
Symlinking /home/marco/b166er/devel/share/rosaria/docs/RosAriaConfig.wikidoc
Symlinking /home/marco/b166er/devel/share/rosaria/docs/RosAriaConfig-usage.dox
Symlinking /home/marco/b166er/devel/share/rosaria/docs/RosAriaConfig.dox
Symlinking /home/marco/b166er/devel/lib/python3.11/site-packages/rosaria/__init__.py
Symlinking /home/marco/b166er/devel/lib/python3.11/site-packages/rosaria/cfg/__init__.py
Symlinking /home/marco/b166er/devel/lib/python3.11/site-packages/rosaria/cfg/RosAriaConfig.py
Symlinking /home/marco/b166er/devel/lib/python3.11/site-packages/rosaria/msg/_BumperState.py
Symlinking /home/marco/b166er/devel/lib/python3.11/site-packages/rosaria/msg/__init__.py
Symlinking /home/marco/b166er/devel/lib/rosaria/RosAria
Symlinking /home/marco/b166er/devel/lib/pkgconfig/rosaria.pc
Cleaning: (/Users/marcoreis/b166er/devel/.private/rosaria/cmake.lock, /Users/marcoreis/b166er/devel/./cmake.lock)
Cleaning: (/Users/marcoreis/b166er/devel/.private/rosaria/include/rosaria/BumperState.h, /Users/marcoreis/b166er/devel/include/rosaria/BumperState.h)
Cleaning: (/Users/marcoreis/b166er/devel/.private/rosaria/include/rosaria/RosAriaConfig.h, /Users/marcoreis/b166er/devel/include/rosaria/RosAriaConfig.h)
Cleaning: (/Users/marcoreis/b166er/devel/.private/rosaria/lib/pkgconfig/rosaria.pc, /Users/marcoreis/b166er/devel/lib/pkgconfig/rosaria.pc)
Cleaning: (/Users/marcoreis/b166er/devel/.private/rosaria/lib/rosaria/RosAria, /Users/marcoreis/b166er/devel/lib/rosaria/RosAria)
Cleaning: (/Users/marcoreis/b166er/devel/.private/rosaria/lib/python3.11/site-packages/rosaria/__init__.py, /Users/marcoreis/b166er/devel/lib/python3.11/site-packages/rosaria/__init__.py)
Cleaning: (/Users/marcoreis/b166er/devel/.private/rosaria/lib/python3.11/site-packages/rosaria/msg/__init__.py, /Users/marcoreis/b166er/devel/lib/python3.11/site-packages/rosaria/msg/__init__.py)
Cleaning: (/Users/marcoreis/b166er/devel/.private/rosaria/lib/python3.11/site-packages/rosaria/msg/_BumperState.py, /Users/marcoreis/b166er/devel/lib/python3.11/site-packages/rosaria/msg/_BumperState.py)
Cleaning: (/Users/marcoreis/b166er/devel/.private/rosaria/lib/python3.11/site-packages/rosaria/cfg/__init__.py, /Users/marcoreis/b166er/devel/lib/python3.11/site-packages/rosaria/cfg/__init__.py)
Cleaning: (/Users/marcoreis/b166er/devel/.private/rosaria/lib/python3.11/site-packages/rosaria/cfg/RosAriaConfig.py, /Users/marcoreis/b166er/devel/lib/python3.11/site-packages/rosaria/cfg/RosAriaConfig.py)
Cleaning: (/Users/marcoreis/b166er/devel/.private/rosaria/share/rosaria/cmake/rosariaConfig-version.cmake, /Users/marcoreis/b166er/devel/share/rosaria/cmake/rosariaConfig-version.cmake)
Cleaning: (/Users/marcoreis/b166er/devel/.private/rosaria/share/rosaria/cmake/rosaria-msg-paths.cmake, /Users/marcoreis/b166er/devel/share/rosaria/cmake/rosaria-msg-paths.cmake)
Cleaning: (/Users/marcoreis/b166er/devel/.private/rosaria/share/rosaria/cmake/rosaria-msg-extras.cmake, /Users/marcoreis/b166er/devel/share/rosaria/cmake/rosaria-msg-extras.cmake)
Cleaning: (/Users/marcoreis/b166er/devel/.private/rosaria/share/rosaria/cmake/rosariaConfig.cmake, /Users/marcoreis/b166er/devel/share/rosaria/cmake/rosariaConfig.cmake)
Cleaning: (/Users/marcoreis/b166er/devel/.private/rosaria/share/rosaria/docs/RosAriaConfig.wikidoc, /Users/marcoreis/b166er/devel/share/rosaria/docs/RosAriaConfig.wikidoc)
Cleaning: (/Users/marcoreis/b166er/devel/.private/rosaria/share/rosaria/docs/RosAriaConfig-usage.dox, /Users/marcoreis/b166er/devel/share/rosaria/docs/RosAriaConfig-usage.dox)
Cleaning: (/Users/marcoreis/b166er/devel/.private/rosaria/share/rosaria/docs/RosAriaConfig.dox, /Users/marcoreis/b166er/devel/share/rosaria/docs/RosAriaConfig.dox)
Cleaning: (/Users/marcoreis/b166er/devel/.private/rosaria/share/roseus/ros/rosaria/manifest.l, /Users/marcoreis/b166er/devel/share/roseus/ros/rosaria/manifest.l)
Cleaning: (/Users/marcoreis/b166er/devel/.private/rosaria/share/roseus/ros/rosaria/msg/BumperState.l, /Users/marcoreis/b166er/devel/share/roseus/ros/rosaria/msg/BumperState.l)
Cleaning: (/Users/marcoreis/b166er/devel/.private/rosaria/share/common-lisp/ros/rosaria/msg/BumperState.lisp, /Users/marcoreis/b166er/devel/share/common-lisp/ros/rosaria/msg/BumperState.lisp)
Cleaning: (/Users/marcoreis/b166er/devel/.private/rosaria/share/common-lisp/ros/rosaria/msg/_package.lisp, /Users/marcoreis/b166er/devel/share/common-lisp/ros/rosaria/msg/_package.lisp)
Cleaning: (/Users/marcoreis/b166er/devel/.private/rosaria/share/common-lisp/ros/rosaria/msg/rosaria-msg.asd, /Users/marcoreis/b166er/devel/share/common-lisp/ros/rosaria/msg/rosaria-msg.asd)
Cleaning: (/Users/marcoreis/b166er/devel/.private/rosaria/share/common-lisp/ros/rosaria/msg/_package_BumperState.lisp, /Users/marcoreis/b166er/devel/share/common-lisp/ros/rosaria/msg/_package_BumperState.lisp)
Cleaning: (/Users/marcoreis/b166er/devel/.private/rosaria/share/gennodejs/ros/rosaria/_index.js, /Users/marcoreis/b166er/devel/share/gennodejs/ros/rosaria/_index.js)
Cleaning: (/Users/marcoreis/b166er/devel/.private/rosaria/share/gennodejs/ros/rosaria/msg/_index.js, /Users/marcoreis/b166er/devel/share/gennodejs/ros/rosaria/msg/_index.js)
Cleaning: (/Users/marcoreis/b166er/devel/.private/rosaria/share/gennodejs/ros/rosaria/msg/BumperState.js, /Users/marcoreis/b166er/devel/share/gennodejs/ros/rosaria/msg/BumperState.js)
Unlinking: /Users/marcoreis/b166er/devel/include/rosaria/BumperState.h
Already unlinked: {}
Unlinking: /Users/marcoreis/b166er/devel/include/rosaria/RosAriaConfig.h
Already unlinked: {}
Unlinking: /Users/marcoreis/b166er/devel/lib/pkgconfig/rosaria.pc
Already unlinked: {}
Unlinking: /Users/marcoreis/b166er/devel/lib/rosaria/RosAria
Already unlinked: {}
Unlinking: /Users/marcoreis/b166er/devel/lib/python3.11/site-packages/rosaria/__init__.py
Already unlinked: {}
Unlinking: /Users/marcoreis/b166er/devel/lib/python3.11/site-packages/rosaria/msg/__init__.py
Already unlinked: {}
Unlinking: /Users/marcoreis/b166er/devel/lib/python3.11/site-packages/rosaria/msg/_BumperState.py
Already unlinked: {}
Unlinking: /Users/marcoreis/b166er/devel/lib/python3.11/site-packages/rosaria/cfg/__init__.py
Already unlinked: {}
Unlinking: /Users/marcoreis/b166er/devel/lib/python3.11/site-packages/rosaria/cfg/RosAriaConfig.py
Already unlinked: {}
Unlinking: /Users/marcoreis/b166er/devel/share/rosaria/cmake/rosariaConfig-version.cmake
Already unlinked: {}
Unlinking: /Users/marcoreis/b166er/devel/share/rosaria/cmake/rosaria-msg-paths.cmake
Already unlinked: {}
Unlinking: /Users/marcoreis/b166er/devel/share/rosaria/cmake/rosaria-msg-extras.cmake
Already unlinked: {}
Unlinking: /Users/marcoreis/b166er/devel/share/rosaria/cmake/rosariaConfig.cmake
Already unlinked: {}
Unlinking: /Users/marcoreis/b166er/devel/share/rosaria/docs/RosAriaConfig.wikidoc
Already unlinked: {}
Unlinking: /Users/marcoreis/b166er/devel/share/rosaria/docs/RosAriaConfig-usage.dox
Already unlinked: {}
Unlinking: /Users/marcoreis/b166er/devel/share/rosaria/docs/RosAriaConfig.dox
Already unlinked: {}
Unlinking: /Users/marcoreis/b166er/devel/share/roseus/ros/rosaria/manifest.l
Already unlinked: {}
Unlinking: /Users/marcoreis/b166er/devel/share/roseus/ros/rosaria/msg/BumperState.l
Already unlinked: {}
Unlinking: /Users/marcoreis/b166er/devel/share/common-lisp/ros/rosaria/msg/BumperState.lisp
Already unlinked: {}
Unlinking: /Users/marcoreis/b166er/devel/share/common-lisp/ros/rosaria/msg/_package.lisp
Already unlinked: {}
Unlinking: /Users/marcoreis/b166er/devel/share/common-lisp/ros/rosaria/msg/rosaria-msg.asd
Already unlinked: {}
Unlinking: /Users/marcoreis/b166er/devel/share/common-lisp/ros/rosaria/msg/_package_BumperState.lisp
Already unlinked: {}
Unlinking: /Users/marcoreis/b166er/devel/share/gennodejs/ros/rosaria/_index.js
Already unlinked: {}
Unlinking: /Users/marcoreis/b166er/devel/share/gennodejs/ros/rosaria/msg/_index.js
Already unlinked: {}
Unlinking: /Users/marcoreis/b166er/devel/share/gennodejs/ros/rosaria/msg/BumperState.js
Already unlinked: {}
