/Users/marcoreis/miniforge3/envs/ros_env11/bin/cmake -S/Users/marcoreis/b166er/src/rosaria -B/Users/marcoreis/b166er/build/rosaria --check-build-system CMakeFiles/Makefile.cmake 0
/Users/marcoreis/miniforge3/envs/ros_env11/bin/cmake -E cmake_progress_start /Users/marcoreis/b166er/build/rosaria/CMakeFiles /Users/marcoreis/b166er/build/rosaria//CMakeFiles/progress.marks
/Users/marcoreis/miniforge3/envs/ros_env11/bin/make  -f CMakeFiles/Makefile2 all
make[1]: Entering directory '/Users/marcoreis/b166er/build/rosaria'
/Users/marcoreis/miniforge3/envs/ros_env11/bin/make  -f CMakeFiles/rosaria_gencfg.dir/build.make CMakeFiles/rosaria_gencfg.dir/depend
/Users/marcoreis/miniforge3/envs/ros_env11/bin/make  -f CMakeFiles/_rosaria_generate_messages_check_deps_BumperState.dir/build.make CMakeFiles/_rosaria_generate_messages_check_deps_BumperState.dir/depend
/Users/marcoreis/miniforge3/envs/ros_env11/bin/make  -f CMakeFiles/std_msgs_generate_messages_cpp.dir/build.make CMakeFiles/std_msgs_generate_messages_cpp.dir/depend
/Users/marcoreis/miniforge3/envs/ros_env11/bin/make  -f CMakeFiles/geometry_msgs_generate_messages_cpp.dir/build.make CMakeFiles/geometry_msgs_generate_messages_cpp.dir/depend
/Users/marcoreis/miniforge3/envs/ros_env11/bin/make  -f CMakeFiles/std_msgs_generate_messages_py.dir/build.make CMakeFiles/std_msgs_generate_messages_py.dir/depend
/Users/marcoreis/miniforge3/envs/ros_env11/bin/make  -f CMakeFiles/geometry_msgs_generate_messages_py.dir/build.make CMakeFiles/geometry_msgs_generate_messages_py.dir/depend
/Users/marcoreis/miniforge3/envs/ros_env11/bin/make  -f CMakeFiles/std_msgs_generate_messages_eus.dir/build.make CMakeFiles/std_msgs_generate_messages_eus.dir/depend
/Users/marcoreis/miniforge3/envs/ros_env11/bin/make  -f CMakeFiles/geometry_msgs_generate_messages_eus.dir/build.make CMakeFiles/geometry_msgs_generate_messages_eus.dir/depend
/Users/marcoreis/miniforge3/envs/ros_env11/bin/make  -f CMakeFiles/std_msgs_generate_messages_lisp.dir/build.make CMakeFiles/std_msgs_generate_messages_lisp.dir/depend
/Users/marcoreis/miniforge3/envs/ros_env11/bin/make  -f CMakeFiles/geometry_msgs_generate_messages_lisp.dir/build.make CMakeFiles/geometry_msgs_generate_messages_lisp.dir/depend
make[2]: Entering directory '/Users/marcoreis/b166er/build/rosaria'
cd /Users/marcoreis/b166er/build/rosaria && /Users/marcoreis/miniforge3/envs/ros_env11/bin/cmake -E cmake_depends "Unix Makefiles" /Users/marcoreis/b166er/src/rosaria /Users/marcoreis/b166er/src/rosaria /Users/marcoreis/b166er/build/rosaria /Users/marcoreis/b166er/build/rosaria /Users/marcoreis/b166er/build/rosaria/CMakeFiles/rosaria_gencfg.dir/DependInfo.cmake "--color="
make[2]: Entering directory '/Users/marcoreis/b166er/build/rosaria'
cd /Users/marcoreis/b166er/build/rosaria && /Users/marcoreis/miniforge3/envs/ros_env11/bin/cmake -E cmake_depends "Unix Makefiles" /Users/marcoreis/b166er/src/rosaria /Users/marcoreis/b166er/src/rosaria /Users/marcoreis/b166er/build/rosaria /Users/marcoreis/b166er/build/rosaria /Users/marcoreis/b166er/build/rosaria/CMakeFiles/_rosaria_generate_messages_check_deps_BumperState.dir/DependInfo.cmake "--color="
make[2]: Entering directory '/Users/marcoreis/b166er/build/rosaria'
cd /Users/marcoreis/b166er/build/rosaria && /Users/marcoreis/miniforge3/envs/ros_env11/bin/cmake -E cmake_depends "Unix Makefiles" /Users/marcoreis/b166er/src/rosaria /Users/marcoreis/b166er/src/rosaria /Users/marcoreis/b166er/build/rosaria /Users/marcoreis/b166er/build/rosaria /Users/marcoreis/b166er/build/rosaria/CMakeFiles/geometry_msgs_generate_messages_cpp.dir/DependInfo.cmake "--color="
make[2]: Entering directory '/Users/marcoreis/b166er/build/rosaria'
cd /Users/marcoreis/b166er/build/rosaria && /Users/marcoreis/miniforge3/envs/ros_env11/bin/cmake -E cmake_depends "Unix Makefiles" /Users/marcoreis/b166er/src/rosaria /Users/marcoreis/b166er/src/rosaria /Users/marcoreis/b166er/build/rosaria /Users/marcoreis/b166er/build/rosaria /Users/marcoreis/b166er/build/rosaria/CMakeFiles/std_msgs_generate_messages_cpp.dir/DependInfo.cmake "--color="
make[2]: Entering directory '/Users/marcoreis/b166er/build/rosaria'
cd /Users/marcoreis/b166er/build/rosaria && /Users/marcoreis/miniforge3/envs/ros_env11/bin/cmake -E cmake_depends "Unix Makefiles" /Users/marcoreis/b166er/src/rosaria /Users/marcoreis/b166er/src/rosaria /Users/marcoreis/b166er/build/rosaria /Users/marcoreis/b166er/build/rosaria /Users/marcoreis/b166er/build/rosaria/CMakeFiles/std_msgs_generate_messages_py.dir/DependInfo.cmake "--color="
make[2]: Entering directory '/Users/marcoreis/b166er/build/rosaria'
cd /Users/marcoreis/b166er/build/rosaria && /Users/marcoreis/miniforge3/envs/ros_env11/bin/cmake -E cmake_depends "Unix Makefiles" /Users/marcoreis/b166er/src/rosaria /Users/marcoreis/b166er/src/rosaria /Users/marcoreis/b166er/build/rosaria /Users/marcoreis/b166er/build/rosaria /Users/marcoreis/b166er/build/rosaria/CMakeFiles/std_msgs_generate_messages_eus.dir/DependInfo.cmake "--color="
make[2]: Entering directory '/Users/marcoreis/b166er/build/rosaria'
cd /Users/marcoreis/b166er/build/rosaria && /Users/marcoreis/miniforge3/envs/ros_env11/bin/cmake -E cmake_depends "Unix Makefiles" /Users/marcoreis/b166er/src/rosaria /Users/marcoreis/b166er/src/rosaria /Users/marcoreis/b166er/build/rosaria /Users/marcoreis/b166er/build/rosaria /Users/marcoreis/b166er/build/rosaria/CMakeFiles/geometry_msgs_generate_messages_lisp.dir/DependInfo.cmake "--color="
make[2]: Entering directory '/Users/marcoreis/b166er/build/rosaria'
cd /Users/marcoreis/b166er/build/rosaria && /Users/marcoreis/miniforge3/envs/ros_env11/bin/cmake -E cmake_depends "Unix Makefiles" /Users/marcoreis/b166er/src/rosaria /Users/marcoreis/b166er/src/rosaria /Users/marcoreis/b166er/build/rosaria /Users/marcoreis/b166er/build/rosaria /Users/marcoreis/b166er/build/rosaria/CMakeFiles/geometry_msgs_generate_messages_py.dir/DependInfo.cmake "--color="
make[2]: Entering directory '/Users/marcoreis/b166er/build/rosaria'
cd /Users/marcoreis/b166er/build/rosaria && /Users/marcoreis/miniforge3/envs/ros_env11/bin/cmake -E cmake_depends "Unix Makefiles" /Users/marcoreis/b166er/src/rosaria /Users/marcoreis/b166er/src/rosaria /Users/marcoreis/b166er/build/rosaria /Users/marcoreis/b166er/build/rosaria /Users/marcoreis/b166er/build/rosaria/CMakeFiles/geometry_msgs_generate_messages_eus.dir/DependInfo.cmake "--color="
make[2]: Entering directory '/Users/marcoreis/b166er/build/rosaria'
cd /Users/marcoreis/b166er/build/rosaria && /Users/marcoreis/miniforge3/envs/ros_env11/bin/cmake -E cmake_depends "Unix Makefiles" /Users/marcoreis/b166er/src/rosaria /Users/marcoreis/b166er/src/rosaria /Users/marcoreis/b166er/build/rosaria /Users/marcoreis/b166er/build/rosaria /Users/marcoreis/b166er/build/rosaria/CMakeFiles/std_msgs_generate_messages_lisp.dir/DependInfo.cmake "--color="
make[2]: Leaving directory '/Users/marcoreis/b166er/build/rosaria'
make[2]: Leaving directory '/Users/marcoreis/b166er/build/rosaria'
make[2]: Leaving directory '/Users/marcoreis/b166er/build/rosaria'
/Users/marcoreis/miniforge3/envs/ros_env11/bin/make  -f CMakeFiles/_rosaria_generate_messages_check_deps_BumperState.dir/build.make CMakeFiles/_rosaria_generate_messages_check_deps_BumperState.dir/build
/Users/marcoreis/miniforge3/envs/ros_env11/bin/make  -f CMakeFiles/std_msgs_generate_messages_py.dir/build.make CMakeFiles/std_msgs_generate_messages_py.dir/build
/Users/marcoreis/miniforge3/envs/ros_env11/bin/make  -f CMakeFiles/std_msgs_generate_messages_cpp.dir/build.make CMakeFiles/std_msgs_generate_messages_cpp.dir/build
make[2]: Leaving directory '/Users/marcoreis/b166er/build/rosaria'
make[2]: Leaving directory '/Users/marcoreis/b166er/build/rosaria'
/Users/marcoreis/miniforge3/envs/ros_env11/bin/make  -f CMakeFiles/rosaria_gencfg.dir/build.make CMakeFiles/rosaria_gencfg.dir/build
/Users/marcoreis/miniforge3/envs/ros_env11/bin/make  -f CMakeFiles/geometry_msgs_generate_messages_py.dir/build.make CMakeFiles/geometry_msgs_generate_messages_py.dir/build
make[2]: Leaving directory '/Users/marcoreis/b166er/build/rosaria'
/Users/marcoreis/miniforge3/envs/ros_env11/bin/make  -f CMakeFiles/geometry_msgs_generate_messages_cpp.dir/build.make CMakeFiles/geometry_msgs_generate_messages_cpp.dir/build
make[2]: Entering directory '/Users/marcoreis/b166er/build/rosaria'
make[2]: Nothing to be done for 'CMakeFiles/std_msgs_generate_messages_py.dir/build'.
make[2]: Leaving directory '/Users/marcoreis/b166er/build/rosaria'
make[2]: Entering directory '/Users/marcoreis/b166er/build/rosaria'
catkin_generated/env_cached.sh /Users/marcoreis/miniforge3/envs/ros_env11/bin/python3.11 /Users/marcoreis/miniforge3/envs/ros_env11/share/genmsg/cmake/../../../lib/genmsg/genmsg_check_deps.py rosaria /Users/marcoreis/b166er/src/rosaria/msg/BumperState.msg std_msgs/Header
make[2]: Leaving directory '/Users/marcoreis/b166er/build/rosaria'
make[2]: Entering directory '/Users/marcoreis/b166er/build/rosaria'
make[2]: Nothing to be done for 'CMakeFiles/std_msgs_generate_messages_cpp.dir/build'.
make[2]: Leaving directory '/Users/marcoreis/b166er/build/rosaria'
make[2]: Leaving directory '/Users/marcoreis/b166er/build/rosaria'
make[2]: Leaving directory '/Users/marcoreis/b166er/build/rosaria'
make[2]: Entering directory '/Users/marcoreis/b166er/build/rosaria'
make[2]: Nothing to be done for 'CMakeFiles/geometry_msgs_generate_messages_py.dir/build'.
make[2]: Leaving directory '/Users/marcoreis/b166er/build/rosaria'
/Users/marcoreis/miniforge3/envs/ros_env11/bin/make  -f CMakeFiles/geometry_msgs_generate_messages_lisp.dir/build.make CMakeFiles/geometry_msgs_generate_messages_lisp.dir/build
make[2]: Entering directory '/Users/marcoreis/b166er/build/rosaria'
make[2]: Nothing to be done for 'CMakeFiles/rosaria_gencfg.dir/build'.
make[2]: Leaving directory '/Users/marcoreis/b166er/build/rosaria'
make[2]: Leaving directory '/Users/marcoreis/b166er/build/rosaria'
/Users/marcoreis/miniforge3/envs/ros_env11/bin/make  -f CMakeFiles/std_msgs_generate_messages_lisp.dir/build.make CMakeFiles/std_msgs_generate_messages_lisp.dir/build
/Users/marcoreis/miniforge3/envs/ros_env11/bin/make  -f CMakeFiles/geometry_msgs_generate_messages_eus.dir/build.make CMakeFiles/geometry_msgs_generate_messages_eus.dir/build
/Users/marcoreis/miniforge3/envs/ros_env11/bin/make  -f CMakeFiles/std_msgs_generate_messages_eus.dir/build.make CMakeFiles/std_msgs_generate_messages_eus.dir/build
make[2]: Entering directory '/Users/marcoreis/b166er/build/rosaria'
make[2]: Nothing to be done for 'CMakeFiles/geometry_msgs_generate_messages_cpp.dir/build'.
make[2]: Leaving directory '/Users/marcoreis/b166er/build/rosaria'
make[2]: Entering directory '/Users/marcoreis/b166er/build/rosaria'
make[2]: Nothing to be done for 'CMakeFiles/geometry_msgs_generate_messages_lisp.dir/build'.
make[2]: Leaving directory '/Users/marcoreis/b166er/build/rosaria'
make[2]: Entering directory '/Users/marcoreis/b166er/build/rosaria'
make[2]: Nothing to be done for 'CMakeFiles/std_msgs_generate_messages_lisp.dir/build'.
make[2]: Leaving directory '/Users/marcoreis/b166er/build/rosaria'
make[2]: Entering directory '/Users/marcoreis/b166er/build/rosaria'
make[2]: Nothing to be done for 'CMakeFiles/std_msgs_generate_messages_eus.dir/build'.
make[2]: Leaving directory '/Users/marcoreis/b166er/build/rosaria'
make[2]: Entering directory '/Users/marcoreis/b166er/build/rosaria'
make[2]: Nothing to be done for 'CMakeFiles/geometry_msgs_generate_messages_eus.dir/build'.
make[2]: Leaving directory '/Users/marcoreis/b166er/build/rosaria'
[  0%] Built target std_msgs_generate_messages_py
/Users/marcoreis/miniforge3/envs/ros_env11/bin/make  -f CMakeFiles/std_msgs_generate_messages_nodejs.dir/build.make CMakeFiles/std_msgs_generate_messages_nodejs.dir/depend
[  0%] Built target std_msgs_generate_messages_cpp
[  0%] Built target geometry_msgs_generate_messages_py
/Users/marcoreis/miniforge3/envs/ros_env11/bin/make  -f CMakeFiles/geometry_msgs_generate_messages_nodejs.dir/build.make CMakeFiles/geometry_msgs_generate_messages_nodejs.dir/depend
[  9%] Built target rosaria_gencfg
[  9%] Built target geometry_msgs_generate_messages_lisp
make[2]: Entering directory '/Users/marcoreis/b166er/build/rosaria'
cd /Users/marcoreis/b166er/build/rosaria && /Users/marcoreis/miniforge3/envs/ros_env11/bin/cmake -E cmake_depends "Unix Makefiles" /Users/marcoreis/b166er/src/rosaria /Users/marcoreis/b166er/src/rosaria /Users/marcoreis/b166er/build/rosaria /Users/marcoreis/b166er/build/rosaria /Users/marcoreis/b166er/build/rosaria/CMakeFiles/std_msgs_generate_messages_nodejs.dir/DependInfo.cmake "--color="
make[2]: Entering directory '/Users/marcoreis/b166er/build/rosaria'
cd /Users/marcoreis/b166er/build/rosaria && /Users/marcoreis/miniforge3/envs/ros_env11/bin/cmake -E cmake_depends "Unix Makefiles" /Users/marcoreis/b166er/src/rosaria /Users/marcoreis/b166er/src/rosaria /Users/marcoreis/b166er/build/rosaria /Users/marcoreis/b166er/build/rosaria /Users/marcoreis/b166er/build/rosaria/CMakeFiles/geometry_msgs_generate_messages_nodejs.dir/DependInfo.cmake "--color="
[  9%] Built target std_msgs_generate_messages_lisp
[  9%] Built target geometry_msgs_generate_messages_cpp
[  9%] Built target std_msgs_generate_messages_eus
[  9%] Built target geometry_msgs_generate_messages_eus
make[2]: Leaving directory '/Users/marcoreis/b166er/build/rosaria'
/Users/marcoreis/miniforge3/envs/ros_env11/bin/make  -f CMakeFiles/std_msgs_generate_messages_nodejs.dir/build.make CMakeFiles/std_msgs_generate_messages_nodejs.dir/build
make[2]: Leaving directory '/Users/marcoreis/b166er/build/rosaria'
/Users/marcoreis/miniforge3/envs/ros_env11/bin/make  -f CMakeFiles/geometry_msgs_generate_messages_nodejs.dir/build.make CMakeFiles/geometry_msgs_generate_messages_nodejs.dir/build
make[2]: Entering directory '/Users/marcoreis/b166er/build/rosaria'
make[2]: Nothing to be done for 'CMakeFiles/std_msgs_generate_messages_nodejs.dir/build'.
make[2]: Leaving directory '/Users/marcoreis/b166er/build/rosaria'
make[2]: Entering directory '/Users/marcoreis/b166er/build/rosaria'
make[2]: Nothing to be done for 'CMakeFiles/geometry_msgs_generate_messages_nodejs.dir/build'.
make[2]: Leaving directory '/Users/marcoreis/b166er/build/rosaria'
make[2]: Leaving directory '/Users/marcoreis/b166er/build/rosaria'
[  9%] Built target std_msgs_generate_messages_nodejs
[  9%] Built target geometry_msgs_generate_messages_nodejs
[  9%] Built target _rosaria_generate_messages_check_deps_BumperState
/Users/marcoreis/miniforge3/envs/ros_env11/bin/make  -f CMakeFiles/rosaria_generate_messages_cpp.dir/build.make CMakeFiles/rosaria_generate_messages_cpp.dir/depend
/Users/marcoreis/miniforge3/envs/ros_env11/bin/make  -f CMakeFiles/rosaria_generate_messages_py.dir/build.make CMakeFiles/rosaria_generate_messages_py.dir/depend
/Users/marcoreis/miniforge3/envs/ros_env11/bin/make  -f CMakeFiles/rosaria_generate_messages_eus.dir/build.make CMakeFiles/rosaria_generate_messages_eus.dir/depend
/Users/marcoreis/miniforge3/envs/ros_env11/bin/make  -f CMakeFiles/rosaria_generate_messages_lisp.dir/build.make CMakeFiles/rosaria_generate_messages_lisp.dir/depend
/Users/marcoreis/miniforge3/envs/ros_env11/bin/make  -f CMakeFiles/rosaria_generate_messages_nodejs.dir/build.make CMakeFiles/rosaria_generate_messages_nodejs.dir/depend
make[2]: Entering directory '/Users/marcoreis/b166er/build/rosaria'
cd /Users/marcoreis/b166er/build/rosaria && /Users/marcoreis/miniforge3/envs/ros_env11/bin/cmake -E cmake_depends "Unix Makefiles" /Users/marcoreis/b166er/src/rosaria /Users/marcoreis/b166er/src/rosaria /Users/marcoreis/b166er/build/rosaria /Users/marcoreis/b166er/build/rosaria /Users/marcoreis/b166er/build/rosaria/CMakeFiles/rosaria_generate_messages_cpp.dir/DependInfo.cmake "--color="
make[2]: Entering directory '/Users/marcoreis/b166er/build/rosaria'
cd /Users/marcoreis/b166er/build/rosaria && /Users/marcoreis/miniforge3/envs/ros_env11/bin/cmake -E cmake_depends "Unix Makefiles" /Users/marcoreis/b166er/src/rosaria /Users/marcoreis/b166er/src/rosaria /Users/marcoreis/b166er/build/rosaria /Users/marcoreis/b166er/build/rosaria /Users/marcoreis/b166er/build/rosaria/CMakeFiles/rosaria_generate_messages_py.dir/DependInfo.cmake "--color="
make[2]: Entering directory '/Users/marcoreis/b166er/build/rosaria'
cd /Users/marcoreis/b166er/build/rosaria && /Users/marcoreis/miniforge3/envs/ros_env11/bin/cmake -E cmake_depends "Unix Makefiles" /Users/marcoreis/b166er/src/rosaria /Users/marcoreis/b166er/src/rosaria /Users/marcoreis/b166er/build/rosaria /Users/marcoreis/b166er/build/rosaria /Users/marcoreis/b166er/build/rosaria/CMakeFiles/rosaria_generate_messages_eus.dir/DependInfo.cmake "--color="
make[2]: Entering directory '/Users/marcoreis/b166er/build/rosaria'
cd /Users/marcoreis/b166er/build/rosaria && /Users/marcoreis/miniforge3/envs/ros_env11/bin/cmake -E cmake_depends "Unix Makefiles" /Users/marcoreis/b166er/src/rosaria /Users/marcoreis/b166er/src/rosaria /Users/marcoreis/b166er/build/rosaria /Users/marcoreis/b166er/build/rosaria /Users/marcoreis/b166er/build/rosaria/CMakeFiles/rosaria_generate_messages_nodejs.dir/DependInfo.cmake "--color="
make[2]: Entering directory '/Users/marcoreis/b166er/build/rosaria'
cd /Users/marcoreis/b166er/build/rosaria && /Users/marcoreis/miniforge3/envs/ros_env11/bin/cmake -E cmake_depends "Unix Makefiles" /Users/marcoreis/b166er/src/rosaria /Users/marcoreis/b166er/src/rosaria /Users/marcoreis/b166er/build/rosaria /Users/marcoreis/b166er/build/rosaria /Users/marcoreis/b166er/build/rosaria/CMakeFiles/rosaria_generate_messages_lisp.dir/DependInfo.cmake "--color="
make[2]: Leaving directory '/Users/marcoreis/b166er/build/rosaria'
/Users/marcoreis/miniforge3/envs/ros_env11/bin/make  -f CMakeFiles/rosaria_generate_messages_eus.dir/build.make CMakeFiles/rosaria_generate_messages_eus.dir/build
make[2]: Leaving directory '/Users/marcoreis/b166er/build/rosaria'
make[2]: Leaving directory '/Users/marcoreis/b166er/build/rosaria'
make[2]: Leaving directory '/Users/marcoreis/b166er/build/rosaria'
make[2]: Leaving directory '/Users/marcoreis/b166er/build/rosaria'
/Users/marcoreis/miniforge3/envs/ros_env11/bin/make  -f CMakeFiles/rosaria_generate_messages_cpp.dir/build.make CMakeFiles/rosaria_generate_messages_cpp.dir/build
/Users/marcoreis/miniforge3/envs/ros_env11/bin/make  -f CMakeFiles/rosaria_generate_messages_nodejs.dir/build.make CMakeFiles/rosaria_generate_messages_nodejs.dir/build
/Users/marcoreis/miniforge3/envs/ros_env11/bin/make  -f CMakeFiles/rosaria_generate_messages_lisp.dir/build.make CMakeFiles/rosaria_generate_messages_lisp.dir/build
/Users/marcoreis/miniforge3/envs/ros_env11/bin/make  -f CMakeFiles/rosaria_generate_messages_py.dir/build.make CMakeFiles/rosaria_generate_messages_py.dir/build
make[2]: Entering directory '/Users/marcoreis/b166er/build/rosaria'
make[2]: Nothing to be done for 'CMakeFiles/rosaria_generate_messages_eus.dir/build'.
make[2]: Leaving directory '/Users/marcoreis/b166er/build/rosaria'
make[2]: Entering directory '/Users/marcoreis/b166er/build/rosaria'
make[2]: Nothing to be done for 'CMakeFiles/rosaria_generate_messages_cpp.dir/build'.
make[2]: Leaving directory '/Users/marcoreis/b166er/build/rosaria'
make[2]: Entering directory '/Users/marcoreis/b166er/build/rosaria'
make[2]: Nothing to be done for 'CMakeFiles/rosaria_generate_messages_nodejs.dir/build'.
make[2]: Leaving directory '/Users/marcoreis/b166er/build/rosaria'
make[2]: Entering directory '/Users/marcoreis/b166er/build/rosaria'
make[2]: Nothing to be done for 'CMakeFiles/rosaria_generate_messages_lisp.dir/build'.
make[2]: Leaving directory '/Users/marcoreis/b166er/build/rosaria'
make[2]: Entering directory '/Users/marcoreis/b166er/build/rosaria'
make[2]: Nothing to be done for 'CMakeFiles/rosaria_generate_messages_py.dir/build'.
make[2]: Leaving directory '/Users/marcoreis/b166er/build/rosaria'
[ 27%] Built target rosaria_generate_messages_eus
[ 36%] Built target rosaria_generate_messages_nodejs
[ 54%] Built target rosaria_generate_messages_cpp
[ 54%] Built target rosaria_generate_messages_lisp
[ 72%] Built target rosaria_generate_messages_py
/Users/marcoreis/miniforge3/envs/ros_env11/bin/make  -f CMakeFiles/rosaria_gencpp.dir/build.make CMakeFiles/rosaria_gencpp.dir/depend
/Users/marcoreis/miniforge3/envs/ros_env11/bin/make  -f CMakeFiles/rosaria_generate_messages.dir/build.make CMakeFiles/rosaria_generate_messages.dir/depend
make[2]: Entering directory '/Users/marcoreis/b166er/build/rosaria'
cd /Users/marcoreis/b166er/build/rosaria && /Users/marcoreis/miniforge3/envs/ros_env11/bin/cmake -E cmake_depends "Unix Makefiles" /Users/marcoreis/b166er/src/rosaria /Users/marcoreis/b166er/src/rosaria /Users/marcoreis/b166er/build/rosaria /Users/marcoreis/b166er/build/rosaria /Users/marcoreis/b166er/build/rosaria/CMakeFiles/rosaria_gencpp.dir/DependInfo.cmake "--color="
make[2]: Entering directory '/Users/marcoreis/b166er/build/rosaria'
cd /Users/marcoreis/b166er/build/rosaria && /Users/marcoreis/miniforge3/envs/ros_env11/bin/cmake -E cmake_depends "Unix Makefiles" /Users/marcoreis/b166er/src/rosaria /Users/marcoreis/b166er/src/rosaria /Users/marcoreis/b166er/build/rosaria /Users/marcoreis/b166er/build/rosaria /Users/marcoreis/b166er/build/rosaria/CMakeFiles/rosaria_generate_messages.dir/DependInfo.cmake "--color="
make[2]: Leaving directory '/Users/marcoreis/b166er/build/rosaria'
make[2]: Leaving directory '/Users/marcoreis/b166er/build/rosaria'
/Users/marcoreis/miniforge3/envs/ros_env11/bin/make  -f CMakeFiles/rosaria_gencpp.dir/build.make CMakeFiles/rosaria_gencpp.dir/build
/Users/marcoreis/miniforge3/envs/ros_env11/bin/make  -f CMakeFiles/rosaria_generate_messages.dir/build.make CMakeFiles/rosaria_generate_messages.dir/build
make[2]: Entering directory '/Users/marcoreis/b166er/build/rosaria'
make[2]: Nothing to be done for 'CMakeFiles/rosaria_generate_messages.dir/build'.
make[2]: Entering directory '/Users/marcoreis/b166er/build/rosaria'
make[2]: Nothing to be done for 'CMakeFiles/rosaria_gencpp.dir/build'.
make[2]: Leaving directory '/Users/marcoreis/b166er/build/rosaria'
make[2]: Leaving directory '/Users/marcoreis/b166er/build/rosaria'
[ 72%] Built target rosaria_generate_messages
[ 72%] Built target rosaria_gencpp
/Users/marcoreis/miniforge3/envs/ros_env11/bin/make  -f CMakeFiles/RosAria.dir/build.make CMakeFiles/RosAria.dir/depend
make[2]: Entering directory '/Users/marcoreis/b166er/build/rosaria'
cd /Users/marcoreis/b166er/build/rosaria && /Users/marcoreis/miniforge3/envs/ros_env11/bin/cmake -E cmake_depends "Unix Makefiles" /Users/marcoreis/b166er/src/rosaria /Users/marcoreis/b166er/src/rosaria /Users/marcoreis/b166er/build/rosaria /Users/marcoreis/b166er/build/rosaria /Users/marcoreis/b166er/build/rosaria/CMakeFiles/RosAria.dir/DependInfo.cmake "--color="
Dependencies file "CMakeFiles/RosAria.dir/LaserPublisher.cpp.o.d" is newer than depends file "/Users/marcoreis/b166er/build/rosaria/CMakeFiles/RosAria.dir/compiler_depend.internal".
Dependencies file "CMakeFiles/RosAria.dir/RosAria.cpp.o.d" is newer than depends file "/Users/marcoreis/b166er/build/rosaria/CMakeFiles/RosAria.dir/compiler_depend.internal".
[35m[1mConsolidate compiler generated dependencies of target RosAria[0m
make[2]: Leaving directory '/Users/marcoreis/b166er/build/rosaria'
/Users/marcoreis/miniforge3/envs/ros_env11/bin/make  -f CMakeFiles/RosAria.dir/build.make CMakeFiles/RosAria.dir/build
make[2]: Entering directory '/Users/marcoreis/b166er/build/rosaria'
make[2]: Nothing to be done for 'CMakeFiles/RosAria.dir/build'.
make[2]: Leaving directory '/Users/marcoreis/b166er/build/rosaria'
[100%] Built target RosAria
make[1]: Leaving directory '/Users/marcoreis/b166er/build/rosaria'
/Users/marcoreis/miniforge3/envs/ros_env11/bin/cmake -E cmake_progress_start /Users/marcoreis/b166er/build/rosaria/CMakeFiles 0
