Linked: (/home/marco/b166er/devel/.private/rosaria/include/rosaria/BumperState.h, /home/marco/b166er/devel/include/rosaria/BumperState.h)
Linked: (/home/marco/b166er/devel/.private/rosaria/include/rosaria/RosAriaConfig.h, /home/marco/b166er/devel/include/rosaria/RosAriaConfig.h)
Linked: (/home/marco/b166er/devel/.private/rosaria/share/roseus/ros/rosaria/manifest.l, /home/marco/b166er/devel/share/roseus/ros/rosaria/manifest.l)
Linked: (/home/marco/b166er/devel/.private/rosaria/share/roseus/ros/rosaria/msg/BumperState.l, /home/marco/b166er/devel/share/roseus/ros/rosaria/msg/BumperState.l)
Linked: (/home/marco/b166er/devel/.private/rosaria/share/common-lisp/ros/rosaria/msg/_package.lisp, /home/marco/b166er/devel/share/common-lisp/ros/rosaria/msg/_package.lisp)
Linked: (/home/marco/b166er/devel/.private/rosaria/share/common-lisp/ros/rosaria/msg/rosaria-msg.asd, /home/marco/b166er/devel/share/common-lisp/ros/rosaria/msg/rosaria-msg.asd)
Linked: (/home/marco/b166er/devel/.private/rosaria/share/common-lisp/ros/rosaria/msg/_package_BumperState.lisp, /home/marco/b166er/devel/share/common-lisp/ros/rosaria/msg/_package_BumperState.lisp)
Linked: (/home/marco/b166er/devel/.private/rosaria/share/common-lisp/ros/rosaria/msg/BumperState.lisp, /home/marco/b166er/devel/share/common-lisp/ros/rosaria/msg/BumperState.lisp)
Linked: (/home/marco/b166er/devel/.private/rosaria/share/gennodejs/ros/rosaria/_index.js, /home/marco/b166er/devel/share/gennodejs/ros/rosaria/_index.js)
Linked: (/home/marco/b166er/devel/.private/rosaria/share/gennodejs/ros/rosaria/msg/_index.js, /home/marco/b166er/devel/share/gennodejs/ros/rosaria/msg/_index.js)
Linked: (/home/marco/b166er/devel/.private/rosaria/share/gennodejs/ros/rosaria/msg/BumperState.js, /home/marco/b166er/devel/share/gennodejs/ros/rosaria/msg/BumperState.js)
Linked: (/home/marco/b166er/devel/.private/rosaria/share/rosaria/cmake/rosaria-msg-paths.cmake, /home/marco/b166er/devel/share/rosaria/cmake/rosaria-msg-paths.cmake)
Linked: (/home/marco/b166er/devel/.private/rosaria/share/rosaria/cmake/rosaria-msg-extras.cmake, /home/marco/b166er/devel/share/rosaria/cmake/rosaria-msg-extras.cmake)
Linked: (/home/marco/b166er/devel/.private/rosaria/share/rosaria/cmake/rosariaConfig.cmake, /home/marco/b166er/devel/share/rosaria/cmake/rosariaConfig.cmake)
Linked: (/home/marco/b166er/devel/.private/rosaria/share/rosaria/cmake/rosariaConfig-version.cmake, /home/marco/b166er/devel/share/rosaria/cmake/rosariaConfig-version.cmake)
Linked: (/home/marco/b166er/devel/.private/rosaria/share/rosaria/docs/RosAriaConfig.wikidoc, /home/marco/b166er/devel/share/rosaria/docs/RosAriaConfig.wikidoc)
Linked: (/home/marco/b166er/devel/.private/rosaria/share/rosaria/docs/RosAriaConfig-usage.dox, /home/marco/b166er/devel/share/rosaria/docs/RosAriaConfig-usage.dox)
Linked: (/home/marco/b166er/devel/.private/rosaria/share/rosaria/docs/RosAriaConfig.dox, /home/marco/b166er/devel/share/rosaria/docs/RosAriaConfig.dox)
Linked: (/home/marco/b166er/devel/.private/rosaria/lib/python3.11/site-packages/rosaria/__init__.py, /home/marco/b166er/devel/lib/python3.11/site-packages/rosaria/__init__.py)
Linked: (/home/marco/b166er/devel/.private/rosaria/lib/python3.11/site-packages/rosaria/cfg/__init__.py, /home/marco/b166er/devel/lib/python3.11/site-packages/rosaria/cfg/__init__.py)
Linked: (/home/marco/b166er/devel/.private/rosaria/lib/python3.11/site-packages/rosaria/cfg/RosAriaConfig.py, /home/marco/b166er/devel/lib/python3.11/site-packages/rosaria/cfg/RosAriaConfig.py)
Linked: (/home/marco/b166er/devel/.private/rosaria/lib/python3.11/site-packages/rosaria/msg/_BumperState.py, /home/marco/b166er/devel/lib/python3.11/site-packages/rosaria/msg/_BumperState.py)
Linked: (/home/marco/b166er/devel/.private/rosaria/lib/python3.11/site-packages/rosaria/msg/__init__.py, /home/marco/b166er/devel/lib/python3.11/site-packages/rosaria/msg/__init__.py)
Linked: (/home/marco/b166er/devel/.private/rosaria/lib/rosaria/RosAria, /home/marco/b166er/devel/lib/rosaria/RosAria)
Linked: (/home/marco/b166er/devel/.private/rosaria/lib/pkgconfig/rosaria.pc, /home/marco/b166er/devel/lib/pkgconfig/rosaria.pc)
