In file included from /Users/marcoreis/b166er/src/rosaria/LaserPublisher.cpp:5:
In file included from /usr/local/include/Aria/Aria.h:33:
[1m/usr/local/include/Aria/ariaTypedefs.h:28:9: [0m[0;1;35mwarning: [0m[1m'ARIACODA' macro redefined [-Wmacro-redefined][0m
   28 | #define ARIACODA [0;32m3[0m
      | [0;1;32m        ^
[0m[1m<command line>:1:9: [0m[0;1;36mnote: [0mprevious definition is here[0m
    1 | #define ARIACODA [0;32m1[0m
      | [0;1;32m        ^
[0mIn file included from /Users/marcoreis/b166er/src/rosaria/RosAria.cpp:7:
In file included from /usr/local/include/Aria/Aria.h:33:
[1m/usr/local/include/Aria/ariaTypedefs.h:28:9: [0m[0;1;35mwarning: [0m[1m'ARIACODA' macro redefined [-Wmacro-redefined][0m
   28 | #define ARIACODA [0;32m3[0m
      | [0;1;32m        ^
[0m[1m<command line>:1:9: [0m[0;1;36mnote: [0mprevious definition is here[0m
    1 | #define ARIACODA [0;32m1[0m
      | [0;1;32m        ^
[0mIn file included from In file included from /Users/marcoreis/b166er/src/rosaria/RosAria.cpp/Users/marcoreis/b166er/src/rosaria/LaserPublisher.cpp::75:
:
In file included from In file included from /usr/local/include/Aria/Aria.h/usr/local/include/Aria/Aria.h::8585:
:
[1m/usr/local/include/Aria/ArDPPTU.h:165:17:[1m/usr/local/include/Aria/ArDPPTU.h:165:17: [0m[0;1;35mwarning: [0m[1m'init' overrides a member function but is not marked 'override' [-Winconsistent-missing-override][0m
 [0m[0;1;35mwarning: [0m[1m'init' overrides a member function but is not marked 'override' [-Winconsistent-missing-override][0m
  165 |   AREXPORT [0;34mbool[0m init();[0m
      | [0;1;32m                ^
[0m  165 |   AREXPORT [0;34mbool[0m init();[0m
      | [0;1;32m                ^
[0m[1m/usr/local/include/Aria/ArPTZ.h:96:25:[1m /usr/local/include/Aria/ArPTZ.h[0m:[0;1;36m96note: :[0m25overridden virtual function is here:[0m 
[0m[0;1;36mnote: [0moverridden virtual function is here[0m
   96 |      96A | R E XAPROERXTP O[0;34mRvTi r[0;34mtvuial[0m [0;34mbrotoula[0ml [0mi n[0;34mibto(o)l [0m=  i[0;32mn0i[0mt;([0m)
       =|  [0;1;32m[0;32m                        ^0
[0m[0m;[0m
      | [0;1;32m                        ^
In file included from /Users/marcoreis/b166er/src/rosaria/LaserPublisher.cpp:5:
In file included from /usr/local/include/Aria/Aria.h[0m:85:
[1m/usr/local/include/Aria/ArDPPTU.h:168:16In file included from :/Users/marcoreis/b166er/src/rosaria/RosAria.cpp :[0m7[0;1;35m:
warning: In file included from [0m/usr/local/include/Aria/Aria.h[1m:'canZoom' overrides a member function but is not marked 'override' [-Winconsistent-missing-override]85[0m:

[1m/usr/local/include/Aria/ArDPPTU.h:168:16: [0m[0;1;35mwarning: [0m[1m'canZoom' overrides a member function but is not marked 'override' [-Winconsistent-missing-override][0m
  168 |   [0;34mvirtual[0m [0;34mbool[0m c  a168n | Z o o[0;34mmv(i)r t[0;34mucaoln[0ms t[0;34m[0mb o{o l[0;34m[0mr ectaunrZno[0mo m[0;32m(f)a l[0;34msceo[0mn;s t}[0m[0m 
{       | [0;34m[0;1;32mr               ^e
t[0murn[0m [0;32mf[1m/usr/local/include/Aria/ArPTZ.h:133a:l25s:e [0m[0m;[0;1;36m note: }[0m[0moverridden virtual function is here
[0m      
| [0;1;32m               ^
[0m[1m/usr/local/include/Aria/ArPTZ.h:133:25:   133[0m | [0;1;36m note:  [0mAoverridden virtual function is hereR[0mE
XPORT [0;34mvirtu  133 |   AREXPORT [0;34mviratual[0m [0;34mblool[0m c[0manZoom () [0;34mc[0;34monst[0mb o= [0;32m0[0m;[0m
o      l| [0;1;32m                        ^
[0m[0mIn file included from /Users/marcoreis/b166er/src/rosaria/RosAria.cpp: 7:
In file included from /usr/local/include/Aria/Aria.h:85c:
a[1mn/usr/local/include/Aria/ArDPPTU.h:169:16: [0mZ[0;1;35mowarning: o[0m[1m'canGetRealPanTilt' overrides a member function but is not marked 'override' [-Winconsistent-missing-override][0m
m() [0;34mconst[0m =   [0;32m0[0m;[0m
      | [0;1;32m                        ^169
 | [0m  [0;34mviIn file included from r/Users/marcoreis/b166er/src/rosaria/LaserPublisher.cppt:u5a:
lIn file included from [0m/usr/local/include/Aria/Aria.h :[0;34m85b:
o[1mo/usr/local/include/Aria/ArDPPTU.hl:[0m169 :c16a:n G[0me[0;1;35mtwarning: [0mR[1m'canGetRealPanTilt' overrides a member function but is not marked 'override' [-Winconsistent-missing-override][0m
eal  169 |   [0;34mvirtuPal[0m [0;34mboaol[0m canGetRealPanTilt() n[0;34mTilt(cons)t [0m[0;34m c{o n[0;34msrte[0mt u{r n[0;34m[0mr emtyuCranGetRealPanTilt; }[0m
      | [0;1;32m               ^
[0m[1m/usr/local/include/Aria/ArPTZ.h:158:25: [0m[0;1;36mnote: [0moverridden virtual function is here[0m
  158 |   AREXPORT [0;34mvirtual[0m [0;34mbool[0m canGetRealPanTilt() [0;34mconst[0m { [0;34mreturn[0m [0;32mfalse[0m; }[0m
      | [0;1;32m                        ^
[0mIn file included from /Users/marcoreis/b166er/src/rosaria/LaserPublisher.cpp:5:
In file included from /usr/local/include/Aria/Aria.h:85:
[1m/usr/local/include/Aria/ArDPPTU.h:342:17: [0m[0;1;35mwarning: [0m[1m'panSlew' overrides a member function but is not marked 'override' [-Winconsistent-missing-override][0m
  342 |   AREXPORT [0;34mbool[0m panSlew([0;34mdouble[0m deg);[0m
      | [0;1;32m                ^
[0m[1m/usr/local/include/Aria/ArPTZ.h:202:16: [0m[0;1;36mnote: [0moverridden virtual function is here[0m
  202 |   [0;34mvirtual[0m [0;34mbool[0m panSlew(UNUSED [0;34mdouble[0m s) { [0;34mreturn[0m [0;32mfalse[0m; }[0m
      | [0;1;32m               ^
[0mn[0m myCanGetRealPanIn file included from Tilt; }[0m
/Users/marcoreis/b166er/src/rosaria/LaserPublisher.cpp      :5| :
In file included from /usr/local/include/Aria/Aria.h:85:
[1m/usr/local/include/Aria/ArDPPTU.h:344:17: [0m[0;1;35mwarning: [0m[0;1;32m[1m'tiltSlew' overrides a member function but is not marked 'override' [-Winconsistent-missing-override][0m
               ^
[0m[1m  /usr/local/include/Aria/ArPTZ.h344: |   AR158EXPORT: 25[0;34m:b o[0mo[0;1;36mlnote: [0m[0m overridden virtual function is heretiltSl[0me
w([0;34mdouble[0m deg);[0m
      | [0;1;32m                ^
[0m[1m/usr/local/include/Aria/ArPTZ.h:207:16: [0m[0;1;36mnote: [0moverridden virtual function is here[0m
  158 |   A  R207E |   [0;34mvirtXual[0m [0;34mbool[0m PtOiRlTt S[0;34mlveiwr(tUuNaUlS[0m [0;34mboolED [0m[0;34m dcoaunbGleet[0mR esa)l P{a n[0;34mTrielttu(r)n [0m[0;34m c[0;32mofnaslts[0me [0m{;  [0;34m}r[0me
t      u| r[0;1;32mn               ^[0m
 [0m[0;32mfalse[0mIn file included from ;/Users/marcoreis/b166er/src/rosaria/LaserPublisher.cpp :}5[0m:

In file included from       /usr/local/include/Aria/Aria.h| :[0;1;32m85                        ^:

[1m[0m/usr/local/include/Aria/ArDPPTU.h:345:8: [0m[0;1;35mwarning: [0m[1m'canPanTiltSlew' overrides a member function but is not marked 'override' [-Winconsistent-missing-override][0m
In file included from /Users/marcoreis/b166er/src/rosaria/RosAria.cpp:7:
In file included from /usr/local/include/Aria/Aria.h:85:
[1m/usr/local/include/Aria/ArDPPTU.h:342:17: [0m[0;1;35mwarning: [0m[1m'panSlew' overrides a member function but is not marked 'override' [-Winconsistent-missing-override][0m
  345 |     [0;34mbool[0m canPanTiltSlew() { [0;34mreturn[0m [0;32m342true[0m; }[0m
      | [0;1;32m       ^ | 
[0m[1m/usr/local/include/Aria/ArPTZ.h:197:16: [0m[0;1;36m note:  [0moverridden virtual function is here[0m
AREXPORT [0;34mbool[0m p  197 |   a[0;34mnSlew([0;34mdouble[0m degvirtual[0m );[0m
      | [0;34m[0;1;32mb                ^o
o[0ml[0m ca[1m/usr/local/include/Aria/ArPTZ.h:202:16n:P a[0mn[0;1;36mTnote: i[0mloverridden virtual function is heret[0mS
lew() { [0;34mreturn[0m [0;32mfalse[0m; }[0m
      | [0;1;32m               ^
[0m  202 | In file included from  /Users/marcoreis/b166er/src/rosaria/LaserPublisher.cpp :[0;34m5v:
iIn file included from r/usr/local/include/Aria/Aria.ht:u85a:
l[1m[0m/usr/local/include/Aria/ArDPPTU.h :[0;34m364b:o18o:l [0m[0m [0;1;35mpwarning: a[0mn[1mS'getPan_i' overrides a member function but is not marked 'override' [-Winconsistent-missing-override]l[0m
ew(UNUSED [0;34mdouble[0m s) { [0;34mreturn[0m [0;32mfa  l364s | e [0m ;[0;34m v}i[0mr
t      u| a[0;1;32ml               ^[0m
 [0m[0;34mdouble[0m geIn file included from t/Users/marcoreis/b166er/src/rosaria/RosAria.cppP:a7n:
_In file included from i/usr/local/include/Aria/Aria.h(:)85 :
[0;34mc[1m/usr/local/include/Aria/ArDPPTU.ho:nst[0m [0m
      344| :[0;1;32m17                 ^:
 [0m[0m[0;1;35mwarning: [0m[1m'tiltSlew' overrides a member function but is not marked 'override' [-Winconsistent-missing-override][0m
[1m/usr/local/include/Aria/ArPTZ.h:370:27: [0m[0;1;36mnote: [0moverridden virtual function is here[0m
    370 |   AREXPORT [0;34mvirtual[0m [0;34mdoub344l |   AREXPORT [0;34mbool[0m tiltSlew([0;34mdoe[0m getPan_i() u[0;34mconbslte[0m deg);[0m
      | [0;1;32m                ^
[0m[1m/usr/local/include/Aria/ArPTZ.h:207:16: [0m[0;1;36mnote: [0moverridden virtual function is here[0m
  [0m207  | =  [0;34mvirt ual[0;32m[0m0 [0m[0;34m;b[0mo
o      l| [0m[0;1;32m                           ^t
i[0mltSlew(UNUSED [0;34mdoIn file included from u/Users/marcoreis/b166er/src/rosaria/LaserPublisher.cppb:l5e:
[0mIn file included from  /usr/local/include/Aria/Aria.hs:)85 :
{[1m /usr/local/include/Aria/ArDPPTU.h[0;34m:r368e:t18u:r n[0m[0m[0;1;35m warning: [0;32m[0mf[1ma'getTilt_i' overrides a member function but is not marked 'override' [-Winconsistent-missing-override]l[0ms
e[0m; }[0m
      | [0;1;32m               ^
[0mIn file included from /Users/marcoreis/b166er/src/rosaria/RosAria.cpp:7:
In file included from /usr/local/include/Aria/Aria.h  :36885 | :
 [1m /usr/local/include/Aria/ArDPPTU.h[0;34m:v345i:r8: [0m[0;1;35mwarning: [0mt[1mu'canPanTiltSlew' overrides a member function but is not marked 'override' [-Winconsistent-missing-override]a[0ml
[0m [0;34mdouble[0m getTilt_i() [0;34mconst[0m [0m
      | [0;1;32m  345 |                   ^ 
[0;34m[0mbool[1m[0m/usr/local/include/Aria/ArPTZ.h :c371a:n27P:a n[0mT[0;1;36minote: l[0mtoverridden virtual function is hereS[0ml
ew() { [0;34mreturn[0m [0;32mtrue[0m  371 |  ;  A}R[0mE
X      P| O[0;1;32mR       ^T
 [0m[0;34mvirt[1m/usr/local/include/Aria/ArPTZ.h:197u:a16l:[0m  [0m[0;34m[0;1;36mdnote: o[0muoverridden virtual function is hereb[0ml
e[0m getTilt_i() [0;34mconst[0m = [0;32m0[0m;[0m
      | [0;1;32m                          ^
[0m  197 |   [0;34mIn file included from v/Users/marcoreis/b166er/src/rosaria/LaserPublisher.cppi:r5t:
uIn file included from a/usr/local/include/Aria/Aria.hl:[0m85 :
[0;34m[1mb/usr/local/include/Aria/ArDPPTU.ho:o438l:[0m34 :c a[0mn[0;1;35mPwarning: a[0mn[1mT'readPacket' overrides a member function but is not marked 'override' [-Winconsistent-missing-override]i[0ml
tSlew() { [0;34mreturn[0m [0;32mfalse[0m; }[0m
      | [0;1;32m               ^
[0mIn file included from /Users/marcoreis/b166er/src/rosaria/RosAria.cpp:  7438:
 | In file included from  /usr/local/include/Aria/Aria.h :A85R:
E[1mX/usr/local/include/Aria/ArDPPTU.hP:O364R:T18 :[0;34m v[0mi[0;1;35mrwarning: t[0mu[1ma'getPan_i' overrides a member function but is not marked 'override' [-Winconsistent-missing-override]l[0m[0m
 ArBasePacket *readPacket();[0m
      | [0;1;32m                                 ^  
364[0m |   [0;34mvir[1m/usr/local/include/Aria/ArPTZ.h:289t:u34a:l [0m[0m [0;1;36m[0;34mnote: d[0mooverridden virtual function is hereu[0mb
le[0m getPan_i() [0;34mconst[0m [0m
      | [0;1;32m                 ^
[0m[1m/usr/local/include/Aria/ArPTZ.h:370:27: [0m[0;1;36mnote: [0moverridden virtual function is here[0m
  289 |   AREXPORT [0;34mv  i370r | t u aAlR[0mE XAPrOBRaT [0;34mvirtuals[0me P[0;34madcokuebtl e*[0mr egaedtPPan_i() [0;34maccoknestt([0m)  ={  [0;32m[0;34m0r[0me;t[0mu
r      n| [0m[0;1;32m                           ^N
U[0mLL; }[0m
In file included from       /Users/marcoreis/b166er/src/rosaria/RosAria.cpp| :[0;1;32m7                                 ^:

In file included from [0m/usr/local/include/Aria/Aria.h:85:
[1m/usr/local/include/Aria/ArDPPTU.h:368:18: [0m[0;1;35mwarning: [0m[1m'getTilt_i' overrides a member function but is not marked 'override' [-Winconsistent-missing-override][0m
  368 |   [0;34mvirtual[0m [0;34mdouble[0m getTilt_i() [0;34mconst[0m [0m
      | [0;1;32m                 ^
[0m[1m/usr/local/include/Aria/ArPTZ.h:371:27: [0m[0;1;36mnote: [0moverridden virtual function is here[0m
  371 |   AREXPORT [0;34mvirtual[0m [0;34mdouble[0m getTilt_i() [0;34mconst[0m = [0;32m0[0m;[0m
      | [0;1;32m                          ^
[0mIn file included from /Users/marcoreis/b166er/src/rosaria/RosAria.cpp:7:
In file included from /usr/local/include/Aria/Aria.h:85:
[1m/usr/local/include/Aria/ArDPPTU.h:438:34: [0m[0;1;35mwarning: [0m[1m'readPacket' overrides a member function but is not marked 'override' [-Winconsistent-missing-override][0m
  438 |   AREXPORT [0;34mvirtual[0m ArBasePacket *readPacket();[0m
      | [0;1;32m                                 ^
[0m[1m/usr/local/include/Aria/ArPTZ.h:289:34: [0m[0;1;36mnote: [0moverridden virtual function is here[0m
  289 |   AREXPORT [0;34mvirtual[0m ArBasePacket *readPacket() { [0;34mreturn[0m NULL; }[0m
      | [0;1;32m                                 ^
[0mIn file included from /Users/marcoreis/b166er/src/rosaria/RosAria.cpp:7:
In file included from /usr/local/include/Aria/Aria.h:134:
[1m/usr/local/include/Aria/ArSimulatedLaser.h:62:25: [0m[0;1;35mwarning: [0m[1m'isConnected' overrides a member function but is not marked 'override' [-Winconsistent-missing-override][0m
   62 |   AREXPORT [0;34mvirtual[0m [0;34mbool[0m isConnected()[0m
      | [0;1;32m                        ^
[0m[1m/usr/local/include/Aria/ArLaser.h:129:25: [0m[0;1;36mnote: [0moverridden virtual function is here[0m
  129 |   AREXPORT [0;34mvirtual[0m [0;34mbool[0m isConnected() = [0;32m0[0m;  [0m
      | [0;1;32m                        ^
[0mIn file included from /Users/marcoreis/b166er/src/rosaria/LaserPublisher.cpp:5:
In file included from /usr/local/include/Aria/Aria.h:134:
[1m/usr/local/include/Aria/ArSimulatedLaser.h:62:25: [0m[0;1;35mwarning: [0m[1m'isConnected' overrides a member function but is not marked 'override' [-Winconsistent-missing-override][0m
   62 |   AREXPORT [0;34mvirtual[0m [0;34mbool[0m isConnected()[0m
      | [0;1;32m                        ^
[0m[1m/usr/local/include/Aria/ArLaser.h:129:25: [0m[0;1;36mnote: [0moverridden virtual function is here[0m
  129 |   AREXPORT [0;34mvirtual[0m [0;34mbool[0m isConnected() = [0;32m0[0m;  [0m
      | [0;1;32m                        ^
[0mIn file included from /Users/marcoreis/b166er/src/rosaria/LaserPublisher.cpp:5:
In file included from /usr/local/include/Aria/Aria.h:142:
[1m/usr/local/include/Aria/ArS3Series.h:236:16: [0m[0;1;35mwarning: [0m[1m'laserSetName' overrides a member function but is not marked 'override' [-Winconsistent-missing-override][0m
  236 |   [0;34mvirtual[0m [0;34mvoid[0m laserSetName([0;34mconst[0m [0;34mchar[0m *name);[0m
      | [0;1;32m               ^
[0m[1m/usr/local/include/Aria/ArLaser.h:627:25: [0m[0;1;36mnote: [0moverridden virtual function is here[0m
  627 |   AREXPORT [0;34mvirtual[0m [0;34mvoid[0m laserSetName([0;34mconst[0m [0;34mchar[0m *name);[0m
      | [0;1;32m                        ^
[0mIn file included from /Users/marcoreis/b166er/src/rosaria/LaserPublisher.cpp:5:
In file included from /usr/local/include/Aria/Aria.h:142:
[1m/usr/local/include/Aria/ArS3Series.h:237:18: [0m[0;1;35mwarning: [0m[1m'runThread' overrides a member function but is not marked 'override' [-Winconsistent-missing-override][0m
  237 |   [0;34mvirtual[0m [0;34mvoid[0m * runThread([0;34mvoid[0m *arg);[0m
      | [0;1;32m                 ^
[0m[1m/usr/local/include/Aria/ArRangeDeviceThreaded.h:52:27: [0m[0;1;36mnote: [0moverridden virtual function is here[0m
   52 |   AREXPORT [0;34mvirtual[0m [0;34mvoid[0m * runThread([0;34mvoid[0m *arg) = [0;32m0[0m;[0m
      | [0;1;32m                          ^
[0mIn file included from /Users/marcoreis/b166er/src/rosaria/LaserPublisher.cpp:5:
In file included from /usr/local/include/Aria/Aria.h:142:
[1m/usr/local/include/Aria/ArS3Series.h:238:16: [0m[0;1;35mwarning: [0m[1m'setRobot' overrides a member function but is not marked 'override' [-Winconsistent-missing-override][0m
  238 |   [0;34mvirtual[0m [0;34mvoid[0m setRobot(ArRobot *robot);[0m
      | [0;1;32m               ^
[0m[1m/usr/local/include/Aria/ArRangeDevice.h:96:25: [0m[0;1;36mnote: [0moverridden virtual function is here[0m
   96 |   AREXPORT [0;34mvirtual[0m [0;34mvoid[0m setRobot(ArRobot *robot);[0m
      | [0;1;32m                        ^
[0mIn file included from /Users/marcoreis/b166er/src/rosaria/RosAria.cpp:7:
In file included from /usr/local/include/Aria/Aria.h:142:
[1m/usr/local/include/Aria/ArS3Series.h:236:16: [0m[0;1;35mwarning: [0m[1m'laserSetName' overrides a member function but is not marked 'override' [-Winconsistent-missing-override][0m
  236 |   [0;34mvirtual[0m [0;34mvoid[0m laserSetName([0;34mconst[0m [0;34mchar[0m *name);[0m
      | [0;1;32m               ^
[0m[1m/usr/local/include/Aria/ArLaser.h:627:25: [0m[0;1;36mnote: [0moverridden virtual function is here[0m
  627 |   AREXPORT [0;34mvirtual[0m [0;34mvoid[0m laserSetName([0;34mconst[0m [0;34mchar[0m *name);[0m
      | [0;1;32m                        ^
[0mIn file included from /Users/marcoreis/b166er/src/rosaria/RosAria.cpp:7:
In file included from /usr/local/include/Aria/Aria.h:142:
[1m/usr/local/include/Aria/ArS3Series.h:237:18: [0m[0;1;35mwarning: [0m[1m'runThread' overrides a member function but is not marked 'override' [-Winconsistent-missing-override][0m
  237 |   [0;34mvirtual[0m [0;34mvoid[0m * runThread([0;34mvoid[0m *arg);[0m
      | [0;1;32m                 ^
[0m[1m/usr/local/include/Aria/ArRangeDeviceThreaded.h:52:27: [0m[0;1;36mnote: [0moverridden virtual function is here[0m
   52 |   AREXPORT [0;34mvirtual[0m [0;34mvoid[0m * runThread([0;34mvoid[0m *arg) = [0;32m0[0m;[0m
      | [0;1;32m                          ^
[0mIn file included from /Users/marcoreis/b166er/src/rosaria/RosAria.cpp:7:
In file included from /usr/local/include/Aria/Aria.h:142:
[1m/usr/local/include/Aria/ArS3Series.h:238:16: [0m[0;1;35mwarning: [0m[1m'setRobot' overrides a member function but is not marked 'override' [-Winconsistent-missing-override][0m
  238 |   [0;34mvirtual[0m [0;34mvoid[0m setRobot(ArRobot *robot);[0m
      | [0;1;32m               ^
[0m[1m/usr/local/include/Aria/ArRangeDevice.h:96:25: [0m[0;1;36mnote: [0moverridden virtual function is here[0m
   96 |   AREXPORT [0;34mvirtual[0m [0;34mvoid[0m setRobot(ArRobot *robot);[0m
      | [0;1;32m                        ^
[0m14 warnings generated.
14 warnings generated.
