[31mWARNING: disk usage in log directory [/home/marco/.ros/log] is over 1GB.
It's recommended that you use the 'rosclean' command.[0m
the rosdep view is empty: call 'sudo rosdep init' and 'rosdep update'
[WARN] [1791465283.338217, 1008.384000]: [mission] SEARCH: ajuste não convergiu em 8s (raio 0.67) — amostrando assim mesmo
[WARN] [1791465293.866218, 1018.795000]: [mission] SEARCH: 2 de 25 amostras descartadas como outlier (>0.15 m ou >0.20 rad da mediana)
[WARN] [1791465293.919115, 1018.848000]: [mission] SEARCH: laser discorda demais da tag (profundidade -38 mm, yaw -7.2°) — parede fica pela tag
[INFO] [1791465258.120705, 983.472000]: garra_dx = 0.000 m (fechada)
[INFO] [1791465258.167493, 983.511000]: State machine starting in initial state 'HOME' with userdata: 
	[]
[INFO] [1791465258.370190, 983.721000]: [mission] pose de partida registrada: (0.01, 1.00, 0.01 rad)
[INFO] [1791465258.376882, 983.728000]: [mission] HOME: homing pelos fins de curso (J4, J3, J2)
[INFO] [1791465260.196111, 985.529000]: [mission] HOME: braço nos fins de curso — partindo daqui para o SEARCH
[INFO] [1791465260.196922, 985.529000]: State machine transitioning 'HOME':'ok'-->'SEARCH'
[INFO] [1791465260.197789, 985.530000]: [mission] postura "search" comandada: [0.0, 1.0, -1.0, 0.0, 0.0]
[INFO] [1791465273.359775, 998.531000]: [mission] SEARCH — girando à procura da tag...
[INFO] [1791465273.361558, 998.533000]: [mission] SEARCH: amostra quando a tag estiver a raio 0.35-0.50 do quadro (vista oblíqua; omega fina 0.15 rad/s)
[INFO] [1791465275.176378, 1000.334000]: [mission] SEARCH: tag a raio 0.90 — girando até <= 0.50
[INFO] [1791465283.340914, 1008.386000]: [mission] tag avistada — parando para medir
[INFO] [1791465284.355159, 1009.392000]: [mission] âncora engatada (coleta do SEARCH)
[INFO] [1791465284.356318, 1009.393000]: [mission] SEARCH: coleta com dither ±0.05 rad/s (período 3.0 s)
[INFO] [1791465293.851985, 1018.781000]: [mission] âncora solta — 19 correções de deriva
[INFO] [1791465293.853830, 1018.783000]: [mission] SEARCH: âncora corrigiu a deriva 19 vez(es) durante a coleta
[INFO] [1791465293.867390, 1018.797000]: [mission] SEARCH: 23 amostras — parede (0.010, 2.963, -0.003) yaw=-3.016
[INFO] [1791465293.920206, 1018.849000]: [mission] parede localizada em (0.010, 2.963, -0.003)
[INFO] [1791465293.925190, 1018.854000]: State machine transitioning 'SEARCH':'found'-->'APPROACH'
[INFO] [1791465293.927426, 1018.856000]: [mission] APPROACH etapa 1/2 — 1.30 m do olhal, alvo (0.39, 1.57, 1.70 rad)
[INFO] [1791465295.797862, 1020.708000]: [mission] APPROACH: alinhado, avançando (0.76 m)
[INFO] [1791465295.848960, 1020.758000]: [mission] teto por postura ativo no drive: v<=0.18 w<=0.50 rampa 0.46/1.51
[INFO] [1791465302.109582, 1026.959000]: [mission] APPROACH: chegou, ajustando heading final
[INFO] [1791465302.158964, 1027.008000]: [mission] teto por postura ativo no drive: v<=0.18 w<=0.50 rampa 0.46/1.51
[INFO] [1791465303.126779, 1027.958000]: [mission] APPROACH: concluído
[INFO] [1791465304.144299, 1028.963000]: [mission] âncora engatada (coleta do APPROACH/remedida)
[INFO] [1791465304.146856, 1028.965000]: [mission] APPROACH/remedida: coleta com dither ±0.05 rad/s (período 3.0 s)
[INFO] [1791465305.189664, 1029.995000]: [mission] âncora solta — 1 correções de deriva
[INFO] [1791465305.191558, 1029.997000]: [mission] APPROACH/remedida: âncora corrigiu a deriva 1 vez(es) durante a coleta
[INFO] [1791465305.193754, 1029.998000]: [mission] APPROACH/remedida: 10 amostras — parede (0.003, 3.005, -0.003) yaw=3.136
[INFO] [1791465305.247233, 1030.051000]: [mission] APPROACH/remedida: parede pelo LASER — 66 pontos, resíduo 5.2 mm: profundidade +6.4 mm e yaw +0.53° em relação à tag → parede (0.003, 2.999, -0.003) yaw=-3.138
[INFO] [1791465305.250083, 1030.054000]: [mission] APPROACH etapa 2/2 — 0.88 m do olhal, alvo (0.38, 1.99, 1.57 rad)
[INFO] [1791465305.252550, 1030.057000]: [mission] APPROACH: alinhado, avançando (0.48 m)
[INFO] [1791465309.820779, 1034.557000]: [mission] APPROACH: chegou, ajustando heading final
[INFO] [1791465309.870954, 1034.607000]: [mission] teto por postura ativo no drive: v<=0.18 w<=0.50 rampa 0.46/1.52
[INFO] [1791465311.305189, 1036.007000]: [mission] APPROACH: concluído
[INFO] [1791465311.313903, 1036.015000]: State machine transitioning 'APPROACH':'arrived'-->'REFINE'
[INFO] [1791465311.315919, 1036.017000]: [mission] REFINE — remedindo a parede de perto (10 amostras)
[INFO] [1791465311.324028, 1036.024000]: [mission] âncora engatada (coleta do REFINE)
[INFO] [1791465311.327152, 1036.027000]: [mission] REFINE: coleta com dither ±0.05 rad/s (período 3.0 s)
[INFO] [1791465312.375643, 1037.066000]: [mission] âncora solta — 2 correções de deriva
[INFO] [1791465312.377024, 1037.067000]: [mission] REFINE: âncora corrigiu a deriva 2 vez(es) durante a coleta
[INFO] [1791465312.379662, 1037.069000]: [mission] REFINE: 10 amostras — parede (0.002, 2.997, -0.000) yaw=-3.139
[INFO] [1791465312.432128, 1037.121000]: [mission] REFINE: parede pelo LASER — 90 pontos, resíduo 4.4 mm: profundidade -2.4 mm e yaw -0.17° em relação à tag → parede (0.002, 2.999, -0.000) yaw=3.141
[INFO] [1791465312.433758, 1037.123000]: [mission] REFINE: deslocou 0.003 m da estimativa anterior
[INFO] [1791465312.434956, 1037.124000]: [mission] olhal estimado em (0.202, 2.869, 0.805)
[INFO] [1791465312.439838, 1037.129000]: State machine transitioning 'REFINE':'ok'-->'DEPLOY'
[INFO] [1791465312.442956, 1037.131000]: [mission] DEPLOY: IK resolvida para a POSE DE MANIPULAÇÃO (0.20, 2.25, 1.57 rad), não para a atual
[INFO] [1791465317.305850, 1039.987000]: [mission] DEPLOY: IK nivelada 0.0710 m, só eixo 0.0014 m — a MISSÃO INTEIRA usa "eixo"
[INFO] [1791465317.311852, 1041.970000]: [mission] DEPLOY: IK da ponta resolvida (resíduo 0.0014 m, degrau 0.4°) — pré-posicionando em [-10.9 -46.5  60.   78.5 -10.9] graus
[INFO] [1791465328.180016, 1052.672000]: [mission] plano de exclusão publicado: parede em [ 2.000e-03  2.999e+00 -0.000e+00], normal segura [-0.001 -1.     0.   ]
[INFO] [1791465328.393112, 1052.882000]: [mission] teto por postura ativo no drive: v<=0.25 w<=0.50 rampa 0.55/1.61
[INFO] [1791465330.659381, 1055.132000]: [mission] DEPLOY/aproxima: alinhado, avançando (0.36 m)
[INFO] [1791465334.451525, 1058.882000]: [mission] DEPLOY/aproxima: chegou, ajustando heading final
[INFO] [1791465338.966444, 1063.332000]: [mission] DEPLOY/aproxima: concluído
[INFO] [1791465338.967728, 1063.333000]: State machine transitioning 'DEPLOY':'ok'-->'MANIPULATE'
[INFO] [1791465338.969154, 1063.335000]: [mission] fase "orienta": modo IK iterativa (YAML)
[INFO] [1791465338.973381, 1063.339000]: [mission] âncora engatada (fase "orienta")
[INFO] [1791465344.049187, 1068.364000]: [mission] fase "orienta" it0: ponta (0.293, 2.725, 0.811) erro=0.0064 | degrau eixo 0.1° | rolagem 0.1° | IK pediu [-15.2 -40.7  49.1  80.9 -10.5] | faltou [ 0.5 -0.1  0.1 -0.1 -0. ] graus
[INFO] [1791465344.051420, 1068.367000]: [mission] âncora solta — 3 correções de deriva
[INFO] [1791465344.053553, 1068.369000]: [mission] fase "orienta" alcançada em 1 iteração(ões) (0.0064 m) — âncora corrigiu 3 vez(es)
[INFO] [1791465344.568923, 1068.877000]: [mission] fase "aproxima_lateral": modo IK iterativa (YAML)
[INFO] [1791465344.575007, 1068.883000]: [mission] âncora engatada (fase "aproxima_lateral")
[INFO] [1791465349.436419, 1073.689000]: [mission] fase "aproxima_lateral" it0: ponta (0.292, 2.865, 0.814) erro=0.0039 | degrau eixo 2.7° | rolagem 2.7° | IK pediu [-12.2 -15.1   0.5  86.1  -8.2] | faltou [0. 0. 0. 0. 0.] graus
[INFO] [1791465349.441146, 1073.694000]: [mission] fase "aproxima_lateral" it0: no frame da parede eixo=-0.0 prof=+3.9 alt=+0.4 mm (tolerância 40/8/5)
[INFO] [1791465349.443120, 1073.697000]: [mission] âncora solta — 2 correções de deriva
[INFO] [1791465349.444840, 1073.698000]: [mission] fase "aproxima_lateral" alcançada em 1 iteração(ões) (0.0039 m) — âncora corrigiu 2 vez(es)
[INFO] [1791465349.957156, 1074.205000]: [mission] fase "atravessa": modo IK iterativa (YAML)
[INFO] [1791465349.961220, 1074.209000]: [mission] âncora engatada (fase "atravessa")
[INFO] [1791465354.340601, 1078.513000]: [mission] fase "atravessa" it0: ponta (0.208, 2.865, 0.812) erro=0.0049 | degrau eixo 0.4° | rolagem 0.4° | IK pediu [ -4.8 -15.9   1.3  88.6  -1.3] | faltou [ 0.3 -0.3  0.  -0.3 -0. ] graus
[INFO] [1791465354.344795, 1078.518000]: [mission] fase "atravessa" it0: no frame da parede eixo=-1.2 prof=+3.8 alt=+2.9 mm (tolerância 8/6/5)
[INFO] [1791465354.346614, 1078.520000]: [mission] âncora solta — 2 correções de deriva
[INFO] [1791465354.348634, 1078.522000]: [mission] fase "atravessa" alcançada em 1 iteração(ões) (0.0049 m) — âncora corrigiu 2 vez(es)
[WARN] [1791465377.356624, 1101.264000]: [mission] fase "destrava": descida estagnou em 15.9 mm (mín 10 para aceitar; alvo 18) — fim de curso do mecanismo, fechando a fase
[WARN] [1791465377.576238, 1101.483000]: [mission] destrava: lingueta em 11.8 mm (esperado ≥ 12) — o gatilho pode não ter soltado
[WARN] [1791465396.471178, 1120.176000]: [mission] RETRACT: ponta a 0.141 m do olhal — saindo em degraus: sobe 30 mm, 120 mm pelo eixo do furo, 100 mm para fora, antes de recolher
[INFO] [1791465354.867965, 1079.028000]: [mission] fase "captura": modo IK iterativa (YAML)
[INFO] [1791465354.874313, 1079.033000]: [mission] âncora engatada (fase "captura")
[INFO] [1791465360.569335, 1084.639000]: [mission] fase "captura" it0: ponta (0.208, 2.868, 0.795) erro=0.0069 | degrau eixo 0.2° | rolagem 0.1° | IK pediu [ -3.8 -18.    0.9  89.1  -0.7] | faltou [-0.4 -1.2  2.2 -0.6  0.4] graus
[INFO] [1791465360.572052, 1084.642000]: [mission] fase "captura" it0: no frame da parede eixo=+6.8 prof=-0.8 alt=-0.8 mm (tolerância 8/6/10)
[INFO] [1791465360.573879, 1084.644000]: [mission] âncora solta — 3 correções de deriva
[INFO] [1791465360.575378, 1084.645000]: [mission] fase "captura" alcançada em 1 iteração(ões) (0.0069 m) — âncora corrigiu 3 vez(es)
[INFO] [1791465360.582649, 1084.653000]: [mission] captura: ponta registrada em eixo=-6.8 prof=+0.8 alt=-9.0 mm (zero da descida do destrava e da deriva de eixo)
[INFO] [1791465361.091168, 1085.154000]: [mission] fase "destrava": alvo em altura relativo à captura: -29.0 mm (captura -9.0 − curso 18 − margem 2)
[INFO] [1791465361.093410, 1085.155000]: [mission] fase "destrava": modo whole-body/Fuzzy (YAML)
[INFO] [1791465361.299215, 1085.358000]: [mission] plano de exclusão publicado: parede em [ 2.000e-03  2.999e+00 -0.000e+00], normal segura [-0.001 -1.     0.   ]
[INFO] [1791465361.607169, 1085.663000]: [mission] fase "destrava": whole-body assumiu (base livre, restrita pelo plano de exclusão)
[INFO] [1791465361.609468, 1085.665000]: [mission] fase "destrava": whole-body a 0.0197 m do alvo — eixo=+6.8 prof=-1.5 alt=-18.4 mm
[INFO] [1791465363.738844, 1087.764000]: [mission] fase "destrava": whole-body a 0.0090 m do alvo — eixo=+6.8 prof=-4.5 alt=-3.9 mm
[INFO] [1791465365.850236, 1089.864000]: [mission] fase "destrava": whole-body a 0.0099 m do alvo — eixo=+6.8 prof=-7.2 alt=+0.9 mm
[INFO] [1791465367.960606, 1091.964000]: [mission] fase "destrava": whole-body a 0.0108 m do alvo — eixo=+6.8 prof=-8.4 alt=-0.7 mm
[INFO] [1791465370.083432, 1094.064000]: [mission] fase "destrava": whole-body a 0.0167 m do alvo — eixo=+6.7 prof=-15.1 alt=-2.6 mm
[INFO] [1791465372.199213, 1096.164000]: [mission] fase "destrava": whole-body a 0.0121 m do alvo — eixo=+6.7 prof=-9.5 alt=-3.1 mm
[INFO] [1791465374.215017, 1098.165000]: [mission] fase "destrava": whole-body a 0.0115 m do alvo — eixo=+6.9 prof=-8.6 alt=-3.3 mm
[INFO] [1791465376.341119, 1100.264000]: [mission] fase "destrava": whole-body a 0.0102 m do alvo — eixo=+6.9 prof=-6.9 alt=-3.2 mm
[INFO] [1791465377.573616, 1101.480000]: [mission] destrava: ponta desceu 16.2 mm desde a captura (critério observável) | lingueta 11.8 mm (só na simulação)
[INFO] [1791465378.093891, 1101.984000]: [mission] fase "libera": modo whole-body/Fuzzy (YAML)
[INFO] [1791465378.300921, 1102.185000]: [mission] plano de exclusão publicado: parede em [ 2.000e-03  2.999e+00 -0.000e+00], normal segura [-0.001 -1.     0.   ]
[INFO] [1791465378.607924, 1102.487000]: [mission] fase "libera": whole-body assumiu (base livre, restrita pelo plano de exclusão)
[INFO] [1791465378.609296, 1102.488000]: [mission] fase "libera": whole-body a 0.0247 m do alvo — eixo=+6.8 prof=+23.6 alt=+2.8 mm
[INFO] [1791465380.620460, 1104.489000]: [mission] fase "libera": whole-body a 0.0231 m do alvo — eixo=+6.9 prof=+21.8 alt=+3.5 mm
[INFO] [1791465382.729207, 1106.588000]: [mission] fase "libera": whole-body a 0.0169 m do alvo — eixo=+6.9 prof=+14.1 alt=+6.3 mm
[INFO] [1791465384.846376, 1108.688000]: [mission] fase "libera": whole-body a 0.0112 m do alvo — eixo=+6.8 prof=+8.9 alt=+0.3 mm
[INFO] [1791465386.457306, 1110.288000]: [mission] fase "libera" alcançada por whole-body em 7.8s (0.0099 m) — no frame da parede eixo=+6.7 prof=+7.3 alt=-0.6 mm (tolerância 40/8/6)
[INFO] [1791465387.188896, 1110.998000]: [mission] fase "arco1"/puxa: RECUANDO 0.022 m só com as rodas
[INFO] [1791465387.748224, 1111.548000]: [mission] fase "arco1"/puxa: concluído (0.022 m)
[INFO] [1791465387.749623, 1111.549000]: [mission] fase "arco1": modo whole-body/Fuzzy (YAML)
[INFO] [1791465387.957049, 1111.751000]: [mission] plano de exclusão publicado: parede em [ 2.000e-03  2.999e+00 -0.000e+00], normal segura [-0.001 -1.     0.   ]
[INFO] [1791465388.263102, 1112.055000]: [mission] fase "arco1": whole-body assumiu (base livre, restrita pelo plano de exclusão)
[INFO] [1791465388.264556, 1112.056000]: [mission] fase "arco1": whole-body a 0.0200 m do alvo — eixo=+6.7 prof=+16.3 alt=-9.4 mm
[INFO] [1791465388.867489, 1112.656000]: [mission] fase "arco1" alcançada por whole-body em 0.6s (0.0095 m) — no frame da parede eixo=+6.7 prof=-5.8 alt=-3.3 mm (tolerância 40/10/15)
[INFO] [1791465388.868855, 1112.657000]: [mission] arco1: SOLTURA observável — recuo 56.7 mm desde a captura (mín 40) com deriva de eixo +0.1 mm → SOLTA
[INFO] [1791465389.081885, 1112.869000]: [mission] waypoint de 15° — lâmina medida em 16.1° (abertura por CONTATO)
[INFO] [1791465389.588701, 1113.371000]: [mission] fase "arco2"/puxa: RECUANDO 0.048 m só com as rodas
[INFO] [1791465390.550296, 1114.323000]: [mission] fase "arco2"/puxa: concluído (0.050 m)
[INFO] [1791465390.551660, 1114.324000]: [mission] fase "arco2": modo whole-body/Fuzzy (YAML)
[INFO] [1791465390.756857, 1114.526000]: [mission] plano de exclusão publicado: parede em [ 2.000e-03  2.999e+00 -0.000e+00], normal segura [-0.001 -1.     0.   ]
[INFO] [1791465391.063861, 1114.830000]: [mission] fase "arco2": whole-body assumiu (base livre, restrita pelo plano de exclusão)
[INFO] [1791465391.064967, 1114.831000]: [mission] fase "arco2": whole-body a 0.0244 m do alvo — eixo=+6.7 prof=-12.3 alt=-19.9 mm
[INFO] [1791465391.768789, 1115.530000]: [mission] fase "arco2" alcançada por whole-body em 0.7s (0.0077 m) — no frame da parede eixo=+6.7 prof=-2.6 alt=-2.5 mm (tolerância 40/10/15)
[INFO] [1791465391.985274, 1115.741000]: [mission] waypoint de 30° — lâmina medida em 31.1° (abertura por CONTATO)
[INFO] [1791465392.497230, 1116.243000]: [mission] fase "desengata": modo IK iterativa (YAML)
[INFO] [1791465392.503958, 1116.249000]: [mission] âncora engatada (fase "desengata")
[INFO] [1791465395.540876, 1119.256000]: [mission] fase "desengata" it0: ponta (0.291, 2.771, 0.753) erro=0.0023 | degrau eixo 1.7° | rolagem 1.8° | IK pediu [-19.2 -23.8  -0.5 100.3  -7.2] | faltou [0. 0. 0. 0. 0.] graus
[INFO] [1791465395.544510, 1119.260000]: [mission] âncora solta — 1 correções de deriva
[INFO] [1791465395.546182, 1119.262000]: [mission] fase "desengata" alcançada em 1 iteração(ões) (0.0023 m) — âncora corrigiu 1 vez(es)
[INFO] [1791465396.063739, 1119.773000]: [mission] MANIPULATE concluída — chave ABERTA, lâmina medida em 31.2°
[INFO] [1791465396.065768, 1119.775000]: State machine transitioning 'MANIPULATE':'done'-->'RETRACT'
[INFO] [1791465396.474092, 1120.179000]: [mission] âncora engatada (fase "saida_sobe")
[INFO] [1791465399.129401, 1122.807000]: [mission] fase "saida_sobe" it0: ponta (0.290, 2.775, 0.782) erro=0.0026 | degrau eixo 1.4° | rolagem 1.5° | IK pediu [-19.3 -20.3   0.   98.8  -7.2] | faltou [0. 0. 0. 0. 0.] graus
[INFO] [1791465399.132540, 1122.811000]: [mission] fase "saida_sobe" it0: no frame da parede eixo=-0.7 prof=+2.2 alt=+1.1 mm (tolerância 30/20/10)
[INFO] [1791465399.133894, 1122.812000]: [mission] âncora solta — 1 correções de deriva
[INFO] [1791465399.134919, 1122.813000]: [mission] fase "saida_sobe" alcançada em 1 iteração(ões) (0.0026 m) — âncora corrigiu 1 vez(es)
[INFO] [1791465399.140275, 1122.819000]: [mission] âncora engatada (fase "saida_eixo")
[INFO] [1791465406.558460, 1130.147000]: [mission] fase "saida_eixo" it0: ponta (0.417, 2.769, 0.786) erro=0.0076 | degrau eixo 5.0° | rolagem 5.1° | IK pediu [-30.4 -19.5  -0.   93.2 -17.8] | faltou [-0.7  0.8 -1.6  0.9  0. ] graus
[INFO] [1791465406.561089, 1130.150000]: [mission] fase "saida_eixo" it0: no frame da parede eixo=+6.5 prof=-3.4 alt=-2.2 mm (tolerância 20/20/15)
[INFO] [1791465406.562401, 1130.151000]: [mission] âncora solta — 3 correções de deriva
[INFO] [1791465406.563371, 1130.152000]: [mission] fase "saida_eixo" alcançada em 1 iteração(ões) (0.0076 m) — âncora corrigiu 3 vez(es)
[INFO] [1791465406.568334, 1130.157000]: [mission] âncora engatada (fase "saida_fora")
[INFO] [1791465413.818863, 1137.262000]: [mission] fase "saida_fora" it0: ponta (0.406, 2.674, 0.784) erro=0.0044 | degrau eixo 0.1° | rolagem 0.2° | IK pediu [-33.8 -31.2  21.6  99.9 -21.8] | faltou [ 0.4  0.  -0.   0.3  0.1] graus
[INFO] [1791465413.821623, 1137.265000]: [mission] fase "saida_fora" it0: no frame da parede eixo=-4.2 prof=+1.4 alt=-0.1 mm (tolerância 30/20/20)
[INFO] [1791465413.822881, 1137.266000]: [mission] âncora solta — 2 correções de deriva
[INFO] [1791465413.824130, 1137.268000]: [mission] fase "saida_fora" alcançada em 1 iteração(ões) (0.0044 m) — âncora corrigiu 2 vez(es)
[INFO] [1791465413.825183, 1137.269000]: [mission] RETRACT/afasta: RECUANDO 0.250 m só com as rodas
[INFO] [1791465418.293668, 1141.670000]: [mission] RETRACT/afasta: concluído (0.251 m)
[INFO] [1791465418.296236, 1141.672000]: [mission] postura "stow_home" comandada: [0.0, 1.1, -1.04, -1.8, 0.0]
[INFO] [1791465432.870545, 1156.075000]: State machine transitioning 'RETRACT':'ok'-->'RETURN'
[INFO] [1791465432.872291, 1156.076000]: [mission] RETURN — voltando a (0.01, 1.00, 0.01 rad)
[INFO] [1791465448.680144, 1171.678000]: [mission] RETURN: alinhado, avançando (1.10 m)
[INFO] [1791465448.730415, 1171.728000]: [mission] teto por postura ativo no drive: v<=0.24 w<=0.50 rampa 0.52/1.51
[INFO] [1791465457.174302, 1180.078000]: [mission] RETURN: chegou, ajustando heading final
[INFO] [1791465457.224937, 1180.128000]: [mission] teto por postura ativo no drive: v<=0.24 w<=0.50 rampa 0.52/1.51
[INFO] [1791465463.986888, 1186.828000]: [mission] RETURN: concluído
[INFO] [1791465463.988597, 1186.830000]: State machine terminating 'RETURN':'home':'MISSION_OK'
[INFO] [1791465463.990010, 1186.831000]: [mission] resultado: MISSION_OK
... logging to /home/marco/.ros/log/d0a0a55c-c317-11f1-b768-b025aa85b2a2/roslaunch-shiroi-3661162.log
Checking log directory for disk usage. This may take a while.
Press Ctrl-C to interrupt
]2;/home/marco/b166er/src/b166er_whole_body_control/launch/chave_mission.launch
[1mstarted roslaunch server http://shiroi:42523/[0m

SUMMARY
========

PARAMETERS
 * /chave_mission/estado_final: 
 * /chave_mission/estado_inicial: HOME
 * /chave_mission/pausa_por_fase: False
 * /chave_mission/search_omega: 0.35
 * /chave_mission/standoff_distance: 0.62
 * /chave_mission/use_wholebody: False
 * /chave_seccionadora_task/aproxima_lateral/modo: ik
 * /chave_seccionadora_task/aproxima_lateral/offset_xyz_m: [-0.09, 0.008, 0.01]
 * /chave_seccionadora_task/aproxima_lateral/tol_xyz_m: [0.04, 0.008, 0.005]
 * /chave_seccionadora_task/arco1/blade_angle_deg: 15
 * /chave_seccionadora_task/arco1/deriva_eixo_max_m: 0.015
 * /chave_seccionadora_task/arco1/modo: wb
 * /chave_seccionadora_task/arco1/offset_xyz_m: [0.0, 0.0518, -0....
 * /chave_seccionadora_task/arco1/soltura_recuo_min_m: 0.04
 * /chave_seccionadora_task/arco1/tol_xyz_m: [0.04, 0.01, 0.015]
 * /chave_seccionadora_task/arco2/blade_angle_deg: 30
 * /chave_seccionadora_task/arco2/deriva_eixo_max_m: 0.015
 * /chave_seccionadora_task/arco2/modo: wb
 * /chave_seccionadora_task/arco2/offset_xyz_m: [0.0, 0.1, -0.0518]
 * /chave_seccionadora_task/arco2/tol_xyz_m: [0.04, 0.01, 0.015]
 * /chave_seccionadora_task/atravessa/modo: ik
 * /chave_seccionadora_task/atravessa/offset_xyz_m: [-0.008, 0.008, 0...
 * /chave_seccionadora_task/atravessa/tol_xyz_m: [0.008, 0.006, 0....
 * /chave_seccionadora_task/captura/modo: ik
 * /chave_seccionadora_task/captura/offset_xyz_m: [0.0, 0.0, -0.01]
 * /chave_seccionadora_task/captura/tol_xyz_m: [0.008, 0.006, 0.01]
 * /chave_seccionadora_task/desengata/modo: ik
 * /chave_seccionadora_task/desengata/offset_xyz_m: [-0.09, 0.1, -0.0...
 * /chave_seccionadora_task/destrava/curso_estagna_m: 0.01
 * /chave_seccionadora_task/destrava/curso_margem_m: 0.002
 * /chave_seccionadora_task/destrava/curso_min_m: 0.018
 * /chave_seccionadora_task/destrava/curso_teto_m: 0.022
 * /chave_seccionadora_task/destrava/modo: wb
 * /chave_seccionadora_task/destrava/offset_xyz_m: [0.0, 0.0, -0.025]
 * /chave_seccionadora_task/destrava/tol_xyz_m: [0.01, 0.006, 0.004]
 * /chave_seccionadora_task/libera/deriva_eixo_max_m: 0.015
 * /chave_seccionadora_task/libera/modo: wb
 * /chave_seccionadora_task/libera/offset_xyz_m: [0.0, 0.03, -0.025]
 * /chave_seccionadora_task/libera/tol_xyz_m: [0.04, 0.008, 0.006]
 * /chave_seccionadora_task/orienta/modo: ik
 * /chave_seccionadora_task/orienta/offset_xyz_m: [-0.09, 0.15, 0.0...
 * /chave_seccionadora_task/reassenta_sobe/tol_xyz_m: [0.03, 0.02, 0.005]
 * /chave_seccionadora_task/saida_eixo/tol_xyz_m: [0.02, 0.02, 0.015]
 * /chave_seccionadora_task/saida_fora/tol_xyz_m: [0.03, 0.02, 0.02]
 * /chave_seccionadora_task/saida_sobe/tol_xyz_m: [0.03, 0.02, 0.01]
 * /chave_seccionadora_task/target_frame: chave_olhal_link
 * /fuzzy_wb_controller/fixed_gains: []
 * /rosdistro: noetic
 * /rosversion: 1.17.4

NODES
  /
    chave_mission (b166er_whole_body_control/chave_mission.py)

[1mROS_MASTER_URI=http://localhost:11311[0m
]2;/home/marco/b166er/src/b166er_whole_body_control/launch/chave_mission.launch http://localhost:11311
[1mprocess[chave_mission-1]: started with pid [3661208][0m
[1m[chave_mission-1] process has finished cleanly
log file: /home/marco/.ros/log/d0a0a55c-c317-11f1-b768-b025aa85b2a2/chave_mission-1*.log[0m
all processes on machine have died, roslaunch will exit
shutting down processing monitor...
... shutting down processing monitor complete
[1mdone[0m
