[31mWARNING: disk usage in log directory [/home/marco/.ros/log] is over 1GB.
It's recommended that you use the 'rosclean' command.[0m
the rosdep view is empty: call 'sudo rosdep init' and 'rosdep update'
[WARN] [1790789331.697314, 89.781000]: [mission] SEARCH: 5 de 25 amostras descartadas como outlier (>0.15 m ou >0.20 rad da mediana)
[INFO] [1790789309.879813, 0.000000]: garra_dx = 0.030 m (aberta)
[INFO] [1790789309.921615, 68.306000]: State machine starting in initial state 'STOW_INIT' with userdata: 
	[]
[INFO] [1790789310.126830, 68.514000]: [mission] pose de partida registrada: (0.00, 1.00, 0.00 rad)
[INFO] [1790789310.127891, 68.515000]: [mission] postura "stow_home" comandada: [0.0, 1.13, -1.04, -1.8, 0.0]
[INFO] [1790789310.229549, 68.616000]: State machine transitioning 'STOW_INIT':'ok'-->'SEARCH'
[INFO] [1790789310.231795, 68.618000]: [mission] postura "search" comandada: [0.0, 1.0, -1.0, 0.0, 0.0]
[INFO] [1790789316.303739, 74.620000]: [mission] SEARCH — girando à procura da tag...
[INFO] [1790789316.305445, 74.621000]: [mission] SEARCH: amostra quando a tag estiver a raio 0.35-0.50 do quadro (vista oblíqua; omega fina 0.15 rad/s)
[INFO] [1790789317.669934, 75.973000]: [mission] SEARCH: tag a raio 0.93 — girando até <= 0.50
[INFO] [1790789325.135402, 83.324000]: [mission] SEARCH: tag a raio 0.50 — parando
[INFO] [1790789325.137541, 83.326000]: [mission] tag avistada — parando para medir
[INFO] [1790789326.161560, 84.330000]: [mission] âncora engatada (coleta do SEARCH)
[INFO] [1790789326.162407, 84.331000]: [mission] SEARCH: coleta com dither ±0.05 rad/s (período 3.0 s)
[INFO] [1790789331.679316, 89.765000]: [mission] âncora solta — 10 correções de deriva
[INFO] [1790789331.682668, 89.767000]: [mission] SEARCH: âncora corrigiu a deriva 10 vez(es) durante a coleta
[INFO] [1790789331.698635, 89.784000]: [mission] SEARCH: 20 amostras — parede (0.028, 3.112, -0.003) yaw=2.869
[INFO] [1790789331.699623, 89.785000]: [mission] parede localizada em (0.028, 3.112, -0.003)
[INFO] [1790789331.703176, 89.788000]: State machine transitioning 'SEARCH':'found'-->'APPROACH'
[INFO] [1790789331.704366, 89.789000]: [mission] APPROACH etapa 1/2 — 1.30 m do olhal, alvo (-0.16, 1.68, 1.30 rad)
[INFO] [1790789331.705432, 89.790000]: [mission] teto por postura ativo no drive: v<=0.17 w<=0.50 rampa 0.45/1.52
[INFO] [1790789336.573382, 94.590000]: [mission] APPROACH: alinhado, avançando (0.86 m)
[INFO] [1790789336.828658, 94.840000]: [mission] teto por postura ativo no drive: v<=0.17 w<=0.50 rampa 0.45/1.51
[INFO] [1790789343.467853, 101.390000]: [mission] APPROACH: chegou, ajustando heading final
[INFO] [1790789343.518553, 101.440000]: [mission] teto por postura ativo no drive: v<=0.17 w<=0.50 rampa 0.45/1.52
[INFO] [1790789346.758741, 104.640000]: [mission] APPROACH: concluído
[INFO] [1790789347.770484, 105.644000]: [mission] âncora engatada (coleta do APPROACH/remedida)
[INFO] [1790789347.771888, 105.645000]: [mission] APPROACH/remedida: coleta com dither ±0.05 rad/s (período 3.0 s)
[INFO] [1790789348.911642, 106.776000]: [mission] âncora solta — 1 correções de deriva
[INFO] [1790789348.913083, 106.777000]: [mission] APPROACH/remedida: âncora corrigiu a deriva 1 vez(es) durante a coleta
[INFO] [1790789348.914836, 106.778000]: [mission] APPROACH/remedida: 10 amostras — parede (0.005, 3.005, -0.003) yaw=-3.137
[INFO] [1790789348.916319, 106.780000]: [mission] APPROACH etapa 2/2 — 0.88 m do olhal, alvo (0.38, 2.00, 1.58 rad)
[INFO] [1790789348.917966, 106.782000]: [mission] teto por postura ativo no drive: v<=0.17 w<=0.50 rampa 0.45/1.52
[INFO] [1790789353.843965, 111.631000]: [mission] APPROACH: alinhado, avançando (0.73 m)
[INFO] [1790789354.045576, 111.831000]: [mission] teto por postura ativo no drive: v<=0.17 w<=0.50 rampa 0.45/1.51
[INFO] [1790789360.129915, 117.831000]: [mission] APPROACH: chegou, ajustando heading final
[INFO] [1790789360.179246, 117.881000]: [mission] teto por postura ativo no drive: v<=0.17 w<=0.50 rampa 0.45/1.52
[INFO] [1790789366.624912, 124.232000]: [mission] APPROACH: concluído
[INFO] [1790789366.632668, 124.239000]: State machine transitioning 'APPROACH':'arrived'-->'REFINE'
[INFO] [1790789366.635023, 124.242000]: [mission] REFINE — remedindo a parede de perto (10 amostras)
[INFO] [1790789366.639430, 124.246000]: [mission] âncora engatada (coleta do REFINE)
[INFO] [1790789366.640615, 124.248000]: [mission] REFINE: coleta com dither ±0.05 rad/s (período 3.0 s)
[INFO] [1790789367.781638, 125.377000]: [mission] âncora solta — 1 correções de deriva
[INFO] [1790789367.784775, 125.380000]: [mission] REFINE: âncora corrigiu a deriva 1 vez(es) durante a coleta
[INFO] [1790789367.788842, 125.383000]: [mission] REFINE: 10 amostras — parede (0.003, 3.002, -0.001) yaw=3.134
[INFO] [1790789367.792198, 125.387000]: [mission] REFINE: deslocou 0.004 m da estimativa anterior
[INFO] [1790789367.794594, 125.389000]: [mission] olhal estimado em (0.202, 2.870, 0.804)
[INFO] [1790789367.803236, 125.397000]: State machine transitioning 'REFINE':'ok'-->'DEPLOY'
[INFO] [1790789367.806505, 125.400000]: [mission] DEPLOY: IK resolvida para a POSE DE MANIPULAÇÃO (0.20, 2.25, 1.56 rad), não para a atual
[INFO] [1790789372.652251, 129.405000]: [mission] DEPLOY: IK nivelada 0.0552 m, só eixo 0.0000 m — a MISSÃO INTEIRA usa "eixo"
[INFO] [1790789372.654325, 130.241000]: [mission] DEPLOY: IK da ponta resolvida (resíduo 0.0000 m, degrau 0.1°) — pré-posicionando em [-10.3 -42.3  52.   79.7  79.7] graus
[INFO] [1790789379.123509, 136.642000]: [mission] plano de exclusão publicado: parede em [ 3.000e-03  3.002e+00 -1.000e-03], normal segura [-0.008 -1.     0.   ]
[INFO] [1790789379.333661, 136.851000]: [mission] teto por postura ativo no drive: v<=0.18 w<=0.50 rampa 0.46/1.64
[INFO] [1790789383.711099, 141.150000]: [mission] DEPLOY/aproxima: alinhado, avançando (0.42 m)
[INFO] [1790789387.755817, 145.150000]: [mission] DEPLOY/aproxima: chegou, ajustando heading final
[INFO] [1790789392.180658, 149.500000]: [mission] DEPLOY/aproxima: concluído
[INFO] [1790789392.184907, 149.504000]: State machine transitioning 'DEPLOY':'ok'-->'MANIPULATE'
[INFO] [1790789392.188222, 149.507000]: [mission] fase "orienta": modo IK iterativa (YAML)
[INFO] [1790789392.194628, 149.513000]: [mission] âncora engatada (fase "orienta")
[INFO] [1790789396.656722, 153.904000]: [mission] fase "orienta" it0: ponta (0.294, 2.722, 0.811) erro=0.0044 | degrau eixo 1.9° | rolagem 2.0° | IK pediu [-2.010e+01 -1.750e+01  1.000e-01  1.001e+02  7.440e+01] | faltou [0. 0. 0. 0. 0.] graus
[INFO] [1790789396.660318, 153.908000]: [mission] âncora solta — 2 correções de deriva
[INFO] [1790789396.662280, 153.910000]: [mission] fase "orienta" alcançada em 1 iteração(ões) (0.0044 m) — âncora corrigiu 2 vez(es)
[INFO] [1790789397.179500, 154.417000]: [mission] fase "aproxima_lateral": modo IK iterativa (YAML)
[INFO] [1790789397.184359, 154.422000]: [mission] âncora engatada (fase "aproxima_lateral")
[INFO] [1790789400.545475, 157.726000]: [mission] fase "aproxima_lateral" it0: ponta (0.290, 2.878, 0.807) erro=0.0113 | degrau eixo 7.3° | rolagem 7.4° | IK pediu [-16.8 -12.4  -0.   66.9  79.4] | faltou [ 0.  -0.5  0.1  0.6 -0. ] graus
[INFO] [1790789400.548144, 157.729000]: [mission] fase "aproxima_lateral" it0: no frame da parede eixo=-2.2 prof=+8.3 alt=+7.3 mm (tolerância 40/8/5)
[INFO] [1790789402.073434, 159.237000]: [mission] fase "aproxima_lateral" it1: ponta (0.294, 2.865, 0.815) erro=0.0051 | degrau eixo 7.0° | rolagem 7.5° | IK pediu [-17.3 -12.2   0.   69.   78.9] | faltou [-0.1 -0.2 -0.4 -0.6  0. ] graus
[INFO] [1790789402.074958, 159.238000]: [mission] fase "aproxima_lateral" it1: no frame da parede eixo=+2.6 prof=-4.3 alt=-0.6 mm (tolerância 40/8/5)
[INFO] [1790789402.075757, 159.239000]: [mission] âncora solta — 2 correções de deriva
[INFO] [1790789402.076465, 159.240000]: [mission] fase "aproxima_lateral" alcançada em 2 iteração(ões) (0.0051 m) — âncora corrigiu 2 vez(es)
[INFO] [1790789402.600905, 159.743000]: [mission] fase "atravessa": modo IK iterativa (YAML)
[INFO] [1790789402.605434, 159.747000]: [mission] âncora engatada (fase "atravessa")
[INFO] [1790789404.333182, 161.453000]: [mission] fase "atravessa" it0: ponta (0.222, 2.872, 0.809) erro=0.0133 | degrau eixo 3.3° | rolagem 3.5° | IK pediu [-10.5 -13.4   0.   71.1  84.7] | faltou [-1.1 -0.4 -0.3 -0.2 -0.1] graus
[INFO] [1790789404.335828, 161.456000]: [mission] fase "atravessa" it0: no frame da parede eixo=+11.9 prof=+2.1 alt=+5.6 mm (tolerância 8/6/5)
[WARN] [1790789411.303548, 168.333000]: [mission] fase "destrava": descida estagnou em 14.5 mm (mín 10 para aceitar; alvo 18) — fim de curso do mecanismo, fechando a fase
[WARN] [1790789427.411597, 184.121000]: [mission] RETRACT: ponta a 0.142 m do olhal — saindo em degraus: sobe 30 mm, 120 mm pelo eixo do furo, 100 mm para fora, antes de recolher
[INFO] [1790789405.703957, 162.800000]: [mission] fase "atravessa" it1: ponta (0.212, 2.872, 0.811) erro=0.0036 | degrau eixo 2.8° | rolagem 3.1° | IK pediu [ -9.9 -13.1   0.   71.8  85.3] | faltou [-1.1 -0.5 -0.4 -0.3 -0.1] graus
[INFO] [1790789405.706330, 162.802000]: [mission] fase "atravessa" it1: no frame da parede eixo=+1.7 prof=+1.6 alt=+2.8 mm (tolerância 8/6/5)
[INFO] [1790789405.707958, 162.804000]: [mission] fase "atravessa" alcançada em 2 iteração(ões) (0.0036 m)
[INFO] [1790789406.233710, 163.310000]: [mission] fase "captura": modo IK iterativa (YAML)
[INFO] [1790789406.236175, 163.312000]: [mission] âncora engatada (fase "captura")
[INFO] [1790789407.757132, 164.815000]: [mission] fase "captura" it0: ponta (0.209, 2.873, 0.790) erro=0.0088 | degrau eixo 3.0° | rolagem 3.2° | IK pediu [-10.1 -15.9  -0.   73.2  85.3] | faltou [-0.6 -0.2 -0.3 -0.4 -0.1] graus
[INFO] [1790789407.759264, 164.817000]: [mission] fase "captura" it0: no frame da parede eixo=+7.2 prof=+2.8 alt=+4.2 mm (tolerância 40/6/10)
[INFO] [1790789407.760850, 164.819000]: [mission] fase "captura" alcançada em 1 iteração(ões) (0.0088 m)
[INFO] [1790789407.767774, 164.825000]: [mission] captura: ponta registrada em eixo=-7.2 prof=-2.8 alt=-14.2 mm (zero da descida do destrava e da deriva de eixo)
[INFO] [1790789408.274921, 165.327000]: [mission] fase "destrava": alvo em altura relativo à captura: -34.2 mm (captura -14.2 − curso 18 − margem 2)
[INFO] [1790789408.276023, 165.328000]: [mission] fase "destrava": modo whole-body/Fuzzy (YAML)
[INFO] [1790789408.479672, 165.529000]: [mission] plano de exclusão publicado: parede em [ 3.000e-03  3.002e+00 -1.000e-03], normal segura [-0.008 -1.     0.   ]
[INFO] [1790789408.784086, 165.833000]: [mission] fase "destrava": whole-body assumiu (base livre, restrita pelo plano de exclusão)
[INFO] [1790789408.785332, 165.834000]: [mission] fase "destrava": whole-body a 0.0186 m do alvo — eixo=+7.2 prof=+2.8 alt=-16.9 mm
[INFO] [1790789410.897356, 167.933000]: [mission] fase "destrava": whole-body a 0.0098 m do alvo — eixo=+7.0 prof=-2.3 alt=-6.5 mm
[INFO] [1790789411.522857, 168.543000]: [mission] destrava: ponta desceu 15.1 mm desde a captura (critério observável) | lingueta 13.1 mm (só na simulação)
[INFO] [1790789411.524057, 168.544000]: [mission] destrava: lingueta em 13.1 mm — gatilho solto
[INFO] [1790789412.034739, 169.045000]: [mission] fase "libera": modo whole-body/Fuzzy (YAML)
[INFO] [1790789412.236987, 169.246000]: [mission] plano de exclusão publicado: parede em [ 3.000e-03  3.002e+00 -1.000e-03], normal segura [-0.008 -1.     0.   ]
[INFO] [1790789412.540109, 169.547000]: [mission] fase "libera": whole-body assumiu (base livre, restrita pelo plano de exclusão)
[INFO] [1790789412.946288, 169.948000]: [mission] fase "libera": whole-body a 0.0246 m do alvo — eixo=+7.0 prof=+22.6 alt=+6.7 mm
[INFO] [1790789415.092310, 172.048000]: [mission] fase "libera": whole-body a 0.0121 m do alvo — eixo=+6.9 prof=+4.8 alt=+8.7 mm
[INFO] [1790789417.212084, 174.148000]: [mission] fase "libera": whole-body a 0.0154 m do alvo — eixo=+7.1 prof=-12.0 alt=-6.5 mm
[INFO] [1790789418.940434, 175.848000]: [mission] fase "libera" alcançada por whole-body em 6.3s (0.0075 m) — no frame da parede eixo=+7.0 prof=-1.4 alt=-2.2 mm (tolerância 40/8/6)
[INFO] [1790789419.656219, 176.555000]: [mission] fase "arco1"/puxa: RECUANDO 0.022 m só com as rodas
[INFO] [1790789420.118280, 177.006000]: [mission] fase "arco1"/puxa: concluído (0.024 m)
[INFO] [1790789420.119252, 177.007000]: [mission] fase "arco1": modo whole-body/Fuzzy (YAML)
[INFO] [1790789420.327391, 177.208000]: [mission] plano de exclusão publicado: parede em [ 3.000e-03  3.002e+00 -1.000e-03], normal segura [-0.008 -1.     0.   ]
[INFO] [1790789420.637804, 177.514000]: [mission] fase "arco1": whole-body assumiu (base livre, restrita pelo plano de exclusão)
[INFO] [1790789420.639066, 177.515000]: [mission] fase "arco1": whole-body a 0.0090 m do alvo — eixo=+7.1 prof=+1.3 alt=-5.4 mm
[INFO] [1790789421.047411, 177.914000]: [mission] fase "arco1" alcançada por whole-body em 0.4s (0.0084 m) — no frame da parede eixo=+7.1 prof=-1.8 alt=-4.0 mm (tolerância 40/10/15)
[INFO] [1790789421.048565, 177.915000]: [mission] arco1: SOLTURA observável — recuo 56.4 mm desde a captura (mín 40) com deriva de eixo +0.1 mm → SOLTA
[INFO] [1790789421.262194, 178.120000]: [mission] waypoint de 15° — lâmina medida em 14.6° (abertura por CONTATO)
[INFO] [1790789421.776174, 178.621000]: [mission] fase "arco2"/puxa: RECUANDO 0.048 m só com as rodas
[INFO] [1790789422.703757, 179.523000]: [mission] fase "arco2"/puxa: concluído (0.049 m)
[INFO] [1790789422.704741, 179.524000]: [mission] fase "arco2": modo whole-body/Fuzzy (YAML)
[INFO] [1790789422.911701, 179.726000]: [mission] plano de exclusão publicado: parede em [ 3.000e-03  3.002e+00 -1.000e-03], normal segura [-0.008 -1.     0.   ]
[INFO] [1790789423.223816, 180.029000]: [mission] fase "arco2": whole-body assumiu (base livre, restrita pelo plano de exclusão)
[INFO] [1790789423.226837, 180.031000]: [mission] fase "arco2": whole-body a 0.0155 m do alvo — eixo=+7.4 prof=-0.2 alt=-13.6 mm
[INFO] [1790789423.632965, 180.430000]: [mission] fase "arco2" alcançada por whole-body em 0.4s (0.0164 m) — no frame da parede eixo=+7.4 prof=-4.1 alt=-14.0 mm (tolerância 40/10/15)
[INFO] [1790789423.855903, 180.643000]: [mission] waypoint de 30° — lâmina medida em 29.3° (abertura por CONTATO)
[INFO] [1790789424.372320, 181.144000]: [mission] fase "desengata": modo IK iterativa (YAML)
[INFO] [1790789424.377838, 181.149000]: [mission] âncora engatada (fase "desengata")
[INFO] [1790789426.469680, 183.195000]: [mission] fase "desengata" it0: ponta (0.293, 2.776, 0.746) erro=0.0100 | degrau eixo 7.5° | rolagem 8.0° | IK pediu [-16.3 -19.2  -0.   70.1  80.5] | faltou [-0.1 -0.3 -0.4 -0.6 -0. ] graus
[INFO] [1790789426.475826, 183.198000]: [mission] fase "desengata" alcançada em 1 iteração(ões) (0.0100 m)
[INFO] [1790789427.004662, 183.718000]: [mission] MANIPULATE concluída — chave ABERTA, lâmina medida em 29.8°
[INFO] [1790789427.006078, 183.719000]: State machine transitioning 'MANIPULATE':'done'-->'RETRACT'
[INFO] [1790789427.414219, 184.124000]: [mission] âncora engatada (fase "saida_sobe")
[INFO] [1790789428.944815, 185.626000]: [mission] fase "saida_sobe" it0: ponta (0.295, 2.784, 0.769) erro=0.0094 | degrau eixo 7.5° | rolagem 7.9° | IK pediu [-16.2 -16.3   0.   68.1  80.2] | faltou [ 0.  -0.7 -0.3 -0.   0. ] graus
[INFO] [1790789428.949413, 185.630000]: [mission] fase "saida_sobe" it0: no frame da parede eixo=+1.4 prof=+6.4 alt=+6.8 mm (tolerância 30/20/10)
[INFO] [1790789428.952215, 185.633000]: [mission] fase "saida_sobe" alcançada em 1 iteração(ões) (0.0094 m)
[INFO] [1790789428.958181, 185.639000]: [mission] âncora engatada (fase "saida_eixo")
[INFO] [1790789430.965127, 187.618000]: [mission] fase "saida_eixo" it0: ponta (0.415, 2.784, 0.767) erro=0.0110 | degrau eixo 14.8° | rolagem 16.0° | IK pediu [-25.1 -13.7   0.   58.8  74.2] | faltou [-0.  -0.3 -0.5 -0.6 -0. ] graus
[INFO] [1790789430.967446, 187.621000]: [mission] fase "saida_eixo" it0: no frame da parede eixo=+1.5 prof=+7.1 alt=+8.3 mm (tolerância 20/20/15)
[INFO] [1790789430.968335, 187.621000]: [mission] fase "saida_eixo" alcançada em 1 iteração(ões) (0.0110 m)
[INFO] [1790789430.971225, 187.624000]: [mission] âncora engatada (fase "saida_fora")
[INFO] [1790789433.831213, 190.452000]: [mission] fase "saida_fora" it0: ponta (0.414, 2.683, 0.772) erro=0.0072 | degrau eixo 10.3° | rolagem 11.6° | IK pediu [-28.1 -19.9   0.   84.2  67.5] | faltou [ 0.1  0.  -0.9 -1.7 -0. ] graus
[INFO] [1790789433.833971, 190.455000]: [mission] fase "saida_fora" it0: no frame da parede eixo=+0.7 prof=+5.9 alt=+4.1 mm (tolerância 30/20/20)
[INFO] [1790789433.834961, 190.456000]: [mission] âncora solta — 1 correções de deriva
[INFO] [1790789433.835777, 190.456000]: [mission] fase "saida_fora" alcançada em 1 iteração(ões) (0.0072 m) — âncora corrigiu 1 vez(es)
[INFO] [1790789433.836747, 190.457000]: [mission] RETRACT/afasta: RECUANDO 0.250 m só com as rodas
[INFO] [1790789438.370417, 194.909000]: [mission] RETRACT/afasta: concluído (0.252 m)
[INFO] [1790789438.371289, 194.910000]: [mission] postura "stow_home" comandada: [0.0, 1.13, -1.04, -1.8, 0.0]
[INFO] [1790789449.457463, 205.810000]: State machine transitioning 'RETRACT':'ok'-->'RETURN'
[INFO] [1790789449.458955, 205.811000]: [mission] RETURN — voltando a (0.00, 1.00, 0.00 rad)
[INFO] [1790789462.794939, 218.962000]: [mission] RETURN: alinhado, avançando (1.14 m)
[INFO] [1790789462.844101, 219.012000]: [mission] teto por postura ativo no drive: v<=0.23 w<=0.50 rampa 0.51/1.52
[INFO] [1790789471.468540, 227.562000]: [mission] RETURN: chegou, ajustando heading final
[INFO] [1790789471.518200, 227.612000]: [mission] teto por postura ativo no drive: v<=0.23 w<=0.50 rampa 0.51/1.52
[INFO] [1790789477.882096, 233.912000]: [mission] RETURN: concluído
[INFO] [1790789477.883854, 233.914000]: State machine terminating 'RETURN':'home':'MISSION_OK'
[INFO] [1790789477.885076, 233.915000]: [mission] resultado: MISSION_OK
... logging to /home/marco/.ros/log/2da08490-bcf4-11f1-8a8e-b025aa85b2a2/roslaunch-shiroi-2016448.log
Checking log directory for disk usage. This may take a while.
Press Ctrl-C to interrupt
]2;/home/marco/b166er/src/b166er_whole_body_control/launch/chave_mission.launch
[1mstarted roslaunch server http://shiroi:42483/[0m

SUMMARY
========

PARAMETERS
 * /chave_mission/estado_final: 
 * /chave_mission/estado_inicial: STOW_INIT
 * /chave_mission/pausa_por_fase: False
 * /chave_mission/search_omega: 0.35
 * /chave_mission/standoff_distance: 0.62
 * /chave_mission/use_wholebody: False
 * /chave_seccionadora_task/aproxima_lateral/modo: ik
 * /chave_seccionadora_task/aproxima_lateral/offset_xyz_m: [-0.09, 0.0, 0.01]
 * /chave_seccionadora_task/aproxima_lateral/tol_xyz_m: [0.04, 0.008, 0.005]
 * /chave_seccionadora_task/arco1/blade_angle_deg: 15
 * /chave_seccionadora_task/arco1/deriva_eixo_max_m: 0.015
 * /chave_seccionadora_task/arco1/modo: wb
 * /chave_seccionadora_task/arco1/offset_xyz_m: [0.0, 0.0518, -0....
 * /chave_seccionadora_task/arco1/soltura_recuo_min_m: 0.04
 * /chave_seccionadora_task/arco1/tol_xyz_m: [0.04, 0.01, 0.015]
 * /chave_seccionadora_task/arco2/blade_angle_deg: 30
 * /chave_seccionadora_task/arco2/deriva_eixo_max_m: 0.015
 * /chave_seccionadora_task/arco2/modo: wb
 * /chave_seccionadora_task/arco2/offset_xyz_m: [0.0, 0.1, -0.0518]
 * /chave_seccionadora_task/arco2/tol_xyz_m: [0.04, 0.01, 0.015]
 * /chave_seccionadora_task/atravessa/modo: ik
 * /chave_seccionadora_task/atravessa/offset_xyz_m: [-0.008, 0.0, 0.01]
 * /chave_seccionadora_task/atravessa/tol_xyz_m: [0.008, 0.006, 0....
 * /chave_seccionadora_task/captura/modo: ik
 * /chave_seccionadora_task/captura/offset_xyz_m: [0.0, 0.0, -0.01]
 * /chave_seccionadora_task/captura/tol_xyz_m: [0.04, 0.006, 0.01]
 * /chave_seccionadora_task/desengata/modo: ik
 * /chave_seccionadora_task/desengata/offset_xyz_m: [-0.09, 0.1, -0.0...
 * /chave_seccionadora_task/destrava/curso_estagna_m: 0.01
 * /chave_seccionadora_task/destrava/curso_margem_m: 0.002
 * /chave_seccionadora_task/destrava/curso_min_m: 0.018
 * /chave_seccionadora_task/destrava/modo: wb
 * /chave_seccionadora_task/destrava/offset_xyz_m: [0.0, 0.0, -0.025]
 * /chave_seccionadora_task/destrava/tol_xyz_m: [0.04, 0.006, 0.004]
 * /chave_seccionadora_task/libera/deriva_eixo_max_m: 0.015
 * /chave_seccionadora_task/libera/modo: wb
 * /chave_seccionadora_task/libera/offset_xyz_m: [0.0, 0.03, -0.025]
 * /chave_seccionadora_task/libera/tol_xyz_m: [0.04, 0.008, 0.006]
 * /chave_seccionadora_task/orienta/modo: ik
 * /chave_seccionadora_task/orienta/offset_xyz_m: [-0.09, 0.15, 0.0...
 * /chave_seccionadora_task/reassenta_sobe/tol_xyz_m: [0.03, 0.02, 0.005]
 * /chave_seccionadora_task/saida_eixo/tol_xyz_m: [0.02, 0.02, 0.015]
 * /chave_seccionadora_task/saida_fora/tol_xyz_m: [0.03, 0.02, 0.02]
 * /chave_seccionadora_task/saida_sobe/tol_xyz_m: [0.03, 0.02, 0.01]
 * /chave_seccionadora_task/target_frame: chave_olhal_link
 * /fuzzy_wb_controller/fixed_gains: []
 * /rosdistro: noetic
 * /rosversion: 1.17.4

NODES
  /
    chave_mission (b166er_whole_body_control/chave_mission.py)

[1mROS_MASTER_URI=http://localhost:11311[0m
]2;/home/marco/b166er/src/b166er_whole_body_control/launch/chave_mission.launch http://localhost:11311
[1mprocess[chave_mission-1]: started with pid [2016496][0m
[1m[chave_mission-1] process has finished cleanly
log file: /home/marco/.ros/log/2da08490-bcf4-11f1-8a8e-b025aa85b2a2/chave_mission-1*.log[0m
all processes on machine have died, roslaunch will exit
shutting down processing monitor...
... shutting down processing monitor complete
[1mdone[0m
