[31mWARNING: disk usage in log directory [/home/marco/.ros/log] is over 1GB.
It's recommended that you use the 'rosclean' command.[0m
the rosdep view is empty: call 'sudo rosdep init' and 'rosdep update'
[WARN] [1791390815.022261, 557.627000]: [mission] SEARCH: 1 de 25 amostras descartadas como outlier (>0.15 m ou >0.20 rad da mediana)
[WARN] [1791390815.075550, 557.681000]: [mission] SEARCH: laser com só 17 pontos de parede (mín 30) — parede fica pela tag
[INFO] [1791390789.879770, 0.000000]: garra_dx = 0.000 m (fechada)
[INFO] [1791390789.965253, 533.049000]: State machine starting in initial state 'STOW_INIT' with userdata: 
	[]
[INFO] [1791390790.272859, 533.350000]: [mission] pose de partida registrada: (0.01, 1.00, 0.02 rad)
[INFO] [1791390790.275115, 533.352000]: [mission] postura "stow_home" comandada: [0.0, 1.13, -1.04, -1.8, 0.0]
[INFO] [1791390790.886154, 533.954000]: State machine transitioning 'STOW_INIT':'ok'-->'SEARCH'
[INFO] [1791390790.889056, 533.957000]: [mission] postura "search" comandada: [0.0, 1.0, -1.0, 0.0, 0.0]
[INFO] [1791390799.487440, 542.358000]: [mission] SEARCH — girando à procura da tag...
[INFO] [1791390799.490196, 542.360000]: [mission] SEARCH: amostra quando a tag estiver a raio 0.35-0.50 do quadro (vista oblíqua; omega fina 0.15 rad/s)
[INFO] [1791390800.970037, 543.813000]: [mission] SEARCH: tag a raio 0.94 — girando até <= 0.50
[INFO] [1791390807.939090, 550.664000]: [mission] SEARCH: tag a raio 0.50 — parando
[INFO] [1791390807.940678, 550.665000]: [mission] tag avistada — parando para medir
[INFO] [1791390808.966451, 551.674000]: [mission] âncora engatada (coleta do SEARCH)
[INFO] [1791390808.968086, 551.675000]: [mission] SEARCH: coleta com dither ±0.05 rad/s (período 3.0 s)
[INFO] [1791390815.004146, 557.610000]: [mission] âncora solta — 8 correções de deriva
[INFO] [1791390815.006315, 557.612000]: [mission] SEARCH: âncora corrigiu a deriva 8 vez(es) durante a coleta
[INFO] [1791390815.024241, 557.629000]: [mission] SEARCH: 24 amostras — parede (0.017, 3.105, -0.005) yaw=2.959
[INFO] [1791390815.077896, 557.683000]: [mission] parede localizada em (0.017, 3.105, -0.005)
[INFO] [1791390815.086674, 557.691000]: State machine transitioning 'SEARCH':'found'-->'APPROACH'
[INFO] [1791390815.089114, 557.694000]: [mission] APPROACH etapa 1/2 — 1.30 m do olhal, alvo (-0.05, 1.66, 1.39 rad)
[INFO] [1791390818.606921, 561.145000]: [mission] APPROACH: alinhado, avançando (0.78 m)
[INFO] [1791390818.657969, 561.195000]: [mission] teto por postura ativo no drive: v<=0.18 w<=0.50 rampa 0.46/1.51
[INFO] [1791390825.021325, 567.395000]: [mission] APPROACH: chegou, ajustando heading final
[INFO] [1791390825.073198, 567.445000]: [mission] teto por postura ativo no drive: v<=0.18 w<=0.50 rampa 0.46/1.51
[INFO] [1791390828.198864, 570.495000]: [mission] APPROACH: concluído
[INFO] [1791390829.225764, 571.499000]: [mission] âncora engatada (coleta do APPROACH/remedida)
[INFO] [1791390829.227556, 571.501000]: [mission] APPROACH/remedida: coleta com dither ±0.05 rad/s (período 3.0 s)
[INFO] [1791390830.379419, 572.631000]: [mission] âncora solta — 2 correções de deriva
[INFO] [1791390830.381469, 572.633000]: [mission] APPROACH/remedida: âncora corrigiu a deriva 2 vez(es) durante a coleta
[INFO] [1791390830.383713, 572.635000]: [mission] APPROACH/remedida: 10 amostras — parede (0.002, 2.996, -0.001) yaw=-3.127
[INFO] [1791390830.436436, 572.688000]: [mission] APPROACH/remedida: parede pelo LASER — 83 pontos, resíduo 5.1 mm: profundidade -4.9 mm e yaw -0.80° em relação à tag → parede (0.002, 3.001, -0.001) yaw=-3.141
[INFO] [1791390830.438710, 572.690000]: [mission] APPROACH etapa 2/2 — 0.88 m do olhal, alvo (0.37, 1.99, 1.57 rad)
[INFO] [1791390834.420830, 576.592000]: [mission] APPROACH: alinhado, avançando (0.65 m)
[INFO] [1791390834.472647, 576.643000]: [mission] teto por postura ativo no drive: v<=0.18 w<=0.50 rampa 0.46/1.50
[INFO] [1791390839.719568, 581.792000]: [mission] APPROACH: chegou, ajustando heading final
[INFO] [1791390839.769914, 581.842000]: [mission] teto por postura ativo no drive: v<=0.18 w<=0.50 rampa 0.46/1.51
[INFO] [1791390844.418844, 586.392000]: [mission] APPROACH: concluído
[INFO] [1791390844.425364, 586.398000]: State machine transitioning 'APPROACH':'arrived'-->'REFINE'
[INFO] [1791390844.428097, 586.401000]: [mission] REFINE — remedindo a parede de perto (10 amostras)
[INFO] [1791390844.434315, 586.407000]: [mission] âncora engatada (coleta do REFINE)
[INFO] [1791390844.435998, 586.409000]: [mission] REFINE: coleta com dither ±0.05 rad/s (período 3.0 s)
[INFO] [1791390845.579687, 587.529000]: [mission] âncora solta — 1 correções de deriva
[INFO] [1791390845.581580, 587.531000]: [mission] REFINE: âncora corrigiu a deriva 1 vez(es) durante a coleta
[INFO] [1791390845.583159, 587.532000]: [mission] REFINE: 10 amostras — parede (0.002, 3.002, -0.001) yaw=3.133
[INFO] [1791390845.636523, 587.585000]: [mission] REFINE: parede pelo LASER — 86 pontos, resíduo 4.7 mm: profundidade +3.3 mm e yaw +0.47° em relação à tag → parede (0.002, 2.999, -0.001) yaw=3.141
[INFO] [1791390845.638004, 587.587000]: [mission] REFINE: deslocou 0.002 m da estimativa anterior
[INFO] [1791390845.639201, 587.588000]: [mission] olhal estimado em (0.202, 2.869, 0.804)
[INFO] [1791390845.645223, 587.594000]: State machine transitioning 'REFINE':'ok'-->'DEPLOY'
[INFO] [1791390845.647829, 587.596000]: [mission] DEPLOY: IK resolvida para a POSE DE MANIPULAÇÃO (0.20, 2.25, 1.57 rad), não para a atual
[INFO] [1791390850.610649, 589.975000]: [mission] DEPLOY: IK nivelada 0.0709 m, só eixo 0.0014 m — a MISSÃO INTEIRA usa "eixo"
[INFO] [1791390850.615081, 592.543000]: [mission] DEPLOY: IK da ponta resolvida (resíduo 0.0014 m, degrau 0.4°) — pré-posicionando em [-10.9 -46.5  60.   78.5 -10.9] graus
[INFO] [1791390859.828257, 601.546000]: [mission] plano de exclusão publicado: parede em [ 2.000e-03  2.999e+00 -1.000e-03], normal segura [-0.001 -1.     0.   ]
[INFO] [1791390860.042540, 601.755000]: [mission] teto por postura ativo no drive: v<=0.24 w<=0.50 rampa 0.53/1.61
[INFO] [1791390863.053783, 604.705000]: [mission] DEPLOY/aproxima: alinhado, avançando (0.45 m)
[INFO] [1791390867.681806, 609.255000]: [mission] DEPLOY/aproxima: chegou, ajustando heading final
[INFO] [1791390872.291169, 613.755000]: [mission] DEPLOY/aproxima: concluído
[INFO] [1791390872.292531, 613.756000]: State machine transitioning 'DEPLOY':'ok'-->'MANIPULATE'
[INFO] [1791390872.294139, 613.758000]: [mission] fase "orienta": modo IK iterativa (YAML)
[INFO] [1791390872.298886, 613.763000]: [mission] âncora engatada (fase "orienta")
[INFO] [1791390876.604275, 617.967000]: [mission] fase "orienta" it0: ponta (0.295, 2.731, 0.804) erro=0.0155 | degrau eixo 0.2° | rolagem 0.9° | IK pediu [-20.2 -22.6  11.8 100.2 -16. ] | faltou [ 0.1 -2.8  3.8 -3.7 -0.6] graus
[INFO] [1791390876.609120, 617.973000]: [mission] âncora solta — 2 correções de deriva
[INFO] [1791390876.611211, 617.975000]: [mission] fase "orienta" alcançada em 1 iteração(ões) (0.0155 m) — âncora corrigiu 2 vez(es)
[INFO] [1791390877.130327, 618.483000]: [mission] fase "aproxima_lateral": modo IK iterativa (YAML)
[INFO] [1791390877.134904, 618.487000]: [mission] âncora engatada (fase "aproxima_lateral")
[INFO] [1791390880.898982, 622.191000]: [mission] fase "aproxima_lateral" it0: ponta (0.293, 2.867, 0.812) erro=0.0070 | degrau eixo 5.6° | rolagem 5.6° | IK pediu [-16.7 -13.1   0.   77.4 -11.8] | faltou [0. 0. 0. 0. 0.] graus
[INFO] [1791390880.902582, 622.195000]: [mission] fase "aproxima_lateral" it0: no frame da parede eixo=+1.0 prof=+6.5 alt=+2.3 mm (tolerância 40/8/5)
[INFO] [1791390880.905135, 622.197000]: [mission] âncora solta — 2 correções de deriva
[INFO] [1791390880.908123, 622.200000]: [mission] fase "aproxima_lateral" alcançada em 1 iteração(ões) (0.0070 m) — âncora corrigiu 2 vez(es)
[INFO] [1791390881.422086, 622.707000]: [mission] fase "atravessa": modo IK iterativa (YAML)
[INFO] [1791390881.427237, 622.712000]: [mission] âncora engatada (fase "atravessa")
[INFO] [1791390885.763439, 626.948000]: [mission] fase "atravessa" it0: ponta (0.213, 2.864, 0.812) erro=0.0051 | degrau eixo 2.4° | rolagem 2.4° | IK pediu [ -9.7 -14.1   0.1  82.   -5.9] | faltou [0. 0. 0. 0. 0.] graus
[INFO] [1791390885.765716, 626.950000]: [mission] fase "atravessa" it0: no frame da parede eixo=+2.6 prof=+3.4 alt=+2.8 mm (tolerância 8/6/5)
[INFO] [1791390885.767612, 626.952000]: [mission] âncora solta — 2 correções de deriva
[INFO] [1791390885.769430, 626.954000]: [mission] fase "atravessa" alcançada em 1 iteração(ões) (0.0051 m) — âncora corrigiu 2 vez(es)
[WARN] [1791390892.834021, 633.886000]: [mission] fase "destrava": descida estagnou em 15.9 mm (mín 10 para aceitar; alvo 18) — fim de curso do mecanismo, fechando a fase
[ERROR] [1791390904.767162, 645.603000]: [mission] fase "libera": ferramenta PERDEU O OLHAL — ponta derivou -15.2 mm ao longo do eixo da chave desde a captura (máx 15); o anel não anda nesse eixo
[WARN] [1791390904.985814, 645.817000]: [mission] ABORT — parando base e recolhendo braço
[WARN] [1791390905.400406, 646.219000]: [mission] ABORT: ponta a 0.042 m do olhal — saindo em degraus: sobe 30 mm, 120 mm pelo eixo do furo, 100 mm para fora, antes de recolher
[WARN] [1791390938.628939, 678.706000]: [mission] fase "saida_sobe" it2: mira além ficou fora de alcance (0.084 m) — recuando para o alvo real
[WARN] [1791390960.697102, 700.205000]: [mission] fase "saida_sobe" it3: mira além ficou fora de alcance (0.072 m) — recuando para o alvo real
[WARN] [1791390982.769598, 721.757000]: [mission] fase "saida_sobe" it4: mira além ficou fora de alcance (0.081 m) — recuando para o alvo real
[ERROR] [1791391004.681581, 743.333000]: [mission] fase "saida_sobe": 5 iterações sem fechar (0.3450 m, tolerância 0.020)
[WARN] [1791391004.684048, 743.335000]: [mission] ABORT: degrau "saida_sobe" não fechou — seguindo para o próximo
[WARN] [1791391026.790948, 764.850000]: [mission] fase "saida_eixo" it1: mira além ficou fora de alcance (0.137 m) — recuando para o alvo real
[WARN] [1791391048.812765, 786.391000]: [mission] fase "saida_eixo" it2: mira além ficou fora de alcance (0.137 m) — recuando para o alvo real
[WARN] [1791391070.813902, 807.938000]: [mission] fase "saida_eixo" it3: mira além ficou fora de alcance (0.138 m) — recuando para o alvo real
[WARN] [1791391092.924490, 829.537000]: [mission] fase "saida_eixo" it4: mira além ficou fora de alcance (0.137 m) — recuando para o alvo real
[ERROR] [1791391114.839484, 851.070000]: [mission] fase "saida_eixo": 5 iterações sem fechar (0.3864 m, tolerância 0.020)
[WARN] [1791391114.841276, 851.072000]: [mission] ABORT: degrau "saida_eixo" não fechou — seguindo para o próximo
[INFO] [1791390886.284229, 627.460000]: [mission] fase "captura": modo IK iterativa (YAML)
[INFO] [1791390886.288407, 627.464000]: [mission] âncora engatada (fase "captura")
[INFO] [1791390889.550756, 630.667000]: [mission] fase "captura" it0: ponta (0.209, 2.873, 0.790) erro=0.0091 | degrau eixo 2.3° | rolagem 2.4° | IK pediu [ -8.9 -16.1  -0.4  83.   -5.2] | faltou [-0.4  0.  -1.1 -0.1  0. ] graus
[INFO] [1791390889.553089, 630.670000]: [mission] fase "captura" it0: no frame da parede eixo=+6.7 prof=+4.1 alt=+4.7 mm (tolerância 40/6/10)
[INFO] [1791390889.554232, 630.671000]: [mission] âncora solta — 1 correções de deriva
[INFO] [1791390889.555295, 630.672000]: [mission] fase "captura" alcançada em 1 iteração(ões) (0.0091 m) — âncora corrigiu 1 vez(es)
[INFO] [1791390889.562224, 630.679000]: [mission] captura: ponta registrada em eixo=-6.7 prof=-4.1 alt=-14.7 mm (zero da descida do destrava e da deriva de eixo)
[INFO] [1791390890.080932, 631.180000]: [mission] fase "destrava": alvo em altura relativo à captura: -34.7 mm (captura -14.7 − curso 18 − margem 2)
[INFO] [1791390890.082566, 631.181000]: [mission] fase "destrava": modo whole-body/Fuzzy (YAML)
[INFO] [1791390890.292799, 631.383000]: [mission] plano de exclusão publicado: parede em [ 2.000e-03  2.999e+00 -1.000e-03], normal segura [-0.001 -1.     0.   ]
[INFO] [1791390890.597218, 631.685000]: [mission] fase "destrava": whole-body assumiu (base livre, restrita pelo plano de exclusão)
[INFO] [1791390890.598992, 631.686000]: [mission] fase "destrava": whole-body a 0.0185 m do alvo — eixo=+6.7 prof=+2.7 alt=-17.1 mm
[INFO] [1791390892.731160, 633.786000]: [mission] fase "destrava": whole-body a 0.0085 m do alvo — eixo=+6.3 prof=-4.0 alt=-4.1 mm
[INFO] [1791390893.042419, 634.093000]: [mission] destrava: ponta desceu 15.9 mm desde a captura (critério observável) | lingueta 13.4 mm (só na simulação)
[INFO] [1791390893.043520, 634.094000]: [mission] destrava: lingueta em 13.4 mm — gatilho solto
[INFO] [1791390893.553768, 634.595000]: [mission] fase "libera": modo whole-body/Fuzzy (YAML)
[INFO] [1791390893.761956, 634.797000]: [mission] plano de exclusão publicado: parede em [ 2.000e-03  2.999e+00 -1.000e-03], normal segura [-0.001 -1.     0.   ]
[INFO] [1791390894.073681, 635.101000]: [mission] fase "libera": whole-body assumiu (base livre, restrita pelo plano de exclusão)
[INFO] [1791390894.809167, 635.804000]: [mission] fase "libera": whole-body a 0.0278 m do alvo — eixo=+6.3 prof=+26.6 alt=+4.9 mm
[INFO] [1791390896.942361, 637.903000]: [mission] fase "libera": whole-body a 0.0289 m do alvo — eixo=+6.4 prof=+27.8 alt=+4.8 mm
[INFO] [1791390899.078913, 640.005000]: [mission] fase "libera": whole-body a 0.0308 m do alvo — eixo=+7.0 prof=+29.7 alt=+4.0 mm
[INFO] [1791390901.217437, 642.103000]: [mission] fase "libera": whole-body a 0.0378 m do alvo — eixo=+14.6 prof=+33.6 alt=+9.4 mm
[INFO] [1791390903.341716, 644.203000]: [mission] fase "libera": whole-body a 0.0399 m do alvo — eixo=+20.4 prof=+32.7 alt=+10.3 mm
[INFO] [1791390904.975162, 645.807000]: [mission] plano de exclusão publicado: parede em [ 2.000e-03  2.999e+00 -1.000e-03], normal segura [-0.001 -1.     0.   ]
[INFO] [1791390904.984239, 645.816000]: State machine transitioning 'MANIPULATE':'failed'-->'ABORT_SAFE'
[INFO] [1791390905.403912, 646.223000]: [mission] âncora engatada (fase "saida_sobe")
[INFO] [1791390916.571383, 657.125000]: [mission] fase "saida_sobe" it0: ponta (0.229, 2.867, 0.780) erro=0.0193 | degrau eixo 4.1° | rolagem 5.1° | IK pediu [ -9.6 -11.1   0.2  62.8  -5.3] | faltou [ -0.3 -16.6  35.2 -23.5  -0.3] graus
[INFO] [1791390916.573502, 657.127000]: [mission] fase "saida_sobe" it0: no frame da parede eixo=+4.0 prof=-2.2 alt=+18.8 mm (tolerância 30/20/10)
[INFO] [1791390938.448615, 678.574000]: [mission] fase "saida_sobe" it1: ponta (0.191, 2.624, 1.054) erro=0.3554 | degrau eixo 3.9° | rolagem 0.2° | IK pediu [-9.3 -9.8  0.4 62.7 -5.2] | faltou [  0.2  -0.3  59.5 -20.   -0.3] graus
[INFO] [1791390938.451507, 678.577000]: [mission] fase "saida_sobe" it1: no frame da parede eixo=-34.0 prof=-245.2 alt=-255.1 mm (tolerância 30/20/10)
[INFO] [1791390960.554384, 700.191000]: [mission] fase "saida_sobe" it2: ponta (0.198, 2.636, 1.041) erro=0.3373 | degrau eixo 4.1° | rolagem 0.1° | IK pediu [ -9.6 -11.5   0.4  63.6  -5.3] | faltou [ -0.2  -0.4  59.5 -20.9  -0.1] graus
[INFO] [1791390960.558954, 700.196000]: [mission] fase "saida_sobe" it2: no frame da parede eixo=-27.1 prof=-233.0 alt=-242.4 mm (tolerância 30/20/10)
[INFO] [1791390982.592760, 721.743000]: [mission] fase "saida_sobe" it3: ponta (0.198, 2.629, 1.045) erro=0.3446 | degrau eixo 4.1° | rolagem 0.1° | IK pediu [ -9.6 -11.5   0.4  63.6  -5.3] | faltou [ -0.1   0.1  59.6 -20.9  -0.1] graus
[INFO] [1791390982.596210, 721.747000]: [mission] fase "saida_sobe" it3: no frame da parede eixo=-27.0 prof=-239.8 alt=-245.9 mm (tolerância 30/20/10)
[INFO] [1791391004.670889, 743.323000]: [mission] fase "saida_sobe" it4: ponta (0.198, 2.629, 1.045) erro=0.3450 | degrau eixo 4.1° | rolagem 0.1° | IK pediu [ -9.6 -11.4   0.4  62.6  -5.2] | faltou [ -0.1  -0.5  59.2 -19.7  -0.2] graus
[INFO] [1791391004.675729, 743.326000]: [mission] fase "saida_sobe" it4: no frame da parede eixo=-27.0 prof=-240.3 alt=-246.1 mm (tolerância 30/20/10)
[INFO] [1791391004.678445, 743.330000]: [mission] âncora solta — 77 correções de deriva
[INFO] [1791391004.690995, 743.342000]: [mission] âncora engatada (fase "saida_eixo")
[INFO] [1791391026.574417, 764.749000]: [mission] fase "saida_eixo" it0: ponta (0.269, 2.598, 1.061) erro=0.3843 | degrau eixo 10.8° | rolagem 0.7° | IK pediu [-18.6  -8.9   0.   55.  -11.4] | faltou [ -0.2  -0.1  60.  -12.4  -0.1] graus
[INFO] [1791391026.575638, 764.750000]: [mission] fase "saida_eixo" it0: no frame da parede eixo=-75.1 prof=-270.8 alt=-262.2 mm (tolerância 20/20/15)
[INFO] [1791391048.673815, 786.387000]: [mission] fase "saida_eixo" it1: ponta (0.269, 2.598, 1.061) erro=0.3851 | degrau eixo 10.7° | rolagem 0.7° | IK pediu [-18.6  -9.   -0.   55.5 -11.5] | faltou [ -0.2   0.   60.  -12.8  -0.1] graus
[INFO] [1791391048.675683, 786.389000]: [mission] fase "saida_eixo" it1: no frame da parede eixo=-75.3 prof=-271.5 alt=-262.6 mm (tolerância 20/20/15)
[INFO] [1791391070.648666, 807.929000]: [mission] fase "saida_eixo" it2: ponta (0.269, 2.597, 1.062) erro=0.3858 | degrau eixo 10.8° | rolagem 0.7° | IK pediu [-18.6  -9.    0.   55.4 -11.5] | faltou [ -0.2  -0.   60.  -12.7  -0.1] graus
[INFO] [1791391070.651407, 807.931000]: [mission] fase "saida_eixo" it2: no frame da parede eixo=-75.4 prof=-272.0 alt=-263.1 mm (tolerância 20/20/15)
[INFO] [1791391092.758532, 829.496000]: [mission] fase "saida_eixo" it3: ponta (0.269, 2.597, 1.062) erro=0.3859 | degrau eixo 10.8° | rolagem 0.7° | IK pediu [-18.6  -9.    0.   55.4 -11.5] | faltou [ -0.2   0.   60.  -12.7  -0.1] graus
[INFO] [1791391092.761521, 829.499000]: [mission] fase "saida_eixo" it3: no frame da parede eixo=-75.3 prof=-271.6 alt=-263.6 mm (tolerância 20/20/15)
[INFO] [1791391114.833768, 851.064000]: [mission] fase "saida_eixo" it4: ponta (0.270, 2.597, 1.062) erro=0.3864 | degrau eixo 10.7° | rolagem 0.7° | IK pediu [-18.6  -9.1   0.   55.7 -11.5] | faltou [ -0.2   0.1  60.  -13.   -0. ] graus
[INFO] [1791391114.836357, 851.067000]: [mission] fase "saida_eixo" it4: no frame da parede eixo=-74.6 prof=-272.5 alt=-263.6 mm (tolerância 20/20/15)
[INFO] [1791391114.837660, 851.068000]: [mission] âncora solta — 20 correções de deriva
[INFO] [1791391114.846702, 851.077000]: [mission] âncora engatada (fase "saida_fora")
[INFO] [1791391136.717612, 872.483000]: [mission] fase "saida_fora" it0: ponta (0.305, 2.639, 1.012) erro=0.2533 | degrau eixo 7.0° | rolagem 1.1° | IK pediu [-21.  -16.2   0.   83.1 -16.7] | faltou [  0.   -0.1  60.  -40.5  -0.1] graus
[INFO] [1791391136.721590, 872.487000]: [mission] fase "saida_fora" it0: no frame da parede eixo=-39.2 prof=-130.3 alt=-213.6 mm (tolerância 30/20/20)
[INFO] [1791391158.667460, 893.995000]: [mission] fase "saida_fora" it1: ponta (0.314, 2.683, 0.950) erro=0.1768 | degrau eixo 15.1° | rolagem 2.0° | IK pediu [-20.4 -24.3  -0.   55.9  -9.5] | faltou [ -0.2  -0.6  60.  -13.2   0.2] graus
[WARN] [1791391180.694872, 915.412000]: [mission] fase "saida_fora" it3: mira além ficou fora de alcance (0.201 m) — recuando para o alvo real
[ERROR] [1791391224.622531, 958.430000]: [mission] fase "saida_fora": 5 iterações sem fechar (0.1829 m, tolerância 0.020)
[WARN] [1791391224.624250, 958.432000]: [mission] ABORT: degrau "saida_fora" não fechou — seguindo para o próximo
[WARN] [1791391249.641283, 982.986000]: [mission] ABORT — voltando à pose de partida (0.01, 1.00, 0.02 rad)
[INFO] [1791391158.670762, 893.998000]: [mission] fase "saida_fora" it1: no frame da parede eixo=-30.1 prof=-86.0 alt=-151.6 mm (tolerância 30/20/20)
[INFO] [1791391180.557209, 915.403000]: [mission] fase "saida_fora" it2: ponta (0.290, 2.608, 1.048) erro=0.3018 | degrau eixo 17.4° | rolagem 0.1° | IK pediu [-20.7 -11.2  -0.6  -2.4   4.1] | faltou [ 0.1 -0.2 60.6 45.1 -0.3] graus
[INFO] [1791391180.560913, 915.407000]: [mission] fase "saida_fora" it2: no frame da parede eixo=-54.2 prof=-161.3 alt=-249.2 mm (tolerância 30/20/20)
[INFO] [1791391202.684112, 936.966000]: [mission] fase "saida_fora" it3: ponta (0.301, 2.639, 1.012) erro=0.2537 | degrau eixo 6.9° | rolagem 1.1° | IK pediu [-20.8 -16.3   0.   83.4 -16.7] | faltou [  0.2  -0.3  60.  -40.8   0.2] graus
[INFO] [1791391202.687897, 936.969000]: [mission] fase "saida_fora" it3: no frame da parede eixo=-43.8 prof=-129.5 alt=-213.7 mm (tolerância 30/20/20)
[INFO] [1791391224.614837, 958.422000]: [mission] fase "saida_fora" it4: ponta (0.314, 2.680, 0.956) erro=0.1829 | degrau eixo 15.4° | rolagem 1.9° | IK pediu [-20.8 -24.2   0.   55.5  -9.6] | faltou [  0.2  -0.1  60.  -12.8   0.1] graus
[INFO] [1791391224.618377, 958.426000]: [mission] fase "saida_fora" it4: no frame da parede eixo=-30.3 prof=-89.0 alt=-156.9 mm (tolerância 30/20/20)
[INFO] [1791391224.620832, 958.429000]: [mission] âncora solta — 45 correções de deriva
[INFO] [1791391224.625813, 958.434000]: [mission] ABORT/afasta: RECUANDO 0.250 m só com as rodas
[INFO] [1791391229.143052, 962.885000]: [mission] ABORT/afasta: concluído (0.251 m)
[INFO] [1791391229.143840, 962.886000]: [mission] postura "stow_home" comandada: [0.0, 1.13, -1.04, -1.8, 0.0]
[INFO] [1791391263.517500, 996.587000]: [mission] ABORT/retorno: alinhado, avançando (1.19 m)
[INFO] [1791391263.567972, 996.637000]: [mission] teto por postura ativo no drive: v<=0.16 w<=0.50 rampa 0.44/1.55
[INFO] [1791391272.777107, 1005.687000]: [mission] ABORT/retorno: chegou, ajustando heading final
[INFO] [1791391272.827248, 1005.737000]: [mission] teto por postura ativo no drive: v<=0.16 w<=0.50 rampa 0.44/1.56
[INFO] [1791391280.029403, 1012.787000]: [mission] ABORT/retorno: concluído
[INFO] [1791391280.032385, 1012.790000]: State machine terminating 'ABORT_SAFE':'aborted':'MISSION_ABORTED'
[INFO] [1791391280.036440, 1012.794000]: [mission] resultado: MISSION_ABORTED
... logging to /home/marco/.ros/log/7fefeb10-c26b-11f1-831b-b025aa85b2a2/roslaunch-shiroi-3319926.log
Checking log directory for disk usage. This may take a while.
Press Ctrl-C to interrupt
]2;/home/marco/b166er/src/b166er_whole_body_control/launch/chave_mission.launch
[1mstarted roslaunch server http://shiroi:44829/[0m

SUMMARY
========

PARAMETERS
 * /chave_mission/estado_final: 
 * /chave_mission/estado_inicial: STOW_INIT
 * /chave_mission/pausa_por_fase: False
 * /chave_mission/search_omega: 0.35
 * /chave_mission/standoff_distance: 0.62
 * /chave_mission/use_wholebody: False
 * /chave_seccionadora_task/aproxima_lateral/modo: ik
 * /chave_seccionadora_task/aproxima_lateral/offset_xyz_m: [-0.09, 0.008, 0.01]
 * /chave_seccionadora_task/aproxima_lateral/tol_xyz_m: [0.04, 0.008, 0.005]
 * /chave_seccionadora_task/arco1/blade_angle_deg: 15
 * /chave_seccionadora_task/arco1/deriva_eixo_max_m: 0.015
 * /chave_seccionadora_task/arco1/modo: wb
 * /chave_seccionadora_task/arco1/offset_xyz_m: [0.0, 0.0518, -0....
 * /chave_seccionadora_task/arco1/soltura_recuo_min_m: 0.04
 * /chave_seccionadora_task/arco1/tol_xyz_m: [0.04, 0.01, 0.015]
 * /chave_seccionadora_task/arco2/blade_angle_deg: 30
 * /chave_seccionadora_task/arco2/deriva_eixo_max_m: 0.015
 * /chave_seccionadora_task/arco2/modo: wb
 * /chave_seccionadora_task/arco2/offset_xyz_m: [0.0, 0.1, -0.0518]
 * /chave_seccionadora_task/arco2/tol_xyz_m: [0.04, 0.01, 0.015]
 * /chave_seccionadora_task/atravessa/modo: ik
 * /chave_seccionadora_task/atravessa/offset_xyz_m: [-0.008, 0.008, 0...
 * /chave_seccionadora_task/atravessa/tol_xyz_m: [0.008, 0.006, 0....
 * /chave_seccionadora_task/captura/modo: ik
 * /chave_seccionadora_task/captura/offset_xyz_m: [0.0, 0.0, -0.01]
 * /chave_seccionadora_task/captura/tol_xyz_m: [0.04, 0.006, 0.01]
 * /chave_seccionadora_task/desengata/modo: ik
 * /chave_seccionadora_task/desengata/offset_xyz_m: [-0.09, 0.1, -0.0...
 * /chave_seccionadora_task/destrava/curso_estagna_m: 0.01
 * /chave_seccionadora_task/destrava/curso_margem_m: 0.002
 * /chave_seccionadora_task/destrava/curso_min_m: 0.018
 * /chave_seccionadora_task/destrava/curso_teto_m: 0.022
 * /chave_seccionadora_task/destrava/modo: wb
 * /chave_seccionadora_task/destrava/offset_xyz_m: [0.0, 0.0, -0.025]
 * /chave_seccionadora_task/destrava/tol_xyz_m: [0.04, 0.006, 0.004]
 * /chave_seccionadora_task/libera/deriva_eixo_max_m: 0.015
 * /chave_seccionadora_task/libera/modo: wb
 * /chave_seccionadora_task/libera/offset_xyz_m: [0.0, 0.03, -0.025]
 * /chave_seccionadora_task/libera/tol_xyz_m: [0.04, 0.008, 0.006]
 * /chave_seccionadora_task/orienta/modo: ik
 * /chave_seccionadora_task/orienta/offset_xyz_m: [-0.09, 0.15, 0.0...
 * /chave_seccionadora_task/reassenta_sobe/tol_xyz_m: [0.03, 0.02, 0.005]
 * /chave_seccionadora_task/saida_eixo/tol_xyz_m: [0.02, 0.02, 0.015]
 * /chave_seccionadora_task/saida_fora/tol_xyz_m: [0.03, 0.02, 0.02]
 * /chave_seccionadora_task/saida_sobe/tol_xyz_m: [0.03, 0.02, 0.01]
 * /chave_seccionadora_task/target_frame: chave_olhal_link
 * /fuzzy_wb_controller/fixed_gains: []
 * /rosdistro: noetic
 * /rosversion: 1.17.4

NODES
  /
    chave_mission (b166er_whole_body_control/chave_mission.py)

[1mROS_MASTER_URI=http://localhost:11311[0m
]2;/home/marco/b166er/src/b166er_whole_body_control/launch/chave_mission.launch http://localhost:11311
[1mprocess[chave_mission-1]: started with pid [3319970][0m
[1m[chave_mission-1] process has finished cleanly
log file: /home/marco/.ros/log/7fefeb10-c26b-11f1-831b-b025aa85b2a2/chave_mission-1*.log[0m
all processes on machine have died, roslaunch will exit
shutting down processing monitor...
... shutting down processing monitor complete
[1mdone[0m
