[31mWARNING: disk usage in log directory [/home/marco/.ros/log] is over 1GB.
It's recommended that you use the 'rosclean' command.[0m
the rosdep view is empty: call 'sudo rosdep init' and 'rosdep update'
[WARN] [1790792246.268496, 311.219000]: [mission] SEARCH: 9 de 25 amostras descartadas como outlier (>0.15 m ou >0.20 rad da mediana)
[INFO] [1790792225.143700, 290.419000]: garra_dx = 0.000 m (fechada)
[INFO] [1790792225.182209, 290.458000]: State machine starting in initial state 'STOW_INIT' with userdata: 
	[]
[INFO] [1790792225.483308, 290.759000]: [mission] pose de partida registrada: (0.00, 1.00, 0.00 rad)
[INFO] [1790792225.485552, 290.761000]: [mission] postura "stow_home" comandada: [0.0, 1.13, -1.04, -1.8, 0.0]
[INFO] [1790792225.589540, 290.863000]: State machine transitioning 'STOW_INIT':'ok'-->'SEARCH'
[INFO] [1790792225.591697, 290.865000]: [mission] postura "search" comandada: [0.0, 1.0, -1.0, 0.0, 0.0]
[INFO] [1790792231.693233, 296.867000]: [mission] SEARCH — girando à procura da tag...
[INFO] [1790792231.695935, 296.870000]: [mission] SEARCH: amostra quando a tag estiver a raio 0.35-0.50 do quadro (vista oblíqua; omega fina 0.15 rad/s)
[INFO] [1790792233.117826, 298.271000]: [mission] SEARCH: tag a raio 0.93 — girando até <= 0.50
[INFO] [1790792240.319483, 305.372000]: [mission] SEARCH: tag a raio 0.50 — parando
[INFO] [1790792240.321690, 305.374000]: [mission] tag avistada — parando para medir
[INFO] [1790792241.348178, 306.383000]: [mission] âncora engatada (coleta do SEARCH)
[INFO] [1790792241.350770, 306.385000]: [mission] SEARCH: coleta com dither ±0.05 rad/s (período 3.0 s)
[INFO] [1790792246.254309, 311.206000]: [mission] âncora solta — 8 correções de deriva
[INFO] [1790792246.255958, 311.208000]: [mission] SEARCH: âncora corrigiu a deriva 8 vez(es) durante a coleta
[INFO] [1790792246.270393, 311.222000]: [mission] SEARCH: 16 amostras — parede (0.034, 3.087, 0.001) yaw=2.825
[INFO] [1790792246.271412, 311.223000]: [mission] parede localizada em (0.034, 3.087, 0.001)
[INFO] [1790792246.276076, 311.228000]: State machine transitioning 'SEARCH':'found'-->'APPROACH'
[INFO] [1790792246.278124, 311.229000]: [mission] APPROACH etapa 1/2 — 1.30 m do olhal, alvo (-0.22, 1.67, 1.25 rad)
[INFO] [1790792246.281408, 311.233000]: [mission] teto por postura ativo no drive: v<=0.17 w<=0.50 rampa 0.45/1.52
[INFO] [1790792251.013906, 315.882000]: [mission] APPROACH: alinhado, avançando (0.89 m)
[INFO] [1790792258.183247, 322.932000]: [mission] APPROACH: chegou, ajustando heading final
[INFO] [1790792258.234213, 322.982000]: [mission] teto por postura ativo no drive: v<=0.17 w<=0.50 rampa 0.45/1.52
[INFO] [1790792261.962481, 326.632000]: [mission] APPROACH: concluído
[INFO] [1790792262.985611, 327.634000]: [mission] âncora engatada (coleta do APPROACH/remedida)
[INFO] [1790792262.986487, 327.635000]: [mission] APPROACH/remedida: coleta com dither ±0.05 rad/s (período 3.0 s)
[INFO] [1790792264.130167, 328.755000]: [mission] âncora solta — 1 correções de deriva
[INFO] [1790792264.131902, 328.757000]: [mission] APPROACH/remedida: âncora corrigiu a deriva 1 vez(es) durante a coleta
[INFO] [1790792264.134200, 328.759000]: [mission] APPROACH/remedida: 10 amostras — parede (0.003, 2.994, -0.004) yaw=-3.113
[INFO] [1790792264.136371, 328.761000]: [mission] APPROACH etapa 2/2 — 0.88 m do olhal, alvo (0.40, 1.99, 1.60 rad)
[INFO] [1790792264.140105, 328.765000]: [mission] teto por postura ativo no drive: v<=0.17 w<=0.50 rampa 0.45/1.52
[INFO] [1790792267.751097, 332.314000]: [mission] APPROACH: alinhado, avançando (0.83 m)
[INFO] [1790792274.572454, 339.014000]: [mission] APPROACH: chegou, ajustando heading final
[INFO] [1790792274.622314, 339.064000]: [mission] teto por postura ativo no drive: v<=0.17 w<=0.50 rampa 0.45/1.52
[INFO] [1790792280.427222, 344.764000]: [mission] APPROACH: concluído
[INFO] [1790792280.435007, 344.772000]: State machine transitioning 'APPROACH':'arrived'-->'REFINE'
[INFO] [1790792280.437819, 344.774000]: [mission] REFINE — remedindo a parede de perto (10 amostras)
[INFO] [1790792280.445364, 344.781000]: [mission] âncora engatada (coleta do REFINE)
[INFO] [1790792280.448003, 344.783000]: [mission] REFINE: coleta com dither ±0.05 rad/s (período 3.0 s)
[INFO] [1790792281.710921, 346.017000]: [mission] âncora solta — 2 correções de deriva
[INFO] [1790792281.712162, 346.018000]: [mission] REFINE: âncora corrigiu a deriva 2 vez(es) durante a coleta
[INFO] [1790792281.713508, 346.019000]: [mission] REFINE: 10 amostras — parede (0.002, 3.009, -0.001) yaw=3.118
[INFO] [1790792281.714643, 346.020000]: [mission] REFINE: deslocou 0.016 m da estimativa anterior
[INFO] [1790792281.716602, 346.022000]: [mission] olhal estimado em (0.198, 2.874, 0.804)
[INFO] [1790792281.723319, 346.029000]: State machine transitioning 'REFINE':'ok'-->'DEPLOY'
[INFO] [1790792281.726024, 346.031000]: [mission] DEPLOY: IK resolvida para a POSE DE MANIPULAÇÃO (0.18, 2.25, 1.55 rad), não para a atual
[INFO] [1790792286.421213, 346.304000]: [mission] DEPLOY: IK nivelada 0.0709 m, só eixo 0.0014 m — a MISSÃO INTEIRA usa "eixo"
[INFO] [1790792286.424790, 350.727000]: [mission] DEPLOY: IK da ponta resolvida (resíduo 0.0014 m, degrau 0.4°) — pré-posicionando em [-10.9 -46.5  60.   78.5  79.1] graus
[INFO] [1790792293.452588, 357.628000]: [mission] plano de exclusão publicado: parede em [ 2.000e-03  3.009e+00 -1.000e-03], normal segura [-0.024 -1.     0.   ]
[INFO] [1790792293.680741, 357.839000]: [mission] teto por postura ativo no drive: v<=0.23 w<=0.50 rampa 0.52/1.64
[INFO] [1790792296.974470, 361.088000]: [mission] DEPLOY/aproxima: alinhado, avançando (0.51 m)
[INFO] [1790792302.174720, 366.188000]: [mission] DEPLOY/aproxima: chegou, ajustando heading final
[INFO] [1790792308.836754, 372.738000]: [mission] DEPLOY/aproxima: concluído
[INFO] [1790792308.838748, 372.740000]: State machine transitioning 'DEPLOY':'ok'-->'MANIPULATE'
[INFO] [1790792308.840569, 372.742000]: [mission] fase "orienta": modo IK iterativa (YAML)
[INFO] [1790792308.846616, 372.748000]: [mission] âncora engatada (fase "orienta")
[INFO] [1790792312.417099, 376.251000]: [mission] fase "orienta" it0: ponta (0.279, 2.730, 0.810) erro=0.0104 | degrau eixo 0.1° | rolagem 0.2° | IK pediu [-20.3 -27.6  22.5  94.6  74. ] | faltou [0. 0. 0. 0. 0.] graus
[INFO] [1790792312.422112, 376.257000]: [mission] fase "orienta" alcançada em 1 iteração(ões) (0.0104 m)
[INFO] [1790792312.942457, 376.766000]: [mission] fase "aproxima_lateral": modo IK iterativa (YAML)
[INFO] [1790792312.945875, 376.769000]: [mission] âncora engatada (fase "aproxima_lateral")
[INFO] [1790792315.692248, 379.472000]: [mission] fase "aproxima_lateral" it0: ponta (0.282, 2.879, 0.809) erro=0.0110 | degrau eixo 5.5° | rolagem 5.6° | IK pediu [-17.8 -12.9   0.   76.6  78.8] | faltou [ 0.  -0.3 -0.1  0.1  0. ] graus
[INFO] [1790792315.696374, 379.477000]: [mission] fase "aproxima_lateral" it0: no frame da parede eixo=-6.6 prof=+7.1 alt=+5.2 mm (tolerância 40/8/5)
[INFO] [1790792317.221283, 380.985000]: [mission] fase "aproxima_lateral" it1: ponta (0.297, 2.868, 0.814) erro=0.0091 | degrau eixo 5.4° | rolagem 5.6° | IK pediu [-19.  -12.8   0.   78.   78.2] | faltou [-0.  -0.2 -0.4 -0.5  0. ] graus
[INFO] [1790792317.226183, 380.990000]: [mission] fase "aproxima_lateral" it1: no frame da parede eixo=+8.2 prof=-3.7 alt=+0.7 mm (tolerância 40/8/5)
[INFO] [1790792317.229220, 380.993000]: [mission] âncora solta — 1 correções de deriva
[INFO] [1790792317.231365, 380.994000]: [mission] fase "aproxima_lateral" alcançada em 2 iteração(ões) (0.0091 m) — âncora corrigiu 1 vez(es)
[INFO] [1790792317.755625, 381.502000]: [mission] fase "atravessa": modo IK iterativa (YAML)
[INFO] [1790792317.761560, 381.508000]: [mission] âncora engatada (fase "atravessa")
[INFO] [1790792319.602923, 383.314000]: [mission] fase "atravessa" it0: ponta (0.228, 2.876, 0.810) erro=0.0222 | degrau eixo 2.2° | rolagem 2.6° | IK pediu [-11.4 -13.8   0.1  80.3  84.9] | faltou [-2.  -0.2 -0.4 -0.5 -0.7] graus
[INFO] [1790792319.605556, 383.317000]: [mission] fase "atravessa" it0: no frame da parede eixo=+21.5 prof=+2.3 alt=+4.9 mm (tolerância 8/6/5)
[INFO] [1790792321.136147, 384.822000]: [mission] fase "atravessa" it1: ponta (0.228, 2.873, 0.813) erro=0.0215 | degrau eixo 1.5° | rolagem 1.9° | IK pediu [-10.3 -13.6   0.2  81.2  86.3] | faltou [-3.4 -0.4 -0.6 -0.8 -0.5] graus
[INFO] [1790792321.139651, 384.826000]: [mission] fase "atravessa" it1: no frame da parede eixo=+21.4 prof=-0.3 alt=+1.9 mm (tolerância 8/6/5)
[WARN] [1790792328.226290, 391.781000]: [mission] fase "destrava": descida estagnou em 10.2 mm (mín 10 para aceitar; alvo 18) — fim de curso do mecanismo, fechando a fase
[WARN] [1790792328.440947, 391.992000]: [mission] destrava: lingueta em 4.7 mm (esperado ≥ 12) — o gatilho pode não ter soltado
[WARN] [1790792343.859588, 407.086000]: [mission] RETRACT: ponta a 0.139 m do olhal — saindo em degraus: sobe 30 mm, 120 mm pelo eixo do furo, 100 mm para fora, antes de recolher
[INFO] [1790792322.675900, 386.336000]: [mission] fase "atravessa" it2: ponta (0.210, 2.871, 0.813) erro=0.0050 | degrau eixo 0.9° | rolagem 1.0° | IK pediu [ -9.  -13.5   0.2  81.5  87.7] | faltou [-3.  -0.5 -0.3 -0.3 -0.1] graus
[INFO] [1790792322.678650, 386.339000]: [mission] fase "atravessa" it2: no frame da parede eixo=+3.6 prof=-3.2 alt=+1.5 mm (tolerância 8/6/5)
[INFO] [1790792322.680001, 386.340000]: [mission] âncora solta — 1 correções de deriva
[INFO] [1790792322.681013, 386.341000]: [mission] fase "atravessa" alcançada em 3 iteração(ões) (0.0050 m) — âncora corrigiu 1 vez(es)
[INFO] [1790792323.204310, 386.847000]: [mission] fase "captura": modo IK iterativa (YAML)
[INFO] [1790792323.207755, 386.850000]: [mission] âncora engatada (fase "captura")
[INFO] [1790792324.739943, 388.354000]: [mission] fase "captura" it0: ponta (0.209, 2.874, 0.793) erro=0.0108 | degrau eixo 1.9° | rolagem 1.7° | IK pediu [-11.  -16.2  -0.1  82.2  85.6] | faltou [-1.2 -0.2 -0.1  0.   0.5] graus
[INFO] [1790792324.743610, 388.359000]: [mission] fase "captura" it0: no frame da parede eixo=+10.8 prof=+0.2 alt=+1.2 mm (tolerância 40/6/10)
[INFO] [1790792324.745467, 388.360000]: [mission] fase "captura" alcançada em 1 iteração(ões) (0.0108 m)
[INFO] [1790792324.756830, 388.370000]: [mission] captura: ponta registrada em eixo=-10.8 prof=-0.2 alt=-11.2 mm (zero da descida do destrava e da deriva de eixo)
[INFO] [1790792325.274254, 388.872000]: [mission] fase "destrava": alvo em altura relativo à captura: -31.2 mm (captura -11.2 − curso 18 − margem 2)
[INFO] [1790792325.276451, 388.874000]: [mission] fase "destrava": modo whole-body/Fuzzy (YAML)
[INFO] [1790792325.488226, 389.077000]: [mission] plano de exclusão publicado: parede em [ 2.000e-03  3.009e+00 -1.000e-03], normal segura [-0.024 -1.     0.   ]
[INFO] [1790792325.795869, 389.380000]: [mission] fase "destrava": whole-body assumiu (base livre, restrita pelo plano de exclusão)
[INFO] [1790792325.797171, 389.381000]: [mission] fase "destrava": whole-body a 0.0218 m do alvo — eixo=+10.8 prof=-0.1 alt=-19.0 mm
[INFO] [1790792327.922822, 391.481000]: [mission] fase "destrava": whole-body a 0.0155 m do alvo — eixo=+10.5 prof=-4.0 alt=-10.7 mm
[INFO] [1790792328.439772, 391.991000]: [mission] destrava: ponta desceu 10.5 mm desde a captura (critério observável) | lingueta 4.7 mm (só na simulação)
[INFO] [1790792328.949302, 392.494000]: [mission] fase "libera": modo whole-body/Fuzzy (YAML)
[INFO] [1790792329.159557, 392.697000]: [mission] plano de exclusão publicado: parede em [ 2.000e-03  3.009e+00 -1.000e-03], normal segura [-0.024 -1.     0.   ]
[INFO] [1790792329.473234, 393.002000]: [mission] fase "libera": whole-body assumiu (base livre, restrita pelo plano de exclusão)
[INFO] [1790792330.007685, 393.504000]: [mission] fase "libera": whole-body a 0.0244 m do alvo — eixo=+10.5 prof=+21.7 alt=+4.0 mm
[INFO] [1790792332.131688, 395.603000]: [mission] fase "libera": whole-body a 0.0148 m do alvo — eixo=+10.8 prof=+4.2 alt=+9.2 mm
[INFO] [1790792334.262699, 397.703000]: [mission] fase "libera": whole-body a 0.0117 m do alvo — eixo=+10.9 prof=+0.8 alt=+4.1 mm
[INFO] [1790792334.364373, 397.803000]: [mission] fase "libera" alcançada por whole-body em 4.8s (0.0114 m) — no frame da parede eixo=+11.0 prof=+0.6 alt=+3.2 mm (tolerância 40/8/6)
[INFO] [1790792335.094885, 398.510000]: [mission] fase "arco1"/puxa: RECUANDO 0.022 m só com as rodas
[INFO] [1790792335.559191, 398.962000]: [mission] fase "arco1"/puxa: concluído (0.024 m)
[INFO] [1790792335.561027, 398.964000]: [mission] fase "arco1": modo whole-body/Fuzzy (YAML)
[INFO] [1790792335.772737, 399.166000]: [mission] plano de exclusão publicado: parede em [ 2.000e-03  3.009e+00 -1.000e-03], normal segura [-0.024 -1.     0.   ]
[INFO] [1790792336.079584, 399.468000]: [mission] fase "arco1": whole-body assumiu (base livre, restrita pelo plano de exclusão)
[INFO] [1790792336.380763, 399.768000]: [mission] fase "arco1": whole-body a 0.0189 m do alvo — eixo=+11.5 prof=-6.0 alt=-13.7 mm
[INFO] [1790792336.584873, 399.968000]: [mission] fase "arco1" alcançada por whole-body em 0.5s (0.0193 m) — no frame da parede eixo=+11.5 prof=-6.1 alt=-14.2 mm (tolerância 40/10/15)
[INFO] [1790792336.586524, 399.969000]: [mission] arco1: SOLTURA observável — recuo 58.0 mm desde a captura (mín 40) com deriva de eixo -0.8 mm → SOLTA
[INFO] [1790792336.802714, 400.183000]: [mission] waypoint de 15° — lâmina medida em 13.1° (abertura por CONTATO)
[INFO] [1790792337.312310, 400.685000]: [mission] fase "arco2"/puxa: RECUANDO 0.048 m só com as rodas
[INFO] [1790792338.290419, 401.636000]: [mission] fase "arco2"/puxa: concluído (0.050 m)
[INFO] [1790792338.291910, 401.637000]: [mission] fase "arco2": modo whole-body/Fuzzy (YAML)
[INFO] [1790792338.501086, 401.840000]: [mission] plano de exclusão publicado: parede em [ 2.000e-03  3.009e+00 -1.000e-03], normal segura [-0.024 -1.     0.   ]
[INFO] [1790792338.814420, 402.145000]: [mission] fase "arco2": whole-body assumiu (base livre, restrita pelo plano de exclusão)
[INFO] [1790792338.816014, 402.146000]: [mission] fase "arco2": whole-body a 0.0229 m do alvo — eixo=+12.4 prof=+2.4 alt=-19.1 mm
[INFO] [1790792340.030994, 403.346000]: [mission] fase "arco2" alcançada por whole-body em 1.2s (0.0197 m) — no frame da parede eixo=+12.6 prof=-6.3 alt=-13.7 mm (tolerância 40/10/15)
[INFO] [1790792340.248078, 403.558000]: [mission] waypoint de 30° — lâmina medida em 28.7° (abertura por CONTATO)
[INFO] [1790792340.761002, 404.059000]: [mission] fase "desengata": modo IK iterativa (YAML)
[INFO] [1790792340.766305, 404.064000]: [mission] âncora engatada (fase "desengata")
[INFO] [1790792342.923333, 406.169000]: [mission] fase "desengata" it0: ponta (0.286, 2.780, 0.747) erro=0.0096 | degrau eixo 5.3° | rolagem 5.5° | IK pediu [-18.2 -20.5  -0.   82.   80.1] | faltou [ 0.2 -0.2 -0.4 -0.4 -0. ] graus
[INFO] [1790792342.926869, 406.173000]: [mission] fase "desengata" alcançada em 1 iteração(ões) (0.0096 m)
[INFO] [1790792343.448668, 406.683000]: [mission] MANIPULATE concluída — chave ABERTA, lâmina medida em 28.6°
[INFO] [1790792343.450068, 406.685000]: State machine transitioning 'MANIPULATE':'done'-->'RETRACT'
[INFO] [1790792343.863818, 407.090000]: [mission] âncora engatada (fase "saida_sobe")
[INFO] [1790792345.477299, 408.687000]: [mission] fase "saida_sobe" it0: ponta (0.286, 2.789, 0.772) erro=0.0088 | degrau eixo 5.1° | rolagem 5.3° | IK pediu [-18.2 -17.5   0.   80.1  80. ] | faltou [ 0.1 -0.3 -0.3 -0.2  0. ] graus
[INFO] [1790792345.482180, 408.692000]: [mission] fase "saida_sobe" it0: no frame da parede eixo=-0.5 prof=+7.1 alt=+5.2 mm (tolerância 30/20/10)
[INFO] [1790792345.485742, 408.695000]: [mission] fase "saida_sobe" alcançada em 1 iteração(ões) (0.0088 m)
[INFO] [1790792345.496019, 408.705000]: [mission] âncora engatada (fase "saida_eixo")
[INFO] [1790792347.501126, 410.688000]: [mission] fase "saida_eixo" it0: ponta (0.405, 2.788, 0.771) erro=0.0107 | degrau eixo 11.3° | rolagem 11.8° | IK pediu [-27.9 -15.5  -0.   72.2  72.3] | faltou [ 0.2  0.6 -2.4  0.6  0. ] graus
[INFO] [1790792347.504759, 410.692000]: [mission] fase "saida_eixo" it0: no frame da parede eixo=-1.3 prof=+8.4 alt=+6.5 mm (tolerância 20/20/15)
[INFO] [1790792347.507313, 410.695000]: [mission] fase "saida_eixo" alcançada em 1 iteração(ões) (0.0107 m)
[INFO] [1790792347.512206, 410.699000]: [mission] âncora engatada (fase "saida_fora")
[INFO] [1790792350.366709, 413.507000]: [mission] fase "saida_fora" it0: ponta (0.402, 2.686, 0.775) erro=0.0077 | degrau eixo 5.9° | rolagem 6.2° | IK pediu [-31.5 -20.6   0.   96.1  66.3] | faltou [ 0.1 -0.2 -0.2 -0.3  0. ] graus
[INFO] [1790792350.368590, 413.510000]: [mission] fase "saida_fora" it0: no frame da parede eixo=-1.7 prof=+7.0 alt=+2.7 mm (tolerância 30/20/20)
[INFO] [1790792350.369713, 413.511000]: [mission] âncora solta — 1 correções de deriva
[INFO] [1790792350.370573, 413.512000]: [mission] fase "saida_fora" alcançada em 1 iteração(ões) (0.0077 m) — âncora corrigiu 1 vez(es)
[INFO] [1790792350.371795, 413.513000]: [mission] RETRACT/afasta: RECUANDO 0.250 m só com as rodas
[INFO] [1790792354.942722, 418.014000]: [mission] RETRACT/afasta: concluído (0.252 m)
[INFO] [1790792354.944085, 418.015000]: [mission] postura "stow_home" comandada: [0.0, 1.13, -1.04, -1.8, 0.0]
[INFO] [1790792366.744632, 429.616000]: State machine transitioning 'RETRACT':'ok'-->'RETURN'
[INFO] [1790792366.747409, 429.618000]: [mission] RETURN — voltando a (0.00, 1.00, 0.00 rad)
[INFO] [1790792378.593564, 441.221000]: [mission] RETURN: alinhado, avançando (1.18 m)
[INFO] [1790792378.646538, 441.271000]: [mission] teto por postura ativo no drive: v<=0.23 w<=0.50 rampa 0.51/1.52
[INFO] [1790792387.754835, 450.221000]: [mission] RETURN: chegou, ajustando heading final
[INFO] [1790792387.805099, 450.271000]: [mission] teto por postura ativo no drive: v<=0.23 w<=0.50 rampa 0.51/1.52
[INFO] [1790792394.128277, 456.471000]: [mission] RETURN: concluído
[INFO] [1790792394.129266, 456.472000]: State machine terminating 'RETURN':'home':'MISSION_OK'
[INFO] [1790792394.129916, 456.472000]: [mission] resultado: MISSION_OK
... logging to /home/marco/.ros/log/6face59e-bcfa-11f1-b39b-b025aa85b2a2/roslaunch-shiroi-2084555.log
Checking log directory for disk usage. This may take a while.
Press Ctrl-C to interrupt
]2;/home/marco/b166er/src/b166er_whole_body_control/launch/chave_mission.launch
[1mstarted roslaunch server http://shiroi:38633/[0m

SUMMARY
========

PARAMETERS
 * /chave_mission/estado_final: 
 * /chave_mission/estado_inicial: STOW_INIT
 * /chave_mission/pausa_por_fase: False
 * /chave_mission/search_omega: 0.35
 * /chave_mission/standoff_distance: 0.62
 * /chave_mission/use_wholebody: False
 * /chave_seccionadora_task/aproxima_lateral/modo: ik
 * /chave_seccionadora_task/aproxima_lateral/offset_xyz_m: [-0.09, 0.0, 0.01]
 * /chave_seccionadora_task/aproxima_lateral/tol_xyz_m: [0.04, 0.008, 0.005]
 * /chave_seccionadora_task/arco1/blade_angle_deg: 15
 * /chave_seccionadora_task/arco1/deriva_eixo_max_m: 0.015
 * /chave_seccionadora_task/arco1/modo: wb
 * /chave_seccionadora_task/arco1/offset_xyz_m: [0.0, 0.0518, -0....
 * /chave_seccionadora_task/arco1/soltura_recuo_min_m: 0.04
 * /chave_seccionadora_task/arco1/tol_xyz_m: [0.04, 0.01, 0.015]
 * /chave_seccionadora_task/arco2/blade_angle_deg: 30
 * /chave_seccionadora_task/arco2/deriva_eixo_max_m: 0.015
 * /chave_seccionadora_task/arco2/modo: wb
 * /chave_seccionadora_task/arco2/offset_xyz_m: [0.0, 0.1, -0.0518]
 * /chave_seccionadora_task/arco2/tol_xyz_m: [0.04, 0.01, 0.015]
 * /chave_seccionadora_task/atravessa/modo: ik
 * /chave_seccionadora_task/atravessa/offset_xyz_m: [-0.008, 0.0, 0.01]
 * /chave_seccionadora_task/atravessa/tol_xyz_m: [0.008, 0.006, 0....
 * /chave_seccionadora_task/captura/modo: ik
 * /chave_seccionadora_task/captura/offset_xyz_m: [0.0, 0.0, -0.01]
 * /chave_seccionadora_task/captura/tol_xyz_m: [0.04, 0.006, 0.01]
 * /chave_seccionadora_task/desengata/modo: ik
 * /chave_seccionadora_task/desengata/offset_xyz_m: [-0.09, 0.1, -0.0...
 * /chave_seccionadora_task/destrava/curso_estagna_m: 0.01
 * /chave_seccionadora_task/destrava/curso_margem_m: 0.002
 * /chave_seccionadora_task/destrava/curso_min_m: 0.018
 * /chave_seccionadora_task/destrava/modo: wb
 * /chave_seccionadora_task/destrava/offset_xyz_m: [0.0, 0.0, -0.025]
 * /chave_seccionadora_task/destrava/tol_xyz_m: [0.04, 0.006, 0.004]
 * /chave_seccionadora_task/libera/deriva_eixo_max_m: 0.015
 * /chave_seccionadora_task/libera/modo: wb
 * /chave_seccionadora_task/libera/offset_xyz_m: [0.0, 0.03, -0.025]
 * /chave_seccionadora_task/libera/tol_xyz_m: [0.04, 0.008, 0.006]
 * /chave_seccionadora_task/orienta/modo: ik
 * /chave_seccionadora_task/orienta/offset_xyz_m: [-0.09, 0.15, 0.0...
 * /chave_seccionadora_task/reassenta_sobe/tol_xyz_m: [0.03, 0.02, 0.005]
 * /chave_seccionadora_task/saida_eixo/tol_xyz_m: [0.02, 0.02, 0.015]
 * /chave_seccionadora_task/saida_fora/tol_xyz_m: [0.03, 0.02, 0.02]
 * /chave_seccionadora_task/saida_sobe/tol_xyz_m: [0.03, 0.02, 0.01]
 * /chave_seccionadora_task/target_frame: chave_olhal_link
 * /fuzzy_wb_controller/fixed_gains: []
 * /rosdistro: noetic
 * /rosversion: 1.17.4

NODES
  /
    chave_mission (b166er_whole_body_control/chave_mission.py)

[1mROS_MASTER_URI=http://localhost:11311[0m
]2;/home/marco/b166er/src/b166er_whole_body_control/launch/chave_mission.launch http://localhost:11311
[1mprocess[chave_mission-1]: started with pid [2084599][0m
[1m[chave_mission-1] process has finished cleanly
log file: /home/marco/.ros/log/6face59e-bcfa-11f1-b39b-b025aa85b2a2/chave_mission-1*.log[0m
all processes on machine have died, roslaunch will exit
shutting down processing monitor...
... shutting down processing monitor complete
[1mdone[0m
