[31mWARNING: disk usage in log directory [/home/marco/.ros/log] is over 1GB.
It's recommended that you use the 'rosclean' command.[0m
the rosdep view is empty: call 'sudo rosdep init' and 'rosdep update'
[WARN] [1791464812.355659, 545.509000]: [mission] SEARCH: ajuste não convergiu em 8s (raio 0.54) — amostrando assim mesmo
[WARN] [1791464819.857658, 552.915000]: [mission] SEARCH: 1 de 25 amostras descartadas como outlier (>0.15 m ou >0.20 rad da mediana)
[WARN] [1791464819.911124, 552.969000]: [mission] SEARCH: laser com só 10 pontos de parede (mín 30) — parede fica pela tag
[INFO] [1791464791.484830, 524.935000]: garra_dx = 0.000 m (fechada)
[INFO] [1791464791.539973, 524.992000]: State machine starting in initial state 'HOME' with userdata: 
	[]
[INFO] [1791464791.843808, 525.292000]: [mission] pose de partida registrada: (0.00, 1.00, -0.01 rad)
[INFO] [1791464791.848037, 525.296000]: [mission] HOME: homing pelos fins de curso (J4, J3, J2)
[INFO] [1791464793.670148, 527.098000]: [mission] HOME: braço nos fins de curso — partindo daqui para o SEARCH
[INFO] [1791464793.672287, 527.100000]: State machine transitioning 'HOME':'ok'-->'SEARCH'
[INFO] [1791464793.674601, 527.102000]: [mission] postura "search" comandada: [0.0, 1.0, -1.0, 0.0, 0.0]
[INFO] [1791464802.004380, 535.305000]: [mission] SEARCH — girando à procura da tag...
[INFO] [1791464802.006429, 535.307000]: [mission] SEARCH: amostra quando a tag estiver a raio 0.35-0.50 do quadro (vista oblíqua; omega fina 0.15 rad/s)
[INFO] [1791464804.193877, 537.458000]: [mission] SEARCH: tag a raio 0.92 — girando até <= 0.50
[INFO] [1791464812.357683, 545.511000]: [mission] tag avistada — parando para medir
[INFO] [1791464813.373242, 546.518000]: [mission] âncora engatada (coleta do SEARCH)
[INFO] [1791464813.375008, 546.520000]: [mission] SEARCH: coleta com dither ±0.05 rad/s (período 3.0 s)
[INFO] [1791464819.840684, 552.900000]: [mission] âncora solta — 8 correções de deriva
[INFO] [1791464819.842445, 552.902000]: [mission] SEARCH: âncora corrigiu a deriva 8 vez(es) durante a coleta
[INFO] [1791464819.859270, 552.918000]: [mission] SEARCH: 24 amostras — parede (0.018, 2.922, -0.004) yaw=-2.840
[INFO] [1791464819.912849, 552.971000]: [mission] parede localizada em (0.018, 2.922, -0.004)
[INFO] [1791464819.918875, 552.977000]: State machine transitioning 'SEARCH':'found'-->'APPROACH'
[INFO] [1791464819.920791, 552.979000]: [mission] APPROACH etapa 1/2 — 1.30 m do olhal, alvo (0.63, 1.62, 1.87 rad)
[INFO] [1791464819.922383, 552.980000]: [mission] APPROACH: alinhado, avançando (0.89 m)
[INFO] [1791464819.972403, 553.030000]: [mission] teto por postura ativo no drive: v<=0.18 w<=0.50 rampa 0.46/1.51
[INFO] [1791464827.196770, 560.130000]: [mission] APPROACH: chegou, ajustando heading final
[INFO] [1791464827.247319, 560.180000]: [mission] teto por postura ativo no drive: v<=0.18 w<=0.50 rampa 0.46/1.51
[INFO] [1791464831.255142, 564.130000]: [mission] APPROACH: concluído
[INFO] [1791464832.266937, 565.133000]: [mission] âncora engatada (coleta do APPROACH/remedida)
[INFO] [1791464832.268159, 565.134000]: [mission] APPROACH/remedida: coleta com dither ±0.05 rad/s (período 3.0 s)
[INFO] [1791464833.418645, 566.269000]: [mission] âncora solta — 2 correções de deriva
[INFO] [1791464833.419600, 566.270000]: [mission] APPROACH/remedida: âncora corrigiu a deriva 2 vez(es) durante a coleta
[INFO] [1791464833.420496, 566.271000]: [mission] APPROACH/remedida: 10 amostras — parede (-0.000, 2.995, -0.003) yaw=-3.113
[INFO] [1791464833.472927, 566.323000]: [mission] APPROACH/remedida: parede pelo LASER — 70 pontos, resíduo 4.9 mm: profundidade -4.9 mm e yaw -1.68° em relação à tag → parede (-0.000, 3.000, -0.003) yaw=3.141
[INFO] [1791464833.476224, 566.326000]: [mission] APPROACH etapa 2/2 — 0.88 m do olhal, alvo (0.37, 1.99, 1.57 rad)
[INFO] [1791464835.941955, 568.728000]: [mission] APPROACH: alinhado, avançando (0.58 m)
[INFO] [1791464835.990543, 568.778000]: [mission] teto por postura ativo no drive: v<=0.18 w<=0.50 rampa 0.46/1.51
[INFO] [1791464840.940820, 573.678000]: [mission] APPROACH: chegou, ajustando heading final
[INFO] [1791464845.693350, 578.378000]: [mission] APPROACH: concluído
[INFO] [1791464845.700945, 578.385000]: State machine transitioning 'APPROACH':'arrived'-->'REFINE'
[INFO] [1791464845.703303, 578.388000]: [mission] REFINE — remedindo a parede de perto (10 amostras)
[INFO] [1791464845.707315, 578.392000]: [mission] âncora engatada (coleta do REFINE)
[INFO] [1791464845.708888, 578.393000]: [mission] REFINE: coleta com dither ±0.05 rad/s (período 3.0 s)
[INFO] [1791464846.855761, 579.525000]: [mission] âncora solta — 1 correções de deriva
[INFO] [1791464846.857777, 579.527000]: [mission] REFINE: âncora corrigiu a deriva 1 vez(es) durante a coleta
[INFO] [1791464846.860136, 579.529000]: [mission] REFINE: 10 amostras — parede (0.001, 2.996, -0.000) yaw=-3.136
[INFO] [1791464846.913731, 579.582000]: [mission] REFINE: parede pelo LASER — 93 pontos, resíduo 4.7 mm: profundidade -1.9 mm e yaw -0.26° em relação à tag → parede (0.001, 2.998, -0.000) yaw=-3.141
[INFO] [1791464846.915462, 579.584000]: [mission] REFINE: deslocou 0.004 m da estimativa anterior
[INFO] [1791464846.917496, 579.586000]: [mission] olhal estimado em (0.201, 2.868, 0.805)
[INFO] [1791464846.923759, 579.592000]: State machine transitioning 'REFINE':'ok'-->'DEPLOY'
[INFO] [1791464846.926265, 579.594000]: [mission] DEPLOY: IK resolvida para a POSE DE MANIPULAÇÃO (0.20, 2.25, 1.57 rad), não para a atual
[INFO] [1791464851.726645, 582.629000]: [mission] DEPLOY: IK nivelada 0.0709 m, só eixo 0.0014 m — a MISSÃO INTEIRA usa "eixo"
[INFO] [1791464851.731617, 584.375000]: [mission] DEPLOY: IK da ponta resolvida (resíduo 0.0014 m, degrau 0.4°) — pré-posicionando em [-10.9 -46.4  60.   78.5 -10.9] graus
[INFO] [1791464862.476976, 594.979000]: [mission] plano de exclusão publicado: parede em [ 1.000e-03  2.998e+00 -0.000e+00], normal segura [ 0.001 -1.     0.   ]
[INFO] [1791464862.687423, 595.185000]: [mission] teto por postura ativo no drive: v<=0.25 w<=0.50 rampa 0.55/1.61
[INFO] [1791464863.799726, 596.285000]: [mission] DEPLOY/aproxima: alinhado, avançando (0.31 m)
[INFO] [1791464867.497431, 599.935000]: [mission] DEPLOY/aproxima: chegou, ajustando heading final
[INFO] [1791464870.342768, 602.735000]: [mission] DEPLOY/aproxima: concluído
[INFO] [1791464870.343797, 602.736000]: State machine transitioning 'DEPLOY':'ok'-->'MANIPULATE'
[INFO] [1791464870.344983, 602.737000]: [mission] fase "orienta": modo IK iterativa (YAML)
[INFO] [1791464870.348693, 602.741000]: [mission] âncora engatada (fase "orienta")
[INFO] [1791464875.424937, 607.746000]: [mission] fase "orienta" it0: ponta (0.302, 2.720, 0.813) erro=0.0108 | degrau eixo 0.1° | rolagem 0.1° | IK pediu [-16.5 -40.   48.5  81.1 -11.6] | faltou [-0.5  0.  -0.1 -0.1 -0.1] graus
[INFO] [1791464875.426507, 607.748000]: [mission] âncora solta — 7 correções de deriva
[INFO] [1791464875.427370, 607.748000]: [mission] fase "orienta" alcançada em 1 iteração(ões) (0.0108 m) — âncora corrigiu 7 vez(es)
[INFO] [1791464875.934160, 608.251000]: [mission] fase "aproxima_lateral": modo IK iterativa (YAML)
[INFO] [1791464875.938601, 608.255000]: [mission] âncora engatada (fase "aproxima_lateral")
[INFO] [1791464880.812596, 613.061000]: [mission] fase "aproxima_lateral" it0: ponta (0.292, 2.864, 0.814) erro=0.0044 | degrau eixo 3.0° | rolagem 3.1° | IK pediu [-13.2 -14.8   0.2  85.7  -9. ] | faltou [0. 0. 0. 0. 0.] graus
[INFO] [1791464880.816581, 613.065000]: [mission] fase "aproxima_lateral" it0: no frame da parede eixo=+0.9 prof=+4.2 alt=+0.9 mm (tolerância 40/8/5)
[INFO] [1791464880.818985, 613.068000]: [mission] âncora solta — 4 correções de deriva
[INFO] [1791464880.820503, 613.069000]: [mission] fase "aproxima_lateral" alcançada em 1 iteração(ões) (0.0044 m) — âncora corrigiu 4 vez(es)
[INFO] [1791464881.333237, 613.577000]: [mission] fase "atravessa": modo IK iterativa (YAML)
[INFO] [1791464881.337364, 613.581000]: [mission] âncora engatada (fase "atravessa")
[INFO] [1791464887.842787, 619.985000]: [mission] fase "atravessa" it0: ponta (0.209, 2.864, 0.812) erro=0.0048 | degrau eixo 0.6° | rolagem 0.7° | IK pediu [ -5.7 -15.7   1.   88.8  -2.2] | faltou [ 0.2 -0.5  0.1 -0.2 -0.1] graus
[INFO] [1791464887.845438, 619.988000]: [mission] fase "atravessa" it0: no frame da parede eixo=-0.5 prof=+3.5 alt=+3.3 mm (tolerância 8/6/5)
[INFO] [1791464887.847636, 619.990000]: [mission] âncora solta — 5 correções de deriva
[INFO] [1791464887.849665, 619.992000]: [mission] fase "atravessa" alcançada em 1 iteração(ões) (0.0048 m) — âncora corrigiu 5 vez(es)
[WARN] [1791464897.026190, 629.026000]: [mission] fase "destrava": descida estagnou em 14.2 mm (mín 10 para aceitar; alvo 18) — fim de curso do mecanismo, fechando a fase
[WARN] [1791464897.250106, 629.245000]: [mission] destrava: lingueta em 7.3 mm (esperado ≥ 12) — o gatilho pode não ter soltado
[WARN] [1791464915.245839, 647.021000]: [mission] RETRACT: ponta a 0.155 m do olhal — saindo em degraus: sobe 30 mm, 120 mm pelo eixo do furo, 100 mm para fora, antes de recolher
[INFO] [1791464888.360865, 620.498000]: [mission] fase "captura": modo IK iterativa (YAML)
[INFO] [1791464888.364466, 620.501000]: [mission] âncora engatada (fase "captura")
[INFO] [1791464893.749119, 625.806000]: [mission] fase "captura" it0: ponta (0.209, 2.869, 0.795) erro=0.0074 | degrau eixo 0.5° | rolagem 0.4° | IK pediu [ -4.6 -18.1   1.1  89.6  -1.6] | faltou [-0.6 -2.7  5.8 -3.3  0.2] graus
[INFO] [1791464893.752676, 625.810000]: [mission] fase "captura" it0: no frame da parede eixo=+7.4 prof=+0.5 alt=+0.1 mm (tolerância 8/6/10)
[INFO] [1791464893.754398, 625.812000]: [mission] âncora solta — 4 correções de deriva
[INFO] [1791464893.755906, 625.814000]: [mission] fase "captura" alcançada em 1 iteração(ões) (0.0074 m) — âncora corrigiu 4 vez(es)
[INFO] [1791464893.760197, 625.818000]: [mission] captura: ponta registrada em eixo=-7.4 prof=-0.5 alt=-10.1 mm (zero da descida do destrava e da deriva de eixo)
[INFO] [1791464894.268466, 626.319000]: [mission] fase "destrava": alvo em altura relativo à captura: -30.1 mm (captura -10.1 − curso 18 − margem 2)
[INFO] [1791464894.270244, 626.320000]: [mission] fase "destrava": modo whole-body/Fuzzy (YAML)
[INFO] [1791464894.477366, 626.523000]: [mission] plano de exclusão publicado: parede em [ 1.000e-03  2.998e+00 -0.000e+00], normal segura [ 0.001 -1.     0.   ]
[INFO] [1791464894.782003, 626.826000]: [mission] fase "destrava": whole-body assumiu (base livre, restrita pelo plano de exclusão)
[INFO] [1791464894.783108, 626.827000]: [mission] fase "destrava": whole-body a 0.0195 m do alvo — eixo=+7.4 prof=+1.3 alt=-18.0 mm
[INFO] [1791464896.923354, 628.926000]: [mission] fase "destrava": whole-body a 0.0098 m do alvo — eixo=+7.3 prof=-3.1 alt=-5.8 mm
[INFO] [1791464897.247248, 629.242000]: [mission] destrava: ponta desceu 14.1 mm desde a captura (critério observável) | lingueta 7.3 mm (só na simulação)
[INFO] [1791464897.759759, 629.748000]: [mission] fase "libera": modo whole-body/Fuzzy (YAML)
[INFO] [1791464897.963257, 629.949000]: [mission] plano de exclusão publicado: parede em [ 1.000e-03  2.998e+00 -0.000e+00], normal segura [ 0.001 -1.     0.   ]
[INFO] [1791464898.274344, 630.252000]: [mission] fase "libera": whole-body assumiu (base livre, restrita pelo plano de exclusão)
[INFO] [1791464898.978668, 630.952000]: [mission] fase "libera": whole-body a 0.0267 m do alvo — eixo=+7.3 prof=+25.6 alt=+1.2 mm
[INFO] [1791464901.088183, 633.052000]: [mission] fase "libera": whole-body a 0.0263 m do alvo — eixo=+7.3 prof=+24.8 alt=+5.2 mm
[INFO] [1791464903.004480, 634.952000]: [mission] fase "libera" alcançada por whole-body em 4.7s (0.0073 m) — no frame da parede eixo=+7.3 prof=-0.3 alt=-0.1 mm (tolerância 40/8/6)
[INFO] [1791464903.716895, 635.657000]: [mission] fase "arco1"/puxa: RECUANDO 0.022 m só com as rodas
[INFO] [1791464904.175725, 636.109000]: [mission] fase "arco1"/puxa: concluído (0.024 m)
[INFO] [1791464904.176713, 636.110000]: [mission] fase "arco1": modo whole-body/Fuzzy (YAML)
[INFO] [1791464904.382941, 636.311000]: [mission] plano de exclusão publicado: parede em [ 1.000e-03  2.998e+00 -0.000e+00], normal segura [ 0.001 -1.     0.   ]
[INFO] [1791464904.688991, 636.615000]: [mission] fase "arco1": whole-body assumiu (base livre, restrita pelo plano de exclusão)
[INFO] [1791464904.691259, 636.617000]: [mission] fase "arco1": whole-body a 0.0083 m do alvo — eixo=+7.3 prof=-2.4 alt=-3.3 mm
[INFO] [1791464905.099382, 637.016000]: [mission] fase "arco1" alcançada por whole-body em 0.4s (0.0084 m) — no frame da parede eixo=+7.3 prof=-2.4 alt=-3.3 mm (tolerância 40/10/15)
[INFO] [1791464905.100812, 637.017000]: [mission] arco1: SOLTURA observável — recuo 54.7 mm desde a captura (mín 40) com deriva de eixo +0.1 mm → SOLTA
[INFO] [1791464905.316740, 637.228000]: [mission] waypoint de 15° — lâmina medida em 15.9° (abertura por CONTATO)
[INFO] [1791464905.822996, 637.730000]: [mission] fase "arco2"/puxa: RECUANDO 0.048 m só com as rodas
[INFO] [1791464906.788292, 638.681000]: [mission] fase "arco2"/puxa: concluído (0.050 m)
[INFO] [1791464906.790439, 638.683000]: [mission] fase "arco2": modo whole-body/Fuzzy (YAML)
[INFO] [1791464906.996260, 638.885000]: [mission] plano de exclusão publicado: parede em [ 1.000e-03  2.998e+00 -0.000e+00], normal segura [ 0.001 -1.     0.   ]
[INFO] [1791464907.302958, 639.190000]: [mission] fase "arco2": whole-body assumiu (base livre, restrita pelo plano de exclusão)
[INFO] [1791464907.304081, 639.191000]: [mission] fase "arco2": whole-body a 0.0144 m do alvo — eixo=+7.3 prof=+4.9 alt=-11.5 mm
[INFO] [1791464907.711201, 639.590000]: [mission] fase "arco2" alcançada por whole-body em 0.4s (0.0103 m) — no frame da parede eixo=+7.3 prof=-1.6 alt=-7.2 mm (tolerância 40/10/15)
[INFO] [1791464907.928004, 639.796000]: [mission] waypoint de 30° — lâmina medida em 31.4° (abertura por CONTATO)
[INFO] [1791464908.443730, 640.300000]: [mission] fase "desengata": modo IK iterativa (YAML)
[INFO] [1791464908.448211, 640.304000]: [mission] âncora engatada (fase "desengata")
[INFO] [1791464914.324428, 646.108000]: [mission] fase "desengata" it0: ponta (0.288, 2.755, 0.743) erro=0.0172 | degrau eixo 3.7° | rolagem 7.2° | IK pediu [-10.  -22.6  -0.   91.7  -9.9] | faltou [  0.   21.7 -54.1  18.3  -0.5] graus
[INFO] [1791464914.326201, 646.110000]: [mission] âncora solta — 2 correções de deriva
[INFO] [1791464914.327085, 646.111000]: [mission] fase "desengata" alcançada em 1 iteração(ões) (0.0172 m) — âncora corrigiu 2 vez(es)
[INFO] [1791464914.835778, 646.617000]: [mission] MANIPULATE concluída — chave ABERTA, lâmina medida em 31.7°
[INFO] [1791464914.837464, 646.619000]: State machine transitioning 'MANIPULATE':'done'-->'RETRACT'
[INFO] [1791464915.248078, 647.023000]: [mission] âncora engatada (fase "saida_sobe")
[INFO] [1791464928.437046, 660.025000]: [mission] fase "saida_sobe" it0: ponta (0.290, 2.758, 0.772) erro=0.0029 | degrau eixo 2.9° | rolagem 3.0° | IK pediu [-10.  -20.8  -0.1  94.4 -10.1] | faltou [-0.3 -3.8  8.3 -4.8 -0. ] graus
[INFO] [1791464928.441528, 660.031000]: [mission] fase "saida_sobe" it0: no frame da parede eixo=+2.2 prof=+1.6 alt=+0.9 mm (tolerância 30/20/10)
[INFO] [1791464928.443929, 660.034000]: [mission] âncora solta — 6 correções de deriva
[INFO] [1791464928.445442, 660.035000]: [mission] fase "saida_sobe" alcançada em 1 iteração(ões) (0.0029 m) — âncora corrigiu 6 vez(es)
[INFO] [1791464928.449465, 660.039000]: [mission] âncora engatada (fase "saida_eixo")
[INFO] [1791464934.518657, 666.044000]: [mission] fase "saida_eixo" it0: ponta (0.404, 2.758, 0.774) erro=0.0040 | degrau eixo 7.8° | rolagem 7.8° | IK pediu [-20.4 -19.5  -0.   87.2 -19.5] | faltou [ 0.5 -0.9  2.2 -1.2  0. ] graus
[INFO] [1791464934.520761, 666.046000]: [mission] fase "saida_eixo" it0: no frame da parede eixo=-3.3 prof=+1.8 alt=-1.2 mm (tolerância 20/20/15)
[INFO] [1791464934.521973, 666.047000]: [mission] âncora solta — 3 correções de deriva
[INFO] [1791464934.523035, 666.048000]: [mission] fase "saida_eixo" alcançada em 1 iteração(ões) (0.0040 m) — âncora corrigiu 3 vez(es)
[INFO] [1791464934.526553, 666.052000]: [mission] âncora engatada (fase "saida_fora")
[INFO] [1791464941.003245, 672.456000]: [mission] fase "saida_fora" it0: ponta (0.408, 2.657, 0.774) erro=0.0011 | degrau eixo 1.9° | rolagem 1.9° | IK pediu [-24.1 -22.5   0.  108.  -24.6] | faltou [-0.2 -1.8  4.  -2.2 -0. ] graus
[INFO] [1791464941.006798, 672.460000]: [mission] fase "saida_fora" it0: no frame da parede eixo=+0.7 prof=+0.4 alt=-0.6 mm (tolerância 30/20/20)
[INFO] [1791464941.009498, 672.463000]: [mission] âncora solta — 2 correções de deriva
[INFO] [1791464941.011160, 672.464000]: [mission] fase "saida_fora" alcançada em 1 iteração(ões) (0.0011 m) — âncora corrigiu 2 vez(es)
[INFO] [1791464941.012866, 672.466000]: [mission] RETRACT/afasta: RECUANDO 0.250 m só com as rodas
[INFO] [1791464945.378628, 676.768000]: [mission] RETRACT/afasta: concluído (0.250 m)
[INFO] [1791464945.380294, 676.770000]: [mission] postura "stow_home" comandada: [0.0, 1.1, -1.04, -1.8, 0.0]
[INFO] [1791464962.614033, 693.772000]: State machine transitioning 'RETRACT':'ok'-->'RETURN'
[INFO] [1791464962.615909, 693.774000]: [mission] RETURN — voltando a (0.00, 1.00, -0.01 rad)
[INFO] [1791464976.252866, 707.225000]: [mission] RETURN: alinhado, avançando (1.24 m)
[INFO] [1791464976.304161, 707.275000]: [mission] teto por postura ativo no drive: v<=0.24 w<=0.50 rampa 0.53/1.51
[INFO] [1791464985.680793, 716.525000]: [mission] RETURN: chegou, ajustando heading final
[INFO] [1791464985.731076, 716.575000]: [mission] teto por postura ativo no drive: v<=0.24 w<=0.50 rampa 0.53/1.51
[INFO] [1791464992.576514, 723.325000]: [mission] RETURN: concluído
[INFO] [1791464992.577890, 723.326000]: State machine terminating 'RETURN':'home':'MISSION_OK'
[INFO] [1791464992.579246, 723.328000]: [mission] resultado: MISSION_OK
... logging to /home/marco/.ros/log/d0a0a55c-c317-11f1-b768-b025aa85b2a2/roslaunch-shiroi-3651826.log
Checking log directory for disk usage. This may take a while.
Press Ctrl-C to interrupt
]2;/home/marco/b166er/src/b166er_whole_body_control/launch/chave_mission.launch
[1mstarted roslaunch server http://shiroi:42483/[0m

SUMMARY
========

PARAMETERS
 * /chave_mission/estado_final: 
 * /chave_mission/estado_inicial: HOME
 * /chave_mission/pausa_por_fase: False
 * /chave_mission/search_omega: 0.35
 * /chave_mission/standoff_distance: 0.62
 * /chave_mission/use_wholebody: False
 * /chave_seccionadora_task/aproxima_lateral/modo: ik
 * /chave_seccionadora_task/aproxima_lateral/offset_xyz_m: [-0.09, 0.008, 0.01]
 * /chave_seccionadora_task/aproxima_lateral/tol_xyz_m: [0.04, 0.008, 0.005]
 * /chave_seccionadora_task/arco1/blade_angle_deg: 15
 * /chave_seccionadora_task/arco1/deriva_eixo_max_m: 0.015
 * /chave_seccionadora_task/arco1/modo: wb
 * /chave_seccionadora_task/arco1/offset_xyz_m: [0.0, 0.0518, -0....
 * /chave_seccionadora_task/arco1/soltura_recuo_min_m: 0.04
 * /chave_seccionadora_task/arco1/tol_xyz_m: [0.04, 0.01, 0.015]
 * /chave_seccionadora_task/arco2/blade_angle_deg: 30
 * /chave_seccionadora_task/arco2/deriva_eixo_max_m: 0.015
 * /chave_seccionadora_task/arco2/modo: wb
 * /chave_seccionadora_task/arco2/offset_xyz_m: [0.0, 0.1, -0.0518]
 * /chave_seccionadora_task/arco2/tol_xyz_m: [0.04, 0.01, 0.015]
 * /chave_seccionadora_task/atravessa/modo: ik
 * /chave_seccionadora_task/atravessa/offset_xyz_m: [-0.008, 0.008, 0...
 * /chave_seccionadora_task/atravessa/tol_xyz_m: [0.008, 0.006, 0....
 * /chave_seccionadora_task/captura/modo: ik
 * /chave_seccionadora_task/captura/offset_xyz_m: [0.0, 0.0, -0.01]
 * /chave_seccionadora_task/captura/tol_xyz_m: [0.008, 0.006, 0.01]
 * /chave_seccionadora_task/desengata/modo: ik
 * /chave_seccionadora_task/desengata/offset_xyz_m: [-0.09, 0.1, -0.0...
 * /chave_seccionadora_task/destrava/curso_estagna_m: 0.01
 * /chave_seccionadora_task/destrava/curso_margem_m: 0.002
 * /chave_seccionadora_task/destrava/curso_min_m: 0.018
 * /chave_seccionadora_task/destrava/curso_teto_m: 0.022
 * /chave_seccionadora_task/destrava/modo: wb
 * /chave_seccionadora_task/destrava/offset_xyz_m: [0.0, 0.0, -0.025]
 * /chave_seccionadora_task/destrava/tol_xyz_m: [0.01, 0.006, 0.004]
 * /chave_seccionadora_task/libera/deriva_eixo_max_m: 0.015
 * /chave_seccionadora_task/libera/modo: wb
 * /chave_seccionadora_task/libera/offset_xyz_m: [0.0, 0.03, -0.025]
 * /chave_seccionadora_task/libera/tol_xyz_m: [0.04, 0.008, 0.006]
 * /chave_seccionadora_task/orienta/modo: ik
 * /chave_seccionadora_task/orienta/offset_xyz_m: [-0.09, 0.15, 0.0...
 * /chave_seccionadora_task/reassenta_sobe/tol_xyz_m: [0.03, 0.02, 0.005]
 * /chave_seccionadora_task/saida_eixo/tol_xyz_m: [0.02, 0.02, 0.015]
 * /chave_seccionadora_task/saida_fora/tol_xyz_m: [0.03, 0.02, 0.02]
 * /chave_seccionadora_task/saida_sobe/tol_xyz_m: [0.03, 0.02, 0.01]
 * /chave_seccionadora_task/target_frame: chave_olhal_link
 * /fuzzy_wb_controller/fixed_gains: []
 * /rosdistro: noetic
 * /rosversion: 1.17.4

NODES
  /
    chave_mission (b166er_whole_body_control/chave_mission.py)

[1mROS_MASTER_URI=http://localhost:11311[0m
]2;/home/marco/b166er/src/b166er_whole_body_control/launch/chave_mission.launch http://localhost:11311
[1mprocess[chave_mission-1]: started with pid [3651870][0m
[1m[chave_mission-1] process has finished cleanly
log file: /home/marco/.ros/log/d0a0a55c-c317-11f1-b768-b025aa85b2a2/chave_mission-1*.log[0m
all processes on machine have died, roslaunch will exit
shutting down processing monitor...
... shutting down processing monitor complete
[1mdone[0m
