[31mWARNING: disk usage in log directory [/home/marco/.ros/log] is over 1GB.
It's recommended that you use the 'rosclean' command.[0m
the rosdep view is empty: call 'sudo rosdep init' and 'rosdep update'
[WARN] [1791467939.283231, 1623.678000]: [mission] SEARCH: ajuste não convergiu em 8s (raio 0.51) — amostrando assim mesmo
[WARN] [1791467947.939892, 1632.236000]: [mission] SEARCH: 7 de 25 amostras descartadas como outlier (>0.15 m ou >0.20 rad da mediana)
[WARN] [1791467947.994446, 1632.291000]: [mission] SEARCH: laser discorda demais da tag (profundidade -20 mm, yaw -13.9°) — parede fica pela tag
[INFO] [1791467919.326754, 1604.007000]: garra_dx = 0.000 m (fechada)
[INFO] [1791467919.378094, 1604.052000]: State machine starting in initial state 'HOME' with userdata: 
	[]
[INFO] [1791467919.579572, 1604.260000]: [mission] pose de partida registrada: (-0.00, 1.00, -0.01 rad)
[INFO] [1791467919.585465, 1604.264000]: [mission] HOME: homing pelos fins de curso (J4, J3, J2)
[INFO] [1791467921.520466, 1606.167000]: [mission] HOME: braço nos fins de curso — partindo daqui para o SEARCH
[INFO] [1791467921.522191, 1606.168000]: State machine transitioning 'HOME':'ok'-->'SEARCH'
[INFO] [1791467921.524132, 1606.170000]: [mission] postura "search" comandada: [0.0, 1.0, -1.0, 0.0, 0.0]
[INFO] [1791467929.375130, 1613.872000]: [mission] SEARCH — girando à procura da tag...
[INFO] [1791467929.376846, 1613.873000]: [mission] SEARCH: amostra quando a tag estiver a raio 0.35-0.50 do quadro (vista oblíqua; omega fina 0.15 rad/s)
[INFO] [1791467931.140872, 1615.625000]: [mission] SEARCH: tag a raio 0.91 — girando até <= 0.50
[INFO] [1791467939.284801, 1623.679000]: [mission] tag avistada — parando para medir
[INFO] [1791467940.307657, 1624.684000]: [mission] âncora engatada (coleta do SEARCH)
[INFO] [1791467940.308552, 1624.685000]: [mission] SEARCH: coleta com dither ±0.05 rad/s (período 3.0 s)
[INFO] [1791467947.927596, 1632.225000]: [mission] âncora solta — 15 correções de deriva
[INFO] [1791467947.928782, 1632.226000]: [mission] SEARCH: âncora corrigiu a deriva 15 vez(es) durante a coleta
[INFO] [1791467947.941734, 1632.239000]: [mission] SEARCH: 18 amostras — parede (0.013, 2.982, -0.009) yaw=-2.888
[INFO] [1791467947.996763, 1632.293000]: [mission] parede localizada em (0.013, 2.982, -0.009)
[INFO] [1791467948.006566, 1632.302000]: State machine transitioning 'SEARCH':'found'-->'APPROACH'
[INFO] [1791467948.011764, 1632.307000]: [mission] APPROACH etapa 1/2 — 1.30 m do olhal, alvo (0.56, 1.65, 1.82 rad)
[INFO] [1791467948.165183, 1632.460000]: [mission] APPROACH: alinhado, avançando (0.87 m)
[INFO] [1791467948.216596, 1632.510000]: [mission] teto por postura ativo no drive: v<=0.18 w<=0.50 rampa 0.46/1.51
[INFO] [1791467955.261242, 1639.460000]: [mission] APPROACH: chegou, ajustando heading final
[INFO] [1791467955.311662, 1639.510000]: [mission] teto por postura ativo no drive: v<=0.18 w<=0.50 rampa 0.46/1.51
[INFO] [1791467958.113901, 1642.260000]: [mission] APPROACH: concluído
[INFO] [1791467959.130622, 1643.264000]: [mission] âncora engatada (coleta do APPROACH/remedida)
[INFO] [1791467959.132259, 1643.266000]: [mission] APPROACH/remedida: coleta com dither ±0.05 rad/s (período 3.0 s)
[INFO] [1791467960.905614, 1645.015000]: [mission] âncora solta — 3 correções de deriva
[INFO] [1791467960.907918, 1645.017000]: [mission] APPROACH/remedida: âncora corrigiu a deriva 3 vez(es) durante a coleta
[INFO] [1791467960.910214, 1645.019000]: [mission] APPROACH/remedida: 10 amostras — parede (0.003, 3.017, 0.000) yaw=3.081
[INFO] [1791467960.964736, 1645.071000]: [mission] APPROACH/remedida: parede pelo LASER — 74 pontos, resíduo 4.7 mm: profundidade +15.7 mm e yaw +3.65° em relação à tag → parede (0.003, 3.001, 0.000) yaw=-3.138
[INFO] [1791467960.966603, 1645.073000]: [mission] APPROACH etapa 2/2 — 0.88 m do olhal, alvo (0.38, 1.99, 1.57 rad)
[INFO] [1791467962.891019, 1646.974000]: [mission] APPROACH: alinhado, avançando (0.49 m)
[INFO] [1791467962.941666, 1647.024000]: [mission] teto por postura ativo no drive: v<=0.18 w<=0.50 rampa 0.46/1.51
[INFO] [1791467967.817955, 1651.824000]: [mission] APPROACH: chegou, ajustando heading final
[INFO] [1791467972.395837, 1656.324000]: [mission] APPROACH: concluído
[INFO] [1791467972.403631, 1656.332000]: State machine transitioning 'APPROACH':'arrived'-->'REFINE'
[INFO] [1791467972.404740, 1656.333000]: [mission] REFINE — remedindo a parede de perto (10 amostras)
[INFO] [1791467972.407511, 1656.336000]: [mission] âncora engatada (coleta do REFINE)
[INFO] [1791467972.408385, 1656.337000]: [mission] REFINE: coleta com dither ±0.05 rad/s (período 3.0 s)
[INFO] [1791467973.549481, 1657.470000]: [mission] âncora solta — 2 correções de deriva
[INFO] [1791467973.552118, 1657.473000]: [mission] REFINE: âncora corrigiu a deriva 2 vez(es) durante a coleta
[INFO] [1791467973.556556, 1657.477000]: [mission] REFINE: 10 amostras — parede (0.002, 3.000, -0.000) yaw=3.136
[INFO] [1791467973.609303, 1657.529000]: [mission] REFINE: parede pelo LASER — 87 pontos, resíduo 5.0 mm: profundidade +1.7 mm e yaw +0.22° em relação à tag → parede (0.002, 2.999, -0.000) yaw=3.140
[INFO] [1791467973.611073, 1657.531000]: [mission] REFINE: deslocou 0.003 m da estimativa anterior
[INFO] [1791467973.612190, 1657.533000]: [mission] olhal estimado em (0.202, 2.868, 0.805)
[INFO] [1791467973.616574, 1657.537000]: State machine transitioning 'REFINE':'ok'-->'DEPLOY'
[INFO] [1791467973.617915, 1657.538000]: [mission] DEPLOY: IK resolvida para a POSE DE MANIPULAÇÃO (0.20, 2.25, 1.57 rad), não para a atual
[INFO] [1791467978.493280, 1659.806000]: [mission] DEPLOY: IK nivelada 0.0710 m, só eixo 0.0014 m — a MISSÃO INTEIRA usa "eixo"
[INFO] [1791467978.498265, 1662.403000]: [mission] DEPLOY: IK da ponta resolvida (resíduo 0.0014 m, degrau 0.4°) — pré-posicionando em [-10.9 -46.5  60.   78.5 -10.9] graus
[INFO] [1791467989.505737, 1673.206000]: [mission] plano de exclusão publicado: parede em [ 2.000e-03  2.999e+00 -0.000e+00], normal segura [-0.002 -1.     0.   ]
[INFO] [1791467989.713227, 1673.413000]: [mission] teto por postura ativo no drive: v<=0.25 w<=0.50 rampa 0.55/1.61
[INFO] [1791467991.334111, 1675.013000]: [mission] DEPLOY/aproxima: alinhado, avançando (0.30 m)
[INFO] [1791467994.224550, 1677.863000]: [mission] DEPLOY/aproxima: chegou, ajustando heading final
[INFO] [1791467997.119436, 1680.713000]: [mission] DEPLOY/aproxima: concluído
[INFO] [1791467997.120391, 1680.714000]: State machine transitioning 'DEPLOY':'ok'-->'MANIPULATE'
[INFO] [1791467997.121660, 1680.715000]: [mission] fase "orienta": modo IK iterativa (YAML)
[INFO] [1791467997.124608, 1680.718000]: [mission] âncora engatada (fase "orienta")
[INFO] [1791468005.875984, 1689.322000]: [mission] fase "orienta" it0: ponta (0.296, 2.720, 0.813) erro=0.0050 | degrau eixo 0.3° | rolagem 0.3° | IK pediu [-14.9 -25.   17.6  95.8 -10.3] | faltou [-0.1 -0.3  0.8 -0.4  0. ] graus
[INFO] [1791468005.878838, 1689.325000]: [mission] âncora solta — 8 correções de deriva
[INFO] [1791468005.879909, 1689.326000]: [mission] fase "orienta" alcançada em 1 iteração(ões) (0.0050 m) — âncora corrigiu 8 vez(es)
[INFO] [1791468006.393180, 1689.832000]: [mission] fase "aproxima_lateral": modo IK iterativa (YAML)
[INFO] [1791468006.398561, 1689.837000]: [mission] âncora engatada (fase "aproxima_lateral")
[INFO] [1791468010.142485, 1693.522000]: [mission] fase "aproxima_lateral" it0: ponta (0.291, 2.862, 0.816) erro=0.0028 | degrau eixo 3.8° | rolagem 3.9° | IK pediu [-12.6 -12.5   0.   74.9  -7.4] | faltou [0. 0. 0. 0. 0.] graus
[INFO] [1791468010.148395, 1693.526000]: [mission] fase "aproxima_lateral" it0: no frame da parede eixo=-1.2 prof=+2.3 alt=-1.1 mm (tolerância 40/8/5)
[INFO] [1791468010.151335, 1693.530000]: [mission] âncora solta — 2 correções de deriva
[INFO] [1791468010.153961, 1693.532000]: [mission] fase "aproxima_lateral" alcançada em 1 iteração(ões) (0.0028 m) — âncora corrigiu 2 vez(es)
[INFO] [1791468010.671977, 1694.043000]: [mission] fase "atravessa": modo IK iterativa (YAML)
[INFO] [1791468010.676269, 1694.047000]: [mission] âncora engatada (fase "atravessa")
[INFO] [1791468015.915977, 1699.161000]: [mission] fase "atravessa" it0: ponta (0.209, 2.865, 0.813) erro=0.0055 | degrau eixo 0.6° | rolagem 0.7° | IK pediu [ -5.9 -13.6   0.8  77.6  -1.4] | faltou [0. 0. 0. 0. 0.] graus
[INFO] [1791468015.917791, 1699.163000]: [mission] fase "atravessa" it0: no frame da parede eixo=-1.1 prof=+5.2 alt=+1.6 mm (tolerância 8/6/5)
[INFO] [1791468015.918529, 1699.164000]: [mission] âncora solta — 3 correções de deriva
[INFO] [1791468015.919091, 1699.164000]: [mission] fase "atravessa" alcançada em 1 iteração(ões) (0.0055 m) — âncora corrigiu 3 vez(es)
[WARN] [1791468027.811356, 1710.854000]: [mission] fase "destrava": descida estagnou em 17.0 mm (mín 10 para aceitar; alvo 18) — fim de curso do mecanismo, fechando a fase
[WARN] [1791468028.035428, 1711.071000]: [mission] destrava: lingueta em 12.0 mm (esperado ≥ 12) — o gatilho pode não ter soltado
[WARN] [1791468045.073505, 1727.817000]: [mission] RETRACT: ponta a 0.140 m do olhal — saindo em degraus: sobe 30 mm, 120 mm pelo eixo do furo, 100 mm para fora, antes de recolher
[INFO] [1791468016.431991, 1699.667000]: [mission] fase "captura": modo IK iterativa (YAML)
[INFO] [1791468016.436962, 1699.672000]: [mission] âncora engatada (fase "captura")
[INFO] [1791468019.516462, 1702.701000]: [mission] fase "captura" it0: ponta (0.208, 2.876, 0.791) erro=0.0083 | degrau eixo 0.7° | rolagem 0.7° | IK pediu [ -6.  -15.5   0.3  78.2  -1.4] | faltou [0. 0. 0. 0. 0.] graus
[INFO] [1791468019.519366, 1702.704000]: [mission] fase "captura" it0: no frame da parede eixo=-1.3 prof=+7.3 alt=+3.6 mm (tolerância 8/6/10)
[INFO] [1791468022.287260, 1705.411000]: [mission] fase "captura" it1: ponta (0.211, 2.860, 0.799) erro=0.0094 | degrau eixo 0.7° | rolagem 0.7° | IK pediu [ -6.1 -15.9   0.8  80.2  -1.6] | faltou [0. 0. 0. 0. 0.] graus
[INFO] [1791468022.291019, 1705.415000]: [mission] fase "captura" it1: no frame da parede eixo=+1.3 prof=-8.0 alt=-4.7 mm (tolerância 8/6/10)
[INFO] [1791468024.650080, 1707.723000]: [mission] fase "captura" it2: ponta (0.211, 2.870, 0.793) erro=0.0026 | degrau eixo 0.7° | rolagem 0.7° | IK pediu [ -6.1 -15.7   0.2  78.9  -1.4] | faltou [0. 0. 0. 0. 0.] graus
[INFO] [1791468024.654923, 1707.727000]: [mission] fase "captura" it2: no frame da parede eixo=+1.2 prof=+1.3 alt=+1.9 mm (tolerância 8/6/10)
[INFO] [1791468024.658174, 1707.731000]: [mission] âncora solta — 4 correções de deriva
[INFO] [1791468024.661826, 1707.734000]: [mission] fase "captura" alcançada em 3 iteração(ões) (0.0026 m) — âncora corrigiu 4 vez(es)
[INFO] [1791468024.667416, 1707.740000]: [mission] captura: ponta registrada em eixo=-9.2 prof=-1.3 alt=-11.9 mm (zero da descida do destrava e da deriva de eixo)
[INFO] [1791468025.172170, 1708.241000]: [mission] fase "destrava": alvo em altura relativo à captura: -31.9 mm (captura -11.9 − curso 18 − margem 2)
[INFO] [1791468025.174960, 1708.243000]: [mission] fase "destrava": modo whole-body/Fuzzy (YAML)
[INFO] [1791468025.387304, 1708.447000]: [mission] plano de exclusão publicado: parede em [ 2.000e-03  2.999e+00 -0.000e+00], normal segura [-0.002 -1.     0.   ]
[INFO] [1791468025.692993, 1708.752000]: [mission] fase "destrava": whole-body assumiu (base livre, restrita pelo plano de exclusão)
[INFO] [1791468025.694558, 1708.753000]: [mission] fase "destrava": whole-body a 0.0175 m do alvo — eixo=+8.3 prof=+2.1 alt=-15.3 mm
[INFO] [1791468028.034298, 1711.070000]: [mission] destrava: ponta desceu 17.4 mm desde a captura (critério observável) | lingueta 12.0 mm (só na simulação)
[INFO] [1791468028.550508, 1711.572000]: [mission] fase "libera": modo whole-body/Fuzzy (YAML)
[INFO] [1791468028.759170, 1711.776000]: [mission] plano de exclusão publicado: parede em [ 2.000e-03  2.999e+00 -0.000e+00], normal segura [-0.002 -1.     0.   ]
[INFO] [1791468029.078879, 1712.082000]: [mission] fase "libera": whole-body assumiu (base livre, restrita pelo plano de exclusão)
[INFO] [1791468029.080292, 1712.083000]: [mission] fase "libera": whole-body a 0.0300 m do alvo — eixo=+6.6 prof=+28.8 alt=+4.7 mm
[INFO] [1791468031.201375, 1714.183000]: [mission] fase "libera": whole-body a 0.0095 m do alvo — eixo=+6.7 prof=+6.1 alt=+3.1 mm
[INFO] [1791468031.501575, 1714.483000]: [mission] fase "libera" alcançada por whole-body em 2.4s (0.0084 m) — no frame da parede eixo=+6.7 prof=+5.0 alt=+1.2 mm (tolerância 40/8/6)
[INFO] [1791468032.218977, 1715.189000]: [mission] fase "arco1"/puxa: RECUANDO 0.022 m só com as rodas
[INFO] [1791468032.678890, 1715.640000]: [mission] fase "arco1"/puxa: concluído (0.023 m)
[INFO] [1791468032.681053, 1715.642000]: [mission] fase "arco1": modo whole-body/Fuzzy (YAML)
[INFO] [1791468032.884804, 1715.844000]: [mission] plano de exclusão publicado: parede em [ 2.000e-03  2.999e+00 -0.000e+00], normal segura [-0.002 -1.     0.   ]
[INFO] [1791468033.193044, 1716.148000]: [mission] fase "arco1": whole-body assumiu (base livre, restrita pelo plano de exclusão)
[INFO] [1791468033.294737, 1716.249000]: [mission] fase "arco1": whole-body a 0.0170 m do alvo — eixo=+6.7 prof=-2.4 alt=-15.5 mm
[INFO] [1791468033.797429, 1716.749000]: [mission] fase "arco1" alcançada por whole-body em 0.6s (0.0090 m) — no frame da parede eixo=+6.7 prof=-3.8 alt=-4.6 mm (tolerância 40/10/15)
[INFO] [1791468033.798542, 1716.750000]: [mission] arco1: SOLTURA observável — recuo 56.9 mm desde a captura (mín 40) com deriva de eixo +2.4 mm → SOLTA
[INFO] [1791468034.006606, 1716.957000]: [mission] waypoint de 15° — lâmina medida em 14.8° (abertura por CONTATO)
[INFO] [1791468034.513506, 1717.459000]: [mission] fase "arco2"/puxa: RECUANDO 0.048 m só com as rodas
[INFO] [1791468035.431824, 1718.360000]: [mission] fase "arco2"/puxa: concluído (0.048 m)
[INFO] [1791468035.433523, 1718.362000]: [mission] fase "arco2": modo whole-body/Fuzzy (YAML)
[INFO] [1791468035.638124, 1718.564000]: [mission] plano de exclusão publicado: parede em [ 2.000e-03  2.999e+00 -0.000e+00], normal segura [-0.002 -1.     0.   ]
[INFO] [1791468035.966829, 1718.866000]: [mission] fase "arco2": whole-body assumiu (base livre, restrita pelo plano de exclusão)
[INFO] [1791468035.968274, 1718.867000]: [mission] fase "arco2": whole-body a 0.0145 m do alvo — eixo=+6.8 prof=+1.3 alt=-12.7 mm
[INFO] [1791468036.369300, 1719.267000]: [mission] fase "arco2" alcançada por whole-body em 0.4s (0.0080 m) — no frame da parede eixo=+6.8 prof=-1.3 alt=-4.1 mm (tolerância 40/10/15)
[INFO] [1791468036.584241, 1719.478000]: [mission] waypoint de 30° — lâmina medida em 31.0° (abertura por CONTATO)
[INFO] [1791468037.102220, 1719.979000]: [mission] fase "desengata": modo IK iterativa (YAML)
[INFO] [1791468037.105693, 1719.983000]: [mission] âncora engatada (fase "desengata")
[INFO] [1791468044.142172, 1726.899000]: [mission] fase "desengata" it0: ponta (0.289, 2.772, 0.752) erro=0.0050 | degrau eixo 4.0° | rolagem 4.0° | IK pediu [-11.8 -19.8  -0.   79.1  -6.7] | faltou [ 0.6  0.5 -1.2  0.5 -0. ] graus
[INFO] [1791468044.145319, 1726.903000]: [mission] âncora solta — 5 correções de deriva
[INFO] [1791468044.147227, 1726.904000]: [mission] fase "desengata" alcançada em 1 iteração(ões) (0.0050 m) — âncora corrigiu 5 vez(es)
[INFO] [1791468044.663357, 1727.413000]: [mission] MANIPULATE concluída — chave ABERTA, lâmina medida em 30.9°
[INFO] [1791468044.665915, 1727.416000]: State machine transitioning 'MANIPULATE':'done'-->'RETRACT'
[INFO] [1791468045.079054, 1727.822000]: [mission] âncora engatada (fase "saida_sobe")
[INFO] [1791468047.720448, 1730.428000]: [mission] fase "saida_sobe" it0: ponta (0.293, 2.777, 0.780) erro=0.0046 | degrau eixo 3.8° | rolagem 3.8° | IK pediu [-11.3 -16.4  -0.   77.7  -6.9] | faltou [0. 0. 0. 0. 0.] graus
[INFO] [1791468047.722096, 1730.430000]: [mission] fase "saida_sobe" it0: no frame da parede eixo=+2.6 prof=+3.0 alt=+2.4 mm (tolerância 30/20/10)
[INFO] [1791468047.722765, 1730.430000]: [mission] âncora solta — 1 correções de deriva
[INFO] [1791468047.723323, 1730.431000]: [mission] fase "saida_sobe" alcançada em 1 iteração(ões) (0.0046 m) — âncora corrigiu 1 vez(es)
[INFO] [1791468047.724999, 1730.433000]: [mission] âncora engatada (fase "saida_eixo")
[INFO] [1791468057.262384, 1739.826000]: [mission] fase "saida_eixo" it0: ponta (0.414, 2.776, 0.781) erro=0.0041 | degrau eixo 9.6° | rolagem 9.7° | IK pediu [-20.7 -14.8   0.   71.2 -14.8] | faltou [ 0.2  1.6 -3.7  1.8 -0. ] graus
[INFO] [1791468057.265800, 1739.830000]: [mission] fase "saida_eixo" it0: no frame da parede eixo=+3.3 prof=+2.1 alt=+1.0 mm (tolerância 20/20/15)
[INFO] [1791468057.267712, 1739.832000]: [mission] âncora solta — 7 correções de deriva
[INFO] [1791468057.269239, 1739.834000]: [mission] fase "saida_eixo" alcançada em 1 iteração(ões) (0.0041 m) — âncora corrigiu 7 vez(es)
[INFO] [1791468057.273748, 1739.838000]: [mission] âncora engatada (fase "saida_fora")
[INFO] [1791468060.840149, 1743.363000]: [mission] fase "saida_fora" it0: ponta (0.415, 2.676, 0.781) erro=0.0048 | degrau eixo 5.0° | rolagem 5.1° | IK pediu [-23.3 -19.9   0.   95.5 -20. ] | faltou [0. 0. 0. 0. 0.] graus
[INFO] [1791468060.844098, 1743.368000]: [mission] fase "saida_fora" it0: no frame da parede eixo=+4.0 prof=+2.4 alt=+0.9 mm (tolerância 30/20/20)
[INFO] [1791468060.845789, 1743.369000]: [mission] âncora solta — 2 correções de deriva
[INFO] [1791468060.847836, 1743.371000]: [mission] fase "saida_fora" alcançada em 1 iteração(ões) (0.0048 m) — âncora corrigiu 2 vez(es)
[INFO] [1791468060.849777, 1743.373000]: [mission] RETRACT/afasta: RECUANDO 0.250 m só com as rodas
[INFO] [1791468065.321426, 1747.775000]: [mission] RETRACT/afasta: concluído (0.254 m)
[INFO] [1791468065.324230, 1747.778000]: [mission] postura "stow_home" comandada: [0.0, 1.1, -1.04, -1.8, 0.0]
[INFO] [1791468081.508199, 1763.680000]: State machine transitioning 'RETRACT':'ok'-->'RETURN'
[INFO] [1791468081.510372, 1763.682000]: [mission] RETURN — voltando a (-0.00, 1.00, -0.01 rad)
[INFO] [1791468093.741625, 1775.733000]: [mission] RETURN: alinhado, avançando (1.06 m)
[INFO] [1791468093.792162, 1775.783000]: [mission] teto por postura ativo no drive: v<=0.24 w<=0.50 rampa 0.53/1.50
[INFO] [1791468101.971789, 1783.833000]: [mission] RETURN: chegou, ajustando heading final
[INFO] [1791468102.023996, 1783.883000]: [mission] teto por postura ativo no drive: v<=0.24 w<=0.50 rampa 0.53/1.51
[INFO] [1791468108.982419, 1790.733000]: [mission] RETURN: concluído
[INFO] [1791468108.983700, 1790.734000]: State machine terminating 'RETURN':'home':'MISSION_OK'
[INFO] [1791468108.985650, 1790.736000]: [mission] resultado: MISSION_OK
... logging to /home/marco/.ros/log/899e01fe-c31c-11f1-ac84-b025aa85b2a2/roslaunch-shiroi-3722317.log
Checking log directory for disk usage. This may take a while.
Press Ctrl-C to interrupt
]2;/home/marco/b166er/src/b166er_whole_body_control/launch/chave_mission.launch
[1mstarted roslaunch server http://shiroi:40809/[0m

SUMMARY
========

PARAMETERS
 * /chave_mission/estado_final: 
 * /chave_mission/estado_inicial: HOME
 * /chave_mission/pausa_por_fase: False
 * /chave_mission/search_omega: 0.35
 * /chave_mission/standoff_distance: 0.62
 * /chave_mission/use_wholebody: False
 * /chave_seccionadora_task/aproxima_lateral/modo: ik
 * /chave_seccionadora_task/aproxima_lateral/offset_xyz_m: [-0.09, 0.008, 0.01]
 * /chave_seccionadora_task/aproxima_lateral/tol_xyz_m: [0.04, 0.008, 0.005]
 * /chave_seccionadora_task/arco1/blade_angle_deg: 15
 * /chave_seccionadora_task/arco1/deriva_eixo_max_m: 0.015
 * /chave_seccionadora_task/arco1/modo: wb
 * /chave_seccionadora_task/arco1/offset_xyz_m: [0.0, 0.0518, -0....
 * /chave_seccionadora_task/arco1/soltura_recuo_min_m: 0.04
 * /chave_seccionadora_task/arco1/tol_xyz_m: [0.04, 0.01, 0.015]
 * /chave_seccionadora_task/arco2/blade_angle_deg: 30
 * /chave_seccionadora_task/arco2/deriva_eixo_max_m: 0.015
 * /chave_seccionadora_task/arco2/modo: wb
 * /chave_seccionadora_task/arco2/offset_xyz_m: [0.0, 0.1, -0.0518]
 * /chave_seccionadora_task/arco2/tol_xyz_m: [0.04, 0.01, 0.015]
 * /chave_seccionadora_task/atravessa/modo: ik
 * /chave_seccionadora_task/atravessa/offset_xyz_m: [-0.008, 0.008, 0...
 * /chave_seccionadora_task/atravessa/tol_xyz_m: [0.008, 0.006, 0....
 * /chave_seccionadora_task/captura/modo: ik
 * /chave_seccionadora_task/captura/offset_xyz_m: [-0.008, 0.0, -0.01]
 * /chave_seccionadora_task/captura/tol_xyz_m: [0.008, 0.006, 0.01]
 * /chave_seccionadora_task/desengata/modo: ik
 * /chave_seccionadora_task/desengata/offset_xyz_m: [-0.09, 0.1, -0.0...
 * /chave_seccionadora_task/destrava/curso_estagna_m: 0.01
 * /chave_seccionadora_task/destrava/curso_margem_m: 0.002
 * /chave_seccionadora_task/destrava/curso_min_m: 0.018
 * /chave_seccionadora_task/destrava/curso_teto_m: 0.022
 * /chave_seccionadora_task/destrava/modo: wb
 * /chave_seccionadora_task/destrava/offset_xyz_m: [0.0, 0.0, -0.025]
 * /chave_seccionadora_task/destrava/tol_xyz_m: [0.01, 0.006, 0.004]
 * /chave_seccionadora_task/libera/deriva_eixo_max_m: 0.015
 * /chave_seccionadora_task/libera/modo: wb
 * /chave_seccionadora_task/libera/offset_xyz_m: [0.0, 0.03, -0.025]
 * /chave_seccionadora_task/libera/tol_xyz_m: [0.04, 0.008, 0.006]
 * /chave_seccionadora_task/orienta/modo: ik
 * /chave_seccionadora_task/orienta/offset_xyz_m: [-0.09, 0.15, 0.0...
 * /chave_seccionadora_task/reassenta_sobe/tol_xyz_m: [0.03, 0.02, 0.005]
 * /chave_seccionadora_task/saida_eixo/tol_xyz_m: [0.02, 0.02, 0.015]
 * /chave_seccionadora_task/saida_fora/tol_xyz_m: [0.03, 0.02, 0.02]
 * /chave_seccionadora_task/saida_sobe/tol_xyz_m: [0.03, 0.02, 0.01]
 * /chave_seccionadora_task/target_frame: chave_olhal_link
 * /fuzzy_wb_controller/fixed_gains: []
 * /rosdistro: noetic
 * /rosversion: 1.17.4

NODES
  /
    chave_mission (b166er_whole_body_control/chave_mission.py)

[1mROS_MASTER_URI=http://localhost:11311[0m
]2;/home/marco/b166er/src/b166er_whole_body_control/launch/chave_mission.launch http://localhost:11311
[1mprocess[chave_mission-1]: started with pid [3722364][0m
[1m[chave_mission-1] process has finished cleanly
log file: /home/marco/.ros/log/899e01fe-c31c-11f1-ac84-b025aa85b2a2/chave_mission-1*.log[0m
all processes on machine have died, roslaunch will exit
shutting down processing monitor...
... shutting down processing monitor complete
[1mdone[0m
