[31mWARNING: disk usage in log directory [/home/marco/.ros/log] is over 1GB.
It's recommended that you use the 'rosclean' command.[0m
the rosdep view is empty: call 'sudo rosdep init' and 'rosdep update'
[WARN] [1791468390.067639, 2065.208000]: [mission] SEARCH: ajuste não convergiu em 8s (raio 0.53) — amostrando assim mesmo
[WARN] [1791468396.405096, 2071.444000]: [mission] SEARCH: 16 de 25 amostras descartadas como outlier (>0.15 m ou >0.20 rad da mediana)
[WARN] [1791468396.458278, 2071.499000]: [mission] SEARCH: laser com só 17 pontos de parede (mín 30) — parede fica pela tag
[INFO] [1791468369.990851, 0.000000]: garra_dx = 0.000 m (fechada)
[INFO] [1791468370.082267, 2045.490000]: State machine starting in initial state 'HOME' with userdata: 
	[]
[INFO] [1791468370.282989, 2045.691000]: [mission] pose de partida registrada: (0.01, 1.00, 0.02 rad)
[INFO] [1791468370.287176, 2045.695000]: [mission] HOME: homing pelos fins de curso (J4, J3, J2)
[INFO] [1791468372.218487, 2047.596000]: [mission] HOME: braço nos fins de curso — partindo daqui para o SEARCH
[INFO] [1791468372.220239, 2047.597000]: State machine transitioning 'HOME':'ok'-->'SEARCH'
[INFO] [1791468372.222003, 2047.599000]: [mission] postura "search" comandada: [0.0, 1.0, -1.0, 0.0, 0.0]
[INFO] [1791468380.041271, 2055.301000]: [mission] SEARCH — girando à procura da tag...
[INFO] [1791468380.044850, 2055.304000]: [mission] SEARCH: amostra quando a tag estiver a raio 0.35-0.50 do quadro (vista oblíqua; omega fina 0.15 rad/s)
[INFO] [1791468381.915556, 2057.156000]: [mission] SEARCH: tag a raio 0.97 — girando até <= 0.50
[INFO] [1791468390.068750, 2065.209000]: [mission] tag avistada — parando para medir
[INFO] [1791468391.096181, 2066.215000]: [mission] âncora engatada (coleta do SEARCH)
[INFO] [1791468391.097264, 2066.216000]: [mission] SEARCH: coleta com dither ±0.05 rad/s (período 3.0 s)
[INFO] [1791468396.394109, 2071.435000]: [mission] âncora solta — 6 correções de deriva
[INFO] [1791468396.395415, 2071.436000]: [mission] SEARCH: âncora corrigiu a deriva 6 vez(es) durante a coleta
[INFO] [1791468396.406915, 2071.448000]: [mission] SEARCH: 9 amostras — parede (0.025, 3.103, -0.001) yaw=2.888
[INFO] [1791468396.459860, 2071.500000]: [mission] parede localizada em (0.025, 3.103, -0.001)
[INFO] [1791468396.466145, 2071.505000]: State machine transitioning 'SEARCH':'found'-->'APPROACH'
[INFO] [1791468396.468835, 2071.508000]: [mission] APPROACH etapa 1/2 — 1.30 m do olhal, alvo (-0.14, 1.67, 1.32 rad)
[INFO] [1791468401.290025, 2076.260000]: [mission] APPROACH: alinhado, avançando (0.86 m)
[INFO] [1791468401.340148, 2076.310000]: [mission] teto por postura ativo no drive: v<=0.18 w<=0.50 rampa 0.46/1.51
[INFO] [1791468408.299080, 2083.160000]: [mission] APPROACH: chegou, ajustando heading final
[INFO] [1791468408.350231, 2083.210000]: [mission] teto por postura ativo no drive: v<=0.18 w<=0.50 rampa 0.46/1.51
[INFO] [1791468412.337571, 2087.110000]: [mission] APPROACH: concluído
[INFO] [1791468413.356765, 2088.115000]: [mission] âncora engatada (coleta do APPROACH/remedida)
[INFO] [1791468413.359103, 2088.118000]: [mission] APPROACH/remedida: coleta com dither ±0.05 rad/s (período 3.0 s)
[INFO] [1791468414.604725, 2089.339000]: [mission] âncora solta — 2 correções de deriva
[INFO] [1791468414.606518, 2089.340000]: [mission] APPROACH/remedida: âncora corrigiu a deriva 2 vez(es) durante a coleta
[INFO] [1791468414.609439, 2089.343000]: [mission] APPROACH/remedida: 10 amostras — parede (0.005, 2.997, -0.002) yaw=-3.127
[INFO] [1791468414.662922, 2089.396000]: [mission] APPROACH/remedida: parede pelo LASER — 92 pontos, resíduo 5.0 mm: profundidade -2.9 mm e yaw -0.64° em relação à tag → parede (0.005, 3.000, -0.002) yaw=-3.138
[INFO] [1791468414.665097, 2089.398000]: [mission] APPROACH etapa 2/2 — 0.88 m do olhal, alvo (0.38, 1.99, 1.57 rad)
[INFO] [1791468419.839275, 2094.500000]: [mission] APPROACH: alinhado, avançando (0.67 m)
[INFO] [1791468419.889730, 2094.550000]: [mission] teto por postura ativo no drive: v<=0.18 w<=0.50 rampa 0.46/1.51
[INFO] [1791468425.418471, 2100.000000]: [mission] APPROACH: chegou, ajustando heading final
[INFO] [1791468425.470282, 2100.050000]: [mission] teto por postura ativo no drive: v<=0.18 w<=0.50 rampa 0.46/1.51
[INFO] [1791468431.874815, 2106.350000]: [mission] APPROACH: concluído
[INFO] [1791468431.881520, 2106.357000]: State machine transitioning 'APPROACH':'arrived'-->'REFINE'
[INFO] [1791468431.883804, 2106.359000]: [mission] REFINE — remedindo a parede de perto (10 amostras)
[INFO] [1791468431.889263, 2106.364000]: [mission] âncora engatada (coleta do REFINE)
[INFO] [1791468431.891690, 2106.367000]: [mission] REFINE: coleta com dither ±0.05 rad/s (período 3.0 s)
[INFO] [1791468433.466669, 2107.913000]: [mission] âncora solta — 4 correções de deriva
[INFO] [1791468433.470181, 2107.917000]: [mission] REFINE: âncora corrigiu a deriva 4 vez(es) durante a coleta
[INFO] [1791468433.473560, 2107.919000]: [mission] REFINE: 10 amostras — parede (0.000, 3.002, -0.001) yaw=3.138
[INFO] [1791468433.527717, 2107.974000]: [mission] REFINE: parede pelo LASER — 86 pontos, resíduo 4.9 mm: profundidade +2.6 mm e yaw +0.25° em relação à tag → parede (0.000, 2.999, -0.001) yaw=-3.141
[INFO] [1791468433.529915, 2107.976000]: [mission] REFINE: deslocou 0.005 m da estimativa anterior
[INFO] [1791468433.531799, 2107.978000]: [mission] olhal estimado em (0.200, 2.869, 0.804)
[INFO] [1791468433.540931, 2107.987000]: State machine transitioning 'REFINE':'ok'-->'DEPLOY'
[INFO] [1791468433.543761, 2107.989000]: [mission] DEPLOY: IK resolvida para a POSE DE MANIPULAÇÃO (0.20, 2.25, 1.57 rad), não para a atual
[INFO] [1791468438.509001, 2112.810000]: [mission] DEPLOY: IK nivelada 0.0712 m, só eixo 0.0014 m — a MISSÃO INTEIRA usa "eixo"
[INFO] [1791468438.510562, 2112.945000]: [mission] DEPLOY: IK da ponta resolvida (resíduo 0.0014 m, degrau 0.4°) — pré-posicionando em [-10.9 -46.6  60.   78.6 -10.9] graus
[INFO] [1791468449.454525, 2123.746000]: [mission] plano de exclusão publicado: parede em [ 0.000e+00  2.999e+00 -1.000e-03], normal segura [ 0.001 -1.     0.   ]
[INFO] [1791468449.664228, 2123.953000]: [mission] teto por postura ativo no drive: v<=0.26 w<=0.50 rampa 0.55/1.61
[INFO] [1791468453.621567, 2127.853000]: [mission] DEPLOY/aproxima: alinhado, avançando (0.36 m)
[INFO] [1791468457.421312, 2131.604000]: [mission] DEPLOY/aproxima: chegou, ajustando heading final
[INFO] [1791468457.470783, 2131.653000]: [mission] teto por postura ativo no drive: v<=0.25 w<=0.50 rampa 0.54/1.61
[INFO] [1791468461.930186, 2136.053000]: [mission] DEPLOY/aproxima: concluído
[INFO] [1791468461.931470, 2136.055000]: State machine transitioning 'DEPLOY':'ok'-->'MANIPULATE'
[INFO] [1791468461.933990, 2136.057000]: [mission] fase "orienta": modo IK iterativa (YAML)
[INFO] [1791468461.936811, 2136.060000]: [mission] âncora engatada (fase "orienta")
[INFO] [1791468471.034565, 2144.963000]: [mission] fase "orienta" it0: ponta (0.294, 2.722, 0.811) erro=0.0043 | degrau eixo 0.4° | rolagem 0.4° | IK pediu [-20.8 -20.5   7.1 102.  -15.8] | faltou [-0.2 -1.   2.2 -1.4 -0.1] graus
[INFO] [1791468471.036504, 2144.965000]: [mission] âncora solta — 4 correções de deriva
[INFO] [1791468471.038177, 2144.967000]: [mission] fase "orienta" alcançada em 1 iteração(ões) (0.0043 m) — âncora corrigiu 4 vez(es)
[INFO] [1791468471.555090, 2145.471000]: [mission] fase "aproxima_lateral": modo IK iterativa (YAML)
[INFO] [1791468471.561041, 2145.477000]: [mission] âncora engatada (fase "aproxima_lateral")
[INFO] [1791468478.435469, 2152.204000]: [mission] fase "aproxima_lateral" it0: ponta (0.291, 2.864, 0.813) erro=0.0030 | degrau eixo 5.8° | rolagem 5.9° | IK pediu [-17.7 -12.7  -0.   75.1 -11.3] | faltou [-0.4  1.6 -3.6  1.9 -0. ] graus
[INFO] [1791468478.439577, 2152.209000]: [mission] fase "aproxima_lateral" it0: no frame da parede eixo=+0.5 prof=+2.9 alt=+0.4 mm (tolerância 40/8/5)
[INFO] [1791468478.441821, 2152.211000]: [mission] âncora solta — 1 correções de deriva
[INFO] [1791468478.443359, 2152.213000]: [mission] fase "aproxima_lateral" alcançada em 1 iteração(ões) (0.0030 m) — âncora corrigiu 1 vez(es)
[INFO] [1791468478.953702, 2152.718000]: [mission] fase "atravessa": modo IK iterativa (YAML)
[INFO] [1791468478.956364, 2152.720000]: [mission] âncora engatada (fase "atravessa")
[INFO] [1791468482.811351, 2156.465000]: [mission] fase "atravessa" it0: ponta (0.209, 2.863, 0.813) erro=0.0024 | degrau eixo 2.4° | rolagem 2.4° | IK pediu [-11.3 -13.6  -0.2  79.5  -5.3] | faltou [0. 0. 0. 0. 0.] graus
[INFO] [1791468482.815899, 2156.469000]: [mission] fase "atravessa" it0: no frame da parede eixo=+0.9 prof=+1.9 alt=+1.2 mm (tolerância 8/6/5)
[WARN] [1791468494.995529, 2168.418000]: [mission] fase "destrava": descida estagnou em 16.8 mm (mín 10 para aceitar; alvo 18) — fim de curso do mecanismo, fechando a fase
[WARN] [1791468510.808626, 2183.925000]: [mission] RETRACT: ponta a 0.137 m do olhal — saindo em degraus: sobe 30 mm, 120 mm pelo eixo do furo, 100 mm para fora, antes de recolher
[INFO] [1791468482.816834, 2156.470000]: [mission] fase "atravessa" alcançada em 1 iteração(ões) (0.0024 m)
[INFO] [1791468483.336263, 2156.973000]: [mission] fase "captura": modo IK iterativa (YAML)
[INFO] [1791468483.340411, 2156.977000]: [mission] âncora engatada (fase "captura")
[INFO] [1791468486.659226, 2160.199000]: [mission] fase "captura" it0: ponta (0.209, 2.875, 0.790) erro=0.0069 | degrau eixo 2.6° | rolagem 2.6° | IK pediu [-11.4 -15.5  -0.1  78.8  -5.1] | faltou [0. 0. 0. 0. 0.] graus
[INFO] [1791468486.661191, 2160.201000]: [mission] fase "captura" it0: no frame da parede eixo=+0.4 prof=+5.4 alt=+4.2 mm (tolerância 8/6/10)
[INFO] [1791468486.662738, 2160.203000]: [mission] fase "captura" alcançada em 1 iteração(ões) (0.0069 m)
[INFO] [1791468486.669028, 2160.209000]: [mission] captura: ponta registrada em eixo=-8.4 prof=-5.4 alt=-14.2 mm (zero da descida do destrava e da deriva de eixo)
[INFO] [1791468487.177785, 2160.711000]: [mission] fase "destrava": alvo em altura relativo à captura: -34.2 mm (captura -14.2 − curso 18 − margem 2)
[INFO] [1791468487.179400, 2160.712000]: [mission] fase "destrava": modo whole-body/Fuzzy (YAML)
[INFO] [1791468487.387945, 2160.914000]: [mission] plano de exclusão publicado: parede em [ 0.000e+00  2.999e+00 -1.000e-03], normal segura [ 0.001 -1.     0.   ]
[INFO] [1791468487.698864, 2161.218000]: [mission] fase "destrava": whole-body assumiu (base livre, restrita pelo plano de exclusão)
[INFO] [1791468487.700103, 2161.219000]: [mission] fase "destrava": whole-body a 0.0202 m do alvo — eixo=+8.4 prof=+4.9 alt=-17.8 mm
[INFO] [1791468489.839841, 2163.318000]: [mission] fase "destrava": whole-body a 0.0103 m do alvo — eixo=+8.2 prof=-1.8 alt=-6.1 mm
[INFO] [1791468491.962684, 2165.418000]: [mission] fase "destrava": whole-body a 0.0278 m do alvo — eixo=+8.0 prof=-26.6 alt=+1.1 mm
[INFO] [1791468494.090340, 2167.518000]: [mission] fase "destrava": whole-body a 0.0237 m do alvo — eixo=+8.0 prof=-22.3 alt=-0.2 mm
[INFO] [1791468495.216980, 2168.633000]: [mission] destrava: ponta desceu 16.4 mm desde a captura (critério observável) | lingueta 16.2 mm (só na simulação)
[INFO] [1791468495.220471, 2168.636000]: [mission] destrava: lingueta em 16.2 mm — gatilho solto
[INFO] [1791468495.742345, 2169.138000]: [mission] fase "libera": modo whole-body/Fuzzy (YAML)
[INFO] [1791468495.949066, 2169.340000]: [mission] plano de exclusão publicado: parede em [ 0.000e+00  2.999e+00 -1.000e-03], normal segura [ 0.001 -1.     0.   ]
[INFO] [1791468496.255123, 2169.644000]: [mission] fase "libera": whole-body assumiu (base livre, restrita pelo plano de exclusão)
[INFO] [1791468496.257471, 2169.647000]: [mission] fase "libera": whole-body a 0.0261 m do alvo — eixo=+8.1 prof=+24.0 alt=+6.3 mm
[INFO] [1791468498.390272, 2171.746000]: [mission] fase "libera" alcançada por whole-body em 2.1s (0.0081 m) — no frame da parede eixo=+8.0 prof=-1.2 alt=-0.8 mm (tolerância 40/8/6)
[INFO] [1791468499.126271, 2172.452000]: [mission] fase "arco1"/puxa: RECUANDO 0.022 m só com as rodas
[INFO] [1791468499.538946, 2172.854000]: [mission] fase "arco1"/puxa: concluído (0.022 m)
[INFO] [1791468499.541992, 2172.857000]: [mission] fase "arco1": modo whole-body/Fuzzy (YAML)
[INFO] [1791468499.756783, 2173.060000]: [mission] plano de exclusão publicado: parede em [ 0.000e+00  2.999e+00 -1.000e-03], normal segura [ 0.001 -1.     0.   ]
[INFO] [1791468500.068538, 2173.366000]: [mission] fase "arco1": whole-body assumiu (base livre, restrita pelo plano de exclusão)
[INFO] [1791468500.072033, 2173.369000]: [mission] fase "arco1": whole-body a 0.0088 m do alvo — eixo=+8.0 prof=+2.1 alt=-3.0 mm
[INFO] [1791468500.481505, 2173.768000]: [mission] fase "arco1" alcançada por whole-body em 0.4s (0.0082 m) — no frame da parede eixo=+8.0 prof=-2.0 alt=-0.9 mm (tolerância 40/10/15)
[INFO] [1791468500.482493, 2173.769000]: [mission] arco1: SOLTURA observável — recuo 59.2 mm desde a captura (mín 40) com deriva de eixo +0.5 mm → SOLTA
[INFO] [1791468500.696871, 2173.978000]: [mission] waypoint de 15° — lâmina medida em 15.7° (abertura por CONTATO)
[INFO] [1791468501.208472, 2174.479000]: [mission] fase "arco2"/puxa: RECUANDO 0.048 m só com as rodas
[INFO] [1791468502.132711, 2175.380000]: [mission] fase "arco2"/puxa: concluído (0.049 m)
[INFO] [1791468502.136436, 2175.383000]: [mission] fase "arco2": modo whole-body/Fuzzy (YAML)
[INFO] [1791468502.350753, 2175.587000]: [mission] plano de exclusão publicado: parede em [ 0.000e+00  2.999e+00 -1.000e-03], normal segura [ 0.001 -1.     0.   ]
[INFO] [1791468502.659144, 2175.894000]: [mission] fase "arco2": whole-body assumiu (base livre, restrita pelo plano de exclusão)
[INFO] [1791468502.661541, 2175.896000]: [mission] fase "arco2": whole-body a 0.0127 m do alvo — eixo=+7.9 prof=+2.6 alt=-9.7 mm
[INFO] [1791468503.070292, 2176.295000]: [mission] fase "arco2" alcançada por whole-body em 0.4s (0.0106 m) — no frame da parede eixo=+7.8 prof=-4.0 alt=-5.9 mm (tolerância 40/10/15)
[INFO] [1791468503.281672, 2176.503000]: [mission] waypoint de 30° — lâmina medida em 32.0° (abertura por CONTATO)
[INFO] [1791468503.790991, 2177.005000]: [mission] fase "desengata": modo IK iterativa (YAML)
[INFO] [1791468503.793453, 2177.007000]: [mission] âncora engatada (fase "desengata")
[INFO] [1791468509.871668, 2183.010000]: [mission] fase "desengata" it0: ponta (0.285, 2.773, 0.752) erro=0.0070 | degrau eixo 4.5° | rolagem 4.5° | IK pediu [-17.9 -23.    0.   92.9 -12.5] | faltou [ 0.7 -1.9  4.2 -2.4  0. ] graus
[INFO] [1791468509.874969, 2183.014000]: [mission] âncora solta — 3 correções de deriva
[INFO] [1791468509.876565, 2183.015000]: [mission] fase "desengata" alcançada em 1 iteração(ões) (0.0070 m) — âncora corrigiu 3 vez(es)
[INFO] [1791468510.394580, 2183.524000]: [mission] MANIPULATE concluída — chave ABERTA, lâmina medida em 31.9°
[INFO] [1791468510.395191, 2183.524000]: State machine transitioning 'MANIPULATE':'done'-->'RETRACT'
[INFO] [1791468510.815437, 2183.932000]: [mission] âncora engatada (fase "saida_sobe")
[INFO] [1791468513.473350, 2186.541000]: [mission] fase "saida_sobe" it0: ponta (0.284, 2.778, 0.779) erro=0.0049 | degrau eixo 3.9° | rolagem 3.9° | IK pediu [-17.4 -19.4   0.   91.6 -12.1] | faltou [0. 0. 0. 0. 0.] graus
[INFO] [1791468513.476841, 2186.546000]: [mission] fase "saida_sobe" it0: no frame da parede eixo=-1.0 prof=+3.6 alt=+3.1 mm (tolerância 30/20/10)
[INFO] [1791468513.478981, 2186.548000]: [mission] fase "saida_sobe" alcançada em 1 iteração(ões) (0.0049 m)
[INFO] [1791468513.484371, 2186.553000]: [mission] âncora engatada (fase "saida_eixo")
[INFO] [1791468520.813601, 2193.758000]: [mission] fase "saida_eixo" it0: ponta (0.405, 2.777, 0.782) erro=0.0020 | degrau eixo 9.2° | rolagem 9.2° | IK pediu [-27.7 -17.9   0.   83.6 -21.1] | faltou [-0.2  1.8 -4.2  2.3  0. ] graus
[INFO] [1791468520.816894, 2193.762000]: [mission] fase "saida_eixo" it0: no frame da parede eixo=+0.4 prof=+2.0 alt=-0.2 mm (tolerância 20/20/15)
[INFO] [1791468520.818282, 2193.764000]: [mission] âncora solta — 3 correções de deriva
[INFO] [1791468520.819483, 2193.765000]: [mission] fase "saida_eixo" alcançada em 1 iteração(ões) (0.0020 m) — âncora corrigiu 3 vez(es)
[INFO] [1791468520.824356, 2193.770000]: [mission] âncora engatada (fase "saida_fora")
[INFO] [1791468531.727746, 2204.475000]: [mission] fase "saida_fora" it0: ponta (0.401, 2.676, 0.783) erro=0.0042 | degrau eixo 2.8° | rolagem 2.9° | IK pediu [-32.  -21.1   0.  104.8 -26.8] | faltou [ 0.3 -1.3  3.  -1.7 -0. ] graus
[INFO] [1791468531.731086, 2204.479000]: [mission] fase "saida_fora" it0: no frame da parede eixo=-3.9 prof=+1.4 alt=-1.1 mm (tolerância 30/20/20)
[INFO] [1791468531.733353, 2204.481000]: [mission] âncora solta — 4 correções de deriva
[INFO] [1791468531.735024, 2204.483000]: [mission] fase "saida_fora" alcançada em 1 iteração(ões) (0.0042 m) — âncora corrigiu 4 vez(es)
[INFO] [1791468531.736894, 2204.484000]: [mission] RETRACT/afasta: RECUANDO 0.250 m só com as rodas
[INFO] [1791468536.368903, 2209.036000]: [mission] RETRACT/afasta: concluído (0.254 m)
[INFO] [1791468536.370447, 2209.038000]: [mission] postura "stow_home" comandada: [0.0, 1.1, -1.04, -1.8, 0.0]
[INFO] [1791468553.445062, 2225.839000]: State machine transitioning 'RETRACT':'ok'-->'RETURN'
[INFO] [1791468553.446918, 2225.840000]: [mission] RETURN — voltando a (0.01, 1.00, 0.02 rad)
[INFO] [1791468567.062292, 2239.243000]: [mission] RETURN: alinhado, avançando (1.16 m)
[INFO] [1791468567.112396, 2239.293000]: [mission] teto por postura ativo no drive: v<=0.24 w<=0.50 rampa 0.53/1.50
[INFO] [1791468575.893826, 2247.943000]: [mission] RETURN: chegou, ajustando heading final
[INFO] [1791468575.945071, 2247.993000]: [mission] teto por postura ativo no drive: v<=0.24 w<=0.50 rampa 0.53/1.51
[INFO] [1791468583.292062, 2255.243000]: [mission] RETURN: concluído
[INFO] [1791468583.293925, 2255.244000]: State machine terminating 'RETURN':'home':'MISSION_OK'
[INFO] [1791468583.296232, 2255.246000]: [mission] resultado: MISSION_OK
... logging to /home/marco/.ros/log/899e01fe-c31c-11f1-ac84-b025aa85b2a2/roslaunch-shiroi-3731562.log
Checking log directory for disk usage. This may take a while.
Press Ctrl-C to interrupt
]2;/home/marco/b166er/src/b166er_whole_body_control/launch/chave_mission.launch
[1mstarted roslaunch server http://shiroi:35435/[0m

SUMMARY
========

PARAMETERS
 * /chave_mission/estado_final: 
 * /chave_mission/estado_inicial: HOME
 * /chave_mission/pausa_por_fase: False
 * /chave_mission/search_omega: 0.35
 * /chave_mission/standoff_distance: 0.62
 * /chave_mission/use_wholebody: False
 * /chave_seccionadora_task/aproxima_lateral/modo: ik
 * /chave_seccionadora_task/aproxima_lateral/offset_xyz_m: [-0.09, 0.008, 0.01]
 * /chave_seccionadora_task/aproxima_lateral/tol_xyz_m: [0.04, 0.008, 0.005]
 * /chave_seccionadora_task/arco1/blade_angle_deg: 15
 * /chave_seccionadora_task/arco1/deriva_eixo_max_m: 0.015
 * /chave_seccionadora_task/arco1/modo: wb
 * /chave_seccionadora_task/arco1/offset_xyz_m: [0.0, 0.0518, -0....
 * /chave_seccionadora_task/arco1/soltura_recuo_min_m: 0.04
 * /chave_seccionadora_task/arco1/tol_xyz_m: [0.04, 0.01, 0.015]
 * /chave_seccionadora_task/arco2/blade_angle_deg: 30
 * /chave_seccionadora_task/arco2/deriva_eixo_max_m: 0.015
 * /chave_seccionadora_task/arco2/modo: wb
 * /chave_seccionadora_task/arco2/offset_xyz_m: [0.0, 0.1, -0.0518]
 * /chave_seccionadora_task/arco2/tol_xyz_m: [0.04, 0.01, 0.015]
 * /chave_seccionadora_task/atravessa/modo: ik
 * /chave_seccionadora_task/atravessa/offset_xyz_m: [-0.008, 0.008, 0...
 * /chave_seccionadora_task/atravessa/tol_xyz_m: [0.008, 0.006, 0....
 * /chave_seccionadora_task/captura/modo: ik
 * /chave_seccionadora_task/captura/offset_xyz_m: [-0.008, 0.0, -0.01]
 * /chave_seccionadora_task/captura/tol_xyz_m: [0.008, 0.006, 0.01]
 * /chave_seccionadora_task/desengata/modo: ik
 * /chave_seccionadora_task/desengata/offset_xyz_m: [-0.09, 0.1, -0.0...
 * /chave_seccionadora_task/destrava/curso_estagna_m: 0.01
 * /chave_seccionadora_task/destrava/curso_margem_m: 0.002
 * /chave_seccionadora_task/destrava/curso_min_m: 0.018
 * /chave_seccionadora_task/destrava/curso_teto_m: 0.022
 * /chave_seccionadora_task/destrava/modo: wb
 * /chave_seccionadora_task/destrava/offset_xyz_m: [0.0, 0.0, -0.025]
 * /chave_seccionadora_task/destrava/tol_xyz_m: [0.01, 0.006, 0.004]
 * /chave_seccionadora_task/libera/deriva_eixo_max_m: 0.015
 * /chave_seccionadora_task/libera/modo: wb
 * /chave_seccionadora_task/libera/offset_xyz_m: [0.0, 0.03, -0.025]
 * /chave_seccionadora_task/libera/tol_xyz_m: [0.04, 0.008, 0.006]
 * /chave_seccionadora_task/orienta/modo: ik
 * /chave_seccionadora_task/orienta/offset_xyz_m: [-0.09, 0.15, 0.0...
 * /chave_seccionadora_task/reassenta_sobe/tol_xyz_m: [0.03, 0.02, 0.005]
 * /chave_seccionadora_task/saida_eixo/tol_xyz_m: [0.02, 0.02, 0.015]
 * /chave_seccionadora_task/saida_fora/tol_xyz_m: [0.03, 0.02, 0.02]
 * /chave_seccionadora_task/saida_sobe/tol_xyz_m: [0.03, 0.02, 0.01]
 * /chave_seccionadora_task/target_frame: chave_olhal_link
 * /fuzzy_wb_controller/fixed_gains: []
 * /rosdistro: noetic
 * /rosversion: 1.17.4

NODES
  /
    chave_mission (b166er_whole_body_control/chave_mission.py)

[1mROS_MASTER_URI=http://localhost:11311[0m
]2;/home/marco/b166er/src/b166er_whole_body_control/launch/chave_mission.launch http://localhost:11311
[1mprocess[chave_mission-1]: started with pid [3731606][0m
[1m[chave_mission-1] process has finished cleanly
log file: /home/marco/.ros/log/899e01fe-c31c-11f1-ac84-b025aa85b2a2/chave_mission-1*.log[0m
all processes on machine have died, roslaunch will exit
shutting down processing monitor...
... shutting down processing monitor complete
[1mdone[0m
