[31mWARNING: disk usage in log directory [/home/marco/.ros/log] is over 1GB.
It's recommended that you use the 'rosclean' command.[0m
the rosdep view is empty: call 'sudo rosdep init' and 'rosdep update'
[WARN] [1791392738.642342, 1061.890000]: [mission] SEARCH: 12 de 25 amostras descartadas como outlier (>0.15 m ou >0.20 rad da mediana)
[WARN] [1791392738.694757, 1061.943000]: [mission] SEARCH: laser com só 16 pontos de parede (mín 30) — parede fica pela tag
[INFO] [1791392715.661636, 1039.280000]: garra_dx = 0.000 m (fechada)
[INFO] [1791392715.734054, 1039.354000]: State machine starting in initial state 'STOW_INIT' with userdata: 
	[]
[INFO] [1791392715.937349, 1039.555000]: [mission] pose de partida registrada: (0.00, 1.00, -0.00 rad)
[INFO] [1791392715.940272, 1039.557000]: [mission] postura "stow_home" comandada: [0.0, 1.13, -1.04, -1.8, 0.0]
[INFO] [1791392716.554230, 1040.161000]: State machine transitioning 'STOW_INIT':'ok'-->'SEARCH'
[INFO] [1791392716.558476, 1040.164000]: [mission] postura "search" comandada: [0.0, 1.0, -1.0, 0.0, 0.0]
[INFO] [1791392725.431937, 1048.867000]: [mission] SEARCH — girando à procura da tag...
[INFO] [1791392725.433290, 1048.868000]: [mission] SEARCH: amostra quando a tag estiver a raio 0.35-0.50 do quadro (vista oblíqua; omega fina 0.15 rad/s)
[INFO] [1791392727.303214, 1050.719000]: [mission] SEARCH: tag a raio 0.85 — girando até <= 0.50
[INFO] [1791392731.977937, 1055.320000]: [mission] SEARCH: tag a raio 0.50 — parando
[INFO] [1791392731.980896, 1055.322000]: [mission] tag avistada — parando para medir
[INFO] [1791392733.000129, 1056.330000]: [mission] âncora engatada (coleta do SEARCH)
[INFO] [1791392733.001509, 1056.331000]: [mission] SEARCH: coleta com dither ±0.05 rad/s (período 3.0 s)
[INFO] [1791392738.629933, 1061.878000]: [mission] âncora solta — 9 correções de deriva
[INFO] [1791392738.631537, 1061.880000]: [mission] SEARCH: âncora corrigiu a deriva 9 vez(es) durante a coleta
[INFO] [1791392738.643911, 1061.891000]: [mission] SEARCH: 13 amostras — parede (0.021, 2.877, 0.000) yaw=-2.829
[INFO] [1791392738.696074, 1061.945000]: [mission] parede localizada em (0.021, 2.877, 0.000)
[INFO] [1791392738.699777, 1061.948000]: State machine transitioning 'SEARCH':'found'-->'APPROACH'
[INFO] [1791392738.701898, 1061.950000]: [mission] APPROACH etapa 1/2 — 1.30 m do olhal, alvo (0.65, 1.58, 1.88 rad)
[INFO] [1791392738.703772, 1061.951000]: [mission] APPROACH: alinhado, avançando (0.90 m)
[INFO] [1791392738.752417, 1062.001000]: [mission] teto por postura ativo no drive: v<=0.18 w<=0.50 rampa 0.46/1.51
[INFO] [1791392745.806360, 1068.951000]: [mission] APPROACH: chegou, ajustando heading final
[INFO] [1791392745.857233, 1069.001000]: [mission] teto por postura ativo no drive: v<=0.18 w<=0.50 rampa 0.46/1.52
[INFO] [1791392750.669567, 1073.702000]: [mission] APPROACH: concluído
[INFO] [1791392751.695260, 1074.707000]: [mission] âncora engatada (coleta do APPROACH/remedida)
[INFO] [1791392751.697973, 1074.710000]: [mission] APPROACH/remedida: coleta com dither ±0.05 rad/s (período 3.0 s)
[INFO] [1791392754.002940, 1076.961000]: [mission] âncora solta — 4 correções de deriva
[INFO] [1791392754.005933, 1076.964000]: [mission] APPROACH/remedida: âncora corrigiu a deriva 4 vez(es) durante a coleta
[INFO] [1791392754.008970, 1076.966000]: [mission] APPROACH/remedida: 10 amostras — parede (0.003, 2.993, -0.000) yaw=-3.126
[INFO] [1791392754.062899, 1077.020000]: [mission] APPROACH/remedida: parede pelo LASER — 68 pontos, resíduo 5.3 mm: profundidade -6.8 mm e yaw -0.87° em relação à tag → parede (0.003, 3.000, -0.000) yaw=-3.141
[INFO] [1791392754.065300, 1077.022000]: [mission] APPROACH etapa 2/2 — 0.88 m do olhal, alvo (0.37, 1.99, 1.57 rad)
[INFO] [1791392755.346321, 1078.273000]: [mission] APPROACH: alinhado, avançando (0.57 m)
[INFO] [1791392755.398279, 1078.323000]: [mission] teto por postura ativo no drive: v<=0.18 w<=0.50 rampa 0.46/1.51
[INFO] [1791392760.287505, 1083.123000]: [mission] APPROACH: chegou, ajustando heading final
[INFO] [1791392763.386208, 1086.173000]: [mission] APPROACH: concluído
[INFO] [1791392763.394566, 1086.181000]: State machine transitioning 'APPROACH':'arrived'-->'REFINE'
[INFO] [1791392763.396596, 1086.184000]: [mission] REFINE — remedindo a parede de perto (10 amostras)
[INFO] [1791392763.401049, 1086.188000]: [mission] âncora engatada (coleta do REFINE)
[INFO] [1791392763.402551, 1086.190000]: [mission] REFINE: coleta com dither ±0.05 rad/s (período 3.0 s)
[INFO] [1791392764.538616, 1087.313000]: [mission] âncora solta — 2 correções de deriva
[INFO] [1791392764.540235, 1087.314000]: [mission] REFINE: âncora corrigiu a deriva 2 vez(es) durante a coleta
[INFO] [1791392764.543907, 1087.317000]: [mission] REFINE: 10 amostras — parede (0.001, 3.001, 0.000) yaw=3.136
[INFO] [1791392764.601689, 1087.372000]: [mission] REFINE: parede pelo LASER — 90 pontos, resíduo 4.5 mm: profundidade +0.5 mm e yaw +0.29° em relação à tag → parede (0.001, 3.000, 0.000) yaw=-3.142
[INFO] [1791392764.605754, 1087.376000]: [mission] REFINE: deslocou 0.001 m da estimativa anterior
[INFO] [1791392764.608766, 1087.380000]: [mission] olhal estimado em (0.201, 2.870, 0.805)
[INFO] [1791392764.617013, 1087.388000]: State machine transitioning 'REFINE':'ok'-->'DEPLOY'
[INFO] [1791392764.619493, 1087.390000]: [mission] DEPLOY: IK resolvida para a POSE DE MANIPULAÇÃO (0.20, 2.25, 1.57 rad), não para a atual
[INFO] [1791392769.379978, 1089.367000]: [mission] DEPLOY: IK nivelada 0.0708 m, só eixo 0.0014 m — a MISSÃO INTEIRA usa "eixo"
[INFO] [1791392769.385850, 1092.150000]: [mission] DEPLOY: IK da ponta resolvida (resíduo 0.0014 m, degrau 0.4°) — pré-posicionando em [-10.9 -46.4  60.   78.4 -10.9] graus
[INFO] [1791392779.057068, 1101.654000]: [mission] plano de exclusão publicado: parede em [1.e-03 3.e+00 0.e+00], normal segura [ 0. -1.  0.]
[INFO] [1791392779.262418, 1101.859000]: [mission] teto por postura ativo no drive: v<=0.25 w<=0.50 rampa 0.54/1.61
[INFO] [1791392782.063946, 1104.609000]: [mission] DEPLOY/aproxima: alinhado, avançando (0.34 m)
[INFO] [1791392785.114719, 1107.609000]: [mission] DEPLOY/aproxima: chegou, ajustando heading final
[INFO] [1791392791.163567, 1113.559000]: [mission] DEPLOY/aproxima: concluído
[INFO] [1791392791.164984, 1113.560000]: State machine transitioning 'DEPLOY':'ok'-->'MANIPULATE'
[INFO] [1791392791.167069, 1113.562000]: [mission] fase "orienta": modo IK iterativa (YAML)
[INFO] [1791392791.170663, 1113.566000]: [mission] âncora engatada (fase "orienta")
[INFO] [1791392796.070879, 1118.375000]: [mission] fase "orienta" it0: ponta (0.294, 2.730, 0.803) erro=0.0146 | degrau eixo 0.1° | rolagem 0.6° | IK pediu [-19.7 -25.9  19.2  96.4 -15.2] | faltou [-0.1 -2.1  2.4 -2.  -0.5] graus
[INFO] [1791392796.079252, 1118.380000]: [mission] âncora solta — 4 correções de deriva
[INFO] [1791392796.083715, 1118.383000]: [mission] fase "orienta" alcançada em 1 iteração(ões) (0.0146 m) — âncora corrigiu 4 vez(es)
[INFO] [1791392796.602019, 1118.889000]: [mission] fase "aproxima_lateral": modo IK iterativa (YAML)
[INFO] [1791392796.607791, 1118.894000]: [mission] âncora engatada (fase "aproxima_lateral")
[INFO] [1791392801.114316, 1123.302000]: [mission] fase "aproxima_lateral" it0: ponta (0.293, 2.868, 0.813) erro=0.0061 | degrau eixo 5.2° | rolagem 5.2° | IK pediu [-16.7 -13.3   0.   78.3 -11.2] | faltou [0. 0. 0. 0. 0.] graus
[INFO] [1791392801.119412, 1123.306000]: [mission] fase "aproxima_lateral" it0: no frame da parede eixo=+2.0 prof=+5.5 alt=+1.9 mm (tolerância 40/8/5)
[INFO] [1791392801.122320, 1123.310000]: [mission] âncora solta — 3 correções de deriva
[INFO] [1791392801.125079, 1123.313000]: [mission] fase "aproxima_lateral" alcançada em 1 iteração(ões) (0.0061 m) — âncora corrigiu 3 vez(es)
[INFO] [1791392801.639261, 1123.820000]: [mission] fase "atravessa": modo IK iterativa (YAML)
[INFO] [1791392801.642033, 1123.822000]: [mission] âncora engatada (fase "atravessa")
[INFO] [1791392807.453182, 1129.526000]: [mission] fase "atravessa" it0: ponta (0.229, 2.865, 0.816) erro=0.0194 | degrau eixo 2.0° | rolagem 2.0° | IK pediu [ -9.8 -14.3   0.2  82.8  -5.2] | faltou [-1.7 -3.9  9.  -5.4  0.2] graus
[INFO] [1791392807.455497, 1129.528000]: [mission] fase "atravessa" it0: no frame da parede eixo=+19.2 prof=+2.9 alt=-0.8 mm (tolerância 8/6/5)
[INFO] [1791392813.880520, 1135.735000]: [mission] fase "atravessa" it1: ponta (0.209, 2.876, 0.804) erro=0.0178 | degrau eixo 1.4° | rolagem 2.7° | IK pediu [ -8.4 -16.    3.2  83.2  -4.1] | faltou [ -1.3  -4.7  10.  -10.2  -1.9] graus
[ERROR] [1791392832.146573, 1153.424000]: [mission] fase "atravessa": 5 iterações sem fechar (0.0092 m, tolerância 0.020)
[WARN] [1791392832.158165, 1153.430000]: [mission] ABORT — parando base e recolhendo braço
[WARN] [1791392832.545542, 1153.831000]: [mission] ABORT: ponta a 0.015 m do olhal — saindo em degraus: sobe 30 mm, 120 mm pelo eixo do furo, 100 mm para fora, antes de recolher
[WARN] [1791392879.891036, 1200.213000]: [mission] ABORT — voltando à pose de partida (0.00, 1.00, -0.00 rad)
[INFO] [1791392813.883495, 1135.738000]: [mission] fase "atravessa" it1: no frame da parede eixo=-0.0 prof=+13.8 alt=+11.2 mm (tolerância 8/6/5)
[INFO] [1791392819.072859, 1140.757000]: [mission] fase "atravessa" it2: ponta (0.209, 2.871, 0.813) erro=0.0093 | degrau eixo 1.3° | rolagem 1.8° | IK pediu [ -8.5 -16.5   5.7  83.5  -4.2] | faltou [ -1.1  -7.3  16.5 -16.3   0.2] graus
[INFO] [1791392819.076538, 1140.760000]: [mission] fase "atravessa" it2: no frame da parede eixo=+0.2 prof=+9.1 alt=+2.0 mm (tolerância 8/6/5)
[INFO] [1791392825.502464, 1147.010000]: [mission] fase "atravessa" it3: ponta (0.209, 2.866, 0.807) erro=0.0093 | degrau eixo 1.2° | rolagem 2.9° | IK pediu [ -8.4 -18.3   9.6  82.8  -4.3] | faltou [ -1.3  -8.1  16.1 -16.2  -2.3] graus
[INFO] [1791392825.503847, 1147.011000]: [mission] fase "atravessa" it3: no frame da parede eixo=+0.1 prof=+3.8 alt=+8.5 mm (tolerância 8/6/5)
[INFO] [1791392832.139255, 1153.416000]: [mission] fase "atravessa" it4: ponta (0.209, 2.858, 0.807) erro=0.0092 | degrau eixo 1.1° | rolagem 3.3° | IK pediu [ -8.5 -18.3  11.3  81.9  -4.3] | faltou [ -1.3  -9.5  17.4 -16.5  -3.3] graus
[INFO] [1791392832.143518, 1153.420000]: [mission] fase "atravessa" it4: no frame da parede eixo=-0.1 prof=-4.3 alt=+8.2 mm (tolerância 8/6/5)
[INFO] [1791392832.145287, 1153.421000]: [mission] âncora solta — 25 correções de deriva
[INFO] [1791392832.156724, 1153.428000]: State machine transitioning 'MANIPULATE':'failed'-->'ABORT_SAFE'
[INFO] [1791392832.548896, 1153.834000]: [mission] âncora engatada (fase "saida_sobe")
[INFO] [1791392837.717369, 1158.866000]: [mission] fase "saida_sobe" it0: ponta (0.210, 2.870, 0.813) erro=0.0269 | degrau eixo 1.8° | rolagem 2.5° | IK pediu [ -9.7 -13.9   4.5  80.6  -5.3] | faltou [  0.  -10.4  18.6 -13.2  -0.4] graus
[INFO] [1791392837.719741, 1158.869000]: [mission] fase "saida_sobe" it0: no frame da parede eixo=+1.2 prof=+12.7 alt=+23.7 mm (tolerância 30/20/10)
[INFO] [1791392842.521639, 1163.567000]: [mission] fase "saida_sobe" it1: ponta (0.213, 2.870, 0.813) erro=0.0273 | degrau eixo 1.5° | rolagem 2.5° | IK pediu [ -9.6 -12.3   5.   81.9  -5.5] | faltou [ -0.1 -12.   18.1 -14.6  -0.2] graus
[INFO] [1791392842.527174, 1163.573000]: [mission] fase "saida_sobe" it1: no frame da parede eixo=+4.2 prof=+12.7 alt=+23.8 mm (tolerância 30/20/10)
[INFO] [1791392850.588874, 1171.480000]: [mission] fase "saida_sobe" it2: ponta (0.204, 2.841, 0.876) erro=0.0424 | degrau eixo 1.2° | rolagem 1.3° | IK pediu [ -9.2 -11.1   7.1  80.8  -5.4] | faltou [0. 0. 0. 0. 0.] graus
[INFO] [1791392850.593111, 1171.485000]: [mission] fase "saida_sobe" it2: no frame da parede eixo=-5.1 prof=-16.7 alt=-38.7 mm (tolerância 30/20/10)
[INFO] [1791392853.122516, 1173.953000]: [mission] fase "saida_sobe" it3: ponta (0.210, 2.842, 0.843) erro=0.0164 | degrau eixo 1.6° | rolagem 1.5° | IK pediu [ -9.7 -11.8   1.   84.3  -5.5] | faltou [-0.1 -0.7  0.6  1.5 -0.1] graus
[INFO] [1791392853.127044, 1173.958000]: [mission] fase "saida_sobe" it3: no frame da parede eixo=+0.3 prof=-15.5 alt=-5.5 mm (tolerância 30/20/10)
[INFO] [1791392853.129191, 1173.960000]: [mission] âncora solta — 10 correções de deriva
[INFO] [1791392853.131181, 1173.962000]: [mission] fase "saida_sobe" alcançada em 4 iteração(ões) (0.0164 m) — âncora corrigiu 10 vez(es)
[INFO] [1791392853.135824, 1173.967000]: [mission] âncora engatada (fase "saida_eixo")
[INFO] [1791392857.756698, 1178.481000]: [mission] fase "saida_eixo" it0: ponta (0.330, 2.862, 0.840) erro=0.0049 | degrau eixo 6.1° | rolagem 6.0° | IK pediu [-19.9 -11.   -0.   78.4 -14.8] | faltou [-0.   0.5 -0.1 -0.6  0.4] graus
[INFO] [1791392857.758488, 1178.483000]: [mission] fase "saida_eixo" it0: no frame da parede eixo=+0.4 prof=+4.3 alt=-2.4 mm (tolerância 20/20/15)
[INFO] [1791392857.759660, 1178.484000]: [mission] âncora solta — 1 correções de deriva
[INFO] [1791392857.760548, 1178.485000]: [mission] fase "saida_eixo" alcançada em 1 iteração(ões) (0.0049 m) — âncora corrigiu 1 vez(es)
[INFO] [1791392857.762906, 1178.487000]: [mission] âncora engatada (fase "saida_fora")
[INFO] [1791392861.224100, 1181.891000]: [mission] fase "saida_fora" it0: ponta (0.331, 2.758, 0.832) erro=0.0050 | degrau eixo 0.9° | rolagem 1.1° | IK pediu [-22.8 -13.9   0.2 100.8 -18.8] | faltou [-0.1 -0.7  0.3 -0.1  0.2] graus
[INFO] [1791392861.228009, 1181.894000]: [mission] fase "saida_fora" it0: no frame da parede eixo=+1.3 prof=+0.3 alt=+4.9 mm (tolerância 30/20/20)
[INFO] [1791392861.231085, 1181.898000]: [mission] âncora solta — 1 correções de deriva
[INFO] [1791392861.233602, 1181.900000]: [mission] fase "saida_fora" alcançada em 1 iteração(ões) (0.0050 m) — âncora corrigiu 1 vez(es)
[INFO] [1791392861.238094, 1181.903000]: [mission] ABORT/afasta: RECUANDO 0.250 m só com as rodas
[INFO] [1791392865.719534, 1186.307000]: [mission] ABORT/afasta: concluído (0.252 m)
[INFO] [1791392865.722539, 1186.310000]: [mission] postura "stow_home" comandada: [0.0, 1.13, -1.04, -1.8, 0.0]
[INFO] [1791392892.097960, 1212.165000]: [mission] ABORT/retorno: alinhado, avançando (1.18 m)
[INFO] [1791392892.148099, 1212.215000]: [mission] teto por postura ativo no drive: v<=0.25 w<=0.50 rampa 0.54/1.50
[INFO] [1791392901.211834, 1221.115000]: [mission] ABORT/retorno: chegou, ajustando heading final
[INFO] [1791392901.261836, 1221.165000]: [mission] teto por postura ativo no drive: v<=0.24 w<=0.50 rampa 0.53/1.51
[INFO] [1791392908.801447, 1228.566000]: [mission] ABORT/retorno: concluído
[INFO] [1791392908.804572, 1228.569000]: State machine terminating 'ABORT_SAFE':'aborted':'MISSION_ABORTED'
[INFO] [1791392908.807061, 1228.572000]: [mission] resultado: MISSION_ABORTED
... logging to /home/marco/.ros/log/c81f68fe-c26e-11f1-ad44-b025aa85b2a2/roslaunch-shiroi-3363782.log
Checking log directory for disk usage. This may take a while.
Press Ctrl-C to interrupt
]2;/home/marco/b166er/src/b166er_whole_body_control/launch/chave_mission.launch
[1mstarted roslaunch server http://shiroi:36589/[0m

SUMMARY
========

PARAMETERS
 * /chave_mission/estado_final: 
 * /chave_mission/estado_inicial: STOW_INIT
 * /chave_mission/pausa_por_fase: False
 * /chave_mission/search_omega: 0.35
 * /chave_mission/standoff_distance: 0.62
 * /chave_mission/use_wholebody: False
 * /chave_seccionadora_task/aproxima_lateral/modo: ik
 * /chave_seccionadora_task/aproxima_lateral/offset_xyz_m: [-0.09, 0.008, 0.01]
 * /chave_seccionadora_task/aproxima_lateral/tol_xyz_m: [0.04, 0.008, 0.005]
 * /chave_seccionadora_task/arco1/blade_angle_deg: 15
 * /chave_seccionadora_task/arco1/deriva_eixo_max_m: 0.015
 * /chave_seccionadora_task/arco1/modo: wb
 * /chave_seccionadora_task/arco1/offset_xyz_m: [0.0, 0.0518, -0....
 * /chave_seccionadora_task/arco1/soltura_recuo_min_m: 0.04
 * /chave_seccionadora_task/arco1/tol_xyz_m: [0.04, 0.01, 0.015]
 * /chave_seccionadora_task/arco2/blade_angle_deg: 30
 * /chave_seccionadora_task/arco2/deriva_eixo_max_m: 0.015
 * /chave_seccionadora_task/arco2/modo: wb
 * /chave_seccionadora_task/arco2/offset_xyz_m: [0.0, 0.1, -0.0518]
 * /chave_seccionadora_task/arco2/tol_xyz_m: [0.04, 0.01, 0.015]
 * /chave_seccionadora_task/atravessa/modo: ik
 * /chave_seccionadora_task/atravessa/offset_xyz_m: [-0.008, 0.008, 0...
 * /chave_seccionadora_task/atravessa/tol_xyz_m: [0.008, 0.006, 0....
 * /chave_seccionadora_task/captura/modo: ik
 * /chave_seccionadora_task/captura/offset_xyz_m: [0.0, 0.0, -0.01]
 * /chave_seccionadora_task/captura/tol_xyz_m: [0.04, 0.006, 0.01]
 * /chave_seccionadora_task/desengata/modo: ik
 * /chave_seccionadora_task/desengata/offset_xyz_m: [-0.09, 0.1, -0.0...
 * /chave_seccionadora_task/destrava/curso_estagna_m: 0.01
 * /chave_seccionadora_task/destrava/curso_margem_m: 0.002
 * /chave_seccionadora_task/destrava/curso_min_m: 0.018
 * /chave_seccionadora_task/destrava/curso_teto_m: 0.022
 * /chave_seccionadora_task/destrava/modo: wb
 * /chave_seccionadora_task/destrava/offset_xyz_m: [0.0, 0.0, -0.025]
 * /chave_seccionadora_task/destrava/tol_xyz_m: [0.04, 0.006, 0.004]
 * /chave_seccionadora_task/libera/deriva_eixo_max_m: 0.015
 * /chave_seccionadora_task/libera/modo: wb
 * /chave_seccionadora_task/libera/offset_xyz_m: [0.0, 0.03, -0.025]
 * /chave_seccionadora_task/libera/tol_xyz_m: [0.04, 0.008, 0.006]
 * /chave_seccionadora_task/orienta/modo: ik
 * /chave_seccionadora_task/orienta/offset_xyz_m: [-0.09, 0.15, 0.0...
 * /chave_seccionadora_task/reassenta_sobe/tol_xyz_m: [0.03, 0.02, 0.005]
 * /chave_seccionadora_task/saida_eixo/tol_xyz_m: [0.02, 0.02, 0.015]
 * /chave_seccionadora_task/saida_fora/tol_xyz_m: [0.03, 0.02, 0.02]
 * /chave_seccionadora_task/saida_sobe/tol_xyz_m: [0.03, 0.02, 0.01]
 * /chave_seccionadora_task/target_frame: chave_olhal_link
 * /fuzzy_wb_controller/fixed_gains: []
 * /rosdistro: noetic
 * /rosversion: 1.17.4

NODES
  /
    chave_mission (b166er_whole_body_control/chave_mission.py)

[1mROS_MASTER_URI=http://localhost:11311[0m
]2;/home/marco/b166er/src/b166er_whole_body_control/launch/chave_mission.launch http://localhost:11311
[1mprocess[chave_mission-1]: started with pid [3363826][0m
[1m[chave_mission-1] process has finished cleanly
log file: /home/marco/.ros/log/c81f68fe-c26e-11f1-ad44-b025aa85b2a2/chave_mission-1*.log[0m
all processes on machine have died, roslaunch will exit
shutting down processing monitor...
... shutting down processing monitor complete
[1mdone[0m
