[31mWARNING: disk usage in log directory [/home/marco/.ros/log] is over 1GB.
It's recommended that you use the 'rosclean' command.[0m
the rosdep view is empty: call 'sudo rosdep init' and 'rosdep update'
[WARN] [1791570659.851821, 365.049000]: [mission] SEARCH: 9 de 25 amostras descartadas como outlier (>0.15 m ou >0.20 rad da mediana)
[WARN] [1791570659.908063, 365.107000]: [mission] SEARCH: laser discorda demais da tag (profundidade +82 mm, yaw +9.1°) — parede fica pela tag
[INFO] [1791570562.357482, 269.155000]: garra_dx = 0.000 m (fechada)
[INFO] [1791570562.534632, 269.323000]: State machine starting in initial state 'HOMING' with userdata: 
	[]
[INFO] [1791570562.738281, 269.527000]: [mission] pose de partida registrada: (-0.01, 1.00, 0.07 rad)
[INFO] [1791570562.742635, 269.531000]: [mission] HOMING: procurando os fins de curso (J4, J3, J2, J5, J1)
[INFO] [1791570622.758544, 328.533000]: [mission] HOMING: cinco switches achados — referência das juntas estabelecida
[INFO] [1791570622.759770, 328.534000]: State machine transitioning 'HOMING':'ok'-->'HOME_POSITION'
[INFO] [1791570622.760953, 328.535000]: [mission] postura "home" comandada: [0.0, 1.108, -1.021, -1.894, 0.0]
[INFO] [1791570637.108964, 342.636000]: [mission] HOME_POSITION: braço em HOME POSITION (J1/J5 em zero, J2/J3/J4 nos switches)
[INFO] [1791570637.110298, 342.637000]: State machine transitioning 'HOME_POSITION':'ok'-->'SEARCH'
[INFO] [1791570637.111815, 342.638000]: [mission] postura "search" comandada: [0.0, 1.0, -1.0, 0.0, 0.0]
[INFO] [1791570644.943177, 350.341000]: [mission] SEARCH — girando à procura da tag...
[INFO] [1791570644.945703, 350.343000]: [mission] SEARCH: amostra quando a tag estiver a raio 0.35-0.50 do quadro (vista oblíqua; omega fina 0.15 rad/s)
[INFO] [1791570646.067888, 351.445000]: [mission] SEARCH: tag a raio 0.92 — girando até <= 0.50
[INFO] [1791570652.653657, 357.947000]: [mission] SEARCH: tag a raio 0.50 — parando
[INFO] [1791570652.655725, 357.949000]: [mission] tag avistada — parando para medir
[INFO] [1791570653.676544, 358.960000]: [mission] âncora engatada (coleta do SEARCH)
[INFO] [1791570653.679327, 358.963000]: [mission] SEARCH: coleta com dither ±0.05 rad/s (período 3.0 s)
[INFO] [1791570659.834690, 365.034000]: [mission] âncora solta — 11 correções de deriva
[INFO] [1791570659.836343, 365.036000]: [mission] SEARCH: âncora corrigiu a deriva 11 vez(es) durante a coleta
[INFO] [1791570659.854092, 365.053000]: [mission] SEARCH: 16 amostras — parede (0.014, 3.086, -0.005) yaw=2.977
[INFO] [1791570659.909487, 365.109000]: [mission] parede localizada em (0.014, 3.086, -0.005)
[INFO] [1791570659.915235, 365.114000]: State machine transitioning 'SEARCH':'found'-->'APPROACH'
[INFO] [1791570659.917210, 365.116000]: [mission] APPROACH etapa 1/2 — 1.30 m do olhal, alvo (-0.02, 1.64, 1.41 rad)
[INFO] [1791570664.023535, 369.167000]: [mission] APPROACH: alinhado, avançando (0.76 m)
[INFO] [1791570664.073453, 369.217000]: [mission] teto por postura ativo no drive: v<=0.18 w<=0.50 rampa 0.46/1.51
[INFO] [1791570670.132785, 375.167000]: [mission] APPROACH: chegou, ajustando heading final
[INFO] [1791570670.182726, 375.217000]: [mission] teto por postura ativo no drive: v<=0.18 w<=0.50 rampa 0.46/1.51
[INFO] [1791570672.211284, 377.217000]: [mission] APPROACH: concluído
[INFO] [1791570673.223288, 378.220000]: [mission] âncora engatada (coleta do APPROACH/remedida)
[INFO] [1791570673.224106, 378.220000]: [mission] APPROACH/remedida: coleta com dither ±0.05 rad/s (período 3.0 s)
[INFO] [1791570674.363472, 379.344000]: [mission] âncora solta — 1 correções de deriva
[INFO] [1791570674.366323, 379.347000]: [mission] APPROACH/remedida: âncora corrigiu a deriva 1 vez(es) durante a coleta
[INFO] [1791570674.369052, 379.349000]: [mission] APPROACH/remedida: 10 amostras — parede (0.005, 3.008, -0.002) yaw=3.136
[INFO] [1791570674.420860, 379.401000]: [mission] APPROACH/remedida: parede pelo LASER — 84 pontos, resíduo 5.6 mm: profundidade +6.8 mm e yaw +0.26° em relação à tag → parede (0.005, 3.001, -0.002) yaw=3.141
[INFO] [1791570674.423777, 379.404000]: [mission] APPROACH etapa 2/2 — 0.88 m do olhal, alvo (0.37, 1.99, 1.57 rad)
[INFO] [1791570678.390905, 383.305000]: [mission] APPROACH: alinhado, avançando (0.63 m)
[INFO] [1791570678.441459, 383.355000]: [mission] teto por postura ativo no drive: v<=0.18 w<=0.50 rampa 0.46/1.51
[INFO] [1791570683.577520, 388.405000]: [mission] APPROACH: chegou, ajustando heading final
[INFO] [1791570683.627393, 388.455000]: [mission] teto por postura ativo no drive: v<=0.18 w<=0.50 rampa 0.46/1.51
[INFO] [1791570689.973980, 394.705000]: [mission] APPROACH: concluído
[INFO] [1791570689.980560, 394.712000]: State machine transitioning 'APPROACH':'arrived'-->'REFINE'
[INFO] [1791570689.982055, 394.714000]: [mission] REFINE — remedindo a parede de perto (10 amostras)
[INFO] [1791570689.985417, 394.717000]: [mission] âncora engatada (coleta do REFINE)
[INFO] [1791570689.986691, 394.718000]: [mission] REFINE: coleta com dither ±0.05 rad/s (período 3.0 s)
[INFO] [1791570691.134488, 395.849000]: [mission] âncora solta — 2 correções de deriva
[INFO] [1791570691.135309, 395.850000]: [mission] REFINE: âncora corrigiu a deriva 2 vez(es) durante a coleta
[INFO] [1791570691.136168, 395.850000]: [mission] REFINE: 10 amostras — parede (0.001, 2.999, -0.001) yaw=-3.137
[INFO] [1791570691.187143, 395.901000]: [mission] REFINE: parede pelo LASER — 89 pontos, resíduo 4.9 mm: profundidade -0.5 mm e yaw -0.39° em relação à tag → parede (0.001, 2.999, -0.001) yaw=3.139
[INFO] [1791570691.188563, 395.903000]: [mission] REFINE: deslocou 0.005 m da estimativa anterior
[INFO] [1791570691.189575, 395.904000]: [mission] olhal estimado em (0.200, 2.869, 0.804)
[INFO] [1791570691.194020, 395.908000]: State machine transitioning 'REFINE':'ok'-->'DEPLOY'
[INFO] [1791570691.195571, 395.909000]: [mission] DEPLOY: IK resolvida para a POSE DE MANIPULAÇÃO (0.20, 2.25, 1.57 rad), não para a atual
[INFO] [1791570696.042418, 399.273000]: [mission] DEPLOY: IK nivelada 0.0712 m, só eixo 0.0014 m — a MISSÃO INTEIRA usa "eixo"
[INFO] [1791570696.048052, 400.757000]: [mission] DEPLOY: IK da ponta resolvida (resíduo 0.0014 m, degrau 0.4°) — pré-posicionando em [-10.9 -46.6  60.   78.6 -10.9] graus
[INFO] [1791570706.886414, 411.459000]: [mission] plano de exclusão publicado: parede em [ 1.000e-03  2.999e+00 -1.000e-03], normal segura [-0.003 -1.     0.   ]
[INFO] [1791570707.096935, 411.668000]: [mission] teto por postura ativo no drive: v<=0.26 w<=0.50 rampa 0.55/1.61
[INFO] [1791570710.542053, 415.068000]: [mission] DEPLOY/aproxima: alinhado, avançando (0.42 m)
[INFO] [1791570714.549170, 419.018000]: [mission] DEPLOY/aproxima: chegou, ajustando heading final
[INFO] [1791570718.104503, 422.518000]: [mission] DEPLOY/aproxima: concluído
[INFO] [1791570718.105922, 422.519000]: State machine transitioning 'DEPLOY':'ok'-->'MANIPULATE'
[INFO] [1791570718.107860, 422.521000]: [mission] fase "orienta": modo IK iterativa (YAML)
[INFO] [1791570718.110795, 422.524000]: [mission] âncora engatada (fase "orienta")
[INFO] [1791570727.167878, 431.427000]: [mission] fase "orienta" it0: ponta (0.300, 2.715, 0.813) erro=0.0103 | degrau eixo 0.1° | rolagem 0.2° | IK pediu [-19.6 -27.5  22.4  94.6 -14.9] | faltou [-0.6 -0.1  0.1 -0.1 -0. ] graus
[INFO] [1791570727.170344, 431.430000]: [mission] âncora solta — 3 correções de deriva
[INFO] [1791570727.172146, 431.431000]: [mission] fase "orienta" alcançada em 1 iteração(ões) (0.0103 m) — âncora corrigiu 3 vez(es)
[INFO] [1791570727.689405, 431.939000]: [mission] fase "aproxima_lateral": modo IK iterativa (YAML)
[INFO] [1791570727.696800, 431.946000]: [mission] âncora engatada (fase "aproxima_lateral")
[INFO] [1791570736.131679, 440.227000]: [mission] fase "aproxima_lateral" it0: ponta (0.294, 2.861, 0.814) erro=0.0036 | degrau eixo 5.3° | rolagem 5.3° | IK pediu [-15.9 -13.3   0.   76.9 -10.7] | faltou [-0.5 -1.9  4.3 -2.4 -0. ] graus
[INFO] [1791570736.135443, 440.232000]: [mission] fase "aproxima_lateral" it0: no frame da parede eixo=+3.5 prof=+0.1 alt=+0.3 mm (tolerância 40/8/5)
[INFO] [1791570736.136946, 440.233000]: [mission] âncora solta — 2 correções de deriva
[INFO] [1791570736.138807, 440.235000]: [mission] fase "aproxima_lateral" alcançada em 1 iteração(ões) (0.0036 m) — âncora corrigiu 2 vez(es)
[INFO] [1791570736.660275, 440.743000]: [mission] fase "atravessa": modo IK iterativa (YAML)
[INFO] [1791570736.666081, 440.748000]: [mission] âncora engatada (fase "atravessa")
[INFO] [1791570741.180351, 445.154000]: [mission] fase "atravessa" it0: ponta (0.209, 2.862, 0.811) erro=0.0034 | degrau eixo 2.0° | rolagem 2.0° | IK pediu [ -9.1 -14.4   0.8  80.   -4.6] | faltou [0. 0. 0. 0. 0.] graus
[WARN] [1791570747.985248, 451.817000]: [mission] fase "destrava": descida estagnou em 16.0 mm (mín 10 para aceitar; alvo 18) — fim de curso do mecanismo, fechando a fase
[WARN] [1791570748.195607, 452.024000]: [mission] destrava: lingueta em 12.0 mm (esperado ≥ 12) — o gatilho pode não ter soltado
[WARN] [1791570764.495481, 467.972000]: [mission] RETRACT: ponta a 0.139 m do olhal — saindo em degraus: sobe 30 mm, 120 mm pelo eixo do furo, 100 mm para fora, antes de recolher
[INFO] [1791570741.182275, 445.156000]: [mission] fase "atravessa" it0: no frame da parede eixo=+0.9 prof=+1.6 alt=+2.8 mm (tolerância 8/6/5)
[INFO] [1791570741.183273, 445.157000]: [mission] fase "atravessa" alcançada em 1 iteração(ões) (0.0034 m)
[INFO] [1791570741.714255, 445.661000]: [mission] fase "captura": modo IK iterativa (YAML)
[INFO] [1791570741.719463, 445.665000]: [mission] âncora engatada (fase "captura")
[INFO] [1791570744.516580, 448.400000]: [mission] fase "captura" it0: ponta (0.209, 2.873, 0.791) erro=0.0048 | degrau eixo 2.2° | rolagem 2.2° | IK pediu [ -9.  -16.1   0.   80.2  -4.5] | faltou [0. 0. 0. 0. 0.] graus
[INFO] [1791570744.521357, 448.405000]: [mission] fase "captura" it0: no frame da parede eixo=+0.6 prof=+3.9 alt=+2.8 mm (tolerância 8/6/10)
[INFO] [1791570744.522395, 448.406000]: [mission] fase "captura" alcançada em 1 iteração(ões) (0.0048 m)
[INFO] [1791570744.526286, 448.409000]: [mission] captura: ponta registrada em eixo=-8.5 prof=-4.0 alt=-12.8 mm (zero da descida do destrava e da deriva de eixo)
[INFO] [1791570745.041516, 448.910000]: [mission] fase "destrava": alvo em altura relativo à captura: -32.8 mm (captura -12.8 − curso 18 − margem 2)
[INFO] [1791570745.043100, 448.911000]: [mission] fase "destrava": modo whole-body/Fuzzy (YAML)
[INFO] [1791570745.252373, 449.113000]: [mission] plano de exclusão publicado: parede em [ 1.000e-03  2.999e+00 -1.000e-03], normal segura [-0.003 -1.     0.   ]
[INFO] [1791570745.556958, 449.416000]: [mission] fase "destrava": whole-body assumiu (base livre, restrita pelo plano de exclusão)
[INFO] [1791570745.558228, 449.417000]: [mission] fase "destrava": whole-body a 0.0187 m do alvo — eixo=+8.5 prof=+4.1 alt=-16.1 mm
[INFO] [1791570747.682371, 451.517000]: [mission] fase "destrava": whole-body a 0.0094 m do alvo — eixo=+8.2 prof=-1.8 alt=-4.2 mm
[INFO] [1791570748.194201, 452.023000]: [mission] destrava: ponta desceu 16.1 mm desde a captura (critério observável) | lingueta 12.0 mm (só na simulação)
[INFO] [1791570748.705183, 452.525000]: [mission] fase "libera": modo whole-body/Fuzzy (YAML)
[INFO] [1791570748.917402, 452.728000]: [mission] plano de exclusão publicado: parede em [ 1.000e-03  2.999e+00 -1.000e-03], normal segura [-0.003 -1.     0.   ]
[INFO] [1791570749.226121, 453.032000]: [mission] fase "libera": whole-body assumiu (base livre, restrita pelo plano de exclusão)
[INFO] [1791570749.738609, 453.532000]: [mission] fase "libera": whole-body a 0.0265 m do alvo — eixo=+8.2 prof=+23.1 alt=+10.0 mm
[INFO] [1791570751.361638, 455.132000]: [mission] fase "libera" alcançada por whole-body em 2.1s (0.0105 m) — no frame da parede eixo=+8.2 prof=-4.1 alt=-5.0 mm (tolerância 40/8/6)
[INFO] [1791570752.086257, 455.836000]: [mission] fase "arco1"/puxa: RECUANDO 0.022 m só com as rodas
[INFO] [1791570752.564867, 456.289000]: [mission] fase "arco1"/puxa: concluído (0.022 m)
[INFO] [1791570752.566818, 456.291000]: [mission] fase "arco1": modo whole-body/Fuzzy (YAML)
[INFO] [1791570752.779508, 456.494000]: [mission] plano de exclusão publicado: parede em [ 1.000e-03  2.999e+00 -1.000e-03], normal segura [-0.003 -1.     0.   ]
[INFO] [1791570753.087787, 456.797000]: [mission] fase "arco1": whole-body assumiu (base livre, restrita pelo plano de exclusão)
[INFO] [1791570753.091901, 456.800000]: [mission] fase "arco1": whole-body a 0.0097 m do alvo — eixo=+8.3 prof=-1.5 alt=-4.8 mm
[INFO] [1791570753.499030, 457.199000]: [mission] fase "arco1" alcançada por whole-body em 0.4s (0.0092 m) — no frame da parede eixo=+8.3 prof=-2.6 alt=-3.0 mm (tolerância 40/10/15)
[INFO] [1791570753.502348, 457.202000]: [mission] arco1: SOLTURA observável — recuo 58.5 mm desde a captura (mín 40) com deriva de eixo +0.2 mm → SOLTA
[INFO] [1791570753.723325, 457.411000]: [mission] waypoint de 15° — lâmina medida em 15.7° (abertura por CONTATO)
[INFO] [1791570754.230343, 457.911000]: [mission] fase "arco2"/puxa: RECUANDO 0.048 m só com as rodas
[INFO] [1791570755.155151, 458.812000]: [mission] fase "arco2"/puxa: concluído (0.051 m)
[INFO] [1791570755.156761, 458.814000]: [mission] fase "arco2": modo whole-body/Fuzzy (YAML)
[INFO] [1791570755.362622, 459.015000]: [mission] plano de exclusão publicado: parede em [ 1.000e-03  2.999e+00 -1.000e-03], normal segura [-0.003 -1.     0.   ]
[INFO] [1791570755.672875, 459.320000]: [mission] fase "arco2": whole-body assumiu (base livre, restrita pelo plano de exclusão)
[INFO] [1791570755.673988, 459.321000]: [mission] fase "arco2": whole-body a 0.0152 m do alvo — eixo=+8.4 prof=+1.6 alt=-12.6 mm
[INFO] [1791570756.079398, 459.720000]: [mission] fase "arco2" alcançada por whole-body em 0.4s (0.0125 m) — no frame da parede eixo=+8.4 prof=-2.9 alt=-8.8 mm (tolerância 40/10/15)
[INFO] [1791570756.302990, 459.934000]: [mission] waypoint de 30° — lâmina medida em 30.9° (abertura por CONTATO)
[INFO] [1791570756.819935, 460.437000]: [mission] fase "desengata": modo IK iterativa (YAML)
[INFO] [1791570756.826736, 460.443000]: [mission] âncora engatada (fase "desengata")
[INFO] [1791570763.557544, 467.055000]: [mission] fase "desengata" it0: ponta (0.290, 2.773, 0.752) erro=0.0042 | degrau eixo 5.4° | rolagem 5.5° | IK pediu [-15.6 -20.7  -0.   82.7 -10.3] | faltou [ 0.   0.2 -0.4  0.  -0. ] graus
[INFO] [1791570763.560342, 467.058000]: [mission] âncora solta — 5 correções de deriva
[INFO] [1791570763.561907, 467.060000]: [mission] fase "desengata" alcançada em 1 iteração(ões) (0.0042 m) — âncora corrigiu 5 vez(es)
[INFO] [1791570764.084278, 467.570000]: [mission] MANIPULATE concluída — chave ABERTA, lâmina medida em 30.9°
[INFO] [1791570764.085441, 467.571000]: State machine transitioning 'MANIPULATE':'done'-->'RETRACT'
[INFO] [1791570764.499084, 467.976000]: [mission] âncora engatada (fase "saida_sobe")
[INFO] [1791570767.115846, 470.554000]: [mission] fase "saida_sobe" it0: ponta (0.288, 2.777, 0.782) erro=0.0030 | degrau eixo 5.0° | rolagem 5.0° | IK pediu [-15.7 -17.3   0.   81.2 -10.4] | faltou [0. 0. 0. 0. 0.] graus
[INFO] [1791570767.117625, 470.556000]: [mission] fase "saida_sobe" it0: no frame da parede eixo=-1.2 prof=+2.7 alt=+0.0 mm (tolerância 30/20/10)
[INFO] [1791570767.118540, 470.557000]: [mission] âncora solta — 1 correções de deriva
[INFO] [1791570767.119212, 470.557000]: [mission] fase "saida_sobe" alcançada em 1 iteração(ões) (0.0030 m) — âncora corrigiu 1 vez(es)
[INFO] [1791570767.122132, 470.560000]: [mission] âncora engatada (fase "saida_eixo")
[INFO] [1791570773.153510, 476.488000]: [mission] fase "saida_eixo" it0: ponta (0.404, 2.780, 0.781) erro=0.0077 | degrau eixo 11.1° | rolagem 11.2° | IK pediu [-25.4 -15.4  -0.   73.1 -18.1] | faltou [ 0.3  0.8 -2.   1.1  0.1] graus
[INFO] [1791570773.156149, 476.491000]: [mission] fase "saida_eixo" it0: no frame da parede eixo=-5.0 prof=+5.7 alt=+1.2 mm (tolerância 20/20/15)
[INFO] [1791570773.157663, 476.492000]: [mission] âncora solta — 4 correções de deriva
[INFO] [1791570773.158577, 476.493000]: [mission] fase "saida_eixo" alcançada em 1 iteração(ões) (0.0077 m) — âncora corrigiu 4 vez(es)
[INFO] [1791570773.162979, 476.497000]: [mission] âncora engatada (fase "saida_fora")
[INFO] [1791570781.040932, 484.262000]: [mission] fase "saida_fora" it0: ponta (0.408, 2.678, 0.782) erro=0.0037 | degrau eixo 5.6° | rolagem 5.6° | IK pediu [-29.1 -20.2   0.   96.6 -24.1] | faltou [-0.3 -2.9  6.5 -3.7  0.1] graus
[INFO] [1791570781.043989, 484.266000]: [mission] fase "saida_fora" it0: no frame da parede eixo=-0.7 prof=+3.6 alt=-0.1 mm (tolerância 30/20/20)
[INFO] [1791570781.045777, 484.268000]: [mission] âncora solta — 5 correções de deriva
[INFO] [1791570781.046834, 484.269000]: [mission] fase "saida_fora" alcançada em 1 iteração(ões) (0.0037 m) — âncora corrigiu 5 vez(es)
[INFO] [1791570781.047765, 484.270000]: [mission] RETRACT/afasta: RECUANDO 0.250 m só com as rodas
[INFO] [1791570785.579335, 488.721000]: [mission] RETRACT/afasta: concluído (0.251 m)
[INFO] [1791570785.580614, 488.722000]: [mission] postura "stow_home" comandada: [0.0, 1.1, -1.04, -1.8, 0.0]
[INFO] [1791570801.934139, 504.823000]: State machine transitioning 'RETRACT':'ok'-->'RETURN'
[INFO] [1791570801.936376, 504.825000]: [mission] RETURN — voltando a (-0.01, 1.00, 0.07 rad)
[INFO] [1791570815.525479, 518.176000]: [mission] RETURN: alinhado, avançando (1.09 m)
[INFO] [1791570815.577754, 518.226000]: [mission] teto por postura ativo no drive: v<=0.24 w<=0.50 rampa 0.53/1.50
[INFO] [1791570823.799526, 526.326000]: [mission] RETURN: chegou, ajustando heading final
[INFO] [1791570823.851047, 526.377000]: [mission] teto por postura ativo no drive: v<=0.23 w<=0.50 rampa 0.52/1.51
[INFO] [1791570831.043160, 533.426000]: [mission] RETURN: concluído
[INFO] [1791570831.046283, 533.429000]: [mission] RETURN/home: procurando os fins de curso (J4, J3, J2, J5, J1)
[INFO] [1791570865.997084, 567.830000]: [mission] RETURN/home: cinco switches achados — referência das juntas estabelecida
[INFO] [1791570865.998669, 567.831000]: [mission] postura "home" comandada: [0.0, 1.108, -1.021, -1.894, 0.0]
[INFO] [1791570882.851250, 584.432000]: [mission] RETURN/home: braço em HOME POSITION (J1/J5 em zero, J2/J3/J4 nos switches)
[INFO] [1791570882.853038, 584.434000]: State machine terminating 'RETURN':'home':'MISSION_OK'
[INFO] [1791570882.854372, 584.435000]: [mission] resultado: MISSION_OK
... logging to /home/marco/.ros/log/b238efdc-c40e-11f1-b4e2-b025aa85b2a2/roslaunch-shiroi-110823.log
Checking log directory for disk usage. This may take a while.
Press Ctrl-C to interrupt
]2;/home/marco/b166er/src/b166er_whole_body_control/launch/chave_mission.launch
[1mstarted roslaunch server http://shiroi:45701/[0m

SUMMARY
========

PARAMETERS
 * /chave_mission/estado_final: 
 * /chave_mission/estado_inicial: HOMING
 * /chave_mission/pausa_por_fase: False
 * /chave_mission/search_omega: 0.35
 * /chave_mission/standoff_distance: 0.62
 * /chave_mission/use_wholebody: False
 * /chave_seccionadora_task/aproxima_lateral/modo: ik
 * /chave_seccionadora_task/aproxima_lateral/offset_xyz_m: [-0.09, 0.008, 0.01]
 * /chave_seccionadora_task/aproxima_lateral/tol_xyz_m: [0.04, 0.008, 0.005]
 * /chave_seccionadora_task/arco1/blade_angle_deg: 15
 * /chave_seccionadora_task/arco1/deriva_eixo_max_m: 0.015
 * /chave_seccionadora_task/arco1/modo: wb
 * /chave_seccionadora_task/arco1/offset_xyz_m: [0.0, 0.0518, -0....
 * /chave_seccionadora_task/arco1/soltura_recuo_min_m: 0.04
 * /chave_seccionadora_task/arco1/tol_xyz_m: [0.04, 0.01, 0.015]
 * /chave_seccionadora_task/arco2/blade_angle_deg: 30
 * /chave_seccionadora_task/arco2/deriva_eixo_max_m: 0.015
 * /chave_seccionadora_task/arco2/modo: wb
 * /chave_seccionadora_task/arco2/offset_xyz_m: [0.0, 0.1, -0.0518]
 * /chave_seccionadora_task/arco2/tol_xyz_m: [0.04, 0.01, 0.015]
 * /chave_seccionadora_task/atravessa/modo: ik
 * /chave_seccionadora_task/atravessa/offset_xyz_m: [-0.008, 0.008, 0...
 * /chave_seccionadora_task/atravessa/tol_xyz_m: [0.008, 0.006, 0....
 * /chave_seccionadora_task/captura/modo: ik
 * /chave_seccionadora_task/captura/offset_xyz_m: [-0.008, 0.0, -0.01]
 * /chave_seccionadora_task/captura/tol_xyz_m: [0.008, 0.006, 0.01]
 * /chave_seccionadora_task/desengata/modo: ik
 * /chave_seccionadora_task/desengata/offset_xyz_m: [-0.09, 0.1, -0.0...
 * /chave_seccionadora_task/destrava/curso_estagna_m: 0.01
 * /chave_seccionadora_task/destrava/curso_margem_m: 0.002
 * /chave_seccionadora_task/destrava/curso_min_m: 0.018
 * /chave_seccionadora_task/destrava/curso_teto_m: 0.022
 * /chave_seccionadora_task/destrava/modo: wb
 * /chave_seccionadora_task/destrava/offset_xyz_m: [0.0, 0.0, -0.025]
 * /chave_seccionadora_task/destrava/tol_xyz_m: [0.01, 0.006, 0.004]
 * /chave_seccionadora_task/libera/deriva_eixo_max_m: 0.015
 * /chave_seccionadora_task/libera/modo: wb
 * /chave_seccionadora_task/libera/offset_xyz_m: [0.0, 0.03, -0.025]
 * /chave_seccionadora_task/libera/tol_xyz_m: [0.04, 0.008, 0.006]
 * /chave_seccionadora_task/orienta/modo: ik
 * /chave_seccionadora_task/orienta/offset_xyz_m: [-0.09, 0.15, 0.0...
 * /chave_seccionadora_task/reassenta_sobe/tol_xyz_m: [0.03, 0.02, 0.005]
 * /chave_seccionadora_task/saida_eixo/tol_xyz_m: [0.02, 0.02, 0.015]
 * /chave_seccionadora_task/saida_fora/tol_xyz_m: [0.03, 0.02, 0.02]
 * /chave_seccionadora_task/saida_sobe/tol_xyz_m: [0.03, 0.02, 0.01]
 * /chave_seccionadora_task/target_frame: chave_olhal_link
 * /fuzzy_wb_controller/fixed_gains: []
 * /rosdistro: noetic
 * /rosversion: 1.17.4

NODES
  /
    chave_mission (b166er_whole_body_control/chave_mission.py)

[1mROS_MASTER_URI=http://localhost:11311[0m
]2;/home/marco/b166er/src/b166er_whole_body_control/launch/chave_mission.launch http://localhost:11311
[1mprocess[chave_mission-1]: started with pid [110866][0m
[1m[chave_mission-1] process has finished cleanly
log file: /home/marco/.ros/log/b238efdc-c40e-11f1-b4e2-b025aa85b2a2/chave_mission-1*.log[0m
all processes on machine have died, roslaunch will exit
shutting down processing monitor...
... shutting down processing monitor complete
[1mdone[0m
