[31mWARNING: disk usage in log directory [/home/marco/.ros/log] is over 1GB.
It's recommended that you use the 'rosclean' command.[0m
the rosdep view is empty: call 'sudo rosdep init' and 'rosdep update'
[WARN] [1791376939.227582, 72.947000]: [mission] SEARCH: ajuste não convergiu em 8s (raio 0.62) — amostrando assim mesmo
[WARN] [1791376949.012024, 82.531000]: [mission] SEARCH: 11 de 25 amostras descartadas como outlier (>0.15 m ou >0.20 rad da mediana)
[INFO] [1791376921.454320, 55.461000]: garra_dx = 0.000 m (fechada)
[INFO] [1791376921.526830, 55.527000]: State machine starting in initial state 'STOW_INIT' with userdata: 
	[]
[INFO] [1791376921.829084, 55.835000]: [mission] pose de partida registrada: (0.01, 1.00, 0.01 rad)
[INFO] [1791376921.830349, 55.836000]: [mission] postura "stow_home" comandada: [0.0, 1.13, -1.04, -1.8, 0.0]
[INFO] [1791376922.439178, 56.437000]: State machine transitioning 'STOW_INIT':'ok'-->'SEARCH'
[INFO] [1791376922.441716, 56.439000]: [mission] postura "search" comandada: [0.0, 1.0, -1.0, 0.0, 0.0]
[INFO] [1791376929.667280, 63.541000]: [mission] SEARCH — girando à procura da tag...
[INFO] [1791376929.670923, 63.543000]: [mission] SEARCH: amostra quando a tag estiver a raio 0.35-0.50 do quadro (vista oblíqua; omega fina 0.15 rad/s)
[INFO] [1791376931.064061, 64.896000]: [mission] SEARCH: tag a raio 0.95 — girando até <= 0.50
[INFO] [1791376939.229426, 72.949000]: [mission] tag avistada — parando para medir
[INFO] [1791376940.253352, 73.957000]: [mission] âncora engatada (coleta do SEARCH)
[INFO] [1791376940.254643, 73.958000]: [mission] SEARCH: coleta com dither ±0.05 rad/s (período 3.0 s)
[INFO] [1791376948.996863, 82.517000]: [mission] âncora solta — 9 correções de deriva
[INFO] [1791376948.998886, 82.519000]: [mission] SEARCH: âncora corrigiu a deriva 9 vez(es) durante a coleta
[INFO] [1791376949.013787, 82.534000]: [mission] SEARCH: 14 amostras — parede (0.014, 3.034, -0.002) yaw=3.076
[INFO] [1791376949.067760, 82.587000]: [mission] SEARCH: parede pelo LASER — 46 pontos, resíduo 4.9 mm: profundidade +33.7 mm e yaw +3.93° em relação à tag → parede (0.014, 3.000, -0.002) yaw=-3.138
[INFO] [1791376949.070219, 82.590000]: [mission] parede localizada em (0.014, 3.000, -0.002)
[INFO] [1791376949.078155, 82.598000]: State machine transitioning 'SEARCH':'found'-->'APPROACH'
[INFO] [1791376949.079621, 82.599000]: [mission] APPROACH etapa 1/2 — 1.30 m do olhal, alvo (0.22, 1.57, 1.57 rad)
[INFO] [1791376951.720082, 85.201000]: [mission] APPROACH: alinhado, avançando (0.69 m)
[INFO] [1791376951.770419, 85.251000]: [mission] teto por postura ativo no drive: v<=0.18 w<=0.50 rampa 0.45/1.51
[INFO] [1791376957.631085, 91.001000]: [mission] APPROACH: chegou, ajustando heading final
[INFO] [1791376957.681362, 91.051000]: [mission] APPROACH: concluído
[INFO] [1791376958.712207, 92.057000]: [mission] âncora engatada (coleta do APPROACH/remedida)
[INFO] [1791376958.713881, 92.059000]: [mission] APPROACH/remedida: coleta com dither ±0.05 rad/s (período 3.0 s)
[INFO] [1791376960.267113, 93.587000]: [mission] âncora solta — 2 correções de deriva
[INFO] [1791376960.268686, 93.589000]: [mission] APPROACH/remedida: âncora corrigiu a deriva 2 vez(es) durante a coleta
[INFO] [1791376960.270201, 93.590000]: [mission] APPROACH/remedida: 10 amostras — parede (0.006, 3.024, -0.003) yaw=3.086
[INFO] [1791376960.321938, 93.642000]: [mission] APPROACH/remedida: parede pelo LASER — 78 pontos, resíduo 5.0 mm: profundidade +27.0 mm e yaw +3.06° em relação à tag → parede (0.006, 2.997, -0.003) yaw=3.139
[INFO] [1791376960.322925, 93.643000]: [mission] APPROACH etapa 2/2 — 0.88 m do olhal, alvo (0.37, 1.99, 1.57 rad)
[INFO] [1791376962.096818, 95.394000]: [mission] APPROACH: alinhado, avançando (0.49 m)
[INFO] [1791376962.149669, 95.444000]: [mission] teto por postura ativo no drive: v<=0.17 w<=0.50 rampa 0.45/1.52
[INFO] [1791376967.008684, 100.194000]: [mission] APPROACH: chegou, ajustando heading final
[INFO] [1791376970.025118, 103.144000]: [mission] APPROACH: concluído
[INFO] [1791376970.030948, 103.150000]: State machine transitioning 'APPROACH':'arrived'-->'REFINE'
[INFO] [1791376970.032864, 103.152000]: [mission] REFINE — remedindo a parede de perto (10 amostras)
[INFO] [1791376970.036314, 103.155000]: [mission] âncora engatada (coleta do REFINE)
[INFO] [1791376970.038007, 103.157000]: [mission] REFINE: coleta com dither ±0.05 rad/s (período 3.0 s)
[INFO] [1791376971.613508, 104.700000]: [mission] âncora solta — 2 correções de deriva
[INFO] [1791376971.616784, 104.703000]: [mission] REFINE: âncora corrigiu a deriva 2 vez(es) durante a coleta
[INFO] [1791376971.619502, 104.706000]: [mission] REFINE: 10 amostras — parede (0.002, 2.998, -0.002) yaw=-3.127
[INFO] [1791376971.677677, 104.760000]: [mission] REFINE: parede pelo LASER — 80 pontos, resíduo 4.7 mm: profundidade -1.4 mm e yaw -0.78° em relação à tag → parede (0.002, 2.999, -0.002) yaw=-3.141
[INFO] [1791376971.680921, 104.763000]: [mission] REFINE: deslocou 0.005 m da estimativa anterior
[INFO] [1791376971.682925, 104.765000]: [mission] olhal estimado em (0.202, 2.870, 0.803)
[INFO] [1791376971.691013, 104.772000]: State machine transitioning 'REFINE':'ok'-->'DEPLOY'
[INFO] [1791376971.695435, 104.776000]: [mission] DEPLOY: IK resolvida para a POSE DE MANIPULAÇÃO (0.20, 2.25, 1.57 rad), não para a atual
[INFO] [1791376976.636475, 108.237000]: [mission] DEPLOY: IK nivelada 0.0713 m, só eixo 0.0013 m — a MISSÃO INTEIRA usa "eixo"
[INFO] [1791376976.641501, 109.717000]: [mission] DEPLOY: IK da ponta resolvida (resíduo 0.0013 m, degrau 0.4°) — pré-posicionando em [-10.9 -46.7  60.   78.6  79.1] graus
[INFO] [1791376983.496035, 116.422000]: [mission] plano de exclusão publicado: parede em [ 2.000e-03  2.999e+00 -2.000e-03], normal segura [ 0.001 -1.     0.   ]
[INFO] [1791376983.709950, 116.634000]: [mission] teto por postura ativo no drive: v<=0.22 w<=0.50 rampa 0.51/1.67
[INFO] [1791376988.287826, 121.134000]: [mission] DEPLOY/aproxima: alinhado, avançando (0.37 m)
[INFO] [1791376992.377853, 125.134000]: [mission] DEPLOY/aproxima: chegou, ajustando heading final
[INFO] [1791376999.365325, 131.984000]: [mission] DEPLOY/aproxima: concluído
[INFO] [1791376999.366696, 131.985000]: State machine transitioning 'DEPLOY':'ok'-->'MANIPULATE'
[INFO] [1791376999.368526, 131.987000]: [mission] fase "orienta": modo IK iterativa (YAML)
[INFO] [1791376999.372400, 131.991000]: [mission] âncora engatada (fase "orienta")
[INFO] [1791377002.342534, 134.895000]: [mission] fase "orienta" it0: ponta (0.287, 2.717, 0.806) erro=0.0089 | degrau eixo 0.1° | rolagem 0.1° | IK pediu [-20.7 -29.4  26.1  92.6  74.5] | faltou [ 0.7 -2.   3.  -0.5  0.7] graus
[INFO] [1791377002.345074, 134.898000]: [mission] fase "orienta" alcançada em 1 iteração(ões) (0.0089 m)
[INFO] [1791377002.857937, 135.403000]: [mission] fase "aproxima_lateral": modo IK iterativa (YAML)
[INFO] [1791377002.862977, 135.408000]: [mission] âncora engatada (fase "aproxima_lateral")
[INFO] [1791377005.524014, 138.036000]: [mission] fase "aproxima_lateral" it0: ponta (0.292, 2.845, 0.817) erro=0.0175 | degrau eixo 5.2° | rolagem 4.7° | IK pediu [-17.2 -13.7   0.   78.6  78.8] | faltou [-0.8 -0.8  1.2  2.9 -0.8] graus
[INFO] [1791377005.528106, 138.040000]: [mission] fase "aproxima_lateral" it0: no frame da parede eixo=-0.2 prof=-17.1 alt=-3.5 mm (tolerância 40/8/5)
[INFO] [1791377007.480783, 139.952000]: [mission] fase "aproxima_lateral" it1: ponta (0.299, 2.867, 0.801) erro=0.0151 | degrau eixo 5.5° | rolagem 5.7° | IK pediu [-17.5 -13.4  -0.   75.9  79.3] | faltou [-0.5 -1.4  0.4  1.8 -0.7] graus
[INFO] [1791377007.484155, 139.955000]: [mission] fase "aproxima_lateral" it1: no frame da parede eixo=+6.5 prof=+5.3 alt=+12.5 mm (tolerância 40/8/5)
[INFO] [1791377009.448371, 141.876000]: [mission] fase "aproxima_lateral" it2: ponta (0.297, 2.871, 0.802) erro=0.0158 | degrau eixo 5.1° | rolagem 5.9° | IK pediu [-17.  -12.5   0.   76.4  79.5] | faltou [-0.7 -1.6 -0.4  0.6 -0.9] graus
[INFO] [1791377009.450474, 141.878000]: [mission] fase "aproxima_lateral" it2: no frame da parede eixo=+4.7 prof=+9.3 alt=+12.0 mm (tolerância 40/8/5)
[INFO] [1791377011.411654, 143.805000]: [mission] fase "aproxima_lateral" it3: ponta (0.293, 2.872, 0.805) erro=0.0135 | degrau eixo 4.7° | rolagem 5.8° | IK pediu [-16.7 -11.7   0.   77.6  79.4] | faltou [-1.  -1.7 -0.9 -0.2 -0.9] graus
[INFO] [1791377011.413707, 143.807000]: [mission] fase "aproxima_lateral" it3: no frame da parede eixo=+0.7 prof=+10.6 alt=+8.3 mm (tolerância 40/8/5)
[WARN] [1791377026.110174, 158.160000]: [mission] fase "destrava": descida estagnou em 16.6 mm (mín 10 para aceitar; alvo 18) — fim de curso do mecanismo, fechando a fase
[WARN] [1791377026.328266, 158.377000]: [mission] destrava: lingueta em 11.8 mm (esperado ≥ 12) — o gatilho pode não ter soltado
[INFO] [1791377013.355159, 145.715000]: [mission] fase "aproxima_lateral" it4: ponta (0.295, 2.865, 0.809) erro=0.0059 | degrau eixo 4.3° | rolagem 5.4° | IK pediu [-17.2 -11.4   0.   79.6  79.2] | faltou [-0.6 -2.  -0.5 -1.2 -0.6] graus
[INFO] [1791377013.356993, 145.717000]: [mission] fase "aproxima_lateral" it4: no frame da parede eixo=+2.8 prof=+3.0 alt=+4.2 mm (tolerância 40/8/5)
[INFO] [1791377013.358467, 145.718000]: [mission] âncora solta — 3 correções de deriva
[INFO] [1791377013.359582, 145.719000]: [mission] fase "aproxima_lateral" alcançada em 5 iteração(ões) (0.0059 m) — âncora corrigiu 3 vez(es)
[INFO] [1791377013.865957, 146.223000]: [mission] fase "atravessa": modo IK iterativa (YAML)
[INFO] [1791377013.871331, 146.228000]: [mission] âncora engatada (fase "atravessa")
[INFO] [1791377016.591204, 148.879000]: [mission] fase "atravessa" it0: ponta (0.226, 2.864, 0.811) erro=0.0165 | degrau eixo 2.0° | rolagem 2.5° | IK pediu [-10.7 -14.5   0.1  82.1  85.1] | faltou [-1.8  0.1 -0.2 -0.6 -1.1] graus
[INFO] [1791377016.595698, 148.883000]: [mission] fase "atravessa" it0: no frame da parede eixo=+16.1 prof=+2.8 alt=+2.6 mm (tolerância 8/6/5)
[INFO] [1791377018.571764, 150.818000]: [mission] fase "atravessa" it1: ponta (0.221, 2.864, 0.811) erro=0.0112 | degrau eixo 1.5° | rolagem 2.1° | IK pediu [ -9.9 -14.5   0.2  83.2  86.1] | faltou [-1.7  0.  -0.5 -1.5 -0.9] graus
[INFO] [1791377018.573445, 150.820000]: [mission] fase "atravessa" it1: no frame da parede eixo=+10.7 prof=+2.1 alt=+2.4 mm (tolerância 8/6/5)
[INFO] [1791377020.562776, 152.723000]: [mission] fase "atravessa" it2: ponta (0.209, 2.864, 0.812) erro=0.0032 | degrau eixo 1.2° | rolagem 1.6° | IK pediu [ -9.  -14.3   0.2  83.4  86.7] | faltou [-1.8 -0.1 -0.6 -1.3 -0.7] graus
[INFO] [1791377020.566225, 152.726000]: [mission] fase "atravessa" it2: no frame da parede eixo=-1.2 prof=+2.3 alt=+1.9 mm (tolerância 8/6/5)
[INFO] [1791377020.567676, 152.728000]: [mission] âncora solta — 1 correções de deriva
[INFO] [1791377020.568655, 152.729000]: [mission] fase "atravessa" alcançada em 3 iteração(ões) (0.0032 m) — âncora corrigiu 1 vez(es)
[INFO] [1791377021.088351, 153.233000]: [mission] fase "captura": modo IK iterativa (YAML)
[INFO] [1791377021.091436, 153.236000]: [mission] âncora engatada (fase "captura")
[INFO] [1791377023.151077, 155.242000]: [mission] fase "captura" it0: ponta (0.209, 2.871, 0.792) erro=0.0069 | degrau eixo 1.9° | rolagem 1.8° | IK pediu [-10.4 -16.4  -0.2  82.3  85.9] | faltou [-0.6  0.1  0.   0.1  0.1] graus
[INFO] [1791377023.153648, 155.246000]: [mission] fase "captura" it0: no frame da parede eixo=+6.5 prof=+1.3 alt=+1.9 mm (tolerância 40/6/10)
[INFO] [1791377023.155077, 155.247000]: [mission] fase "captura" alcançada em 1 iteração(ões) (0.0069 m)
[INFO] [1791377023.159955, 155.252000]: [mission] captura: ponta registrada em eixo=-6.5 prof=-1.4 alt=-11.9 mm (zero da descida do destrava e da deriva de eixo)
[INFO] [1791377023.666026, 155.753000]: [mission] fase "destrava": alvo em altura relativo à captura: -31.9 mm (captura -11.9 − curso 18 − margem 2)
[INFO] [1791377023.667354, 155.754000]: [mission] fase "destrava": modo whole-body/Fuzzy (YAML)
[INFO] [1791377023.874142, 155.956000]: [mission] plano de exclusão publicado: parede em [ 2.000e-03  2.999e+00 -2.000e-03], normal segura [ 0.001 -1.     0.   ]
[INFO] [1791377024.183870, 156.259000]: [mission] fase "destrava": whole-body assumiu (base livre, restrita pelo plano de exclusão)
[INFO] [1791377024.186401, 156.261000]: [mission] fase "destrava": whole-body a 0.0148 m do alvo — eixo=+6.4 prof=+1.1 alt=-13.2 mm
[INFO] [1791377026.325774, 158.375000]: [mission] destrava: ponta desceu 16.7 mm desde a captura (critério observável) | lingueta 11.8 mm (só na simulação)
[INFO] [1791377026.840202, 158.880000]: [mission] fase "libera": modo whole-body/Fuzzy (YAML)
[INFO] [1791377027.049342, 159.083000]: [mission] plano de exclusão publicado: parede em [ 2.000e-03  2.999e+00 -2.000e-03], normal segura [ 0.001 -1.     0.   ]
[INFO] [1791377027.362563, 159.388000]: [mission] fase "libera": whole-body assumiu (base livre, restrita pelo plano de exclusão)
[INFO] [1791377027.364266, 159.389000]: [mission] fase "libera": whole-body a 0.0266 m do alvo — eixo=+6.2 prof=+25.6 alt=+4.2 mm
[INFO] [1791377029.489455, 161.489000]: [mission] fase "libera": whole-body a 0.0245 m do alvo — eixo=+6.2 prof=+21.8 alt=+9.3 mm
[INFO] [1791377031.629302, 163.589000]: [mission] fase "libera": whole-body a 0.0247 m do alvo — eixo=+6.9 prof=+21.0 alt=+11.1 mm
[INFO] [1791377033.758112, 165.689000]: [mission] fase "libera": whole-body a 0.0159 m do alvo — eixo=+8.3 prof=+11.8 alt=+6.7 mm
[INFO] [1791377035.891246, 167.789000]: [mission] fase "libera": whole-body a 0.0125 m do alvo — eixo=+6.2 prof=+8.3 alt=+7.0 mm
[INFO] [1791377038.039349, 169.889000]: [mission] fase "libera": whole-body a 0.0100 m do alvo — eixo=+6.2 prof=+4.4 alt=+6.5 mm
[INFO] [1791377038.845890, 170.689000]: [mission] fase "libera" alcançada por whole-body em 11.3s (0.0087 m) — no frame da parede eixo=+6.3 prof=+2.9 alt=+5.3 mm (tolerância 40/8/6)
[INFO] [1791377039.558810, 171.393000]: [mission] fase "arco1"/puxa: RECUANDO 0.022 m só com as rodas
[INFO] [1791377040.075549, 171.895000]: [mission] fase "arco1"/puxa: concluído (0.027 m)
[INFO] [1791377040.078311, 171.898000]: [mission] fase "arco1": modo whole-body/Fuzzy (YAML)
[INFO] [1791377040.285475, 172.100000]: [mission] plano de exclusão publicado: parede em [ 2.000e-03  2.999e+00 -2.000e-03], normal segura [ 0.001 -1.     0.   ]
[INFO] [1791377040.594298, 172.404000]: [mission] fase "arco1": whole-body assumiu (base livre, restrita pelo plano de exclusão)
[INFO] [1791377040.596378, 172.406000]: [mission] fase "arco1": whole-body a 0.0155 m do alvo — eixo=+6.2 prof=-11.5 alt=-8.3 mm
[INFO] [1791377042.331489, 174.105000]: [mission] fase "arco1" alcançada por whole-body em 1.7s (0.0122 m) — no frame da parede eixo=+6.2 prof=-9.4 alt=-4.6 mm (tolerância 40/10/15)
[INFO] [1791377042.334365, 174.108000]: [mission] arco1: SOLTURA observável — recuo 62.6 mm desde a captura (mín 40) com deriva de eixo +0.3 mm → SOLTA
[INFO] [1791377042.553530, 174.319000]: [mission] waypoint de 15° — lâmina medida em 16.3° (abertura por CONTATO)
[INFO] [1791377043.069372, 174.820000]: [mission] fase "arco2"/puxa: RECUANDO 0.048 m só com as rodas
[INFO] [1791377044.046283, 175.771000]: [mission] fase "arco2"/puxa: concluído (0.054 m)
[INFO] [1791377044.048837, 175.773000]: [mission] fase "arco2": modo whole-body/Fuzzy (YAML)
[INFO] [1791377044.255386, 175.975000]: [mission] plano de exclusão publicado: parede em [ 2.000e-03  2.999e+00 -2.000e-03], normal segura [ 0.001 -1.     0.   ]
[INFO] [1791377044.563883, 176.278000]: [mission] fase "arco2": whole-body assumiu (base livre, restrita pelo plano de exclusão)
[INFO] [1791377044.565268, 176.279000]: [mission] fase "arco2": whole-body a 0.0149 m do alvo — eixo=+6.1 prof=-6.1 alt=-12.2 mm
[INFO] [1791377044.972430, 176.678000]: [mission] fase "arco2" alcançada por whole-body em 0.4s (0.0098 m) — no frame da parede eixo=+6.1 prof=-7.2 alt=-2.5 mm (tolerância 40/10/15)
[INFO] [1791377045.184747, 176.885000]: [mission] waypoint de 30° — lâmina medida em 31.8° (abertura por CONTATO)
[INFO] [1791377045.700999, 177.386000]: [mission] fase "desengata": modo IK iterativa (YAML)
[INFO] [1791377045.705347, 177.390000]: [mission] âncora engatada (fase "desengata")
[INFO] [1791377050.210655, 181.795000]: [mission] fase "desengata" it0: ponta (0.261, 2.772, 0.748) erro=0.0314 | degrau eixo 5.8° | rolagem 5.3° | IK pediu [-16.9 -18.1  -0.   72.5  81.7] | faltou [  2.4   7.3 -18.   10.6   0.9] graus
[INFO] [1791377052.707990, 184.251000]: [mission] fase "desengata" it1: ponta (0.295, 2.763, 0.753) erro=0.0076 | degrau eixo 6.9° | rolagem 6.2° | IK pediu [-19.1 -18.   -0.   73.1  79.9] | faltou [ 1.6 -8.  17.3 -8.7  0.9] graus
[INFO] [1791377052.711753, 184.256000]: [mission] âncora solta — 5 correções de deriva
[INFO] [1791377052.712930, 184.257000]: [mission] fase "desengata" alcançada em 2 iteração(ões) (0.0076 m) — âncora corrigiu 5 vez(es)
[WARN] [1791377053.639966, 185.171000]: [mission] RETRACT: ponta a 0.148 m do olhal — saindo em degraus: sobe 30 mm, 120 mm pelo eixo do furo, 100 mm para fora, antes de recolher
[INFO] [1791377053.229525, 184.767000]: [mission] MANIPULATE concluída — chave ABERTA, lâmina medida em 33.7°
[INFO] [1791377053.231212, 184.769000]: State machine transitioning 'MANIPULATE':'done'-->'RETRACT'
[INFO] [1791377053.647566, 185.179000]: [mission] âncora engatada (fase "saida_sobe")
[INFO] [1791377055.598789, 187.086000]: [mission] fase "saida_sobe" it0: ponta (0.292, 2.763, 0.774) erro=0.0095 | degrau eixo 5.4° | rolagem 5.6° | IK pediu [-17.3 -15.4   0.   73.9  81. ] | faltou [-0.  -6.5 12.2 -5.6 -0.2] graus
[INFO] [1791377055.603671, 187.091000]: [mission] fase "saida_sobe" it0: no frame da parede eixo=-2.4 prof=-2.2 alt=+8.9 mm (tolerância 30/20/10)
[INFO] [1791377055.606781, 187.095000]: [mission] fase "saida_sobe" alcançada em 1 iteração(ões) (0.0095 m)
[INFO] [1791377055.613813, 187.102000]: [mission] âncora engatada (fase "saida_eixo")
[INFO] [1791377058.561898, 190.010000]: [mission] fase "saida_eixo" it0: ponta (0.396, 2.776, 0.769) erro=0.0252 | degrau eixo 11.8° | rolagem 11.8° | IK pediu [-26.8 -13.4   0.   66.2  73.9] | faltou [ 1.3 -1.2 -0.5  0.4  0.9] graus
[INFO] [1791377058.565110, 190.014000]: [mission] fase "saida_eixo" it0: no frame da parede eixo=-17.7 prof=+10.7 alt=+14.3 mm (tolerância 20/20/15)
[INFO] [1791377058.566931, 190.016000]: [mission] âncora solta — 1 correções de deriva
[INFO] [1791377058.568991, 190.018000]: [mission] fase "saida_eixo" alcançada em 1 iteração(ões) (0.0252 m) — âncora corrigiu 1 vez(es)
[INFO] [1791377058.573321, 190.022000]: [mission] âncora engatada (fase "saida_fora")
[INFO] [1791377061.322074, 192.726000]: [mission] fase "saida_fora" it0: ponta (0.412, 2.701, 0.768) erro=0.0393 | degrau eixo 6.8° | rolagem 9.1° | IK pediu [-30.3 -19.2   0.   91.6  67.8] | faltou [ 1.   0.6 -2.3 -4.6  1. ] graus
[INFO] [1791377061.324492, 192.728000]: [mission] fase "saida_fora" it0: no frame da parede eixo=-1.9 prof=+36.0 alt=+15.6 mm (tolerância 30/20/20)
[INFO] [1791377063.504462, 194.866000]: [mission] fase "saida_fora" it1: ponta (0.408, 2.652, 0.790) erro=0.0158 | degrau eixo 4.6° | rolagem 5.4° | IK pediu [-31.8 -18.6   0.   97.6  65.9] | faltou [ 1.1 -0.  -0.9 -1.5  1. ] graus
[INFO] [1791377063.506331, 194.868000]: [mission] fase "saida_fora" it1: no frame da parede eixo=-6.3 prof=-12.8 alt=-7.0 mm (tolerância 30/20/20)
[INFO] [1791377063.507440, 194.869000]: [mission] âncora solta — 2 correções de deriva
[INFO] [1791377063.508340, 194.870000]: [mission] fase "saida_fora" alcançada em 2 iteração(ões) (0.0158 m) — âncora corrigiu 2 vez(es)
[INFO] [1791377063.509263, 194.871000]: [mission] RETRACT/afasta: RECUANDO 0.250 m só com as rodas
[INFO] [1791377067.969308, 199.272000]: [mission] RETRACT/afasta: concluído (0.251 m)
[INFO] [1791377067.972029, 199.275000]: [mission] postura "stow_home" comandada: [0.0, 1.13, -1.04, -1.8, 0.0]
[INFO] [1791377079.691025, 210.777000]: State machine transitioning 'RETRACT':'ok'-->'RETURN'
[INFO] [1791377079.694499, 210.780000]: [mission] RETURN — voltando a (0.01, 1.00, 0.01 rad)
[INFO] [1791377091.934740, 222.784000]: [mission] RETURN: alinhado, avançando (1.07 m)
[INFO] [1791377091.985625, 222.834000]: [mission] teto por postura ativo no drive: v<=0.23 w<=0.50 rampa 0.51/1.50
[INFO] [1791377100.254230, 230.934000]: [mission] RETURN: chegou, ajustando heading final
[INFO] [1791377100.304954, 230.984000]: [mission] teto por postura ativo no drive: v<=0.22 w<=0.50 rampa 0.51/1.50
[INFO] [1791377108.014619, 238.584000]: [mission] RETURN: concluído
[INFO] [1791377108.015999, 238.585000]: State machine terminating 'RETURN':'home':'MISSION_OK'
[INFO] [1791377108.017109, 238.586000]: [mission] resultado: MISSION_OK
... logging to /home/marco/.ros/log/58cd2ff8-c24c-11f1-bbd5-b025aa85b2a2/roslaunch-shiroi-3035709.log
Checking log directory for disk usage. This may take a while.
Press Ctrl-C to interrupt
]2;/home/marco/b166er/src/b166er_whole_body_control/launch/chave_mission.launch
[1mstarted roslaunch server http://shiroi:33211/[0m

SUMMARY
========

PARAMETERS
 * /chave_mission/estado_final: 
 * /chave_mission/estado_inicial: STOW_INIT
 * /chave_mission/pausa_por_fase: False
 * /chave_mission/search_omega: 0.35
 * /chave_mission/standoff_distance: 0.62
 * /chave_mission/use_wholebody: False
 * /chave_seccionadora_task/aproxima_lateral/modo: ik
 * /chave_seccionadora_task/aproxima_lateral/offset_xyz_m: [-0.09, 0.008, 0.01]
 * /chave_seccionadora_task/aproxima_lateral/tol_xyz_m: [0.04, 0.008, 0.005]
 * /chave_seccionadora_task/arco1/blade_angle_deg: 15
 * /chave_seccionadora_task/arco1/deriva_eixo_max_m: 0.015
 * /chave_seccionadora_task/arco1/modo: wb
 * /chave_seccionadora_task/arco1/offset_xyz_m: [0.0, 0.0518, -0....
 * /chave_seccionadora_task/arco1/soltura_recuo_min_m: 0.04
 * /chave_seccionadora_task/arco1/tol_xyz_m: [0.04, 0.01, 0.015]
 * /chave_seccionadora_task/arco2/blade_angle_deg: 30
 * /chave_seccionadora_task/arco2/deriva_eixo_max_m: 0.015
 * /chave_seccionadora_task/arco2/modo: wb
 * /chave_seccionadora_task/arco2/offset_xyz_m: [0.0, 0.1, -0.0518]
 * /chave_seccionadora_task/arco2/tol_xyz_m: [0.04, 0.01, 0.015]
 * /chave_seccionadora_task/atravessa/modo: ik
 * /chave_seccionadora_task/atravessa/offset_xyz_m: [-0.008, 0.008, 0...
 * /chave_seccionadora_task/atravessa/tol_xyz_m: [0.008, 0.006, 0....
 * /chave_seccionadora_task/captura/modo: ik
 * /chave_seccionadora_task/captura/offset_xyz_m: [0.0, 0.0, -0.01]
 * /chave_seccionadora_task/captura/tol_xyz_m: [0.04, 0.006, 0.01]
 * /chave_seccionadora_task/desengata/modo: ik
 * /chave_seccionadora_task/desengata/offset_xyz_m: [-0.09, 0.1, -0.0...
 * /chave_seccionadora_task/destrava/curso_estagna_m: 0.01
 * /chave_seccionadora_task/destrava/curso_margem_m: 0.002
 * /chave_seccionadora_task/destrava/curso_min_m: 0.018
 * /chave_seccionadora_task/destrava/curso_teto_m: 0.022
 * /chave_seccionadora_task/destrava/modo: wb
 * /chave_seccionadora_task/destrava/offset_xyz_m: [0.0, 0.0, -0.025]
 * /chave_seccionadora_task/destrava/tol_xyz_m: [0.04, 0.006, 0.004]
 * /chave_seccionadora_task/libera/deriva_eixo_max_m: 0.015
 * /chave_seccionadora_task/libera/modo: wb
 * /chave_seccionadora_task/libera/offset_xyz_m: [0.0, 0.03, -0.025]
 * /chave_seccionadora_task/libera/tol_xyz_m: [0.04, 0.008, 0.006]
 * /chave_seccionadora_task/orienta/modo: ik
 * /chave_seccionadora_task/orienta/offset_xyz_m: [-0.09, 0.15, 0.0...
 * /chave_seccionadora_task/reassenta_sobe/tol_xyz_m: [0.03, 0.02, 0.005]
 * /chave_seccionadora_task/saida_eixo/tol_xyz_m: [0.02, 0.02, 0.015]
 * /chave_seccionadora_task/saida_fora/tol_xyz_m: [0.03, 0.02, 0.02]
 * /chave_seccionadora_task/saida_sobe/tol_xyz_m: [0.03, 0.02, 0.01]
 * /chave_seccionadora_task/target_frame: chave_olhal_link
 * /fuzzy_wb_controller/fixed_gains: []
 * /rosdistro: noetic
 * /rosversion: 1.17.4

NODES
  /
    chave_mission (b166er_whole_body_control/chave_mission.py)

[1mROS_MASTER_URI=http://localhost:11311[0m
]2;/home/marco/b166er/src/b166er_whole_body_control/launch/chave_mission.launch http://localhost:11311
[1mprocess[chave_mission-1]: started with pid [3035756][0m
[1m[chave_mission-1] process has finished cleanly
log file: /home/marco/.ros/log/58cd2ff8-c24c-11f1-bbd5-b025aa85b2a2/chave_mission-1*.log[0m
all processes on machine have died, roslaunch will exit
shutting down processing monitor...
... shutting down processing monitor complete
[1mdone[0m
