[31mWARNING: disk usage in log directory [/home/marco/.ros/log] is over 1GB.
It's recommended that you use the 'rosclean' command.[0m
the rosdep view is empty: call 'sudo rosdep init' and 'rosdep update'
[WARN] [1791383350.168830, 1368.516000]: [mission] SEARCH: ajuste não convergiu em 8s (raio 0.53) — amostrando assim mesmo
[WARN] [1791383359.238155, 1377.464000]: [mission] SEARCH: 12 de 25 amostras descartadas como outlier (>0.15 m ou >0.20 rad da mediana)
[WARN] [1791383359.291611, 1377.518000]: [mission] SEARCH: laser discorda demais da tag (profundidade +72 mm, yaw +7.8°) — parede fica pela tag
[ERROR] [1791383460.229137, 1477.149000]: [mission] postura não atingida em 30s
[WARN] [1791383460.235620, 1477.155000]: [mission] ABORT — parando base e recolhendo braço
[WARN] [1791383460.640389, 1477.556000]: [mission] ABORT: ponta a 0.100 m do olhal — saindo em degraus: sobe 30 mm, 120 mm pelo eixo do furo, 100 mm para fora, antes de recolher
[INFO] [1791383310.986160, 0.000000]: garra_dx = 0.000 m (fechada)
[INFO] [1791383311.119365, 1329.997000]: State machine starting in initial state 'STOW_INIT' with userdata: 
	[]
[INFO] [1791383311.325018, 1330.208000]: [mission] pose de partida registrada: (0.01, 1.00, 0.01 rad)
[INFO] [1791383311.326722, 1330.209000]: [mission] postura "stow_home" comandada: [0.0, 1.13, -1.04, -1.8, 0.0]
[INFO] [1791383311.935349, 1330.810000]: State machine transitioning 'STOW_INIT':'ok'-->'SEARCH'
[INFO] [1791383311.938001, 1330.812000]: [mission] postura "search" comandada: [0.0, 1.0, -1.0, 0.0, 0.0]
[INFO] [1791383340.328056, 1358.814000]: [mission] SEARCH — girando à procura da tag...
[INFO] [1791383340.329271, 1358.815000]: [mission] SEARCH: amostra quando a tag estiver a raio 0.35-0.50 do quadro (vista oblíqua; omega fina 0.15 rad/s)
[INFO] [1791383342.003973, 1360.465000]: [mission] SEARCH: tag a raio 0.96 — girando até <= 0.50
[INFO] [1791383350.170828, 1368.518000]: [mission] tag avistada — parando para medir
[INFO] [1791383351.188164, 1369.525000]: [mission] âncora engatada (coleta do SEARCH)
[INFO] [1791383351.190097, 1369.527000]: [mission] SEARCH: coleta com dither ±0.05 rad/s (período 3.0 s)
[INFO] [1791383359.220466, 1377.447000]: [mission] âncora solta — 14 correções de deriva
[INFO] [1791383359.222973, 1377.450000]: [mission] SEARCH: âncora corrigiu a deriva 14 vez(es) durante a coleta
[INFO] [1791383359.239730, 1377.466000]: [mission] SEARCH: 13 amostras — parede (0.014, 3.073, -0.004) yaw=3.007
[INFO] [1791383359.293536, 1377.520000]: [mission] parede localizada em (0.014, 3.073, -0.004)
[INFO] [1791383359.300948, 1377.527000]: State machine transitioning 'SEARCH':'found'-->'APPROACH'
[INFO] [1791383359.302556, 1377.529000]: [mission] APPROACH etapa 1/2 — 1.30 m do olhal, alvo (0.02, 1.63, 1.44 rad)
[INFO] [1791383363.652899, 1381.830000]: [mission] APPROACH: alinhado, avançando (0.74 m)
[INFO] [1791383363.703393, 1381.880000]: [mission] teto por postura ativo no drive: v<=0.17 w<=0.50 rampa 0.45/1.51
[INFO] [1791383369.731507, 1387.830000]: [mission] APPROACH: chegou, ajustando heading final
[INFO] [1791383369.782580, 1387.880000]: [mission] teto por postura ativo no drive: v<=0.17 w<=0.50 rampa 0.45/1.52
[INFO] [1791383371.651428, 1389.730000]: [mission] APPROACH: concluído
[INFO] [1791383372.664550, 1390.735000]: [mission] âncora engatada (coleta do APPROACH/remedida)
[INFO] [1791383372.666861, 1390.737000]: [mission] APPROACH/remedida: coleta com dither ±0.05 rad/s (período 3.0 s)
[INFO] [1791383373.814905, 1391.869000]: [mission] âncora solta — 1 correções de deriva
[INFO] [1791383373.816137, 1391.871000]: [mission] APPROACH/remedida: âncora corrigiu a deriva 1 vez(es) durante a coleta
[INFO] [1791383373.816941, 1391.871000]: [mission] APPROACH/remedida: 10 amostras — parede (0.003, 3.000, -0.002) yaw=3.139
[INFO] [1791383373.867750, 1391.922000]: [mission] APPROACH/remedida: parede pelo LASER — 88 pontos, resíduo 4.7 mm: profundidade +0.8 mm e yaw +0.03° em relação à tag → parede (0.003, 3.000, -0.002) yaw=3.139
[INFO] [1791383373.868596, 1391.923000]: [mission] APPROACH etapa 2/2 — 0.88 m do olhal, alvo (0.37, 1.99, 1.57 rad)
[INFO] [1791383377.211141, 1395.223000]: [mission] APPROACH: alinhado, avançando (0.60 m)
[INFO] [1791383377.261239, 1395.273000]: [mission] teto por postura ativo no drive: v<=0.17 w<=0.50 rampa 0.44/1.52
[INFO] [1791383382.275096, 1400.224000]: [mission] APPROACH: chegou, ajustando heading final
[INFO] [1791383386.270706, 1404.173000]: [mission] APPROACH: concluído
[INFO] [1791383386.276261, 1404.179000]: State machine transitioning 'APPROACH':'arrived'-->'REFINE'
[INFO] [1791383386.277521, 1404.180000]: [mission] REFINE — remedindo a parede de perto (10 amostras)
[INFO] [1791383386.280147, 1404.183000]: [mission] âncora engatada (coleta do REFINE)
[INFO] [1791383386.281217, 1404.184000]: [mission] REFINE: coleta com dither ±0.05 rad/s (período 3.0 s)
[INFO] [1791383387.432089, 1405.327000]: [mission] âncora solta — 2 correções de deriva
[INFO] [1791383387.433208, 1405.328000]: [mission] REFINE: âncora corrigiu a deriva 2 vez(es) durante a coleta
[INFO] [1791383387.434228, 1405.329000]: [mission] REFINE: 10 amostras — parede (0.003, 3.011, 0.000) yaw=3.105
[INFO] [1791383387.485528, 1405.380000]: [mission] REFINE: parede pelo LASER — 80 pontos, resíduo 5.6 mm: profundidade +11.0 mm e yaw +2.09° em relação à tag → parede (0.003, 3.000, 0.000) yaw=3.141
[INFO] [1791383387.487310, 1405.382000]: [mission] REFINE: deslocou 0.002 m da estimativa anterior
[INFO] [1791383387.488321, 1405.383000]: [mission] olhal estimado em (0.203, 2.870, 0.805)
[INFO] [1791383387.491669, 1405.386000]: State machine transitioning 'REFINE':'ok'-->'DEPLOY'
[INFO] [1791383387.492726, 1405.387000]: [mission] DEPLOY: IK resolvida para a POSE DE MANIPULAÇÃO (0.20, 2.25, 1.57 rad), não para a atual
[INFO] [1791383392.202516, 1409.332000]: [mission] DEPLOY: IK nivelada 0.0707 m, só eixo 0.0014 m — a MISSÃO INTEIRA usa "eixo"
[INFO] [1791383392.205418, 1410.075000]: [mission] DEPLOY: IK da ponta resolvida (resíduo 0.0014 m, degrau 0.4°) — pré-posicionando em [-10.9 -46.3  60.   78.4 -10.9] graus
[INFO] [1791383400.708172, 1418.476000]: [mission] plano de exclusão publicado: parede em [0.003 3.    0.   ], normal segura [-0. -1.  0.]
[INFO] [1791383400.913516, 1418.681000]: [mission] teto por postura ativo no drive: v<=0.25 w<=0.50 rampa 0.54/1.61
[INFO] [1791383404.682023, 1422.381000]: [mission] DEPLOY/aproxima: alinhado, avançando (0.43 m)
[INFO] [1791383408.683680, 1426.331000]: [mission] DEPLOY/aproxima: chegou, ajustando heading final
[INFO] [1791383412.221722, 1429.831000]: [mission] DEPLOY/aproxima: concluído
[INFO] [1791383412.224114, 1429.833000]: State machine transitioning 'DEPLOY':'ok'-->'MANIPULATE'
[INFO] [1791383412.226967, 1429.836000]: [mission] fase "orienta": modo IK iterativa (YAML)
[INFO] [1791383412.232958, 1429.842000]: [mission] âncora engatada (fase "orienta")
[INFO] [1791383416.919812, 1434.448000]: [mission] fase "orienta" it0: ponta (0.295, 2.732, 0.801) erro=0.0169 | degrau eixo 0.4° | rolagem 0.8° | IK pediu [-20.  -20.5   7.6 101.5 -15.4] | faltou [ 0.2 -1.1 -0.2 -0.4 -0. ] graus
[INFO] [1791383416.923387, 1434.452000]: [mission] âncora solta — 2 correções de deriva
[INFO] [1791383416.924975, 1434.454000]: [mission] fase "orienta" alcançada em 1 iteração(ões) (0.0169 m) — âncora corrigiu 2 vez(es)
[INFO] [1791383417.438812, 1434.959000]: [mission] fase "aproxima_lateral": modo IK iterativa (YAML)
[INFO] [1791383417.442736, 1434.962000]: [mission] âncora engatada (fase "aproxima_lateral")
[INFO] [1791383429.723406, 1447.040000]: [mission] fase "aproxima_lateral" it0: ponta (0.289, 2.865, 0.807) erro=0.0095 | degrau eixo 5.7° | rolagem 5.7° | IK pediu [-16.9 -12.5  -0.   75.2 -11.1] | faltou [ 0.1 -0.9  0.5  0.   0.2] graus
[INFO] [1791383429.726865, 1447.044000]: [mission] fase "aproxima_lateral" it0: no frame da parede eixo=-4.2 prof=+2.9 alt=+8.0 mm (tolerância 40/8/5)
[INFO] [1791383460.234569, 1477.154000]: State machine transitioning 'MANIPULATE':'failed'-->'ABORT_SAFE'
[INFO] [1791383460.645033, 1477.560000]: [mission] âncora engatada (fase "saida_sobe")
[INFO] [1791383466.348403, 1483.168000]: [mission] fase "saida_sobe" it0: ponta (0.293, 2.841, 0.858) erro=0.0088 | degrau eixo 5.1° | rolagem 4.6° | IK pediu [-17.7  -8.4  -0.   75.4 -12.1] | faltou [-0.  -0.3  0.7  1.5 -0.2] graus
[INFO] [1791383466.352152, 1483.172000]: [mission] fase "saida_sobe" it0: no frame da parede eixo=-5.6 prof=-6.6 alt=-1.5 mm (tolerância 30/20/10)
[INFO] [1791383466.353683, 1483.174000]: [mission] fase "saida_sobe" alcançada em 1 iteração(ões) (0.0088 m)
[INFO] [1791383466.357988, 1483.178000]: [mission] âncora engatada (fase "saida_eixo")
[INFO] [1791383473.323693, 1490.023000]: [mission] fase "saida_eixo" it0: ponta (0.416, 2.848, 0.849) erro=0.0084 | degrau eixo 11.2° | rolagem 11.3° | IK pediu [-27.5  -6.2  -0.   65.7 -19.6] | faltou [-0.1 -0.8 -0.1  0.5  0.2] graus
[INFO] [1791383473.327770, 1490.027000]: [mission] fase "saida_eixo" it0: no frame da parede eixo=-1.7 prof=+0.1 alt=+8.2 mm (tolerância 20/20/15)
[WARN] [1791383497.633938, 1513.957000]: [mission] ABORT — voltando à pose de partida (0.01, 1.00, 0.01 rad)
[INFO] [1791383473.330970, 1490.030000]: [mission] fase "saida_eixo" alcançada em 1 iteração(ões) (0.0084 m)
[INFO] [1791383473.337056, 1490.036000]: [mission] âncora engatada (fase "saida_fora")
[INFO] [1791383480.145809, 1496.742000]: [mission] fase "saida_fora" it0: ponta (0.414, 2.739, 0.859) erro=0.0097 | degrau eixo 5.2° | rolagem 4.3° | IK pediu [-31.2 -10.7  -0.   88.8 -25.4] | faltou [-0.1  0.   0.8  1.4 -0.2] graus
[INFO] [1791383480.150369, 1496.748000]: [mission] fase "saida_fora" it0: no frame da parede eixo=-4.1 prof=-8.4 alt=-2.6 mm (tolerância 30/20/20)
[INFO] [1791383480.152762, 1496.750000]: [mission] fase "saida_fora" alcançada em 1 iteração(ões) (0.0097 m)
[INFO] [1791383480.154748, 1496.752000]: [mission] ABORT/afasta: RECUANDO 0.250 m só com as rodas
[INFO] [1791383484.738395, 1501.254000]: [mission] ABORT/afasta: concluído (0.254 m)
[INFO] [1791383484.740733, 1501.256000]: [mission] postura "stow_home" comandada: [0.0, 1.13, -1.04, -1.8, 0.0]
[INFO] [1791383509.210190, 1525.359000]: [mission] ABORT/retorno: alinhado, avançando (1.20 m)
[INFO] [1791383509.260370, 1525.409000]: [mission] teto por postura ativo no drive: v<=0.25 w<=0.50 rampa 0.54/1.50
[INFO] [1791383518.478439, 1534.509000]: [mission] ABORT/retorno: chegou, ajustando heading final
[INFO] [1791383518.529775, 1534.559000]: [mission] teto por postura ativo no drive: v<=0.25 w<=0.50 rampa 0.54/1.50
[INFO] [1791383526.814032, 1542.709000]: [mission] ABORT/retorno: concluído
[INFO] [1791383526.815693, 1542.711000]: State machine terminating 'ABORT_SAFE':'aborted':'MISSION_ABORTED'
[INFO] [1791383526.816853, 1542.712000]: [mission] resultado: MISSION_ABORTED
... logging to /home/marco/.ros/log/35efb684-c258-11f1-a7ee-b025aa85b2a2/roslaunch-shiroi-3139801.log
Checking log directory for disk usage. This may take a while.
Press Ctrl-C to interrupt
]2;/home/marco/b166er/src/b166er_whole_body_control/launch/chave_mission.launch
[1mstarted roslaunch server http://shiroi:34547/[0m

SUMMARY
========

PARAMETERS
 * /chave_mission/estado_final: 
 * /chave_mission/estado_inicial: STOW_INIT
 * /chave_mission/pausa_por_fase: False
 * /chave_mission/search_omega: 0.35
 * /chave_mission/standoff_distance: 0.62
 * /chave_mission/use_wholebody: False
 * /chave_seccionadora_task/aproxima_lateral/modo: ik
 * /chave_seccionadora_task/aproxima_lateral/offset_xyz_m: [-0.09, 0.008, 0.01]
 * /chave_seccionadora_task/aproxima_lateral/tol_xyz_m: [0.04, 0.008, 0.005]
 * /chave_seccionadora_task/arco1/blade_angle_deg: 15
 * /chave_seccionadora_task/arco1/deriva_eixo_max_m: 0.015
 * /chave_seccionadora_task/arco1/modo: wb
 * /chave_seccionadora_task/arco1/offset_xyz_m: [0.0, 0.0518, -0....
 * /chave_seccionadora_task/arco1/soltura_recuo_min_m: 0.04
 * /chave_seccionadora_task/arco1/tol_xyz_m: [0.04, 0.01, 0.015]
 * /chave_seccionadora_task/arco2/blade_angle_deg: 30
 * /chave_seccionadora_task/arco2/deriva_eixo_max_m: 0.015
 * /chave_seccionadora_task/arco2/modo: wb
 * /chave_seccionadora_task/arco2/offset_xyz_m: [0.0, 0.1, -0.0518]
 * /chave_seccionadora_task/arco2/tol_xyz_m: [0.04, 0.01, 0.015]
 * /chave_seccionadora_task/atravessa/modo: ik
 * /chave_seccionadora_task/atravessa/offset_xyz_m: [-0.008, 0.008, 0...
 * /chave_seccionadora_task/atravessa/tol_xyz_m: [0.008, 0.006, 0....
 * /chave_seccionadora_task/captura/modo: ik
 * /chave_seccionadora_task/captura/offset_xyz_m: [0.0, 0.0, -0.01]
 * /chave_seccionadora_task/captura/tol_xyz_m: [0.04, 0.006, 0.01]
 * /chave_seccionadora_task/desengata/modo: ik
 * /chave_seccionadora_task/desengata/offset_xyz_m: [-0.09, 0.1, -0.0...
 * /chave_seccionadora_task/destrava/curso_estagna_m: 0.01
 * /chave_seccionadora_task/destrava/curso_margem_m: 0.002
 * /chave_seccionadora_task/destrava/curso_min_m: 0.018
 * /chave_seccionadora_task/destrava/curso_teto_m: 0.022
 * /chave_seccionadora_task/destrava/modo: wb
 * /chave_seccionadora_task/destrava/offset_xyz_m: [0.0, 0.0, -0.025]
 * /chave_seccionadora_task/destrava/tol_xyz_m: [0.04, 0.006, 0.004]
 * /chave_seccionadora_task/libera/deriva_eixo_max_m: 0.015
 * /chave_seccionadora_task/libera/modo: wb
 * /chave_seccionadora_task/libera/offset_xyz_m: [0.0, 0.03, -0.025]
 * /chave_seccionadora_task/libera/tol_xyz_m: [0.04, 0.008, 0.006]
 * /chave_seccionadora_task/orienta/modo: ik
 * /chave_seccionadora_task/orienta/offset_xyz_m: [-0.09, 0.15, 0.0...
 * /chave_seccionadora_task/reassenta_sobe/tol_xyz_m: [0.03, 0.02, 0.005]
 * /chave_seccionadora_task/saida_eixo/tol_xyz_m: [0.02, 0.02, 0.015]
 * /chave_seccionadora_task/saida_fora/tol_xyz_m: [0.03, 0.02, 0.02]
 * /chave_seccionadora_task/saida_sobe/tol_xyz_m: [0.03, 0.02, 0.01]
 * /chave_seccionadora_task/target_frame: chave_olhal_link
 * /fuzzy_wb_controller/fixed_gains: []
 * /rosdistro: noetic
 * /rosversion: 1.17.4

NODES
  /
    chave_mission (b166er_whole_body_control/chave_mission.py)

[1mROS_MASTER_URI=http://localhost:11311[0m
]2;/home/marco/b166er/src/b166er_whole_body_control/launch/chave_mission.launch http://localhost:11311
[1mprocess[chave_mission-1]: started with pid [3139845][0m
[1m[chave_mission-1] process has finished cleanly
log file: /home/marco/.ros/log/35efb684-c258-11f1-a7ee-b025aa85b2a2/chave_mission-1*.log[0m
all processes on machine have died, roslaunch will exit
shutting down processing monitor...
... shutting down processing monitor complete
[1mdone[0m
