[31mWARNING: disk usage in log directory [/home/marco/.ros/log] is over 1GB.
It's recommended that you use the 'rosclean' command.[0m
the rosdep view is empty: call 'sudo rosdep init' and 'rosdep update'
[WARN] [1791581822.496518, 1204.850000]: [mission] SEARCH: 5 de 25 amostras descartadas como outlier (>0.15 m ou >0.20 rad da mediana)
[WARN] [1791581822.552860, 1204.908000]: [mission] SEARCH: laser com só 21 pontos de parede (mín 30) — parede fica pela tag
[INFO] [1791581725.723953, 1109.540000]: garra_dx = 0.000 m (fechada)
[INFO] [1791581725.879095, 1109.690000]: State machine starting in initial state 'HOMING' with userdata: 
	[]
[INFO] [1791581726.081345, 1109.890000]: [mission] pose de partida registrada: (-0.01, 1.01, 0.09 rad)
[INFO] [1791581726.084721, 1109.893000]: [mission] HOMING: procurando os fins de curso (J4, J3, J2, J5, J1)
[INFO] [1791581786.004726, 1168.895000]: [mission] HOMING: cinco switches achados — referência das juntas estabelecida
[INFO] [1791581786.007076, 1168.897000]: State machine transitioning 'HOMING':'ok'-->'HOME_POSITION'
[INFO] [1791581786.009758, 1168.900000]: [mission] postura "home" comandada: [0.0, 1.108, -1.021, -1.894, 0.0]
[INFO] [1791581800.430271, 1183.102000]: [mission] HOME_POSITION: braço em HOME POSITION (J1/J5 em zero, J2/J3/J4 nos switches)
[INFO] [1791581800.432023, 1183.103000]: State machine transitioning 'HOME_POSITION':'ok'-->'SEARCH'
[INFO] [1791581800.433836, 1183.105000]: [mission] postura "search" comandada: [0.0, 1.0, -1.0, 0.0, 0.0]
[INFO] [1791581808.849658, 1191.406000]: [mission] SEARCH — girando à procura da tag...
[INFO] [1791581808.850576, 1191.406000]: [mission] SEARCH: amostra quando a tag estiver a raio 0.35-0.50 do quadro (vista oblíqua; omega fina 0.15 rad/s)
[INFO] [1791581810.514518, 1193.057000]: [mission] SEARCH: tag a raio 0.84 — girando até <= 0.50
[INFO] [1791581815.286575, 1197.758000]: [mission] SEARCH: tag a raio 0.50 — parando
[INFO] [1791581815.289488, 1197.760000]: [mission] tag avistada — parando para medir
[INFO] [1791581816.303378, 1198.767000]: [mission] âncora engatada (coleta do SEARCH)
[INFO] [1791581816.304213, 1198.768000]: [mission] SEARCH: coleta com dither ±0.05 rad/s (período 3.0 s)
[INFO] [1791581822.469273, 1204.825000]: [mission] âncora solta — 11 correções de deriva
[INFO] [1791581822.471491, 1204.828000]: [mission] SEARCH: âncora corrigiu a deriva 11 vez(es) durante a coleta
[INFO] [1791581822.499633, 1204.855000]: [mission] SEARCH: 20 amostras — parede (0.014, 2.938, -0.003) yaw=-2.886
[INFO] [1791581822.555085, 1204.910000]: [mission] parede localizada em (0.014, 2.938, -0.003)
[INFO] [1791581822.561450, 1204.917000]: State machine transitioning 'SEARCH':'found'-->'APPROACH'
[INFO] [1791581822.563495, 1204.919000]: [mission] APPROACH etapa 1/2 — 1.30 m do olhal, alvo (0.57, 1.61, 1.83 rad)
[INFO] [1791581822.565040, 1204.920000]: [mission] APPROACH: alinhado, avançando (0.85 m)
[INFO] [1791581822.614573, 1204.970000]: [mission] teto por postura ativo no drive: v<=0.18 w<=0.50 rampa 0.46/1.50
[INFO] [1791581829.347807, 1211.620000]: [mission] APPROACH: chegou, ajustando heading final
[INFO] [1791581829.399054, 1211.670000]: [mission] teto por postura ativo no drive: v<=0.17 w<=0.50 rampa 0.45/1.51
[INFO] [1791581833.016677, 1215.220000]: [mission] APPROACH: concluído
[INFO] [1791581834.029737, 1216.225000]: [mission] âncora engatada (coleta do APPROACH/remedida)
[INFO] [1791581834.032255, 1216.227000]: [mission] APPROACH/remedida: coleta com dither ±0.05 rad/s (período 3.0 s)
[INFO] [1791581835.391641, 1217.566000]: [mission] âncora solta — 2 correções de deriva
[INFO] [1791581835.395447, 1217.570000]: [mission] APPROACH/remedida: âncora corrigiu a deriva 2 vez(es) durante a coleta
[INFO] [1791581835.398783, 1217.573000]: [mission] APPROACH/remedida: 10 amostras — parede (0.004, 3.001, -0.002) yaw=3.126
[INFO] [1791581835.453239, 1217.627000]: [mission] APPROACH/remedida: parede pelo LASER — 76 pontos, resíduo 5.0 mm: profundidade +2.3 mm e yaw +0.90° em relação à tag → parede (0.004, 2.999, -0.002) yaw=-3.142
[INFO] [1791581835.457237, 1217.631000]: [mission] APPROACH etapa 2/2 — 0.88 m do olhal, alvo (0.37, 1.99, 1.57 rad)
[INFO] [1791581836.273915, 1218.434000]: [mission] APPROACH: alinhado, avançando (0.49 m)
[INFO] [1791581836.324819, 1218.484000]: [mission] teto por postura ativo no drive: v<=0.18 w<=0.50 rampa 0.46/1.50
[INFO] [1791581840.962728, 1223.035000]: [mission] APPROACH: chegou, ajustando heading final
[INFO] [1791581844.830682, 1226.834000]: [mission] APPROACH: concluído
[INFO] [1791581844.841760, 1226.845000]: State machine transitioning 'APPROACH':'arrived'-->'REFINE'
[INFO] [1791581844.844756, 1226.848000]: [mission] REFINE — remedindo a parede de perto (10 amostras)
[INFO] [1791581844.851600, 1226.854000]: [mission] âncora engatada (coleta do REFINE)
[INFO] [1791581844.854171, 1226.857000]: [mission] REFINE: coleta com dither ±0.05 rad/s (período 3.0 s)
[INFO] [1791581846.011912, 1227.998000]: [mission] âncora solta — 2 correções de deriva
[INFO] [1791581846.014560, 1228.001000]: [mission] REFINE: âncora corrigiu a deriva 2 vez(es) durante a coleta
[INFO] [1791581846.017195, 1228.003000]: [mission] REFINE: 10 amostras — parede (0.002, 2.997, 0.000) yaw=3.139
[INFO] [1791581846.068466, 1228.055000]: [mission] REFINE: parede pelo LASER — 88 pontos, resíduo 4.7 mm: profundidade -4.2 mm e yaw +0.13° em relação à tag → parede (0.002, 3.001, 0.000) yaw=3.141
[INFO] [1791581846.069632, 1228.056000]: [mission] REFINE: deslocou 0.004 m da estimativa anterior
[INFO] [1791581846.070499, 1228.057000]: [mission] olhal estimado em (0.202, 2.871, 0.805)
[INFO] [1791581846.074230, 1228.061000]: State machine transitioning 'REFINE':'ok'-->'DEPLOY'
[INFO] [1791581846.076450, 1228.063000]: [mission] DEPLOY: IK resolvida para a POSE DE MANIPULAÇÃO (0.20, 2.25, 1.57 rad), não para a atual
[INFO] [1791581850.869542, 1231.971000]: [mission] DEPLOY: IK nivelada 0.0707 m, só eixo 0.0014 m — a MISSÃO INTEIRA usa "eixo"
[INFO] [1791581850.873147, 1232.226000]: [mission] DEPLOY: IK da ponta resolvida (resíduo 0.0014 m, degrau 0.4°) — pré-posicionando em [-10.9 -46.3  60.   78.4 -10.9] graus
[INFO] [1791581861.624410, 1243.456000]: [mission] plano de exclusão publicado: parede em [2.000e-03 3.001e+00 0.000e+00], normal segura [-0. -1.  0.]
[INFO] [1791581861.840324, 1243.667000]: [mission] teto por postura ativo no drive: v<=0.25 w<=0.50 rampa 0.54/1.61
[INFO] [1791581864.378974, 1246.167000]: [mission] DEPLOY/aproxima: alinhado, avançando (0.38 m)
[INFO] [1791581868.032484, 1249.768000]: [mission] DEPLOY/aproxima: chegou, ajustando heading final
[INFO] [1791581868.082084, 1249.817000]: [mission] teto por postura ativo no drive: v<=0.25 w<=0.50 rampa 0.54/1.61
[INFO] [1791581871.037436, 1252.717000]: [mission] DEPLOY/aproxima: concluído
[INFO] [1791581871.038962, 1252.718000]: State machine transitioning 'DEPLOY':'ok'-->'MANIPULATE'
[INFO] [1791581871.040558, 1252.720000]: [mission] fase "orienta": modo IK iterativa (YAML)
[INFO] [1791581871.045756, 1252.725000]: [mission] âncora engatada (fase "orienta")
[INFO] [1791581875.213262, 1256.830000]: [mission] fase "orienta" it0: ponta (0.298, 2.721, 0.815) erro=0.0065 | degrau eixo 0.1° | rolagem 0.1° | IK pediu [-18.8 -33.8  36.1  87.2 -13.9] | faltou [0. 0. 0. 0. 0.] graus
[INFO] [1791581875.214536, 1256.831000]: [mission] âncora solta — 2 correções de deriva
[INFO] [1791581875.215216, 1256.832000]: [mission] fase "orienta" alcançada em 1 iteração(ões) (0.0065 m) — âncora corrigiu 2 vez(es)
[INFO] [1791581875.722278, 1257.334000]: [mission] fase "aproxima_lateral": modo IK iterativa (YAML)
[INFO] [1791581875.727602, 1257.339000]: [mission] âncora engatada (fase "aproxima_lateral")
[INFO] [1791581882.748161, 1264.245000]: [mission] fase "aproxima_lateral" it0: ponta (0.292, 2.867, 0.815) erro=0.0040 | degrau eixo 4.3° | rolagem 4.5° | IK pediu [-15.2 -13.7   0.   80.8 -10.4] | faltou [ 0.1 -3.9  8.9 -5.3 -0.1] graus
[INFO] [1791581882.750471, 1264.248000]: [mission] fase "aproxima_lateral" it0: no frame da parede eixo=+0.6 prof=+4.0 alt=+0.4 mm (tolerância 40/8/5)
[INFO] [1791581882.751605, 1264.249000]: [mission] âncora solta — 3 correções de deriva
[INFO] [1791581882.752514, 1264.250000]: [mission] fase "aproxima_lateral" alcançada em 1 iteração(ões) (0.0040 m) — âncora corrigiu 3 vez(es)
[INFO] [1791581883.262942, 1264.756000]: [mission] fase "atravessa": modo IK iterativa (YAML)
[INFO] [1791581883.268925, 1264.761000]: [mission] âncora engatada (fase "atravessa")
[WARN] [1791581894.678325, 1275.923000]: [mission] fase "destrava": descida estagnou em 15.9 mm (mín 10 para aceitar; alvo 18) — fim de curso do mecanismo, fechando a fase
[WARN] [1791581894.889969, 1276.134000]: [mission] destrava: lingueta em 6.3 mm (esperado ≥ 12) — o gatilho pode não ter soltado
[WARN] [1791581908.747281, 1289.723000]: [mission] RETRACT: ponta a 0.145 m do olhal — saindo em degraus: sobe 30 mm, 120 mm pelo eixo do furo, 100 mm para fora, antes de recolher
[INFO] [1791581888.263622, 1269.668000]: [mission] fase "atravessa" it0: ponta (0.209, 2.867, 0.814) erro=0.0041 | degrau eixo 1.4° | rolagem 1.5° | IK pediu [ -8.1 -15.9   3.3  82.7  -4. ] | faltou [0. 0. 0. 0. 0.] graus
[INFO] [1791581888.266058, 1269.671000]: [mission] fase "atravessa" it0: no frame da parede eixo=-0.7 prof=+3.7 alt=+1.8 mm (tolerância 8/6/5)
[INFO] [1791581888.267193, 1269.672000]: [mission] âncora solta — 2 correções de deriva
[INFO] [1791581888.268349, 1269.673000]: [mission] fase "atravessa" alcançada em 1 iteração(ões) (0.0041 m) — âncora corrigiu 2 vez(es)
[INFO] [1791581888.789246, 1270.178000]: [mission] fase "captura": modo IK iterativa (YAML)
[INFO] [1791581888.791403, 1270.180000]: [mission] âncora engatada (fase "captura")
[INFO] [1791581891.394702, 1272.705000]: [mission] fase "captura" it0: ponta (0.209, 2.874, 0.796) erro=0.0034 | degrau eixo 1.6° | rolagem 1.6° | IK pediu [ -8.1 -16.9   0.7  84.   -3.9] | faltou [0. 0. 0. 0. 0.] graus
[INFO] [1791581891.397351, 1272.708000]: [mission] fase "captura" it0: no frame da parede eixo=-1.0 prof=+3.1 alt=-1.0 mm (tolerância 8/6/10)
[INFO] [1791581891.398805, 1272.709000]: [mission] fase "captura" alcançada em 1 iteração(ões) (0.0034 m)
[INFO] [1791581891.403842, 1272.714000]: [mission] captura: ponta registrada em eixo=-7.0 prof=-3.1 alt=-9.0 mm (zero da descida do destrava e da deriva de eixo)
[INFO] [1791581891.915264, 1273.216000]: [mission] fase "destrava": alvo em altura relativo à captura: -29.0 mm (captura -9.0 − curso 18 − margem 2)
[INFO] [1791581891.916813, 1273.217000]: [mission] fase "destrava": modo whole-body/Fuzzy (YAML)
[INFO] [1791581892.125480, 1273.419000]: [mission] plano de exclusão publicado: parede em [2.000e-03 3.001e+00 0.000e+00], normal segura [-0. -1.  0.]
[INFO] [1791581892.433943, 1273.722000]: [mission] fase "destrava": whole-body assumiu (base livre, restrita pelo plano de exclusão)
[INFO] [1791581892.435326, 1273.723000]: [mission] fase "destrava": whole-body a 0.0202 m do alvo — eixo=+7.1 prof=+2.7 alt=-18.8 mm
[INFO] [1791581894.578432, 1275.823000]: [mission] fase "destrava": whole-body a 0.0089 m do alvo — eixo=+6.7 prof=-3.9 alt=-4.3 mm
[INFO] [1791581894.888200, 1276.132000]: [mission] destrava: ponta desceu 16.1 mm desde a captura (critério observável) | lingueta 6.3 mm (só na simulação)
[INFO] [1791581895.408426, 1276.635000]: [mission] fase "libera": modo whole-body/Fuzzy (YAML)
[INFO] [1791581895.616480, 1276.838000]: [mission] plano de exclusão publicado: parede em [2.000e-03 3.001e+00 0.000e+00], normal segura [-0. -1.  0.]
[INFO] [1791581895.920287, 1277.141000]: [mission] fase "libera": whole-body assumiu (base livre, restrita pelo plano de exclusão)
[INFO] [1791581896.634357, 1277.842000]: [mission] fase "libera": whole-body a 0.0249 m do alvo — eixo=+6.7 prof=+23.4 alt=+5.1 mm
[INFO] [1791581898.758195, 1279.942000]: [mission] fase "libera": whole-body a 0.0094 m do alvo — eixo=+6.7 prof=-3.7 alt=-5.5 mm
[INFO] [1791581898.961765, 1280.142000]: [mission] fase "libera" alcançada por whole-body em 3.0s (0.0081 m) — no frame da parede eixo=+6.7 prof=-3.3 alt=-3.2 mm (tolerância 40/8/6)
[INFO] [1791581899.687999, 1280.848000]: [mission] fase "arco1"/puxa: RECUANDO 0.022 m só com as rodas
[INFO] [1791581900.203194, 1281.349000]: [mission] fase "arco1"/puxa: concluído (0.024 m)
[INFO] [1791581900.205533, 1281.351000]: [mission] fase "arco1": modo whole-body/Fuzzy (YAML)
[INFO] [1791581900.408668, 1281.553000]: [mission] plano de exclusão publicado: parede em [2.000e-03 3.001e+00 0.000e+00], normal segura [-0. -1.  0.]
[INFO] [1791581900.711232, 1281.855000]: [mission] fase "arco1": whole-body assumiu (base livre, restrita pelo plano de exclusão)
[INFO] [1791581900.813755, 1281.956000]: [mission] fase "arco1": whole-body a 0.0070 m do alvo — eixo=+6.7 prof=-1.6 alt=-1.3 mm
[INFO] [1791581901.119853, 1282.256000]: [mission] fase "arco1" alcançada por whole-body em 0.4s (0.0074 m) — no frame da parede eixo=+6.7 prof=-1.9 alt=-2.6 mm (tolerância 40/10/15)
[INFO] [1791581901.121296, 1282.258000]: [mission] arco1: SOLTURA observável — recuo 56.8 mm desde a captura (mín 40) com deriva de eixo +0.4 mm → SOLTA
[INFO] [1791581901.338577, 1282.468000]: [mission] waypoint de 15° — lâmina medida em 14.7° (abertura por CONTATO)
[INFO] [1791581901.853568, 1282.970000]: [mission] fase "arco2"/puxa: RECUANDO 0.048 m só com as rodas
[INFO] [1791581902.849360, 1283.921000]: [mission] fase "arco2"/puxa: concluído (0.050 m)
[INFO] [1791581902.851202, 1283.923000]: [mission] fase "arco2": modo whole-body/Fuzzy (YAML)
[INFO] [1791581903.059163, 1284.125000]: [mission] plano de exclusão publicado: parede em [2.000e-03 3.001e+00 0.000e+00], normal segura [-0. -1.  0.]
[INFO] [1791581903.363614, 1284.427000]: [mission] fase "arco2": whole-body assumiu (base livre, restrita pelo plano de exclusão)
[INFO] [1791581903.365077, 1284.428000]: [mission] fase "arco2": whole-body a 0.0144 m do alvo — eixo=+6.7 prof=+5.5 alt=-11.5 mm
[INFO] [1791581903.768622, 1284.828000]: [mission] fase "arco2" alcançada por whole-body em 0.4s (0.0101 m) — no frame da parede eixo=+6.7 prof=+0.2 alt=-7.5 mm (tolerância 40/10/15)
[INFO] [1791581903.977028, 1285.034000]: [mission] waypoint de 30° — lâmina medida em 30.2° (abertura por CONTATO)
[INFO] [1791581904.484678, 1285.534000]: [mission] fase "desengata": modo IK iterativa (YAML)
[INFO] [1791581904.489383, 1285.538000]: [mission] âncora engatada (fase "desengata")
[INFO] [1791581907.807244, 1288.797000]: [mission] fase "desengata" it0: ponta (0.294, 2.773, 0.754) erro=0.0031 | degrau eixo 4.3° | rolagem 4.4° | IK pediu [-15.2 -21.9   0.   88.5 -10.2] | faltou [0. 0. 0. 0. 0.] graus
[INFO] [1791581907.811076, 1288.801000]: [mission] âncora solta — 1 correções de deriva
[INFO] [1791581907.813712, 1288.804000]: [mission] fase "desengata" alcançada em 1 iteração(ões) (0.0031 m) — âncora corrigiu 1 vez(es)
[INFO] [1791581908.339005, 1289.319000]: [mission] MANIPULATE concluída — chave ABERTA, lâmina medida em 30.3°
[INFO] [1791581908.341087, 1289.321000]: State machine transitioning 'MANIPULATE':'done'-->'RETRACT'
[INFO] [1791581908.753656, 1289.729000]: [mission] âncora engatada (fase "saida_sobe")
[INFO] [1791581911.399638, 1292.334000]: [mission] fase "saida_sobe" it0: ponta (0.300, 2.775, 0.783) erro=0.0050 | degrau eixo 4.1° | rolagem 4.2° | IK pediu [-15.1 -18.3   0.   87.  -10.7] | faltou [0. 0. 0. 0. 0.] graus
[INFO] [1791581911.402067, 1292.337000]: [mission] fase "saida_sobe" it0: no frame da parede eixo=+4.7 prof=+1.5 alt=+0.9 mm (tolerância 30/20/10)
[INFO] [1791581911.403744, 1292.338000]: [mission] fase "saida_sobe" alcançada em 1 iteração(ões) (0.0050 m)
[INFO] [1791581911.409024, 1292.343000]: [mission] âncora engatada (fase "saida_eixo")
[INFO] [1791581917.424084, 1298.257000]: [mission] fase "saida_eixo" it0: ponta (0.414, 2.774, 0.785) erro=0.0017 | degrau eixo 9.8° | rolagem 9.9° | IK pediu [-24.7 -16.7  -0.   78.9 -19.3] | faltou [-0.   0.9 -2.1  1.2  0. ] graus
[INFO] [1791581917.427292, 1298.261000]: [mission] fase "saida_eixo" it0: no frame da parede eixo=-1.5 prof=+0.6 alt=-0.2 mm (tolerância 20/20/15)
[INFO] [1791581917.429442, 1298.263000]: [mission] âncora solta — 2 correções de deriva
[INFO] [1791581917.431226, 1298.265000]: [mission] fase "saida_eixo" alcançada em 1 iteração(ões) (0.0017 m) — âncora corrigiu 2 vez(es)
[INFO] [1791581917.434630, 1298.268000]: [mission] âncora engatada (fase "saida_fora")
[INFO] [1791581924.843185, 1305.574000]: [mission] fase "saida_fora" it0: ponta (0.412, 2.677, 0.783) erro=0.0051 | degrau eixo 4.2° | rolagem 4.4° | IK pediu [-28.3 -20.6   0.  100.7 -24.8] | faltou [ 0.6 -3.2  6.7 -4.  -0. ] graus
[INFO] [1791581924.848542, 1305.580000]: [mission] fase "saida_fora" it0: no frame da parede eixo=-3.5 prof=+3.5 alt=+1.1 mm (tolerância 30/20/20)
[INFO] [1791581924.851251, 1305.583000]: [mission] âncora solta — 2 correções de deriva
[INFO] [1791581924.852673, 1305.584000]: [mission] fase "saida_fora" alcançada em 1 iteração(ões) (0.0051 m) — âncora corrigiu 2 vez(es)
[INFO] [1791581924.854405, 1305.586000]: [mission] RETRACT/afasta: RECUANDO 0.250 m só com as rodas
[INFO] [1791581929.332526, 1309.987000]: [mission] RETRACT/afasta: concluído (0.251 m)
[INFO] [1791581929.334343, 1309.989000]: [mission] postura "stow_home" comandada: [0.0, 1.1, -1.04, -1.8, 0.0]
[INFO] [1791581946.137549, 1326.490000]: State machine transitioning 'RETRACT':'ok'-->'RETURN'
[INFO] [1791581946.139954, 1326.492000]: [mission] RETURN — voltando a (-0.01, 1.01, 0.09 rad)
[INFO] [1791581958.897164, 1339.044000]: [mission] RETURN: alinhado, avançando (1.15 m)
[INFO] [1791581958.947437, 1339.094000]: [mission] teto por postura ativo no drive: v<=0.24 w<=0.50 rampa 0.53/1.51
[INFO] [1791581967.802820, 1347.794000]: [mission] RETURN: chegou, ajustando heading final
[INFO] [1791581967.853950, 1347.844000]: [mission] teto por postura ativo no drive: v<=0.24 w<=0.50 rampa 0.53/1.51
[INFO] [1791581977.334702, 1357.194000]: [mission] RETURN: concluído
[INFO] [1791581977.338912, 1357.198000]: [mission] RETURN/home: procurando os fins de curso (J4, J3, J2, J5, J1)
[INFO] [1791582012.319280, 1391.600000]: [mission] RETURN/home: cinco switches achados — referência das juntas estabelecida
[INFO] [1791582012.321497, 1391.602000]: [mission] postura "home" comandada: [0.0, 1.108, -1.021, -1.894, 0.0]
[INFO] [1791582028.275772, 1407.304000]: [mission] RETURN/home: braço em HOME POSITION (J1/J5 em zero, J2/J3/J4 nos switches)
[INFO] [1791582028.278740, 1407.306000]: State machine terminating 'RETURN':'home':'MISSION_OK'
[INFO] [1791582028.280951, 1407.309000]: [mission] resultado: MISSION_OK
... logging to /home/marco/.ros/log/b1b629ea-c426-11f1-9fda-b025aa85b2a2/roslaunch-shiroi-184445.log
Checking log directory for disk usage. This may take a while.
Press Ctrl-C to interrupt
]2;/home/marco/b166er/src/b166er_whole_body_control/launch/chave_mission.launch
[1mstarted roslaunch server http://shiroi:36915/[0m

SUMMARY
========

PARAMETERS
 * /chave_mission/estado_final: 
 * /chave_mission/estado_inicial: HOMING
 * /chave_mission/pausa_por_fase: False
 * /chave_mission/search_omega: 0.35
 * /chave_mission/standoff_distance: 0.62
 * /chave_mission/use_wholebody: False
 * /chave_seccionadora_task/aproxima_lateral/modo: ik
 * /chave_seccionadora_task/aproxima_lateral/offset_xyz_m: [-0.09, 0.008, 0.01]
 * /chave_seccionadora_task/aproxima_lateral/tol_xyz_m: [0.04, 0.008, 0.005]
 * /chave_seccionadora_task/arco1/blade_angle_deg: 15
 * /chave_seccionadora_task/arco1/deriva_eixo_max_m: 0.015
 * /chave_seccionadora_task/arco1/modo: wb
 * /chave_seccionadora_task/arco1/offset_xyz_m: [0.0, 0.0518, -0....
 * /chave_seccionadora_task/arco1/soltura_recuo_min_m: 0.04
 * /chave_seccionadora_task/arco1/tol_xyz_m: [0.04, 0.01, 0.015]
 * /chave_seccionadora_task/arco2/blade_angle_deg: 30
 * /chave_seccionadora_task/arco2/deriva_eixo_max_m: 0.015
 * /chave_seccionadora_task/arco2/modo: wb
 * /chave_seccionadora_task/arco2/offset_xyz_m: [0.0, 0.1, -0.0518]
 * /chave_seccionadora_task/arco2/tol_xyz_m: [0.04, 0.01, 0.015]
 * /chave_seccionadora_task/atravessa/modo: ik
 * /chave_seccionadora_task/atravessa/offset_xyz_m: [-0.008, 0.008, 0...
 * /chave_seccionadora_task/atravessa/tol_xyz_m: [0.008, 0.006, 0....
 * /chave_seccionadora_task/captura/modo: ik
 * /chave_seccionadora_task/captura/offset_xyz_m: [-0.008, 0.0, -0.01]
 * /chave_seccionadora_task/captura/tol_xyz_m: [0.008, 0.006, 0.01]
 * /chave_seccionadora_task/desengata/modo: ik
 * /chave_seccionadora_task/desengata/offset_xyz_m: [-0.09, 0.1, -0.0...
 * /chave_seccionadora_task/destrava/curso_estagna_m: 0.01
 * /chave_seccionadora_task/destrava/curso_margem_m: 0.002
 * /chave_seccionadora_task/destrava/curso_min_m: 0.018
 * /chave_seccionadora_task/destrava/curso_teto_m: 0.022
 * /chave_seccionadora_task/destrava/modo: wb
 * /chave_seccionadora_task/destrava/offset_xyz_m: [0.0, 0.0, -0.025]
 * /chave_seccionadora_task/destrava/tol_xyz_m: [0.01, 0.006, 0.004]
 * /chave_seccionadora_task/libera/deriva_eixo_max_m: 0.015
 * /chave_seccionadora_task/libera/modo: wb
 * /chave_seccionadora_task/libera/offset_xyz_m: [0.0, 0.03, -0.025]
 * /chave_seccionadora_task/libera/tol_xyz_m: [0.04, 0.008, 0.006]
 * /chave_seccionadora_task/orienta/modo: ik
 * /chave_seccionadora_task/orienta/offset_xyz_m: [-0.09, 0.15, 0.0...
 * /chave_seccionadora_task/reassenta_sobe/tol_xyz_m: [0.03, 0.02, 0.005]
 * /chave_seccionadora_task/saida_eixo/tol_xyz_m: [0.02, 0.02, 0.015]
 * /chave_seccionadora_task/saida_fora/tol_xyz_m: [0.03, 0.02, 0.02]
 * /chave_seccionadora_task/saida_sobe/tol_xyz_m: [0.03, 0.02, 0.01]
 * /chave_seccionadora_task/target_frame: chave_olhal_link
 * /fuzzy_wb_controller/fixed_gains: []
 * /rosdistro: noetic
 * /rosversion: 1.17.4

NODES
  /
    chave_mission (b166er_whole_body_control/chave_mission.py)

[1mROS_MASTER_URI=http://localhost:11311[0m
]2;/home/marco/b166er/src/b166er_whole_body_control/launch/chave_mission.launch http://localhost:11311
[1mprocess[chave_mission-1]: started with pid [184490][0m
[1m[chave_mission-1] process has finished cleanly
log file: /home/marco/.ros/log/b1b629ea-c426-11f1-9fda-b025aa85b2a2/chave_mission-1*.log[0m
all processes on machine have died, roslaunch will exit
shutting down processing monitor...
... shutting down processing monitor complete
[1mdone[0m
