[31mWARNING: disk usage in log directory [/home/marco/.ros/log] is over 1GB.
It's recommended that you use the 'rosclean' command.[0m
the rosdep view is empty: call 'sudo rosdep init' and 'rosdep update'
[WARN] [1791480091.356747, 140.109000]: [mission] SEARCH: 10 de 25 amostras descartadas como outlier (>0.15 m ou >0.20 rad da mediana)
[WARN] [1791480091.411504, 140.165000]: [mission] SEARCH: laser com só 26 pontos de parede (mín 30) — parede fica pela tag
[INFO] [1791480036.585225, 0.000000]: garra_dx = 0.000 m (fechada)
[INFO] [1791480036.644136, 86.632000]: State machine starting in initial state 'HOME' with userdata: 
	[]
[INFO] [1791480036.953400, 86.933000]: [mission] pose de partida registrada: (-0.01, 1.00, -0.01 rad)
[INFO] [1791480036.959597, 86.939000]: [mission] HOME: homing pelos fins de curso (J4, J3, J2)
[INFO] [1791480064.657238, 114.041000]: [mission] HOME: braço nos fins de curso — partindo daqui para o SEARCH
[INFO] [1791480064.660370, 114.044000]: State machine transitioning 'HOME':'ok'-->'SEARCH'
[INFO] [1791480064.662935, 114.046000]: [mission] postura "search" comandada: [0.0, 1.0, -1.0, 0.0, 0.0]
[INFO] [1791480072.692816, 121.849000]: [mission] SEARCH — girando à procura da tag...
[INFO] [1791480072.695503, 121.851000]: [mission] SEARCH: amostra quando a tag estiver a raio 0.35-0.50 do quadro (vista oblíqua; omega fina 0.15 rad/s)
[INFO] [1791480074.230187, 123.354000]: [mission] SEARCH: tag a raio 0.93 — girando até <= 0.50
[INFO] [1791480081.392307, 130.358000]: [mission] SEARCH: tag a raio 0.50 — parando
[INFO] [1791480081.394739, 130.360000]: [mission] tag avistada — parando para medir
[INFO] [1791480082.428276, 131.369000]: [mission] âncora engatada (coleta do SEARCH)
[INFO] [1791480082.429613, 131.370000]: [mission] SEARCH: coleta com dither ±0.05 rad/s (período 3.0 s)
[INFO] [1791480091.337854, 140.092000]: [mission] âncora solta — 15 correções de deriva
[INFO] [1791480091.339901, 140.094000]: [mission] SEARCH: âncora corrigiu a deriva 15 vez(es) durante a coleta
[INFO] [1791480091.358975, 140.113000]: [mission] SEARCH: 15 amostras — parede (0.013, 2.949, -0.005) yaw=-2.899
[INFO] [1791480091.413366, 140.167000]: [mission] parede localizada em (0.013, 2.949, -0.005)
[INFO] [1791480091.419020, 140.173000]: State machine transitioning 'SEARCH':'found'-->'APPROACH'
[INFO] [1791480091.421182, 140.175000]: [mission] APPROACH etapa 1/2 — 1.30 m do olhal, alvo (0.55, 1.61, 1.81 rad)
[INFO] [1791480091.423088, 140.177000]: [mission] APPROACH: alinhado, avançando (0.86 m)
[INFO] [1791480091.474504, 140.227000]: [mission] teto por postura ativo no drive: v<=0.18 w<=0.50 rampa 0.46/1.51
[INFO] [1791480098.066743, 146.677000]: [mission] APPROACH: chegou, ajustando heading final
[INFO] [1791480098.117228, 146.727000]: [mission] teto por postura ativo no drive: v<=0.18 w<=0.50 rampa 0.46/1.51
[INFO] [1791480101.038372, 149.577000]: [mission] APPROACH: concluído
[INFO] [1791480102.068638, 150.582000]: [mission] âncora engatada (coleta do APPROACH/remedida)
[INFO] [1791480102.070875, 150.582000]: [mission] APPROACH/remedida: coleta com dither ±0.05 rad/s (período 3.0 s)
[INFO] [1791480103.234183, 151.717000]: [mission] âncora solta — 2 correções de deriva
[INFO] [1791480103.235348, 151.718000]: [mission] APPROACH/remedida: âncora corrigiu a deriva 2 vez(es) durante a coleta
[INFO] [1791480103.236603, 151.719000]: [mission] APPROACH/remedida: 10 amostras — parede (0.003, 3.009, -0.004) yaw=3.136
[INFO] [1791480103.289338, 151.771000]: [mission] APPROACH/remedida: parede pelo LASER — 65 pontos, resíduo 5.2 mm: profundidade +9.7 mm e yaw +0.65° em relação à tag → parede (0.003, 2.999, -0.004) yaw=-3.136
[INFO] [1791480103.290604, 151.773000]: [mission] APPROACH etapa 2/2 — 0.88 m do olhal, alvo (0.38, 1.99, 1.58 rad)
[INFO] [1791480104.673085, 153.123000]: [mission] APPROACH: alinhado, avançando (0.52 m)
[INFO] [1791480104.724356, 153.173000]: [mission] teto por postura ativo no drive: v<=0.18 w<=0.50 rampa 0.46/1.51
[INFO] [1791480109.910448, 158.223000]: [mission] APPROACH: chegou, ajustando heading final
[INFO] [1791480109.961329, 158.273000]: [mission] teto por postura ativo no drive: v<=0.18 w<=0.50 rampa 0.45/1.51
[INFO] [1791480114.617717, 162.823000]: [mission] APPROACH: concluído
[INFO] [1791480114.625330, 162.830000]: State machine transitioning 'APPROACH':'arrived'-->'REFINE'
[INFO] [1791480114.628179, 162.833000]: [mission] REFINE — remedindo a parede de perto (10 amostras)
[INFO] [1791480114.634782, 162.839000]: [mission] âncora engatada (coleta do REFINE)
[INFO] [1791480114.637338, 162.842000]: [mission] REFINE: coleta com dither ±0.05 rad/s (período 3.0 s)
[INFO] [1791480115.791813, 163.967000]: [mission] âncora solta — 1 correções de deriva
[INFO] [1791480115.794501, 163.969000]: [mission] REFINE: âncora corrigiu a deriva 1 vez(es) durante a coleta
[INFO] [1791480115.798138, 163.972000]: [mission] REFINE: 10 amostras — parede (0.001, 2.996, 0.000) yaw=3.141
[INFO] [1791480115.854127, 164.026000]: [mission] REFINE: parede pelo LASER — 91 pontos, resíduo 4.9 mm: profundidade -2.5 mm e yaw +0.12° em relação à tag → parede (0.001, 2.999, 0.000) yaw=-3.140
[INFO] [1791480115.856892, 164.029000]: [mission] REFINE: deslocou 0.005 m da estimativa anterior
[INFO] [1791480115.859228, 164.031000]: [mission] olhal estimado em (0.201, 2.869, 0.805)
[INFO] [1791480115.869504, 164.041000]: State machine transitioning 'REFINE':'ok'-->'DEPLOY'
[INFO] [1791480115.873236, 164.044000]: [mission] DEPLOY: IK resolvida para a POSE DE MANIPULAÇÃO (0.20, 2.25, 1.57 rad), não para a atual
[INFO] [1791480120.912552, 166.211000]: [mission] DEPLOY: IK nivelada 0.0708 m, só eixo 0.0014 m — a MISSÃO INTEIRA usa "eixo"
[INFO] [1791480120.919158, 169.056000]: [mission] DEPLOY: IK da ponta resolvida (resíduo 0.0014 m, degrau 0.4°) — pré-posicionando em [-10.9 -46.4  60.   78.4 -10.9] graus
[INFO] [1791480131.921364, 179.777000]: [mission] plano de exclusão publicado: parede em [1.000e-03 2.999e+00 0.000e+00], normal segura [ 0.001 -1.     0.   ]
[INFO] [1791480132.136955, 179.985000]: [mission] teto por postura ativo no drive: v<=0.25 w<=0.50 rampa 0.55/1.61
[INFO] [1791480133.926331, 181.734000]: [mission] DEPLOY/aproxima: alinhado, avançando (0.31 m)
[INFO] [1791480137.153966, 184.884000]: [mission] DEPLOY/aproxima: chegou, ajustando heading final
[INFO] [1791480140.235653, 187.884000]: [mission] DEPLOY/aproxima: concluído
[INFO] [1791480140.237220, 187.885000]: State machine transitioning 'DEPLOY':'ok'-->'MANIPULATE'
[INFO] [1791480140.240481, 187.888000]: [mission] fase "orienta": modo IK iterativa (YAML)
[INFO] [1791480140.247064, 187.895000]: [mission] âncora engatada (fase "orienta")
[INFO] [1791480148.852707, 196.301000]: [mission] fase "orienta" it0: ponta (0.293, 2.722, 0.813) erro=0.0035 | degrau eixo 0.1° | rolagem 0.1° | IK pediu [-17.6 -34.   36.5  87.  -12.9] | faltou [-0.4 -0.1  0.   0.  -0. ] graus
[INFO] [1791480148.857265, 196.307000]: [mission] âncora solta — 7 correções de deriva
[INFO] [1791480148.859953, 196.309000]: [mission] fase "orienta" alcançada em 1 iteração(ões) (0.0035 m) — âncora corrigiu 7 vez(es)
[INFO] [1791480149.378670, 196.820000]: [mission] fase "aproxima_lateral": modo IK iterativa (YAML)
[INFO] [1791480149.384142, 196.825000]: [mission] âncora engatada (fase "aproxima_lateral")
[INFO] [1791480153.501515, 200.844000]: [mission] fase "aproxima_lateral" it0: ponta (0.287, 2.864, 0.813) erro=0.0058 | degrau eixo 3.9° | rolagem 3.9° | IK pediu [-15.  -13.9   0.   81.4  -9.6] | faltou [0. 0. 0. 0. 0.] graus
[INFO] [1791480153.507023, 200.850000]: [mission] fase "aproxima_lateral" it0: no frame da parede eixo=-4.2 prof=+3.3 alt=+2.2 mm (tolerância 40/8/5)
[INFO] [1791480153.509238, 200.853000]: [mission] âncora solta — 2 correções de deriva
[INFO] [1791480153.510863, 200.854000]: [mission] fase "aproxima_lateral" alcançada em 1 iteração(ões) (0.0058 m) — âncora corrigiu 2 vez(es)
[INFO] [1791480154.027903, 201.361000]: [mission] fase "atravessa": modo IK iterativa (YAML)
[INFO] [1791480154.036824, 201.370000]: [mission] âncora engatada (fase "atravessa")
[INFO] [1791480158.491433, 205.724000]: [mission] fase "atravessa" it0: ponta (0.209, 2.864, 0.812) erro=0.0047 | degrau eixo 1.1° | rolagem 1.2° | IK pediu [ -8.2 -14.7   0.6  84.5  -3.1] | faltou [-0.2 -0.4 -0.  -0.1 -0.2] graus
[INFO] [1791480158.495893, 205.729000]: [mission] fase "atravessa" it0: no frame da parede eixo=-0.4 prof=+3.0 alt=+3.6 mm (tolerância 8/6/5)
[INFO] [1791480158.497888, 205.731000]: [mission] âncora solta — 2 correções de deriva
[WARN] [1791480165.034938, 212.090000]: [mission] destrava: lingueta em 9.3 mm (esperado ≥ 12) — o gatilho pode não ter soltado
[WARN] [1791480184.989979, 231.490000]: [mission] RETRACT: ponta a 0.144 m do olhal — saindo em degraus: sobe 30 mm, 120 mm pelo eixo do furo, 100 mm para fora, antes de recolher
[INFO] [1791480158.499795, 205.733000]: [mission] fase "atravessa" alcançada em 1 iteração(ões) (0.0047 m) — âncora corrigiu 2 vez(es)
[INFO] [1791480159.018631, 206.240000]: [mission] fase "captura": modo IK iterativa (YAML)
[INFO] [1791480159.027293, 206.247000]: [mission] âncora engatada (fase "captura")
[INFO] [1791480162.230518, 209.353000]: [mission] fase "captura" it0: ponta (0.209, 2.874, 0.796) erro=0.0053 | degrau eixo 1.2° | rolagem 1.2° | IK pediu [ -8.5 -16.7   0.1  85.   -3. ] | faltou [0. 0. 0. 0. 0.] graus
[INFO] [1791480162.235578, 209.357000]: [mission] fase "captura" it0: no frame da parede eixo=-0.6 prof=+5.2 alt=-0.3 mm (tolerância 8/6/10)
[INFO] [1791480162.239088, 209.360000]: [mission] âncora solta — 1 correções de deriva
[INFO] [1791480162.242558, 209.363000]: [mission] fase "captura" alcançada em 1 iteração(ões) (0.0053 m) — âncora corrigiu 1 vez(es)
[INFO] [1791480162.252386, 209.373000]: [mission] captura: ponta registrada em eixo=-7.4 prof=-5.3 alt=-9.6 mm (zero da descida do destrava e da deriva de eixo)
[INFO] [1791480162.775267, 209.876000]: [mission] fase "destrava": alvo em altura relativo à captura: -29.6 mm (captura -9.6 − curso 18 − margem 2)
[INFO] [1791480162.777890, 209.878000]: [mission] fase "destrava": modo whole-body/Fuzzy (YAML)
[INFO] [1791480162.983942, 210.080000]: [mission] plano de exclusão publicado: parede em [1.000e-03 2.999e+00 0.000e+00], normal segura [ 0.001 -1.     0.   ]
[INFO] [1791480163.295965, 210.382000]: [mission] fase "destrava": whole-body assumiu (base livre, restrita pelo plano de exclusão)
[INFO] [1791480163.297481, 210.383000]: [mission] fase "destrava": whole-body a 0.0214 m do alvo — eixo=+7.4 prof=+5.1 alt=-19.4 mm
[INFO] [1791480164.817386, 211.883000]: [mission] fase "destrava" alcançada por whole-body em 1.5s (0.0076 m) — no frame da parede eixo=+7.2 prof=-2.3 alt=-1.1 mm (tolerância 10/6/4)
[INFO] [1791480165.034239, 212.089000]: [mission] destrava: ponta desceu 18.3 mm desde a captura (critério observável) | lingueta 9.3 mm (só na simulação)
[INFO] [1791480165.567544, 212.590000]: [mission] fase "libera": modo whole-body/Fuzzy (YAML)
[INFO] [1791480165.775656, 212.792000]: [mission] plano de exclusão publicado: parede em [1.000e-03 2.999e+00 0.000e+00], normal segura [ 0.001 -1.     0.   ]
[INFO] [1791480166.083031, 213.095000]: [mission] fase "libera": whole-body assumiu (base livre, restrita pelo plano de exclusão)
[INFO] [1791480166.085322, 213.097000]: [mission] fase "libera": whole-body a 0.0289 m do alvo — eixo=+7.2 prof=+27.9 alt=+2.2 mm
[INFO] [1791480168.224801, 215.196000]: [mission] fase "libera": whole-body a 0.0278 m do alvo — eixo=+7.2 prof=+26.3 alt=+5.2 mm
[INFO] [1791480170.367213, 217.296000]: [mission] fase "libera": whole-body a 0.0074 m do alvo — eixo=+7.2 prof=-1.6 alt=-0.8 mm
[INFO] [1791480170.573751, 217.496000]: [mission] fase "libera" alcançada por whole-body em 4.4s (0.0075 m) — no frame da parede eixo=+7.2 prof=-1.7 alt=-1.7 mm (tolerância 40/8/6)
[INFO] [1791480171.300536, 218.202000]: [mission] fase "arco1"/puxa: RECUANDO 0.022 m só com as rodas
[INFO] [1791480171.772461, 218.654000]: [mission] fase "arco1"/puxa: concluído (0.024 m)
[INFO] [1791480171.775326, 218.657000]: [mission] fase "arco1": modo whole-body/Fuzzy (YAML)
[INFO] [1791480171.993620, 218.860000]: [mission] plano de exclusão publicado: parede em [1.000e-03 2.999e+00 0.000e+00], normal segura [ 0.001 -1.     0.   ]
[INFO] [1791480172.305950, 219.168000]: [mission] fase "arco1": whole-body assumiu (base livre, restrita pelo plano de exclusão)
[INFO] [1791480172.510335, 219.369000]: [mission] fase "arco1": whole-body a 0.0074 m do alvo — eixo=+7.1 prof=-1.9 alt=-0.1 mm
[INFO] [1791480172.716223, 219.569000]: [mission] fase "arco1" alcançada por whole-body em 0.4s (0.0078 m) — no frame da parede eixo=+7.1 prof=-2.3 alt=-2.0 mm (tolerância 40/10/15)
[INFO] [1791480172.716974, 219.570000]: [mission] arco1: SOLTURA observável — recuo 59.4 mm desde a captura (mín 40) com deriva de eixo +0.3 mm → SOLTA
[INFO] [1791480172.932926, 219.778000]: [mission] waypoint de 15° — lâmina medida em 15.5° (abertura por CONTATO)
[INFO] [1791480173.456158, 220.279000]: [mission] fase "arco2"/puxa: RECUANDO 0.048 m só com as rodas
[INFO] [1791480174.447463, 221.231000]: [mission] fase "arco2"/puxa: concluído (0.050 m)
[INFO] [1791480174.449124, 221.232000]: [mission] fase "arco2": modo whole-body/Fuzzy (YAML)
[INFO] [1791480174.660209, 221.434000]: [mission] plano de exclusão publicado: parede em [1.000e-03 2.999e+00 0.000e+00], normal segura [ 0.001 -1.     0.   ]
[INFO] [1791480174.967183, 221.737000]: [mission] fase "arco2": whole-body assumiu (base livre, restrita pelo plano de exclusão)
[INFO] [1791480174.969630, 221.739000]: [mission] fase "arco2": whole-body a 0.0133 m do alvo — eixo=+7.1 prof=+0.3 alt=-11.3 mm
[INFO] [1791480175.378847, 222.138000]: [mission] fase "arco2" alcançada por whole-body em 0.4s (0.0109 m) — no frame da parede eixo=+7.1 prof=-4.7 alt=-6.8 mm (tolerância 40/10/15)
[INFO] [1791480175.597040, 222.353000]: [mission] waypoint de 30° — lâmina medida em 30.8° (abertura por CONTATO)
[INFO] [1791480176.108803, 222.855000]: [mission] fase "desengata": modo IK iterativa (YAML)
[INFO] [1791480176.113146, 222.859000]: [mission] âncora engatada (fase "desengata")
[INFO] [1791480184.044638, 230.566000]: [mission] fase "desengata" it0: ponta (0.292, 2.771, 0.754) erro=0.0027 | degrau eixo 4.2° | rolagem 4.4° | IK pediu [-14.1 -21.   -0.   84.3  -8.5] | faltou [ 0.6  0.  -0.1 -0.2 -0.1] graus
[INFO] [1791480184.047900, 230.569000]: [mission] âncora solta — 5 correções de deriva
[INFO] [1791480184.050539, 230.572000]: [mission] fase "desengata" alcançada em 1 iteração(ões) (0.0027 m) — âncora corrigiu 5 vez(es)
[INFO] [1791480184.575705, 231.086000]: [mission] MANIPULATE concluída — chave ABERTA, lâmina medida em 31.0°
[INFO] [1791480184.577510, 231.088000]: State machine transitioning 'MANIPULATE':'done'-->'RETRACT'
[INFO] [1791480184.995559, 231.496000]: [mission] âncora engatada (fase "saida_sobe")
[INFO] [1791480187.667315, 234.121000]: [mission] fase "saida_sobe" it0: ponta (0.298, 2.774, 0.783) erro=0.0040 | degrau eixo 4.1° | rolagem 4.1° | IK pediu [-13.7 -17.5   0.   83.   -9.1] | faltou [0. 0. 0. 0. 0.] graus
[INFO] [1791480187.670372, 234.124000]: [mission] fase "saida_sobe" it0: no frame da parede eixo=+3.6 prof=+1.7 alt=+0.3 mm (tolerância 30/20/10)
[INFO] [1791480187.671743, 234.126000]: [mission] âncora solta — 1 correções de deriva
[INFO] [1791480187.672683, 234.127000]: [mission] fase "saida_sobe" alcançada em 1 iteração(ões) (0.0040 m) — âncora corrigiu 1 vez(es)
[INFO] [1791480187.675957, 234.130000]: [mission] âncora engatada (fase "saida_eixo")
[INFO] [1791480193.947931, 240.233000]: [mission] fase "saida_eixo" it0: ponta (0.414, 2.775, 0.783) erro=0.0025 | degrau eixo 9.8° | rolagem 10.1° | IK pediu [-23.1 -15.8   0.   75.6 -17.3] | faltou [ 0.4  0.1 -0.2 -0.4  0. ] graus
[INFO] [1791480193.950562, 240.236000]: [mission] fase "saida_eixo" it0: no frame da parede eixo=+0.1 prof=+2.4 alt=+0.9 mm (tolerância 20/20/15)
[INFO] [1791480193.951919, 240.238000]: [mission] âncora solta — 4 correções de deriva
[INFO] [1791480193.952793, 240.238000]: [mission] fase "saida_eixo" alcançada em 1 iteração(ões) (0.0025 m) — âncora corrigiu 4 vez(es)
[INFO] [1791480193.957754, 240.243000]: [mission] âncora engatada (fase "saida_fora")
[INFO] [1791480201.451942, 247.548000]: [mission] fase "saida_fora" it0: ponta (0.413, 2.674, 0.784) erro=0.0019 | degrau eixo 4.6° | rolagem 4.7° | IK pediu [-26.1 -20.2   0.   98.5 -22.9] | faltou [ 0.5  0.  -0.1 -0.1 -0. ] graus
[INFO] [1791480201.454799, 247.551000]: [mission] fase "saida_fora" it0: no frame da parede eixo=-1.0 prof=+1.7 alt=-0.2 mm (tolerância 30/20/20)
[INFO] [1791480201.456673, 247.553000]: [mission] âncora solta — 5 correções de deriva
[INFO] [1791480201.457970, 247.554000]: [mission] fase "saida_fora" alcançada em 1 iteração(ões) (0.0019 m) — âncora corrigiu 5 vez(es)
[INFO] [1791480201.459288, 247.556000]: [mission] RETRACT/afasta: RECUANDO 0.250 m só com as rodas
[INFO] [1791480205.939573, 251.957000]: [mission] RETRACT/afasta: concluído (0.251 m)
[INFO] [1791480205.941366, 251.959000]: [mission] postura "stow_home" comandada: [0.0, 1.1, -1.04, -1.8, 0.0]
[INFO] [1791480222.625108, 268.260000]: State machine transitioning 'RETRACT':'ok'-->'RETURN'
[INFO] [1791480222.628289, 268.263000]: [mission] RETURN — voltando a (-0.01, 1.00, -0.01 rad)
[INFO] [1791480235.307822, 280.665000]: [mission] RETURN: alinhado, avançando (1.11 m)
[INFO] [1791480235.359757, 280.716000]: [mission] teto por postura ativo no drive: v<=0.24 w<=0.50 rampa 0.53/1.50
[INFO] [1791480243.948570, 289.115000]: [mission] RETURN: chegou, ajustando heading final
[INFO] [1791480243.999258, 289.165000]: [mission] teto por postura ativo no drive: v<=0.24 w<=0.50 rampa 0.53/1.51
[INFO] [1791480251.306534, 296.317000]: [mission] RETURN: concluído
[INFO] [1791480251.309780, 296.320000]: State machine terminating 'RETURN':'home':'MISSION_OK'
[INFO] [1791480251.313003, 296.323000]: [mission] resultado: MISSION_OK
... logging to /home/marco/.ros/log/5a240f34-c33c-11f1-96a5-b025aa85b2a2/roslaunch-shiroi-3831756.log
Checking log directory for disk usage. This may take a while.
Press Ctrl-C to interrupt
]2;/home/marco/b166er/src/b166er_whole_body_control/launch/chave_mission.launch
[1mstarted roslaunch server http://shiroi:33863/[0m

SUMMARY
========

PARAMETERS
 * /chave_mission/estado_final: 
 * /chave_mission/estado_inicial: HOME
 * /chave_mission/pausa_por_fase: False
 * /chave_mission/search_omega: 0.35
 * /chave_mission/standoff_distance: 0.62
 * /chave_mission/use_wholebody: False
 * /chave_seccionadora_task/aproxima_lateral/modo: ik
 * /chave_seccionadora_task/aproxima_lateral/offset_xyz_m: [-0.09, 0.008, 0.01]
 * /chave_seccionadora_task/aproxima_lateral/tol_xyz_m: [0.04, 0.008, 0.005]
 * /chave_seccionadora_task/arco1/blade_angle_deg: 15
 * /chave_seccionadora_task/arco1/deriva_eixo_max_m: 0.015
 * /chave_seccionadora_task/arco1/modo: wb
 * /chave_seccionadora_task/arco1/offset_xyz_m: [0.0, 0.0518, -0....
 * /chave_seccionadora_task/arco1/soltura_recuo_min_m: 0.04
 * /chave_seccionadora_task/arco1/tol_xyz_m: [0.04, 0.01, 0.015]
 * /chave_seccionadora_task/arco2/blade_angle_deg: 30
 * /chave_seccionadora_task/arco2/deriva_eixo_max_m: 0.015
 * /chave_seccionadora_task/arco2/modo: wb
 * /chave_seccionadora_task/arco2/offset_xyz_m: [0.0, 0.1, -0.0518]
 * /chave_seccionadora_task/arco2/tol_xyz_m: [0.04, 0.01, 0.015]
 * /chave_seccionadora_task/atravessa/modo: ik
 * /chave_seccionadora_task/atravessa/offset_xyz_m: [-0.008, 0.008, 0...
 * /chave_seccionadora_task/atravessa/tol_xyz_m: [0.008, 0.006, 0....
 * /chave_seccionadora_task/captura/modo: ik
 * /chave_seccionadora_task/captura/offset_xyz_m: [-0.008, 0.0, -0.01]
 * /chave_seccionadora_task/captura/tol_xyz_m: [0.008, 0.006, 0.01]
 * /chave_seccionadora_task/desengata/modo: ik
 * /chave_seccionadora_task/desengata/offset_xyz_m: [-0.09, 0.1, -0.0...
 * /chave_seccionadora_task/destrava/curso_estagna_m: 0.01
 * /chave_seccionadora_task/destrava/curso_margem_m: 0.002
 * /chave_seccionadora_task/destrava/curso_min_m: 0.018
 * /chave_seccionadora_task/destrava/curso_teto_m: 0.022
 * /chave_seccionadora_task/destrava/modo: wb
 * /chave_seccionadora_task/destrava/offset_xyz_m: [0.0, 0.0, -0.025]
 * /chave_seccionadora_task/destrava/tol_xyz_m: [0.01, 0.006, 0.004]
 * /chave_seccionadora_task/libera/deriva_eixo_max_m: 0.015
 * /chave_seccionadora_task/libera/modo: wb
 * /chave_seccionadora_task/libera/offset_xyz_m: [0.0, 0.03, -0.025]
 * /chave_seccionadora_task/libera/tol_xyz_m: [0.04, 0.008, 0.006]
 * /chave_seccionadora_task/orienta/modo: ik
 * /chave_seccionadora_task/orienta/offset_xyz_m: [-0.09, 0.15, 0.0...
 * /chave_seccionadora_task/reassenta_sobe/tol_xyz_m: [0.03, 0.02, 0.005]
 * /chave_seccionadora_task/saida_eixo/tol_xyz_m: [0.02, 0.02, 0.015]
 * /chave_seccionadora_task/saida_fora/tol_xyz_m: [0.03, 0.02, 0.02]
 * /chave_seccionadora_task/saida_sobe/tol_xyz_m: [0.03, 0.02, 0.01]
 * /chave_seccionadora_task/target_frame: chave_olhal_link
 * /fuzzy_wb_controller/fixed_gains: []
 * /rosdistro: noetic
 * /rosversion: 1.17.4

NODES
  /
    chave_mission (b166er_whole_body_control/chave_mission.py)

[1mROS_MASTER_URI=http://localhost:11311[0m
]2;/home/marco/b166er/src/b166er_whole_body_control/launch/chave_mission.launch http://localhost:11311
[1mprocess[chave_mission-1]: started with pid [3831804][0m
[1m[chave_mission-1] process has finished cleanly
log file: /home/marco/.ros/log/5a240f34-c33c-11f1-96a5-b025aa85b2a2/chave_mission-1*.log[0m
all processes on machine have died, roslaunch will exit
shutting down processing monitor...
... shutting down processing monitor complete
[1mdone[0m
