[31mWARNING: disk usage in log directory [/home/marco/.ros/log] is over 1GB.
It's recommended that you use the 'rosclean' command.[0m
the rosdep view is empty: call 'sudo rosdep init' and 'rosdep update'
[WARN] [1791387217.412278, 1273.581000]: [mission] SEARCH: ajuste não convergiu em 8s (raio 0.55) — amostrando assim mesmo
[WARN] [1791387230.389443, 1286.375000]: [mission] SEARCH: 8 de 25 amostras descartadas como outlier (>0.15 m ou >0.20 rad da mediana)
[WARN] [1791387230.445392, 1286.429000]: [mission] SEARCH: laser discorda demais da tag (profundidade +80 mm, yaw +8.8°) — parede fica pela tag
[WARN] [1791387370.710352, 1425.190000]: [mission] fase "orienta" it3: mira além ficou fora de alcance (0.025 m) — recuando para o alvo real
[ERROR] [1791387403.620396, 1458.060000]: [mission] fase "orienta": 5 iterações sem fechar (0.2692 m, tolerância 0.020)
[WARN] [1791387403.624141, 1458.064000]: [mission] ABORT — parando base e recolhendo braço
[WARN] [1791387428.812373, 1483.020000]: [mission] ABORT — voltando à pose de partida (0.01, 1.00, 0.01 rad)
[INFO] [1791387195.704255, 0.000000]: garra_dx = 0.000 m (fechada)
[INFO] [1791387195.828687, 1252.271000]: State machine starting in initial state 'STOW_INIT' with userdata: 
	[]
[INFO] [1791387196.032722, 1252.472000]: [mission] pose de partida registrada: (0.01, 1.00, 0.01 rad)
[INFO] [1791387196.034372, 1252.473000]: [mission] postura "stow_home" comandada: [0.0, 1.13, -1.04, -1.8, 0.0]
[INFO] [1791387196.649302, 1253.075000]: State machine transitioning 'STOW_INIT':'ok'-->'SEARCH'
[INFO] [1791387196.651027, 1253.076000]: [mission] postura "search" comandada: [0.0, 1.0, -1.0, 0.0, 0.0]
[INFO] [1791387207.996374, 1264.277000]: [mission] SEARCH — girando à procura da tag...
[INFO] [1791387207.998430, 1264.279000]: [mission] SEARCH: amostra quando a tag estiver a raio 0.35-0.50 do quadro (vista oblíqua; omega fina 0.15 rad/s)
[INFO] [1791387209.266018, 1265.530000]: [mission] SEARCH: tag a raio 0.95 — girando até <= 0.50
[INFO] [1791387217.415904, 1273.584000]: [mission] tag avistada — parando para medir
[INFO] [1791387218.440022, 1274.592000]: [mission] âncora engatada (coleta do SEARCH)
[INFO] [1791387218.441705, 1274.593000]: [mission] SEARCH: coleta com dither ±0.05 rad/s (período 3.0 s)
[INFO] [1791387230.371884, 1286.358000]: [mission] âncora solta — 11 correções de deriva
[INFO] [1791387230.374124, 1286.360000]: [mission] SEARCH: âncora corrigiu a deriva 11 vez(es) durante a coleta
[INFO] [1791387230.391120, 1286.377000]: [mission] SEARCH: 17 amostras — parede (0.017, 3.081, -0.005) yaw=2.985
[INFO] [1791387230.446674, 1286.431000]: [mission] parede localizada em (0.017, 3.081, -0.005)
[INFO] [1791387230.450727, 1286.435000]: State machine transitioning 'SEARCH':'found'-->'APPROACH'
[INFO] [1791387230.451721, 1286.436000]: [mission] APPROACH etapa 1/2 — 1.30 m do olhal, alvo (-0.01, 1.64, 1.41 rad)
[INFO] [1791387234.288312, 1290.237000]: [mission] APPROACH: alinhado, avançando (0.79 m)
[INFO] [1791387234.339679, 1290.287000]: [mission] teto por postura ativo no drive: v<=0.18 w<=0.50 rampa 0.46/1.52
[INFO] [1791387240.876816, 1296.737000]: [mission] APPROACH: chegou, ajustando heading final
[INFO] [1791387240.927190, 1296.787000]: [mission] teto por postura ativo no drive: v<=0.17 w<=0.50 rampa 0.45/1.52
[INFO] [1791387244.047912, 1299.887000]: [mission] APPROACH: concluído
[INFO] [1791387245.060797, 1300.891000]: [mission] âncora engatada (coleta do APPROACH/remedida)
[INFO] [1791387245.062727, 1300.893000]: [mission] APPROACH/remedida: coleta com dither ±0.05 rad/s (período 3.0 s)
[INFO] [1791387250.250701, 1306.044000]: [mission] âncora solta — 11 correções de deriva
[INFO] [1791387250.252721, 1306.045000]: [mission] APPROACH/remedida: âncora corrigiu a deriva 11 vez(es) durante a coleta
[INFO] [1791387250.254711, 1306.047000]: [mission] APPROACH/remedida: 10 amostras — parede (0.003, 2.997, -0.002) yaw=-3.126
[INFO] [1791387250.306545, 1306.099000]: [mission] APPROACH/remedida: parede pelo LASER — 78 pontos, resíduo 5.0 mm: profundidade +0.1 mm e yaw -0.82° em relação à tag → parede (0.003, 2.997, -0.002) yaw=-3.141
[INFO] [1791387250.307746, 1306.100000]: [mission] APPROACH etapa 2/2 — 0.88 m do olhal, alvo (0.37, 1.99, 1.57 rad)
[INFO] [1791387254.794151, 1310.551000]: [mission] APPROACH: alinhado, avançando (0.59 m)
[INFO] [1791387254.845271, 1310.601000]: [mission] teto por postura ativo no drive: v<=0.18 w<=0.50 rampa 0.46/1.52
[INFO] [1791387259.976342, 1315.701000]: [mission] APPROACH: chegou, ajustando heading final
[INFO] [1791387260.026134, 1315.751000]: [mission] teto por postura ativo no drive: v<=0.17 w<=0.50 rampa 0.45/1.52
[INFO] [1791387266.055279, 1321.702000]: [mission] APPROACH: concluído
[INFO] [1791387266.063062, 1321.709000]: State machine transitioning 'APPROACH':'arrived'-->'REFINE'
[INFO] [1791387266.065478, 1321.712000]: [mission] REFINE — remedindo a parede de perto (10 amostras)
[INFO] [1791387266.070103, 1321.717000]: [mission] âncora engatada (coleta do REFINE)
[INFO] [1791387266.071319, 1321.718000]: [mission] REFINE: coleta com dither ±0.05 rad/s (período 3.0 s)
[INFO] [1791387267.212905, 1322.851000]: [mission] âncora solta — 2 correções de deriva
[INFO] [1791387267.213970, 1322.852000]: [mission] REFINE: âncora corrigiu a deriva 2 vez(es) durante a coleta
[INFO] [1791387267.215189, 1322.853000]: [mission] REFINE: 10 amostras — parede (0.002, 3.007, -0.001) yaw=3.122
[INFO] [1791387267.266496, 1322.904000]: [mission] REFINE: parede pelo LASER — 79 pontos, resíduo 5.0 mm: profundidade +8.6 mm e yaw +0.96° em relação à tag → parede (0.002, 2.998, -0.001) yaw=3.138
[INFO] [1791387267.267502, 1322.905000]: [mission] REFINE: deslocou 0.002 m da estimativa anterior
[INFO] [1791387267.268171, 1322.906000]: [mission] olhal estimado em (0.202, 2.867, 0.804)
[INFO] [1791387267.272139, 1322.910000]: State machine transitioning 'REFINE':'ok'-->'DEPLOY'
[INFO] [1791387267.273221, 1322.911000]: [mission] DEPLOY: IK resolvida para a POSE DE MANIPULAÇÃO (0.20, 2.25, 1.57 rad), não para a atual
[INFO] [1791387271.934843, 1322.955000]: [mission] DEPLOY: IK nivelada 0.0710 m, só eixo 0.0014 m — a MISSÃO INTEIRA usa "eixo"
[INFO] [1791387271.941764, 1327.575000]: [mission] DEPLOY: IK da ponta resolvida (resíduo 0.0014 m, degrau 0.4°) — pré-posicionando em [-10.9 -46.5  60.   78.5 -10.9] graus
[INFO] [1791387292.259236, 1347.678000]: [mission] plano de exclusão publicado: parede em [ 2.000e-03  2.998e+00 -1.000e-03], normal segura [-0.003 -1.     0.   ]
[INFO] [1791387292.463438, 1347.882000]: [mission] teto por postura ativo no drive: v<=0.24 w<=0.50 rampa 0.53/1.61
[INFO] [1791387296.641677, 1352.032000]: [mission] DEPLOY/aproxima: alinhado, avançando (0.40 m)
[INFO] [1791387300.444052, 1355.782000]: [mission] DEPLOY/aproxima: chegou, ajustando heading final
[INFO] [1791387305.593576, 1360.882000]: [mission] DEPLOY/aproxima: concluído
[INFO] [1791387305.594830, 1360.883000]: State machine transitioning 'DEPLOY':'ok'-->'MANIPULATE'
[INFO] [1791387305.596218, 1360.885000]: [mission] fase "orienta": modo IK iterativa (YAML)
[INFO] [1791387305.599277, 1360.888000]: [mission] âncora engatada (fase "orienta")
[INFO] [1791387327.305677, 1382.320000]: [mission] fase "orienta" it0: ponta (0.313, 2.818, 0.641) erro=0.2002 | degrau eixo 0.1° | rolagem 14.6° | IK pediu [-18.6 -25.4  18.6  96.2 -13.9] | faltou [  0.3  18.2 -78.6  13.8  -0.1] graus
[INFO] [1791387348.952224, 1403.727000]: [mission] fase "orienta" it1: ponta (0.294, 2.747, 0.939) erro=0.1290 | degrau eixo 5.2° | rolagem 3.1° | IK pediu [-18.8   4.5  -2.9 110.  -13.2] | faltou [  0.5 -30.5  62.9 -67.3  -0.1] graus
[INFO] [1791387370.541374, 1425.179000]: [mission] fase "orienta" it2: ponta (0.316, 2.797, 0.812) erro=0.0833 | degrau eixo 2.4° | rolagem 7.6° | IK pediu [-19.3 -40.7  60.   80.  -14.5] | faltou [  0.2  -0.3   0.  -37.4   0. ] graus
[INFO] [1791387392.245869, 1446.750000]: [mission] fase "orienta" it3: ponta (0.306, 2.786, 0.478) erro=0.3426 | degrau eixo 0.1° | rolagem 27.3° | IK pediu [-18.5 -25.2  17.8  96.7 -13.9] | faltou [  0.2   0.2 -77.8  13.3  -0. ] graus
[INFO] [1791387403.618207, 1458.058000]: [mission] fase "orienta" it4: ponta (0.274, 2.637, 1.069) erro=0.2692 | degrau eixo 0.1° | rolagem 1.2° | IK pediu [-19.   45.5 -57.7 102.6 -14.2] | faltou [ 0.1 -0.5 -2.3  7.4  0. ] graus
[INFO] [1791387403.619655, 1458.059000]: [mission] âncora solta — 36 correções de deriva
[INFO] [1791387403.623359, 1458.063000]: State machine transitioning 'MANIPULATE':'failed'-->'ABORT_SAFE'
[INFO] [1791387404.028084, 1458.465000]: [mission] ABORT/afasta: RECUANDO 0.250 m só com as rodas
[INFO] [1791387408.518409, 1462.918000]: [mission] ABORT/afasta: concluído (0.251 m)
[INFO] [1791387408.519579, 1462.919000]: [mission] postura "stow_home" comandada: [0.0, 1.13, -1.04, -1.8, 0.0]
[INFO] [1791387441.629376, 1495.721000]: [mission] ABORT/retorno: alinhado, avançando (1.23 m)
[INFO] [1791387441.679338, 1495.771000]: [mission] teto por postura ativo no drive: v<=0.29 w<=0.50 rampa 0.58/1.49
[INFO] [1791387450.851094, 1504.871000]: [mission] ABORT/retorno: chegou, ajustando heading final
[INFO] [1791387450.901022, 1504.921000]: [mission] teto por postura ativo no drive: v<=0.29 w<=0.50 rampa 0.58/1.49
[INFO] [1791387458.070628, 1512.021000]: [mission] ABORT/retorno: concluído
[INFO] [1791387458.072279, 1512.022000]: State machine terminating 'ABORT_SAFE':'aborted':'MISSION_ABORTED'
[INFO] [1791387458.073074, 1512.023000]: [mission] resultado: MISSION_ABORTED
... logging to /home/marco/.ros/log/720d5ca8-c261-11f1-91b6-b025aa85b2a2/roslaunch-shiroi-3232570.log
Checking log directory for disk usage. This may take a while.
Press Ctrl-C to interrupt
]2;/home/marco/b166er/src/b166er_whole_body_control/launch/chave_mission.launch
[1mstarted roslaunch server http://shiroi:42363/[0m

SUMMARY
========

PARAMETERS
 * /chave_mission/estado_final: 
 * /chave_mission/estado_inicial: STOW_INIT
 * /chave_mission/pausa_por_fase: False
 * /chave_mission/search_omega: 0.35
 * /chave_mission/standoff_distance: 0.62
 * /chave_mission/use_wholebody: False
 * /chave_seccionadora_task/aproxima_lateral/modo: ik
 * /chave_seccionadora_task/aproxima_lateral/offset_xyz_m: [-0.09, 0.008, 0.01]
 * /chave_seccionadora_task/aproxima_lateral/tol_xyz_m: [0.04, 0.008, 0.005]
 * /chave_seccionadora_task/arco1/blade_angle_deg: 15
 * /chave_seccionadora_task/arco1/deriva_eixo_max_m: 0.015
 * /chave_seccionadora_task/arco1/modo: wb
 * /chave_seccionadora_task/arco1/offset_xyz_m: [0.0, 0.0518, -0....
 * /chave_seccionadora_task/arco1/soltura_recuo_min_m: 0.04
 * /chave_seccionadora_task/arco1/tol_xyz_m: [0.04, 0.01, 0.015]
 * /chave_seccionadora_task/arco2/blade_angle_deg: 30
 * /chave_seccionadora_task/arco2/deriva_eixo_max_m: 0.015
 * /chave_seccionadora_task/arco2/modo: wb
 * /chave_seccionadora_task/arco2/offset_xyz_m: [0.0, 0.1, -0.0518]
 * /chave_seccionadora_task/arco2/tol_xyz_m: [0.04, 0.01, 0.015]
 * /chave_seccionadora_task/atravessa/modo: ik
 * /chave_seccionadora_task/atravessa/offset_xyz_m: [-0.008, 0.008, 0...
 * /chave_seccionadora_task/atravessa/tol_xyz_m: [0.008, 0.006, 0....
 * /chave_seccionadora_task/captura/modo: ik
 * /chave_seccionadora_task/captura/offset_xyz_m: [0.0, 0.0, -0.01]
 * /chave_seccionadora_task/captura/tol_xyz_m: [0.04, 0.006, 0.01]
 * /chave_seccionadora_task/desengata/modo: ik
 * /chave_seccionadora_task/desengata/offset_xyz_m: [-0.09, 0.1, -0.0...
 * /chave_seccionadora_task/destrava/curso_estagna_m: 0.01
 * /chave_seccionadora_task/destrava/curso_margem_m: 0.002
 * /chave_seccionadora_task/destrava/curso_min_m: 0.018
 * /chave_seccionadora_task/destrava/curso_teto_m: 0.022
 * /chave_seccionadora_task/destrava/modo: wb
 * /chave_seccionadora_task/destrava/offset_xyz_m: [0.0, 0.0, -0.025]
 * /chave_seccionadora_task/destrava/tol_xyz_m: [0.04, 0.006, 0.004]
 * /chave_seccionadora_task/libera/deriva_eixo_max_m: 0.015
 * /chave_seccionadora_task/libera/modo: wb
 * /chave_seccionadora_task/libera/offset_xyz_m: [0.0, 0.03, -0.025]
 * /chave_seccionadora_task/libera/tol_xyz_m: [0.04, 0.008, 0.006]
 * /chave_seccionadora_task/orienta/modo: ik
 * /chave_seccionadora_task/orienta/offset_xyz_m: [-0.09, 0.15, 0.0...
 * /chave_seccionadora_task/reassenta_sobe/tol_xyz_m: [0.03, 0.02, 0.005]
 * /chave_seccionadora_task/saida_eixo/tol_xyz_m: [0.02, 0.02, 0.015]
 * /chave_seccionadora_task/saida_fora/tol_xyz_m: [0.03, 0.02, 0.02]
 * /chave_seccionadora_task/saida_sobe/tol_xyz_m: [0.03, 0.02, 0.01]
 * /chave_seccionadora_task/target_frame: chave_olhal_link
 * /fuzzy_wb_controller/fixed_gains: []
 * /rosdistro: noetic
 * /rosversion: 1.17.4

NODES
  /
    chave_mission (b166er_whole_body_control/chave_mission.py)

[1mROS_MASTER_URI=http://localhost:11311[0m
]2;/home/marco/b166er/src/b166er_whole_body_control/launch/chave_mission.launch http://localhost:11311
[1mprocess[chave_mission-1]: started with pid [3232614][0m
[1m[chave_mission-1] process has finished cleanly
log file: /home/marco/.ros/log/720d5ca8-c261-11f1-91b6-b025aa85b2a2/chave_mission-1*.log[0m
all processes on machine have died, roslaunch will exit
shutting down processing monitor...
... shutting down processing monitor complete
[1mdone[0m
