[31mWARNING: disk usage in log directory [/home/marco/.ros/log] is over 1GB.
It's recommended that you use the 'rosclean' command.[0m
the rosdep view is empty: call 'sudo rosdep init' and 'rosdep update'
[WARN] [1790799203.454129, 291.755000]: [mission] SEARCH: ajuste não convergiu em 8s (raio 0.67) — amostrando assim mesmo
[WARN] [1790799244.748023, 332.480000]: [mission] APPROACH: passou do alvo (0.09 m, rumo 90°) — realinhando
[INFO] [1790799187.445914, 275.914000]: garra_dx = 0.030 m (aberta)
[INFO] [1790799187.477736, 275.947000]: State machine starting in initial state 'STOW_INIT' with userdata: 
	[]
[INFO] [1790799187.779184, 276.247000]: [mission] pose de partida registrada: (-0.00, 1.00, -0.02 rad)
[INFO] [1790799187.781034, 276.249000]: [mission] postura "stow_home" comandada: [0.0, 1.13, -1.04, -1.8, 0.0]
[INFO] [1790799187.882683, 276.350000]: State machine transitioning 'STOW_INIT':'ok'-->'SEARCH'
[INFO] [1790799187.884413, 276.351000]: [mission] postura "search" comandada: [0.0, 1.0, -1.0, 0.0, 0.0]
[INFO] [1790799193.942386, 282.352000]: [mission] SEARCH — girando à procura da tag...
[INFO] [1790799193.944215, 282.353000]: [mission] SEARCH: amostra quando a tag estiver a raio 0.35-0.50 do quadro (vista oblíqua; omega fina 0.15 rad/s)
[INFO] [1790799195.307542, 283.704000]: [mission] SEARCH: tag a raio 0.97 — girando até <= 0.50
[INFO] [1790799203.455134, 291.756000]: [mission] tag avistada — parando para medir
[INFO] [1790799204.477918, 292.763000]: [mission] âncora engatada (coleta do SEARCH)
[INFO] [1790799204.480609, 292.766000]: [mission] SEARCH: coleta com dither ±0.05 rad/s (período 3.0 s)
[INFO] [1790799223.080769, 311.119000]: [mission] âncora solta — 22 correções de deriva
[INFO] [1790799223.082254, 311.120000]: [mission] SEARCH: âncora corrigiu a deriva 22 vez(es) durante a coleta
[INFO] [1790799223.093473, 311.131000]: [mission] SEARCH: 25 amostras — parede (0.011, 2.954, -0.004) yaw=-2.914
[INFO] [1790799223.094312, 311.133000]: [mission] parede localizada em (0.011, 2.954, -0.004)
[INFO] [1790799223.097107, 311.136000]: State machine transitioning 'SEARCH':'found'-->'APPROACH'
[INFO] [1790799223.097858, 311.136000]: [mission] APPROACH etapa 1/2 — 1.30 m do olhal, alvo (0.53, 1.61, 1.80 rad)
[INFO] [1790799223.098603, 311.137000]: [mission] teto por postura ativo no drive: v<=0.17 w<=0.50 rampa 0.45/1.52
[INFO] [1790799224.212440, 312.237000]: [mission] APPROACH: alinhado, avançando (0.82 m)
[INFO] [1790799230.938722, 318.888000]: [mission] APPROACH: chegou, ajustando heading final
[INFO] [1790799230.987940, 318.937000]: [mission] teto por postura ativo no drive: v<=0.17 w<=0.50 rampa 0.45/1.52
[INFO] [1790799234.563349, 322.437000]: [mission] APPROACH: concluído
[INFO] [1790799235.579135, 323.440000]: [mission] âncora engatada (coleta do APPROACH/remedida)
[INFO] [1790799235.582272, 323.443000]: [mission] APPROACH/remedida: coleta com dither ±0.05 rad/s (período 3.0 s)
[INFO] [1790799236.725008, 324.572000]: [mission] âncora solta — 1 correções de deriva
[INFO] [1790799236.726919, 324.574000]: [mission] APPROACH/remedida: âncora corrigiu a deriva 1 vez(es) durante a coleta
[INFO] [1790799236.728969, 324.576000]: [mission] APPROACH/remedida: 10 amostras — parede (0.002, 2.992, -0.003) yaw=-3.110
[INFO] [1790799236.731237, 324.578000]: [mission] APPROACH etapa 2/2 — 0.88 m do olhal, alvo (0.40, 1.99, 1.60 rad)
[INFO] [1790799236.733269, 324.580000]: [mission] teto por postura ativo no drive: v<=0.17 w<=0.50 rampa 0.45/1.52
[INFO] [1790799237.844615, 325.680000]: [mission] APPROACH: alinhado, avançando (0.46 m)
[INFO] [1790799244.798272, 332.530000]: [mission] teto por postura ativo no drive: v<=0.17 w<=0.50 rampa 0.45/1.51
[INFO] [1790799254.902616, 342.530000]: [mission] APPROACH: alinhado, avançando (0.29 m)
[INFO] [1790799254.954998, 342.580000]: [mission] teto por postura ativo no drive: v<=0.17 w<=0.50 rampa 0.45/1.52
[INFO] [1790799258.353768, 345.930000]: [mission] APPROACH: chegou, ajustando heading final
[INFO] [1790799266.931465, 354.430000]: [mission] APPROACH: concluído
[INFO] [1790799266.942247, 354.441000]: State machine transitioning 'APPROACH':'arrived'-->'REFINE'
[INFO] [1790799266.946896, 354.445000]: [mission] REFINE — remedindo a parede de perto (10 amostras)
[INFO] [1790799266.954350, 354.452000]: [mission] âncora engatada (coleta do REFINE)
[INFO] [1790799266.956614, 354.454000]: [mission] REFINE: coleta com dither ±0.05 rad/s (período 3.0 s)
[INFO] [1790799268.107583, 355.576000]: [mission] âncora solta — 2 correções de deriva
[INFO] [1790799268.108583, 355.577000]: [mission] REFINE: âncora corrigiu a deriva 2 vez(es) durante a coleta
[INFO] [1790799268.109498, 355.578000]: [mission] REFINE: 10 amostras — parede (0.002, 3.008, -0.001) yaw=3.125
[INFO] [1790799268.110317, 355.579000]: [mission] REFINE: deslocou 0.016 m da estimativa anterior
[INFO] [1790799268.110806, 355.579000]: [mission] olhal estimado em (0.200, 2.875, 0.804)
[INFO] [1790799268.113661, 355.582000]: State machine transitioning 'REFINE':'ok'-->'DEPLOY'
[INFO] [1790799268.115177, 355.583000]: [mission] DEPLOY: IK resolvida para a POSE DE MANIPULAÇÃO (0.19, 2.25, 1.55 rad), não para a atual
[INFO] [1790799272.897289, 359.832000]: [mission] DEPLOY: IK nivelada 0.0553 m, só eixo 0.0000 m — a MISSÃO INTEIRA usa "eixo"
[INFO] [1790799272.898945, 360.362000]: [mission] DEPLOY: IK da ponta resolvida (resíduo 0.0000 m, degrau 0.1°) — pré-posicionando em [-10.3 -42.4  51.9  79.8  79.7] graus
[INFO] [1790799279.365350, 366.763000]: [mission] plano de exclusão publicado: parede em [ 2.000e-03  3.008e+00 -1.000e-03], normal segura [-0.017 -1.     0.   ]
[INFO] [1790799279.576033, 366.972000]: [mission] teto por postura ativo no drive: v<=0.18 w<=0.50 rampa 0.46/1.64
[INFO] [1790799282.085135, 369.422000]: [mission] DEPLOY/aproxima: alinhado, avançando (0.57 m)
[INFO] [1790799286.996566, 374.272000]: [mission] DEPLOY/aproxima: chegou, ajustando heading final
[INFO] [1790799290.790158, 378.022000]: [mission] DEPLOY/aproxima: concluído
[INFO] [1790799290.791943, 378.024000]: State machine transitioning 'DEPLOY':'ok'-->'MANIPULATE'
[INFO] [1790799290.794432, 378.024000]: [mission] fase "orienta": modo IK iterativa (YAML)
[INFO] [1790799290.800434, 378.032000]: [mission] âncora engatada (fase "orienta")
[INFO] [1790799295.164014, 382.340000]: [mission] fase "orienta" it0: ponta (0.287, 2.725, 0.811) erro=0.0024 | degrau eixo 1.0° | rolagem 1.0° | IK pediu [-18.  -18.2   1.9 101.7  76.6] | faltou [0. 0. 0. 0. 0.] graus
[INFO] [1790799295.167731, 382.344000]: [mission] âncora solta — 1 correções de deriva
[INFO] [1790799295.170224, 382.346000]: [mission] fase "orienta" alcançada em 1 iteração(ões) (0.0024 m) — âncora corrigiu 1 vez(es)
[INFO] [1790799295.681664, 382.853000]: [mission] fase "aproxima_lateral": modo IK iterativa (YAML)
[INFO] [1790799295.686641, 382.857000]: [mission] âncora engatada (fase "aproxima_lateral")
[INFO] [1790799298.831971, 385.964000]: [mission] fase "aproxima_lateral" it0: ponta (0.283, 2.873, 0.808) erro=0.0117 | degrau eixo 5.7° | rolagem 5.8° | IK pediu [-15.5 -13.4  -0.   71.8  80.6] | faltou [ 0.   2.  -5.5  3.1 -0. ] graus
[INFO] [1790799298.837922, 385.969000]: [mission] fase "aproxima_lateral" it0: no frame da parede eixo=-6.6 prof=+7.9 alt=+5.6 mm (tolerância 40/8/5)
[INFO] [1790799300.293046, 387.405000]: [mission] fase "aproxima_lateral" it1: ponta (0.298, 2.860, 0.813) erro=0.0100 | degrau eixo 5.6° | rolagem 5.9° | IK pediu [-16.6 -13.3  -0.   73.5  80. ] | faltou [-0.  -0.2 -0.4 -0.6  0. ] graus
[INFO] [1790799300.295882, 387.408000]: [mission] fase "aproxima_lateral" it1: no frame da parede eixo=+8.8 prof=-4.7 alt=+0.7 mm (tolerância 40/8/5)
[INFO] [1790799300.298005, 387.410000]: [mission] âncora solta — 1 correções de deriva
[INFO] [1790799300.300546, 387.413000]: [mission] fase "aproxima_lateral" alcançada em 2 iteração(ões) (0.0100 m) — âncora corrigiu 1 vez(es)
[INFO] [1790799300.816289, 387.921000]: [mission] fase "atravessa": modo IK iterativa (YAML)
[INFO] [1790799300.820026, 387.924000]: [mission] âncora engatada (fase "atravessa")
[INFO] [1790799302.642053, 389.728000]: [mission] fase "atravessa" it0: ponta (0.209, 2.871, 0.809) erro=0.0069 | degrau eixo 2.0° | rolagem 2.5° | IK pediu [ -9.2 -14.1   0.1  75.   86.3] | faltou [-0.2 -0.2 -0.4 -0.5 -0.7] graus
[INFO] [1790799302.643851, 389.730000]: [mission] fase "atravessa" it0: no frame da parede eixo=+1.9 prof=+4.5 alt=+4.8 mm (tolerância 8/6/5)
[INFO] [1790799302.644711, 389.731000]: [mission] fase "atravessa" alcançada em 1 iteração(ões) (0.0069 m)
[WARN] [1790799307.752339, 394.768000]: [mission] fase "destrava": descida estagnou em 10.3 mm (mín 10 para aceitar; alvo 18) — fim de curso do mecanismo, fechando a fase
[WARN] [1790799307.974536, 394.980000]: [mission] destrava: lingueta em 8.8 mm (esperado ≥ 12) — o gatilho pode não ter soltado
[WARN] [1790799325.809483, 412.600000]: [mission] RETRACT: ponta a 0.141 m do olhal — saindo em degraus: sobe 30 mm, 120 mm pelo eixo do furo, 100 mm para fora, antes de recolher
[INFO] [1790799303.153372, 390.234000]: [mission] fase "captura": modo IK iterativa (YAML)
[INFO] [1790799303.158824, 390.239000]: [mission] âncora engatada (fase "captura")
[INFO] [1790799304.699473, 391.745000]: [mission] fase "captura" it0: ponta (0.209, 2.875, 0.792) erro=0.0096 | degrau eixo 1.7° | rolagem 2.0° | IK pediu [ -8.8 -16.1  -0.2  75.   87.1] | faltou [-0.9 -0.4 -0.1  0.  -0.3] graus
[INFO] [1790799304.702962, 391.749000]: [mission] fase "captura" it0: no frame da parede eixo=+9.5 prof=+0.3 alt=+1.5 mm (tolerância 40/6/10)
[INFO] [1790799304.705040, 391.751000]: [mission] fase "captura" alcançada em 1 iteração(ões) (0.0096 m)
[INFO] [1790799304.711083, 391.757000]: [mission] captura: ponta registrada em eixo=-9.5 prof=-0.3 alt=-11.5 mm (zero da descida do destrava e da deriva de eixo)
[INFO] [1790799305.227349, 392.259000]: [mission] fase "destrava": alvo em altura relativo à captura: -31.5 mm (captura -11.5 − curso 18 − margem 2)
[INFO] [1790799305.230172, 392.261000]: [mission] fase "destrava": modo whole-body/Fuzzy (YAML)
[INFO] [1790799305.438577, 392.464000]: [mission] plano de exclusão publicado: parede em [ 2.000e-03  3.008e+00 -1.000e-03], normal segura [-0.017 -1.     0.   ]
[INFO] [1790799305.744961, 392.768000]: [mission] fase "destrava": whole-body assumiu (base livre, restrita pelo plano de exclusão)
[INFO] [1790799305.746250, 392.769000]: [mission] fase "destrava": whole-body a 0.0196 m do alvo — eixo=+9.5 prof=+0.2 alt=-17.2 mm
[INFO] [1790799307.973176, 394.979000]: [mission] destrava: ponta desceu 12.1 mm desde a captura (critério observável) | lingueta 8.8 mm (só na simulação)
[INFO] [1790799308.483426, 395.482000]: [mission] fase "libera": modo whole-body/Fuzzy (YAML)
[INFO] [1790799308.687054, 395.683000]: [mission] plano de exclusão publicado: parede em [ 2.000e-03  3.008e+00 -1.000e-03], normal segura [-0.017 -1.     0.   ]
[INFO] [1790799308.995931, 395.987000]: [mission] fase "libera": whole-body assumiu (base livre, restrita pelo plano de exclusão)
[INFO] [1790799308.998458, 395.989000]: [mission] fase "libera": whole-body a 0.0280 m do alvo — eixo=+9.3 prof=+26.5 alt=+0.7 mm
[INFO] [1790799311.114016, 398.088000]: [mission] fase "libera": whole-body a 0.0193 m do alvo — eixo=+9.2 prof=+16.6 alt=+3.9 mm
[INFO] [1790799313.234953, 400.188000]: [mission] fase "libera": whole-body a 0.0189 m do alvo — eixo=+9.1 prof=+16.2 alt=+3.4 mm
[INFO] [1790799315.355699, 402.288000]: [mission] fase "libera": whole-body a 0.0409 m do alvo — eixo=+10.1 prof=-39.6 alt=-1.7 mm
[INFO] [1790799317.291979, 404.188000]: [mission] fase "libera" alcançada por whole-body em 8.2s (0.0105 m) — no frame da parede eixo=+9.8 prof=-1.7 alt=-3.3 mm (tolerância 40/8/6)
[INFO] [1790799318.007475, 404.891000]: [mission] fase "arco1"/puxa: RECUANDO 0.022 m só com as rodas
[INFO] [1790799318.466558, 405.343000]: [mission] fase "arco1"/puxa: concluído (0.023 m)
[INFO] [1790799318.469638, 405.346000]: [mission] fase "arco1": modo whole-body/Fuzzy (YAML)
[INFO] [1790799318.673678, 405.548000]: [mission] plano de exclusão publicado: parede em [ 2.000e-03  3.008e+00 -1.000e-03], normal segura [-0.017 -1.     0.   ]
[INFO] [1790799318.975596, 405.850000]: [mission] fase "arco1": whole-body assumiu (base livre, restrita pelo plano de exclusão)
[INFO] [1790799318.978090, 405.852000]: [mission] fase "arco1": whole-body a 0.0126 m do alvo — eixo=+9.7 prof=+7.8 alt=-2.2 mm
[INFO] [1790799319.378983, 406.251000]: [mission] fase "arco1" alcançada por whole-body em 0.4s (0.0106 m) — no frame da parede eixo=+9.8 prof=+3.7 alt=-1.7 mm (tolerância 40/10/15)
[INFO] [1790799319.380038, 406.252000]: [mission] arco1: SOLTURA observável — recuo 48.4 mm desde a captura (mín 40) com deriva de eixo -0.3 mm → SOLTA
[INFO] [1790799319.587148, 406.458000]: [mission] waypoint de 15° — lâmina medida em 13.2° (abertura por CONTATO)
[INFO] [1790799320.092268, 406.959000]: [mission] fase "arco2"/puxa: RECUANDO 0.048 m só com as rodas
[INFO] [1790799321.004539, 407.860000]: [mission] fase "arco2"/puxa: concluído (0.049 m)
[INFO] [1790799321.005760, 407.861000]: [mission] fase "arco2": modo whole-body/Fuzzy (YAML)
[INFO] [1790799321.215470, 408.063000]: [mission] plano de exclusão publicado: parede em [ 2.000e-03  3.008e+00 -1.000e-03], normal segura [-0.017 -1.     0.   ]
[INFO] [1790799321.523033, 408.367000]: [mission] fase "arco2": whole-body assumiu (base livre, restrita pelo plano de exclusão)
[INFO] [1790799321.524263, 408.368000]: [mission] fase "arco2": whole-body a 0.0178 m do alvo — eixo=+10.5 prof=-0.1 alt=-14.4 mm
[INFO] [1790799321.924771, 408.767000]: [mission] fase "arco2" alcançada por whole-body em 0.4s (0.0175 m) — no frame da parede eixo=+10.4 prof=-4.1 alt=-13.4 mm (tolerância 40/10/15)
[INFO] [1790799322.141804, 408.977000]: [mission] waypoint de 30° — lâmina medida em 28.7° (abertura por CONTATO)
[INFO] [1790799322.647289, 409.478000]: [mission] fase "desengata": modo IK iterativa (YAML)
[INFO] [1790799322.650208, 409.481000]: [mission] âncora engatada (fase "desengata")
[INFO] [1790799324.881914, 411.684000]: [mission] fase "desengata" it0: ponta (0.288, 2.780, 0.746) erro=0.0090 | degrau eixo 5.6° | rolagem 6.0° | IK pediu [-15.7 -20.5  -0.   75.1  81.9] | faltou [-0.  -0.3 -0.4 -0.5 -0. ] graus
[INFO] [1790799324.884608, 411.687000]: [mission] âncora solta — 1 correções de deriva
[INFO] [1790799324.885919, 411.688000]: [mission] fase "desengata" alcançada em 1 iteração(ões) (0.0090 m) — âncora corrigiu 1 vez(es)
[INFO] [1790799325.402573, 412.197000]: [mission] MANIPULATE concluída — chave ABERTA, lâmina medida em 28.7°
[INFO] [1790799325.404196, 412.199000]: State machine transitioning 'MANIPULATE':'done'-->'RETRACT'
[INFO] [1790799325.816621, 412.607000]: [mission] âncora engatada (fase "saida_sobe")
[INFO] [1790799327.467359, 414.233000]: [mission] fase "saida_sobe" it0: ponta (0.288, 2.789, 0.770) erro=0.0095 | degrau eixo 5.5° | rolagem 5.8° | IK pediu [-15.7 -17.5   0.   73.1  81.8] | faltou [ 0.  -0.4 -0.3 -0.2 -0. ] graus
[INFO] [1790799327.469453, 414.235000]: [mission] fase "saida_sobe" it0: no frame da parede eixo=-0.3 prof=+7.5 alt=+5.9 mm (tolerância 30/20/10)
[INFO] [1790799327.470652, 414.237000]: [mission] fase "saida_sobe" alcançada em 1 iteração(ões) (0.0095 m)
[INFO] [1790799327.473963, 414.240000]: [mission] âncora engatada (fase "saida_eixo")
[INFO] [1790799329.406737, 416.143000]: [mission] fase "saida_eixo" it0: ponta (0.407, 2.788, 0.769) erro=0.0112 | degrau eixo 12.0° | rolagem 12.9° | IK pediu [-25.  -15.7  -0.   65.9  74.7] | faltou [ 0.1 -0.3 -0.4 -0.6 -0. ] graus
[INFO] [1790799329.410218, 416.147000]: [mission] fase "saida_eixo" it0: no frame da parede eixo=-1.1 prof=+8.6 alt=+7.1 mm (tolerância 20/20/15)
[INFO] [1790799329.411777, 416.148000]: [mission] fase "saida_eixo" alcançada em 1 iteração(ões) (0.0112 m)
[INFO] [1790799329.416513, 416.153000]: [mission] âncora engatada (fase "saida_fora")
[INFO] [1790799332.293065, 418.994000]: [mission] fase "saida_fora" it0: ponta (0.405, 2.687, 0.773) erro=0.0079 | degrau eixo 7.6° | rolagem 8.8° | IK pediu [-28.1 -20.9   0.   90.3  69.1] | faltou [ 0.1 -2.7  5.3 -5.3 -0. ] graus
[INFO] [1790799332.295303, 418.997000]: [mission] fase "saida_fora" it0: no frame da parede eixo=-1.3 prof=+7.1 alt=+3.2 mm (tolerância 30/20/20)
[INFO] [1790799332.296720, 418.998000]: [mission] âncora solta — 1 correções de deriva
[INFO] [1790799332.298363, 419.000000]: [mission] fase "saida_fora" alcançada em 1 iteração(ões) (0.0079 m) — âncora corrigiu 1 vez(es)
[INFO] [1790799332.299655, 419.001000]: [mission] RETRACT/afasta: RECUANDO 0.250 m só com as rodas
[INFO] [1790799336.912997, 423.552000]: [mission] RETRACT/afasta: concluído (0.252 m)
[INFO] [1790799336.914281, 423.553000]: [mission] postura "stow_home" comandada: [0.0, 1.13, -1.04, -1.8, 0.0]
[INFO] [1790799348.381252, 434.854000]: State machine transitioning 'RETRACT':'ok'-->'RETURN'
[INFO] [1790799348.382173, 434.854000]: [mission] RETURN — voltando a (-0.00, 1.00, -0.02 rad)
[INFO] [1790799360.714347, 447.005000]: [mission] RETURN: alinhado, avançando (1.17 m)
[INFO] [1790799360.765057, 447.055000]: [mission] teto por postura ativo no drive: v<=0.23 w<=0.50 rampa 0.51/1.51
[INFO] [1790799369.830763, 456.005000]: [mission] RETURN: chegou, ajustando heading final
[INFO] [1790799369.882069, 456.055000]: [mission] teto por postura ativo no drive: v<=0.23 w<=0.50 rampa 0.51/1.52
[INFO] [1790799375.961609, 462.055000]: [mission] RETURN: concluído
[INFO] [1790799375.962539, 462.055000]: State machine terminating 'RETURN':'home':'MISSION_OK'
[INFO] [1790799375.970910, 462.060000]: [mission] resultado: MISSION_OK
... logging to /home/marco/.ros/log/aebe21c0-bd0a-11f1-a1db-b025aa85b2a2/roslaunch-shiroi-2181921.log
Checking log directory for disk usage. This may take a while.
Press Ctrl-C to interrupt
]2;/home/marco/b166er/src/b166er_whole_body_control/launch/chave_mission.launch
[1mstarted roslaunch server http://shiroi:46239/[0m

SUMMARY
========

PARAMETERS
 * /chave_mission/estado_final: 
 * /chave_mission/estado_inicial: STOW_INIT
 * /chave_mission/pausa_por_fase: False
 * /chave_mission/search_omega: 0.35
 * /chave_mission/standoff_distance: 0.62
 * /chave_mission/use_wholebody: False
 * /chave_seccionadora_task/aproxima_lateral/modo: ik
 * /chave_seccionadora_task/aproxima_lateral/offset_xyz_m: [-0.09, 0.008, 0.01]
 * /chave_seccionadora_task/aproxima_lateral/tol_xyz_m: [0.04, 0.008, 0.005]
 * /chave_seccionadora_task/arco1/blade_angle_deg: 15
 * /chave_seccionadora_task/arco1/deriva_eixo_max_m: 0.015
 * /chave_seccionadora_task/arco1/modo: wb
 * /chave_seccionadora_task/arco1/offset_xyz_m: [0.0, 0.0518, -0....
 * /chave_seccionadora_task/arco1/soltura_recuo_min_m: 0.04
 * /chave_seccionadora_task/arco1/tol_xyz_m: [0.04, 0.01, 0.015]
 * /chave_seccionadora_task/arco2/blade_angle_deg: 30
 * /chave_seccionadora_task/arco2/deriva_eixo_max_m: 0.015
 * /chave_seccionadora_task/arco2/modo: wb
 * /chave_seccionadora_task/arco2/offset_xyz_m: [0.0, 0.1, -0.0518]
 * /chave_seccionadora_task/arco2/tol_xyz_m: [0.04, 0.01, 0.015]
 * /chave_seccionadora_task/atravessa/modo: ik
 * /chave_seccionadora_task/atravessa/offset_xyz_m: [-0.008, 0.008, 0...
 * /chave_seccionadora_task/atravessa/tol_xyz_m: [0.008, 0.006, 0....
 * /chave_seccionadora_task/captura/modo: ik
 * /chave_seccionadora_task/captura/offset_xyz_m: [0.0, 0.0, -0.01]
 * /chave_seccionadora_task/captura/tol_xyz_m: [0.04, 0.006, 0.01]
 * /chave_seccionadora_task/desengata/modo: ik
 * /chave_seccionadora_task/desengata/offset_xyz_m: [-0.09, 0.1, -0.0...
 * /chave_seccionadora_task/destrava/curso_estagna_m: 0.01
 * /chave_seccionadora_task/destrava/curso_margem_m: 0.002
 * /chave_seccionadora_task/destrava/curso_min_m: 0.018
 * /chave_seccionadora_task/destrava/modo: wb
 * /chave_seccionadora_task/destrava/offset_xyz_m: [0.0, 0.0, -0.025]
 * /chave_seccionadora_task/destrava/tol_xyz_m: [0.04, 0.006, 0.004]
 * /chave_seccionadora_task/libera/deriva_eixo_max_m: 0.015
 * /chave_seccionadora_task/libera/modo: wb
 * /chave_seccionadora_task/libera/offset_xyz_m: [0.0, 0.03, -0.025]
 * /chave_seccionadora_task/libera/tol_xyz_m: [0.04, 0.008, 0.006]
 * /chave_seccionadora_task/orienta/modo: ik
 * /chave_seccionadora_task/orienta/offset_xyz_m: [-0.09, 0.15, 0.0...
 * /chave_seccionadora_task/reassenta_sobe/tol_xyz_m: [0.03, 0.02, 0.005]
 * /chave_seccionadora_task/saida_eixo/tol_xyz_m: [0.02, 0.02, 0.015]
 * /chave_seccionadora_task/saida_fora/tol_xyz_m: [0.03, 0.02, 0.02]
 * /chave_seccionadora_task/saida_sobe/tol_xyz_m: [0.03, 0.02, 0.01]
 * /chave_seccionadora_task/target_frame: chave_olhal_link
 * /fuzzy_wb_controller/fixed_gains: []
 * /rosdistro: noetic
 * /rosversion: 1.17.4

NODES
  /
    chave_mission (b166er_whole_body_control/chave_mission.py)

[1mROS_MASTER_URI=http://localhost:11311[0m
]2;/home/marco/b166er/src/b166er_whole_body_control/launch/chave_mission.launch http://localhost:11311
[1mprocess[chave_mission-1]: started with pid [2181965][0m
[1m[chave_mission-1] process has finished cleanly
log file: /home/marco/.ros/log/aebe21c0-bd0a-11f1-a1db-b025aa85b2a2/chave_mission-1*.log[0m
all processes on machine have died, roslaunch will exit
shutting down processing monitor...
... shutting down processing monitor complete
[1mdone[0m
