[31mWARNING: disk usage in log directory [/home/marco/.ros/log] is over 1GB.
It's recommended that you use the 'rosclean' command.[0m
the rosdep view is empty: call 'sudo rosdep init' and 'rosdep update'
[WARN] [1790798238.062510, 4683.085000]: [mission] SEARCH: 2 de 25 amostras descartadas como outlier (>0.15 m ou >0.20 rad da mediana)
[INFO] [1790798214.626116, 4659.924000]: garra_dx = 0.000 m (fechada)
[INFO] [1790798214.680188, 4659.977000]: State machine starting in initial state 'STOW_INIT' with userdata: 
	[]
[INFO] [1790798214.984356, 4660.279000]: [mission] pose de partida registrada: (0.01, 1.00, 0.01 rad)
[INFO] [1790798214.986410, 4660.280000]: [mission] postura "stow_home" comandada: [0.0, 1.13, -1.04, -1.8, 0.0]
[INFO] [1790798215.088501, 4660.382000]: State machine transitioning 'STOW_INIT':'ok'-->'SEARCH'
[INFO] [1790798215.089851, 4660.383000]: [mission] postura "search" comandada: [0.0, 1.0, -1.0, 0.0, 0.0]
[INFO] [1790798221.160364, 4666.384000]: [mission] SEARCH — girando à procura da tag...
[INFO] [1790798221.162226, 4666.385000]: [mission] SEARCH: amostra quando a tag estiver a raio 0.35-0.50 do quadro (vista oblíqua; omega fina 0.15 rad/s)
[INFO] [1790798222.677447, 4667.887000]: [mission] SEARCH: tag a raio 0.95 — girando até <= 0.50
[INFO] [1790798230.159185, 4675.288000]: [mission] SEARCH: tag a raio 0.50 — parando
[INFO] [1790798230.160588, 4675.289000]: [mission] tag avistada — parando para medir
[INFO] [1790798231.180801, 4676.296000]: [mission] âncora engatada (coleta do SEARCH)
[INFO] [1790798231.182847, 4676.298000]: [mission] SEARCH: coleta com dither ±0.05 rad/s (período 3.0 s)
[INFO] [1790798238.046528, 4683.069000]: [mission] âncora solta — 7 correções de deriva
[INFO] [1790798238.048553, 4683.071000]: [mission] SEARCH: âncora corrigiu a deriva 7 vez(es) durante a coleta
[INFO] [1790798238.065933, 4683.088000]: [mission] SEARCH: 23 amostras — parede (0.018, 3.068, -0.001) yaw=2.955
[INFO] [1790798238.067602, 4683.090000]: [mission] parede localizada em (0.018, 3.068, -0.001)
[INFO] [1790798238.073817, 4683.096000]: State machine transitioning 'SEARCH':'found'-->'APPROACH'
[INFO] [1790798238.075804, 4683.098000]: [mission] APPROACH etapa 1/2 — 1.30 m do olhal, alvo (-0.05, 1.63, 1.38 rad)
[INFO] [1790798238.077751, 4683.100000]: [mission] teto por postura ativo no drive: v<=0.17 w<=0.50 rampa 0.45/1.52
[INFO] [1790798241.823332, 4686.800000]: [mission] APPROACH: alinhado, avançando (0.78 m)
[INFO] [1790798248.238555, 4693.150000]: [mission] APPROACH: chegou, ajustando heading final
[INFO] [1790798248.288998, 4693.200000]: [mission] teto por postura ativo no drive: v<=0.17 w<=0.50 rampa 0.45/1.52
[INFO] [1790798251.623651, 4696.501000]: [mission] APPROACH: concluído
[INFO] [1790798252.644663, 4697.509000]: [mission] âncora engatada (coleta do APPROACH/remedida)
[INFO] [1790798252.647579, 4697.512000]: [mission] APPROACH/remedida: coleta com dither ±0.05 rad/s (período 3.0 s)
[INFO] [1790798253.793624, 4698.642000]: [mission] âncora solta — 1 correções de deriva
[INFO] [1790798253.795532, 4698.644000]: [mission] APPROACH/remedida: âncora corrigiu a deriva 1 vez(es) durante a coleta
[INFO] [1790798253.797871, 4698.646000]: [mission] APPROACH/remedida: 10 amostras — parede (0.004, 3.001, -0.002) yaw=-3.135
[INFO] [1790798253.799582, 4698.648000]: [mission] APPROACH etapa 2/2 — 0.88 m do olhal, alvo (0.38, 1.99, 1.58 rad)
[INFO] [1790798253.802015, 4698.650000]: [mission] teto por postura ativo no drive: v<=0.17 w<=0.50 rampa 0.45/1.52
[INFO] [1790798257.189807, 4702.000000]: [mission] APPROACH: alinhado, avançando (0.64 m)
[INFO] [1790798262.764721, 4707.500000]: [mission] APPROACH: chegou, ajustando heading final
[INFO] [1790798262.814677, 4707.550000]: [mission] teto por postura ativo no drive: v<=0.17 w<=0.50 rampa 0.45/1.52
[INFO] [1790798267.526381, 4712.200000]: [mission] APPROACH: concluído
[INFO] [1790798267.530491, 4712.204000]: State machine transitioning 'APPROACH':'arrived'-->'REFINE'
[INFO] [1790798267.531459, 4712.205000]: [mission] REFINE — remedindo a parede de perto (10 amostras)
[INFO] [1790798267.533968, 4712.207000]: [mission] âncora engatada (coleta do REFINE)
[INFO] [1790798267.534707, 4712.208000]: [mission] REFINE: coleta com dither ±0.05 rad/s (período 3.0 s)
[INFO] [1790798268.677874, 4713.344000]: [mission] âncora solta — 1 correções de deriva
[INFO] [1790798268.678714, 4713.345000]: [mission] REFINE: âncora corrigiu a deriva 1 vez(es) durante a coleta
[INFO] [1790798268.679661, 4713.346000]: [mission] REFINE: 10 amostras — parede (0.002, 3.006, -0.001) yaw=3.130
[INFO] [1790798268.680445, 4713.347000]: [mission] REFINE: deslocou 0.006 m da estimativa anterior
[INFO] [1790798268.681310, 4713.348000]: [mission] olhal estimado em (0.200, 2.874, 0.804)
[INFO] [1790798268.685687, 4713.352000]: State machine transitioning 'REFINE':'ok'-->'DEPLOY'
[INFO] [1790798268.687522, 4713.353000]: [mission] DEPLOY: IK resolvida para a POSE DE MANIPULAÇÃO (0.19, 2.25, 1.56 rad), não para a atual
[INFO] [1790798273.574018, 4717.642000]: [mission] DEPLOY: IK nivelada 0.0711 m, só eixo 0.0014 m — a MISSÃO INTEIRA usa "eixo"
[INFO] [1790798273.576032, 4718.231000]: [mission] DEPLOY: IK da ponta resolvida (resíduo 0.0014 m, degrau 0.4°) — pré-posicionando em [-10.9 -46.6  60.   78.5  79.1] graus
[INFO] [1790798280.571081, 4725.133000]: [mission] plano de exclusão publicado: parede em [ 2.000e-03  3.006e+00 -1.000e-03], normal segura [-0.011 -1.     0.   ]
[INFO] [1790798280.781642, 4725.342000]: [mission] teto por postura ativo no drive: v<=0.23 w<=0.50 rampa 0.52/1.64
[INFO] [1790798285.449557, 4729.942000]: [mission] DEPLOY/aproxima: alinhado, avançando (0.43 m)
[INFO] [1790798289.455482, 4733.892000]: [mission] DEPLOY/aproxima: chegou, ajustando heading final
[INFO] [1790798294.264125, 4738.642000]: [mission] DEPLOY/aproxima: concluído
[INFO] [1790798294.266877, 4738.645000]: State machine transitioning 'DEPLOY':'ok'-->'MANIPULATE'
[INFO] [1790798294.268919, 4738.647000]: [mission] fase "orienta": modo IK iterativa (YAML)
[INFO] [1790798294.273810, 4738.652000]: [mission] âncora engatada (fase "orienta")
[INFO] [1790798298.872121, 4743.190000]: [mission] fase "orienta" it0: ponta (0.293, 2.724, 0.811) erro=0.0052 | degrau eixo 0.6° | rolagem 0.6° | IK pediu [-17.6 -20.1   6.2 101.1  76.9] | faltou [0. 0. 0. 0. 0.] graus
[INFO] [1790798298.876252, 4743.195000]: [mission] fase "orienta" alcançada em 1 iteração(ões) (0.0052 m)
[INFO] [1790798299.389102, 4743.703000]: [mission] fase "aproxima_lateral": modo IK iterativa (YAML)
[INFO] [1790798299.393222, 4743.707000]: [mission] âncora engatada (fase "aproxima_lateral")
[INFO] [1790798302.476237, 4746.747000]: [mission] fase "aproxima_lateral" it0: ponta (0.290, 2.869, 0.808) erro=0.0075 | degrau eixo 5.2° | rolagem 5.1° | IK pediu [-14.5 -12.1  -0.   72.   81.1] | faltou [ 0.  -0.5  0.2  0.7  0. ] graus
[INFO] [1790798302.478281, 4746.750000]: [mission] fase "aproxima_lateral" it0: no frame da parede eixo=-0.4 prof=+4.4 alt=+6.0 mm (tolerância 40/8/5)
[INFO] [1790798303.892484, 4748.153000]: [mission] fase "aproxima_lateral" it1: ponta (0.291, 2.866, 0.813) erro=0.0014 | degrau eixo 5.0° | rolagem 5.3° | IK pediu [-14.7 -11.8   0.   72.8  80.9] | faltou [ 0.1 -0.3 -0.5 -0.6  0. ] graus
[INFO] [1790798303.895223, 4748.156000]: [mission] fase "aproxima_lateral" it1: no frame da parede eixo=+0.8 prof=+0.7 alt=+1.0 mm (tolerância 40/8/5)
[INFO] [1790798303.896674, 4748.158000]: [mission] fase "aproxima_lateral" alcançada em 2 iteração(ões) (0.0014 m)
[INFO] [1790798304.409466, 4748.663000]: [mission] fase "atravessa": modo IK iterativa (YAML)
[INFO] [1790798304.413699, 4748.667000]: [mission] âncora engatada (fase "atravessa")
[INFO] [1790798306.190284, 4750.412000]: [mission] fase "atravessa" it0: ponta (0.209, 2.870, 0.809) erro=0.0068 | degrau eixo 1.7° | rolagem 2.0° | IK pediu [ -7.9 -12.9   0.2  75.   86.8] | faltou [-0.1 -0.3 -0.4 -0.5 -0.4] graus
[INFO] [1790798306.192802, 4750.415000]: [mission] fase "atravessa" it0: no frame da parede eixo=+1.1 prof=+4.0 alt=+5.4 mm (tolerância 8/6/5)
[INFO] [1790798307.616507, 4751.820000]: [mission] fase "atravessa" it1: ponta (0.209, 2.867, 0.813) erro=0.0018 | degrau eixo 1.6° | rolagem 1.7° | IK pediu [ -7.9 -12.7   0.2  75.7  86.8] | faltou [-0.1 -0.3 -0.6 -0.8 -0. ] graus
[INFO] [1790798307.618131, 4751.822000]: [mission] fase "atravessa" it1: no frame da parede eixo=+1.2 prof=+0.7 alt=+1.2 mm (tolerância 8/6/5)
[WARN] [1790798312.824701, 4756.953000]: [mission] fase "destrava": descida estagnou em 11.0 mm (mín 10 para aceitar; alvo 18) — fim de curso do mecanismo, fechando a fase
[WARN] [1790798313.045268, 4757.169000]: [mission] destrava: lingueta em 7.7 mm (esperado ≥ 12) — o gatilho pode não ter soltado
[WARN] [1790798325.235110, 4769.213000]: [mission] RETRACT: ponta a 0.143 m do olhal — saindo em degraus: sobe 30 mm, 120 mm pelo eixo do furo, 100 mm para fora, antes de recolher
[INFO] [1790798307.618953, 4751.823000]: [mission] fase "atravessa" alcançada em 2 iteração(ões) (0.0018 m)
[INFO] [1790798308.129877, 4752.326000]: [mission] fase "captura": modo IK iterativa (YAML)
[INFO] [1790798308.132288, 4752.328000]: [mission] âncora engatada (fase "captura")
[INFO] [1790798309.667150, 4753.831000]: [mission] fase "captura" it0: ponta (0.209, 2.874, 0.791) erro=0.0092 | degrau eixo 1.5° | rolagem 1.6° | IK pediu [ -7.2 -14.6  -0.4  74.8  87.5] | faltou [-0.7 -0.4 -0.1  0.1 -0.2] graus
[INFO] [1790798309.669378, 4753.834000]: [mission] fase "captura" it0: no frame da parede eixo=+8.8 prof=+0.5 alt=+2.8 mm (tolerância 40/6/10)
[INFO] [1790798309.670724, 4753.835000]: [mission] fase "captura" alcançada em 1 iteração(ões) (0.0092 m)
[INFO] [1790798309.677159, 4753.841000]: [mission] captura: ponta registrada em eixo=-8.8 prof=-0.5 alt=-12.8 mm (zero da descida do destrava e da deriva de eixo)
[INFO] [1790798310.186202, 4754.343000]: [mission] fase "destrava": alvo em altura relativo à captura: -32.8 mm (captura -12.8 − curso 18 − margem 2)
[INFO] [1790798310.188056, 4754.344000]: [mission] fase "destrava": modo whole-body/Fuzzy (YAML)
[INFO] [1790798310.395821, 4754.547000]: [mission] plano de exclusão publicado: parede em [ 2.000e-03  3.006e+00 -1.000e-03], normal segura [-0.011 -1.     0.   ]
[INFO] [1790798310.703398, 4754.852000]: [mission] fase "destrava": whole-body assumiu (base livre, restrita pelo plano de exclusão)
[INFO] [1790798310.704902, 4754.853000]: [mission] fase "destrava": whole-body a 0.0187 m do alvo — eixo=+8.8 prof=+0.3 alt=-16.5 mm
[INFO] [1790798313.044029, 4757.168000]: [mission] destrava: ponta desceu 10.1 mm desde a captura (critério observável) | lingueta 7.7 mm (só na simulação)
[INFO] [1790798313.556505, 4757.671000]: [mission] fase "libera": modo whole-body/Fuzzy (YAML)
[INFO] [1790798313.765256, 4757.874000]: [mission] plano de exclusão publicado: parede em [ 2.000e-03  3.006e+00 -1.000e-03], normal segura [-0.011 -1.     0.   ]
[INFO] [1790798314.074105, 4758.178000]: [mission] fase "libera": whole-body assumiu (base livre, restrita pelo plano de exclusão)
[INFO] [1790798314.075317, 4758.179000]: [mission] fase "libera": whole-body a 0.0289 m do alvo — eixo=+8.6 prof=+27.6 alt=-1.3 mm
[INFO] [1790798316.186457, 4760.278000]: [mission] fase "libera": whole-body a 0.0126 m do alvo — eixo=+8.8 prof=+0.8 alt=+9.0 mm
[INFO] [1790798316.990833, 4761.078000]: [mission] fase "libera" alcançada por whole-body em 2.9s (0.0091 m) — no frame da parede eixo=+8.8 prof=-1.5 alt=+1.2 mm (tolerância 40/8/6)
[INFO] [1790798317.706182, 4761.783000]: [mission] fase "arco1"/puxa: RECUANDO 0.022 m só com as rodas
[INFO] [1790798318.166382, 4762.233000]: [mission] fase "arco1"/puxa: concluído (0.022 m)
[INFO] [1790798318.168687, 4762.235000]: [mission] fase "arco1": modo whole-body/Fuzzy (YAML)
[INFO] [1790798318.376075, 4762.438000]: [mission] plano de exclusão publicado: parede em [ 2.000e-03  3.006e+00 -1.000e-03], normal segura [-0.011 -1.     0.   ]
[INFO] [1790798318.683290, 4762.743000]: [mission] fase "arco1": whole-body assumiu (base livre, restrita pelo plano de exclusão)
[INFO] [1790798318.685141, 4762.744000]: [mission] fase "arco1": whole-body a 0.0095 m do alvo — eixo=+9.1 prof=+2.8 alt=-0.5 mm
[INFO] [1790798319.099741, 4763.144000]: [mission] fase "arco1" alcançada por whole-body em 0.4s (0.0092 m) — no frame da parede eixo=+9.1 prof=-0.9 alt=-0.4 mm (tolerância 40/10/15)
[INFO] [1790798319.100818, 4763.145000]: [mission] arco1: SOLTURA observável — recuo 53.2 mm desde a captura (mín 40) com deriva de eixo -0.4 mm → SOLTA
[INFO] [1790798319.319069, 4763.360000]: [mission] waypoint de 15° — lâmina medida em 16.1° (abertura por CONTATO)
[INFO] [1790798319.825662, 4763.861000]: [mission] fase "arco2"/puxa: RECUANDO 0.048 m só com as rodas
[INFO] [1790798320.741811, 4764.763000]: [mission] fase "arco2"/puxa: concluído (0.050 m)
[INFO] [1790798320.742550, 4764.763000]: [mission] fase "arco2": modo whole-body/Fuzzy (YAML)
[INFO] [1790798320.944690, 4764.965000]: [mission] plano de exclusão publicado: parede em [ 2.000e-03  3.006e+00 -1.000e-03], normal segura [-0.011 -1.     0.   ]
[INFO] [1790798321.245853, 4765.266000]: [mission] fase "arco2": whole-body assumiu (base livre, restrita pelo plano de exclusão)
[INFO] [1790798321.247248, 4765.267000]: [mission] fase "arco2": whole-body a 0.0164 m do alvo — eixo=+9.4 prof=-2.8 alt=-13.1 mm
[INFO] [1790798321.649188, 4765.667000]: [mission] fase "arco2" alcançada por whole-body em 0.4s (0.0162 m) — no frame da parede eixo=+9.5 prof=-4.8 alt=-12.2 mm (tolerância 40/10/15)
[INFO] [1790798321.861012, 4765.877000]: [mission] waypoint de 30° — lâmina medida em 28.7° (abertura por CONTATO)
[INFO] [1790798322.370330, 4766.378000]: [mission] fase "desengata": modo IK iterativa (YAML)
[INFO] [1790798322.375644, 4766.383000]: [mission] âncora engatada (fase "desengata")
[INFO] [1790798324.302679, 4768.289000]: [mission] fase "desengata" it0: ponta (0.290, 2.779, 0.746) erro=0.0091 | degrau eixo 5.3° | rolagem 5.6° | IK pediu [-13.9 -18.9  -0.   75.3  81.9] | faltou [ 0.1 -0.3 -0.4 -0.5  0. ] graus
[INFO] [1790798324.308117, 4768.295000]: [mission] fase "desengata" alcançada em 1 iteração(ões) (0.0091 m)
[INFO] [1790798324.825309, 4768.809000]: [mission] MANIPULATE concluída — chave ABERTA, lâmina medida em 29.1°
[INFO] [1790798324.827056, 4768.811000]: State machine transitioning 'MANIPULATE':'done'-->'RETRACT'
[INFO] [1790798325.241513, 4769.220000]: [mission] âncora engatada (fase "saida_sobe")
[INFO] [1790798326.823333, 4770.783000]: [mission] fase "saida_sobe" it0: ponta (0.292, 2.787, 0.769) erro=0.0088 | degrau eixo 5.3° | rolagem 5.5° | IK pediu [-13.9 -16.    0.   73.3  81.6] | faltou [ 0.  -0.7 -0.3  0.   0. ] graus
[INFO] [1790798326.826031, 4770.786000]: [mission] fase "saida_sobe" it0: no frame da parede eixo=+1.1 prof=+5.9 alt=+6.4 mm (tolerância 30/20/10)
[INFO] [1790798326.827495, 4770.787000]: [mission] fase "saida_sobe" alcançada em 1 iteração(ões) (0.0088 m)
[INFO] [1790798326.830036, 4770.790000]: [mission] âncora engatada (fase "saida_eixo")
[INFO] [1790798328.794909, 4772.736000]: [mission] fase "saida_eixo" it0: ponta (0.411, 2.786, 0.768) erro=0.0101 | degrau eixo 11.8° | rolagem 12.4° | IK pediu [-23.1 -13.8   0.   65.3  74.7] | faltou [ 0.1 -0.3 -0.4 -0.6  0. ] graus
[INFO] [1790798328.797767, 4772.739000]: [mission] fase "saida_eixo" it0: no frame da parede eixo=+0.2 prof=+6.6 alt=+7.7 mm (tolerância 20/20/15)
[INFO] [1790798328.799704, 4772.741000]: [mission] fase "saida_eixo" alcançada em 1 iteração(ões) (0.0101 m)
[INFO] [1790798328.804079, 4772.745000]: [mission] âncora engatada (fase "saida_fora")
[INFO] [1790798331.741226, 4775.652000]: [mission] fase "saida_fora" it0: ponta (0.409, 2.684, 0.772) erro=0.0063 | degrau eixo 7.2° | rolagem 7.9° | IK pediu [-26.2 -19.9   0.   90.7  68.8] | faltou [ 0.  -2.8  5.4 -4.6  0. ] graus
[INFO] [1790798331.743306, 4775.654000]: [mission] fase "saida_fora" it0: no frame da parede eixo=-0.5 prof=+5.1 alt=+3.5 mm (tolerância 30/20/20)
[INFO] [1790798331.744455, 4775.655000]: [mission] âncora solta — 1 correções de deriva
[INFO] [1790798331.745879, 4775.657000]: [mission] fase "saida_fora" alcançada em 1 iteração(ões) (0.0063 m) — âncora corrigiu 1 vez(es)
[INFO] [1790798331.746742, 4775.658000]: [mission] RETRACT/afasta: RECUANDO 0.250 m só com as rodas
[INFO] [1790798336.205760, 4780.059000]: [mission] RETRACT/afasta: concluído (0.251 m)
[INFO] [1790798336.207163, 4780.060000]: [mission] postura "stow_home" comandada: [0.0, 1.13, -1.04, -1.8, 0.0]
[INFO] [1790798347.677824, 4791.361000]: State machine transitioning 'RETRACT':'ok'-->'RETURN'
[INFO] [1790798347.680456, 4791.364000]: [mission] RETURN — voltando a (0.01, 1.00, 0.01 rad)
[INFO] [1790798359.757325, 4803.265000]: [mission] RETURN: alinhado, avançando (1.13 m)
[INFO] [1790798359.808314, 4803.315000]: [mission] teto por postura ativo no drive: v<=0.23 w<=0.50 rampa 0.51/1.52
[INFO] [1790798368.504269, 4811.915000]: [mission] RETURN: chegou, ajustando heading final
[INFO] [1790798368.553923, 4811.965000]: [mission] teto por postura ativo no drive: v<=0.23 w<=0.50 rampa 0.51/1.52
[INFO] [1790798374.723059, 4818.065000]: [mission] RETURN: concluído
[INFO] [1790798374.725939, 4818.068000]: State machine terminating 'RETURN':'home':'MISSION_OK'
[INFO] [1790798374.728066, 4818.070000]: [mission] resultado: MISSION_OK
... logging to /home/marco/.ros/log/11e1488e-bcfe-11f1-8eb4-b025aa85b2a2/roslaunch-shiroi-2164985.log
Checking log directory for disk usage. This may take a while.
Press Ctrl-C to interrupt
]2;/home/marco/b166er/src/b166er_whole_body_control/launch/chave_mission.launch
[1mstarted roslaunch server http://shiroi:40747/[0m

SUMMARY
========

PARAMETERS
 * /chave_mission/estado_final: 
 * /chave_mission/estado_inicial: STOW_INIT
 * /chave_mission/pausa_por_fase: False
 * /chave_mission/search_omega: 0.35
 * /chave_mission/standoff_distance: 0.62
 * /chave_mission/use_wholebody: False
 * /chave_seccionadora_task/aproxima_lateral/modo: ik
 * /chave_seccionadora_task/aproxima_lateral/offset_xyz_m: [-0.09, 0.008, 0.01]
 * /chave_seccionadora_task/aproxima_lateral/tol_xyz_m: [0.04, 0.008, 0.005]
 * /chave_seccionadora_task/arco1/blade_angle_deg: 15
 * /chave_seccionadora_task/arco1/deriva_eixo_max_m: 0.015
 * /chave_seccionadora_task/arco1/modo: wb
 * /chave_seccionadora_task/arco1/offset_xyz_m: [0.0, 0.0518, -0....
 * /chave_seccionadora_task/arco1/soltura_recuo_min_m: 0.04
 * /chave_seccionadora_task/arco1/tol_xyz_m: [0.04, 0.01, 0.015]
 * /chave_seccionadora_task/arco2/blade_angle_deg: 30
 * /chave_seccionadora_task/arco2/deriva_eixo_max_m: 0.015
 * /chave_seccionadora_task/arco2/modo: wb
 * /chave_seccionadora_task/arco2/offset_xyz_m: [0.0, 0.1, -0.0518]
 * /chave_seccionadora_task/arco2/tol_xyz_m: [0.04, 0.01, 0.015]
 * /chave_seccionadora_task/atravessa/modo: ik
 * /chave_seccionadora_task/atravessa/offset_xyz_m: [-0.008, 0.008, 0...
 * /chave_seccionadora_task/atravessa/tol_xyz_m: [0.008, 0.006, 0....
 * /chave_seccionadora_task/captura/modo: ik
 * /chave_seccionadora_task/captura/offset_xyz_m: [0.0, 0.0, -0.01]
 * /chave_seccionadora_task/captura/tol_xyz_m: [0.04, 0.006, 0.01]
 * /chave_seccionadora_task/desengata/modo: ik
 * /chave_seccionadora_task/desengata/offset_xyz_m: [-0.09, 0.1, -0.0...
 * /chave_seccionadora_task/destrava/curso_estagna_m: 0.01
 * /chave_seccionadora_task/destrava/curso_margem_m: 0.002
 * /chave_seccionadora_task/destrava/curso_min_m: 0.018
 * /chave_seccionadora_task/destrava/modo: wb
 * /chave_seccionadora_task/destrava/offset_xyz_m: [0.0, 0.0, -0.025]
 * /chave_seccionadora_task/destrava/tol_xyz_m: [0.04, 0.006, 0.004]
 * /chave_seccionadora_task/libera/deriva_eixo_max_m: 0.015
 * /chave_seccionadora_task/libera/modo: wb
 * /chave_seccionadora_task/libera/offset_xyz_m: [0.0, 0.03, -0.025]
 * /chave_seccionadora_task/libera/tol_xyz_m: [0.04, 0.008, 0.006]
 * /chave_seccionadora_task/orienta/modo: ik
 * /chave_seccionadora_task/orienta/offset_xyz_m: [-0.09, 0.15, 0.0...
 * /chave_seccionadora_task/reassenta_sobe/tol_xyz_m: [0.03, 0.02, 0.005]
 * /chave_seccionadora_task/saida_eixo/tol_xyz_m: [0.02, 0.02, 0.015]
 * /chave_seccionadora_task/saida_fora/tol_xyz_m: [0.03, 0.02, 0.02]
 * /chave_seccionadora_task/saida_sobe/tol_xyz_m: [0.03, 0.02, 0.01]
 * /chave_seccionadora_task/target_frame: chave_olhal_link
 * /fuzzy_wb_controller/fixed_gains: []
 * /rosdistro: noetic
 * /rosversion: 1.17.4

NODES
  /
    chave_mission (b166er_whole_body_control/chave_mission.py)

[1mROS_MASTER_URI=http://localhost:11311[0m
]2;/home/marco/b166er/src/b166er_whole_body_control/launch/chave_mission.launch http://localhost:11311
[1mprocess[chave_mission-1]: started with pid [2165029][0m
[1m[chave_mission-1] process has finished cleanly
log file: /home/marco/.ros/log/11e1488e-bcfe-11f1-8eb4-b025aa85b2a2/chave_mission-1*.log[0m
all processes on machine have died, roslaunch will exit
shutting down processing monitor...
... shutting down processing monitor complete
[1mdone[0m
