[31mWARNING: disk usage in log directory [/home/marco/.ros/log] is over 1GB.
It's recommended that you use the 'rosclean' command.[0m
the rosdep view is empty: call 'sudo rosdep init' and 'rosdep update'
[WARN] [1791388383.058708, 386.791000]: [mission] SEARCH: 8 de 25 amostras descartadas como outlier (>0.15 m ou >0.20 rad da mediana)
[WARN] [1791388383.113195, 386.848000]: [mission] SEARCH: laser com só 25 pontos de parede (mín 30) — parede fica pela tag
[INFO] [1791388353.744229, 358.028000]: garra_dx = 0.000 m (fechada)
[INFO] [1791388353.807301, 358.091000]: State machine starting in initial state 'STOW_INIT' with userdata: 
	[]
[INFO] [1791388354.114878, 358.392000]: [mission] pose de partida registrada: (0.02, 1.00, 0.01 rad)
[INFO] [1791388354.115726, 358.392000]: [mission] postura "stow_home" comandada: [0.0, 1.13, -1.04, -1.8, 0.0]
[INFO] [1791388355.443690, 359.693000]: State machine transitioning 'STOW_INIT':'ok'-->'SEARCH'
[INFO] [1791388355.446179, 359.696000]: [mission] postura "search" comandada: [0.0, 1.0, -1.0, 0.0, 0.0]
[INFO] [1791388366.871920, 370.897000]: [mission] SEARCH — girando à procura da tag...
[INFO] [1791388366.874533, 370.899000]: [mission] SEARCH: amostra quando a tag estiver a raio 0.35-0.50 do quadro (vista oblíqua; omega fina 0.15 rad/s)
[INFO] [1791388368.401624, 372.403000]: [mission] SEARCH: tag a raio 0.94 — girando até <= 0.50
[INFO] [1791388375.753324, 379.605000]: [mission] SEARCH: tag a raio 0.49 — parando
[INFO] [1791388375.754814, 379.606000]: [mission] tag avistada — parando para medir
[INFO] [1791388376.766479, 380.612000]: [mission] âncora engatada (coleta do SEARCH)
[INFO] [1791388376.767601, 380.613000]: [mission] SEARCH: coleta com dither ±0.05 rad/s (período 3.0 s)
[INFO] [1791388383.036335, 386.773000]: [mission] âncora solta — 9 correções de deriva
[INFO] [1791388383.037749, 386.774000]: [mission] SEARCH: âncora corrigiu a deriva 9 vez(es) durante a coleta
[INFO] [1791388383.060735, 386.795000]: [mission] SEARCH: 17 amostras — parede (0.014, 3.099, -0.005) yaw=2.992
[INFO] [1791388383.114274, 386.849000]: [mission] parede localizada em (0.014, 3.099, -0.005)
[INFO] [1791388383.119543, 386.854000]: State machine transitioning 'SEARCH':'found'-->'APPROACH'
[INFO] [1791388383.120922, 386.855000]: [mission] APPROACH etapa 1/2 — 1.30 m do olhal, alvo (-0.00, 1.65, 1.42 rad)
[INFO] [1791388387.748381, 391.407000]: [mission] APPROACH: alinhado, avançando (0.76 m)
[INFO] [1791388387.798444, 391.457000]: [mission] teto por postura ativo no drive: v<=0.16 w<=0.50 rampa 0.44/1.52
[INFO] [1791388394.152974, 397.708000]: [mission] APPROACH: chegou, ajustando heading final
[INFO] [1791388394.203036, 397.757000]: [mission] teto por postura ativo no drive: v<=0.16 w<=0.50 rampa 0.44/1.51
[INFO] [1791388397.258751, 400.757000]: [mission] APPROACH: concluído
[INFO] [1791388398.294913, 401.761000]: [mission] âncora engatada (coleta do APPROACH/remedida)
[INFO] [1791388398.297011, 401.764000]: [mission] APPROACH/remedida: coleta com dither ±0.05 rad/s (período 3.0 s)
[INFO] [1791388399.447149, 402.890000]: [mission] âncora solta — 1 correções de deriva
[INFO] [1791388399.449414, 402.892000]: [mission] APPROACH/remedida: âncora corrigiu a deriva 1 vez(es) durante a coleta
[INFO] [1791388399.452113, 402.894000]: [mission] APPROACH/remedida: 10 amostras — parede (0.004, 3.000, -0.003) yaw=-3.130
[INFO] [1791388399.506853, 402.947000]: [mission] APPROACH/remedida: parede pelo LASER — 90 pontos, resíduo 5.2 mm: profundidade +0.4 mm e yaw -0.63° em relação à tag → parede (0.004, 3.000, -0.003) yaw=-3.141
[INFO] [1791388399.510068, 402.949000]: [mission] APPROACH etapa 2/2 — 0.88 m do olhal, alvo (0.37, 1.99, 1.57 rad)
[INFO] [1791388402.824110, 406.202000]: [mission] APPROACH: alinhado, avançando (0.57 m)
[INFO] [1791388402.874293, 406.252000]: [mission] teto por postura ativo no drive: v<=0.16 w<=0.50 rampa 0.43/1.52
[INFO] [1791388408.045850, 411.352000]: [mission] APPROACH: chegou, ajustando heading final
[INFO] [1791388408.096963, 411.402000]: [mission] teto por postura ativo no drive: v<=0.16 w<=0.50 rampa 0.44/1.52
[INFO] [1791388413.692085, 416.903000]: [mission] APPROACH: concluído
[INFO] [1791388413.699893, 416.910000]: State machine transitioning 'APPROACH':'arrived'-->'REFINE'
[INFO] [1791388413.702829, 416.913000]: [mission] REFINE — remedindo a parede de perto (10 amostras)
[INFO] [1791388413.708915, 416.919000]: [mission] âncora engatada (coleta do REFINE)
[INFO] [1791388413.710629, 416.921000]: [mission] REFINE: coleta com dither ±0.05 rad/s (período 3.0 s)
[INFO] [1791388414.864895, 418.050000]: [mission] âncora solta — 2 correções de deriva
[INFO] [1791388414.868065, 418.052000]: [mission] REFINE: âncora corrigiu a deriva 2 vez(es) durante a coleta
[INFO] [1791388414.872094, 418.055000]: [mission] REFINE: 10 amostras — parede (0.002, 3.004, -0.001) yaw=3.132
[INFO] [1791388414.931580, 418.110000]: [mission] REFINE: parede pelo LASER — 81 pontos, resíduo 5.1 mm: profundidade +4.8 mm e yaw +0.50° em relação à tag → parede (0.002, 2.999, -0.001) yaw=3.140
[INFO] [1791388414.934360, 418.113000]: [mission] REFINE: deslocou 0.003 m da estimativa anterior
[INFO] [1791388414.937485, 418.116000]: [mission] olhal estimado em (0.202, 2.869, 0.804)
[INFO] [1791388414.947721, 418.126000]: State machine transitioning 'REFINE':'ok'-->'DEPLOY'
[INFO] [1791388414.951933, 418.130000]: [mission] DEPLOY: IK resolvida para a POSE DE MANIPULAÇÃO (0.20, 2.25, 1.57 rad), não para a atual
[INFO] [1791388419.957139, 422.874000]: [mission] DEPLOY: IK nivelada 0.0710 m, só eixo 0.0014 m — a MISSÃO INTEIRA usa "eixo"
[INFO] [1791388419.959018, 423.134000]: [mission] DEPLOY: IK da ponta resolvida (resíduo 0.0014 m, degrau 0.4°) — pré-posicionando em [-10.9 -46.5  60.   78.5 -10.9] graus
[INFO] [1791388428.650877, 431.636000]: [mission] plano de exclusão publicado: parede em [ 2.000e-03  2.999e+00 -1.000e-03], normal segura [-0.001 -1.     0.   ]
[INFO] [1791388428.861138, 431.844000]: [mission] teto por postura ativo no drive: v<=0.25 w<=0.50 rampa 0.54/1.61
[INFO] [1791388433.456252, 436.344000]: [mission] DEPLOY/aproxima: alinhado, avançando (0.41 m)
[INFO] [1791388437.780165, 440.594000]: [mission] DEPLOY/aproxima: chegou, ajustando heading final
[INFO] [1791388443.751605, 446.444000]: [mission] DEPLOY/aproxima: concluído
[INFO] [1791388443.753673, 446.446000]: State machine transitioning 'DEPLOY':'ok'-->'MANIPULATE'
[INFO] [1791388443.756198, 446.448000]: [mission] fase "orienta": modo IK iterativa (YAML)
[INFO] [1791388443.762888, 446.455000]: [mission] âncora engatada (fase "orienta")
[INFO] [1791388448.469508, 451.058000]: [mission] fase "orienta" it0: ponta (0.293, 2.733, 0.808) erro=0.0150 | degrau eixo 0.7° | rolagem 0.7° | IK pediu [-20.5 -18.5   2.9 103.3 -16.6] | faltou [0. 0. 0. 0. 0.] graus
[INFO] [1791388448.471445, 451.060000]: [mission] âncora solta — 2 correções de deriva
[INFO] [1791388448.472725, 451.061000]: [mission] fase "orienta" alcançada em 1 iteração(ões) (0.0150 m) — âncora corrigiu 2 vez(es)
[INFO] [1791388448.980519, 451.566000]: [mission] fase "aproxima_lateral": modo IK iterativa (YAML)
[INFO] [1791388448.982916, 451.568000]: [mission] âncora engatada (fase "aproxima_lateral")
[INFO] [1791388453.058389, 455.571000]: [mission] fase "aproxima_lateral" it0: ponta (0.285, 2.864, 0.810) erro=0.0088 | degrau eixo 6.3° | rolagem 6.5° | IK pediu [-17.4 -12.4  -0.   74.1 -11.8] | faltou [ 0.2 -0.4 -0.1  0.2 -0.3] graus
[INFO] [1791388453.060297, 455.573000]: [mission] fase "aproxima_lateral" it0: no frame da parede eixo=-6.7 prof=+3.1 alt=+4.9 mm (tolerância 40/8/5)
[INFO] [1791388453.061493, 455.574000]: [mission] âncora solta — 1 correções de deriva
[INFO] [1791388453.063161, 455.576000]: [mission] fase "aproxima_lateral" alcançada em 1 iteração(ões) (0.0088 m) — âncora corrigiu 1 vez(es)
[INFO] [1791388453.575055, 456.079000]: [mission] fase "atravessa": modo IK iterativa (YAML)
[INFO] [1791388453.581178, 456.085000]: [mission] âncora engatada (fase "atravessa")
[INFO] [1791388456.552238, 458.990000]: [mission] fase "atravessa" it0: ponta (0.210, 2.865, 0.813) erro=0.0044 | degrau eixo 2.8° | rolagem 2.8° | IK pediu [-11.  -13.4   0.   78.5  -6. ] | faltou [0. 0. 0. 0. 0.] graus
[INFO] [1791388456.555048, 458.992000]: [mission] fase "atravessa" it0: no frame da parede eixo=-0.2 prof=+4.0 alt=+1.8 mm (tolerância 8/6/5)
[INFO] [1791388456.556694, 458.994000]: [mission] fase "atravessa" alcançada em 1 iteração(ões) (0.0044 m)
[WARN] [1791388465.521963, 467.727000]: [mission] fase "destrava": descida estagnou em 16.3 mm (mín 10 para aceitar; alvo 18) — fim de curso do mecanismo, fechando a fase
[WARN] [1791388505.251478, 506.674000]: [mission] RETRACT: ponta a 0.145 m do olhal — saindo em degraus: sobe 30 mm, 120 mm pelo eixo do furo, 100 mm para fora, antes de recolher
[INFO] [1791388457.083066, 459.502000]: [mission] fase "captura": modo IK iterativa (YAML)
[INFO] [1791388457.086499, 459.505000]: [mission] âncora engatada (fase "captura")
[INFO] [1791388461.412948, 463.708000]: [mission] fase "captura" it0: ponta (0.209, 2.872, 0.789) erro=0.0091 | degrau eixo 2.6° | rolagem 2.7° | IK pediu [-10.5 -15.4  -0.   78.6  -5.2] | faltou [-0.6 -0.3 -0.3 -0.3  0.1] graus
[INFO] [1791388461.415607, 463.711000]: [mission] fase "captura" it0: no frame da parede eixo=+7.1 prof=+2.6 alt=+5.1 mm (tolerância 40/6/10)
[INFO] [1791388461.417197, 463.713000]: [mission] âncora solta — 1 correções de deriva
[INFO] [1791388461.418490, 463.714000]: [mission] fase "captura" alcançada em 1 iteração(ões) (0.0091 m) — âncora corrigiu 1 vez(es)
[INFO] [1791388461.424237, 463.720000]: [mission] captura: ponta registrada em eixo=-7.1 prof=-2.6 alt=-15.1 mm (zero da descida do destrava e da deriva de eixo)
[INFO] [1791388461.954981, 464.221000]: [mission] fase "destrava": alvo em altura relativo à captura: -35.1 mm (captura -15.1 − curso 18 − margem 2)
[INFO] [1791388461.956720, 464.222000]: [mission] fase "destrava": modo whole-body/Fuzzy (YAML)
[INFO] [1791388462.162484, 464.424000]: [mission] plano de exclusão publicado: parede em [ 2.000e-03  2.999e+00 -1.000e-03], normal segura [-0.001 -1.     0.   ]
[INFO] [1791388462.466944, 464.727000]: [mission] fase "destrava": whole-body assumiu (base livre, restrita pelo plano de exclusão)
[INFO] [1791388462.468373, 464.727000]: [mission] fase "destrava": whole-body a 0.0157 m do alvo — eixo=+7.1 prof=+2.1 alt=-13.9 mm
[INFO] [1791388464.606126, 466.827000]: [mission] fase "destrava": whole-body a 0.0093 m do alvo — eixo=+6.8 prof=-5.2 alt=-3.6 mm
[INFO] [1791388465.736072, 467.939000]: [mission] destrava: ponta desceu 16.3 mm desde a captura (critério observável) | lingueta 13.5 mm (só na simulação)
[INFO] [1791388465.738414, 467.942000]: [mission] destrava: lingueta em 13.5 mm — gatilho solto
[INFO] [1791388466.251912, 468.444000]: [mission] fase "libera": modo whole-body/Fuzzy (YAML)
[INFO] [1791388466.460717, 468.646000]: [mission] plano de exclusão publicado: parede em [ 2.000e-03  2.999e+00 -1.000e-03], normal segura [-0.001 -1.     0.   ]
[INFO] [1791388466.765809, 468.947000]: [mission] fase "libera": whole-body assumiu (base livre, restrita pelo plano de exclusão)
[INFO] [1791388466.768221, 468.949000]: [mission] fase "libera": whole-body a 0.0276 m do alvo — eixo=+6.8 prof=+26.0 alt=+6.3 mm
[INFO] [1791388468.928617, 471.048000]: [mission] fase "libera": whole-body a 0.0282 m do alvo — eixo=+6.8 prof=+26.0 alt=+8.5 mm
[INFO] [1791388471.085855, 473.148000]: [mission] fase "libera": whole-body a 0.0288 m do alvo — eixo=+6.8 prof=+25.9 alt=+10.6 mm
[INFO] [1791388473.234361, 475.249000]: [mission] fase "libera": whole-body a 0.0266 m do alvo — eixo=+8.0 prof=+22.7 alt=+11.5 mm
[INFO] [1791388475.356513, 477.348000]: [mission] fase "libera": whole-body a 0.0189 m do alvo — eixo=+10.2 prof=+13.4 alt=+8.5 mm
[INFO] [1791388477.388285, 479.349000]: [mission] fase "libera": whole-body a 0.0126 m do alvo — eixo=+8.3 prof=+5.7 alt=+7.5 mm
[INFO] [1791388478.094768, 480.048000]: [mission] fase "libera" alcançada por whole-body em 11.1s (0.0078 m) — no frame da parede eixo=+6.9 prof=-3.6 alt=-0.3 mm (tolerância 40/8/6)
[INFO] [1791388478.815109, 480.752000]: [mission] fase "arco1"/puxa: RECUANDO 0.022 m só com as rodas
[INFO] [1791388479.275387, 481.203000]: [mission] fase "arco1"/puxa: concluído (0.024 m)
[INFO] [1791388479.277363, 481.205000]: [mission] fase "arco1": modo whole-body/Fuzzy (YAML)
[INFO] [1791388479.490370, 481.407000]: [mission] plano de exclusão publicado: parede em [ 2.000e-03  2.999e+00 -1.000e-03], normal segura [-0.001 -1.     0.   ]
[INFO] [1791388479.800905, 481.713000]: [mission] fase "arco1": whole-body assumiu (base livre, restrita pelo plano de exclusão)
[INFO] [1791388479.802173, 481.714000]: [mission] fase "arco1": whole-body a 0.0071 m do alvo — eixo=+6.9 prof=-1.6 alt=-1.1 mm
[INFO] [1791388480.207400, 482.113000]: [mission] fase "arco1" alcançada por whole-body em 0.4s (0.0070 m) — no frame da parede eixo=+6.9 prof=-1.3 alt=-0.9 mm (tolerância 40/10/15)
[INFO] [1791388480.208217, 482.114000]: [mission] arco1: SOLTURA observável — recuo 55.7 mm desde a captura (mín 40) com deriva de eixo +0.2 mm → SOLTA
[INFO] [1791388480.417124, 482.321000]: [mission] waypoint de 15° — lâmina medida em 14.5° (abertura por CONTATO)
[INFO] [1791388480.932329, 482.822000]: [mission] fase "arco2"/puxa: RECUANDO 0.048 m só com as rodas
[INFO] [1791388481.851677, 483.725000]: [mission] fase "arco2"/puxa: concluído (0.050 m)
[INFO] [1791388481.853927, 483.727000]: [mission] fase "arco2": modo whole-body/Fuzzy (YAML)
[INFO] [1791388482.061759, 483.929000]: [mission] plano de exclusão publicado: parede em [ 2.000e-03  2.999e+00 -1.000e-03], normal segura [-0.001 -1.     0.   ]
[INFO] [1791388482.385869, 484.231000]: [mission] fase "arco2": whole-body assumiu (base livre, restrita pelo plano de exclusão)
[INFO] [1791388482.387217, 484.232000]: [mission] fase "arco2": whole-body a 0.0147 m do alvo — eixo=+8.5 prof=+11.0 alt=-4.8 mm
[INFO] [1791388482.884403, 484.732000]: [mission] fase "arco2" alcançada por whole-body em 0.5s (0.0071 m) — no frame da parede eixo=+6.9 prof=+1.6 alt=-0.5 mm (tolerância 40/10/15)
[INFO] [1791388483.100755, 484.944000]: [mission] waypoint de 30° — lâmina medida em 30.3° (abertura por CONTATO)
[INFO] [1791388483.619211, 485.446000]: [mission] fase "desengata": modo IK iterativa (YAML)
[INFO] [1791388483.624755, 485.451000]: [mission] âncora engatada (fase "desengata")
[INFO] [1791388497.716014, 499.257000]: [mission] fase "desengata" it0: ponta (0.293, 2.771, 0.728) erro=0.0252 | degrau eixo 7.4° | rolagem 8.9° | IK pediu [-16.1 -16.2  -0.   66.2  -9. ] | faltou [ -0.1  10.5 -27.1  12.   -0.2] graus
[INFO] [1791388504.314681, 505.754000]: [mission] fase "desengata" it1: ponta (0.291, 2.764, 0.754) erro=0.0049 | degrau eixo 7.1° | rolagem 8.2° | IK pediu [-16.  -14.5  -0.   66.8  -9.3] | faltou [ -0.2  12.1 -29.9  13.6   0.1] graus
[INFO] [1791388504.318479, 505.757000]: [mission] âncora solta — 20 correções de deriva
[INFO] [1791388504.320774, 505.760000]: [mission] fase "desengata" alcançada em 2 iteração(ões) (0.0049 m) — âncora corrigiu 20 vez(es)
[INFO] [1791388504.840666, 506.271000]: [mission] MANIPULATE concluída — chave ABERTA, lâmina medida em 34.4°
[INFO] [1791388504.841952, 506.272000]: State machine transitioning 'MANIPULATE':'done'-->'RETRACT'
[INFO] [1791388505.257247, 506.680000]: [mission] âncora engatada (fase "saida_sobe")
[INFO] [1791388511.364897, 512.684000]: [mission] fase "saida_sobe" it0: ponta (0.290, 2.770, 0.769) erro=0.0157 | degrau eixo 6.9° | rolagem 7.9° | IK pediu [-16.1 -13.6  -0.   67.2  -9.5] | faltou [ -0.   11.3 -27.5  12.7   0. ] graus
[INFO] [1791388511.367976, 512.688000]: [mission] fase "saida_sobe" it0: no frame da parede eixo=-0.7 prof=+3.9 alt=+15.2 mm (tolerância 30/20/10)
[INFO] [1791388516.176252, 517.409000]: [mission] fase "saida_sobe" it1: ponta (0.289, 2.765, 0.777) erro=0.0073 | degrau eixo 6.7° | rolagem 7.6° | IK pediu [-16.3 -12.8  -0.   68.6 -10. ] | faltou [  0.2 -12.1  24.4 -15.5  -0. ] graus
[INFO] [1791388516.181899, 517.416000]: [mission] fase "saida_sobe" it1: no frame da parede eixo=-1.9 prof=-1.1 alt=+7.0 mm (tolerância 30/20/10)
[INFO] [1791388516.185108, 517.419000]: [mission] âncora solta — 8 correções de deriva
[INFO] [1791388516.187470, 517.421000]: [mission] fase "saida_sobe" alcançada em 2 iteração(ões) (0.0073 m) — âncora corrigiu 8 vez(es)
[INFO] [1791388516.194472, 517.428000]: [mission] âncora engatada (fase "saida_eixo")
[INFO] [1791388521.709359, 522.834000]: [mission] fase "saida_eixo" it0: ponta (0.405, 2.770, 0.777) erro=0.0101 | degrau eixo 14.0° | rolagem 15.5° | IK pediu [-25.2 -10.8   0.   57.8 -15.5] | faltou [  0.1  10.7 -24.8  11.6  -0.2] graus
[INFO] [1791388521.712626, 522.837000]: [mission] fase "saida_eixo" it0: no frame da parede eixo=-6.3 prof=+4.0 alt=+6.9 mm (tolerância 20/20/15)
[INFO] [1791388521.726452, 522.851000]: [mission] âncora solta — 4 correções de deriva
[INFO] [1791388521.729684, 522.854000]: [mission] fase "saida_eixo" alcançada em 1 iteração(ões) (0.0101 m) — âncora corrigiu 4 vez(es)
[INFO] [1791388521.736700, 522.861000]: [mission] âncora engatada (fase "saida_fora")
[INFO] [1791388527.549069, 528.569000]: [mission] fase "saida_fora" it0: ponta (0.407, 2.677, 0.768) erro=0.0197 | degrau eixo 9.2° | rolagem 10.7° | IK pediu [-28.6 -17.9   0.   84.8 -22.3] | faltou [  0.3   5.8 -16.    7.2  -0.5] graus
[INFO] [1791388527.553101, 528.573000]: [mission] fase "saida_fora" it0: no frame da parede eixo=-3.8 prof=+10.7 alt=+16.1 mm (tolerância 30/20/20)
[INFO] [1791388527.554924, 528.575000]: [mission] âncora solta — 4 correções de deriva
[INFO] [1791388527.555915, 528.576000]: [mission] fase "saida_fora" alcançada em 1 iteração(ões) (0.0197 m) — âncora corrigiu 4 vez(es)
[INFO] [1791388527.557142, 528.577000]: [mission] RETRACT/afasta: RECUANDO 0.250 m só com as rodas
[INFO] [1791388532.099967, 533.028000]: [mission] RETRACT/afasta: concluído (0.251 m)
[INFO] [1791388532.101803, 533.030000]: [mission] postura "stow_home" comandada: [0.0, 1.13, -1.04, -1.8, 0.0]
[INFO] [1791388546.780913, 547.432000]: State machine transitioning 'RETRACT':'ok'-->'RETURN'
[INFO] [1791388546.782388, 547.433000]: [mission] RETURN — voltando a (0.02, 1.00, 0.01 rad)
[INFO] [1791388561.820977, 562.134000]: [mission] RETURN: alinhado, avançando (0.97 m)
[INFO] [1791388561.871782, 562.184000]: [mission] teto por postura ativo no drive: v<=0.25 w<=0.50 rampa 0.54/1.50
[INFO] [1791388569.527833, 569.684000]: [mission] RETURN: chegou, ajustando heading final
[INFO] [1791388569.579825, 569.734000]: [mission] teto por postura ativo no drive: v<=0.25 w<=0.50 rampa 0.54/1.51
[INFO] [1791388576.286172, 576.334000]: [mission] RETURN: concluído
[INFO] [1791388576.288295, 576.336000]: State machine terminating 'RETURN':'home':'MISSION_OK'
[INFO] [1791388576.289471, 576.337000]: [mission] resultado: MISSION_OK
... logging to /home/marco/.ros/log/3e3f6f92-c266-11f1-a402-b025aa85b2a2/roslaunch-shiroi-3260600.log
Checking log directory for disk usage. This may take a while.
Press Ctrl-C to interrupt
]2;/home/marco/b166er/src/b166er_whole_body_control/launch/chave_mission.launch
[1mstarted roslaunch server http://shiroi:36657/[0m

SUMMARY
========

PARAMETERS
 * /chave_mission/estado_final: 
 * /chave_mission/estado_inicial: STOW_INIT
 * /chave_mission/pausa_por_fase: False
 * /chave_mission/search_omega: 0.35
 * /chave_mission/standoff_distance: 0.62
 * /chave_mission/use_wholebody: False
 * /chave_seccionadora_task/aproxima_lateral/modo: ik
 * /chave_seccionadora_task/aproxima_lateral/offset_xyz_m: [-0.09, 0.008, 0.01]
 * /chave_seccionadora_task/aproxima_lateral/tol_xyz_m: [0.04, 0.008, 0.005]
 * /chave_seccionadora_task/arco1/blade_angle_deg: 15
 * /chave_seccionadora_task/arco1/deriva_eixo_max_m: 0.015
 * /chave_seccionadora_task/arco1/modo: wb
 * /chave_seccionadora_task/arco1/offset_xyz_m: [0.0, 0.0518, -0....
 * /chave_seccionadora_task/arco1/soltura_recuo_min_m: 0.04
 * /chave_seccionadora_task/arco1/tol_xyz_m: [0.04, 0.01, 0.015]
 * /chave_seccionadora_task/arco2/blade_angle_deg: 30
 * /chave_seccionadora_task/arco2/deriva_eixo_max_m: 0.015
 * /chave_seccionadora_task/arco2/modo: wb
 * /chave_seccionadora_task/arco2/offset_xyz_m: [0.0, 0.1, -0.0518]
 * /chave_seccionadora_task/arco2/tol_xyz_m: [0.04, 0.01, 0.015]
 * /chave_seccionadora_task/atravessa/modo: ik
 * /chave_seccionadora_task/atravessa/offset_xyz_m: [-0.008, 0.008, 0...
 * /chave_seccionadora_task/atravessa/tol_xyz_m: [0.008, 0.006, 0....
 * /chave_seccionadora_task/captura/modo: ik
 * /chave_seccionadora_task/captura/offset_xyz_m: [0.0, 0.0, -0.01]
 * /chave_seccionadora_task/captura/tol_xyz_m: [0.04, 0.006, 0.01]
 * /chave_seccionadora_task/desengata/modo: ik
 * /chave_seccionadora_task/desengata/offset_xyz_m: [-0.09, 0.1, -0.0...
 * /chave_seccionadora_task/destrava/curso_estagna_m: 0.01
 * /chave_seccionadora_task/destrava/curso_margem_m: 0.002
 * /chave_seccionadora_task/destrava/curso_min_m: 0.018
 * /chave_seccionadora_task/destrava/curso_teto_m: 0.022
 * /chave_seccionadora_task/destrava/modo: wb
 * /chave_seccionadora_task/destrava/offset_xyz_m: [0.0, 0.0, -0.025]
 * /chave_seccionadora_task/destrava/tol_xyz_m: [0.04, 0.006, 0.004]
 * /chave_seccionadora_task/libera/deriva_eixo_max_m: 0.015
 * /chave_seccionadora_task/libera/modo: wb
 * /chave_seccionadora_task/libera/offset_xyz_m: [0.0, 0.03, -0.025]
 * /chave_seccionadora_task/libera/tol_xyz_m: [0.04, 0.008, 0.006]
 * /chave_seccionadora_task/orienta/modo: ik
 * /chave_seccionadora_task/orienta/offset_xyz_m: [-0.09, 0.15, 0.0...
 * /chave_seccionadora_task/reassenta_sobe/tol_xyz_m: [0.03, 0.02, 0.005]
 * /chave_seccionadora_task/saida_eixo/tol_xyz_m: [0.02, 0.02, 0.015]
 * /chave_seccionadora_task/saida_fora/tol_xyz_m: [0.03, 0.02, 0.02]
 * /chave_seccionadora_task/saida_sobe/tol_xyz_m: [0.03, 0.02, 0.01]
 * /chave_seccionadora_task/target_frame: chave_olhal_link
 * /fuzzy_wb_controller/fixed_gains: []
 * /rosdistro: noetic
 * /rosversion: 1.17.4

NODES
  /
    chave_mission (b166er_whole_body_control/chave_mission.py)

[1mROS_MASTER_URI=http://localhost:11311[0m
]2;/home/marco/b166er/src/b166er_whole_body_control/launch/chave_mission.launch http://localhost:11311
[1mprocess[chave_mission-1]: started with pid [3260644][0m
[1m[chave_mission-1] process has finished cleanly
log file: /home/marco/.ros/log/3e3f6f92-c266-11f1-a402-b025aa85b2a2/chave_mission-1*.log[0m
all processes on machine have died, roslaunch will exit
shutting down processing monitor...
... shutting down processing monitor complete
[1mdone[0m
