[31mWARNING: disk usage in log directory [/home/marco/.ros/log] is over 1GB.
It's recommended that you use the 'rosclean' command.[0m
the rosdep view is empty: call 'sudo rosdep init' and 'rosdep update'
[WARN] [1791403203.652922, 74.606000]: [mission] SEARCH: ajuste não convergiu em 8s (raio 0.64) — amostrando assim mesmo
[WARN] [1791403213.213817, 83.986000]: [mission] SEARCH: 6 de 25 amostras descartadas como outlier (>0.15 m ou >0.20 rad da mediana)
[INFO] [1791403185.280308, 56.572000]: garra_dx = 0.000 m (fechada)
[INFO] [1791403185.402888, 56.695000]: State machine starting in initial state 'STOW_INIT' with userdata: 
	[]
[INFO] [1791403185.605524, 56.895000]: [mission] pose de partida registrada: (0.01, 1.00, -0.00 rad)
[INFO] [1791403185.607691, 56.897000]: [mission] postura "stow_home" comandada: [0.0, 1.1, -1.04, -1.8, 0.0]
[INFO] [1791403186.519799, 57.798000]: State machine transitioning 'STOW_INIT':'ok'-->'SEARCH'
[INFO] [1791403186.522413, 57.800000]: [mission] postura "search" comandada: [0.0, 1.0, -1.0, 0.0, 0.0]
[INFO] [1791403193.986245, 65.102000]: [mission] SEARCH — girando à procura da tag...
[INFO] [1791403193.987553, 65.103000]: [mission] SEARCH: amostra quando a tag estiver a raio 0.35-0.50 do quadro (vista oblíqua; omega fina 0.15 rad/s)
[INFO] [1791403195.462876, 66.554000]: [mission] SEARCH: tag a raio 0.94 — girando até <= 0.50
[INFO] [1791403203.654640, 74.607000]: [mission] tag avistada — parando para medir
[INFO] [1791403204.678710, 75.616000]: [mission] âncora engatada (coleta do SEARCH)
[INFO] [1791403204.681233, 75.618000]: [mission] SEARCH: coleta com dither ±0.05 rad/s (período 3.0 s)
[INFO] [1791403213.205863, 83.978000]: [mission] âncora solta — 8 correções de deriva
[INFO] [1791403213.206898, 83.980000]: [mission] SEARCH: âncora corrigiu a deriva 8 vez(es) durante a coleta
[INFO] [1791403213.215259, 83.988000]: [mission] SEARCH: 19 amostras — parede (0.012, 3.021, -0.002) yaw=3.096
[INFO] [1791403213.268049, 84.040000]: [mission] SEARCH: parede pelo LASER — 54 pontos, resíduo 4.5 mm: profundidade +22.5 mm e yaw +2.45° em relação à tag → parede (0.012, 2.998, -0.002) yaw=3.139
[INFO] [1791403213.271195, 84.043000]: [mission] parede localizada em (0.012, 2.998, -0.002)
[INFO] [1791403213.278387, 84.050000]: State machine transitioning 'SEARCH':'found'-->'APPROACH'
[INFO] [1791403213.281828, 84.053000]: [mission] APPROACH etapa 1/2 — 1.30 m do olhal, alvo (0.21, 1.57, 1.57 rad)
[INFO] [1791403216.132185, 86.855000]: [mission] APPROACH: alinhado, avançando (0.69 m)
[INFO] [1791403216.183255, 86.905000]: [mission] teto por postura ativo no drive: v<=0.18 w<=0.50 rampa 0.46/1.51
[INFO] [1791403222.042933, 92.655000]: [mission] APPROACH: chegou, ajustando heading final
[INFO] [1791403222.093142, 92.705000]: [mission] teto por postura ativo no drive: v<=0.18 w<=0.50 rampa 0.46/1.51
[INFO] [1791403222.295185, 92.905000]: [mission] APPROACH: concluído
[INFO] [1791403223.309372, 93.909000]: [mission] âncora engatada (coleta do APPROACH/remedida)
[INFO] [1791403223.311196, 93.911000]: [mission] APPROACH/remedida: coleta com dither ±0.05 rad/s (período 3.0 s)
[INFO] [1791403224.458020, 95.038000]: [mission] âncora solta — 2 correções de deriva
[INFO] [1791403224.460424, 95.040000]: [mission] APPROACH/remedida: âncora corrigiu a deriva 2 vez(es) durante a coleta
[INFO] [1791403224.463195, 95.041000]: [mission] APPROACH/remedida: 10 amostras — parede (0.005, 3.004, -0.003) yaw=-3.132
[INFO] [1791403224.518382, 95.096000]: [mission] APPROACH/remedida: parede pelo LASER — 71 pontos, resíduo 5.0 mm: profundidade +6.5 mm e yaw -0.46° em relação à tag → parede (0.005, 2.998, -0.003) yaw=-3.140
[INFO] [1791403224.520352, 95.098000]: [mission] APPROACH etapa 2/2 — 0.88 m do olhal, alvo (0.38, 1.99, 1.57 rad)
[INFO] [1791403226.414278, 96.949000]: [mission] APPROACH: alinhado, avançando (0.51 m)
[INFO] [1791403231.464064, 101.899000]: [mission] APPROACH: chegou, ajustando heading final
[INFO] [1791403231.514229, 101.949000]: [mission] teto por postura ativo no drive: v<=0.18 w<=0.50 rampa 0.46/1.51
[INFO] [1791403234.665437, 105.049000]: [mission] APPROACH: concluído
[INFO] [1791403234.672523, 105.056000]: State machine transitioning 'APPROACH':'arrived'-->'REFINE'
[INFO] [1791403234.675313, 105.059000]: [mission] REFINE — remedindo a parede de perto (10 amostras)
[INFO] [1791403234.683321, 105.067000]: [mission] âncora engatada (coleta do REFINE)
[INFO] [1791403234.687696, 105.071000]: [mission] REFINE: coleta com dither ±0.05 rad/s (período 3.0 s)
[INFO] [1791403237.387626, 107.730000]: [mission] âncora solta — 4 correções de deriva
[INFO] [1791403237.390547, 107.733000]: [mission] REFINE: âncora corrigiu a deriva 4 vez(es) durante a coleta
[INFO] [1791403237.394246, 107.736000]: [mission] REFINE: 10 amostras — parede (0.002, 3.008, -0.000) yaw=3.118
[INFO] [1791403237.447561, 107.790000]: [mission] REFINE: parede pelo LASER — 81 pontos, resíduo 5.4 mm: profundidade +9.1 mm e yaw +1.46° em relação à tag → parede (0.002, 2.999, -0.000) yaw=-3.140
[INFO] [1791403237.449908, 107.792000]: [mission] REFINE: deslocou 0.004 m da estimativa anterior
[INFO] [1791403237.451896, 107.794000]: [mission] olhal estimado em (0.202, 2.870, 0.805)
[INFO] [1791403237.460052, 107.802000]: State machine transitioning 'REFINE':'ok'-->'DEPLOY'
[INFO] [1791403237.463752, 107.805000]: [mission] DEPLOY: IK resolvida para a POSE DE MANIPULAÇÃO (0.20, 2.25, 1.57 rad), não para a atual
[INFO] [1791403242.248279, 111.860000]: [mission] DEPLOY: IK nivelada 0.0709 m, só eixo 0.0014 m — a MISSÃO INTEIRA usa "eixo"
[INFO] [1791403242.252665, 112.564000]: [mission] DEPLOY: IK da ponta resolvida (resíduo 0.0014 m, degrau 0.4°) — pré-posicionando em [-10.9 -46.5  60.   78.5 -10.9] graus
[INFO] [1791403252.934261, 123.067000]: [mission] plano de exclusão publicado: parede em [ 2.000e-03  2.999e+00 -0.000e+00], normal segura [ 0.002 -1.     0.   ]
[INFO] [1791403253.149637, 123.278000]: [mission] teto por postura ativo no drive: v<=0.26 w<=0.50 rampa 0.55/1.61
[INFO] [1791403258.007006, 128.028000]: [mission] DEPLOY/aproxima: alinhado, avançando (0.35 m)
[INFO] [1791403261.971128, 131.928000]: [mission] DEPLOY/aproxima: chegou, ajustando heading final
[INFO] [1791403269.638532, 139.428000]: [mission] DEPLOY/aproxima: concluído
[INFO] [1791403269.640254, 139.430000]: State machine transitioning 'DEPLOY':'ok'-->'MANIPULATE'
[INFO] [1791403269.641393, 139.431000]: [mission] fase "orienta": modo IK iterativa (YAML)
[INFO] [1791403269.645725, 139.435000]: [mission] âncora engatada (fase "orienta")
[INFO] [1791403273.744873, 143.440000]: [mission] fase "orienta" it0: ponta (0.293, 2.721, 0.810) erro=0.0033 | degrau eixo 0.1° | rolagem 0.4° | IK pediu [-23.2 -28.3  24.   93.5 -18.3] | faltou [ 0.1 -1.8  3.1 -1.7 -0.7] graus
[INFO] [1791403273.747213, 143.442000]: [mission] âncora solta — 1 correções de deriva
[INFO] [1791403273.748626, 143.444000]: [mission] fase "orienta" alcançada em 1 iteração(ões) (0.0033 m) — âncora corrigiu 1 vez(es)
[INFO] [1791403274.272089, 143.950000]: [mission] fase "aproxima_lateral": modo IK iterativa (YAML)
[INFO] [1791403274.279127, 143.956000]: [mission] âncora engatada (fase "aproxima_lateral")
[INFO] [1791403277.795268, 147.391000]: [mission] fase "aproxima_lateral" it0: ponta (0.287, 2.868, 0.813) erro=0.0083 | degrau eixo 6.0° | rolagem 6.0° | IK pediu [-19.5 -13.4   0.   78.7 -13.2] | faltou [0. 0. 0. 0. 0.] graus
[INFO] [1791403277.797259, 147.393000]: [mission] fase "aproxima_lateral" it0: no frame da parede eixo=-4.9 prof=+6.5 alt=+1.7 mm (tolerância 40/8/5)
[INFO] [1791403277.798448, 147.394000]: [mission] âncora solta — 1 correções de deriva
[INFO] [1791403277.799386, 147.396000]: [mission] fase "aproxima_lateral" alcançada em 1 iteração(ões) (0.0083 m) — âncora corrigiu 1 vez(es)
[INFO] [1791403278.308241, 147.903000]: [mission] fase "atravessa": modo IK iterativa (YAML)
[INFO] [1791403278.310697, 147.905000]: [mission] âncora engatada (fase "atravessa")
[INFO] [1791403281.576605, 151.107000]: [mission] fase "atravessa" it0: ponta (0.210, 2.863, 0.812) erro=0.0030 | degrau eixo 2.6° | rolagem 2.7° | IK pediu [-13.1 -14.4   0.   83.8  -7.1] | faltou [ 0.  -0.4  0.   0.3  0. ] graus
[INFO] [1791403281.579488, 151.110000]: [mission] fase "atravessa" it0: no frame da parede eixo=-0.8 prof=+1.4 alt=+2.6 mm (tolerância 8/6/5)
[INFO] [1791403281.581124, 151.112000]: [mission] âncora solta — 1 correções de deriva
[INFO] [1791403281.582543, 151.113000]: [mission] fase "atravessa" alcançada em 1 iteração(ões) (0.0030 m) — âncora corrigiu 1 vez(es)
[WARN] [1791403288.484494, 157.861000]: [mission] fase "destrava": descida estagnou em 15.8 mm (mín 10 para aceitar; alvo 18) — fim de curso do mecanismo, fechando a fase
[WARN] [1791403288.708008, 158.079000]: [mission] destrava: lingueta em 10.2 mm (esperado ≥ 12) — o gatilho pode não ter soltado
[WARN] [1791403301.989504, 171.059000]: [mission] RETRACT: ponta a 0.137 m do olhal — saindo em degraus: sobe 30 mm, 120 mm pelo eixo do furo, 100 mm para fora, antes de recolher
[INFO] [1791403282.102044, 151.621000]: [mission] fase "captura": modo IK iterativa (YAML)
[INFO] [1791403282.105792, 151.624000]: [mission] âncora engatada (fase "captura")
[INFO] [1791403285.078732, 154.528000]: [mission] fase "captura" it0: ponta (0.209, 2.873, 0.793) erro=0.0075 | degrau eixo 2.6° | rolagem 2.6° | IK pediu [-12.4 -16.7  -0.   84.6  -6.4] | faltou [-0.6 -0.1  0.   0.1  0. ] graus
[INFO] [1791403285.084216, 154.533000]: [mission] fase "captura" it0: no frame da parede eixo=+6.7 prof=+2.8 alt=+2.0 mm (tolerância 40/6/10)
[INFO] [1791403285.086983, 154.535000]: [mission] âncora solta — 1 correções de deriva
[INFO] [1791403285.089546, 154.538000]: [mission] fase "captura" alcançada em 1 iteração(ões) (0.0075 m) — âncora corrigiu 1 vez(es)
[INFO] [1791403285.099394, 154.547000]: [mission] captura: ponta registrada em eixo=-6.7 prof=-2.8 alt=-12.0 mm (zero da descida do destrava e da deriva de eixo)
[INFO] [1791403285.613353, 155.050000]: [mission] fase "destrava": alvo em altura relativo à captura: -32.0 mm (captura -12.0 − curso 18 − margem 2)
[INFO] [1791403285.615803, 155.051000]: [mission] fase "destrava": modo whole-body/Fuzzy (YAML)
[INFO] [1791403285.831689, 155.254000]: [mission] plano de exclusão publicado: parede em [ 2.000e-03  2.999e+00 -0.000e+00], normal segura [ 0.002 -1.     0.   ]
[INFO] [1791403286.141889, 155.557000]: [mission] fase "destrava": whole-body assumiu (base livre, restrita pelo plano de exclusão)
[INFO] [1791403286.147211, 155.561000]: [mission] fase "destrava": whole-body a 0.0206 m do alvo — eixo=+6.7 prof=+2.6 alt=-19.3 mm
[INFO] [1791403288.282045, 157.660000]: [mission] fase "destrava": whole-body a 0.0086 m do alvo — eixo=+6.2 prof=-3.9 alt=-4.5 mm
[INFO] [1791403288.706096, 158.077000]: [mission] destrava: ponta desceu 16.0 mm desde a captura (critério observável) | lingueta 10.2 mm (só na simulação)
[INFO] [1791403289.228107, 158.580000]: [mission] fase "libera": modo whole-body/Fuzzy (YAML)
[INFO] [1791403289.441267, 158.782000]: [mission] plano de exclusão publicado: parede em [ 2.000e-03  2.999e+00 -0.000e+00], normal segura [ 0.002 -1.     0.   ]
[INFO] [1791403289.777341, 159.084000]: [mission] fase "libera": whole-body assumiu (base livre, restrita pelo plano de exclusão)
[INFO] [1791403290.384889, 159.684000]: [mission] fase "libera": whole-body a 0.0248 m do alvo — eixo=+6.2 prof=+23.3 alt=+5.7 mm
[INFO] [1791403292.425816, 161.684000]: [mission] fase "libera" alcançada por whole-body em 2.6s (0.0066 m) — no frame da parede eixo=+6.1 prof=-1.8 alt=-1.4 mm (tolerância 40/8/6)
[INFO] [1791403293.138265, 162.388000]: [mission] fase "arco1"/puxa: RECUANDO 0.022 m só com as rodas
[INFO] [1791403293.648072, 162.889000]: [mission] fase "arco1"/puxa: concluído (0.024 m)
[INFO] [1791403293.650294, 162.891000]: [mission] fase "arco1": modo whole-body/Fuzzy (YAML)
[INFO] [1791403293.856862, 163.093000]: [mission] plano de exclusão publicado: parede em [ 2.000e-03  2.999e+00 -0.000e+00], normal segura [ 0.002 -1.     0.   ]
[INFO] [1791403294.163275, 163.396000]: [mission] fase "arco1": whole-body assumiu (base livre, restrita pelo plano de exclusão)
[INFO] [1791403294.165059, 163.397000]: [mission] fase "arco1": whole-body a 0.0074 m do alvo — eixo=+6.1 prof=-2.5 alt=-3.5 mm
[INFO] [1791403294.568579, 163.797000]: [mission] fase "arco1" alcançada por whole-body em 0.4s (0.0071 m) — no frame da parede eixo=+6.1 prof=-2.3 alt=-2.8 mm (tolerância 40/10/15)
[INFO] [1791403294.570150, 163.798000]: [mission] arco1: SOLTURA observável — recuo 56.9 mm desde a captura (mín 40) com deriva de eixo +0.6 mm → SOLTA
[INFO] [1791403294.780075, 164.007000]: [mission] waypoint de 15° — lâmina medida em 15.4° (abertura por CONTATO)
[INFO] [1791403295.298931, 164.509000]: [mission] fase "arco2"/puxa: RECUANDO 0.048 m só com as rodas
[INFO] [1791403296.217227, 165.410000]: [mission] fase "arco2"/puxa: concluído (0.050 m)
[INFO] [1791403296.218570, 165.411000]: [mission] fase "arco2": modo whole-body/Fuzzy (YAML)
[INFO] [1791403296.429662, 165.613000]: [mission] plano de exclusão publicado: parede em [ 2.000e-03  2.999e+00 -0.000e+00], normal segura [ 0.002 -1.     0.   ]
[INFO] [1791403296.736485, 165.918000]: [mission] fase "arco2": whole-body assumiu (base livre, restrita pelo plano de exclusão)
[INFO] [1791403296.738264, 165.919000]: [mission] fase "arco2": whole-body a 0.0134 m do alvo — eixo=+6.0 prof=+4.3 alt=-11.1 mm
[INFO] [1791403297.148028, 166.319000]: [mission] fase "arco2" alcançada por whole-body em 0.4s (0.0070 m) — no frame da parede eixo=+6.0 prof=+0.8 alt=-3.6 mm (tolerância 40/10/15)
[INFO] [1791403297.357780, 166.527000]: [mission] waypoint de 30° — lâmina medida em 30.9° (abertura por CONTATO)
[INFO] [1791403297.864932, 167.030000]: [mission] fase "desengata": modo IK iterativa (YAML)
[INFO] [1791403297.869251, 167.034000]: [mission] âncora engatada (fase "desengata")
[INFO] [1791403301.038259, 170.138000]: [mission] fase "desengata" it0: ponta (0.289, 2.773, 0.753) erro=0.0050 | degrau eixo 5.6° | rolagem 5.6° | IK pediu [-20.1 -22.1   0.   89.2 -13.4] | faltou [0. 0. 0. 0. 0.] graus
[INFO] [1791403301.043573, 170.144000]: [mission] âncora solta — 1 correções de deriva
[INFO] [1791403301.045893, 170.146000]: [mission] fase "desengata" alcançada em 1 iteração(ões) (0.0050 m) — âncora corrigiu 1 vez(es)
[INFO] [1791403301.568763, 170.657000]: [mission] MANIPULATE concluída — chave ABERTA, lâmina medida em 31.2°
[INFO] [1791403301.569630, 170.658000]: State machine transitioning 'MANIPULATE':'done'-->'RETRACT'
[INFO] [1791403302.000304, 171.070000]: [mission] âncora engatada (fase "saida_sobe")
[INFO] [1791403304.603015, 173.620000]: [mission] fase "saida_sobe" it0: ponta (0.283, 2.780, 0.780) erro=0.0073 | degrau eixo 4.8° | rolagem 4.9° | IK pediu [-20.  -18.6   0.   87.9 -13. ] | faltou [0. 0. 0. 0. 0.] graus
[INFO] [1791403304.607602, 173.625000]: [mission] fase "saida_sobe" it0: no frame da parede eixo=-4.1 prof=+5.4 alt=+2.7 mm (tolerância 30/20/10)
[INFO] [1791403304.608947, 173.627000]: [mission] fase "saida_sobe" alcançada em 1 iteração(ões) (0.0073 m)
[INFO] [1791403304.612806, 173.631000]: [mission] âncora engatada (fase "saida_eixo")
[INFO] [1791403307.887782, 176.835000]: [mission] fase "saida_eixo" it0: ponta (0.400, 2.780, 0.783) erro=0.0083 | degrau eixo 10.7° | rolagem 10.7° | IK pediu [-30.3 -16.8  -0.   79.2 -21.3] | faltou [ 0.3 -0.   0.   0.1 -0. ] graus
[INFO] [1791403307.889869, 176.837000]: [mission] fase "saida_eixo" it0: no frame da parede eixo=-7.0 prof=+4.5 alt=-0.2 mm (tolerância 20/20/15)
[INFO] [1791403307.891134, 176.839000]: [mission] âncora solta — 1 correções de deriva
[INFO] [1791403307.892130, 176.839000]: [mission] fase "saida_eixo" alcançada em 1 iteração(ões) (0.0083 m) — âncora corrigiu 1 vez(es)
[INFO] [1791403307.896538, 176.844000]: [mission] âncora engatada (fase "saida_fora")
[INFO] [1791403311.403108, 180.284000]: [mission] fase "saida_fora" it0: ponta (0.403, 2.679, 0.783) erro=0.0055 | degrau eixo 4.5° | rolagem 4.5° | IK pediu [-34.7 -20.6  -0.  100.9 -27.4] | faltou [0. 0. 0. 0. 0.] graus
[INFO] [1791403311.404325, 180.285000]: [mission] fase "saida_fora" it0: no frame da parede eixo=-3.7 prof=+4.0 alt=-0.4 mm (tolerância 30/20/20)
[INFO] [1791403311.405060, 180.286000]: [mission] âncora solta — 1 correções de deriva
[INFO] [1791403311.405575, 180.286000]: [mission] fase "saida_fora" alcançada em 1 iteração(ões) (0.0055 m) — âncora corrigiu 1 vez(es)
[INFO] [1791403311.406106, 180.287000]: [mission] RETRACT/afasta: RECUANDO 0.250 m só com as rodas
[INFO] [1791403315.896249, 184.687000]: [mission] RETRACT/afasta: concluído (0.251 m)
[INFO] [1791403315.897874, 184.688000]: [mission] postura "stow_home" comandada: [0.0, 1.1, -1.04, -1.8, 0.0]
[INFO] [1791403332.669968, 201.090000]: State machine transitioning 'RETRACT':'ok'-->'RETURN'
[INFO] [1791403332.672072, 201.092000]: [mission] RETURN — voltando a (0.01, 1.00, -0.00 rad)
[INFO] [1791403345.122207, 213.294000]: [mission] RETURN: alinhado, avançando (1.15 m)
[INFO] [1791403345.174644, 213.344000]: [mission] teto por postura ativo no drive: v<=0.24 w<=0.50 rampa 0.53/1.50
[INFO] [1791403353.984684, 221.994000]: [mission] RETURN: chegou, ajustando heading final
[INFO] [1791403354.035435, 222.044000]: [mission] teto por postura ativo no drive: v<=0.24 w<=0.50 rampa 0.53/1.50
[INFO] [1791403360.659607, 228.544000]: [mission] RETURN: concluído
[INFO] [1791403360.661006, 228.546000]: State machine terminating 'RETURN':'home':'MISSION_OK'
[INFO] [1791403360.661913, 228.547000]: [mission] resultado: MISSION_OK
... logging to /home/marco/.ros/log/7ed34c18-c289-11f1-b856-b025aa85b2a2/roslaunch-shiroi-3466845.log
Checking log directory for disk usage. This may take a while.
Press Ctrl-C to interrupt
]2;/home/marco/b166er/src/b166er_whole_body_control/launch/chave_mission.launch
[1mstarted roslaunch server http://shiroi:42813/[0m

SUMMARY
========

PARAMETERS
 * /chave_mission/estado_final: 
 * /chave_mission/estado_inicial: STOW_INIT
 * /chave_mission/pausa_por_fase: False
 * /chave_mission/search_omega: 0.35
 * /chave_mission/standoff_distance: 0.62
 * /chave_mission/use_wholebody: False
 * /chave_seccionadora_task/aproxima_lateral/modo: ik
 * /chave_seccionadora_task/aproxima_lateral/offset_xyz_m: [-0.09, 0.008, 0.01]
 * /chave_seccionadora_task/aproxima_lateral/tol_xyz_m: [0.04, 0.008, 0.005]
 * /chave_seccionadora_task/arco1/blade_angle_deg: 15
 * /chave_seccionadora_task/arco1/deriva_eixo_max_m: 0.015
 * /chave_seccionadora_task/arco1/modo: wb
 * /chave_seccionadora_task/arco1/offset_xyz_m: [0.0, 0.0518, -0....
 * /chave_seccionadora_task/arco1/soltura_recuo_min_m: 0.04
 * /chave_seccionadora_task/arco1/tol_xyz_m: [0.04, 0.01, 0.015]
 * /chave_seccionadora_task/arco2/blade_angle_deg: 30
 * /chave_seccionadora_task/arco2/deriva_eixo_max_m: 0.015
 * /chave_seccionadora_task/arco2/modo: wb
 * /chave_seccionadora_task/arco2/offset_xyz_m: [0.0, 0.1, -0.0518]
 * /chave_seccionadora_task/arco2/tol_xyz_m: [0.04, 0.01, 0.015]
 * /chave_seccionadora_task/atravessa/modo: ik
 * /chave_seccionadora_task/atravessa/offset_xyz_m: [-0.008, 0.008, 0...
 * /chave_seccionadora_task/atravessa/tol_xyz_m: [0.008, 0.006, 0....
 * /chave_seccionadora_task/captura/modo: ik
 * /chave_seccionadora_task/captura/offset_xyz_m: [0.0, 0.0, -0.01]
 * /chave_seccionadora_task/captura/tol_xyz_m: [0.04, 0.006, 0.01]
 * /chave_seccionadora_task/desengata/modo: ik
 * /chave_seccionadora_task/desengata/offset_xyz_m: [-0.09, 0.1, -0.0...
 * /chave_seccionadora_task/destrava/curso_estagna_m: 0.01
 * /chave_seccionadora_task/destrava/curso_margem_m: 0.002
 * /chave_seccionadora_task/destrava/curso_min_m: 0.018
 * /chave_seccionadora_task/destrava/curso_teto_m: 0.022
 * /chave_seccionadora_task/destrava/modo: wb
 * /chave_seccionadora_task/destrava/offset_xyz_m: [0.0, 0.0, -0.025]
 * /chave_seccionadora_task/destrava/tol_xyz_m: [0.04, 0.006, 0.004]
 * /chave_seccionadora_task/libera/deriva_eixo_max_m: 0.015
 * /chave_seccionadora_task/libera/modo: wb
 * /chave_seccionadora_task/libera/offset_xyz_m: [0.0, 0.03, -0.025]
 * /chave_seccionadora_task/libera/tol_xyz_m: [0.04, 0.008, 0.006]
 * /chave_seccionadora_task/orienta/modo: ik
 * /chave_seccionadora_task/orienta/offset_xyz_m: [-0.09, 0.15, 0.0...
 * /chave_seccionadora_task/reassenta_sobe/tol_xyz_m: [0.03, 0.02, 0.005]
 * /chave_seccionadora_task/saida_eixo/tol_xyz_m: [0.02, 0.02, 0.015]
 * /chave_seccionadora_task/saida_fora/tol_xyz_m: [0.03, 0.02, 0.02]
 * /chave_seccionadora_task/saida_sobe/tol_xyz_m: [0.03, 0.02, 0.01]
 * /chave_seccionadora_task/target_frame: chave_olhal_link
 * /fuzzy_wb_controller/fixed_gains: []
 * /rosdistro: noetic
 * /rosversion: 1.17.4

NODES
  /
    chave_mission (b166er_whole_body_control/chave_mission.py)

[1mROS_MASTER_URI=http://localhost:11311[0m
]2;/home/marco/b166er/src/b166er_whole_body_control/launch/chave_mission.launch http://localhost:11311
[1mprocess[chave_mission-1]: started with pid [3466894][0m
[1m[chave_mission-1] process has finished cleanly
log file: /home/marco/.ros/log/7ed34c18-c289-11f1-b856-b025aa85b2a2/chave_mission-1*.log[0m
all processes on machine have died, roslaunch will exit
shutting down processing monitor...
... shutting down processing monitor complete
[1mdone[0m
