[31mWARNING: disk usage in log directory [/home/marco/.ros/log] is over 1GB.
It's recommended that you use the 'rosclean' command.[0m
the rosdep view is empty: call 'sudo rosdep init' and 'rosdep update'
[WARN] [1791392517.712125, 845.666000]: [mission] SEARCH: ajuste não convergiu em 8s (raio 0.71) — amostrando assim mesmo
[INFO] [1791392491.455784, 819.834000]: garra_dx = 0.000 m (fechada)
[INFO] [1791392491.523167, 819.892000]: State machine starting in initial state 'STOW_INIT' with userdata: 
	[]
[INFO] [1791392491.726271, 820.104000]: [mission] pose de partida registrada: (0.02, 1.00, -0.00 rad)
[INFO] [1791392491.727801, 820.105000]: [mission] postura "stow_home" comandada: [0.0, 1.13, -1.04, -1.8, 0.0]
[INFO] [1791392495.799035, 824.108000]: State machine transitioning 'STOW_INIT':'ok'-->'SEARCH'
[INFO] [1791392495.800645, 824.110000]: [mission] postura "search" comandada: [0.0, 1.0, -1.0, 0.0, 0.0]
[INFO] [1791392507.797329, 835.911000]: [mission] SEARCH — girando à procura da tag...
[INFO] [1791392507.798939, 835.913000]: [mission] SEARCH: amostra quando a tag estiver a raio 0.35-0.50 do quadro (vista oblíqua; omega fina 0.15 rad/s)
[INFO] [1791392509.532942, 837.614000]: [mission] SEARCH: tag a raio 0.96 — girando até <= 0.50
[INFO] [1791392517.713505, 845.667000]: [mission] tag avistada — parando para medir
[INFO] [1791392518.735642, 846.674000]: [mission] âncora engatada (coleta do SEARCH)
[INFO] [1791392518.737085, 846.675000]: [mission] SEARCH: coleta com dither ±0.05 rad/s (período 3.0 s)
[INFO] [1791392529.165833, 856.958000]: [mission] âncora solta — 14 correções de deriva
[INFO] [1791392529.167667, 856.959000]: [mission] SEARCH: âncora corrigiu a deriva 14 vez(es) durante a coleta
[INFO] [1791392529.187152, 856.979000]: [mission] SEARCH: 25 amostras — parede (0.009, 2.932, 0.001) yaw=-3.049
[INFO] [1791392529.238725, 857.030000]: [mission] SEARCH: parede pelo LASER — 49 pontos, resíduo 5.6 mm: profundidade -65.9 mm e yaw -5.23° em relação à tag → parede (0.009, 2.998, 0.001) yaw=-3.140
[INFO] [1791392529.240123, 857.031000]: [mission] parede localizada em (0.009, 2.998, 0.001)
[INFO] [1791392529.245166, 857.037000]: State machine transitioning 'SEARCH':'found'-->'APPROACH'
[INFO] [1791392529.247297, 857.039000]: [mission] APPROACH etapa 1/2 — 1.30 m do olhal, alvo (0.21, 1.57, 1.57 rad)
[INFO] [1791392533.113039, 860.840000]: [mission] APPROACH: alinhado, avançando (0.70 m)
[INFO] [1791392533.163635, 860.890000]: [mission] teto por postura ativo no drive: v<=0.15 w<=0.50 rampa 0.43/1.51
[INFO] [1791392539.226444, 866.840000]: [mission] APPROACH: chegou, ajustando heading final
[INFO] [1791392539.277387, 866.890000]: [mission] teto por postura ativo no drive: v<=0.16 w<=0.50 rampa 0.44/1.52
[INFO] [1791392539.635267, 867.240000]: [mission] APPROACH: concluído
[INFO] [1791392540.657480, 868.246000]: [mission] âncora engatada (coleta do APPROACH/remedida)
[INFO] [1791392540.659932, 868.248000]: [mission] APPROACH/remedida: coleta com dither ±0.05 rad/s (período 3.0 s)
[INFO] [1791392542.336176, 869.897000]: [mission] âncora solta — 2 correções de deriva
[INFO] [1791392542.337849, 869.899000]: [mission] APPROACH/remedida: âncora corrigiu a deriva 2 vez(es) durante a coleta
[INFO] [1791392542.341372, 869.901000]: [mission] APPROACH/remedida: 10 amostras — parede (0.006, 3.009, -0.003) yaw=3.119
[INFO] [1791392542.394709, 869.954000]: [mission] APPROACH/remedida: parede pelo LASER — 75 pontos, resíduo 5.7 mm: profundidade +9.5 mm e yaw +1.41° em relação à tag → parede (0.006, 2.999, -0.003) yaw=-3.139
[INFO] [1791392542.396633, 869.957000]: [mission] APPROACH etapa 2/2 — 0.88 m do olhal, alvo (0.38, 1.99, 1.57 rad)
[INFO] [1791392544.067019, 871.608000]: [mission] APPROACH: alinhado, avançando (0.50 m)
[INFO] [1791392548.875783, 876.358000]: [mission] APPROACH: chegou, ajustando heading final
[INFO] [1791392548.925198, 876.408000]: [mission] teto por postura ativo no drive: v<=0.16 w<=0.50 rampa 0.44/1.52
[INFO] [1791392552.790528, 880.208000]: [mission] APPROACH: concluído
[INFO] [1791392552.800127, 880.217000]: State machine transitioning 'APPROACH':'arrived'-->'REFINE'
[INFO] [1791392552.802350, 880.219000]: [mission] REFINE — remedindo a parede de perto (10 amostras)
[INFO] [1791392552.808492, 880.225000]: [mission] âncora engatada (coleta do REFINE)
[INFO] [1791392552.810967, 880.227000]: [mission] REFINE: coleta com dither ±0.05 rad/s (período 3.0 s)
[INFO] [1791392553.961931, 881.362000]: [mission] âncora solta — 2 correções de deriva
[INFO] [1791392553.962885, 881.363000]: [mission] REFINE: âncora corrigiu a deriva 2 vez(es) durante a coleta
[INFO] [1791392553.963881, 881.364000]: [mission] REFINE: 10 amostras — parede (0.003, 3.001, 0.000) yaw=3.126
[INFO] [1791392554.014891, 881.415000]: [mission] REFINE: parede pelo LASER — 86 pontos, resíduo 4.9 mm: profundidade +0.4 mm e yaw +0.74° em relação à tag → parede (0.003, 3.001, 0.000) yaw=3.139
[INFO] [1791392554.016603, 881.417000]: [mission] REFINE: deslocou 0.004 m da estimativa anterior
[INFO] [1791392554.018314, 881.418000]: [mission] olhal estimado em (0.203, 2.870, 0.805)
[INFO] [1791392554.025236, 881.425000]: State machine transitioning 'REFINE':'ok'-->'DEPLOY'
[INFO] [1791392554.027872, 881.428000]: [mission] DEPLOY: IK resolvida para a POSE DE MANIPULAÇÃO (0.20, 2.25, 1.57 rad), não para a atual
[INFO] [1791392558.803570, 886.122000]: [mission] DEPLOY: IK nivelada 0.0709 m, só eixo 0.0014 m — a MISSÃO INTEIRA usa "eixo"
[INFO] [1791392558.806705, 886.200000]: [mission] DEPLOY: IK da ponta resolvida (resíduo 0.0014 m, degrau 0.4°) — pré-posicionando em [-10.9 -46.4  60.   78.5 -10.9] graus
[INFO] [1791392567.767354, 895.004000]: [mission] plano de exclusão publicado: parede em [3.000e-03 3.001e+00 0.000e+00], normal segura [-0.003 -1.     0.   ]
[INFO] [1791392567.978361, 895.215000]: [mission] teto por postura ativo no drive: v<=0.25 w<=0.50 rampa 0.54/1.60
[INFO] [1791392571.530756, 898.714000]: [mission] DEPLOY/aproxima: alinhado, avançando (0.38 m)
[INFO] [1791392575.737309, 902.814000]: [mission] DEPLOY/aproxima: chegou, ajustando heading final
[INFO] [1791392580.592133, 907.564000]: [mission] DEPLOY/aproxima: concluído
[INFO] [1791392580.594896, 907.567000]: State machine transitioning 'DEPLOY':'ok'-->'MANIPULATE'
[INFO] [1791392580.598367, 907.570000]: [mission] fase "orienta": modo IK iterativa (YAML)
[INFO] [1791392580.606297, 907.577000]: [mission] âncora engatada (fase "orienta")
[INFO] [1791392585.955370, 912.833000]: [mission] fase "orienta" it0: ponta (0.294, 2.727, 0.809) erro=0.0083 | degrau eixo 0.3° | rolagem 0.8° | IK pediu [-19.1 -21.7  10.5  99.9 -14.4] | faltou [ 0.5 -1.9  2.9 -2.7 -0.9] graus
[INFO] [1791392585.959648, 912.835000]: [mission] âncora solta — 4 correções de deriva
[INFO] [1791392585.961102, 912.839000]: [mission] fase "orienta" alcançada em 1 iteração(ões) (0.0083 m) — âncora corrigiu 4 vez(es)
[INFO] [1791392586.478199, 913.346000]: [mission] fase "aproxima_lateral": modo IK iterativa (YAML)
[INFO] [1791392586.482347, 913.350000]: [mission] âncora engatada (fase "aproxima_lateral")
[INFO] [1791392590.338153, 917.153000]: [mission] fase "aproxima_lateral" it0: ponta (0.286, 2.866, 0.809) erro=0.0104 | degrau eixo 5.4° | rolagem 5.7° | IK pediu [-15.5 -12.5   0.   75.  -10.4] | faltou [ 0.5 -0.6 -0.2  0.2 -0.4] graus
[INFO] [1791392590.341659, 917.157000]: [mission] fase "aproxima_lateral" it0: no frame da parede eixo=-6.7 prof=+4.5 alt=+6.6 mm (tolerância 40/8/5)
[INFO] [1791392592.841910, 919.624000]: [mission] fase "aproxima_lateral" it1: ponta (0.293, 2.862, 0.813) erro=0.0021 | degrau eixo 5.4° | rolagem 5.5° | IK pediu [-16.1 -12.2   0.   76.  -11.1] | faltou [ 0.3 -0.3 -0.1  0.   0. ] graus
[INFO] [1791392592.846754, 919.627000]: [mission] fase "aproxima_lateral" it1: no frame da parede eixo=-0.4 prof=+0.2 alt=+2.0 mm (tolerância 40/8/5)
[INFO] [1791392592.849413, 919.631000]: [mission] âncora solta — 3 correções de deriva
[INFO] [1791392592.851742, 919.633000]: [mission] fase "aproxima_lateral" alcançada em 2 iteração(ões) (0.0021 m) — âncora corrigiu 3 vez(es)
[INFO] [1791392593.373164, 920.143000]: [mission] fase "atravessa": modo IK iterativa (YAML)
[INFO] [1791392593.378810, 920.148000]: [mission] âncora engatada (fase "atravessa")
[INFO] [1791392596.263419, 922.955000]: [mission] fase "atravessa" it0: ponta (0.209, 2.865, 0.813) erro=0.0041 | degrau eixo 2.0° | rolagem 2.0° | IK pediu [ -8.9 -13.5   0.1  79.2  -4.5] | faltou [0. 0. 0. 0. 0.] graus
[WARN] [1791392603.782433, 930.306000]: [mission] fase "destrava": descida estagnou em 16.4 mm (mín 10 para aceitar; alvo 18) — fim de curso do mecanismo, fechando a fase
[WARN] [1791392629.297039, 955.371000]: [mission] RETRACT: ponta a 0.146 m do olhal — saindo em degraus: sobe 30 mm, 120 mm pelo eixo do furo, 100 mm para fora, antes de recolher
[INFO] [1791392596.267002, 922.957000]: [mission] fase "atravessa" it0: no frame da parede eixo=-1.8 prof=+3.2 alt=+1.9 mm (tolerância 8/6/5)
[INFO] [1791392596.269349, 922.961000]: [mission] âncora solta — 1 correções de deriva
[INFO] [1791392596.272166, 922.964000]: [mission] fase "atravessa" alcançada em 1 iteração(ões) (0.0041 m) — âncora corrigiu 1 vez(es)
[INFO] [1791392596.794777, 923.474000]: [mission] fase "captura": modo IK iterativa (YAML)
[INFO] [1791392596.798249, 923.477000]: [mission] âncora engatada (fase "captura")
[INFO] [1791392600.487514, 927.083000]: [mission] fase "captura" it0: ponta (0.209, 2.871, 0.789) erro=0.0083 | degrau eixo 1.9° | rolagem 2.0° | IK pediu [ -8.2 -15.4  -0.1  79.3  -3.8] | faltou [-0.4 -0.5 -0.2  0.1 -0. ] graus
[INFO] [1791392600.490206, 927.086000]: [mission] fase "captura" it0: no frame da parede eixo=+5.6 prof=+1.2 alt=+6.0 mm (tolerância 40/6/10)
[INFO] [1791392600.491913, 927.088000]: [mission] âncora solta — 1 correções de deriva
[INFO] [1791392600.493105, 927.089000]: [mission] fase "captura" alcançada em 1 iteração(ões) (0.0083 m) — âncora corrigiu 1 vez(es)
[INFO] [1791392600.499003, 927.095000]: [mission] captura: ponta registrada em eixo=-5.6 prof=-1.2 alt=-16.0 mm (zero da descida do destrava e da deriva de eixo)
[INFO] [1791392601.018488, 927.597000]: [mission] fase "destrava": alvo em altura relativo à captura: -36.0 mm (captura -16.0 − curso 18 − margem 2)
[INFO] [1791392601.020141, 927.598000]: [mission] fase "destrava": modo whole-body/Fuzzy (YAML)
[INFO] [1791392601.231555, 927.800000]: [mission] plano de exclusão publicado: parede em [3.000e-03 3.001e+00 0.000e+00], normal segura [-0.003 -1.     0.   ]
[INFO] [1791392601.541812, 928.105000]: [mission] fase "destrava": whole-body assumiu (base livre, restrita pelo plano de exclusão)
[INFO] [1791392601.543597, 928.106000]: [mission] fase "destrava": whole-body a 0.0167 m do alvo — eixo=+5.6 prof=+1.8 alt=-15.6 mm
[INFO] [1791392603.681770, 930.206000]: [mission] fase "destrava": whole-body a 0.0082 m do alvo — eixo=+5.4 prof=-5.0 alt=-3.5 mm
[INFO] [1791392604.001279, 930.520000]: [mission] destrava: ponta desceu 16.2 mm desde a captura (critério observável) | lingueta 13.8 mm (só na simulação)
[INFO] [1791392604.002486, 930.521000]: [mission] destrava: lingueta em 13.8 mm — gatilho solto
[INFO] [1791392604.507642, 931.022000]: [mission] fase "libera": modo whole-body/Fuzzy (YAML)
[INFO] [1791392604.713681, 931.224000]: [mission] plano de exclusão publicado: parede em [3.000e-03 3.001e+00 0.000e+00], normal segura [-0.003 -1.     0.   ]
[INFO] [1791392605.025107, 931.529000]: [mission] fase "libera": whole-body assumiu (base livre, restrita pelo plano de exclusão)
[INFO] [1791392605.741922, 932.230000]: [mission] fase "libera": whole-body a 0.0266 m do alvo — eixo=+5.4 prof=+24.6 alt=+8.4 mm
[INFO] [1791392607.897190, 934.330000]: [mission] fase "libera": whole-body a 0.0259 m do alvo — eixo=+5.4 prof=+24.3 alt=+7.2 mm
[INFO] [1791392610.009337, 936.430000]: [mission] fase "libera": whole-body a 0.0263 m do alvo — eixo=+5.5 prof=+24.5 alt=+7.9 mm
[INFO] [1791392612.142750, 938.530000]: [mission] fase "libera": whole-body a 0.0226 m do alvo — eixo=+6.6 prof=+21.3 alt=+3.5 mm
[INFO] [1791392614.283897, 940.630000]: [mission] fase "libera": whole-body a 0.0218 m do alvo — eixo=+11.3 prof=+18.4 alt=+2.7 mm
[INFO] [1791392616.407825, 942.730000]: [mission] fase "libera": whole-body a 0.0165 m do alvo — eixo=+9.7 prof=+13.4 alt=-0.7 mm
[INFO] [1791392617.117789, 943.430000]: [mission] fase "libera" alcançada por whole-body em 11.9s (0.0085 m) — no frame da parede eixo=+7.5 prof=+3.0 alt=+2.6 mm (tolerância 40/8/6)
[INFO] [1791392617.837923, 944.138000]: [mission] fase "arco1"/puxa: RECUANDO 0.022 m só com as rodas
[INFO] [1791392618.301270, 944.590000]: [mission] fase "arco1"/puxa: concluído (0.022 m)
[INFO] [1791392618.302492, 944.591000]: [mission] fase "arco1": modo whole-body/Fuzzy (YAML)
[INFO] [1791392618.510703, 944.793000]: [mission] plano de exclusão publicado: parede em [3.000e-03 3.001e+00 0.000e+00], normal segura [-0.003 -1.     0.   ]
[INFO] [1791392618.818979, 945.096000]: [mission] fase "arco1": whole-body assumiu (base livre, restrita pelo plano de exclusão)
[INFO] [1791392618.822412, 945.099000]: [mission] fase "arco1": whole-body a 0.0135 m do alvo — eixo=+7.0 prof=-9.9 alt=-6.0 mm
[INFO] [1791392620.971786, 947.197000]: [mission] fase "arco1": whole-body a 0.0133 m do alvo — eixo=+5.6 prof=-10.8 alt=-5.4 mm
[INFO] [1791392621.877706, 948.097000]: [mission] fase "arco1" alcançada por whole-body em 3.0s (0.0106 m) — no frame da parede eixo=+5.6 prof=-8.4 alt=-3.4 mm (tolerância 40/10/15)
[INFO] [1791392621.880110, 948.100000]: [mission] arco1: SOLTURA observável — recuo 61.4 mm desde a captura (mín 40) com deriva de eixo +0.1 mm → SOLTA
[INFO] [1791392622.102120, 948.311000]: [mission] waypoint de 15° — lâmina medida em 16.5° (abertura por CONTATO)
[INFO] [1791392622.621941, 948.813000]: [mission] fase "arco2"/puxa: RECUANDO 0.048 m só com as rodas
[INFO] [1791392623.546166, 949.714000]: [mission] fase "arco2"/puxa: concluído (0.049 m)
[INFO] [1791392623.548613, 949.716000]: [mission] fase "arco2": modo whole-body/Fuzzy (YAML)
[INFO] [1791392623.758292, 949.918000]: [mission] plano de exclusão publicado: parede em [3.000e-03 3.001e+00 0.000e+00], normal segura [-0.003 -1.     0.   ]
[INFO] [1791392624.066118, 950.222000]: [mission] fase "arco2": whole-body assumiu (base livre, restrita pelo plano de exclusão)
[INFO] [1791392624.067271, 950.223000]: [mission] fase "arco2": whole-body a 0.0138 m do alvo — eixo=+6.3 prof=-7.0 alt=-10.1 mm
[INFO] [1791392624.469502, 950.622000]: [mission] fase "arco2" alcançada por whole-body em 0.4s (0.0076 m) — no frame da parede eixo=+5.6 prof=-4.7 alt=+2.0 mm (tolerância 40/10/15)
[INFO] [1791392624.680604, 950.830000]: [mission] waypoint de 30° — lâmina medida em 31.5° (abertura por CONTATO)
[INFO] [1791392625.187013, 951.332000]: [mission] fase "desengata": modo IK iterativa (YAML)
[INFO] [1791392625.193372, 951.338000]: [mission] âncora engatada (fase "desengata")
[INFO] [1791392628.355971, 954.443000]: [mission] fase "desengata" it0: ponta (0.296, 2.775, 0.745) erro=0.0105 | degrau eixo 6.5° | rolagem 6.5° | IK pediu [-13.  -18.4   0.   74.   -9.6] | faltou [-0.1 -0.4 -0.3 -0.3  0.3] graus
[INFO] [1791392628.361082, 954.448000]: [mission] âncora solta — 1 correções de deriva
[INFO] [1791392628.363879, 954.451000]: [mission] fase "desengata" alcançada em 1 iteração(ões) (0.0105 m) — âncora corrigiu 1 vez(es)
[INFO] [1791392628.883317, 954.964000]: [mission] MANIPULATE concluída — chave ABERTA, lâmina medida em 31.7°
[INFO] [1791392628.886107, 954.968000]: State machine transitioning 'MANIPULATE':'done'-->'RETRACT'
[INFO] [1791392629.305055, 955.379000]: [mission] âncora engatada (fase "saida_sobe")
[INFO] [1791392632.304378, 958.308000]: [mission] fase "saida_sobe" it0: ponta (0.299, 2.781, 0.768) erro=0.0087 | degrau eixo 6.5° | rolagem 6.6° | IK pediu [-13.1 -15.8   0.   72.4 -10. ] | faltou [-0.  -0.3 -0.4 -0.4  0.3] graus
[INFO] [1791392632.311042, 958.314000]: [mission] fase "saida_sobe" it0: no frame da parede eixo=+1.9 prof=+5.1 alt=+6.7 mm (tolerância 30/20/10)
[INFO] [1791392632.314134, 958.318000]: [mission] âncora solta — 1 correções de deriva
[INFO] [1791392632.316466, 958.321000]: [mission] fase "saida_sobe" alcançada em 1 iteração(ões) (0.0087 m) — âncora corrigiu 1 vez(es)
[INFO] [1791392632.322595, 958.327000]: [mission] âncora engatada (fase "saida_eixo")
[INFO] [1791392635.511922, 961.472000]: [mission] fase "saida_eixo" it0: ponta (0.423, 2.778, 0.769) erro=0.0083 | degrau eixo 13.4° | rolagem 13.6° | IK pediu [-22.2 -13.3  -0.   63.2 -16.4] | faltou [-0.3 -0.2 -0.4 -0.5  0.4] graus
[INFO] [1791392635.515107, 961.477000]: [mission] fase "saida_eixo" it0: no frame da parede eixo=+5.7 prof=+2.3 alt=+5.6 mm (tolerância 20/20/15)
[INFO] [1791392635.516329, 961.478000]: [mission] âncora solta — 1 correções de deriva
[INFO] [1791392635.517356, 961.479000]: [mission] fase "saida_eixo" alcançada em 1 iteração(ões) (0.0083 m) — âncora corrigiu 1 vez(es)
[INFO] [1791392635.520650, 961.482000]: [mission] âncora engatada (fase "saida_fora")
[INFO] [1791392639.203433, 965.087000]: [mission] fase "saida_fora" it0: ponta (0.421, 2.679, 0.769) erro=0.0087 | degrau eixo 8.4° | rolagem 8.9° | IK pediu [-25.4 -19.7   0.   88.9 -23. ] | faltou [-0.4  0.9 -3.4  1.4  0.1] graus
[INFO] [1791392639.206412, 965.091000]: [mission] fase "saida_fora" it0: no frame da parede eixo=+4.7 prof=+3.5 alt=+6.5 mm (tolerância 30/20/20)
[INFO] [1791392639.207935, 965.092000]: [mission] âncora solta — 1 correções de deriva
[INFO] [1791392639.209513, 965.094000]: [mission] fase "saida_fora" alcançada em 1 iteração(ões) (0.0087 m) — âncora corrigiu 1 vez(es)
[INFO] [1791392639.211978, 965.096000]: [mission] RETRACT/afasta: RECUANDO 0.250 m só com as rodas
[INFO] [1791392643.688691, 969.498000]: [mission] RETRACT/afasta: concluído (0.252 m)
[INFO] [1791392643.691437, 969.499000]: [mission] postura "stow_home" comandada: [0.0, 1.13, -1.04, -1.8, 0.0]
[INFO] [1791392657.631885, 983.204000]: State machine transitioning 'RETRACT':'ok'-->'RETURN'
[INFO] [1791392657.634483, 983.206000]: [mission] RETURN — voltando a (0.02, 1.00, -0.00 rad)
[INFO] [1791392669.939710, 995.308000]: [mission] RETURN: alinhado, avançando (1.11 m)
[INFO] [1791392669.990737, 995.358000]: [mission] teto por postura ativo no drive: v<=0.25 w<=0.50 rampa 0.54/1.51
[INFO] [1791392678.412354, 1003.658000]: [mission] RETURN: chegou, ajustando heading final
[INFO] [1791392678.462249, 1003.708000]: [mission] teto por postura ativo no drive: v<=0.25 w<=0.50 rampa 0.54/1.51
[INFO] [1791392684.911608, 1010.058000]: [mission] RETURN: concluído
[INFO] [1791392684.913915, 1010.060000]: State machine terminating 'RETURN':'home':'MISSION_OK'
[INFO] [1791392684.916409, 1010.063000]: [mission] resultado: MISSION_OK
... logging to /home/marco/.ros/log/c81f68fe-c26e-11f1-ad44-b025aa85b2a2/roslaunch-shiroi-3359450.log
Checking log directory for disk usage. This may take a while.
Press Ctrl-C to interrupt
]2;/home/marco/b166er/src/b166er_whole_body_control/launch/chave_mission.launch
[1mstarted roslaunch server http://shiroi:40021/[0m

SUMMARY
========

PARAMETERS
 * /chave_mission/estado_final: 
 * /chave_mission/estado_inicial: STOW_INIT
 * /chave_mission/pausa_por_fase: False
 * /chave_mission/search_omega: 0.35
 * /chave_mission/standoff_distance: 0.62
 * /chave_mission/use_wholebody: False
 * /chave_seccionadora_task/aproxima_lateral/modo: ik
 * /chave_seccionadora_task/aproxima_lateral/offset_xyz_m: [-0.09, 0.008, 0.01]
 * /chave_seccionadora_task/aproxima_lateral/tol_xyz_m: [0.04, 0.008, 0.005]
 * /chave_seccionadora_task/arco1/blade_angle_deg: 15
 * /chave_seccionadora_task/arco1/deriva_eixo_max_m: 0.015
 * /chave_seccionadora_task/arco1/modo: wb
 * /chave_seccionadora_task/arco1/offset_xyz_m: [0.0, 0.0518, -0....
 * /chave_seccionadora_task/arco1/soltura_recuo_min_m: 0.04
 * /chave_seccionadora_task/arco1/tol_xyz_m: [0.04, 0.01, 0.015]
 * /chave_seccionadora_task/arco2/blade_angle_deg: 30
 * /chave_seccionadora_task/arco2/deriva_eixo_max_m: 0.015
 * /chave_seccionadora_task/arco2/modo: wb
 * /chave_seccionadora_task/arco2/offset_xyz_m: [0.0, 0.1, -0.0518]
 * /chave_seccionadora_task/arco2/tol_xyz_m: [0.04, 0.01, 0.015]
 * /chave_seccionadora_task/atravessa/modo: ik
 * /chave_seccionadora_task/atravessa/offset_xyz_m: [-0.008, 0.008, 0...
 * /chave_seccionadora_task/atravessa/tol_xyz_m: [0.008, 0.006, 0....
 * /chave_seccionadora_task/captura/modo: ik
 * /chave_seccionadora_task/captura/offset_xyz_m: [0.0, 0.0, -0.01]
 * /chave_seccionadora_task/captura/tol_xyz_m: [0.04, 0.006, 0.01]
 * /chave_seccionadora_task/desengata/modo: ik
 * /chave_seccionadora_task/desengata/offset_xyz_m: [-0.09, 0.1, -0.0...
 * /chave_seccionadora_task/destrava/curso_estagna_m: 0.01
 * /chave_seccionadora_task/destrava/curso_margem_m: 0.002
 * /chave_seccionadora_task/destrava/curso_min_m: 0.018
 * /chave_seccionadora_task/destrava/curso_teto_m: 0.022
 * /chave_seccionadora_task/destrava/modo: wb
 * /chave_seccionadora_task/destrava/offset_xyz_m: [0.0, 0.0, -0.025]
 * /chave_seccionadora_task/destrava/tol_xyz_m: [0.04, 0.006, 0.004]
 * /chave_seccionadora_task/libera/deriva_eixo_max_m: 0.015
 * /chave_seccionadora_task/libera/modo: wb
 * /chave_seccionadora_task/libera/offset_xyz_m: [0.0, 0.03, -0.025]
 * /chave_seccionadora_task/libera/tol_xyz_m: [0.04, 0.008, 0.006]
 * /chave_seccionadora_task/orienta/modo: ik
 * /chave_seccionadora_task/orienta/offset_xyz_m: [-0.09, 0.15, 0.0...
 * /chave_seccionadora_task/reassenta_sobe/tol_xyz_m: [0.03, 0.02, 0.005]
 * /chave_seccionadora_task/saida_eixo/tol_xyz_m: [0.02, 0.02, 0.015]
 * /chave_seccionadora_task/saida_fora/tol_xyz_m: [0.03, 0.02, 0.02]
 * /chave_seccionadora_task/saida_sobe/tol_xyz_m: [0.03, 0.02, 0.01]
 * /chave_seccionadora_task/target_frame: chave_olhal_link
 * /fuzzy_wb_controller/fixed_gains: []
 * /rosdistro: noetic
 * /rosversion: 1.17.4

NODES
  /
    chave_mission (b166er_whole_body_control/chave_mission.py)

[1mROS_MASTER_URI=http://localhost:11311[0m
]2;/home/marco/b166er/src/b166er_whole_body_control/launch/chave_mission.launch http://localhost:11311
[1mprocess[chave_mission-1]: started with pid [3359494][0m
[1m[chave_mission-1] process has finished cleanly
log file: /home/marco/.ros/log/c81f68fe-c26e-11f1-ad44-b025aa85b2a2/chave_mission-1*.log[0m
all processes on machine have died, roslaunch will exit
shutting down processing monitor...
... shutting down processing monitor complete
[1mdone[0m
