[31mWARNING: disk usage in log directory [/home/marco/.ros/log] is over 1GB.
It's recommended that you use the 'rosclean' command.[0m
the rosdep view is empty: call 'sudo rosdep init' and 'rosdep update'
[WARN] [1790812094.576983, 290.876000]: [mission] SEARCH: 10 de 25 amostras descartadas como outlier (>0.15 m ou >0.20 rad da mediana)
[WARN] [1790812165.666653, 360.855000]: [mission] fase "atravessa" it1: ponta não avança (erro 39.8 → 39.3 mm) e o J1 fica mais aquém (-3.3 → -6.3°) — contato provável; recuo 1/2: 20 mm pelo eixo, 5 mm para baixo, e o alvo desce 5 mm
[INFO] [1790812072.585400, 269.215000]: garra_dx = 0.000 m (fechada)
[INFO] [1790812072.636235, 269.268000]: State machine starting in initial state 'STOW_INIT' with userdata: 
	[]
[INFO] [1790812072.940197, 269.569000]: [mission] pose de partida registrada: (0.02, 1.00, 0.03 rad)
[INFO] [1790812072.941548, 269.570000]: [mission] postura "stow_home" comandada: [0.0, 1.13, -1.04, -1.8, 0.0]
[INFO] [1790812073.043861, 269.671000]: State machine transitioning 'STOW_INIT':'ok'-->'SEARCH'
[INFO] [1790812073.045390, 269.672000]: [mission] postura "search" comandada: [0.0, 1.0, -1.0, 0.0, 0.0]
[INFO] [1790812079.128678, 275.673000]: [mission] SEARCH — girando à procura da tag...
[INFO] [1790812079.130307, 275.674000]: [mission] SEARCH: amostra quando a tag estiver a raio 0.35-0.50 do quadro (vista oblíqua; omega fina 0.15 rad/s)
[INFO] [1790812080.206833, 276.725000]: [mission] SEARCH: tag a raio 0.97 — girando até <= 0.50
[INFO] [1790812086.251406, 282.676000]: [mission] SEARCH: tag a raio 0.50 — parando
[INFO] [1790812086.254075, 282.678000]: [mission] tag avistada — parando para medir
[INFO] [1790812087.276962, 283.689000]: [mission] âncora engatada (coleta do SEARCH)
[INFO] [1790812087.279767, 283.692000]: [mission] SEARCH: coleta com dither ±0.05 rad/s (período 3.0 s)
[INFO] [1790812094.567282, 290.868000]: [mission] âncora solta — 9 correções de deriva
[INFO] [1790812094.568492, 290.869000]: [mission] SEARCH: âncora corrigiu a deriva 9 vez(es) durante a coleta
[INFO] [1790812094.578183, 290.878000]: [mission] SEARCH: 15 amostras — parede (0.020, 3.090, -0.002) yaw=2.930
[INFO] [1790812094.578880, 290.879000]: [mission] parede localizada em (0.020, 3.090, -0.002)
[INFO] [1790812094.582107, 290.882000]: State machine transitioning 'SEARCH':'found'-->'APPROACH'
[INFO] [1790812094.583297, 290.884000]: [mission] APPROACH etapa 1/2 — 1.30 m do olhal, alvo (-0.08, 1.65, 1.36 rad)
[INFO] [1790812094.584581, 290.885000]: [mission] teto por postura ativo no drive: v<=0.17 w<=0.50 rampa 0.45/1.52
[INFO] [1790812098.646002, 294.885000]: [mission] APPROACH: alinhado, avançando (0.74 m)
[INFO] [1790812104.802378, 300.935000]: [mission] APPROACH: chegou, ajustando heading final
[INFO] [1790812104.852228, 300.985000]: [mission] teto por postura ativo no drive: v<=0.17 w<=0.50 rampa 0.45/1.52
[INFO] [1790812107.294226, 303.385000]: [mission] APPROACH: concluído
[INFO] [1790812108.316866, 304.389000]: [mission] âncora engatada (coleta do APPROACH/remedida)
[INFO] [1790812108.319304, 304.391000]: [mission] APPROACH/remedida: coleta com dither ±0.05 rad/s (período 3.0 s)
[INFO] [1790812109.463965, 305.512000]: [mission] âncora solta — 1 correções de deriva
[INFO] [1790812109.466697, 305.514000]: [mission] APPROACH/remedida: âncora corrigiu a deriva 1 vez(es) durante a coleta
[INFO] [1790812109.470555, 305.518000]: [mission] APPROACH/remedida: 10 amostras — parede (0.010, 3.018, -0.004) yaw=3.126
[INFO] [1790812109.473443, 305.520000]: [mission] APPROACH etapa 2/2 — 0.88 m do olhal, alvo (0.36, 2.00, 1.55 rad)
[INFO] [1790812113.139209, 309.124000]: [mission] APPROACH: alinhado, avançando (0.67 m)
[INFO] [1790812113.189917, 309.174000]: [mission] teto por postura ativo no drive: v<=0.17 w<=0.50 rampa 0.45/1.52
[INFO] [1790812118.829178, 314.724000]: [mission] APPROACH: chegou, ajustando heading final
[INFO] [1790812118.880412, 314.774000]: [mission] teto por postura ativo no drive: v<=0.17 w<=0.50 rampa 0.45/1.52
[INFO] [1790812124.765059, 320.574000]: [mission] APPROACH: concluído
[INFO] [1790812124.774961, 320.584000]: State machine transitioning 'APPROACH':'arrived'-->'REFINE'
[INFO] [1790812124.777227, 320.586000]: [mission] REFINE — remedindo a parede de perto (10 amostras)
[INFO] [1790812124.780066, 320.589000]: [mission] âncora engatada (coleta do REFINE)
[INFO] [1790812124.780927, 320.590000]: [mission] REFINE: coleta com dither ±0.05 rad/s (período 3.0 s)
[INFO] [1790812130.497618, 326.183000]: [mission] âncora solta — 7 correções de deriva
[INFO] [1790812130.500033, 326.185000]: [mission] REFINE: âncora corrigiu a deriva 7 vez(es) durante a coleta
[INFO] [1790812130.501961, 326.187000]: [mission] REFINE: 10 amostras — parede (-0.006, 3.019, -0.008) yaw=-3.123
[INFO] [1790812130.503272, 326.188000]: [mission] REFINE: deslocou 0.017 m da estimativa anterior
[INFO] [1790812130.504870, 326.190000]: [mission] olhal estimado em (0.196, 2.893, 0.797)
[INFO] [1790812130.510388, 326.195000]: State machine transitioning 'REFINE':'ok'-->'DEPLOY'
[INFO] [1790812130.513023, 326.198000]: [mission] DEPLOY: IK resolvida para a POSE DE MANIPULAÇÃO (0.21, 2.27, 1.59 rad), não para a atual
[INFO] [1790812135.317416, 328.113000]: [mission] DEPLOY: IK nivelada 0.0728 m, só eixo 0.0010 m — a MISSÃO INTEIRA usa "eixo"
[INFO] [1790812135.320761, 331.001000]: [mission] DEPLOY: IK da ponta resolvida (resíduo 0.0010 m, degrau 0.3°) — pré-posicionando em [-10.9 -47.6  60.   79.1  79.1] graus
[INFO] [1790812142.336543, 337.902000]: [mission] plano de exclusão publicado: parede em [-0.006  3.019 -0.008], normal segura [ 0.019 -1.     0.   ]
[INFO] [1790812142.552139, 338.112000]: [mission] teto por postura ativo no drive: v<=0.24 w<=0.50 rampa 0.53/1.65
[INFO] [1790812145.550369, 341.062000]: [mission] DEPLOY/aproxima: alinhado, avançando (0.42 m)
[INFO] [1790812149.851767, 345.312000]: [mission] DEPLOY/aproxima: chegou, ajustando heading final
[INFO] [1790812154.854398, 350.212000]: [mission] DEPLOY/aproxima: concluído
[INFO] [1790812154.856747, 350.215000]: State machine transitioning 'DEPLOY':'ok'-->'MANIPULATE'
[INFO] [1790812154.859432, 350.217000]: [mission] fase "orienta": modo IK iterativa (YAML)
[INFO] [1790812154.865049, 350.222000]: [mission] âncora engatada (fase "orienta")
[INFO] [1790812158.114614, 353.430000]: [mission] fase "orienta" it0: ponta (0.295, 2.749, 0.803) erro=0.0076 | degrau eixo 0.1° | rolagem 0.1° | IK pediu [-17.5 -31.2  28.1  92.5  77.4] | faltou [0. 0. 0. 0. 0.] graus
[INFO] [1790812158.117568, 353.433000]: [mission] âncora solta — 1 correções de deriva
[INFO] [1790812158.120096, 353.436000]: [mission] fase "orienta" alcançada em 1 iteração(ões) (0.0076 m) — âncora corrigiu 1 vez(es)
[INFO] [1790812158.639533, 353.945000]: [mission] fase "aproxima_lateral": modo IK iterativa (YAML)
[INFO] [1790812158.643125, 353.948000]: [mission] âncora engatada (fase "aproxima_lateral")
[INFO] [1790812161.701583, 356.953000]: [mission] fase "aproxima_lateral" it0: ponta (0.288, 2.892, 0.802) erro=0.0070 | degrau eixo 4.2° | rolagem 4.3° | IK pediu [-14.2 -14.5   0.   80.4  80.6] | faltou [ 0.  -0.3 -0.2 -0.1  0. ] graus
[INFO] [1790812161.705072, 356.956000]: [mission] fase "aproxima_lateral" it0: no frame da parede eixo=+1.6 prof=+4.9 alt=+4.7 mm (tolerância 40/8/5)
[INFO] [1790812161.706402, 356.958000]: [mission] âncora solta — 1 correções de deriva
[INFO] [1790812161.707527, 356.959000]: [mission] fase "aproxima_lateral" alcançada em 1 iteração(ões) (0.0070 m) — âncora corrigiu 1 vez(es)
[INFO] [1790812162.220208, 357.463000]: [mission] fase "atravessa": modo IK iterativa (YAML)
[INFO] [1790812162.224679, 357.467000]: [mission] âncora engatada (fase "atravessa")
[INFO] [1790812164.014282, 359.232000]: [mission] fase "atravessa" it0: ponta (0.244, 2.887, 0.802) erro=0.0398 | degrau eixo 1.2° | rolagem 1.7° | IK pediu [ -7.1 -15.3   0.4  83.2  86.9] | faltou [-3.3 -0.3 -0.3 -0.5 -0.9] graus
[INFO] [1790812164.020121, 359.238000]: [mission] fase "atravessa" it0: no frame da parede eixo=+39.5 prof=+0.9 alt=+5.0 mm (tolerância 8/6/5)
[INFO] [1790812165.661884, 360.850000]: [mission] fase "atravessa" it1: ponta (0.243, 2.884, 0.803) erro=0.0393 | degrau eixo 0.2° | rolagem 0.5° | IK pediu [ -4.  -15.2   0.8  83.6  89.4] | faltou [-6.3 -0.7 -0.  -0.7 -0.5] graus
[INFO] [1790812165.664361, 360.853000]: [mission] fase "atravessa" it1: no frame da parede eixo=+39.1 prof=-2.1 alt=+3.8 mm (tolerância 8/6/5)
[INFO] [1790812169.118336, 364.260000]: [mission] fase "atravessa" it1: ponta (0.244, 2.884, 0.798) erro=0.0395 | degrau eixo 1.2° | rolagem 1.7° | IK pediu [ -6.9 -15.9   0.2  84.1  86.9] | faltou [-3.5 -0.3 -0.3 -0.3 -0.9] graus
[WARN] [1790812170.644474, 365.774000]: [mission] fase "atravessa" it2: ponta não avança (erro 39.5 → 39.5 mm) e o J1 fica mais aquém (-3.5 → -6.1°) — contato provável; recuo 2/2: 20 mm pelo eixo, 5 mm para baixo, e o alvo desce 5 mm
[ERROR] [1790812177.274614, 372.277000]: [mission] fase "atravessa": 5 iterações sem fechar (0.0259 m, tolerância 0.020)
[WARN] [1790812177.280373, 372.283000]: [mission] ABORT — parando base e recolhendo braço
[WARN] [1790812177.684553, 372.684000]: [mission] ABORT: ponta a 0.034 m do olhal — saindo em degraus: sobe 30 mm, 120 mm pelo eixo do furo, 100 mm para fora, antes de recolher
[ERROR] [1790812185.753814, 380.624000]: [mission] fase "saida_sobe": 5 iterações sem fechar (0.0319 m, tolerância 0.020)
[WARN] [1790812185.755490, 380.626000]: [mission] ABORT: degrau "saida_sobe" não fechou — seguindo para o próximo
[WARN] [1790812207.034236, 401.461000]: [mission] ABORT — voltando à pose de partida (0.02, 1.00, 0.03 rad)
[INFO] [1790812169.121108, 364.263000]: [mission] fase "atravessa" it1: no frame da parede eixo=+39.2 prof=-2.0 alt=+4.6 mm (tolerância 8/6/5)
[INFO] [1790812170.638476, 365.769000]: [mission] fase "atravessa" it2: ponta (0.244, 2.886, 0.798) erro=0.0395 | degrau eixo 0.2° | rolagem 0.6° | IK pediu [ -4.1 -15.4   0.1  83.6  89.4] | faltou [-6.1 -0.8 -0.1  0.3 -0.9] graus
[INFO] [1790812170.641751, 365.772000]: [mission] fase "atravessa" it2: no frame da parede eixo=+39.3 prof=-0.0 alt=+4.1 mm (tolerância 8/6/5)
[INFO] [1790812174.168861, 369.228000]: [mission] fase "atravessa" it2: ponta (0.243, 2.884, 0.792) erro=0.0394 | degrau eixo 1.3° | rolagem 1.7° | IK pediu [ -6.9 -16.4   0.1  84.4  86.9] | faltou [-3.5 -0.3 -0.3 -0.4 -0.9] graus
[INFO] [1790812174.171463, 369.231000]: [mission] fase "atravessa" it2: no frame da parede eixo=+39.1 prof=-1.7 alt=+4.7 mm (tolerância 8/6/5)
[INFO] [1790812175.695642, 370.737000]: [mission] fase "atravessa" it3: ponta (0.244, 2.886, 0.793) erro=0.0395 | degrau eixo 0.2° | rolagem 0.3° | IK pediu [ -4.1 -15.9   0.1  84.   89.4] | faltou [-5.9 -0.7 -0.2  0.  -0.1] graus
[INFO] [1790812175.697948, 370.740000]: [mission] fase "atravessa" it3: no frame da parede eixo=+39.3 prof=-0.0 alt=+4.0 mm (tolerância 8/6/5)
[INFO] [1790812177.268690, 372.270000]: [mission] fase "atravessa" it4: ponta (0.229, 2.886, 0.790) erro=0.0259 | degrau eixo 0.7° | rolagem 0.7° | IK pediu [ -1.1 -15.6   0.1  83.8  91.9] | faltou [-7.7 -1.3 -0.3  0.3 -0.2] graus
[INFO] [1790812177.271522, 372.273000]: [mission] fase "atravessa" it4: no frame da parede eixo=+24.8 prof=+0.5 alt=+7.4 mm (tolerância 8/6/5)
[INFO] [1790812177.273105, 372.275000]: [mission] âncora solta — 6 correções de deriva
[INFO] [1790812177.279166, 372.281000]: State machine transitioning 'MANIPULATE':'failed'-->'ABORT_SAFE'
[INFO] [1790812177.688004, 372.687000]: [mission] âncora engatada (fase "saida_sobe")
[INFO] [1790812179.548712, 374.517000]: [mission] fase "saida_sobe" it0: ponta (0.230, 2.897, 0.795) erro=0.0268 | degrau eixo 2.1° | rolagem 2.4° | IK pediu [ -8.6 -13.5   0.   82.   84.8] | faltou [ 0.1 -1.9 -1.1 -0.5  0. ] graus
[INFO] [1790812179.554190, 374.523000]: [mission] fase "saida_sobe" it0: no frame da parede eixo=+1.4 prof=+10.3 alt=+24.7 mm (tolerância 30/20/10)
[INFO] [1790812181.084281, 376.030000]: [mission] fase "saida_sobe" it1: ponta (0.231, 2.899, 0.795) erro=0.0277 | degrau eixo 1.8° | rolagem 2.4° | IK pediu [ -8.4 -11.6   0.1  82.6  84.7] | faltou [ 0.  -3.5 -1.9 -0.7  0.1] graus
[INFO] [1790812181.088509, 376.034000]: [mission] fase "saida_sobe" it1: no frame da parede eixo=+1.8 prof=+12.5 alt=+24.6 mm (tolerância 30/20/10)
[INFO] [1790812182.617210, 377.543000]: [mission] fase "saida_sobe" it2: ponta (0.231, 2.899, 0.795) erro=0.0278 | degrau eixo 1.6° | rolagem 2.5° | IK pediu [-8.  -9.6  0.2 83.4 84.5] | faltou [ 0.3 -4.8 -3.  -1.7  0.2] graus
[INFO] [1790812182.618538, 377.544000]: [mission] fase "saida_sobe" it2: no frame da parede eixo=+2.0 prof=+12.8 alt=+24.5 mm (tolerância 30/20/10)
[INFO] [1790812184.151220, 379.048000]: [mission] fase "saida_sobe" it3: ponta (0.222, 2.902, 0.795) erro=0.0301 | degrau eixo 1.4° | rolagem 2.6° | IK pediu [-7.5 -7.4  0.2 83.8 84.4] | faltou [ 0.1 -6.3 -4.1 -2.4  0.3] graus
[INFO] [1790812184.156601, 379.053000]: [mission] fase "saida_sobe" it3: no frame da parede eixo=-7.2 prof=+15.8 alt=+24.6 mm (tolerância 30/20/10)
[INFO] [1790812185.746958, 380.616000]: [mission] fase "saida_sobe" it4: ponta (0.229, 2.906, 0.795) erro=0.0319 | degrau eixo 1.2° | rolagem 2.9° | IK pediu [-8.4 -5.2  0.2 84.3 83.9] | faltou [ 0.9 -7.6 -5.6 -3.2  0.4] graus
[INFO] [1790812185.750395, 380.621000]: [mission] fase "saida_sobe" it4: no frame da parede eixo=+0.1 prof=+19.8 alt=+24.9 mm (tolerância 30/20/10)
[INFO] [1790812185.752281, 380.623000]: [mission] âncora solta — 2 correções de deriva
[INFO] [1790812185.760855, 380.631000]: [mission] âncora engatada (fase "saida_eixo")
[INFO] [1790812187.704832, 382.536000]: [mission] fase "saida_eixo" it0: ponta (0.350, 2.893, 0.815) erro=0.0060 | degrau eixo 7.0° | rolagem 7.2° | IK pediu [-17.7 -12.2  -0.   75.9  75.8] | faltou [ 0.2 -0.2 -0.4 -0.4 -0. ] graus
[INFO] [1790812187.706929, 382.538000]: [mission] fase "saida_eixo" it0: no frame da parede eixo=+1.0 prof=+4.1 alt=+4.2 mm (tolerância 20/20/15)
[INFO] [1790812187.708282, 382.540000]: [mission] fase "saida_eixo" alcançada em 1 iteração(ões) (0.0060 m)
[INFO] [1790812187.711714, 382.543000]: [mission] âncora engatada (fase "saida_fora")
[INFO] [1790812190.481637, 385.246000]: [mission] fase "saida_fora" it0: ponta (0.352, 2.794, 0.818) erro=0.0054 | degrau eixo 2.3° | rolagem 2.9° | IK pediu [-20.3 -15.9   0.   98.7  71.5] | faltou [ 0.   0.  -0.7 -1.3  0. ] graus
[INFO] [1790812190.486698, 385.251000]: [mission] fase "saida_fora" it0: no frame da parede eixo=+0.8 prof=+5.0 alt=+1.9 mm (tolerância 30/20/20)
[INFO] [1790812190.489953, 385.253000]: [mission] fase "saida_fora" alcançada em 1 iteração(ões) (0.0054 m)
[INFO] [1790812190.492833, 385.256000]: [mission] ABORT/afasta: RECUANDO 0.250 m só com as rodas
[INFO] [1790812194.981477, 389.658000]: [mission] ABORT/afasta: concluído (0.254 m)
[INFO] [1790812194.982982, 389.659000]: [mission] postura "stow_home" comandada: [0.0, 1.13, -1.04, -1.8, 0.0]
[INFO] [1790812219.230493, 413.462000]: [mission] ABORT/retorno: alinhado, avançando (1.27 m)
[INFO] [1790812219.281312, 413.512000]: [mission] teto por postura ativo no drive: v<=0.23 w<=0.50 rampa 0.51/1.52
[INFO] [1790812228.953265, 423.012000]: [mission] ABORT/retorno: chegou, ajustando heading final
[INFO] [1790812229.004521, 423.062000]: [mission] teto por postura ativo no drive: v<=0.23 w<=0.50 rampa 0.51/1.52
[INFO] [1790812235.614113, 429.562000]: [mission] ABORT/retorno: concluído
[INFO] [1790812235.616505, 429.564000]: State machine terminating 'ABORT_SAFE':'aborted':'MISSION_ABORTED'
[INFO] [1790812235.618964, 429.566000]: [mission] resultado: MISSION_ABORTED
... logging to /home/marco/.ros/log/b2d0ab7a-bd28-11f1-88a8-b025aa85b2a2/roslaunch-shiroi-2269904.log
Checking log directory for disk usage. This may take a while.
Press Ctrl-C to interrupt
]2;/home/marco/b166er/src/b166er_whole_body_control/launch/chave_mission.launch
[1mstarted roslaunch server http://shiroi:39963/[0m

SUMMARY
========

PARAMETERS
 * /chave_mission/estado_final: 
 * /chave_mission/estado_inicial: STOW_INIT
 * /chave_mission/pausa_por_fase: False
 * /chave_mission/search_omega: 0.35
 * /chave_mission/standoff_distance: 0.62
 * /chave_mission/use_wholebody: False
 * /chave_seccionadora_task/aproxima_lateral/modo: ik
 * /chave_seccionadora_task/aproxima_lateral/offset_xyz_m: [-0.09, 0.008, 0.01]
 * /chave_seccionadora_task/aproxima_lateral/tol_xyz_m: [0.04, 0.008, 0.005]
 * /chave_seccionadora_task/arco1/blade_angle_deg: 15
 * /chave_seccionadora_task/arco1/deriva_eixo_max_m: 0.015
 * /chave_seccionadora_task/arco1/modo: wb
 * /chave_seccionadora_task/arco1/offset_xyz_m: [0.0, 0.0518, -0....
 * /chave_seccionadora_task/arco1/soltura_recuo_min_m: 0.04
 * /chave_seccionadora_task/arco1/tol_xyz_m: [0.04, 0.01, 0.015]
 * /chave_seccionadora_task/arco2/blade_angle_deg: 30
 * /chave_seccionadora_task/arco2/deriva_eixo_max_m: 0.015
 * /chave_seccionadora_task/arco2/modo: wb
 * /chave_seccionadora_task/arco2/offset_xyz_m: [0.0, 0.1, -0.0518]
 * /chave_seccionadora_task/arco2/tol_xyz_m: [0.04, 0.01, 0.015]
 * /chave_seccionadora_task/atravessa/modo: ik
 * /chave_seccionadora_task/atravessa/offset_xyz_m: [-0.008, 0.008, 0...
 * /chave_seccionadora_task/atravessa/tol_xyz_m: [0.008, 0.006, 0....
 * /chave_seccionadora_task/captura/modo: ik
 * /chave_seccionadora_task/captura/offset_xyz_m: [0.0, 0.0, -0.01]
 * /chave_seccionadora_task/captura/tol_xyz_m: [0.04, 0.006, 0.01]
 * /chave_seccionadora_task/desengata/modo: ik
 * /chave_seccionadora_task/desengata/offset_xyz_m: [-0.09, 0.1, -0.0...
 * /chave_seccionadora_task/destrava/curso_estagna_m: 0.01
 * /chave_seccionadora_task/destrava/curso_margem_m: 0.002
 * /chave_seccionadora_task/destrava/curso_min_m: 0.018
 * /chave_seccionadora_task/destrava/curso_teto_m: 0.022
 * /chave_seccionadora_task/destrava/modo: wb
 * /chave_seccionadora_task/destrava/offset_xyz_m: [0.0, 0.0, -0.025]
 * /chave_seccionadora_task/destrava/tol_xyz_m: [0.04, 0.006, 0.004]
 * /chave_seccionadora_task/libera/deriva_eixo_max_m: 0.015
 * /chave_seccionadora_task/libera/modo: wb
 * /chave_seccionadora_task/libera/offset_xyz_m: [0.0, 0.03, -0.025]
 * /chave_seccionadora_task/libera/tol_xyz_m: [0.04, 0.008, 0.006]
 * /chave_seccionadora_task/orienta/modo: ik
 * /chave_seccionadora_task/orienta/offset_xyz_m: [-0.09, 0.15, 0.0...
 * /chave_seccionadora_task/reassenta_sobe/tol_xyz_m: [0.03, 0.02, 0.005]
 * /chave_seccionadora_task/saida_eixo/tol_xyz_m: [0.02, 0.02, 0.015]
 * /chave_seccionadora_task/saida_fora/tol_xyz_m: [0.03, 0.02, 0.02]
 * /chave_seccionadora_task/saida_sobe/tol_xyz_m: [0.03, 0.02, 0.01]
 * /chave_seccionadora_task/target_frame: chave_olhal_link
 * /fuzzy_wb_controller/fixed_gains: []
 * /rosdistro: noetic
 * /rosversion: 1.17.4

NODES
  /
    chave_mission (b166er_whole_body_control/chave_mission.py)

[1mROS_MASTER_URI=http://localhost:11311[0m
]2;/home/marco/b166er/src/b166er_whole_body_control/launch/chave_mission.launch http://localhost:11311
[1mprocess[chave_mission-1]: started with pid [2269948][0m
[1m[chave_mission-1] process has finished cleanly
log file: /home/marco/.ros/log/b2d0ab7a-bd28-11f1-88a8-b025aa85b2a2/chave_mission-1*.log[0m
all processes on machine have died, roslaunch will exit
shutting down processing monitor...
... shutting down processing monitor complete
[1mdone[0m
