[31mWARNING: disk usage in log directory [/home/marco/.ros/log] is over 1GB.
It's recommended that you use the 'rosclean' command.[0m
the rosdep view is empty: call 'sudo rosdep init' and 'rosdep update'
[WARN] [1790803341.422071, 89.792000]: [mission] SEARCH: 11 de 25 amostras descartadas como outlier (>0.15 m ou >0.20 rad da mediana)
[INFO] [1790803317.348189, 0.000000]: garra_dx = 0.000 m (fechada)
[INFO] [1790803317.390374, 66.021000]: State machine starting in initial state 'STOW_INIT' with userdata: 
	[]
[INFO] [1790803317.697110, 66.323000]: [mission] pose de partida registrada: (0.00, 1.00, 0.00 rad)
[INFO] [1790803317.698425, 66.324000]: [mission] postura "stow_home" comandada: [0.0, 1.13, -1.04, -1.8, 0.0]
[INFO] [1790803317.799288, 66.425000]: State machine transitioning 'STOW_INIT':'ok'-->'SEARCH'
[INFO] [1790803317.801048, 66.426000]: [mission] postura "search" comandada: [0.0, 1.0, -1.0, 0.0, 0.0]
[INFO] [1790803323.881909, 72.428000]: [mission] SEARCH — girando à procura da tag...
[INFO] [1790803323.883430, 72.429000]: [mission] SEARCH: amostra quando a tag estiver a raio 0.35-0.50 do quadro (vista oblíqua; omega fina 0.15 rad/s)
[INFO] [1790803325.395523, 73.930000]: [mission] SEARCH: tag a raio 0.91 — girando até <= 0.50
[INFO] [1790803332.666466, 81.131000]: [mission] SEARCH: tag a raio 0.49 — parando
[INFO] [1790803332.669081, 81.133000]: [mission] tag avistada — parando para medir
[INFO] [1790803333.685999, 82.142000]: [mission] âncora engatada (coleta do SEARCH)
[INFO] [1790803333.687827, 82.144000]: [mission] SEARCH: coleta com dither ±0.05 rad/s (período 3.0 s)
[INFO] [1790803341.405955, 89.777000]: [mission] âncora solta — 14 correções de deriva
[INFO] [1790803341.407783, 89.779000]: [mission] SEARCH: âncora corrigiu a deriva 14 vez(es) durante a coleta
[INFO] [1790803341.423729, 89.795000]: [mission] SEARCH: 14 amostras — parede (0.017, 3.085, -0.002) yaw=2.965
[INFO] [1790803341.424680, 89.796000]: [mission] parede localizada em (0.017, 3.085, -0.002)
[INFO] [1790803341.428265, 89.800000]: State machine transitioning 'SEARCH':'found'-->'APPROACH'
[INFO] [1790803341.429388, 89.801000]: [mission] APPROACH etapa 1/2 — 1.30 m do olhal, alvo (-0.04, 1.64, 1.39 rad)
[INFO] [1790803341.430753, 89.802000]: [mission] teto por postura ativo no drive: v<=0.17 w<=0.50 rampa 0.45/1.52
[INFO] [1790803345.472750, 93.802000]: [mission] APPROACH: alinhado, avançando (0.78 m)
[INFO] [1790803351.696546, 99.953000]: [mission] APPROACH: chegou, ajustando heading final
[INFO] [1790803351.746969, 100.002000]: [mission] teto por postura ativo no drive: v<=0.17 w<=0.50 rampa 0.45/1.52
[INFO] [1790803354.738334, 102.952000]: [mission] APPROACH: concluído
[INFO] [1790803355.751253, 103.955000]: [mission] âncora engatada (coleta do APPROACH/remedida)
[INFO] [1790803355.752599, 103.957000]: [mission] APPROACH/remedida: coleta com dither ±0.05 rad/s (período 3.0 s)
[INFO] [1790803356.897973, 105.084000]: [mission] âncora solta — 1 correções de deriva
[INFO] [1790803356.899751, 105.086000]: [mission] APPROACH/remedida: âncora corrigiu a deriva 1 vez(es) durante a coleta
[INFO] [1790803356.902196, 105.087000]: [mission] APPROACH/remedida: 10 amostras — parede (0.004, 3.001, -0.002) yaw=-3.128
[INFO] [1790803356.904977, 105.091000]: [mission] APPROACH etapa 2/2 — 0.88 m do olhal, alvo (0.39, 2.00, 1.58 rad)
[INFO] [1790803356.909532, 105.094000]: [mission] teto por postura ativo no drive: v<=0.17 w<=0.50 rampa 0.45/1.51
[INFO] [1790803361.150354, 109.293000]: [mission] APPROACH: alinhado, avançando (0.66 m)
[INFO] [1790803366.366002, 114.443000]: [mission] APPROACH: chegou, ajustando heading final
[INFO] [1790803366.415968, 114.493000]: [mission] teto por postura ativo no drive: v<=0.17 w<=0.50 rampa 0.45/1.52
[INFO] [1790803370.105155, 118.143000]: [mission] APPROACH: concluído
[INFO] [1790803370.115339, 118.153000]: State machine transitioning 'APPROACH':'arrived'-->'REFINE'
[INFO] [1790803370.118009, 118.155000]: [mission] REFINE — remedindo a parede de perto (10 amostras)
[INFO] [1790803370.125984, 118.163000]: [mission] âncora engatada (coleta do REFINE)
[INFO] [1790803370.128818, 118.166000]: [mission] REFINE: coleta com dither ±0.05 rad/s (período 3.0 s)
[INFO] [1790803371.174659, 119.205000]: [mission] âncora solta — 2 correções de deriva
[INFO] [1790803371.176497, 119.207000]: [mission] REFINE: âncora corrigiu a deriva 2 vez(es) durante a coleta
[INFO] [1790803371.178105, 119.208000]: [mission] REFINE: 10 amostras — parede (0.002, 3.000, -0.001) yaw=-3.139
[INFO] [1790803371.179840, 119.210000]: [mission] REFINE: deslocou 0.003 m da estimativa anterior
[INFO] [1790803371.180935, 119.211000]: [mission] olhal estimado em (0.202, 2.871, 0.804)
[INFO] [1790803371.186405, 119.216000]: State machine transitioning 'REFINE':'ok'-->'DEPLOY'
[INFO] [1790803371.188614, 119.218000]: [mission] DEPLOY: IK resolvida para a POSE DE MANIPULAÇÃO (0.20, 2.25, 1.57 rad), não para a atual
[INFO] [1790803375.908068, 122.094000]: [mission] DEPLOY: IK nivelada 0.0712 m, só eixo 0.0014 m — a MISSÃO INTEIRA usa "eixo"
[INFO] [1790803375.910821, 123.926000]: [mission] DEPLOY: IK da ponta resolvida (resíduo 0.0014 m, degrau 0.4°) — pré-posicionando em [-10.9 -46.6  60.   78.6  79.1] graus
[INFO] [1790803382.895108, 130.827000]: [mission] plano de exclusão publicado: parede em [ 2.e-03  3.e+00 -1.e-03], normal segura [ 0.003 -1.     0.   ]
[INFO] [1790803383.105395, 131.037000]: [mission] teto por postura ativo no drive: v<=0.23 w<=0.50 rampa 0.52/1.64
[INFO] [1790803387.312382, 135.186000]: [mission] DEPLOY/aproxima: alinhado, avançando (0.44 m)
[INFO] [1790803391.817493, 139.636000]: [mission] DEPLOY/aproxima: chegou, ajustando heading final
[INFO] [1790803396.618435, 144.386000]: [mission] DEPLOY/aproxima: concluído
[INFO] [1790803396.619311, 144.387000]: State machine transitioning 'DEPLOY':'ok'-->'MANIPULATE'
[INFO] [1790803396.620165, 144.388000]: [mission] fase "orienta": modo IK iterativa (YAML)
[INFO] [1790803396.622448, 144.390000]: [mission] âncora engatada (fase "orienta")
[INFO] [1790803400.190520, 147.893000]: [mission] fase "orienta" it0: ponta (0.295, 2.727, 0.810) erro=0.0073 | degrau eixo 0.1° | rolagem 0.1° | IK pediu [-21.9 -28.   23.2  94.4  73.2] | faltou [0. 0. 0. 0. 0.] graus
[INFO] [1790803400.194048, 147.897000]: [mission] âncora solta — 1 correções de deriva
[INFO] [1790803400.195822, 147.899000]: [mission] fase "orienta" alcançada em 1 iteração(ões) (0.0073 m) — âncora corrigiu 1 vez(es)
[INFO] [1790803400.708575, 148.405000]: [mission] fase "aproxima_lateral": modo IK iterativa (YAML)
[INFO] [1790803400.715188, 148.411000]: [mission] âncora engatada (fase "aproxima_lateral")
[INFO] [1790803403.503759, 151.158000]: [mission] fase "aproxima_lateral" it0: ponta (0.291, 2.870, 0.809) erro=0.0081 | degrau eixo 5.5° | rolagem 5.7° | IK pediu [-18.3 -13.7   0.   79.6  77.5] | faltou [ 0.  -0.4 -0.3 -0.2  0. ] graus
[INFO] [1790803403.505800, 151.160000]: [mission] fase "aproxima_lateral" it0: no frame da parede eixo=-1.1 prof=+6.5 alt=+4.7 mm (tolerância 40/8/5)
[INFO] [1790803403.506722, 151.161000]: [mission] âncora solta — 1 correções de deriva
[INFO] [1790803403.507894, 151.162000]: [mission] fase "aproxima_lateral" alcançada em 1 iteração(ões) (0.0081 m) — âncora corrigiu 1 vez(es)
[INFO] [1790803404.017198, 151.665000]: [mission] fase "atravessa": modo IK iterativa (YAML)
[INFO] [1790803404.019455, 151.667000]: [mission] âncora engatada (fase "atravessa")
[INFO] [1790803405.840898, 153.470000]: [mission] fase "atravessa" it0: ponta (0.209, 2.869, 0.810) erro=0.0075 | degrau eixo 2.3° | rolagem 2.6° | IK pediu [-11.6 -14.6   0.1  84.1  83.7] | faltou [-0.  -0.2 -0.4 -0.5 -0.4] graus
[INFO] [1790803405.843613, 153.473000]: [mission] fase "atravessa" it0: no frame da parede eixo=-0.5 prof=+6.3 alt=+4.0 mm (tolerância 8/6/5)
[INFO] [1790803407.382546, 154.980000]: [mission] fase "atravessa" it1: ponta (0.211, 2.862, 0.810) erro=0.0039 | degrau eixo 2.2° | rolagem 2.4° | IK pediu [-11.8 -14.5   0.   85.9  83.5] | faltou [ 0.1 -0.1 -0.7 -1.2  0.1] graus
[INFO] [1790803407.384500, 154.982000]: [mission] fase "atravessa" it1: no frame da parede eixo=+0.8 prof=-0.5 alt=+3.8 mm (tolerância 8/6/5)
[INFO] [1790803407.385768, 154.983000]: [mission] âncora solta — 1 correções de deriva
[INFO] [1790803407.386822, 154.984000]: [mission] fase "atravessa" alcançada em 2 iteração(ões) (0.0039 m) — âncora corrigiu 1 vez(es)
[WARN] [1790803413.121362, 160.660000]: [mission] fase "destrava": descida estagnou em 11.3 mm (mín 10 para aceitar; alvo 18) — fim de curso do mecanismo, fechando a fase
[WARN] [1790803413.342811, 160.881000]: [mission] destrava: lingueta em 6.2 mm (esperado ≥ 12) — o gatilho pode não ter soltado
[WARN] [1790803425.666429, 173.034000]: [mission] RETRACT: ponta a 0.141 m do olhal — saindo em degraus: sobe 30 mm, 120 mm pelo eixo do furo, 100 mm para fora, antes de recolher
[INFO] [1790803407.897495, 155.489000]: [mission] fase "captura": modo IK iterativa (YAML)
[INFO] [1790803407.905261, 155.496000]: [mission] âncora engatada (fase "captura")
[INFO] [1790803409.461523, 157.043000]: [mission] fase "captura" it0: ponta (0.209, 2.872, 0.792) erro=0.0074 | degrau eixo 2.2° | rolagem 2.4° | IK pediu [-10.9 -16.7  -0.1  84.5  84.5] | faltou [-0.6 -0.4 -0.1  0.1 -0.2] graus
[INFO] [1790803409.464357, 157.046000]: [mission] fase "captura" it0: no frame da parede eixo=+6.9 prof=+1.5 alt=+1.9 mm (tolerância 40/6/10)
[INFO] [1790803409.465983, 157.047000]: [mission] fase "captura" alcançada em 1 iteração(ões) (0.0074 m)
[INFO] [1790803409.470775, 157.052000]: [mission] captura: ponta registrada em eixo=-6.9 prof=-1.5 alt=-11.8 mm (zero da descida do destrava e da deriva de eixo)
[INFO] [1790803409.992278, 157.553000]: [mission] fase "destrava": alvo em altura relativo à captura: -31.8 mm (captura -11.8 − curso 18 − margem 2)
[INFO] [1790803409.993408, 157.554000]: [mission] fase "destrava": modo whole-body/Fuzzy (YAML)
[INFO] [1790803410.196263, 157.755000]: [mission] plano de exclusão publicado: parede em [ 2.e-03  3.e+00 -1.e-03], normal segura [ 0.003 -1.     0.   ]
[INFO] [1790803410.499554, 158.058000]: [mission] fase "destrava": whole-body assumiu (base livre, restrita pelo plano de exclusão)
[INFO] [1790803410.501806, 158.060000]: [mission] fase "destrava": whole-body a 0.0213 m do alvo — eixo=+7.0 prof=+1.6 alt=-20.1 mm
[INFO] [1790803412.616646, 160.160000]: [mission] fase "destrava": whole-body a 0.0104 m do alvo — eixo=+6.6 prof=-3.4 alt=-7.3 mm
[INFO] [1790803413.341515, 160.880000]: [mission] destrava: ponta desceu 11.6 mm desde a captura (critério observável) | lingueta 6.2 mm (só na simulação)
[INFO] [1790803413.848711, 161.382000]: [mission] fase "libera": modo whole-body/Fuzzy (YAML)
[INFO] [1790803414.053542, 161.585000]: [mission] plano de exclusão publicado: parede em [ 2.e-03  3.e+00 -1.e-03], normal segura [ 0.003 -1.     0.   ]
[INFO] [1790803414.356014, 161.888000]: [mission] fase "libera": whole-body assumiu (base livre, restrita pelo plano de exclusão)
[INFO] [1790803414.657418, 162.188000]: [mission] fase "libera": whole-body a 0.0266 m do alvo — eixo=+6.6 prof=+25.7 alt=+1.7 mm
[INFO] [1790803416.767155, 164.288000]: [mission] fase "libera": whole-body a 0.0101 m do alvo — eixo=+6.5 prof=-1.4 alt=+7.7 mm
[INFO] [1790803417.372241, 164.889000]: [mission] fase "libera" alcançada por whole-body em 3.0s (0.0070 m) — no frame da parede eixo=+6.5 prof=-2.1 alt=+1.9 mm (tolerância 40/8/6)
[INFO] [1790803418.096214, 165.597000]: [mission] fase "arco1"/puxa: RECUANDO 0.022 m só com as rodas
[INFO] [1790803418.557698, 166.048000]: [mission] fase "arco1"/puxa: concluído (0.023 m)
[INFO] [1790803418.559029, 166.049000]: [mission] fase "arco1": modo whole-body/Fuzzy (YAML)
[INFO] [1790803418.762378, 166.251000]: [mission] plano de exclusão publicado: parede em [ 2.e-03  3.e+00 -1.e-03], normal segura [ 0.003 -1.     0.   ]
[INFO] [1790803419.071364, 166.554000]: [mission] fase "arco1": whole-body assumiu (base livre, restrita pelo plano de exclusão)
[INFO] [1790803419.074714, 166.558000]: [mission] fase "arco1": whole-body a 0.0074 m do alvo — eixo=+6.4 prof=+3.7 alt=-0.8 mm
[INFO] [1790803419.475046, 166.957000]: [mission] fase "arco1" alcançada por whole-body em 0.4s (0.0064 m) — no frame da parede eixo=+6.4 prof=+0.3 alt=-0.7 mm (tolerância 40/10/15)
[INFO] [1790803419.477017, 166.959000]: [mission] arco1: SOLTURA observável — recuo 53.0 mm desde a captura (mín 40) com deriva de eixo +0.6 mm → SOLTA
[INFO] [1790803419.692720, 167.171000]: [mission] waypoint de 15° — lâmina medida em 15.1° (abertura por CONTATO)
[INFO] [1790803420.207614, 167.673000]: [mission] fase "arco2"/puxa: RECUANDO 0.048 m só com as rodas
[INFO] [1790803421.123662, 168.575000]: [mission] fase "arco2"/puxa: concluído (0.049 m)
[INFO] [1790803421.125524, 168.577000]: [mission] fase "arco2": modo whole-body/Fuzzy (YAML)
[INFO] [1790803421.335150, 168.778000]: [mission] plano de exclusão publicado: parede em [ 2.e-03  3.e+00 -1.e-03], normal segura [ 0.003 -1.     0.   ]
[INFO] [1790803421.643955, 169.082000]: [mission] fase "arco2": whole-body assumiu (base livre, restrita pelo plano de exclusão)
[INFO] [1790803421.648288, 169.085000]: [mission] fase "arco2": whole-body a 0.0134 m do alvo — eixo=+6.3 prof=-0.3 alt=-11.9 mm
[INFO] [1790803422.069579, 169.484000]: [mission] fase "arco2" alcançada por whole-body em 0.4s (0.0126 m) — no frame da parede eixo=+6.3 prof=-3.7 alt=-10.3 mm (tolerância 40/10/15)
[INFO] [1790803422.281804, 169.693000]: [mission] waypoint de 30° — lâmina medida em 29.9° (abertura por CONTATO)
[INFO] [1790803422.787933, 170.195000]: [mission] fase "desengata": modo IK iterativa (YAML)
[INFO] [1790803422.793455, 170.200000]: [mission] âncora engatada (fase "desengata")
[INFO] [1790803424.728956, 172.107000]: [mission] fase "desengata" it0: ponta (0.293, 2.778, 0.747) erro=0.0085 | degrau eixo 5.7° | rolagem 6.0° | IK pediu [-18.1 -21.2  -0.   84.8  78.3] | faltou [ 0.2 -0.2 -0.3 -0.4 -0. ] graus
[INFO] [1790803424.733689, 172.113000]: [mission] fase "desengata" alcançada em 1 iteração(ões) (0.0085 m)
[INFO] [1790803425.256608, 172.628000]: [mission] MANIPULATE concluída — chave ABERTA, lâmina medida em 30.1°
[INFO] [1790803425.259401, 172.631000]: State machine transitioning 'MANIPULATE':'done'-->'RETRACT'
[INFO] [1790803425.668947, 173.036000]: [mission] âncora engatada (fase "saida_sobe")
[INFO] [1790803427.284529, 174.639000]: [mission] fase "saida_sobe" it0: ponta (0.294, 2.786, 0.773) erro=0.0080 | degrau eixo 5.5° | rolagem 5.7° | IK pediu [-18.  -18.2   0.   83.   78.1] | faltou [ 0.  -0.5 -0.2 -0.1  0. ] graus
[INFO] [1790803427.286606, 174.641000]: [mission] fase "saida_sobe" it0: no frame da parede eixo=+0.9 prof=+6.4 alt=+4.7 mm (tolerância 30/20/10)
[INFO] [1790803427.287831, 174.642000]: [mission] fase "saida_sobe" alcançada em 1 iteração(ões) (0.0080 m)
[INFO] [1790803427.291375, 174.646000]: [mission] âncora engatada (fase "saida_eixo")
[INFO] [1790803429.241743, 176.574000]: [mission] fase "saida_eixo" it0: ponta (0.414, 2.787, 0.771) erro=0.0095 | degrau eixo 11.8° | rolagem 12.3° | IK pediu [-27.6 -16.1   0.   74.2  70.3] | faltou [ 0.2 -0.3 -0.4 -0.5  0. ] graus
[INFO] [1790803429.243968, 176.576000]: [mission] fase "saida_eixo" it0: no frame da parede eixo=+1.1 prof=+7.2 alt=+6.1 mm (tolerância 20/20/15)
[INFO] [1790803429.245752, 176.578000]: [mission] fase "saida_eixo" alcançada em 1 iteração(ões) (0.0095 m)
[INFO] [1790803429.250601, 176.583000]: [mission] âncora engatada (fase "saida_fora")
[INFO] [1790803432.011102, 179.310000]: [mission] fase "saida_fora" it0: ponta (0.414, 2.686, 0.775) erro=0.0065 | degrau eixo 6.0° | rolagem 6.3° | IK pediu [-31.4 -20.8   0.   97.4  63.9] | faltou [ 0.1 -0.2 -0.3 -0.3  0. ] graus
[INFO] [1790803432.015130, 179.315000]: [mission] fase "saida_fora" it0: no frame da parede eixo=+0.2 prof=+6.0 alt=+2.6 mm (tolerância 30/20/20)
[INFO] [1790803432.017522, 179.317000]: [mission] âncora solta — 1 correções de deriva
[INFO] [1790803432.019702, 179.319000]: [mission] fase "saida_fora" alcançada em 1 iteração(ões) (0.0065 m) — âncora corrigiu 1 vez(es)
[INFO] [1790803432.022430, 179.322000]: [mission] RETRACT/afasta: RECUANDO 0.250 m só com as rodas
[INFO] [1790803436.534354, 183.775000]: [mission] RETRACT/afasta: concluído (0.250 m)
[INFO] [1790803436.537122, 183.778000]: [mission] postura "stow_home" comandada: [0.0, 1.13, -1.04, -1.8, 0.0]
[INFO] [1790803448.401902, 195.479000]: State machine transitioning 'RETRACT':'ok'-->'RETURN'
[INFO] [1790803448.403448, 195.480000]: [mission] RETURN — voltando a (0.00, 1.00, 0.00 rad)
[INFO] [1790803461.245523, 208.181000]: [mission] RETURN: alinhado, avançando (1.19 m)
[INFO] [1790803461.296024, 208.231000]: [mission] teto por postura ativo no drive: v<=0.23 w<=0.50 rampa 0.51/1.52
[INFO] [1790803470.308579, 217.131000]: [mission] RETURN: chegou, ajustando heading final
[INFO] [1790803470.358680, 217.181000]: [mission] teto por postura ativo no drive: v<=0.23 w<=0.50 rampa 0.51/1.52
[INFO] [1790803477.003080, 223.781000]: [mission] RETURN: concluído
[INFO] [1790803477.004582, 223.782000]: State machine terminating 'RETURN':'home':'MISSION_OK'
[INFO] [1790803477.005714, 223.783000]: [mission] resultado: MISSION_OK
... logging to /home/marco/.ros/log/cc1c093a-bd14-11f1-87aa-b025aa85b2a2/roslaunch-shiroi-2234990.log
Checking log directory for disk usage. This may take a while.
Press Ctrl-C to interrupt
]2;/home/marco/b166er/src/b166er_whole_body_control/launch/chave_mission.launch
[1mstarted roslaunch server http://shiroi:35495/[0m

SUMMARY
========

PARAMETERS
 * /chave_mission/estado_final: 
 * /chave_mission/estado_inicial: STOW_INIT
 * /chave_mission/pausa_por_fase: False
 * /chave_mission/search_omega: 0.35
 * /chave_mission/standoff_distance: 0.62
 * /chave_mission/use_wholebody: False
 * /chave_seccionadora_task/aproxima_lateral/modo: ik
 * /chave_seccionadora_task/aproxima_lateral/offset_xyz_m: [-0.09, 0.008, 0.01]
 * /chave_seccionadora_task/aproxima_lateral/tol_xyz_m: [0.04, 0.008, 0.005]
 * /chave_seccionadora_task/arco1/blade_angle_deg: 15
 * /chave_seccionadora_task/arco1/deriva_eixo_max_m: 0.015
 * /chave_seccionadora_task/arco1/modo: wb
 * /chave_seccionadora_task/arco1/offset_xyz_m: [0.0, 0.0518, -0....
 * /chave_seccionadora_task/arco1/soltura_recuo_min_m: 0.04
 * /chave_seccionadora_task/arco1/tol_xyz_m: [0.04, 0.01, 0.015]
 * /chave_seccionadora_task/arco2/blade_angle_deg: 30
 * /chave_seccionadora_task/arco2/deriva_eixo_max_m: 0.015
 * /chave_seccionadora_task/arco2/modo: wb
 * /chave_seccionadora_task/arco2/offset_xyz_m: [0.0, 0.1, -0.0518]
 * /chave_seccionadora_task/arco2/tol_xyz_m: [0.04, 0.01, 0.015]
 * /chave_seccionadora_task/atravessa/modo: ik
 * /chave_seccionadora_task/atravessa/offset_xyz_m: [-0.008, 0.008, 0...
 * /chave_seccionadora_task/atravessa/tol_xyz_m: [0.008, 0.006, 0....
 * /chave_seccionadora_task/captura/modo: ik
 * /chave_seccionadora_task/captura/offset_xyz_m: [0.0, 0.0, -0.01]
 * /chave_seccionadora_task/captura/tol_xyz_m: [0.04, 0.006, 0.01]
 * /chave_seccionadora_task/desengata/modo: ik
 * /chave_seccionadora_task/desengata/offset_xyz_m: [-0.09, 0.1, -0.0...
 * /chave_seccionadora_task/destrava/curso_estagna_m: 0.01
 * /chave_seccionadora_task/destrava/curso_margem_m: 0.002
 * /chave_seccionadora_task/destrava/curso_min_m: 0.018
 * /chave_seccionadora_task/destrava/modo: wb
 * /chave_seccionadora_task/destrava/offset_xyz_m: [0.0, 0.0, -0.025]
 * /chave_seccionadora_task/destrava/tol_xyz_m: [0.04, 0.006, 0.004]
 * /chave_seccionadora_task/libera/deriva_eixo_max_m: 0.015
 * /chave_seccionadora_task/libera/modo: wb
 * /chave_seccionadora_task/libera/offset_xyz_m: [0.0, 0.03, -0.025]
 * /chave_seccionadora_task/libera/tol_xyz_m: [0.04, 0.008, 0.006]
 * /chave_seccionadora_task/orienta/modo: ik
 * /chave_seccionadora_task/orienta/offset_xyz_m: [-0.09, 0.15, 0.0...
 * /chave_seccionadora_task/reassenta_sobe/tol_xyz_m: [0.03, 0.02, 0.005]
 * /chave_seccionadora_task/saida_eixo/tol_xyz_m: [0.02, 0.02, 0.015]
 * /chave_seccionadora_task/saida_fora/tol_xyz_m: [0.03, 0.02, 0.02]
 * /chave_seccionadora_task/saida_sobe/tol_xyz_m: [0.03, 0.02, 0.01]
 * /chave_seccionadora_task/target_frame: chave_olhal_link
 * /fuzzy_wb_controller/fixed_gains: []
 * /rosdistro: noetic
 * /rosversion: 1.17.4

NODES
  /
    chave_mission (b166er_whole_body_control/chave_mission.py)

[1mROS_MASTER_URI=http://localhost:11311[0m
]2;/home/marco/b166er/src/b166er_whole_body_control/launch/chave_mission.launch http://localhost:11311
[1mprocess[chave_mission-1]: started with pid [2235040][0m
[1m[chave_mission-1] process has finished cleanly
log file: /home/marco/.ros/log/cc1c093a-bd14-11f1-87aa-b025aa85b2a2/chave_mission-1*.log[0m
all processes on machine have died, roslaunch will exit
shutting down processing monitor...
... shutting down processing monitor complete
[1mdone[0m
