[31mWARNING: disk usage in log directory [/home/marco/.ros/log] is over 1GB.
It's recommended that you use the 'rosclean' command.[0m
the rosdep view is empty: call 'sudo rosdep init' and 'rosdep update'
[WARN] [1791388628.969528, 627.087000]: [mission] SEARCH: ajuste não convergiu em 8s (raio 0.56) — amostrando assim mesmo
[WARN] [1791388639.794793, 637.720000]: [mission] SEARCH: 3 de 25 amostras descartadas como outlier (>0.15 m ou >0.20 rad da mediana)
[WARN] [1791388639.849709, 637.773000]: [mission] SEARCH: laser com só 16 pontos de parede (mín 30) — parede fica pela tag
[INFO] [1791388606.183729, 604.704000]: garra_dx = 0.000 m (fechada)
[INFO] [1791388606.252817, 604.774000]: State machine starting in initial state 'STOW_INIT' with userdata: 
	[]
[INFO] [1791388606.557507, 605.075000]: [mission] pose de partida registrada: (0.01, 1.00, -0.01 rad)
[INFO] [1791388606.560279, 605.078000]: [mission] postura "stow_home" comandada: [0.0, 1.13, -1.04, -1.8, 0.0]
[INFO] [1791388607.473630, 605.980000]: State machine transitioning 'STOW_INIT':'ok'-->'SEARCH'
[INFO] [1791388607.475061, 605.981000]: [mission] postura "search" comandada: [0.0, 1.0, -1.0, 0.0, 0.0]
[INFO] [1791388618.982434, 617.282000]: [mission] SEARCH — girando à procura da tag...
[INFO] [1791388618.985145, 617.284000]: [mission] SEARCH: amostra quando a tag estiver a raio 0.35-0.50 do quadro (vista oblíqua; omega fina 0.15 rad/s)
[INFO] [1791388620.776988, 619.036000]: [mission] SEARCH: tag a raio 0.97 — girando até <= 0.50
[INFO] [1791388628.971562, 627.088000]: [mission] tag avistada — parando para medir
[INFO] [1791388630.003232, 628.098000]: [mission] âncora engatada (coleta do SEARCH)
[INFO] [1791388630.006127, 628.100000]: [mission] SEARCH: coleta com dither ±0.05 rad/s (período 3.0 s)
[INFO] [1791388639.779876, 637.705000]: [mission] âncora solta — 12 correções de deriva
[INFO] [1791388639.782017, 637.707000]: [mission] SEARCH: âncora corrigiu a deriva 12 vez(es) durante a coleta
[INFO] [1791388639.796246, 637.721000]: [mission] SEARCH: 22 amostras — parede (0.022, 3.107, -0.004) yaw=2.925
[INFO] [1791388639.852237, 637.776000]: [mission] parede localizada em (0.022, 3.107, -0.004)
[INFO] [1791388639.857793, 637.781000]: State machine transitioning 'SEARCH':'found'-->'APPROACH'
[INFO] [1791388639.859851, 637.783000]: [mission] APPROACH etapa 1/2 — 1.30 m do olhal, alvo (-0.09, 1.67, 1.35 rad)
[INFO] [1791388644.865339, 642.686000]: [mission] APPROACH: alinhado, avançando (0.84 m)
[INFO] [1791388644.916031, 642.736000]: [mission] teto por postura ativo no drive: v<=0.16 w<=0.50 rampa 0.43/1.51
[INFO] [1791388651.805239, 649.486000]: [mission] APPROACH: chegou, ajustando heading final
[INFO] [1791388651.855695, 649.536000]: [mission] teto por postura ativo no drive: v<=0.16 w<=0.50 rampa 0.43/1.52
[INFO] [1791388655.415194, 653.036000]: [mission] APPROACH: concluído
[INFO] [1791388656.433959, 654.039000]: [mission] âncora engatada (coleta do APPROACH/remedida)
[INFO] [1791388656.435881, 654.041000]: [mission] APPROACH/remedida: coleta com dither ±0.05 rad/s (período 3.0 s)
[INFO] [1791388657.595426, 655.177000]: [mission] âncora solta — 2 correções de deriva
[INFO] [1791388657.596401, 655.178000]: [mission] APPROACH/remedida: âncora corrigiu a deriva 2 vez(es) durante a coleta
[INFO] [1791388657.597576, 655.179000]: [mission] APPROACH/remedida: 10 amostras — parede (0.000, 2.986, -0.002) yaw=-3.112
[INFO] [1791388657.651268, 655.231000]: [mission] APPROACH/remedida: parede pelo LASER — 93 pontos, resíduo 5.1 mm: profundidade -12.0 mm e yaw -1.79° em relação à tag → parede (0.000, 2.998, -0.002) yaw=3.140
[INFO] [1791388657.654381, 655.234000]: [mission] APPROACH etapa 2/2 — 0.88 m do olhal, alvo (0.37, 1.99, 1.57 rad)
[INFO] [1791388662.393078, 659.887000]: [mission] APPROACH: alinhado, avançando (0.66 m)
[INFO] [1791388662.448122, 659.939000]: [mission] teto por postura ativo no drive: v<=0.15 w<=0.50 rampa 0.43/1.51
[INFO] [1791388668.147602, 665.537000]: [mission] APPROACH: chegou, ajustando heading final
[INFO] [1791388668.198330, 665.587000]: [mission] teto por postura ativo no drive: v<=0.16 w<=0.50 rampa 0.43/1.52
[INFO] [1791388674.786105, 672.038000]: [mission] APPROACH: concluído
[INFO] [1791388674.794823, 672.046000]: State machine transitioning 'APPROACH':'arrived'-->'REFINE'
[INFO] [1791388674.796706, 672.048000]: [mission] REFINE — remedindo a parede de perto (10 amostras)
[INFO] [1791388674.801325, 672.053000]: [mission] âncora engatada (coleta do REFINE)
[INFO] [1791388674.803645, 672.055000]: [mission] REFINE: coleta com dither ±0.05 rad/s (período 3.0 s)
[INFO] [1791388675.954116, 673.178000]: [mission] âncora solta — 1 correções de deriva
[INFO] [1791388675.956199, 673.180000]: [mission] REFINE: âncora corrigiu a deriva 1 vez(es) durante a coleta
[INFO] [1791388675.958859, 673.182000]: [mission] REFINE: 10 amostras — parede (0.003, 3.006, 0.000) yaw=3.119
[INFO] [1791388676.011924, 673.234000]: [mission] REFINE: parede pelo LASER — 84 pontos, resíduo 5.1 mm: profundidade +6.0 mm e yaw +1.35° em relação à tag → parede (0.003, 3.000, 0.000) yaw=-3.141
[INFO] [1791388676.012783, 673.235000]: [mission] REFINE: deslocou 0.004 m da estimativa anterior
[INFO] [1791388676.013333, 673.236000]: [mission] olhal estimado em (0.203, 2.870, 0.805)
[INFO] [1791388676.015671, 673.238000]: State machine transitioning 'REFINE':'ok'-->'DEPLOY'
[INFO] [1791388676.016479, 673.239000]: [mission] DEPLOY: IK resolvida para a POSE DE MANIPULAÇÃO (0.20, 2.25, 1.57 rad), não para a atual
[INFO] [1791388680.819615, 676.055000]: [mission] DEPLOY: IK nivelada 0.0708 m, só eixo 0.0014 m — a MISSÃO INTEIRA usa "eixo"
[INFO] [1791388680.824952, 678.041000]: [mission] DEPLOY: IK da ponta resolvida (resíduo 0.0014 m, degrau 0.4°) — pré-posicionando em [-10.9 -46.4  60.   78.4 -10.9] graus
[INFO] [1791388689.706621, 686.744000]: [mission] plano de exclusão publicado: parede em [0.003 3.    0.   ], normal segura [ 0.001 -1.     0.   ]
[INFO] [1791388689.919758, 686.953000]: [mission] teto por postura ativo no drive: v<=0.24 w<=0.50 rampa 0.53/1.61
[INFO] [1791388694.036352, 691.003000]: [mission] DEPLOY/aproxima: alinhado, avançando (0.44 m)
[INFO] [1791388698.618670, 695.453000]: [mission] DEPLOY/aproxima: chegou, ajustando heading final
[INFO] [1791388704.990326, 701.753000]: [mission] DEPLOY/aproxima: concluído
[INFO] [1791388704.992796, 701.755000]: State machine transitioning 'DEPLOY':'ok'-->'MANIPULATE'
[INFO] [1791388704.995383, 701.758000]: [mission] fase "orienta": modo IK iterativa (YAML)
[INFO] [1791388705.001018, 701.763000]: [mission] âncora engatada (fase "orienta")
[INFO] [1791388709.802422, 706.499000]: [mission] fase "orienta" it0: ponta (0.297, 2.729, 0.813) erro=0.0098 | degrau eixo 1.6° | rolagem 2.1° | IK pediu [-19.4 -16.9   0.4 100.2 -14.5] | faltou [ 0.   0.2 -0.6 -1.7  0.1] graus
[INFO] [1791388709.805761, 706.504000]: [mission] âncora solta — 4 correções de deriva
[INFO] [1791388709.808312, 706.506000]: [mission] fase "orienta" alcançada em 1 iteração(ões) (0.0098 m) — âncora corrigiu 4 vez(es)
[INFO] [1791388710.325238, 707.012000]: [mission] fase "aproxima_lateral": modo IK iterativa (YAML)
[INFO] [1791388710.331453, 707.017000]: [mission] âncora engatada (fase "aproxima_lateral")
[INFO] [1791388715.230162, 711.823000]: [mission] fase "aproxima_lateral" it0: ponta (0.294, 2.869, 0.812) erro=0.0070 | degrau eixo 6.5° | rolagem 6.5° | IK pediu [-16.3 -10.6  -0.   67.4 -10. ] | faltou [0. 0. 0. 0. 0.] graus
[INFO] [1791388715.232592, 711.826000]: [mission] fase "aproxima_lateral" it0: no frame da parede eixo=+1.2 prof=+6.2 alt=+2.9 mm (tolerância 40/8/5)
[INFO] [1791388715.233810, 711.827000]: [mission] âncora solta — 3 correções de deriva
[INFO] [1791388715.234715, 711.828000]: [mission] fase "aproxima_lateral" alcançada em 1 iteração(ões) (0.0070 m) — âncora corrigiu 3 vez(es)
[INFO] [1791388715.750797, 712.332000]: [mission] fase "atravessa": modo IK iterativa (YAML)
[INFO] [1791388715.754592, 712.334000]: [mission] âncora engatada (fase "atravessa")
[INFO] [1791388718.807224, 715.339000]: [mission] fase "atravessa" it0: ponta (0.214, 2.869, 0.813) erro=0.0081 | degrau eixo 2.7° | rolagem 2.8° | IK pediu [ -9.8 -12.    0.1  72.5  -4.8] | faltou [-0.3  3.5 -7.6  2.6  0.1] graus
[INFO] [1791388718.809436, 715.341000]: [mission] fase "atravessa" it0: no frame da parede eixo=+3.0 prof=+7.3 alt=+1.9 mm (tolerância 8/6/5)
[INFO] [1791388724.439918, 720.752000]: [mission] fase "atravessa" it1: ponta (0.209, 2.857, 0.796) erro=0.0198 | degrau eixo 2.5° | rolagem 3.1° | IK pediu [ -9.6 -12.2  -0.5  75.6  -4.8] | faltou [ -0.1  12.4 -31.8  13.7   0.1] graus
[WARN] [1791388757.246814, 752.662000]: [mission] fase "destrava": descida estagnou em 15.1 mm (mín 10 para aceitar; alvo 18) — fim de curso do mecanismo, fechando a fase
[WARN] [1791388779.246429, 774.195000]: [mission] RETRACT: ponta a 0.139 m do olhal — saindo em degraus: sobe 30 mm, 120 mm pelo eixo do furo, 100 mm para fora, antes de recolher
[INFO] [1791388724.443481, 720.756000]: [mission] fase "atravessa" it1: no frame da parede eixo=-2.0 prof=-5.1 alt=+19.0 mm (tolerância 8/6/5)
[INFO] [1791388729.357965, 725.561000]: [mission] fase "atravessa" it2: ponta (0.209, 2.857, 0.798) erro=0.0186 | degrau eixo 2.5° | rolagem 3.7° | IK pediu [-9.7 -9.4 -2.  73.8 -4.9] | faltou [  0.1  19.9 -49.7  19.3   0.2] graus
[INFO] [1791388729.360441, 725.564000]: [mission] fase "atravessa" it2: no frame da parede eixo=-2.2 prof=-5.5 alt=+17.6 mm (tolerância 8/6/5)
[INFO] [1791388741.475058, 737.321000]: [mission] fase "atravessa" it3: ponta (0.210, 2.865, 0.813) erro=0.0034 | degrau eixo 2.6° | rolagem 3.7° | IK pediu [-9.9 -7.4 -2.3 71.8 -5. ] | faltou [  0.2 -21.6  44.3 -31.4  -0.1] graus
[INFO] [1791388741.480070, 737.327000]: [mission] fase "atravessa" it3: no frame da parede eixo=-0.8 prof=+2.8 alt=+1.8 mm (tolerância 8/6/5)
[INFO] [1791388741.482957, 737.330000]: [mission] âncora solta — 21 correções de deriva
[INFO] [1791388741.485472, 737.332000]: [mission] fase "atravessa" alcançada em 4 iteração(ões) (0.0034 m) — âncora corrigiu 21 vez(es)
[INFO] [1791388742.002156, 737.840000]: [mission] fase "captura": modo IK iterativa (YAML)
[INFO] [1791388742.006371, 737.844000]: [mission] âncora engatada (fase "captura")
[INFO] [1791388747.749213, 743.396000]: [mission] fase "captura" it0: ponta (0.209, 2.856, 0.780) erro=0.0218 | degrau eixo 2.5° | rolagem 3.0° | IK pediu [ -9.1 -16.6   5.9  69.4  -4.1] | faltou [ -0.6 -16.1  32.4 -18.8  -0.3] graus
[INFO] [1791388747.750450, 743.397000]: [mission] fase "captura" it0: no frame da parede eixo=+5.6 prof=-14.4 alt=+15.5 mm (tolerância 40/6/10)
[INFO] [1791388753.963929, 749.442000]: [mission] fase "captura" it1: ponta (0.209, 2.872, 0.786) erro=0.0109 | degrau eixo 2.3° | rolagem 2.9° | IK pediu [ -8.8 -14.8   6.3  66.   -3.7] | faltou [ -0.8  17.3 -43.3  21.4  -0.2] graus
[INFO] [1791388753.966802, 749.445000]: [mission] fase "captura" it1: no frame da parede eixo=+5.8 prof=+1.4 alt=+9.1 mm (tolerância 40/6/10)
[INFO] [1791388753.968187, 749.447000]: [mission] âncora solta — 9 correções de deriva
[INFO] [1791388753.969152, 749.448000]: [mission] fase "captura" alcançada em 2 iteração(ões) (0.0109 m) — âncora corrigiu 9 vez(es)
[INFO] [1791388753.973478, 749.452000]: [mission] captura: ponta registrada em eixo=-5.8 prof=-1.4 alt=-19.1 mm (zero da descida do destrava e da deriva de eixo)
[INFO] [1791388754.481983, 749.953000]: [mission] fase "destrava": alvo em altura relativo à captura: -39.1 mm (captura -19.1 − curso 18 − margem 2)
[INFO] [1791388754.484147, 749.955000]: [mission] fase "destrava": modo whole-body/Fuzzy (YAML)
[INFO] [1791388754.699390, 750.158000]: [mission] plano de exclusão publicado: parede em [0.003 3.    0.   ], normal segura [ 0.001 -1.     0.   ]
[INFO] [1791388755.012204, 750.462000]: [mission] fase "destrava": whole-body assumiu (base livre, restrita pelo plano de exclusão)
[INFO] [1791388755.013503, 750.463000]: [mission] fase "destrava": whole-body a 0.0169 m do alvo — eixo=+5.8 prof=+1.4 alt=-15.9 mm
[INFO] [1791388757.141403, 752.562000]: [mission] fase "destrava": whole-body a 0.0088 m do alvo — eixo=+5.5 prof=-4.9 alt=-4.9 mm
[INFO] [1791388757.457772, 752.870000]: [mission] destrava: ponta desceu 15.2 mm desde a captura (critério observável) | lingueta 16.5 mm (só na simulação)
[INFO] [1791388757.458462, 752.871000]: [mission] destrava: lingueta em 16.5 mm — gatilho solto
[INFO] [1791388757.983077, 753.372000]: [mission] fase "libera": modo whole-body/Fuzzy (YAML)
[INFO] [1791388758.187712, 753.573000]: [mission] plano de exclusão publicado: parede em [0.003 3.    0.   ], normal segura [ 0.001 -1.     0.   ]
[INFO] [1791388758.493452, 753.875000]: [mission] fase "libera": whole-body assumiu (base livre, restrita pelo plano de exclusão)
[INFO] [1791388759.228101, 754.576000]: [mission] fase "libera": whole-body a 0.0198 m do alvo — eixo=+5.5 prof=+15.7 alt=+10.8 mm
[INFO] [1791388761.370360, 756.676000]: [mission] fase "libera": whole-body a 0.0155 m do alvo — eixo=+5.6 prof=+6.2 alt=+13.1 mm
[INFO] [1791388763.524848, 758.776000]: [mission] fase "libera": whole-body a 0.0145 m do alvo — eixo=+5.6 prof=+3.7 alt=+12.9 mm
[INFO] [1791388764.747947, 759.976000]: [mission] fase "libera" alcançada por whole-body em 6.1s (0.0076 m) — no frame da parede eixo=+5.5 prof=+1.2 alt=+5.1 mm (tolerância 40/8/6)
[INFO] [1791388765.480875, 760.681000]: [mission] fase "arco1"/puxa: RECUANDO 0.022 m só com as rodas
[INFO] [1791388765.942894, 761.132000]: [mission] fase "arco1"/puxa: concluído (0.024 m)
[INFO] [1791388765.945210, 761.134000]: [mission] fase "arco1": modo whole-body/Fuzzy (YAML)
[INFO] [1791388766.152711, 761.336000]: [mission] plano de exclusão publicado: parede em [0.003 3.    0.   ], normal segura [ 0.001 -1.     0.   ]
[INFO] [1791388766.458762, 761.638000]: [mission] fase "arco1": whole-body assumiu (base livre, restrita pelo plano de exclusão)
[INFO] [1791388766.460196, 761.639000]: [mission] fase "arco1": whole-body a 0.0084 m do alvo — eixo=+5.4 prof=-5.3 alt=-3.5 mm
[INFO] [1791388766.864294, 762.038000]: [mission] fase "arco1" alcançada por whole-body em 0.4s (0.0068 m) — no frame da parede eixo=+5.4 prof=-4.2 alt=+0.2 mm (tolerância 40/10/15)
[INFO] [1791388766.865146, 762.039000]: [mission] arco1: SOLTURA observável — recuo 57.4 mm desde a captura (mín 40) com deriva de eixo +0.4 mm → SOLTA
[INFO] [1791388767.081347, 762.250000]: [mission] waypoint de 15° — lâmina medida em 15.9° (abertura por CONTATO)
[INFO] [1791388767.597026, 762.751000]: [mission] fase "arco2"/puxa: RECUANDO 0.048 m só com as rodas
[INFO] [1791388768.507281, 763.652000]: [mission] fase "arco2"/puxa: concluído (0.048 m)
[INFO] [1791388768.508315, 763.653000]: [mission] fase "arco2": modo whole-body/Fuzzy (YAML)
[INFO] [1791388768.712843, 763.854000]: [mission] plano de exclusão publicado: parede em [0.003 3.    0.   ], normal segura [ 0.001 -1.     0.   ]
[INFO] [1791388769.019390, 764.156000]: [mission] fase "arco2": whole-body assumiu (base livre, restrita pelo plano de exclusão)
[INFO] [1791388769.022208, 764.158000]: [mission] fase "arco2": whole-body a 0.0101 m do alvo — eixo=+5.3 prof=-1.4 alt=-8.5 mm
[INFO] [1791388769.434508, 764.557000]: [mission] fase "arco2" alcançada por whole-body em 0.4s (0.0061 m) — no frame da parede eixo=+5.3 prof=-3.0 alt=+0.4 mm (tolerância 40/10/15)
[INFO] [1791388769.641406, 764.764000]: [mission] waypoint de 30° — lâmina medida em 31.9° (abertura por CONTATO)
[INFO] [1791388770.144055, 765.265000]: [mission] fase "desengata": modo IK iterativa (YAML)
[INFO] [1791388770.146777, 765.267000]: [mission] âncora engatada (fase "desengata")
[INFO] [1791388778.305867, 773.269000]: [mission] fase "desengata" it0: ponta (0.289, 2.775, 0.752) erro=0.0063 | degrau eixo 6.4° | rolagem 7.4° | IK pediu [-15.5 -19.   -0.   76.4 -10.1] | faltou [  0.2   8.  -17.9   8.3  -0.9] graus
[INFO] [1791388778.311220, 773.274000]: [mission] âncora solta — 6 correções de deriva
[INFO] [1791388778.314620, 773.278000]: [mission] fase "desengata" alcançada em 1 iteração(ões) (0.0063 m) — âncora corrigiu 6 vez(es)
[INFO] [1791388778.835754, 773.791000]: [mission] MANIPULATE concluída — chave ABERTA, lâmina medida em 34.4°
[INFO] [1791388778.837655, 773.793000]: State machine transitioning 'MANIPULATE':'done'-->'RETRACT'
[INFO] [1791388779.254133, 774.203000]: [mission] âncora engatada (fase "saida_sobe")
[INFO] [1791388782.111624, 777.011000]: [mission] fase "saida_sobe" it0: ponta (0.291, 2.779, 0.778) erro=0.0051 | degrau eixo 5.9° | rolagem 6.5° | IK pediu [-15.2 -15.9  -0.   75.2 -10.1] | faltou [ -0.    8.9 -20.6   9.7  -0.2] graus
[INFO] [1791388782.113895, 777.014000]: [mission] fase "saida_sobe" it0: no frame da parede eixo=+1.0 prof=+2.7 alt=+4.2 mm (tolerância 30/20/10)
[INFO] [1791388782.115294, 777.015000]: [mission] âncora solta — 1 correções de deriva
[INFO] [1791388782.116155, 777.015000]: [mission] fase "saida_sobe" alcançada em 1 iteração(ões) (0.0051 m) — âncora corrigiu 1 vez(es)
[INFO] [1791388782.119839, 777.020000]: [mission] âncora engatada (fase "saida_eixo")
[INFO] [1791388788.353251, 783.123000]: [mission] fase "saida_eixo" it0: ponta (0.405, 2.775, 0.757) erro=0.0253 | degrau eixo 12.5° | rolagem 15.8° | IK pediu [-24.4 -13.6  -0.   66.6 -17.1] | faltou [  0.2  17.1 -41.4  17.6  -0.2] graus
[INFO] [1791388788.357224, 783.128000]: [mission] fase "saida_eixo" it0: no frame da parede eixo=-4.8 prof=-0.9 alt=+24.8 mm (tolerância 20/20/15)
[INFO] [1791388798.200853, 792.790000]: [mission] fase "saida_eixo" it1: ponta (0.411, 2.780, 0.774) erro=0.0085 | degrau eixo 12.3° | rolagem 15.6° | IK pediu [-24.8 -11.5   0.   65.9 -17.8] | faltou [  0.2  12.5 -31.7  13.3  -0.6] graus
[INFO] [1791388798.203393, 792.793000]: [mission] fase "saida_eixo" it1: no frame da parede eixo=+0.7 prof=+3.4 alt=+7.8 mm (tolerância 20/20/15)
[INFO] [1791388798.205083, 792.795000]: [mission] âncora solta — 12 correções de deriva
[INFO] [1791388798.206170, 792.796000]: [mission] fase "saida_eixo" alcançada em 2 iteração(ões) (0.0085 m) — âncora corrigiu 12 vez(es)
[INFO] [1791388798.209270, 792.799000]: [mission] âncora engatada (fase "saida_fora")
[INFO] [1791388804.528980, 799.029000]: [mission] fase "saida_fora" it0: ponta (0.407, 2.681, 0.763) erro=0.0197 | degrau eixo 7.3° | rolagem 9.9° | IK pediu [-27.9 -19.4  -0.   91.4 -23.5] | faltou [  0.2 -16.7  33.2 -21.6  -0.7] graus
[INFO] [1791388804.531831, 799.033000]: [mission] fase "saida_fora" it0: no frame da parede eixo=-2.5 prof=+4.6 alt=+19.0 mm (tolerância 30/20/20)
[INFO] [1791388804.533224, 799.034000]: [mission] âncora solta — 4 correções de deriva
[INFO] [1791388804.534071, 799.035000]: [mission] fase "saida_fora" alcançada em 1 iteração(ões) (0.0197 m) — âncora corrigiu 4 vez(es)
[INFO] [1791388804.534797, 799.036000]: [mission] RETRACT/afasta: RECUANDO 0.250 m só com as rodas
[INFO] [1791388809.012640, 803.437000]: [mission] RETRACT/afasta: concluído (0.252 m)
[INFO] [1791388809.013918, 803.438000]: [mission] postura "stow_home" comandada: [0.0, 1.13, -1.04, -1.8, 0.0]
[INFO] [1791388823.394858, 817.540000]: State machine transitioning 'RETRACT':'ok'-->'RETURN'
[INFO] [1791388823.396569, 817.540000]: [mission] RETURN — voltando a (0.01, 1.00, -0.01 rad)
[INFO] [1791388834.971874, 828.893000]: [mission] RETURN: alinhado, avançando (1.14 m)
[INFO] [1791388835.022547, 828.943000]: [mission] teto por postura ativo no drive: v<=0.25 w<=0.50 rampa 0.54/1.50
[INFO] [1791388843.816737, 837.593000]: [mission] RETURN: chegou, ajustando heading final
[INFO] [1791388843.866756, 837.643000]: [mission] teto por postura ativo no drive: v<=0.25 w<=0.50 rampa 0.54/1.51
[INFO] [1791388849.715108, 843.393000]: [mission] RETURN: concluído
[INFO] [1791388849.718556, 843.395000]: State machine terminating 'RETURN':'home':'MISSION_OK'
[INFO] [1791388849.720906, 843.398000]: [mission] resultado: MISSION_OK
... logging to /home/marco/.ros/log/3e3f6f92-c266-11f1-a402-b025aa85b2a2/roslaunch-shiroi-3265603.log
Checking log directory for disk usage. This may take a while.
Press Ctrl-C to interrupt
]2;/home/marco/b166er/src/b166er_whole_body_control/launch/chave_mission.launch
[1mstarted roslaunch server http://shiroi:39539/[0m

SUMMARY
========

PARAMETERS
 * /chave_mission/estado_final: 
 * /chave_mission/estado_inicial: STOW_INIT
 * /chave_mission/pausa_por_fase: False
 * /chave_mission/search_omega: 0.35
 * /chave_mission/standoff_distance: 0.62
 * /chave_mission/use_wholebody: False
 * /chave_seccionadora_task/aproxima_lateral/modo: ik
 * /chave_seccionadora_task/aproxima_lateral/offset_xyz_m: [-0.09, 0.008, 0.01]
 * /chave_seccionadora_task/aproxima_lateral/tol_xyz_m: [0.04, 0.008, 0.005]
 * /chave_seccionadora_task/arco1/blade_angle_deg: 15
 * /chave_seccionadora_task/arco1/deriva_eixo_max_m: 0.015
 * /chave_seccionadora_task/arco1/modo: wb
 * /chave_seccionadora_task/arco1/offset_xyz_m: [0.0, 0.0518, -0....
 * /chave_seccionadora_task/arco1/soltura_recuo_min_m: 0.04
 * /chave_seccionadora_task/arco1/tol_xyz_m: [0.04, 0.01, 0.015]
 * /chave_seccionadora_task/arco2/blade_angle_deg: 30
 * /chave_seccionadora_task/arco2/deriva_eixo_max_m: 0.015
 * /chave_seccionadora_task/arco2/modo: wb
 * /chave_seccionadora_task/arco2/offset_xyz_m: [0.0, 0.1, -0.0518]
 * /chave_seccionadora_task/arco2/tol_xyz_m: [0.04, 0.01, 0.015]
 * /chave_seccionadora_task/atravessa/modo: ik
 * /chave_seccionadora_task/atravessa/offset_xyz_m: [-0.008, 0.008, 0...
 * /chave_seccionadora_task/atravessa/tol_xyz_m: [0.008, 0.006, 0....
 * /chave_seccionadora_task/captura/modo: ik
 * /chave_seccionadora_task/captura/offset_xyz_m: [0.0, 0.0, -0.01]
 * /chave_seccionadora_task/captura/tol_xyz_m: [0.04, 0.006, 0.01]
 * /chave_seccionadora_task/desengata/modo: ik
 * /chave_seccionadora_task/desengata/offset_xyz_m: [-0.09, 0.1, -0.0...
 * /chave_seccionadora_task/destrava/curso_estagna_m: 0.01
 * /chave_seccionadora_task/destrava/curso_margem_m: 0.002
 * /chave_seccionadora_task/destrava/curso_min_m: 0.018
 * /chave_seccionadora_task/destrava/curso_teto_m: 0.022
 * /chave_seccionadora_task/destrava/modo: wb
 * /chave_seccionadora_task/destrava/offset_xyz_m: [0.0, 0.0, -0.025]
 * /chave_seccionadora_task/destrava/tol_xyz_m: [0.04, 0.006, 0.004]
 * /chave_seccionadora_task/libera/deriva_eixo_max_m: 0.015
 * /chave_seccionadora_task/libera/modo: wb
 * /chave_seccionadora_task/libera/offset_xyz_m: [0.0, 0.03, -0.025]
 * /chave_seccionadora_task/libera/tol_xyz_m: [0.04, 0.008, 0.006]
 * /chave_seccionadora_task/orienta/modo: ik
 * /chave_seccionadora_task/orienta/offset_xyz_m: [-0.09, 0.15, 0.0...
 * /chave_seccionadora_task/reassenta_sobe/tol_xyz_m: [0.03, 0.02, 0.005]
 * /chave_seccionadora_task/saida_eixo/tol_xyz_m: [0.02, 0.02, 0.015]
 * /chave_seccionadora_task/saida_fora/tol_xyz_m: [0.03, 0.02, 0.02]
 * /chave_seccionadora_task/saida_sobe/tol_xyz_m: [0.03, 0.02, 0.01]
 * /chave_seccionadora_task/target_frame: chave_olhal_link
 * /fuzzy_wb_controller/fixed_gains: []
 * /rosdistro: noetic
 * /rosversion: 1.17.4

NODES
  /
    chave_mission (b166er_whole_body_control/chave_mission.py)

[1mROS_MASTER_URI=http://localhost:11311[0m
]2;/home/marco/b166er/src/b166er_whole_body_control/launch/chave_mission.launch http://localhost:11311
[1mprocess[chave_mission-1]: started with pid [3265668][0m
[1m[chave_mission-1] process has finished cleanly
log file: /home/marco/.ros/log/3e3f6f92-c266-11f1-a402-b025aa85b2a2/chave_mission-1*.log[0m
all processes on machine have died, roslaunch will exit
shutting down processing monitor...
... shutting down processing monitor complete
[1mdone[0m
