[31mWARNING: disk usage in log directory [/home/marco/.ros/log] is over 1GB.
It's recommended that you use the 'rosclean' command.[0m
the rosdep view is empty: call 'sudo rosdep init' and 'rosdep update'
[WARN] [1791385305.660141, 871.577000]: [mission] SEARCH: 5 de 25 amostras descartadas como outlier (>0.15 m ou >0.20 rad da mediana)
[WARN] [1791385305.712940, 871.629000]: [mission] SEARCH: laser com só 15 pontos de parede (mín 30) — parede fica pela tag
[INFO] [1791385279.355027, 845.608000]: garra_dx = 0.000 m (fechada)
[INFO] [1791385279.425462, 845.671000]: State machine starting in initial state 'STOW_INIT' with userdata: 
	[]
[INFO] [1791385279.727738, 845.981000]: [mission] pose de partida registrada: (-0.00, 1.00, -0.01 rad)
[INFO] [1791385279.730106, 845.983000]: [mission] postura "stow_home" comandada: [0.0, 1.13, -1.04, -1.8, 0.0]
[INFO] [1791385280.338251, 846.584000]: State machine transitioning 'STOW_INIT':'ok'-->'SEARCH'
[INFO] [1791385280.341177, 846.586000]: [mission] postura "search" comandada: [0.0, 1.0, -1.0, 0.0, 0.0]
[INFO] [1791385288.962932, 855.089000]: [mission] SEARCH — girando à procura da tag...
[INFO] [1791385288.965451, 855.091000]: [mission] SEARCH: amostra quando a tag estiver a raio 0.35-0.50 do quadro (vista oblíqua; omega fina 0.15 rad/s)
[INFO] [1791385290.229658, 856.342000]: [mission] SEARCH: tag a raio 0.96 — girando até <= 0.50
[INFO] [1791385296.697010, 862.743000]: [mission] SEARCH: tag a raio 0.50 — parando
[INFO] [1791385296.697865, 862.743000]: [mission] tag avistada — parando para medir
[INFO] [1791385297.711263, 863.749000]: [mission] âncora engatada (coleta do SEARCH)
[INFO] [1791385297.712540, 863.750000]: [mission] SEARCH: coleta com dither ±0.05 rad/s (período 3.0 s)
[INFO] [1791385305.643223, 871.560000]: [mission] âncora solta — 12 correções de deriva
[INFO] [1791385305.646028, 871.563000]: [mission] SEARCH: âncora corrigiu a deriva 12 vez(es) durante a coleta
[INFO] [1791385305.661341, 871.578000]: [mission] SEARCH: 20 amostras — parede (0.026, 3.104, -0.004) yaw=2.888
[INFO] [1791385305.715307, 871.632000]: [mission] parede localizada em (0.026, 3.104, -0.004)
[INFO] [1791385305.721319, 871.638000]: State machine transitioning 'SEARCH':'found'-->'APPROACH'
[INFO] [1791385305.722824, 871.639000]: [mission] APPROACH etapa 1/2 — 1.30 m do olhal, alvo (-0.14, 1.67, 1.32 rad)
[INFO] [1791385310.066034, 875.941000]: [mission] APPROACH: alinhado, avançando (0.84 m)
[INFO] [1791385310.116637, 875.991000]: [mission] teto por postura ativo no drive: v<=0.18 w<=0.50 rampa 0.45/1.50
[INFO] [1791385316.798396, 882.591000]: [mission] APPROACH: chegou, ajustando heading final
[INFO] [1791385316.848723, 882.641000]: [mission] teto por postura ativo no drive: v<=0.17 w<=0.50 rampa 0.45/1.52
[INFO] [1791385319.681099, 885.441000]: [mission] APPROACH: concluído
[INFO] [1791385320.690534, 886.446000]: [mission] âncora engatada (coleta do APPROACH/remedida)
[INFO] [1791385320.691719, 886.448000]: [mission] APPROACH/remedida: coleta com dither ±0.05 rad/s (período 3.0 s)
[INFO] [1791385321.834413, 887.579000]: [mission] âncora solta — 2 correções de deriva
[INFO] [1791385321.835368, 887.580000]: [mission] APPROACH/remedida: âncora corrigiu a deriva 2 vez(es) durante a coleta
[INFO] [1791385321.836365, 887.581000]: [mission] APPROACH/remedida: 10 amostras — parede (0.003, 2.989, -0.002) yaw=-3.111
[INFO] [1791385321.887785, 887.632000]: [mission] APPROACH/remedida: parede pelo LASER — 98 pontos, resíduo 5.2 mm: profundidade -11.4 mm e yaw -1.66° em relação à tag → parede (0.003, 3.001, -0.002) yaw=-3.140
[INFO] [1791385321.888677, 887.633000]: [mission] APPROACH etapa 2/2 — 0.88 m do olhal, alvo (0.37, 1.99, 1.57 rad)
[INFO] [1791385325.380027, 891.084000]: [mission] APPROACH: alinhado, avançando (0.73 m)
[INFO] [1791385325.430821, 891.134000]: [mission] teto por postura ativo no drive: v<=0.17 w<=0.50 rampa 0.45/1.52
[INFO] [1791385331.562699, 897.184000]: [mission] APPROACH: chegou, ajustando heading final
[INFO] [1791385331.613477, 897.234000]: [mission] teto por postura ativo no drive: v<=0.17 w<=0.50 rampa 0.45/1.51
[INFO] [1791385336.836142, 902.384000]: [mission] APPROACH: concluído
[INFO] [1791385336.842617, 902.390000]: State machine transitioning 'APPROACH':'arrived'-->'REFINE'
[INFO] [1791385336.844296, 902.392000]: [mission] REFINE — remedindo a parede de perto (10 amostras)
[INFO] [1791385336.847991, 902.396000]: [mission] âncora engatada (coleta do REFINE)
[INFO] [1791385336.849411, 902.397000]: [mission] REFINE: coleta com dither ±0.05 rad/s (período 3.0 s)
[INFO] [1791385338.002772, 903.533000]: [mission] âncora solta — 2 correções de deriva
[INFO] [1791385338.004019, 903.534000]: [mission] REFINE: âncora corrigiu a deriva 2 vez(es) durante a coleta
[INFO] [1791385338.006325, 903.536000]: [mission] REFINE: 10 amostras — parede (0.003, 3.006, -0.000) yaw=3.121
[INFO] [1791385338.059815, 903.589000]: [mission] REFINE: parede pelo LASER — 85 pontos, resíduo 4.9 mm: profundidade +7.2 mm e yaw +1.15° em relação à tag → parede (0.003, 2.998, -0.000) yaw=3.141
[INFO] [1791385338.061733, 903.591000]: [mission] REFINE: deslocou 0.003 m da estimativa anterior
[INFO] [1791385338.063401, 903.592000]: [mission] olhal estimado em (0.203, 2.868, 0.805)
[INFO] [1791385338.068146, 903.597000]: State machine transitioning 'REFINE':'ok'-->'DEPLOY'
[INFO] [1791385338.069958, 903.599000]: [mission] DEPLOY: IK resolvida para a POSE DE MANIPULAÇÃO (0.20, 2.25, 1.57 rad), não para a atual
[INFO] [1791385342.920350, 906.897000]: [mission] DEPLOY: IK nivelada 0.0709 m, só eixo 0.0014 m — a MISSÃO INTEIRA usa "eixo"
[INFO] [1791385342.926255, 908.451000]: [mission] DEPLOY: IK da ponta resolvida (resíduo 0.0014 m, degrau 0.4°) — pré-posicionando em [-10.9 -46.5  60.   78.5 -10.9] graus
[INFO] [1791385351.741524, 917.152000]: [mission] plano de exclusão publicado: parede em [ 0.003  2.998 -0.   ], normal segura [-0.001 -1.     0.   ]
[INFO] [1791385351.948979, 917.359000]: [mission] teto por postura ativo no drive: v<=0.24 w<=0.50 rampa 0.53/1.60
[INFO] [1791385357.504653, 922.859000]: [mission] DEPLOY/aproxima: alinhado, avançando (0.38 m)
[INFO] [1791385357.556001, 922.909000]: [mission] teto por postura ativo no drive: v<=0.24 w<=0.50 rampa 0.53/1.60
[INFO] [1791385361.756559, 927.059000]: [mission] DEPLOY/aproxima: chegou, ajustando heading final
[INFO] [1791385368.125787, 933.359000]: [mission] DEPLOY/aproxima: concluído
[INFO] [1791385368.127880, 933.361000]: State machine transitioning 'DEPLOY':'ok'-->'MANIPULATE'
[INFO] [1791385368.130028, 933.363000]: [mission] fase "orienta": modo IK iterativa (YAML)
[INFO] [1791385368.134649, 933.368000]: [mission] âncora engatada (fase "orienta")
[INFO] [1791385372.610837, 937.773000]: [mission] fase "orienta" it0: ponta (0.289, 2.730, 0.808) erro=0.0134 | degrau eixo 0.2° | rolagem 1.2° | IK pediu [-23.7 -20.3   7.5 101.9 -18.9] | faltou [ 0.4 -1.9  2.6 -3.3 -0.7] graus
[INFO] [1791385372.615243, 937.778000]: [mission] âncora solta — 2 correções de deriva
[INFO] [1791385372.616685, 937.780000]: [mission] fase "orienta" alcançada em 1 iteração(ões) (0.0134 m) — âncora corrigiu 2 vez(es)
[INFO] [1791385373.130294, 938.285000]: [mission] fase "aproxima_lateral": modo IK iterativa (YAML)
[INFO] [1791385373.134814, 938.289000]: [mission] âncora engatada (fase "aproxima_lateral")
[INFO] [1791385376.890553, 941.996000]: [mission] fase "aproxima_lateral" it0: ponta (0.285, 2.866, 0.812) erro=0.0105 | degrau eixo 6.8° | rolagem 7.2° | IK pediu [-20.4 -12.6   0.   75.4 -13.4] | faltou [ 0.4  0.  -0.3 -0.6 -0.2] graus
[INFO] [1791385376.894059, 942.000000]: [mission] fase "aproxima_lateral" it0: no frame da parede eixo=-8.3 prof=+6.0 alt=+2.5 mm (tolerância 40/8/5)
[INFO] [1791385376.896059, 942.002000]: [mission] âncora solta — 1 correções de deriva
[INFO] [1791385376.897846, 942.004000]: [mission] fase "aproxima_lateral" alcançada em 1 iteração(ões) (0.0105 m) — âncora corrigiu 1 vez(es)
[INFO] [1791385377.405740, 942.511000]: [mission] fase "atravessa": modo IK iterativa (YAML)
[INFO] [1791385377.410255, 942.515000]: [mission] âncora engatada (fase "atravessa")
[INFO] [1791385380.259598, 945.322000]: [mission] fase "atravessa" it0: ponta (0.210, 2.864, 0.812) erro=0.0052 | degrau eixo 3.2° | rolagem 3.4° | IK pediu [-14.  -13.6   0.   80.1  -7.5] | faltou [-0.3 -0.1 -0.3 -0.4 -0. ] graus
[INFO] [1791385380.261950, 945.325000]: [mission] fase "atravessa" it0: no frame da parede eixo=-1.5 prof=+4.1 alt=+2.8 mm (tolerância 8/6/5)
[WARN] [1791385389.318713, 954.257000]: [mission] fase "destrava": TETO de descida — ponta desceu 24.7 mm desde a captura (teto 22, curso mín 18): parando de empurrar com eixo +5.3 prof -27.3 mm
[WARN] [1791385411.314520, 975.949000]: [mission] RETRACT: ponta a 0.134 m do olhal — saindo em degraus: sobe 30 mm, 120 mm pelo eixo do furo, 100 mm para fora, antes de recolher
[INFO] [1791385380.263134, 945.326000]: [mission] fase "atravessa" alcançada em 1 iteração(ões) (0.0052 m)
[INFO] [1791385380.776383, 945.830000]: [mission] fase "captura": modo IK iterativa (YAML)
[INFO] [1791385380.779994, 945.833000]: [mission] âncora engatada (fase "captura")
[INFO] [1791385384.750110, 949.738000]: [mission] fase "captura" it0: ponta (0.209, 2.872, 0.790) erro=0.0086 | degrau eixo 3.1° | rolagem 3.1° | IK pediu [-13.8 -15.7  -0.   80.2  -6.6] | faltou [-0.7  0.3 -0.8  0.9 -0.1] graus
[INFO] [1791385384.752355, 949.740000]: [mission] fase "captura" it0: no frame da parede eixo=+5.6 prof=+4.0 alt=+5.1 mm (tolerância 40/6/10)
[INFO] [1791385384.754126, 949.742000]: [mission] âncora solta — 1 correções de deriva
[INFO] [1791385384.755031, 949.743000]: [mission] fase "captura" alcançada em 1 iteração(ões) (0.0086 m) — âncora corrigiu 1 vez(es)
[INFO] [1791385384.760055, 949.748000]: [mission] captura: ponta registrada em eixo=-5.6 prof=-4.0 alt=-15.1 mm (zero da descida do destrava e da deriva de eixo)
[INFO] [1791385385.266122, 950.249000]: [mission] fase "destrava": alvo em altura relativo à captura: -35.1 mm (captura -15.1 − curso 18 − margem 2)
[INFO] [1791385385.267131, 950.250000]: [mission] fase "destrava": modo whole-body/Fuzzy (YAML)
[INFO] [1791385385.470551, 950.452000]: [mission] plano de exclusão publicado: parede em [ 0.003  2.998 -0.   ], normal segura [-0.001 -1.     0.   ]
[INFO] [1791385385.774285, 950.755000]: [mission] fase "destrava": whole-body assumiu (base livre, restrita pelo plano de exclusão)
[INFO] [1791385385.778659, 950.759000]: [mission] fase "destrava": whole-body a 0.0164 m do alvo — eixo=+5.6 prof=+2.8 alt=-15.1 mm
[INFO] [1791385387.891663, 952.857000]: [mission] fase "destrava": whole-body a 0.0083 m do alvo — eixo=+5.4 prof=-1.1 alt=-6.2 mm
[INFO] [1791385389.530771, 954.467000]: [mission] destrava: ponta desceu 28.1 mm desde a captura (critério observável) | lingueta 20.0 mm (só na simulação)
[INFO] [1791385389.532932, 954.469000]: [mission] destrava: lingueta em 20.0 mm — gatilho solto
[INFO] [1791385390.038021, 954.970000]: [mission] fase "libera": modo whole-body/Fuzzy (YAML)
[INFO] [1791385390.243328, 955.172000]: [mission] plano de exclusão publicado: parede em [ 0.003  2.998 -0.   ], normal segura [-0.001 -1.     0.   ]
[INFO] [1791385390.545973, 955.475000]: [mission] fase "libera": whole-body assumiu (base livre, restrita pelo plano de exclusão)
[INFO] [1791385390.547140, 955.476000]: [mission] fase "libera": whole-body a 0.0502 m do alvo — eixo=+5.2 prof=-41.9 alt=+27.2 mm
[INFO] [1791385392.666663, 957.576000]: [mission] fase "libera": whole-body a 0.0438 m do alvo — eixo=+5.3 prof=-40.6 alt=+15.4 mm
[INFO] [1791385394.798305, 959.675000]: [mission] fase "libera" alcançada por whole-body em 4.2s (0.0075 m) — no frame da parede eixo=+5.3 prof=+5.4 alt=+0.2 mm (tolerância 40/8/6)
[INFO] [1791385395.518830, 960.380000]: [mission] fase "arco1"/puxa: RECUANDO 0.022 m só com as rodas
[INFO] [1791385396.009091, 960.831000]: [mission] fase "arco1"/puxa: concluído (0.023 m)
[INFO] [1791385396.010216, 960.832000]: [mission] fase "arco1": modo whole-body/Fuzzy (YAML)
[INFO] [1791385396.211755, 961.033000]: [mission] plano de exclusão publicado: parede em [ 0.003  2.998 -0.   ], normal segura [-0.001 -1.     0.   ]
[INFO] [1791385396.515069, 961.337000]: [mission] fase "arco1": whole-body assumiu (base livre, restrita pelo plano de exclusão)
[INFO] [1791385396.517557, 961.339000]: [mission] fase "arco1": whole-body a 0.0277 m do alvo — eixo=+5.4 prof=+27.2 alt=-0.7 mm
[INFO] [1791385398.636925, 963.438000]: [mission] fase "arco1": whole-body a 0.0277 m do alvo — eixo=+5.5 prof=+27.1 alt=+1.8 mm
[INFO] [1791385400.050361, 964.838000]: [mission] fase "arco1" alcançada por whole-body em 3.5s (0.0070 m) — no frame da parede eixo=+5.4 prof=+2.7 alt=+3.6 mm (tolerância 40/10/15)
[INFO] [1791385400.051400, 964.839000]: [mission] arco1: SOLTURA observável — recuo 53.1 mm desde a captura (mín 40) com deriva de eixo +0.3 mm → SOLTA
[INFO] [1791385400.262467, 965.047000]: [mission] waypoint de 15° — lâmina medida em 14.9° (abertura por CONTATO)
[INFO] [1791385400.771614, 965.548000]: [mission] fase "arco2"/puxa: RECUANDO 0.048 m só com as rodas
[INFO] [1791385401.735346, 966.500000]: [mission] fase "arco2"/puxa: concluído (0.048 m)
[INFO] [1791385401.736566, 966.501000]: [mission] fase "arco2": modo whole-body/Fuzzy (YAML)
[INFO] [1791385401.941367, 966.703000]: [mission] plano de exclusão publicado: parede em [ 0.003  2.998 -0.   ], normal segura [-0.001 -1.     0.   ]
[INFO] [1791385402.244933, 967.007000]: [mission] fase "arco2": whole-body assumiu (base livre, restrita pelo plano de exclusão)
[INFO] [1791385402.246434, 967.008000]: [mission] fase "arco2": whole-body a 0.0088 m do alvo — eixo=+5.4 prof=-1.2 alt=-6.9 mm
[INFO] [1791385402.647302, 967.408000]: [mission] fase "arco2" alcançada por whole-body em 0.4s (0.0063 m) — no frame da parede eixo=+5.4 prof=-2.7 alt=+1.8 mm (tolerância 40/10/15)
[INFO] [1791385402.858447, 967.617000]: [mission] waypoint de 30° — lâmina medida em 32.5° (abertura por CONTATO)
[INFO] [1791385403.370296, 968.118000]: [mission] fase "desengata": modo IK iterativa (YAML)
[INFO] [1791385403.374529, 968.122000]: [mission] âncora engatada (fase "desengata")
[INFO] [1791385410.386201, 975.027000]: [mission] fase "desengata" it0: ponta (0.282, 2.774, 0.746) erro=0.0143 | degrau eixo 4.9° | rolagem 5.3° | IK pediu [-21.6 -23.6   0.   97.2 -16.9] | faltou [ 0.6 -0.6 -0.3 -0.  -0.3] graus
[INFO] [1791385410.390174, 975.032000]: [mission] âncora solta — 3 correções de deriva
[INFO] [1791385410.391746, 975.033000]: [mission] fase "desengata" alcançada em 1 iteração(ões) (0.0143 m) — âncora corrigiu 3 vez(es)
[INFO] [1791385410.908431, 975.546000]: [mission] MANIPULATE concluída — chave ABERTA, lâmina medida em 33.7°
[INFO] [1791385410.909955, 975.547000]: State machine transitioning 'MANIPULATE':'done'-->'RETRACT'
[INFO] [1791385411.320714, 975.955000]: [mission] âncora engatada (fase "saida_sobe")
[INFO] [1791385414.159150, 978.761000]: [mission] fase "saida_sobe" it0: ponta (0.272, 2.782, 0.771) erro=0.0111 | degrau eixo 4.1° | rolagem 4.2° | IK pediu [-20.9 -20.7   0.   95.9 -15.6] | faltou [-0.  -0.4 -0.1  0.1  0.1] graus
[INFO] [1791385414.163731, 978.765000]: [mission] fase "saida_sobe" it0: no frame da parede eixo=-7.8 prof=+5.7 alt=+5.6 mm (tolerância 30/20/10)
[INFO] [1791385414.165925, 978.768000]: [mission] fase "saida_sobe" alcançada em 1 iteração(ões) (0.0111 m)
[INFO] [1791385414.172175, 978.775000]: [mission] âncora engatada (fase "saida_eixo")
[INFO] [1791385418.152512, 982.702000]: [mission] fase "saida_eixo" it0: ponta (0.392, 2.782, 0.771) erro=0.0112 | degrau eixo 9.7° | rolagem 9.8° | IK pediu [-31.9 -19.1  -0.   86.4 -24.4] | faltou [ 0.3 -0.2 -0.   0.1 -0. ] graus
[INFO] [1791385418.154411, 982.704000]: [mission] fase "saida_eixo" it0: no frame da parede eixo=-8.0 prof=+6.2 alt=+4.7 mm (tolerância 20/20/15)
[INFO] [1791385418.155313, 982.705000]: [mission] âncora solta — 1 correções de deriva
[INFO] [1791385418.156135, 982.706000]: [mission] fase "saida_eixo" alcançada em 1 iteração(ões) (0.0112 m) — âncora corrigiu 1 vez(es)
[INFO] [1791385418.158495, 982.708000]: [mission] âncora engatada (fase "saida_fora")
[INFO] [1791385421.639223, 986.134000]: [mission] fase "saida_fora" it0: ponta (0.393, 2.680, 0.774) erro=0.0080 | degrau eixo 2.6° | rolagem 2.6° | IK pediu [-36.9 -21.9   0.  106.7 -30.6] | faltou [ 0.3 -0.3  0.   0.3  0.1] graus
[INFO] [1791385421.642718, 986.138000]: [mission] fase "saida_fora" it0: no frame da parede eixo=-6.8 prof=+3.8 alt=+1.9 mm (tolerância 30/20/20)
[INFO] [1791385421.645324, 986.141000]: [mission] âncora solta — 1 correções de deriva
[INFO] [1791385421.648230, 986.143000]: [mission] fase "saida_fora" alcançada em 1 iteração(ões) (0.0080 m) — âncora corrigiu 1 vez(es)
[INFO] [1791385421.650646, 986.146000]: [mission] RETRACT/afasta: RECUANDO 0.250 m só com as rodas
[INFO] [1791385426.166639, 990.598000]: [mission] RETRACT/afasta: concluído (0.254 m)
[INFO] [1791385426.168664, 990.600000]: [mission] postura "stow_home" comandada: [0.0, 1.13, -1.04, -1.8, 0.0]
[INFO] [1791385441.483708, 1005.702000]: State machine transitioning 'RETRACT':'ok'-->'RETURN'
[INFO] [1791385441.485729, 1005.704000]: [mission] RETURN — voltando a (-0.00, 1.00, -0.01 rad)
[INFO] [1791385452.595302, 1016.655000]: [mission] RETURN: alinhado, avançando (1.22 m)
[INFO] [1791385452.646332, 1016.705000]: [mission] teto por postura ativo no drive: v<=0.25 w<=0.50 rampa 0.54/1.50
[INFO] [1791385461.924973, 1025.855000]: [mission] RETURN: chegou, ajustando heading final
[INFO] [1791385461.976159, 1025.905000]: [mission] teto por postura ativo no drive: v<=0.25 w<=0.50 rampa 0.54/1.50
[INFO] [1791385468.895321, 1032.755000]: [mission] RETURN: concluído
[INFO] [1791385468.897301, 1032.757000]: State machine terminating 'RETURN':'home':'MISSION_OK'
[INFO] [1791385468.898492, 1032.758000]: [mission] resultado: MISSION_OK
... logging to /home/marco/.ros/log/ef3b2c54-c25d-11f1-b091-b025aa85b2a2/roslaunch-shiroi-3185424.log
Checking log directory for disk usage. This may take a while.
Press Ctrl-C to interrupt
]2;/home/marco/b166er/src/b166er_whole_body_control/launch/chave_mission.launch
[1mstarted roslaunch server http://shiroi:44647/[0m

SUMMARY
========

PARAMETERS
 * /chave_mission/estado_final: 
 * /chave_mission/estado_inicial: STOW_INIT
 * /chave_mission/pausa_por_fase: False
 * /chave_mission/search_omega: 0.35
 * /chave_mission/standoff_distance: 0.62
 * /chave_mission/use_wholebody: False
 * /chave_seccionadora_task/aproxima_lateral/modo: ik
 * /chave_seccionadora_task/aproxima_lateral/offset_xyz_m: [-0.09, 0.008, 0.01]
 * /chave_seccionadora_task/aproxima_lateral/tol_xyz_m: [0.04, 0.008, 0.005]
 * /chave_seccionadora_task/arco1/blade_angle_deg: 15
 * /chave_seccionadora_task/arco1/deriva_eixo_max_m: 0.015
 * /chave_seccionadora_task/arco1/modo: wb
 * /chave_seccionadora_task/arco1/offset_xyz_m: [0.0, 0.0518, -0....
 * /chave_seccionadora_task/arco1/soltura_recuo_min_m: 0.04
 * /chave_seccionadora_task/arco1/tol_xyz_m: [0.04, 0.01, 0.015]
 * /chave_seccionadora_task/arco2/blade_angle_deg: 30
 * /chave_seccionadora_task/arco2/deriva_eixo_max_m: 0.015
 * /chave_seccionadora_task/arco2/modo: wb
 * /chave_seccionadora_task/arco2/offset_xyz_m: [0.0, 0.1, -0.0518]
 * /chave_seccionadora_task/arco2/tol_xyz_m: [0.04, 0.01, 0.015]
 * /chave_seccionadora_task/atravessa/modo: ik
 * /chave_seccionadora_task/atravessa/offset_xyz_m: [-0.008, 0.008, 0...
 * /chave_seccionadora_task/atravessa/tol_xyz_m: [0.008, 0.006, 0....
 * /chave_seccionadora_task/captura/modo: ik
 * /chave_seccionadora_task/captura/offset_xyz_m: [0.0, 0.0, -0.01]
 * /chave_seccionadora_task/captura/tol_xyz_m: [0.04, 0.006, 0.01]
 * /chave_seccionadora_task/desengata/modo: ik
 * /chave_seccionadora_task/desengata/offset_xyz_m: [-0.09, 0.1, -0.0...
 * /chave_seccionadora_task/destrava/curso_estagna_m: 0.01
 * /chave_seccionadora_task/destrava/curso_margem_m: 0.002
 * /chave_seccionadora_task/destrava/curso_min_m: 0.018
 * /chave_seccionadora_task/destrava/curso_teto_m: 0.022
 * /chave_seccionadora_task/destrava/modo: wb
 * /chave_seccionadora_task/destrava/offset_xyz_m: [0.0, 0.0, -0.025]
 * /chave_seccionadora_task/destrava/tol_xyz_m: [0.04, 0.006, 0.004]
 * /chave_seccionadora_task/libera/deriva_eixo_max_m: 0.015
 * /chave_seccionadora_task/libera/modo: wb
 * /chave_seccionadora_task/libera/offset_xyz_m: [0.0, 0.03, -0.025]
 * /chave_seccionadora_task/libera/tol_xyz_m: [0.04, 0.008, 0.006]
 * /chave_seccionadora_task/orienta/modo: ik
 * /chave_seccionadora_task/orienta/offset_xyz_m: [-0.09, 0.15, 0.0...
 * /chave_seccionadora_task/reassenta_sobe/tol_xyz_m: [0.03, 0.02, 0.005]
 * /chave_seccionadora_task/saida_eixo/tol_xyz_m: [0.02, 0.02, 0.015]
 * /chave_seccionadora_task/saida_fora/tol_xyz_m: [0.03, 0.02, 0.02]
 * /chave_seccionadora_task/saida_sobe/tol_xyz_m: [0.03, 0.02, 0.01]
 * /chave_seccionadora_task/target_frame: chave_olhal_link
 * /fuzzy_wb_controller/fixed_gains: []
 * /rosdistro: noetic
 * /rosversion: 1.17.4

NODES
  /
    chave_mission (b166er_whole_body_control/chave_mission.py)

[1mROS_MASTER_URI=http://localhost:11311[0m
]2;/home/marco/b166er/src/b166er_whole_body_control/launch/chave_mission.launch http://localhost:11311
[1mprocess[chave_mission-1]: started with pid [3185468][0m
[1m[chave_mission-1] process has finished cleanly
log file: /home/marco/.ros/log/ef3b2c54-c25d-11f1-b091-b025aa85b2a2/chave_mission-1*.log[0m
all processes on machine have died, roslaunch will exit
shutting down processing monitor...
... shutting down processing monitor complete
[1mdone[0m
