[31mWARNING: disk usage in log directory [/home/marco/.ros/log] is over 1GB.
It's recommended that you use the 'rosclean' command.[0m
the rosdep view is empty: call 'sudo rosdep init' and 'rosdep update'
[WARN] [1791382928.993058, 953.239000]: [mission] SEARCH: 9 de 25 amostras descartadas como outlier (>0.15 m ou >0.20 rad da mediana)
[WARN] [1791382929.047871, 953.294000]: [mission] SEARCH: laser com só 16 pontos de parede (mín 30) — parede fica pela tag
[INFO] [1791382883.003763, 907.800000]: garra_dx = 0.000 m (fechada)
[INFO] [1791382883.127949, 907.924000]: State machine starting in initial state 'STOW_INIT' with userdata: 
	[]
[INFO] [1791382883.331935, 908.126000]: [mission] pose de partida registrada: (0.00, 1.00, -0.01 rad)
[INFO] [1791382883.333744, 908.128000]: [mission] postura "stow_home" comandada: [0.0, 1.13, -1.04, -1.8, 0.0]
[INFO] [1791382883.940152, 908.729000]: State machine transitioning 'STOW_INIT':'ok'-->'SEARCH'
[INFO] [1791382883.942697, 908.731000]: [mission] postura "search" comandada: [0.0, 1.0, -1.0, 0.0, 0.0]
[INFO] [1791382914.423526, 938.833000]: [mission] SEARCH — girando à procura da tag...
[INFO] [1791382914.425504, 938.835000]: [mission] SEARCH: amostra quando a tag estiver a raio 0.35-0.50 do quadro (vista oblíqua; omega fina 0.15 rad/s)
[INFO] [1791382915.953907, 940.336000]: [mission] SEARCH: tag a raio 0.95 — girando até <= 0.50
[INFO] [1791382924.086155, 948.389000]: [mission] SEARCH: tag a raio 0.50 — parando
[INFO] [1791382924.088267, 948.391000]: [mission] tag avistada — parando para medir
[INFO] [1791382925.106951, 949.399000]: [mission] âncora engatada (coleta do SEARCH)
[INFO] [1791382925.109697, 949.402000]: [mission] SEARCH: coleta com dither ±0.05 rad/s (período 3.0 s)
[INFO] [1791382928.972823, 953.219000]: [mission] âncora solta — 10 correções de deriva
[INFO] [1791382928.974763, 953.222000]: [mission] SEARCH: âncora corrigiu a deriva 10 vez(es) durante a coleta
[INFO] [1791382928.994854, 953.242000]: [mission] SEARCH: 16 amostras — parede (0.016, 2.906, -0.003) yaw=-2.848
[INFO] [1791382929.051172, 953.297000]: [mission] parede localizada em (0.016, 2.906, -0.003)
[INFO] [1791382929.063126, 953.309000]: State machine transitioning 'SEARCH':'found'-->'APPROACH'
[INFO] [1791382929.066240, 953.312000]: [mission] APPROACH etapa 1/2 — 1.30 m do olhal, alvo (0.62, 1.60, 1.86 rad)
[INFO] [1791382929.069202, 953.314000]: [mission] APPROACH: alinhado, avançando (0.87 m)
[INFO] [1791382929.119070, 953.364000]: [mission] teto por postura ativo no drive: v<=0.15 w<=0.50 rampa 0.43/1.52
[INFO] [1791382935.956103, 960.114000]: [mission] APPROACH: chegou, ajustando heading final
[INFO] [1791382936.007664, 960.164000]: [mission] teto por postura ativo no drive: v<=0.15 w<=0.50 rampa 0.42/1.53
[INFO] [1791382939.809299, 963.915000]: [mission] APPROACH: concluído
[INFO] [1791382940.824502, 964.919000]: [mission] âncora engatada (coleta do APPROACH/remedida)
[INFO] [1791382940.826380, 964.921000]: [mission] APPROACH/remedida: coleta com dither ±0.05 rad/s (período 3.0 s)
[INFO] [1791382942.081795, 966.160000]: [mission] âncora solta — 2 correções de deriva
[INFO] [1791382942.083673, 966.162000]: [mission] APPROACH/remedida: âncora corrigiu a deriva 2 vez(es) durante a coleta
[INFO] [1791382942.086338, 966.164000]: [mission] APPROACH/remedida: 10 amostras — parede (0.002, 3.001, -0.001) yaw=-3.129
[INFO] [1791382942.139982, 966.218000]: [mission] APPROACH/remedida: parede pelo LASER — 65 pontos, resíduo 4.9 mm: profundidade +1.9 mm e yaw -0.77° em relação à tag → parede (0.002, 2.999, -0.001) yaw=3.140
[INFO] [1791382942.141964, 966.220000]: [mission] APPROACH etapa 2/2 — 0.88 m do olhal, alvo (0.37, 1.99, 1.57 rad)
[INFO] [1791382943.805974, 967.872000]: [mission] APPROACH: alinhado, avançando (0.54 m)
[INFO] [1791382943.856018, 967.922000]: [mission] teto por postura ativo no drive: v<=0.15 w<=0.50 rampa 0.43/1.52
[INFO] [1791382948.911250, 972.922000]: [mission] APPROACH: chegou, ajustando heading final
[INFO] [1791382948.962551, 972.972000]: [mission] teto por postura ativo no drive: v<=0.15 w<=0.50 rampa 0.42/1.53
[INFO] [1791382953.574293, 977.522000]: [mission] APPROACH: concluído
[INFO] [1791382953.578377, 977.526000]: State machine transitioning 'APPROACH':'arrived'-->'REFINE'
[INFO] [1791382953.579574, 977.527000]: [mission] REFINE — remedindo a parede de perto (10 amostras)
[INFO] [1791382953.582274, 977.530000]: [mission] âncora engatada (coleta do REFINE)
[INFO] [1791382953.583430, 977.531000]: [mission] REFINE: coleta com dither ±0.05 rad/s (período 3.0 s)
[INFO] [1791382954.726389, 978.660000]: [mission] âncora solta — 1 correções de deriva
[INFO] [1791382954.728295, 978.662000]: [mission] REFINE: âncora corrigiu a deriva 1 vez(es) durante a coleta
[INFO] [1791382954.730075, 978.664000]: [mission] REFINE: 10 amostras — parede (0.001, 2.992, 0.000) yaw=-3.126
[INFO] [1791382954.783099, 978.716000]: [mission] REFINE: parede pelo LASER — 92 pontos, resíduo 5.2 mm: profundidade -6.1 mm e yaw -0.75° em relação à tag → parede (0.001, 2.998, 0.000) yaw=-3.139
[INFO] [1791382954.784941, 978.717000]: [mission] REFINE: deslocou 0.001 m da estimativa anterior
[INFO] [1791382954.787211, 978.720000]: [mission] olhal estimado em (0.202, 2.869, 0.805)
[INFO] [1791382954.795666, 978.728000]: State machine transitioning 'REFINE':'ok'-->'DEPLOY'
[INFO] [1791382954.797172, 978.730000]: [mission] DEPLOY: IK resolvida para a POSE DE MANIPULAÇÃO (0.20, 2.25, 1.57 rad), não para a atual
[INFO] [1791382959.514649, 979.613000]: [mission] DEPLOY: IK nivelada 0.0709 m, só eixo 0.0014 m — a MISSÃO INTEIRA usa "eixo"
[INFO] [1791382959.519391, 983.446000]: [mission] DEPLOY: IK da ponta resolvida (resíduo 0.0014 m, degrau 0.4°) — pré-posicionando em [-10.9 -46.5  60.   78.5 -10.9] graus
[INFO] [1791382969.064034, 992.850000]: [mission] plano de exclusão publicado: parede em [1.000e-03 2.998e+00 0.000e+00], normal segura [ 0.002 -1.     0.   ]
[INFO] [1791382969.275354, 993.060000]: [mission] teto por postura ativo no drive: v<=0.25 w<=0.50 rampa 0.54/1.61
[INFO] [1791382970.699161, 994.460000]: [mission] DEPLOY/aproxima: alinhado, avançando (0.27 m)
[INFO] [1791382973.286736, 997.010000]: [mission] DEPLOY/aproxima: chegou, ajustando heading final
[INFO] [1791382976.862744, 1000.510000]: [mission] DEPLOY/aproxima: concluído
[INFO] [1791382976.864876, 1000.512000]: State machine transitioning 'DEPLOY':'ok'-->'MANIPULATE'
[INFO] [1791382976.866765, 1000.514000]: [mission] fase "orienta": modo IK iterativa (YAML)
[INFO] [1791382976.870851, 1000.518000]: [mission] âncora engatada (fase "orienta")
[INFO] [1791382982.488605, 1006.062000]: [mission] fase "orienta" it0: ponta (0.303, 2.720, 0.809) erro=0.0120 | degrau eixo 0.2° | rolagem 0.2° | IK pediu [-13.7 -27.9  23.6  92.8  -8.9] | faltou [-0.3 -0.3 -0.   0.3  0.1] graus
[INFO] [1791382982.490335, 1006.064000]: [mission] fase "orienta" alcançada em 1 iteração(ões) (0.0120 m)
[INFO] [1791382983.002625, 1006.568000]: [mission] fase "aproxima_lateral": modo IK iterativa (YAML)
[INFO] [1791382983.006515, 1006.572000]: [mission] âncora engatada (fase "aproxima_lateral")
[INFO] [1791383010.981091, 1034.175000]: [mission] fase "aproxima_lateral" it0: ponta (0.297, 2.854, 0.818) erro=0.0093 | degrau eixo 3.3° | rolagem 3.1° | IK pediu [-10.8 -12.7   0.1  75.6  -6.6] | faltou [-0.2 -5.2 11.9 -5.2  0.1] graus
[INFO] [1791383010.983909, 1034.177000]: [mission] fase "aproxima_lateral" it0: no frame da parede eixo=+5.0 prof=-7.2 alt=-3.3 mm (tolerância 40/8/5)
[INFO] [1791383010.985215, 1034.179000]: [mission] âncora solta — 5 correções de deriva
[INFO] [1791383010.986246, 1034.180000]: [mission] fase "aproxima_lateral" alcançada em 1 iteração(ões) (0.0093 m) — âncora corrigiu 5 vez(es)
[INFO] [1791383011.515669, 1034.687000]: [mission] fase "atravessa": modo IK iterativa (YAML)
[INFO] [1791383011.518279, 1034.690000]: [mission] âncora engatada (fase "atravessa")
[INFO] [1791383015.096501, 1038.219000]: [mission] fase "atravessa" it0: ponta (0.215, 2.863, 0.809) erro=0.0085 | degrau eixo 0.3° | rolagem 0.3° | IK pediu [ -3.6 -18.1  11.4  70.5  -0.6] | faltou [-0.1 -0.5  0.1 -0.3  0.1] graus
[INFO] [1791383015.100320, 1038.223000]: [mission] fase "atravessa" it0: no frame da parede eixo=+5.6 prof=+2.0 alt=+6.1 mm (tolerância 8/6/5)
[INFO] [1791383022.025662, 1045.030000]: [mission] fase "atravessa" it1: ponta (0.208, 2.866, 0.809) erro=0.0083 | degrau eixo 0.2° | rolagem 0.2° | IK pediu [ -2.8 -17.8  11.8  70.5  -0.3] | faltou [-0.2 -0.7  0.3 -1.1 -0.1] graus
[WARN] [1791383054.010620, 1076.456000]: [mission] fase "atravessa" it2: ponta não avança (erro 8.3 → 13.8 mm) e o J1 fica mais aquém (-0.2 → -0.8°) — contato provável; recuo 1/2: 20 mm pelo eixo, 5 mm para baixo, e o alvo desce 5 mm
[ERROR] [1791383116.066070, 1137.992000]: [mission] postura não atingida em 30s
[WARN] [1791383116.072022, 1137.998000]: [mission] ABORT — parando base e recolhendo braço
[WARN] [1791383116.474167, 1138.399000]: [mission] ABORT: ponta a 0.073 m do olhal — saindo em degraus: sobe 30 mm, 120 mm pelo eixo do furo, 100 mm para fora, antes de recolher
[ERROR] [1791383146.763009, 1168.507000]: [mission] postura não atingida em 30s
[WARN] [1791383146.764536, 1168.508000]: [mission] ABORT: degrau "saida_sobe" não fechou — seguindo para o próximo
[ERROR] [1791383178.372191, 1199.943000]: [mission] postura não atingida em 30s
[WARN] [1791383178.373171, 1199.944000]: [mission] ABORT: degrau "saida_eixo" não fechou — seguindo para o próximo
[WARN] [1791383239.910938, 1260.699000]: [mission] ABORT — voltando à pose de partida (0.00, 1.00, -0.01 rad)
[INFO] [1791383022.031312, 1045.036000]: [mission] fase "atravessa" it1: no frame da parede eixo=-1.3 prof=+5.4 alt=+6.2 mm (tolerância 8/6/5)
[INFO] [1791383054.007077, 1076.452000]: [mission] fase "atravessa" it2: ponta (0.208, 2.855, 0.803) erro=0.0138 | degrau eixo 0.2° | rolagem 0.2° | IK pediu [ -2.7 -17.9  12.9  70.7  -0.5] | faltou [-0.8 -3.   1.   0.6  0.1] graus
[INFO] [1791383054.009027, 1076.454000]: [mission] fase "atravessa" it2: no frame da parede eixo=-1.3 prof=-5.9 alt=+12.4 mm (tolerância 8/6/5)
[INFO] [1791383116.070465, 1137.996000]: State machine transitioning 'MANIPULATE':'failed'-->'ABORT_SAFE'
[INFO] [1791383116.478521, 1138.403000]: [mission] âncora engatada (fase "saida_sobe")
[INFO] [1791383146.767359, 1168.511000]: [mission] âncora engatada (fase "saida_eixo")
[INFO] [1791383148.100311, 1169.837000]: [mission] fase "saida_eixo" it0: ponta (0.357, 2.764, 0.880) erro=0.1115 | degrau eixo 8.0° | rolagem 4.6° | IK pediu [-18.4  -9.6   0.   68.8 -13.6] | faltou [  1.   29.2 -60.   41.2   1.2] graus
[INFO] [1791383148.101904, 1169.838000]: [mission] fase "saida_eixo" it0: no frame da parede eixo=-37.4 prof=-93.7 alt=-47.5 mm (tolerância 20/20/15)
[INFO] [1791383178.375710, 1199.946000]: [mission] âncora engatada (fase "saida_fora")
[INFO] [1791383179.730445, 1201.294000]: [mission] fase "saida_fora" it0: ponta (0.435, 2.883, 0.757) erro=0.1519 | degrau eixo 3.4° | rolagem 14.6° | IK pediu [-21.4 -13.9   0.   93.2 -18. ] | faltou [ -0.   -1.3   0.4 -30.4   1.2] graus
[INFO] [1791383179.731954, 1201.296000]: [mission] fase "saida_fora" it0: no frame da parede eixo=+41.1 prof=+125.3 alt=+75.5 mm (tolerância 30/20/20)
[INFO] [1791383186.960616, 1208.473000]: [mission] fase "saida_fora" it1: ponta (0.362, 2.654, 0.889) erro=0.1230 | degrau eixo 0.2° | rolagem 0.6° | IK pediu [-21.4 -34.2  60.   64.8 -18.4] | faltou [-0.1 -0.1 -1.2  2.6  0.1] graus
[INFO] [1791383186.964341, 1208.478000]: [mission] fase "saida_fora" it1: no frame da parede eixo=-33.0 prof=-104.0 alt=-56.8 mm (tolerância 30/20/20)
[INFO] [1791383204.781069, 1226.038000]: [mission] fase "saida_fora" it2: ponta (0.388, 2.740, 0.838) erro=0.0194 | degrau eixo 2.1° | rolagem 2.1° | IK pediu [-21.3 -12.5   0.   95.7 -18.1] | faltou [-0.2  3.3 -9.2  6.1 -0.2] graus
[INFO] [1791383204.784285, 1226.042000]: [mission] fase "saida_fora" it2: no frame da parede eixo=-5.9 prof=-17.6 alt=-5.6 mm (tolerância 30/20/20)
[INFO] [1791383204.786515, 1226.044000]: [mission] fase "saida_fora" alcançada em 3 iteração(ões) (0.0194 m)
[INFO] [1791383204.787687, 1226.045000]: [mission] ABORT/afasta: RECUANDO 0.250 m só com as rodas
[INFO] [1791383209.390419, 1230.597000]: [mission] ABORT/afasta: concluído (0.250 m)
[INFO] [1791383209.391964, 1230.598000]: [mission] postura "stow_home" comandada: [0.0, 1.13, -1.04, -1.8, 0.0]
[INFO] [1791383252.255164, 1272.850000]: [mission] ABORT/retorno: alinhado, avançando (1.21 m)
[INFO] [1791383252.306964, 1272.901000]: [mission] teto por postura ativo no drive: v<=0.23 w<=0.50 rampa 0.52/1.52
[INFO] [1791383261.495972, 1282.000000]: [mission] ABORT/retorno: chegou, ajustando heading final
[INFO] [1791383261.547980, 1282.050000]: [mission] teto por postura ativo no drive: v<=0.23 w<=0.50 rampa 0.52/1.51
[INFO] [1791383269.715276, 1290.100000]: [mission] ABORT/retorno: concluído
[INFO] [1791383269.719208, 1290.104000]: State machine terminating 'ABORT_SAFE':'aborted':'MISSION_ABORTED'
[INFO] [1791383269.722470, 1290.107000]: [mission] resultado: MISSION_ABORTED
... logging to /home/marco/.ros/log/35efb684-c258-11f1-a7ee-b025aa85b2a2/roslaunch-shiroi-3130627.log
Checking log directory for disk usage. This may take a while.
Press Ctrl-C to interrupt
]2;/home/marco/b166er/src/b166er_whole_body_control/launch/chave_mission.launch
[1mstarted roslaunch server http://shiroi:42927/[0m

SUMMARY
========

PARAMETERS
 * /chave_mission/estado_final: 
 * /chave_mission/estado_inicial: STOW_INIT
 * /chave_mission/pausa_por_fase: False
 * /chave_mission/search_omega: 0.35
 * /chave_mission/standoff_distance: 0.62
 * /chave_mission/use_wholebody: False
 * /chave_seccionadora_task/aproxima_lateral/modo: ik
 * /chave_seccionadora_task/aproxima_lateral/offset_xyz_m: [-0.09, 0.008, 0.01]
 * /chave_seccionadora_task/aproxima_lateral/tol_xyz_m: [0.04, 0.008, 0.005]
 * /chave_seccionadora_task/arco1/blade_angle_deg: 15
 * /chave_seccionadora_task/arco1/deriva_eixo_max_m: 0.015
 * /chave_seccionadora_task/arco1/modo: wb
 * /chave_seccionadora_task/arco1/offset_xyz_m: [0.0, 0.0518, -0....
 * /chave_seccionadora_task/arco1/soltura_recuo_min_m: 0.04
 * /chave_seccionadora_task/arco1/tol_xyz_m: [0.04, 0.01, 0.015]
 * /chave_seccionadora_task/arco2/blade_angle_deg: 30
 * /chave_seccionadora_task/arco2/deriva_eixo_max_m: 0.015
 * /chave_seccionadora_task/arco2/modo: wb
 * /chave_seccionadora_task/arco2/offset_xyz_m: [0.0, 0.1, -0.0518]
 * /chave_seccionadora_task/arco2/tol_xyz_m: [0.04, 0.01, 0.015]
 * /chave_seccionadora_task/atravessa/modo: ik
 * /chave_seccionadora_task/atravessa/offset_xyz_m: [-0.008, 0.008, 0...
 * /chave_seccionadora_task/atravessa/tol_xyz_m: [0.008, 0.006, 0....
 * /chave_seccionadora_task/captura/modo: ik
 * /chave_seccionadora_task/captura/offset_xyz_m: [0.0, 0.0, -0.01]
 * /chave_seccionadora_task/captura/tol_xyz_m: [0.04, 0.006, 0.01]
 * /chave_seccionadora_task/desengata/modo: ik
 * /chave_seccionadora_task/desengata/offset_xyz_m: [-0.09, 0.1, -0.0...
 * /chave_seccionadora_task/destrava/curso_estagna_m: 0.01
 * /chave_seccionadora_task/destrava/curso_margem_m: 0.002
 * /chave_seccionadora_task/destrava/curso_min_m: 0.018
 * /chave_seccionadora_task/destrava/curso_teto_m: 0.022
 * /chave_seccionadora_task/destrava/modo: wb
 * /chave_seccionadora_task/destrava/offset_xyz_m: [0.0, 0.0, -0.025]
 * /chave_seccionadora_task/destrava/tol_xyz_m: [0.04, 0.006, 0.004]
 * /chave_seccionadora_task/libera/deriva_eixo_max_m: 0.015
 * /chave_seccionadora_task/libera/modo: wb
 * /chave_seccionadora_task/libera/offset_xyz_m: [0.0, 0.03, -0.025]
 * /chave_seccionadora_task/libera/tol_xyz_m: [0.04, 0.008, 0.006]
 * /chave_seccionadora_task/orienta/modo: ik
 * /chave_seccionadora_task/orienta/offset_xyz_m: [-0.09, 0.15, 0.0...
 * /chave_seccionadora_task/reassenta_sobe/tol_xyz_m: [0.03, 0.02, 0.005]
 * /chave_seccionadora_task/saida_eixo/tol_xyz_m: [0.02, 0.02, 0.015]
 * /chave_seccionadora_task/saida_fora/tol_xyz_m: [0.03, 0.02, 0.02]
 * /chave_seccionadora_task/saida_sobe/tol_xyz_m: [0.03, 0.02, 0.01]
 * /chave_seccionadora_task/target_frame: chave_olhal_link
 * /fuzzy_wb_controller/fixed_gains: []
 * /rosdistro: noetic
 * /rosversion: 1.17.4

NODES
  /
    chave_mission (b166er_whole_body_control/chave_mission.py)

[1mROS_MASTER_URI=http://localhost:11311[0m
]2;/home/marco/b166er/src/b166er_whole_body_control/launch/chave_mission.launch http://localhost:11311
[1mprocess[chave_mission-1]: started with pid [3130671][0m
[1m[chave_mission-1] process has finished cleanly
log file: /home/marco/.ros/log/35efb684-c258-11f1-a7ee-b025aa85b2a2/chave_mission-1*.log[0m
all processes on machine have died, roslaunch will exit
shutting down processing monitor...
... shutting down processing monitor complete
[1mdone[0m
