[31mWARNING: disk usage in log directory [/home/marco/.ros/log] is over 1GB.
It's recommended that you use the 'rosclean' command.[0m
the rosdep view is empty: call 'sudo rosdep init' and 'rosdep update'
[WARN] [1790792020.819758, 90.705000]: [mission] SEARCH: 2 de 25 amostras descartadas como outlier (>0.15 m ou >0.20 rad da mediana)
[INFO] [1790791997.416982, 0.000000]: garra_dx = 0.000 m (fechada)
[INFO] [1790791997.510946, 67.801000]: State machine starting in initial state 'STOW_INIT' with userdata: 
	[]
[INFO] [1790791997.727158, 68.017000]: [mission] pose de partida registrada: (0.01, 1.00, 0.00 rad)
[INFO] [1790791997.727930, 68.017000]: [mission] postura "stow_home" comandada: [0.0, 1.13, -1.04, -1.8, 0.0]
[INFO] [1790791997.829326, 68.118000]: State machine transitioning 'STOW_INIT':'ok'-->'SEARCH'
[INFO] [1790791997.833388, 68.121000]: [mission] postura "search" comandada: [0.0, 1.0, -1.0, 0.0, 0.0]
[INFO] [1790792003.973352, 74.125000]: [mission] SEARCH — girando à procura da tag...
[INFO] [1790792003.975247, 74.127000]: [mission] SEARCH: amostra quando a tag estiver a raio 0.35-0.50 do quadro (vista oblíqua; omega fina 0.15 rad/s)
[INFO] [1790792005.441209, 75.578000]: [mission] SEARCH: tag a raio 0.92 — girando até <= 0.50
[INFO] [1790792012.681688, 82.678000]: [mission] SEARCH: tag a raio 0.50 — parando
[INFO] [1790792012.683849, 82.680000]: [mission] tag avistada — parando para medir
[INFO] [1790792013.700109, 83.688000]: [mission] âncora engatada (coleta do SEARCH)
[INFO] [1790792013.702226, 83.690000]: [mission] SEARCH: coleta com dither ±0.05 rad/s (período 3.0 s)
[INFO] [1790792020.806998, 90.694000]: [mission] âncora solta — 13 correções de deriva
[INFO] [1790792020.808121, 90.694000]: [mission] SEARCH: âncora corrigiu a deriva 13 vez(es) durante a coleta
[INFO] [1790792020.821343, 90.708000]: [mission] SEARCH: 23 amostras — parede (0.032, 3.098, -0.000) yaw=2.838
[INFO] [1790792020.822657, 90.709000]: [mission] parede localizada em (0.032, 3.098, -0.000)
[INFO] [1790792020.828710, 90.715000]: State machine transitioning 'SEARCH':'found'-->'APPROACH'
[INFO] [1790792020.830731, 90.717000]: [mission] APPROACH etapa 1/2 — 1.30 m do olhal, alvo (-0.21, 1.67, 1.27 rad)
[INFO] [1790792020.832591, 90.719000]: [mission] teto por postura ativo no drive: v<=0.17 w<=0.50 rampa 0.45/1.52
[INFO] [1790792025.817969, 95.619000]: [mission] APPROACH: alinhado, avançando (0.88 m)
[INFO] [1790792025.972386, 95.769000]: [mission] teto por postura ativo no drive: v<=0.17 w<=0.50 rampa 0.45/1.52
[INFO] [1790792032.843195, 102.519000]: [mission] APPROACH: chegou, ajustando heading final
[INFO] [1790792032.895513, 102.571000]: [mission] teto por postura ativo no drive: v<=0.17 w<=0.50 rampa 0.45/1.52
[INFO] [1790792036.442823, 106.070000]: [mission] APPROACH: concluído
[INFO] [1790792037.463358, 107.074000]: [mission] âncora engatada (coleta do APPROACH/remedida)
[INFO] [1790792037.465540, 107.076000]: [mission] APPROACH/remedida: coleta com dither ±0.05 rad/s (período 3.0 s)
[INFO] [1790792038.608658, 108.193000]: [mission] âncora solta — 1 correções de deriva
[INFO] [1790792038.609620, 108.194000]: [mission] APPROACH/remedida: âncora corrigiu a deriva 1 vez(es) durante a coleta
[INFO] [1790792038.610637, 108.195000]: [mission] APPROACH/remedida: 10 amostras — parede (0.005, 3.002, -0.003) yaw=-3.137
[INFO] [1790792038.611374, 108.196000]: [mission] APPROACH etapa 2/2 — 0.88 m do olhal, alvo (0.38, 1.99, 1.58 rad)
[INFO] [1790792038.612218, 108.197000]: [mission] teto por postura ativo no drive: v<=0.17 w<=0.50 rampa 0.45/1.51
[INFO] [1790792044.012560, 113.497000]: [mission] APPROACH: alinhado, avançando (0.77 m)
[INFO] [1790792044.062809, 113.547000]: [mission] teto por postura ativo no drive: v<=0.17 w<=0.50 rampa 0.45/1.52
[INFO] [1790792050.167403, 119.547000]: [mission] APPROACH: chegou, ajustando heading final
[INFO] [1790792050.217554, 119.597000]: [mission] teto por postura ativo no drive: v<=0.17 w<=0.50 rampa 0.45/1.52
[INFO] [1790792056.781062, 126.047000]: [mission] APPROACH: concluído
[INFO] [1790792056.784265, 126.050000]: State machine transitioning 'APPROACH':'arrived'-->'REFINE'
[INFO] [1790792056.785326, 126.051000]: [mission] REFINE — remedindo a parede de perto (10 amostras)
[INFO] [1790792056.787424, 126.053000]: [mission] âncora engatada (coleta do REFINE)
[INFO] [1790792056.788058, 126.054000]: [mission] REFINE: coleta com dither ±0.05 rad/s (período 3.0 s)
[INFO] [1790792072.134548, 141.147000]: [mission] âncora solta — 26 correções de deriva
[INFO] [1790792072.136556, 141.149000]: [mission] REFINE: âncora corrigiu a deriva 26 vez(es) durante a coleta
[INFO] [1790792072.140829, 141.152000]: [mission] REFINE: 3 amostras — parede (0.002, 3.010, -0.001) yaw=3.113
[INFO] [1790792072.143529, 141.155000]: [mission] REFINE: deslocou 0.009 m da estimativa anterior
[INFO] [1790792072.146098, 141.158000]: [mission] olhal estimado em (0.198, 2.875, 0.804)
[INFO] [1790792072.154387, 141.166000]: State machine transitioning 'REFINE':'ok'-->'DEPLOY'
[INFO] [1790792072.156875, 141.168000]: [mission] DEPLOY: IK resolvida para a POSE DE MANIPULAÇÃO (0.18, 2.25, 1.54 rad), não para a atual
[INFO] [1790792076.872388, 144.816000]: [mission] DEPLOY: IK nivelada 0.0710 m, só eixo 0.0014 m — a MISSÃO INTEIRA usa "eixo"
[INFO] [1790792076.874633, 145.878000]: [mission] DEPLOY: IK da ponta resolvida (resíduo 0.0014 m, degrau 0.4°) — pré-posicionando em [-10.9 -46.5  60.   78.5  79.1] graus
[INFO] [1790792083.900856, 152.779000]: [mission] plano de exclusão publicado: parede em [ 2.00e-03  3.01e+00 -1.00e-03], normal segura [-0.028 -1.     0.   ]
[INFO] [1790792084.117447, 152.991000]: [mission] teto por postura ativo no drive: v<=0.23 w<=0.50 rampa 0.52/1.64
[INFO] [1790792087.874995, 156.691000]: [mission] DEPLOY/aproxima: alinhado, avançando (0.41 m)
[INFO] [1790792091.824267, 160.541000]: [mission] DEPLOY/aproxima: chegou, ajustando heading final
[INFO] [1790792095.897580, 164.541000]: [mission] DEPLOY/aproxima: concluído
[INFO] [1790792095.898944, 164.542000]: State machine transitioning 'DEPLOY':'ok'-->'MANIPULATE'
[INFO] [1790792095.900526, 164.544000]: [mission] fase "orienta": modo IK iterativa (YAML)
[INFO] [1790792095.904289, 164.548000]: [mission] âncora engatada (fase "orienta")
[INFO] [1790792100.093284, 168.655000]: [mission] fase "orienta" it0: ponta (0.284, 2.723, 0.814) erro=0.0013 | degrau eixo 0.2° | rolagem 0.2° | IK pediu [-19.7 -23.2  13.8  98.8  75.1] | faltou [0. 0. 0. 0. 0.] graus
[INFO] [1790792100.095470, 168.657000]: [mission] âncora solta — 5 correções de deriva
[INFO] [1790792100.097051, 168.659000]: [mission] fase "orienta" alcançada em 1 iteração(ões) (0.0013 m) — âncora corrigiu 5 vez(es)
[INFO] [1790792100.614902, 169.164000]: [mission] fase "aproxima_lateral": modo IK iterativa (YAML)
[INFO] [1790792100.618141, 169.167000]: [mission] âncora engatada (fase "aproxima_lateral")
[INFO] [1790792103.609349, 172.070000]: [mission] fase "aproxima_lateral" it0: ponta (0.289, 2.877, 0.809) erro=0.0078 | degrau eixo 5.7° | rolagem 5.6° | IK pediu [-16.6 -12.4   0.   73.3  79.8] | faltou [ 0.  -0.5  0.2  0.7  0. ] graus
[INFO] [1790792103.611657, 172.073000]: [mission] fase "aproxima_lateral" it0: no frame da parede eixo=+0.3 prof=+5.3 alt=+5.7 mm (tolerância 40/8/5)
[INFO] [1790792105.142613, 173.577000]: [mission] fase "aproxima_lateral" it1: ponta (0.289, 2.872, 0.814) erro=0.0009 | degrau eixo 5.4° | rolagem 5.8° | IK pediu [-16.7 -12.3   0.   74.5  79.6] | faltou [ 0.  -0.2 -0.6 -0.9  0.1] graus
[INFO] [1790792105.145570, 173.580000]: [mission] fase "aproxima_lateral" it1: no frame da parede eixo=+0.2 prof=+0.2 alt=+0.9 mm (tolerância 40/8/5)
[INFO] [1790792105.148065, 173.583000]: [mission] fase "aproxima_lateral" alcançada em 2 iteração(ões) (0.0009 m)
[INFO] [1790792105.660326, 174.089000]: [mission] fase "atravessa": modo IK iterativa (YAML)
[INFO] [1790792105.665383, 174.094000]: [mission] âncora engatada (fase "atravessa")
[INFO] [1790792107.413806, 175.807000]: [mission] fase "atravessa" it0: ponta (0.228, 2.876, 0.809) erro=0.0224 | degrau eixo 2.2° | rolagem 2.7° | IK pediu [ -9.9 -13.4   0.1  77.1  85.5] | faltou [-1.8 -0.2 -0.4 -0.6 -0.7] graus
[INFO] [1790792107.417386, 175.811000]: [mission] fase "atravessa" it0: no frame da parede eixo=+21.5 prof=+2.6 alt=+5.6 mm (tolerância 8/6/5)
[INFO] [1790792108.957268, 177.316000]: [mission] fase "atravessa" it1: ponta (0.228, 2.874, 0.812) erro=0.0216 | degrau eixo 1.5° | rolagem 1.9° | IK pediu [ -8.4 -13.1   0.2  77.9  86.8] | faltou [-3.3 -0.4 -0.6 -0.9 -0.5] graus
[WARN] [1790792115.876137, 184.082000]: [mission] fase "destrava": descida estagnou em 10.4 mm (mín 10 para aceitar; alvo 18) — fim de curso do mecanismo, fechando a fase
[WARN] [1790792116.087957, 184.291000]: [mission] destrava: lingueta em 6.8 mm (esperado ≥ 12) — o gatilho pode não ter soltado
[WARN] [1790792130.295658, 198.206000]: [mission] RETRACT: ponta a 0.141 m do olhal — saindo em degraus: sobe 30 mm, 120 mm pelo eixo do furo, 100 mm para fora, antes de recolher
[INFO] [1790792108.960477, 177.320000]: [mission] fase "atravessa" it1: no frame da parede eixo=+21.4 prof=+0.1 alt=+2.6 mm (tolerância 8/6/5)
[INFO] [1790792110.516865, 178.829000]: [mission] fase "atravessa" it2: ponta (0.210, 2.871, 0.812) erro=0.0052 | degrau eixo 0.9° | rolagem 0.9° | IK pediu [ -6.9 -13.    0.3  78.2  88.1] | faltou [-3.4 -0.8 -0.2 -0.1 -0. ] graus
[INFO] [1790792110.520327, 178.833000]: [mission] fase "atravessa" it2: no frame da parede eixo=+3.8 prof=-3.0 alt=+2.0 mm (tolerância 8/6/5)
[INFO] [1790792110.522157, 178.835000]: [mission] âncora solta — 1 correções de deriva
[INFO] [1790792110.523610, 178.836000]: [mission] fase "atravessa" alcançada em 3 iteração(ões) (0.0052 m) — âncora corrigiu 1 vez(es)
[INFO] [1790792111.046318, 179.344000]: [mission] fase "captura": modo IK iterativa (YAML)
[INFO] [1790792111.050504, 179.348000]: [mission] âncora engatada (fase "captura")
[INFO] [1790792112.580976, 180.852000]: [mission] fase "captura" it0: ponta (0.209, 2.875, 0.792) erro=0.0112 | degrau eixo 1.9° | rolagem 1.8° | IK pediu [ -9.2 -15.7  -0.1  78.9  86.1] | faltou [-1.1 -0.3 -0.2 -0.   0.4] graus
[INFO] [1790792112.586161, 180.855000]: [mission] fase "captura" it0: no frame da parede eixo=+10.8 prof=+0.7 alt=+2.8 mm (tolerância 40/6/10)
[INFO] [1790792112.589217, 180.860000]: [mission] fase "captura" alcançada em 1 iteração(ões) (0.0112 m)
[INFO] [1790792112.600007, 180.870000]: [mission] captura: ponta registrada em eixo=-10.8 prof=-0.7 alt=-12.8 mm (zero da descida do destrava e da deriva de eixo)
[INFO] [1790792113.119561, 181.372000]: [mission] fase "destrava": alvo em altura relativo à captura: -32.8 mm (captura -12.8 − curso 18 − margem 2)
[INFO] [1790792113.121226, 181.373000]: [mission] fase "destrava": modo whole-body/Fuzzy (YAML)
[INFO] [1790792113.328737, 181.576000]: [mission] plano de exclusão publicado: parede em [ 2.00e-03  3.01e+00 -1.00e-03], normal segura [-0.028 -1.     0.   ]
[INFO] [1790792113.640919, 181.881000]: [mission] fase "destrava": whole-body assumiu (base livre, restrita pelo plano de exclusão)
[INFO] [1790792113.642457, 181.882000]: [mission] fase "destrava": whole-body a 0.0213 m do alvo — eixo=+10.8 prof=+0.4 alt=-18.4 mm
[INFO] [1790792115.775444, 183.982000]: [mission] fase "destrava": whole-body a 0.0151 m do alvo — eixo=+10.7 prof=-4.0 alt=-9.9 mm
[INFO] [1790792116.086551, 184.290000]: [mission] destrava: ponta desceu 10.5 mm desde a captura (critério observável) | lingueta 6.8 mm (só na simulação)
[INFO] [1790792116.603706, 184.793000]: [mission] fase "libera": modo whole-body/Fuzzy (YAML)
[INFO] [1790792116.814612, 184.994000]: [mission] plano de exclusão publicado: parede em [ 2.00e-03  3.01e+00 -1.00e-03], normal segura [-0.028 -1.     0.   ]
[INFO] [1790792117.126506, 185.299000]: [mission] fase "libera": whole-body assumiu (base livre, restrita pelo plano de exclusão)
[INFO] [1790792117.840643, 186.001000]: [mission] fase "libera": whole-body a 0.0254 m do alvo — eixo=+10.7 prof=+23.0 alt=+2.3 mm
[INFO] [1790792119.886017, 188.002000]: [mission] fase "libera": whole-body a 0.0158 m do alvo — eixo=+11.3 prof=-4.2 alt=+10.2 mm
[INFO] [1790792121.818141, 189.901000]: [mission] fase "libera" alcançada por whole-body em 4.6s (0.0116 m) — no frame da parede eixo=+11.2 prof=-2.5 alt=-1.5 mm (tolerância 40/8/6)
[INFO] [1790792122.555459, 190.610000]: [mission] fase "arco1"/puxa: RECUANDO 0.022 m só com as rodas
[INFO] [1790792123.018541, 191.061000]: [mission] fase "arco1"/puxa: concluído (0.023 m)
[INFO] [1790792123.020445, 191.063000]: [mission] fase "arco1": modo whole-body/Fuzzy (YAML)
[INFO] [1790792123.229780, 191.265000]: [mission] plano de exclusão publicado: parede em [ 2.00e-03  3.01e+00 -1.00e-03], normal segura [-0.028 -1.     0.   ]
[INFO] [1790792123.535876, 191.568000]: [mission] fase "arco1": whole-body assumiu (base livre, restrita pelo plano de exclusão)
[INFO] [1790792123.537275, 191.569000]: [mission] fase "arco1": whole-body a 0.0142 m do alvo — eixo=+11.6 prof=+8.2 alt=+0.6 mm
[INFO] [1790792123.940507, 191.969000]: [mission] fase "arco1" alcançada por whole-body em 0.4s (0.0126 m) — no frame da parede eixo=+11.7 prof=+4.6 alt=+0.9 mm (tolerância 40/10/15)
[INFO] [1790792123.941544, 191.970000]: [mission] arco1: SOLTURA observável — recuo 48.0 mm desde a captura (mín 40) com deriva de eixo -0.9 mm → SOLTA
[INFO] [1790792124.152618, 192.179000]: [mission] waypoint de 15° — lâmina medida em 13.8° (abertura por CONTATO)
[INFO] [1790792124.666938, 192.680000]: [mission] fase "arco2"/puxa: RECUANDO 0.048 m só com as rodas
[INFO] [1790792125.631838, 193.631000]: [mission] fase "arco2"/puxa: concluído (0.053 m)
[INFO] [1790792125.632767, 193.632000]: [mission] fase "arco2": modo whole-body/Fuzzy (YAML)
[INFO] [1790792125.848844, 193.833000]: [mission] plano de exclusão publicado: parede em [ 2.00e-03  3.01e+00 -1.00e-03], normal segura [-0.028 -1.     0.   ]
[INFO] [1790792126.154245, 194.135000]: [mission] fase "arco2": whole-body assumiu (base livre, restrita pelo plano de exclusão)
[INFO] [1790792126.155945, 194.136000]: [mission] fase "arco2": whole-body a 0.0178 m do alvo — eixo=+13.2 prof=-3.7 alt=-11.4 mm
[INFO] [1790792126.559205, 194.536000]: [mission] fase "arco2" alcançada por whole-body em 0.4s (0.0186 m) — no frame da parede eixo=+13.2 prof=-5.3 alt=-11.9 mm (tolerância 40/10/15)
[INFO] [1790792126.769963, 194.742000]: [mission] waypoint de 30° — lâmina medida em 29.3° (abertura por CONTATO)
[INFO] [1790792127.279657, 195.243000]: [mission] fase "desengata": modo IK iterativa (YAML)
[INFO] [1790792127.287457, 195.250000]: [mission] âncora engatada (fase "desengata")
[INFO] [1790792129.354156, 197.282000]: [mission] fase "desengata" it0: ponta (0.286, 2.779, 0.747) erro=0.0088 | degrau eixo 5.6° | rolagem 5.9° | IK pediu [-15.9 -20.   -0.   80.   80.2] | faltou [ 0.1 -0.2 -0.4 -0.5  0. ] graus
[INFO] [1790792129.359488, 197.287000]: [mission] fase "desengata" alcançada em 1 iteração(ões) (0.0088 m)
[INFO] [1790792129.880963, 197.801000]: [mission] MANIPULATE concluída — chave ABERTA, lâmina medida em 29.4°
[INFO] [1790792129.883495, 197.803000]: State machine transitioning 'MANIPULATE':'done'-->'RETRACT'
[INFO] [1790792130.302503, 198.212000]: [mission] âncora engatada (fase "saida_sobe")
[INFO] [1790792131.889012, 199.771000]: [mission] fase "saida_sobe" it0: ponta (0.287, 2.786, 0.771) erro=0.0082 | degrau eixo 5.5° | rolagem 5.7° | IK pediu [-15.8 -17.1   0.   78.1  80. ] | faltou [ 0.  -0.4 -0.3 -0.2  0. ] graus
[INFO] [1790792131.890469, 199.773000]: [mission] fase "saida_sobe" it0: no frame da parede eixo=+0.5 prof=+6.1 alt=+5.6 mm (tolerância 30/20/10)
[INFO] [1790792131.891285, 199.773000]: [mission] fase "saida_sobe" alcançada em 1 iteração(ões) (0.0082 m)
[INFO] [1790792131.893506, 199.776000]: [mission] âncora engatada (fase "saida_eixo")
[INFO] [1790792133.828029, 201.678000]: [mission] fase "saida_eixo" it0: ponta (0.406, 2.784, 0.770) erro=0.0099 | degrau eixo 11.9° | rolagem 12.4° | IK pediu [-25.3 -14.9   0.   69.7  72.7] | faltou [ 0.  -0.3 -0.4 -0.5  0. ] graus
[INFO] [1790792133.832820, 201.683000]: [mission] fase "saida_eixo" it0: no frame da parede eixo=-0.4 prof=+7.1 alt=+6.9 mm (tolerância 20/20/15)
[INFO] [1790792133.836117, 201.686000]: [mission] fase "saida_eixo" alcançada em 1 iteração(ões) (0.0099 m)
[INFO] [1790792133.840854, 201.690000]: [mission] âncora engatada (fase "saida_fora")
[INFO] [1790792136.696538, 204.499000]: [mission] fase "saida_fora" it0: ponta (0.403, 2.683, 0.774) erro=0.0066 | degrau eixo 6.7° | rolagem 7.1° | IK pediu [-28.7 -20.3  -0.   93.9  66.6] | faltou [ 0.1 -0.2 -0.3 -0.4  0. ] graus
[INFO] [1790792136.701028, 204.504000]: [mission] fase "saida_fora" it0: no frame da parede eixo=-1.0 prof=+5.7 alt=+3.0 mm (tolerância 30/20/20)
[INFO] [1790792136.704963, 204.508000]: [mission] âncora solta — 1 correções de deriva
[INFO] [1790792136.707811, 204.510000]: [mission] fase "saida_fora" alcançada em 1 iteração(ões) (0.0066 m) — âncora corrigiu 1 vez(es)
[INFO] [1790792136.710437, 204.512000]: [mission] RETRACT/afasta: RECUANDO 0.250 m só com as rodas
[INFO] [1790792141.259431, 208.965000]: [mission] RETRACT/afasta: concluído (0.250 m)
[INFO] [1790792141.261884, 208.967000]: [mission] postura "stow_home" comandada: [0.0, 1.13, -1.04, -1.8, 0.0]
[INFO] [1790792152.996356, 220.469000]: State machine transitioning 'RETRACT':'ok'-->'RETURN'
[INFO] [1790792152.998623, 220.470000]: [mission] RETURN — voltando a (0.01, 1.00, 0.00 rad)
[INFO] [1790792166.679401, 233.923000]: [mission] RETURN: alinhado, avançando (1.16 m)
[INFO] [1790792166.732128, 233.974000]: [mission] teto por postura ativo no drive: v<=0.23 w<=0.50 rampa 0.51/1.52
[INFO] [1790792175.355106, 242.473000]: [mission] RETURN: chegou, ajustando heading final
[INFO] [1790792175.406878, 242.523000]: [mission] teto por postura ativo no drive: v<=0.23 w<=0.50 rampa 0.51/1.52
[INFO] [1790792183.367003, 250.323000]: [mission] RETURN: concluído
[INFO] [1790792183.368589, 250.325000]: State machine terminating 'RETURN':'home':'MISSION_OK'
[INFO] [1790792183.369780, 250.326000]: [mission] resultado: MISSION_OK
... logging to /home/marco/.ros/log/6face59e-bcfa-11f1-b39b-b025aa85b2a2/roslaunch-shiroi-2080837.log
Checking log directory for disk usage. This may take a while.
Press Ctrl-C to interrupt
]2;/home/marco/b166er/src/b166er_whole_body_control/launch/chave_mission.launch
[1mstarted roslaunch server http://shiroi:41969/[0m

SUMMARY
========

PARAMETERS
 * /chave_mission/estado_final: 
 * /chave_mission/estado_inicial: STOW_INIT
 * /chave_mission/pausa_por_fase: False
 * /chave_mission/search_omega: 0.35
 * /chave_mission/standoff_distance: 0.62
 * /chave_mission/use_wholebody: False
 * /chave_seccionadora_task/aproxima_lateral/modo: ik
 * /chave_seccionadora_task/aproxima_lateral/offset_xyz_m: [-0.09, 0.0, 0.01]
 * /chave_seccionadora_task/aproxima_lateral/tol_xyz_m: [0.04, 0.008, 0.005]
 * /chave_seccionadora_task/arco1/blade_angle_deg: 15
 * /chave_seccionadora_task/arco1/deriva_eixo_max_m: 0.015
 * /chave_seccionadora_task/arco1/modo: wb
 * /chave_seccionadora_task/arco1/offset_xyz_m: [0.0, 0.0518, -0....
 * /chave_seccionadora_task/arco1/soltura_recuo_min_m: 0.04
 * /chave_seccionadora_task/arco1/tol_xyz_m: [0.04, 0.01, 0.015]
 * /chave_seccionadora_task/arco2/blade_angle_deg: 30
 * /chave_seccionadora_task/arco2/deriva_eixo_max_m: 0.015
 * /chave_seccionadora_task/arco2/modo: wb
 * /chave_seccionadora_task/arco2/offset_xyz_m: [0.0, 0.1, -0.0518]
 * /chave_seccionadora_task/arco2/tol_xyz_m: [0.04, 0.01, 0.015]
 * /chave_seccionadora_task/atravessa/modo: ik
 * /chave_seccionadora_task/atravessa/offset_xyz_m: [-0.008, 0.0, 0.01]
 * /chave_seccionadora_task/atravessa/tol_xyz_m: [0.008, 0.006, 0....
 * /chave_seccionadora_task/captura/modo: ik
 * /chave_seccionadora_task/captura/offset_xyz_m: [0.0, 0.0, -0.01]
 * /chave_seccionadora_task/captura/tol_xyz_m: [0.04, 0.006, 0.01]
 * /chave_seccionadora_task/desengata/modo: ik
 * /chave_seccionadora_task/desengata/offset_xyz_m: [-0.09, 0.1, -0.0...
 * /chave_seccionadora_task/destrava/curso_estagna_m: 0.01
 * /chave_seccionadora_task/destrava/curso_margem_m: 0.002
 * /chave_seccionadora_task/destrava/curso_min_m: 0.018
 * /chave_seccionadora_task/destrava/modo: wb
 * /chave_seccionadora_task/destrava/offset_xyz_m: [0.0, 0.0, -0.025]
 * /chave_seccionadora_task/destrava/tol_xyz_m: [0.04, 0.006, 0.004]
 * /chave_seccionadora_task/libera/deriva_eixo_max_m: 0.015
 * /chave_seccionadora_task/libera/modo: wb
 * /chave_seccionadora_task/libera/offset_xyz_m: [0.0, 0.03, -0.025]
 * /chave_seccionadora_task/libera/tol_xyz_m: [0.04, 0.008, 0.006]
 * /chave_seccionadora_task/orienta/modo: ik
 * /chave_seccionadora_task/orienta/offset_xyz_m: [-0.09, 0.15, 0.0...
 * /chave_seccionadora_task/reassenta_sobe/tol_xyz_m: [0.03, 0.02, 0.005]
 * /chave_seccionadora_task/saida_eixo/tol_xyz_m: [0.02, 0.02, 0.015]
 * /chave_seccionadora_task/saida_fora/tol_xyz_m: [0.03, 0.02, 0.02]
 * /chave_seccionadora_task/saida_sobe/tol_xyz_m: [0.03, 0.02, 0.01]
 * /chave_seccionadora_task/target_frame: chave_olhal_link
 * /fuzzy_wb_controller/fixed_gains: []
 * /rosdistro: noetic
 * /rosversion: 1.17.4

NODES
  /
    chave_mission (b166er_whole_body_control/chave_mission.py)

[1mROS_MASTER_URI=http://localhost:11311[0m
]2;/home/marco/b166er/src/b166er_whole_body_control/launch/chave_mission.launch http://localhost:11311
[1mprocess[chave_mission-1]: started with pid [2080887][0m
[1m[chave_mission-1] process has finished cleanly
log file: /home/marco/.ros/log/6face59e-bcfa-11f1-b39b-b025aa85b2a2/chave_mission-1*.log[0m
all processes on machine have died, roslaunch will exit
shutting down processing monitor...
... shutting down processing monitor complete
[1mdone[0m
