[31mWARNING: disk usage in log directory [/home/marco/.ros/log] is over 1GB.
It's recommended that you use the 'rosclean' command.[0m
the rosdep view is empty: call 'sudo rosdep init' and 'rosdep update'
[WARN] [1791483839.952745, 110.943000]: [mission] SEARCH: 5 de 25 amostras descartadas como outlier (>0.15 m ou >0.20 rad da mediana)
[WARN] [1791483840.005430, 110.995000]: [mission] SEARCH: laser discorda demais da tag (profundidade +89 mm, yaw +6.8°) — parede fica pela tag
[ERROR] [1791483884.758174, 155.040000]: [mission] REFINE: só 0 amostras da tag
[WARN] [1791483884.813969, 155.095000]: [mission] REFINE: tag não visível no standoff — seguindo com a estimativa da aproximação (erro típico ~13 mm com a tag de 220 mm)
[INFO] [1791483783.821948, 55.740000]: garra_dx = 0.000 m (fechada)
[INFO] [1791483783.948121, 55.865000]: State machine starting in initial state 'HOME' with userdata: 
	[]
[INFO] [1791483784.153489, 56.066000]: [mission] pose de partida registrada: (0.00, 1.00, -0.00 rad)
[INFO] [1791483784.156879, 56.069000]: [mission] HOME: homing pelos fins de curso (J4, J3, J2)
[INFO] [1791483811.710944, 83.170000]: [mission] HOME: braço nos três fins de curso — em HOME
[INFO] [1791483811.713417, 83.172000]: [mission] HOME: partindo daqui para o SEARCH
[INFO] [1791483811.716241, 83.175000]: State machine transitioning 'HOME':'ok'-->'SEARCH'
[INFO] [1791483811.719919, 83.178000]: [mission] postura "search" comandada: [0.0, 1.0, -1.0, 0.0, 0.0]
[INFO] [1791483823.334694, 94.581000]: [mission] SEARCH — girando à procura da tag...
[INFO] [1791483823.336933, 94.583000]: [mission] SEARCH: amostra quando a tag estiver a raio 0.35-0.50 do quadro (vista oblíqua; omega fina 0.15 rad/s)
[INFO] [1791483825.170573, 96.384000]: [mission] SEARCH: tag a raio 0.91 — girando até <= 0.50
[INFO] [1791483832.639789, 103.737000]: [mission] SEARCH: tag a raio 0.49 — parando
[INFO] [1791483832.641460, 103.738000]: [mission] tag avistada — parando para medir
[INFO] [1791483833.661003, 104.746000]: [mission] âncora engatada (coleta do SEARCH)
[INFO] [1791483833.662719, 104.747000]: [mission] SEARCH: coleta com dither ±0.05 rad/s (período 3.0 s)
[INFO] [1791483839.942643, 110.933000]: [mission] âncora solta — 13 correções de deriva
[INFO] [1791483839.943890, 110.934000]: [mission] SEARCH: âncora corrigiu a deriva 13 vez(es) durante a coleta
[INFO] [1791483839.953848, 110.944000]: [mission] SEARCH: 20 amostras — parede (0.011, 3.090, -0.006) yaw=3.020
[INFO] [1791483840.006377, 110.996000]: [mission] parede localizada em (0.011, 3.090, -0.006)
[INFO] [1791483840.009515, 110.999000]: State machine transitioning 'SEARCH':'found'-->'APPROACH'
[INFO] [1791483840.010569, 111.000000]: [mission] APPROACH etapa 1/2 — 1.30 m do olhal, alvo (0.04, 1.65, 1.45 rad)
[INFO] [1791483843.732494, 114.651000]: [mission] APPROACH: alinhado, avançando (0.78 m)
[INFO] [1791483843.782891, 114.701000]: [mission] teto por postura ativo no drive: v<=0.18 w<=0.50 rampa 0.46/1.51
[INFO] [1791483849.931874, 120.751000]: [mission] APPROACH: chegou, ajustando heading final
[INFO] [1791483849.981989, 120.801000]: [mission] teto por postura ativo no drive: v<=0.17 w<=0.50 rampa 0.45/1.52
[INFO] [1791483852.229054, 123.001000]: [mission] APPROACH: concluído
[INFO] [1791483853.242012, 124.005000]: [mission] âncora engatada (coleta do APPROACH/remedida)
[INFO] [1791483853.243857, 124.007000]: [mission] APPROACH/remedida: coleta com dither ±0.05 rad/s (período 3.0 s)
[INFO] [1791483854.390697, 125.134000]: [mission] âncora solta — 1 correções de deriva
[INFO] [1791483854.391879, 125.135000]: [mission] APPROACH/remedida: âncora corrigiu a deriva 1 vez(es) durante a coleta
[INFO] [1791483854.393320, 125.137000]: [mission] APPROACH/remedida: 10 amostras — parede (0.008, 3.027, -0.004) yaw=3.100
[INFO] [1791483854.446972, 125.189000]: [mission] APPROACH/remedida: parede pelo LASER — 74 pontos, resíduo 5.3 mm: profundidade +28.2 mm e yaw +2.15° em relação à tag → parede (0.008, 2.999, -0.004) yaw=3.138
[INFO] [1791483854.448762, 125.191000]: [mission] APPROACH etapa 2/2 — 0.88 m do olhal, alvo (0.37, 1.99, 1.57 rad)
[INFO] [1791483858.301205, 128.992000]: [mission] APPROACH: alinhado, avançando (0.59 m)
[INFO] [1791483858.351960, 129.042000]: [mission] teto por postura ativo no drive: v<=0.18 w<=0.50 rampa 0.46/1.51
[INFO] [1791483863.731265, 134.342000]: [mission] APPROACH: chegou, ajustando heading final
[INFO] [1791483863.782259, 134.392000]: [mission] teto por postura ativo no drive: v<=0.18 w<=0.50 rampa 0.46/1.51
[INFO] [1791483869.446061, 139.992000]: [mission] APPROACH: concluído
[INFO] [1791483869.451964, 139.998000]: State machine transitioning 'APPROACH':'arrived'-->'REFINE'
[INFO] [1791483869.454519, 140.000000]: [mission] REFINE — remedindo a parede de perto (10 amostras)
[INFO] [1791483869.459702, 140.005000]: [mission] âncora engatada (coleta do REFINE)
[INFO] [1791483869.461795, 140.007000]: [mission] REFINE: coleta com dither ±0.05 rad/s (período 3.0 s)
[INFO] [1791483884.755795, 155.038000]: [mission] âncora solta — 19 correções de deriva
[INFO] [1791483884.757074, 155.039000]: [mission] REFINE: âncora corrigiu a deriva 19 vez(es) durante a coleta
[INFO] [1791483884.811890, 155.093000]: [mission] REFINE (sem tag): parede pelo LASER — 90 pontos, resíduo 5.2 mm: profundidade -2.1 mm e yaw +0.26° em relação à tag → parede (0.008, 3.001, -0.004) yaw=-3.141
[INFO] [1791483884.815728, 155.097000]: [mission] olhal estimado em (0.208, 2.871, 0.801)
[INFO] [1791483884.821022, 155.102000]: State machine transitioning 'REFINE':'ok'-->'DEPLOY'
[INFO] [1791483884.822926, 155.104000]: [mission] DEPLOY: IK resolvida para a POSE DE MANIPULAÇÃO (0.21, 2.25, 1.57 rad), não para a atual
[INFO] [1791483889.674691, 159.221000]: [mission] DEPLOY: IK nivelada 0.0718 m, só eixo 0.0012 m — a MISSÃO INTEIRA usa "eixo"
[INFO] [1791483889.678462, 159.942000]: [mission] DEPLOY: IK da ponta resolvida (resíduo 0.0012 m, degrau 0.3°) — pré-posicionando em [-10.9 -47.   60.   78.8 -10.9] graus
[INFO] [1791483900.474473, 170.543000]: [mission] plano de exclusão publicado: parede em [ 0.008  3.001 -0.004], normal segura [ 0.001 -1.     0.   ]
[INFO] [1791483900.677199, 170.750000]: [mission] teto por postura ativo no drive: v<=0.26 w<=0.50 rampa 0.55/1.62
[INFO] [1791483904.276213, 174.299000]: [mission] DEPLOY/aproxima: alinhado, avançando (0.43 m)
[INFO] [1791483908.529088, 178.499000]: [mission] DEPLOY/aproxima: chegou, ajustando heading final
[INFO] [1791483913.115249, 183.000000]: [mission] DEPLOY/aproxima: concluído
[INFO] [1791483913.117253, 183.002000]: State machine transitioning 'DEPLOY':'ok'-->'MANIPULATE'
[INFO] [1791483913.120068, 183.004000]: [mission] fase "orienta": modo IK iterativa (YAML)
[INFO] [1791483913.124476, 183.009000]: [mission] âncora engatada (fase "orienta")
[INFO] [1791483924.587458, 194.314000]: [mission] fase "orienta" it0: ponta (0.295, 2.725, 0.809) erro=0.0051 | degrau eixo 0.5° | rolagem 0.6° | IK pediu [-20.5 -19.5   4.4 103.1 -16.1] | faltou [ 0.4 -1.3  3.  -1.8 -0.1] graus
[INFO] [1791483924.589427, 194.316000]: [mission] âncora solta — 11 correções de deriva
[INFO] [1791483924.590442, 194.317000]: [mission] fase "orienta" alcançada em 1 iteração(ões) (0.0051 m) — âncora corrigiu 11 vez(es)
[INFO] [1791483925.101381, 194.821000]: [mission] fase "aproxima_lateral": modo IK iterativa (YAML)
[INFO] [1791483925.106470, 194.826000]: [mission] âncora engatada (fase "aproxima_lateral")
[INFO] [1791483929.068682, 198.729000]: [mission] fase "aproxima_lateral" it0: ponta (0.299, 2.866, 0.811) erro=0.0027 | degrau eixo 6.1° | rolagem 6.1° | IK pediu [-17.3 -12.8  -0.   74.4 -11.5] | faltou [0. 0. 0. 0. 0.] graus
[INFO] [1791483929.071924, 198.732000]: [mission] fase "aproxima_lateral" it0: no frame da parede eixo=+1.1 prof=+2.5 alt=-0.2 mm (tolerância 40/8/5)
[INFO] [1791483929.073792, 198.734000]: [mission] âncora solta — 2 correções de deriva
[INFO] [1791483929.075195, 198.736000]: [mission] fase "aproxima_lateral" alcançada em 1 iteração(ões) (0.0027 m) — âncora corrigiu 2 vez(es)
[INFO] [1791483929.589968, 199.245000]: [mission] fase "atravessa": modo IK iterativa (YAML)
[INFO] [1791483929.595208, 199.250000]: [mission] âncora engatada (fase "atravessa")
[INFO] [1791483935.885462, 205.426000]: [mission] fase "atravessa" it0: ponta (0.219, 2.866, 0.811) erro=0.0041 | degrau eixo 2.6° | rolagem 2.6° | IK pediu [-10.6 -13.9   0.1  79.2  -5.7] | faltou [-0.4 -1.4  3.2 -1.7 -0. ] graus
[INFO] [1791483935.888269, 205.429000]: [mission] fase "atravessa" it0: no frame da parede eixo=+3.0 prof=+2.8 alt=-0.2 mm (tolerância 8/6/5)
[INFO] [1791483935.889508, 205.431000]: [mission] âncora solta — 4 correções de deriva
[INFO] [1791483935.890414, 205.431000]: [mission] fase "atravessa" alcançada em 1 iteração(ões) (0.0041 m) — âncora corrigiu 4 vez(es)
[WARN] [1791483958.025082, 227.182000]: [mission] RETRACT: ponta a 0.132 m do olhal — saindo em degraus: sobe 30 mm, 120 mm pelo eixo do furo, 100 mm para fora, antes de recolher
[INFO] [1791483936.416745, 205.937000]: [mission] fase "captura": modo IK iterativa (YAML)
[INFO] [1791483936.426717, 205.944000]: [mission] âncora engatada (fase "captura")
[INFO] [1791483941.525029, 210.947000]: [mission] fase "captura" it0: ponta (0.213, 2.874, 0.791) erro=0.0046 | degrau eixo 2.8° | rolagem 2.8° | IK pediu [-10.6 -16.1   0.1  79.5  -5.7] | faltou [ 0.4 -0.  -0.  -0.1  0. ] graus
[INFO] [1791483941.529289, 210.951000]: [mission] fase "captura" it0: no frame da parede eixo=-3.2 prof=+3.3 alt=+0.1 mm (tolerância 8/6/10)
[INFO] [1791483941.531858, 210.953000]: [mission] âncora solta — 3 correções de deriva
[INFO] [1791483941.534907, 210.956000]: [mission] fase "captura" alcançada em 1 iteração(ões) (0.0046 m) — âncora corrigiu 3 vez(es)
[INFO] [1791483941.545096, 210.966000]: [mission] captura: ponta registrada em eixo=-4.8 prof=-3.4 alt=-10.0 mm (zero da descida do destrava e da deriva de eixo)
[INFO] [1791483942.064801, 211.467000]: [mission] fase "destrava": alvo em altura relativo à captura: -30.0 mm (captura -10.0 − curso 18 − margem 2)
[INFO] [1791483942.067146, 211.469000]: [mission] fase "destrava": modo whole-body/Fuzzy (YAML)
[INFO] [1791483942.273374, 211.672000]: [mission] plano de exclusão publicado: parede em [ 0.008  3.001 -0.004], normal segura [ 0.001 -1.     0.   ]
[INFO] [1791483942.577956, 211.974000]: [mission] fase "destrava": whole-body assumiu (base livre, restrita pelo plano de exclusão)
[INFO] [1791483942.580159, 211.976000]: [mission] fase "destrava": whole-body a 0.0174 m do alvo — eixo=+4.8 prof=+3.4 alt=-16.4 mm
[INFO] [1791483944.714913, 214.075000]: [mission] fase "destrava" alcançada por whole-body em 2.1s (0.0035 m) — no frame da parede eixo=+3.5 prof=+0.1 alt=-0.1 mm (tolerância 10/6/4)
[INFO] [1791483944.927364, 214.283000]: [mission] destrava: ponta desceu 20.7 mm desde a captura (critério observável) | lingueta 18.6 mm (só na simulação)
[INFO] [1791483944.928157, 214.283000]: [mission] destrava: lingueta em 18.6 mm — gatilho solto
[INFO] [1791483945.436127, 214.784000]: [mission] fase "libera": modo whole-body/Fuzzy (YAML)
[INFO] [1791483945.642470, 214.986000]: [mission] plano de exclusão publicado: parede em [ 0.008  3.001 -0.004], normal segura [ 0.001 -1.     0.   ]
[INFO] [1791483945.950644, 215.290000]: [mission] fase "libera": whole-body assumiu (base livre, restrita pelo plano de exclusão)
[INFO] [1791483945.952499, 215.291000]: [mission] fase "libera": whole-body a 0.0304 m do alvo — eixo=+3.5 prof=+29.4 alt=+6.9 mm
[INFO] [1791483948.068379, 217.391000]: [mission] fase "libera": whole-body a 0.0034 m do alvo — eixo=+0.7 prof=+2.2 alt=+2.5 mm
[INFO] [1791483948.169441, 217.492000]: [mission] fase "libera" alcançada por whole-body em 2.2s (0.0017 m) — no frame da parede eixo=+0.7 prof=+1.6 alt=+0.1 mm (tolerância 40/8/6)
[INFO] [1791483948.898100, 218.203000]: [mission] fase "arco1"/puxa: RECUANDO 0.022 m só com as rodas
[INFO] [1791483949.361554, 218.655000]: [mission] fase "arco1"/puxa: concluído (0.024 m)
[INFO] [1791483949.364437, 218.658000]: [mission] fase "arco1": modo whole-body/Fuzzy (YAML)
[INFO] [1791483949.570768, 218.861000]: [mission] plano de exclusão publicado: parede em [ 0.008  3.001 -0.004], normal segura [ 0.001 -1.     0.   ]
[INFO] [1791483949.879003, 219.164000]: [mission] fase "arco1": whole-body assumiu (base livre, restrita pelo plano de exclusão)
[INFO] [1791483950.184362, 219.466000]: [mission] fase "arco1": whole-body a 0.0178 m do alvo — eixo=+0.7 prof=-9.6 alt=-15.0 mm
[INFO] [1791483950.692473, 219.966000]: [mission] fase "arco1" alcançada por whole-body em 0.8s (0.0008 m) — no frame da parede eixo=+0.6 prof=-0.3 alt=-0.4 mm (tolerância 40/10/15)
[INFO] [1791483950.693258, 219.967000]: [mission] arco1: SOLTURA observável — recuo 55.5 mm desde a captura (mín 40) com deriva de eixo +4.1 mm → SOLTA
[INFO] [1791483950.911247, 220.179000]: [mission] waypoint de 15° — lâmina medida em 14.2° (abertura por CONTATO)
[INFO] [1791483951.421976, 220.681000]: [mission] fase "arco2"/puxa: RECUANDO 0.048 m só com as rodas
[INFO] [1791483952.386572, 221.632000]: [mission] fase "arco2"/puxa: concluído (0.051 m)
[INFO] [1791483952.388461, 221.634000]: [mission] fase "arco2": modo whole-body/Fuzzy (YAML)
[INFO] [1791483952.599121, 221.835000]: [mission] plano de exclusão publicado: parede em [ 0.008  3.001 -0.004], normal segura [ 0.001 -1.     0.   ]
[INFO] [1791483952.908251, 222.143000]: [mission] fase "arco2": whole-body assumiu (base livre, restrita pelo plano de exclusão)
[INFO] [1791483952.910114, 222.144000]: [mission] fase "arco2": whole-body a 0.0131 m do alvo — eixo=+0.6 prof=+8.7 alt=-9.8 mm
[INFO] [1791483953.317103, 222.544000]: [mission] fase "arco2" alcançada por whole-body em 0.4s (0.0054 m) — no frame da parede eixo=+0.6 prof=+4.4 alt=-3.0 mm (tolerância 40/10/15)
[INFO] [1791483953.529507, 222.754000]: [mission] waypoint de 30° — lâmina medida em 32.5° (abertura por CONTATO)
[INFO] [1791483954.042146, 223.255000]: [mission] fase "desengata": modo IK iterativa (YAML)
[INFO] [1791483954.049480, 223.260000]: [mission] âncora engatada (fase "desengata")
[INFO] [1791483957.101199, 226.265000]: [mission] fase "desengata" it0: ponta (0.287, 2.774, 0.752) erro=0.0118 | degrau eixo 6.3° | rolagem 6.3° | IK pediu [-15.7 -21.1  -0.   82.9 -11.8] | faltou [0. 0. 0. 0. 0.] graus
[INFO] [1791483957.104932, 226.269000]: [mission] fase "desengata" alcançada em 1 iteração(ões) (0.0118 m)
[INFO] [1791483957.620448, 226.779000]: [mission] MANIPULATE concluída — chave ABERTA, lâmina medida em 32.4°
[INFO] [1791483957.621737, 226.780000]: State machine transitioning 'MANIPULATE':'done'-->'RETRACT'
[INFO] [1791483958.028094, 227.185000]: [mission] âncora engatada (fase "saida_sobe")
[INFO] [1791483960.708023, 229.814000]: [mission] fase "saida_sobe" it0: ponta (0.278, 2.778, 0.782) erro=0.0075 | degrau eixo 5.2° | rolagem 5.2° | IK pediu [-15.6 -17.5   0.   81.9 -10.9] | faltou [0. 0. 0. 0. 0.] graus
[INFO] [1791483960.710382, 229.816000]: [mission] fase "saida_sobe" it0: no frame da parede eixo=-7.1 prof=+2.5 alt=+0.0 mm (tolerância 30/20/10)
[INFO] [1791483960.711315, 229.817000]: [mission] fase "saida_sobe" alcançada em 1 iteração(ões) (0.0075 m)
[INFO] [1791483960.714278, 229.820000]: [mission] âncora engatada (fase "saida_eixo")
[INFO] [1791483967.681212, 236.671000]: [mission] fase "saida_eixo" it0: ponta (0.392, 2.782, 0.783) erro=0.0139 | degrau eixo 11.2° | rolagem 11.2° | IK pediu [-25.8 -15.4  -0.   73.4 -18.5] | faltou [ 0.5  2.2 -4.8  2.6  0. ] graus
[INFO] [1791483967.683513, 236.674000]: [mission] fase "saida_eixo" it0: no frame da parede eixo=-12.3 prof=+6.5 alt=-0.9 mm (tolerância 20/20/15)
[INFO] [1791483967.685221, 236.676000]: [mission] âncora solta — 2 correções de deriva
[INFO] [1791483967.686481, 236.677000]: [mission] fase "saida_eixo" alcançada em 1 iteração(ões) (0.0139 m) — âncora corrigiu 2 vez(es)
[INFO] [1791483967.690607, 236.681000]: [mission] âncora engatada (fase "saida_fora")
[INFO] [1791483974.634016, 243.511000]: [mission] fase "saida_fora" it0: ponta (0.401, 2.680, 0.781) erro=0.0058 | degrau eixo 5.7° | rolagem 5.7° | IK pediu [-30.1 -20.2   0.   96.5 -24.3] | faltou [-0.5 -1.5  3.2 -1.8  0. ] graus
[INFO] [1791483974.636191, 243.513000]: [mission] fase "saida_fora" it0: no frame da parede eixo=-4.1 prof=+4.1 alt=+0.4 mm (tolerância 30/20/20)
[INFO] [1791483974.637660, 243.515000]: [mission] âncora solta — 2 correções de deriva
[INFO] [1791483974.639455, 243.517000]: [mission] fase "saida_fora" alcançada em 1 iteração(ões) (0.0058 m) — âncora corrigiu 2 vez(es)
[INFO] [1791483974.641078, 243.518000]: [mission] RETRACT/afasta: RECUANDO 0.250 m só com as rodas
[INFO] [1791483979.103563, 247.922000]: [mission] RETRACT/afasta: concluído (0.251 m)
[INFO] [1791483979.105756, 247.924000]: [mission] postura "stow_home" comandada: [0.0, 1.1, -1.04, -1.8, 0.0]
[INFO] [1791483995.560623, 264.126000]: State machine transitioning 'RETRACT':'ok'-->'RETURN'
[INFO] [1791483995.561501, 264.126000]: [mission] RETURN — voltando a (0.00, 1.00, -0.00 rad)
[INFO] [1791484012.002165, 280.277000]: [mission] RETURN: alinhado, avançando (1.13 m)
[INFO] [1791484012.052819, 280.327000]: [mission] teto por postura ativo no drive: v<=0.24 w<=0.50 rampa 0.53/1.51
[INFO] [1791484020.520466, 288.677000]: [mission] RETURN: chegou, ajustando heading final
[INFO] [1791484020.578236, 288.727000]: [mission] teto por postura ativo no drive: v<=0.23 w<=0.50 rampa 0.52/1.51
[INFO] [1791484028.138494, 296.177000]: [mission] RETURN: concluído
[INFO] [1791484028.143788, 296.182000]: [mission] RETURN/home: homing pelos fins de curso (J4, J3, J2)
[INFO] [1791484029.666138, 297.684000]: [mission] RETURN/home: braço nos três fins de curso — em HOME
[INFO] [1791484029.667462, 297.685000]: State machine terminating 'RETURN':'home':'MISSION_OK'
[INFO] [1791484029.668535, 297.686000]: [mission] resultado: MISSION_OK
... logging to /home/marco/.ros/log/27bb457c-c345-11f1-92ba-b025aa85b2a2/roslaunch-shiroi-3863096.log
Checking log directory for disk usage. This may take a while.
Press Ctrl-C to interrupt
]2;/home/marco/b166er/src/b166er_whole_body_control/launch/chave_mission.launch
[1mstarted roslaunch server http://shiroi:41705/[0m

SUMMARY
========

PARAMETERS
 * /chave_mission/estado_final: 
 * /chave_mission/estado_inicial: HOME
 * /chave_mission/pausa_por_fase: False
 * /chave_mission/search_omega: 0.35
 * /chave_mission/standoff_distance: 0.62
 * /chave_mission/use_wholebody: False
 * /chave_seccionadora_task/aproxima_lateral/modo: ik
 * /chave_seccionadora_task/aproxima_lateral/offset_xyz_m: [-0.09, 0.008, 0.01]
 * /chave_seccionadora_task/aproxima_lateral/tol_xyz_m: [0.04, 0.008, 0.005]
 * /chave_seccionadora_task/arco1/blade_angle_deg: 15
 * /chave_seccionadora_task/arco1/deriva_eixo_max_m: 0.015
 * /chave_seccionadora_task/arco1/modo: wb
 * /chave_seccionadora_task/arco1/offset_xyz_m: [0.0, 0.0518, -0....
 * /chave_seccionadora_task/arco1/soltura_recuo_min_m: 0.04
 * /chave_seccionadora_task/arco1/tol_xyz_m: [0.04, 0.01, 0.015]
 * /chave_seccionadora_task/arco2/blade_angle_deg: 30
 * /chave_seccionadora_task/arco2/deriva_eixo_max_m: 0.015
 * /chave_seccionadora_task/arco2/modo: wb
 * /chave_seccionadora_task/arco2/offset_xyz_m: [0.0, 0.1, -0.0518]
 * /chave_seccionadora_task/arco2/tol_xyz_m: [0.04, 0.01, 0.015]
 * /chave_seccionadora_task/atravessa/modo: ik
 * /chave_seccionadora_task/atravessa/offset_xyz_m: [-0.008, 0.008, 0...
 * /chave_seccionadora_task/atravessa/tol_xyz_m: [0.008, 0.006, 0....
 * /chave_seccionadora_task/captura/modo: ik
 * /chave_seccionadora_task/captura/offset_xyz_m: [-0.008, 0.0, -0.01]
 * /chave_seccionadora_task/captura/tol_xyz_m: [0.008, 0.006, 0.01]
 * /chave_seccionadora_task/desengata/modo: ik
 * /chave_seccionadora_task/desengata/offset_xyz_m: [-0.09, 0.1, -0.0...
 * /chave_seccionadora_task/destrava/curso_estagna_m: 0.01
 * /chave_seccionadora_task/destrava/curso_margem_m: 0.002
 * /chave_seccionadora_task/destrava/curso_min_m: 0.018
 * /chave_seccionadora_task/destrava/curso_teto_m: 0.022
 * /chave_seccionadora_task/destrava/modo: wb
 * /chave_seccionadora_task/destrava/offset_xyz_m: [0.0, 0.0, -0.025]
 * /chave_seccionadora_task/destrava/tol_xyz_m: [0.01, 0.006, 0.004]
 * /chave_seccionadora_task/libera/deriva_eixo_max_m: 0.015
 * /chave_seccionadora_task/libera/modo: wb
 * /chave_seccionadora_task/libera/offset_xyz_m: [0.0, 0.03, -0.025]
 * /chave_seccionadora_task/libera/tol_xyz_m: [0.04, 0.008, 0.006]
 * /chave_seccionadora_task/orienta/modo: ik
 * /chave_seccionadora_task/orienta/offset_xyz_m: [-0.09, 0.15, 0.0...
 * /chave_seccionadora_task/reassenta_sobe/tol_xyz_m: [0.03, 0.02, 0.005]
 * /chave_seccionadora_task/saida_eixo/tol_xyz_m: [0.02, 0.02, 0.015]
 * /chave_seccionadora_task/saida_fora/tol_xyz_m: [0.03, 0.02, 0.02]
 * /chave_seccionadora_task/saida_sobe/tol_xyz_m: [0.03, 0.02, 0.01]
 * /chave_seccionadora_task/target_frame: chave_olhal_link
 * /fuzzy_wb_controller/fixed_gains: []
 * /rosdistro: noetic
 * /rosversion: 1.17.4

NODES
  /
    chave_mission (b166er_whole_body_control/chave_mission.py)

[1mROS_MASTER_URI=http://localhost:11311[0m
]2;/home/marco/b166er/src/b166er_whole_body_control/launch/chave_mission.launch http://localhost:11311
[1mprocess[chave_mission-1]: started with pid [3863143][0m
[1m[chave_mission-1] process has finished cleanly
log file: /home/marco/.ros/log/27bb457c-c345-11f1-92ba-b025aa85b2a2/chave_mission-1*.log[0m
all processes on machine have died, roslaunch will exit
shutting down processing monitor...
... shutting down processing monitor complete
[1mdone[0m
