[31mWARNING: disk usage in log directory [/home/marco/.ros/log] is over 1GB.
It's recommended that you use the 'rosclean' command.[0m
the rosdep view is empty: call 'sudo rosdep init' and 'rosdep update'
[WARN] [1790799000.647764, 93.035000]: [mission] SEARCH: 4 de 25 amostras descartadas como outlier (>0.15 m ou >0.20 rad da mediana)
[INFO] [1790798973.645317, 66.434000]: garra_dx = 0.030 m (aberta)
[INFO] [1790798973.727482, 66.518000]: State machine starting in initial state 'STOW_INIT' with userdata: 
	[]
[INFO] [1790798974.036152, 66.820000]: [mission] pose de partida registrada: (0.00, 1.00, 0.00 rad)
[INFO] [1790798974.038304, 66.822000]: [mission] postura "stow_home" comandada: [0.0, 1.13, -1.04, -1.8, 0.0]
[INFO] [1790798974.143437, 66.923000]: State machine transitioning 'STOW_INIT':'ok'-->'SEARCH'
[INFO] [1790798974.145766, 66.925000]: [mission] postura "search" comandada: [0.0, 1.0, -1.0, 0.0, 0.0]
[INFO] [1790798980.230592, 72.927000]: [mission] SEARCH — girando à procura da tag...
[INFO] [1790798980.231747, 72.928000]: [mission] SEARCH: amostra quando a tag estiver a raio 0.35-0.50 do quadro (vista oblíqua; omega fina 0.15 rad/s)
[INFO] [1790798981.497333, 74.179000]: [mission] SEARCH: tag a raio 0.94 — girando até <= 0.50
[INFO] [1790798989.274519, 81.830000]: [mission] SEARCH: tag a raio 0.50 — parando
[INFO] [1790798989.276189, 81.831000]: [mission] tag avistada — parando para medir
[INFO] [1790798990.299817, 82.838000]: [mission] âncora engatada (coleta do SEARCH)
[INFO] [1790798990.302016, 82.840000]: [mission] SEARCH: coleta com dither ±0.05 rad/s (período 3.0 s)
[INFO] [1790799000.631728, 93.021000]: [mission] âncora solta — 18 correções de deriva
[INFO] [1790799000.633822, 93.023000]: [mission] SEARCH: âncora corrigiu a deriva 18 vez(es) durante a coleta
[INFO] [1790799000.650074, 93.039000]: [mission] SEARCH: 21 amostras — parede (0.027, 3.107, -0.003) yaw=2.881
[INFO] [1790799000.651687, 93.040000]: [mission] parede localizada em (0.027, 3.107, -0.003)
[INFO] [1790799000.661400, 93.050000]: State machine transitioning 'SEARCH':'found'-->'APPROACH'
[INFO] [1790799000.664408, 93.053000]: [mission] APPROACH etapa 1/2 — 1.30 m do olhal, alvo (-0.15, 1.67, 1.31 rad)
[INFO] [1790799000.668546, 93.057000]: [mission] teto por postura ativo no drive: v<=0.17 w<=0.50 rampa 0.45/1.52
[INFO] [1790799005.274388, 97.607000]: [mission] APPROACH: alinhado, avançando (0.86 m)
[INFO] [1790799012.128109, 104.357000]: [mission] APPROACH: chegou, ajustando heading final
[INFO] [1790799012.180232, 104.407000]: [mission] teto por postura ativo no drive: v<=0.17 w<=0.50 rampa 0.45/1.52
[INFO] [1790799015.274675, 107.457000]: [mission] APPROACH: concluído
[INFO] [1790799016.292993, 108.460000]: [mission] âncora engatada (coleta do APPROACH/remedida)
[INFO] [1790799016.295622, 108.463000]: [mission] APPROACH/remedida: coleta com dither ±0.05 rad/s (período 3.0 s)
[INFO] [1790799017.446190, 109.597000]: [mission] âncora solta — 1 correções de deriva
[INFO] [1790799017.447504, 109.598000]: [mission] APPROACH/remedida: âncora corrigiu a deriva 1 vez(es) durante a coleta
[INFO] [1790799017.449945, 109.600000]: [mission] APPROACH/remedida: 10 amostras — parede (0.008, 3.013, -0.003) yaw=3.126
[INFO] [1790799017.452532, 109.603000]: [mission] APPROACH etapa 2/2 — 0.88 m do olhal, alvo (0.36, 2.00, 1.55 rad)
[INFO] [1790799017.455416, 109.606000]: [mission] teto por postura ativo no drive: v<=0.17 w<=0.50 rampa 0.45/1.52
[INFO] [1790799022.042624, 114.106000]: [mission] APPROACH: alinhado, avançando (0.69 m)
[INFO] [1790799028.214696, 120.156000]: [mission] APPROACH: chegou, ajustando heading final
[INFO] [1790799028.265163, 120.206000]: [mission] teto por postura ativo no drive: v<=0.17 w<=0.50 rampa 0.45/1.52
[INFO] [1790799034.245718, 126.106000]: [mission] APPROACH: concluído
[INFO] [1790799034.251140, 126.112000]: State machine transitioning 'APPROACH':'arrived'-->'REFINE'
[INFO] [1790799034.254173, 126.115000]: [mission] REFINE — remedindo a parede de perto (10 amostras)
[INFO] [1790799034.259239, 126.120000]: [mission] âncora engatada (coleta do REFINE)
[INFO] [1790799034.260610, 126.121000]: [mission] REFINE: coleta com dither ±0.05 rad/s (período 3.0 s)
[INFO] [1790799035.401904, 127.250000]: [mission] âncora solta — 1 correções de deriva
[INFO] [1790799035.402716, 127.251000]: [mission] REFINE: âncora corrigiu a deriva 1 vez(es) durante a coleta
[INFO] [1790799035.403582, 127.252000]: [mission] REFINE: 10 amostras — parede (0.002, 2.996, -0.001) yaw=-3.132
[INFO] [1790799035.404362, 127.253000]: [mission] REFINE: deslocou 0.018 m da estimativa anterior
[INFO] [1790799035.405047, 127.253000]: [mission] olhal estimado em (0.203, 2.868, 0.804)
[INFO] [1790799035.407413, 127.256000]: State machine transitioning 'REFINE':'ok'-->'DEPLOY'
[INFO] [1790799035.408137, 127.256000]: [mission] DEPLOY: IK resolvida para a POSE DE MANIPULAÇÃO (0.21, 2.25, 1.58 rad), não para a atual
[INFO] [1790799040.045334, 131.456000]: [mission] DEPLOY: IK nivelada 0.0552 m, só eixo 0.0000 m — a MISSÃO INTEIRA usa "eixo"
[INFO] [1790799040.047614, 131.891000]: [mission] DEPLOY: IK da ponta resolvida (resíduo 0.0000 m, degrau 0.1°) — pré-posicionando em [-10.3 -42.3  52.   79.7  79.7] graus
[INFO] [1790799046.528997, 138.292000]: [mission] plano de exclusão publicado: parede em [ 2.000e-03  2.996e+00 -1.000e-03], normal segura [ 0.01 -1.    0.  ]
[INFO] [1790799046.741819, 138.501000]: [mission] teto por postura ativo no drive: v<=0.18 w<=0.50 rampa 0.46/1.64
[INFO] [1790799050.898563, 142.600000]: [mission] DEPLOY/aproxima: alinhado, avançando (0.42 m)
[INFO] [1790799055.281088, 146.900000]: [mission] DEPLOY/aproxima: chegou, ajustando heading final
[INFO] [1790799059.711255, 151.250000]: [mission] DEPLOY/aproxima: concluído
[INFO] [1790799059.714030, 151.253000]: State machine transitioning 'DEPLOY':'ok'-->'MANIPULATE'
[INFO] [1790799059.717021, 151.255000]: [mission] fase "orienta": modo IK iterativa (YAML)
[INFO] [1790799059.724475, 151.262000]: [mission] âncora engatada (fase "orienta")
[INFO] [1790799064.115545, 155.569000]: [mission] fase "orienta" it0: ponta (0.295, 2.725, 0.811) erro=0.0066 | degrau eixo 1.0° | rolagem 1.0° | IK pediu [-19.4 -17.9   1.1 103.1  74.2] | faltou [0. 0. 0. 0. 0.] graus
[INFO] [1790799064.118461, 155.573000]: [mission] âncora solta — 2 correções de deriva
[INFO] [1790799064.119728, 155.574000]: [mission] fase "orienta" alcançada em 1 iteração(ões) (0.0066 m) — âncora corrigiu 2 vez(es)
[INFO] [1790799064.637589, 156.080000]: [mission] fase "aproxima_lateral": modo IK iterativa (YAML)
[INFO] [1790799064.642918, 156.085000]: [mission] âncora engatada (fase "aproxima_lateral")
[INFO] [1790799067.808328, 159.190000]: [mission] fase "aproxima_lateral" it0: ponta (0.292, 2.868, 0.809) erro=0.0091 | degrau eixo 6.3° | rolagem 6.5° | IK pediu [-16.4 -13.9  -0.   74.2  78.6] | faltou [ 0.  -0.4 -0.1  0.  -0. ] graus
[INFO] [1790799067.811748, 159.194000]: [mission] fase "aproxima_lateral" it0: no frame da parede eixo=-1.1 prof=+7.4 alt=+5.2 mm (tolerância 40/8/5)
[INFO] [1790799069.352560, 160.706000]: [mission] fase "aproxima_lateral" it1: ponta (0.295, 2.858, 0.814) erro=0.0034 | degrau eixo 6.0° | rolagem 6.4° | IK pediu [-16.7 -13.8   0.   76.2  78.2] | faltou [ 0.  -0.2 -0.4 -0.6  0. ] graus
[INFO] [1790799069.356124, 160.710000]: [mission] fase "aproxima_lateral" it1: no frame da parede eixo=+1.2 prof=-3.1 alt=+0.6 mm (tolerância 40/8/5)
[INFO] [1790799069.357724, 160.711000]: [mission] âncora solta — 2 correções de deriva
[INFO] [1790799069.359555, 160.713000]: [mission] fase "aproxima_lateral" alcançada em 2 iteração(ões) (0.0034 m) — âncora corrigiu 2 vez(es)
[INFO] [1790799069.874465, 161.219000]: [mission] fase "atravessa": modo IK iterativa (YAML)
[INFO] [1790799069.881658, 161.226000]: [mission] âncora engatada (fase "atravessa")
[INFO] [1790799071.714695, 163.032000]: [mission] fase "atravessa" it0: ponta (0.210, 2.867, 0.810) erro=0.0082 | degrau eixo 2.7° | rolagem 3.0° | IK pediu [ -9.8 -14.7   0.   78.5  84.4] | faltou [-0.1 -0.2 -0.3 -0.4 -0.2] graus
[INFO] [1790799071.718778, 163.036000]: [mission] fase "atravessa" it0: no frame da parede eixo=-1.4 prof=+6.7 alt=+4.5 mm (tolerância 8/6/5)
[INFO] [1790799073.192753, 164.485000]: [mission] fase "atravessa" it1: ponta (0.212, 2.860, 0.809) erro=0.0053 | degrau eixo 2.6° | rolagem 2.9° | IK pediu [-10.1 -14.7   0.   80.2  84.1] | faltou [ 0.1 -0.5 -0.6 -0.6  0. ] graus
[WARN] [1790799080.207405, 171.373000]: [mission] fase "destrava": descida estagnou em 13.6 mm (mín 10 para aceitar; alvo 18) — fim de curso do mecanismo, fechando a fase
[WARN] [1790799080.422751, 171.587000]: [mission] destrava: lingueta em 8.9 mm (esperado ≥ 12) — o gatilho pode não ter soltado
[WARN] [1790799094.932851, 185.826000]: [mission] RETRACT: ponta a 0.142 m do olhal — saindo em degraus: sobe 30 mm, 120 mm pelo eixo do furo, 100 mm para fora, antes de recolher
[INFO] [1790799073.199087, 164.490000]: [mission] fase "atravessa" it1: no frame da parede eixo=+0.8 prof=+0.2 alt=+5.2 mm (tolerância 8/6/5)
[INFO] [1790799074.659230, 165.929000]: [mission] fase "atravessa" it2: ponta (0.213, 2.861, 0.811) erro=0.0042 | degrau eixo 2.6° | rolagem 2.9° | IK pediu [-10.  -14.1   0.   79.8  84.2] | faltou [ 0.  -0.9 -0.7 -0.5  0. ] graus
[INFO] [1790799074.661914, 165.932000]: [mission] fase "atravessa" it2: no frame da parede eixo=+1.6 prof=+1.4 alt=+3.6 mm (tolerância 8/6/5)
[INFO] [1790799074.663388, 165.933000]: [mission] âncora solta — 2 correções de deriva
[INFO] [1790799074.664905, 165.935000]: [mission] fase "atravessa" alcançada em 3 iteração(ões) (0.0042 m) — âncora corrigiu 2 vez(es)
[INFO] [1790799075.188287, 166.443000]: [mission] fase "captura": modo IK iterativa (YAML)
[INFO] [1790799075.195681, 166.450000]: [mission] âncora engatada (fase "captura")
[INFO] [1790799076.731837, 167.957000]: [mission] fase "captura" it0: ponta (0.209, 2.872, 0.790) erro=0.0082 | degrau eixo 2.6° | rolagem 2.7° | IK pediu [ -9.2 -16.9  -0.1  78.7  85.1] | faltou [-0.5 -0.3 -0.3 -0.3 -0.1] graus
[INFO] [1790799076.733745, 167.959000]: [mission] fase "captura" it0: no frame da parede eixo=+5.6 prof=+4.2 alt=+4.2 mm (tolerância 40/6/10)
[INFO] [1790799076.734793, 167.960000]: [mission] fase "captura" alcançada em 1 iteração(ões) (0.0082 m)
[INFO] [1790799076.739774, 167.965000]: [mission] captura: ponta registrada em eixo=-5.6 prof=-4.2 alt=-14.2 mm (zero da descida do destrava e da deriva de eixo)
[INFO] [1790799077.252580, 168.466000]: [mission] fase "destrava": alvo em altura relativo à captura: -34.2 mm (captura -14.2 − curso 18 − margem 2)
[INFO] [1790799077.254140, 168.467000]: [mission] fase "destrava": modo whole-body/Fuzzy (YAML)
[INFO] [1790799077.461074, 168.670000]: [mission] plano de exclusão publicado: parede em [ 2.000e-03  2.996e+00 -1.000e-03], normal segura [ 0.01 -1.    0.  ]
[INFO] [1790799077.764226, 168.973000]: [mission] fase "destrava": whole-body assumiu (base livre, restrita pelo plano de exclusão)
[INFO] [1790799077.765644, 168.974000]: [mission] fase "destrava": whole-body a 0.0186 m do alvo — eixo=+5.7 prof=+4.6 alt=-17.1 mm
[INFO] [1790799079.904613, 171.073000]: [mission] fase "destrava": whole-body a 0.0084 m do alvo — eixo=+5.3 prof=-4.8 alt=-4.4 mm
[INFO] [1790799080.421325, 171.585000]: [mission] destrava: ponta desceu 12.3 mm desde a captura (critério observável) | lingueta 8.9 mm (só na simulação)
[INFO] [1790799080.931094, 172.088000]: [mission] fase "libera": modo whole-body/Fuzzy (YAML)
[INFO] [1790799081.135511, 172.289000]: [mission] plano de exclusão publicado: parede em [ 2.000e-03  2.996e+00 -1.000e-03], normal segura [ 0.01 -1.    0.  ]
[INFO] [1790799081.446017, 172.593000]: [mission] fase "libera": whole-body assumiu (base livre, restrita pelo plano de exclusão)
[INFO] [1790799081.960034, 173.093000]: [mission] fase "libera": whole-body a 0.0245 m do alvo — eixo=+5.2 prof=+23.8 alt=+1.5 mm
[INFO] [1790799084.080979, 175.193000]: [mission] fase "libera": whole-body a 0.0240 m do alvo — eixo=+5.3 prof=+23.2 alt=+3.3 mm
[INFO] [1790799086.108149, 177.194000]: [mission] fase "libera": whole-body a 0.0092 m do alvo — eixo=+5.0 prof=-7.6 alt=-1.2 mm
[INFO] [1790799086.514154, 177.593000]: [mission] fase "libera" alcançada por whole-body em 5.0s (0.0055 m) — no frame da parede eixo=+5.1 prof=-1.9 alt=-1.2 mm (tolerância 40/8/6)
[INFO] [1790799087.235570, 178.297000]: [mission] fase "arco1"/puxa: RECUANDO 0.022 m só com as rodas
[INFO] [1790799087.750949, 178.800000]: [mission] fase "arco1"/puxa: concluído (0.024 m)
[INFO] [1790799087.753340, 178.802000]: [mission] fase "arco1": modo whole-body/Fuzzy (YAML)
[INFO] [1790799087.963091, 179.005000]: [mission] plano de exclusão publicado: parede em [ 2.000e-03  2.996e+00 -1.000e-03], normal segura [ 0.01 -1.    0.  ]
[INFO] [1790799088.276945, 179.309000]: [mission] fase "arco1": whole-body assumiu (base livre, restrita pelo plano de exclusão)
[INFO] [1790799088.278344, 179.310000]: [mission] fase "arco1": whole-body a 0.0078 m do alvo — eixo=+5.0 prof=+5.5 alt=-2.5 mm
[INFO] [1790799088.681320, 179.710000]: [mission] fase "arco1" alcançada por whole-body em 0.4s (0.0056 m) — no frame da parede eixo=+5.0 prof=+1.7 alt=-1.9 mm (tolerância 40/10/15)
[INFO] [1790799088.684327, 179.712000]: [mission] arco1: SOLTURA observável — recuo 54.3 mm desde a captura (mín 40) com deriva de eixo +0.7 mm → SOLTA
[INFO] [1790799088.907454, 179.924000]: [mission] waypoint de 15° — lâmina medida em 17.7° (abertura por CONTATO)
[INFO] [1790799089.423407, 180.426000]: [mission] fase "arco2"/puxa: RECUANDO 0.048 m só com as rodas
[INFO] [1790799090.352007, 181.328000]: [mission] fase "arco2"/puxa: concluído (0.049 m)
[INFO] [1790799090.354151, 181.330000]: [mission] fase "arco2": modo whole-body/Fuzzy (YAML)
[INFO] [1790799090.563131, 181.533000]: [mission] plano de exclusão publicado: parede em [ 2.000e-03  2.996e+00 -1.000e-03], normal segura [ 0.01 -1.    0.  ]
[INFO] [1790799090.875693, 181.840000]: [mission] fase "arco2": whole-body assumiu (base livre, restrita pelo plano de exclusão)
[INFO] [1790799090.878584, 181.843000]: [mission] fase "arco2": whole-body a 0.0125 m do alvo — eixo=+4.3 prof=-0.1 alt=-11.7 mm
[INFO] [1790799091.280125, 182.241000]: [mission] fase "arco2" alcançada por whole-body em 0.4s (0.0115 m) — no frame da parede eixo=+4.3 prof=-3.6 alt=-10.1 mm (tolerância 40/10/15)
[INFO] [1790799091.498040, 182.454000]: [mission] waypoint de 30° — lâmina medida em 30.5° (abertura por CONTATO)
[INFO] [1790799092.013062, 182.956000]: [mission] fase "desengata": modo IK iterativa (YAML)
[INFO] [1790799092.018496, 182.960000]: [mission] âncora engatada (fase "desengata")
[INFO] [1790799094.002002, 184.908000]: [mission] fase "desengata" it0: ponta (0.296, 2.776, 0.747) erro=0.0089 | degrau eixo 6.7° | rolagem 7.2° | IK pediu [-16.  -21.1  -0.   77.7  79.4] | faltou [ 0.1 -0.2 -0.4 -0.5 -0. ] graus
[INFO] [1790799094.004899, 184.912000]: [mission] fase "desengata" alcançada em 1 iteração(ões) (0.0089 m)
[INFO] [1790799094.522880, 185.423000]: [mission] MANIPULATE concluída — chave ABERTA, lâmina medida em 30.6°
[INFO] [1790799094.524412, 185.424000]: State machine transitioning 'MANIPULATE':'done'-->'RETRACT'
[INFO] [1790799094.938561, 185.832000]: [mission] âncora engatada (fase "saida_sobe")
[INFO] [1790799096.501562, 187.359000]: [mission] fase "saida_sobe" it0: ponta (0.298, 2.783, 0.772) erro=0.0084 | degrau eixo 6.7° | rolagem 7.0° | IK pediu [-15.9 -18.1   0.   75.8  79.1] | faltou [ 0.  -0.5 -0.3 -0.1  0. ] graus
[INFO] [1790799096.507768, 187.366000]: [mission] fase "saida_sobe" it0: no frame da parede eixo=+1.7 prof=+6.2 alt=+5.5 mm (tolerância 30/20/10)
[INFO] [1790799096.510327, 187.368000]: [mission] fase "saida_sobe" alcançada em 1 iteração(ões) (0.0084 m)
[INFO] [1790799096.516681, 187.374000]: [mission] âncora engatada (fase "saida_eixo")
[INFO] [1790799098.453548, 189.280000]: [mission] fase "saida_eixo" it0: ponta (0.419, 2.785, 0.770) erro=0.0097 | degrau eixo 13.6° | rolagem 14.5° | IK pediu [-25.  -15.9  -0.   67.   72.1] | faltou [ 0.2 -0.3 -0.4 -0.5 -0. ] graus
[INFO] [1790799098.455367, 189.282000]: [mission] fase "saida_eixo" it0: no frame da parede eixo=+2.0 prof=+6.6 alt=+6.9 mm (tolerância 20/20/15)
[INFO] [1790799098.456152, 189.283000]: [mission] fase "saida_eixo" alcançada em 1 iteração(ões) (0.0097 m)
[INFO] [1790799098.457756, 189.284000]: [mission] âncora engatada (fase "saida_fora")
[INFO] [1790799101.277938, 192.058000]: [mission] fase "saida_fora" it0: ponta (0.419, 2.683, 0.774) erro=0.0062 | degrau eixo 8.5° | rolagem 9.6° | IK pediu [-28.3 -20.8  -0.   90.5  65.8] | faltou [ 0.1 -0.  -0.8 -1.4 -0. ] graus
[INFO] [1790799101.280654, 192.061000]: [mission] fase "saida_fora" it0: no frame da parede eixo=+1.3 prof=+5.2 alt=+3.1 mm (tolerância 30/20/20)
[INFO] [1790799101.282848, 192.063000]: [mission] âncora solta — 1 correções de deriva
[INFO] [1790799101.284310, 192.065000]: [mission] fase "saida_fora" alcançada em 1 iteração(ões) (0.0062 m) — âncora corrigiu 1 vez(es)
[INFO] [1790799101.285975, 192.066000]: [mission] RETRACT/afasta: RECUANDO 0.250 m só com as rodas
[INFO] [1790799105.868548, 196.568000]: [mission] RETRACT/afasta: concluído (0.253 m)
[INFO] [1790799105.871497, 196.571000]: [mission] postura "stow_home" comandada: [0.0, 1.13, -1.04, -1.8, 0.0]
[INFO] [1790799117.349471, 207.874000]: State machine transitioning 'RETRACT':'ok'-->'RETURN'
[INFO] [1790799117.351253, 207.875000]: [mission] RETURN — voltando a (0.00, 1.00, 0.00 rad)
[INFO] [1790799130.299886, 220.577000]: [mission] RETURN: alinhado, avançando (1.18 m)
[INFO] [1790799130.350107, 220.627000]: [mission] teto por postura ativo no drive: v<=0.23 w<=0.50 rampa 0.51/1.52
[INFO] [1790799139.385997, 229.477000]: [mission] RETURN: chegou, ajustando heading final
[INFO] [1790799139.435453, 229.527000]: [mission] teto por postura ativo no drive: v<=0.23 w<=0.50 rampa 0.51/1.52
[INFO] [1790799145.702253, 235.727000]: [mission] RETURN: concluído
[INFO] [1790799145.704024, 235.729000]: State machine terminating 'RETURN':'home':'MISSION_OK'
[INFO] [1790799145.705433, 235.730000]: [mission] resultado: MISSION_OK
... logging to /home/marco/.ros/log/aebe21c0-bd0a-11f1-a1db-b025aa85b2a2/roslaunch-shiroi-2178435.log
Checking log directory for disk usage. This may take a while.
Press Ctrl-C to interrupt
]2;/home/marco/b166er/src/b166er_whole_body_control/launch/chave_mission.launch
[1mstarted roslaunch server http://shiroi:41297/[0m

SUMMARY
========

PARAMETERS
 * /chave_mission/estado_final: 
 * /chave_mission/estado_inicial: STOW_INIT
 * /chave_mission/pausa_por_fase: False
 * /chave_mission/search_omega: 0.35
 * /chave_mission/standoff_distance: 0.62
 * /chave_mission/use_wholebody: False
 * /chave_seccionadora_task/aproxima_lateral/modo: ik
 * /chave_seccionadora_task/aproxima_lateral/offset_xyz_m: [-0.09, 0.008, 0.01]
 * /chave_seccionadora_task/aproxima_lateral/tol_xyz_m: [0.04, 0.008, 0.005]
 * /chave_seccionadora_task/arco1/blade_angle_deg: 15
 * /chave_seccionadora_task/arco1/deriva_eixo_max_m: 0.015
 * /chave_seccionadora_task/arco1/modo: wb
 * /chave_seccionadora_task/arco1/offset_xyz_m: [0.0, 0.0518, -0....
 * /chave_seccionadora_task/arco1/soltura_recuo_min_m: 0.04
 * /chave_seccionadora_task/arco1/tol_xyz_m: [0.04, 0.01, 0.015]
 * /chave_seccionadora_task/arco2/blade_angle_deg: 30
 * /chave_seccionadora_task/arco2/deriva_eixo_max_m: 0.015
 * /chave_seccionadora_task/arco2/modo: wb
 * /chave_seccionadora_task/arco2/offset_xyz_m: [0.0, 0.1, -0.0518]
 * /chave_seccionadora_task/arco2/tol_xyz_m: [0.04, 0.01, 0.015]
 * /chave_seccionadora_task/atravessa/modo: ik
 * /chave_seccionadora_task/atravessa/offset_xyz_m: [-0.008, 0.008, 0...
 * /chave_seccionadora_task/atravessa/tol_xyz_m: [0.008, 0.006, 0....
 * /chave_seccionadora_task/captura/modo: ik
 * /chave_seccionadora_task/captura/offset_xyz_m: [0.0, 0.0, -0.01]
 * /chave_seccionadora_task/captura/tol_xyz_m: [0.04, 0.006, 0.01]
 * /chave_seccionadora_task/desengata/modo: ik
 * /chave_seccionadora_task/desengata/offset_xyz_m: [-0.09, 0.1, -0.0...
 * /chave_seccionadora_task/destrava/curso_estagna_m: 0.01
 * /chave_seccionadora_task/destrava/curso_margem_m: 0.002
 * /chave_seccionadora_task/destrava/curso_min_m: 0.018
 * /chave_seccionadora_task/destrava/modo: wb
 * /chave_seccionadora_task/destrava/offset_xyz_m: [0.0, 0.0, -0.025]
 * /chave_seccionadora_task/destrava/tol_xyz_m: [0.04, 0.006, 0.004]
 * /chave_seccionadora_task/libera/deriva_eixo_max_m: 0.015
 * /chave_seccionadora_task/libera/modo: wb
 * /chave_seccionadora_task/libera/offset_xyz_m: [0.0, 0.03, -0.025]
 * /chave_seccionadora_task/libera/tol_xyz_m: [0.04, 0.008, 0.006]
 * /chave_seccionadora_task/orienta/modo: ik
 * /chave_seccionadora_task/orienta/offset_xyz_m: [-0.09, 0.15, 0.0...
 * /chave_seccionadora_task/reassenta_sobe/tol_xyz_m: [0.03, 0.02, 0.005]
 * /chave_seccionadora_task/saida_eixo/tol_xyz_m: [0.02, 0.02, 0.015]
 * /chave_seccionadora_task/saida_fora/tol_xyz_m: [0.03, 0.02, 0.02]
 * /chave_seccionadora_task/saida_sobe/tol_xyz_m: [0.03, 0.02, 0.01]
 * /chave_seccionadora_task/target_frame: chave_olhal_link
 * /fuzzy_wb_controller/fixed_gains: []
 * /rosdistro: noetic
 * /rosversion: 1.17.4

NODES
  /
    chave_mission (b166er_whole_body_control/chave_mission.py)

[1mROS_MASTER_URI=http://localhost:11311[0m
]2;/home/marco/b166er/src/b166er_whole_body_control/launch/chave_mission.launch http://localhost:11311
[1mprocess[chave_mission-1]: started with pid [2178482][0m
[1m[chave_mission-1] process has finished cleanly
log file: /home/marco/.ros/log/aebe21c0-bd0a-11f1-a1db-b025aa85b2a2/chave_mission-1*.log[0m
all processes on machine have died, roslaunch will exit
shutting down processing monitor...
... shutting down processing monitor complete
[1mdone[0m
