[31mWARNING: disk usage in log directory [/home/marco/.ros/log] is over 1GB.
It's recommended that you use the 'rosclean' command.[0m
the rosdep view is empty: call 'sudo rosdep init' and 'rosdep update'
[WARN] [1791388072.982534, 84.601000]: [mission] SEARCH: ajuste não convergiu em 8s (raio 0.52) — amostrando assim mesmo
[WARN] [1791388084.744332, 96.117000]: [mission] SEARCH: 12 de 25 amostras descartadas como outlier (>0.15 m ou >0.20 rad da mediana)
[WARN] [1791388084.797848, 96.170000]: [mission] SEARCH: laser com só 19 pontos de parede (mín 30) — parede fica pela tag
[INFO] [1791388048.277869, 0.000000]: garra_dx = 0.000 m (fechada)
[INFO] [1791388048.328327, 60.377000]: State machine starting in initial state 'STOW_INIT' with userdata: 
	[]
[INFO] [1791388048.637468, 60.689000]: [mission] pose de partida registrada: (0.02, 1.00, 0.00 rad)
[INFO] [1791388048.639654, 60.691000]: [mission] postura "stow_home" comandada: [0.0, 1.13, -1.04, -1.8, 0.0]
[INFO] [1791388051.794531, 63.793000]: State machine transitioning 'STOW_INIT':'ok'-->'SEARCH'
[INFO] [1791388051.796598, 63.795000]: [mission] postura "search" comandada: [0.0, 1.0, -1.0, 0.0, 0.0]
[INFO] [1791388063.325733, 75.096000]: [mission] SEARCH — girando à procura da tag...
[INFO] [1791388063.327419, 75.097000]: [mission] SEARCH: amostra quando a tag estiver a raio 0.35-0.50 do quadro (vista oblíqua; omega fina 0.15 rad/s)
[INFO] [1791388064.796664, 76.549000]: [mission] SEARCH: tag a raio 0.96 — girando até <= 0.50
[INFO] [1791388072.986270, 84.605000]: [mission] tag avistada — parando para medir
[INFO] [1791388074.016730, 85.616000]: [mission] âncora engatada (coleta do SEARCH)
[INFO] [1791388074.018312, 85.617000]: [mission] SEARCH: coleta com dither ±0.05 rad/s (período 3.0 s)
[INFO] [1791388084.728755, 96.102000]: [mission] âncora solta — 22 correções de deriva
[INFO] [1791388084.730367, 96.104000]: [mission] SEARCH: âncora corrigiu a deriva 22 vez(es) durante a coleta
[INFO] [1791388084.745537, 96.119000]: [mission] SEARCH: 13 amostras — parede (0.009, 2.944, -0.006) yaw=-2.872
[INFO] [1791388084.799479, 96.172000]: [mission] parede localizada em (0.009, 2.944, -0.006)
[INFO] [1791388084.805906, 96.178000]: State machine transitioning 'SEARCH':'found'-->'APPROACH'
[INFO] [1791388084.809139, 96.180000]: [mission] APPROACH etapa 1/2 — 1.30 m do olhal, alvo (0.58, 1.62, 1.84 rad)
[INFO] [1791388084.814047, 96.185000]: [mission] APPROACH: alinhado, avançando (0.85 m)
[INFO] [1791388084.864460, 96.236000]: [mission] teto por postura ativo no drive: v<=0.16 w<=0.50 rampa 0.43/1.52
[INFO] [1791388091.994711, 103.185000]: [mission] APPROACH: chegou, ajustando heading final
[INFO] [1791388092.045697, 103.235000]: [mission] teto por postura ativo no drive: v<=0.16 w<=0.50 rampa 0.43/1.52
[INFO] [1791388094.194172, 105.335000]: [mission] APPROACH: concluído
[INFO] [1791388095.220033, 106.340000]: [mission] âncora engatada (coleta do APPROACH/remedida)
[INFO] [1791388095.222602, 106.343000]: [mission] APPROACH/remedida: coleta com dither ±0.05 rad/s (período 3.0 s)
[INFO] [1791388096.372495, 107.471000]: [mission] âncora solta — 1 correções de deriva
[INFO] [1791388096.375394, 107.474000]: [mission] APPROACH/remedida: âncora corrigiu a deriva 1 vez(es) durante a coleta
[INFO] [1791388096.378097, 107.476000]: [mission] APPROACH/remedida: 10 amostras — parede (0.001, 3.011, -0.003) yaw=3.124
[INFO] [1791388096.432097, 107.529000]: [mission] APPROACH/remedida: parede pelo LASER — 71 pontos, resíduo 5.0 mm: profundidade +12.4 mm e yaw +1.05° em relação à tag → parede (0.001, 2.999, -0.003) yaw=-3.141
[INFO] [1791388096.434084, 107.531000]: [mission] APPROACH etapa 2/2 — 0.88 m do olhal, alvo (0.37, 1.99, 1.57 rad)
[INFO] [1791388097.965149, 109.033000]: [mission] APPROACH: alinhado, avançando (0.49 m)
[INFO] [1791388098.017642, 109.084000]: [mission] teto por postura ativo no drive: v<=0.15 w<=0.50 rampa 0.43/1.51
[INFO] [1791388102.920929, 113.883000]: [mission] APPROACH: chegou, ajustando heading final
[INFO] [1791388107.589719, 118.433000]: [mission] APPROACH: concluído
[INFO] [1791388107.599488, 118.443000]: State machine transitioning 'APPROACH':'arrived'-->'REFINE'
[INFO] [1791388107.602231, 118.446000]: [mission] REFINE — remedindo a parede de perto (10 amostras)
[INFO] [1791388107.608025, 118.451000]: [mission] âncora engatada (coleta do REFINE)
[INFO] [1791388107.610369, 118.454000]: [mission] REFINE: coleta com dither ±0.05 rad/s (período 3.0 s)
[INFO] [1791388108.761731, 119.577000]: [mission] âncora solta — 1 correções de deriva
[INFO] [1791388108.763226, 119.579000]: [mission] REFINE: âncora corrigiu a deriva 1 vez(es) durante a coleta
[INFO] [1791388108.765964, 119.581000]: [mission] REFINE: 10 amostras — parede (0.000, 2.998, -0.000) yaw=-3.134
[INFO] [1791388108.820229, 119.634000]: [mission] REFINE: parede pelo LASER — 88 pontos, resíduo 4.7 mm: profundidade -0.9 mm e yaw -0.34° em relação à tag → parede (0.000, 2.999, -0.000) yaw=-3.140
[INFO] [1791388108.822566, 119.637000]: [mission] REFINE: deslocou 0.003 m da estimativa anterior
[INFO] [1791388108.823969, 119.638000]: [mission] olhal estimado em (0.201, 2.869, 0.805)
[INFO] [1791388108.829879, 119.644000]: State machine transitioning 'REFINE':'ok'-->'DEPLOY'
[INFO] [1791388108.831764, 119.646000]: [mission] DEPLOY: IK resolvida para a POSE DE MANIPULAÇÃO (0.20, 2.25, 1.57 rad), não para a atual
[INFO] [1791388113.750819, 124.266000]: [mission] DEPLOY: IK nivelada 0.0710 m, só eixo 0.0014 m — a MISSÃO INTEIRA usa "eixo"
[INFO] [1791388113.753109, 124.562000]: [mission] DEPLOY: IK da ponta resolvida (resíduo 0.0014 m, degrau 0.4°) — pré-posicionando em [-10.9 -46.5  60.   78.5 -10.9] graus
[INFO] [1791388122.852117, 133.463000]: [mission] plano de exclusão publicado: parede em [ 0.     2.999 -0.   ], normal segura [ 0.002 -1.     0.   ]
[INFO] [1791388123.067189, 133.673000]: [mission] teto por postura ativo no drive: v<=0.25 w<=0.50 rampa 0.54/1.62
[INFO] [1791388124.603689, 135.173000]: [mission] DEPLOY/aproxima: alinhado, avançando (0.33 m)
[INFO] [1791388128.122035, 138.623000]: [mission] DEPLOY/aproxima: chegou, ajustando heading final
[INFO] [1791388131.147846, 141.573000]: [mission] DEPLOY/aproxima: concluído
[INFO] [1791388131.150240, 141.575000]: State machine transitioning 'DEPLOY':'ok'-->'MANIPULATE'
[INFO] [1791388131.151365, 141.576000]: [mission] fase "orienta": modo IK iterativa (YAML)
[INFO] [1791388131.154863, 141.580000]: [mission] âncora engatada (fase "orienta")
[INFO] [1791388134.867519, 145.220000]: [mission] fase "orienta" it0: ponta (0.289, 2.722, 0.811) erro=0.0042 | degrau eixo 0.1° | rolagem 0.1° | IK pediu [-17.4 -35.8  39.9  85.4 -13.1] | faltou [ 0.4 -0.8  1.1 -0.4 -0.5] graus
[INFO] [1791388134.870059, 145.223000]: [mission] âncora solta — 2 correções de deriva
[INFO] [1791388134.872080, 145.225000]: [mission] fase "orienta" alcançada em 1 iteração(ões) (0.0042 m) — âncora corrigiu 2 vez(es)
[INFO] [1791388135.386579, 145.731000]: [mission] fase "aproxima_lateral": modo IK iterativa (YAML)
[INFO] [1791388135.393120, 145.737000]: [mission] âncora engatada (fase "aproxima_lateral")
[INFO] [1791388139.262551, 149.530000]: [mission] fase "aproxima_lateral" it0: ponta (0.286, 2.875, 0.803) erro=0.0183 | degrau eixo 3.8° | rolagem 4.5° | IK pediu [-14.5 -14.2   0.   82.6  -9.8] | faltou [ 0.4  2.5 -6.7  1.5 -0.3] graus
[INFO] [1791388139.267248, 149.536000]: [mission] fase "aproxima_lateral" it0: no frame da parede eixo=-4.4 prof=+13.7 alt=+11.4 mm (tolerância 40/8/5)
[INFO] [1791388141.930568, 152.146000]: [mission] fase "aproxima_lateral" it1: ponta (0.290, 2.848, 0.825) erro=0.0164 | degrau eixo 3.5° | rolagem 3.6° | IK pediu [-15.1 -13.7  -0.   85.2 -10.5] | faltou [  0.3   6.3 -13.9   6.9  -0. ] graus
[INFO] [1791388141.934902, 152.149000]: [mission] fase "aproxima_lateral" it1: no frame da parede eixo=-0.9 prof=-12.8 alt=-10.3 mm (tolerância 40/8/5)
[INFO] [1791388144.708444, 154.863000]: [mission] fase "aproxima_lateral" it2: ponta (0.292, 2.864, 0.808) erro=0.0068 | degrau eixo 3.9° | rolagem 4.6° | IK pediu [-15.1 -14.2  -0.   83.2 -10.2] | faltou [  0.2   8.6 -20.6   9.4  -0.3] graus
[INFO] [1791388144.715701, 154.871000]: [mission] fase "aproxima_lateral" it2: no frame da parede eixo=+1.6 prof=+2.4 alt=+6.2 mm (tolerância 40/8/5)
[INFO] [1791388149.422631, 159.484000]: [mission] fase "aproxima_lateral" it3: ponta (0.292, 2.868, 0.799) erro=0.0173 | degrau eixo 3.7° | rolagem 4.9° | IK pediu [-15.1 -13.7  -0.   83.4 -10.2] | faltou [  0.2   9.5 -25.6  11.   -0.4] graus
[INFO] [1791388149.426125, 159.489000]: [mission] fase "aproxima_lateral" it3: no frame da parede eixo=+1.0 prof=+7.0 alt=+15.8 mm (tolerância 40/8/5)
[WARN] [1791388208.516378, 216.729000]: [mission] fase "destrava": descida estagnou em 14.6 mm (mín 10 para aceitar; alvo 18) — fim de curso do mecanismo, fechando a fase
[INFO] [1791388154.553430, 164.497000]: [mission] fase "aproxima_lateral" it4: ponta (0.291, 2.855, 0.818) erro=0.0074 | degrau eixo 3.4° | rolagem 4.1° | IK pediu [-15.2 -12.5  -0.   84.2 -10.3] | faltou [  0.4   8.  -20.9   9.8  -0.2] graus
[INFO] [1791388154.559378, 164.503000]: [mission] fase "aproxima_lateral" it4: no frame da parede eixo=-0.1 prof=-6.3 alt=-3.9 mm (tolerância 40/8/5)
[INFO] [1791388154.561900, 164.506000]: [mission] âncora solta — 13 correções de deriva
[INFO] [1791388154.564144, 164.508000]: [mission] fase "aproxima_lateral" alcançada em 5 iteração(ões) (0.0074 m) — âncora corrigiu 13 vez(es)
[INFO] [1791388155.082152, 165.017000]: [mission] fase "atravessa": modo IK iterativa (YAML)
[INFO] [1791388155.087354, 165.022000]: [mission] âncora engatada (fase "atravessa")
[INFO] [1791388161.506554, 171.254000]: [mission] fase "atravessa" it0: ponta (0.209, 2.868, 0.807) erro=0.0102 | degrau eixo 1.1° | rolagem 1.1° | IK pediu [ -7.7 -10.4  -9.7  90.9  -3.2] | faltou [0. 0. 0. 0. 0.] graus
[INFO] [1791388161.509376, 171.257000]: [mission] fase "atravessa" it0: no frame da parede eixo=+0.1 prof=+7.1 alt=+7.4 mm (tolerância 8/6/5)
[INFO] [1791388167.416980, 176.988000]: [mission] fase "atravessa" it1: ponta (0.209, 2.858, 0.809) erro=0.0063 | degrau eixo 1.0° | rolagem 1.2° | IK pediu [ -7.9 -12.3  -4.7  90.1  -3.2] | faltou [  0.2  10.8 -26.8  10.8   0.3] graus
[INFO] [1791388167.420536, 176.992000]: [mission] fase "atravessa" it1: no frame da parede eixo=+0.0 prof=-2.6 alt=+5.8 mm (tolerância 8/6/5)
[INFO] [1791388183.570501, 192.524000]: [mission] fase "atravessa" it2: ponta (0.209, 2.858, 0.807) erro=0.0087 | degrau eixo 1.0° | rolagem 1.3° | IK pediu [ -7.9  -7.2 -14.8  94.1  -3.2] | faltou [  0.1   7.6 -20.6   8.7  -0. ] graus
[INFO] [1791388183.572401, 192.526000]: [mission] fase "atravessa" it2: no frame da parede eixo=+0.0 prof=-3.4 alt=+8.0 mm (tolerância 8/6/5)
[INFO] [1791388193.485165, 202.131000]: [mission] fase "atravessa" it3: ponta (0.209, 2.866, 0.814) erro=0.0051 | degrau eixo 1.0° | rolagem 1.3° | IK pediu [ -7.8  -5.6 -16.1  93.2  -3.2] | faltou [ -0.1 -21.8  45.2 -27.5  -0.1] graus
[INFO] [1791388193.487831, 202.134000]: [mission] fase "atravessa" it3: no frame da parede eixo=+0.2 prof=+5.0 alt=+0.9 mm (tolerância 8/6/5)
[INFO] [1791388193.489423, 202.135000]: [mission] âncora solta — 17 correções de deriva
[INFO] [1791388193.490708, 202.137000]: [mission] fase "atravessa" alcançada em 4 iteração(ões) (0.0051 m) — âncora corrigiu 17 vez(es)
[INFO] [1791388194.005920, 202.644000]: [mission] fase "captura": modo IK iterativa (YAML)
[INFO] [1791388194.009717, 202.647000]: [mission] âncora engatada (fase "captura")
[INFO] [1791388199.541094, 208.052000]: [mission] fase "captura" it0: ponta (0.208, 2.861, 0.790) erro=0.0122 | degrau eixo 1.0° | rolagem 1.2° | IK pediu [ -7.3 -25.5  19.4  73.8  -2.3] | faltou [ -0.8  20.3 -48.   27.8  -0.5] graus
[INFO] [1791388199.546740, 208.056000]: [mission] fase "captura" it0: no frame da parede eixo=+7.7 prof=-8.2 alt=+4.9 mm (tolerância 40/6/10)
[INFO] [1791388205.179598, 213.501000]: [mission] fase "captura" it1: ponta (0.209, 2.870, 0.788) erro=0.0105 | degrau eixo 0.8° | rolagem 1.0° | IK pediu [ -6.9  -6.8 -21.2  94.9  -1.8] | faltou [ -1.1 -25.1  53.6 -30.6  -0.5] graus
[INFO] [1791388205.183536, 213.504000]: [mission] fase "captura" it1: no frame da parede eixo=+7.8 prof=+0.9 alt=+6.9 mm (tolerância 40/6/10)
[INFO] [1791388205.187274, 213.507000]: [mission] âncora solta — 6 correções de deriva
[INFO] [1791388205.190108, 213.510000]: [mission] fase "captura" alcançada em 2 iteração(ões) (0.0105 m) — âncora corrigiu 6 vez(es)
[INFO] [1791388205.200094, 213.520000]: [mission] captura: ponta registrada em eixo=-7.8 prof=-0.9 alt=-16.9 mm (zero da descida do destrava e da deriva de eixo)
[INFO] [1791388205.720206, 214.022000]: [mission] fase "destrava": alvo em altura relativo à captura: -36.9 mm (captura -16.9 − curso 18 − margem 2)
[INFO] [1791388205.721354, 214.023000]: [mission] fase "destrava": modo whole-body/Fuzzy (YAML)
[INFO] [1791388205.930868, 214.224000]: [mission] plano de exclusão publicado: parede em [ 0.     2.999 -0.   ], normal segura [ 0.002 -1.     0.   ]
[INFO] [1791388206.252092, 214.528000]: [mission] fase "destrava": whole-body assumiu (base livre, restrita pelo plano de exclusão)
[INFO] [1791388206.255133, 214.530000]: [mission] fase "destrava": whole-body a 0.0183 m do alvo — eixo=+7.8 prof=+0.8 alt=-16.5 mm
[INFO] [1791388208.410881, 216.629000]: [mission] fase "destrava": whole-body a 0.0103 m do alvo — eixo=+7.7 prof=-4.2 alt=-5.3 mm
[INFO] [1791388208.727489, 216.937000]: [mission] destrava: ponta desceu 14.1 mm desde a captura (critério observável) | lingueta 13.6 mm (só na simulação)
[INFO] [1791388208.729015, 216.939000]: [mission] destrava: lingueta em 13.6 mm — gatilho solto
[INFO] [1791388209.235809, 217.440000]: [mission] fase "libera": modo whole-body/Fuzzy (YAML)
[INFO] [1791388209.440708, 217.641000]: [mission] plano de exclusão publicado: parede em [ 0.     2.999 -0.   ], normal segura [ 0.002 -1.     0.   ]
[INFO] [1791388209.748076, 217.943000]: [mission] fase "libera": whole-body assumiu (base livre, restrita pelo plano de exclusão)
[INFO] [1791388210.469283, 218.644000]: [mission] fase "libera": whole-body a 0.0281 m do alvo — eixo=+7.7 prof=+26.4 alt=+6.1 mm
[INFO] [1791388212.506140, 220.645000]: [mission] fase "libera": whole-body a 0.0292 m do alvo — eixo=+7.7 prof=+27.3 alt=+6.9 mm
[INFO] [1791388214.654790, 222.744000]: [mission] fase "libera": whole-body a 0.0243 m do alvo — eixo=+7.7 prof=+21.3 alt=+8.7 mm
[INFO] [1791388216.795401, 224.844000]: [mission] fase "libera": whole-body a 0.0202 m do alvo — eixo=+7.7 prof=+14.9 alt=+11.3 mm
[INFO] [1791388218.944896, 226.945000]: [mission] fase "libera": whole-body a 0.0193 m do alvo — eixo=+7.7 prof=+12.8 alt=+12.2 mm
[INFO] [1791388221.102448, 229.044000]: [mission] fase "libera": whole-body a 0.0181 m do alvo — eixo=+7.7 prof=+11.0 alt=+12.2 mm
[INFO] [1791388223.229568, 231.144000]: [mission] fase "libera": whole-body a 0.0140 m do alvo — eixo=+7.7 prof=+6.8 alt=+9.5 mm
[INFO] [1791388224.548848, 232.444000]: [mission] fase "libera" alcançada por whole-body em 14.5s (0.0081 m) — no frame da parede eixo=+7.7 prof=+0.6 alt=+2.4 mm (tolerância 40/8/6)
[INFO] [1791388225.280042, 233.148000]: [mission] fase "arco1"/puxa: RECUANDO 0.022 m só com as rodas
[INFO] [1791388225.742253, 233.599000]: [mission] fase "arco1"/puxa: concluído (0.023 m)
[INFO] [1791388225.743665, 233.600000]: [mission] fase "arco1": modo whole-body/Fuzzy (YAML)
[INFO] [1791388225.953455, 233.804000]: [mission] plano de exclusão publicado: parede em [ 0.     2.999 -0.   ], normal segura [ 0.002 -1.     0.   ]
[INFO] [1791388226.261102, 234.107000]: [mission] fase "arco1": whole-body assumiu (base livre, restrita pelo plano de exclusão)
[INFO] [1791388226.262743, 234.108000]: [mission] fase "arco1": whole-body a 0.0078 m do alvo — eixo=+7.7 prof=+0.8 alt=-1.0 mm
[INFO] [1791388226.668244, 234.509000]: [mission] fase "arco1" alcançada por whole-body em 0.4s (0.0081 m) — no frame da parede eixo=+7.5 prof=-2.0 alt=-2.1 mm (tolerância 40/10/15)
[INFO] [1791388226.670577, 234.509000]: [mission] arco1: SOLTURA observável — recuo 54.7 mm desde a captura (mín 40) com deriva de eixo +0.3 mm → SOLTA
[INFO] [1791388226.882865, 234.717000]: [mission] waypoint de 15° — lâmina medida em 16.2° (abertura por CONTATO)
[INFO] [1791388227.398047, 235.218000]: [mission] fase "arco2"/puxa: RECUANDO 0.048 m só com as rodas
[INFO] [1791388228.316967, 236.119000]: [mission] fase "arco2"/puxa: concluído (0.050 m)
[INFO] [1791388228.318352, 236.120000]: [mission] fase "arco2": modo whole-body/Fuzzy (YAML)
[INFO] [1791388228.524407, 236.322000]: [mission] plano de exclusão publicado: parede em [ 0.     2.999 -0.   ], normal segura [ 0.002 -1.     0.   ]
[INFO] [1791388228.830415, 236.623000]: [mission] fase "arco2": whole-body assumiu (base livre, restrita pelo plano de exclusão)
[INFO] [1791388228.831523, 236.624000]: [mission] fase "arco2": whole-body a 0.0149 m do alvo — eixo=+7.3 prof=-0.1 alt=-12.9 mm
[WARN] [1791388244.848441, 252.366000]: [mission] RETRACT: ponta a 0.146 m do olhal — saindo em degraus: sobe 30 mm, 120 mm pelo eixo do furo, 100 mm para fora, antes de recolher
[INFO] [1791388229.235435, 237.023000]: [mission] fase "arco2" alcançada por whole-body em 0.4s (0.0097 m) — no frame da parede eixo=+7.5 prof=-3.7 alt=-5.0 mm (tolerância 40/10/15)
[INFO] [1791388229.453223, 237.238000]: [mission] waypoint de 30° — lâmina medida em 31.0° (abertura por CONTATO)
[INFO] [1791388229.961559, 237.740000]: [mission] fase "desengata": modo IK iterativa (YAML)
[INFO] [1791388229.969088, 237.747000]: [mission] âncora engatada (fase "desengata")
[INFO] [1791388243.925938, 251.454000]: [mission] fase "desengata" it0: ponta (0.291, 2.773, 0.744) erro=0.0099 | degrau eixo 6.0° | rolagem 6.6° | IK pediu [ -9.5 -15.7   0.   64.5  -7. ] | faltou [  0.4  -9.1  19.8 -12.7  -0.1] graus
[INFO] [1791388243.928454, 251.457000]: [mission] âncora solta — 13 correções de deriva
[INFO] [1791388243.929806, 251.458000]: [mission] fase "desengata" alcançada em 1 iteração(ões) (0.0099 m) — âncora corrigiu 13 vez(es)
[INFO] [1791388244.442069, 251.965000]: [mission] MANIPULATE concluída — chave ABERTA, lâmina medida em 30.7°
[INFO] [1791388244.442874, 251.965000]: State machine transitioning 'MANIPULATE':'done'-->'RETRACT'
[INFO] [1791388244.853958, 252.371000]: [mission] âncora engatada (fase "saida_sobe")
[INFO] [1791388247.804574, 255.280000]: [mission] fase "saida_sobe" it0: ponta (0.299, 2.780, 0.764) erro=0.0126 | degrau eixo 6.1° | rolagem 6.4° | IK pediu [ -9.  -13.4   0.   63.2  -7.3] | faltou [  0.   -8.8  19.1 -12.3   0.2] graus
[INFO] [1791388247.809392, 255.285000]: [mission] fase "saida_sobe" it0: no frame da parede eixo=+5.2 prof=+5.2 alt=+10.2 mm (tolerância 30/20/10)
[INFO] [1791388251.041490, 258.438000]: [mission] fase "saida_sobe" it1: ponta (0.282, 2.774, 0.773) erro=0.0118 | degrau eixo 5.8° | rolagem 5.9° | IK pediu [ -8.4 -13.3   0.   65.5  -7.5] | faltou [  0.5   4.4 -10.4   4.    0.3] graus
[INFO] [1791388251.045115, 258.442000]: [mission] fase "saida_sobe" it1: no frame da parede eixo=-11.8 prof=-0.6 alt=+1.1 mm (tolerância 30/20/10)
[INFO] [1791388251.047124, 258.444000]: [mission] âncora solta — 4 correções de deriva
[INFO] [1791388251.048460, 258.445000]: [mission] fase "saida_sobe" alcançada em 2 iteração(ões) (0.0118 m) — âncora corrigiu 4 vez(es)
[INFO] [1791388251.053110, 258.450000]: [mission] âncora engatada (fase "saida_eixo")
[INFO] [1791388258.019557, 265.282000]: [mission] fase "saida_eixo" it0: ponta (0.411, 2.777, 0.753) erro=0.0206 | degrau eixo 13.3° | rolagem 15.2° | IK pediu [-17.7 -10.7   0.   54.5 -13. ] | faltou [  0.5 -12.3  25.  -16.5  -0.1] graus
[INFO] [1791388258.022580, 265.285000]: [mission] fase "saida_eixo" it0: no frame da parede eixo=-2.4 prof=+2.5 alt=+20.3 mm (tolerância 20/20/15)
[INFO] [1791388266.496956, 273.594000]: [mission] fase "saida_eixo" it1: ponta (0.406, 2.773, 0.774) erro=0.0076 | degrau eixo 13.1° | rolagem 14.3° | IK pediu [-17.5  -9.4   0.   55.  -13.7] | faltou [  0.5 -11.7  24.4 -15.6   0.1] graus
[INFO] [1791388266.502231, 273.599000]: [mission] fase "saida_eixo" it1: no frame da parede eixo=-7.5 prof=-1.6 alt=-0.3 mm (tolerância 20/20/15)
[INFO] [1791388266.506177, 273.604000]: [mission] âncora solta — 12 correções de deriva
[INFO] [1791388266.508652, 273.606000]: [mission] fase "saida_eixo" alcançada em 2 iteração(ões) (0.0076 m) — âncora corrigiu 12 vez(es)
[INFO] [1791388266.515462, 273.613000]: [mission] âncora engatada (fase "saida_fora")
[INFO] [1791388273.170164, 280.120000]: [mission] fase "saida_fora" it0: ponta (0.409, 2.682, 0.767) erro=0.0109 | degrau eixo 9.1° | rolagem 10.3° | IK pediu [-20.2 -18.6   0.   83.  -19.5] | faltou [  0.6   9.4 -22.6  10.5  -0.3] graus
[INFO] [1791388273.174248, 280.124000]: [mission] fase "saida_fora" it0: no frame da parede eixo=-5.0 prof=+6.7 alt=+6.9 mm (tolerância 30/20/20)
[INFO] [1791388273.176087, 280.127000]: [mission] âncora solta — 4 correções de deriva
[INFO] [1791388273.177483, 280.128000]: [mission] fase "saida_fora" alcançada em 1 iteração(ões) (0.0109 m) — âncora corrigiu 4 vez(es)
[INFO] [1791388273.179480, 280.130000]: [mission] RETRACT/afasta: RECUANDO 0.250 m só com as rodas
[INFO] [1791388277.672283, 284.534000]: [mission] RETRACT/afasta: concluído (0.250 m)
[INFO] [1791388277.674532, 284.536000]: [mission] postura "stow_home" comandada: [0.0, 1.13, -1.04, -1.8, 0.0]
[INFO] [1791388291.872874, 298.438000]: State machine transitioning 'RETRACT':'ok'-->'RETURN'
[INFO] [1791388291.874496, 298.439000]: [mission] RETURN — voltando a (0.02, 1.00, 0.00 rad)
[INFO] [1791388305.725391, 311.990000]: [mission] RETURN: alinhado, avançando (1.01 m)
[INFO] [1791388305.775961, 312.040000]: [mission] teto por postura ativo no drive: v<=0.25 w<=0.50 rampa 0.54/1.51
[INFO] [1791388313.684107, 319.790000]: [mission] RETURN: chegou, ajustando heading final
[INFO] [1791388313.734957, 319.840000]: [mission] teto por postura ativo no drive: v<=0.25 w<=0.50 rampa 0.54/1.51
[INFO] [1791388322.514941, 328.440000]: [mission] RETURN: concluído
[INFO] [1791388322.518347, 328.443000]: State machine terminating 'RETURN':'home':'MISSION_OK'
[INFO] [1791388322.520474, 328.443000]: [mission] resultado: MISSION_OK
... logging to /home/marco/.ros/log/3e3f6f92-c266-11f1-a402-b025aa85b2a2/roslaunch-shiroi-3255184.log
Checking log directory for disk usage. This may take a while.
Press Ctrl-C to interrupt
]2;/home/marco/b166er/src/b166er_whole_body_control/launch/chave_mission.launch
[1mstarted roslaunch server http://shiroi:34355/[0m

SUMMARY
========

PARAMETERS
 * /chave_mission/estado_final: 
 * /chave_mission/estado_inicial: STOW_INIT
 * /chave_mission/pausa_por_fase: False
 * /chave_mission/search_omega: 0.35
 * /chave_mission/standoff_distance: 0.62
 * /chave_mission/use_wholebody: False
 * /chave_seccionadora_task/aproxima_lateral/modo: ik
 * /chave_seccionadora_task/aproxima_lateral/offset_xyz_m: [-0.09, 0.008, 0.01]
 * /chave_seccionadora_task/aproxima_lateral/tol_xyz_m: [0.04, 0.008, 0.005]
 * /chave_seccionadora_task/arco1/blade_angle_deg: 15
 * /chave_seccionadora_task/arco1/deriva_eixo_max_m: 0.015
 * /chave_seccionadora_task/arco1/modo: wb
 * /chave_seccionadora_task/arco1/offset_xyz_m: [0.0, 0.0518, -0....
 * /chave_seccionadora_task/arco1/soltura_recuo_min_m: 0.04
 * /chave_seccionadora_task/arco1/tol_xyz_m: [0.04, 0.01, 0.015]
 * /chave_seccionadora_task/arco2/blade_angle_deg: 30
 * /chave_seccionadora_task/arco2/deriva_eixo_max_m: 0.015
 * /chave_seccionadora_task/arco2/modo: wb
 * /chave_seccionadora_task/arco2/offset_xyz_m: [0.0, 0.1, -0.0518]
 * /chave_seccionadora_task/arco2/tol_xyz_m: [0.04, 0.01, 0.015]
 * /chave_seccionadora_task/atravessa/modo: ik
 * /chave_seccionadora_task/atravessa/offset_xyz_m: [-0.008, 0.008, 0...
 * /chave_seccionadora_task/atravessa/tol_xyz_m: [0.008, 0.006, 0....
 * /chave_seccionadora_task/captura/modo: ik
 * /chave_seccionadora_task/captura/offset_xyz_m: [0.0, 0.0, -0.01]
 * /chave_seccionadora_task/captura/tol_xyz_m: [0.04, 0.006, 0.01]
 * /chave_seccionadora_task/desengata/modo: ik
 * /chave_seccionadora_task/desengata/offset_xyz_m: [-0.09, 0.1, -0.0...
 * /chave_seccionadora_task/destrava/curso_estagna_m: 0.01
 * /chave_seccionadora_task/destrava/curso_margem_m: 0.002
 * /chave_seccionadora_task/destrava/curso_min_m: 0.018
 * /chave_seccionadora_task/destrava/curso_teto_m: 0.022
 * /chave_seccionadora_task/destrava/modo: wb
 * /chave_seccionadora_task/destrava/offset_xyz_m: [0.0, 0.0, -0.025]
 * /chave_seccionadora_task/destrava/tol_xyz_m: [0.04, 0.006, 0.004]
 * /chave_seccionadora_task/libera/deriva_eixo_max_m: 0.015
 * /chave_seccionadora_task/libera/modo: wb
 * /chave_seccionadora_task/libera/offset_xyz_m: [0.0, 0.03, -0.025]
 * /chave_seccionadora_task/libera/tol_xyz_m: [0.04, 0.008, 0.006]
 * /chave_seccionadora_task/orienta/modo: ik
 * /chave_seccionadora_task/orienta/offset_xyz_m: [-0.09, 0.15, 0.0...
 * /chave_seccionadora_task/reassenta_sobe/tol_xyz_m: [0.03, 0.02, 0.005]
 * /chave_seccionadora_task/saida_eixo/tol_xyz_m: [0.02, 0.02, 0.015]
 * /chave_seccionadora_task/saida_fora/tol_xyz_m: [0.03, 0.02, 0.02]
 * /chave_seccionadora_task/saida_sobe/tol_xyz_m: [0.03, 0.02, 0.01]
 * /chave_seccionadora_task/target_frame: chave_olhal_link
 * /fuzzy_wb_controller/fixed_gains: []
 * /rosdistro: noetic
 * /rosversion: 1.17.4

NODES
  /
    chave_mission (b166er_whole_body_control/chave_mission.py)

[1mROS_MASTER_URI=http://localhost:11311[0m
]2;/home/marco/b166er/src/b166er_whole_body_control/launch/chave_mission.launch http://localhost:11311
[1mprocess[chave_mission-1]: started with pid [3255232][0m
[1m[chave_mission-1] process has finished cleanly
log file: /home/marco/.ros/log/3e3f6f92-c266-11f1-a402-b025aa85b2a2/chave_mission-1*.log[0m
all processes on machine have died, roslaunch will exit
shutting down processing monitor...
... shutting down processing monitor complete
[1mdone[0m
