[31mWARNING: disk usage in log directory [/home/marco/.ros/log] is over 1GB.
It's recommended that you use the 'rosclean' command.[0m
the rosdep view is empty: call 'sudo rosdep init' and 'rosdep update'
[WARN] [1790815937.002088, 480.297000]: [mission] SEARCH: 4 de 25 amostras descartadas como outlier (>0.15 m ou >0.20 rad da mediana)
[WARN] [1790815937.057991, 480.353000]: [mission] SEARCH: laser com só 14 pontos de parede (mín 30) — parede fica pela tag
[INFO] [1790815912.869588, 456.534000]: garra_dx = 0.000 m (fechada)
[INFO] [1790815913.015720, 456.678000]: State machine starting in initial state 'STOW_INIT' with userdata: 
	[]
[INFO] [1790815913.222227, 456.880000]: [mission] pose de partida registrada: (-0.00, 1.00, -0.01 rad)
[INFO] [1790815913.224980, 456.883000]: [mission] postura "stow_home" comandada: [0.0, 1.13, -1.04, -1.8, 0.0]
[INFO] [1790815913.328709, 456.984000]: State machine transitioning 'STOW_INIT':'ok'-->'SEARCH'
[INFO] [1790815913.332150, 456.987000]: [mission] postura "search" comandada: [0.0, 1.0, -1.0, 0.0, 0.0]
[INFO] [1790815919.427289, 462.990000]: [mission] SEARCH — girando à procura da tag...
[INFO] [1790815919.429151, 462.992000]: [mission] SEARCH: amostra quando a tag estiver a raio 0.35-0.50 do quadro (vista oblíqua; omega fina 0.15 rad/s)
[INFO] [1790815920.694408, 464.243000]: [mission] SEARCH: tag a raio 0.94 — girando até <= 0.50
[INFO] [1790815926.990416, 470.443000]: [mission] SEARCH: tag a raio 0.49 — parando
[INFO] [1790815926.992388, 470.445000]: [mission] tag avistada — parando para medir
[INFO] [1790815928.007334, 471.451000]: [mission] âncora engatada (coleta do SEARCH)
[INFO] [1790815928.008713, 471.452000]: [mission] SEARCH: coleta com dither ±0.05 rad/s (período 3.0 s)
[INFO] [1790815936.987588, 480.284000]: [mission] âncora solta — 14 correções de deriva
[INFO] [1790815936.989622, 480.286000]: [mission] SEARCH: âncora corrigiu a deriva 14 vez(es) durante a coleta
[INFO] [1790815937.003561, 480.300000]: [mission] SEARCH: 21 amostras — parede (0.030, 3.106, -0.001) yaw=2.855
[INFO] [1790815937.059683, 480.355000]: [mission] parede localizada em (0.030, 3.106, -0.001)
[INFO] [1790815937.068576, 480.363000]: State machine transitioning 'SEARCH':'found'-->'APPROACH'
[INFO] [1790815937.071270, 480.366000]: [mission] APPROACH etapa 1/2 — 1.30 m do olhal, alvo (-0.18, 1.68, 1.28 rad)
[INFO] [1790815941.776544, 485.018000]: [mission] APPROACH: alinhado, avançando (0.87 m)
[INFO] [1790815941.828215, 485.068000]: [mission] teto por postura ativo no drive: v<=0.17 w<=0.50 rampa 0.45/1.51
[INFO] [1790815948.790220, 491.918000]: [mission] APPROACH: chegou, ajustando heading final
[INFO] [1790815948.841591, 491.968000]: [mission] teto por postura ativo no drive: v<=0.17 w<=0.50 rampa 0.45/1.52
[INFO] [1790815952.959084, 496.018000]: [mission] APPROACH: concluído
[INFO] [1790815953.973641, 497.023000]: [mission] âncora engatada (coleta do APPROACH/remedida)
[INFO] [1790815953.976336, 497.025000]: [mission] APPROACH/remedida: coleta com dither ±0.05 rad/s (período 3.0 s)
[INFO] [1790815955.124897, 498.156000]: [mission] âncora solta — 2 correções de deriva
[INFO] [1790815955.126594, 498.158000]: [mission] APPROACH/remedida: âncora corrigiu a deriva 2 vez(es) durante a coleta
[INFO] [1790815955.130254, 498.160000]: [mission] APPROACH/remedida: 10 amostras — parede (-0.001, 2.989, -0.001) yaw=-3.127
[INFO] [1790815955.186109, 498.216000]: [mission] APPROACH/remedida: parede pelo LASER — 80 pontos, resíduo 4.8 mm: profundidade -10.4 mm e yaw -0.77° em relação à tag → parede (-0.001, 2.999, -0.001) yaw=-3.141
[INFO] [1790815955.188666, 498.219000]: [mission] APPROACH etapa 2/2 — 0.88 m do olhal, alvo (0.37, 1.99, 1.57 rad)
[INFO] [1790815959.519577, 502.471000]: [mission] APPROACH: alinhado, avançando (0.74 m)
[INFO] [1790815959.569579, 502.521000]: [mission] teto por postura ativo no drive: v<=0.17 w<=0.50 rampa 0.45/1.52
[INFO] [1790815965.718403, 508.571000]: [mission] APPROACH: chegou, ajustando heading final
[INFO] [1790815965.768259, 508.621000]: [mission] teto por postura ativo no drive: v<=0.17 w<=0.50 rampa 0.45/1.52
[INFO] [1790815972.333882, 515.071000]: [mission] APPROACH: concluído
[INFO] [1790815972.340024, 515.077000]: State machine transitioning 'APPROACH':'arrived'-->'REFINE'
[INFO] [1790815972.341757, 515.079000]: [mission] REFINE — remedindo a parede de perto (10 amostras)
[INFO] [1790815972.346217, 515.083000]: [mission] âncora engatada (coleta do REFINE)
[INFO] [1790815972.348042, 515.085000]: [mission] REFINE: coleta com dither ±0.05 rad/s (período 3.0 s)
[INFO] [1790815973.596401, 516.314000]: [mission] REFINE: 10 amostras — parede (0.001, 3.010, -0.001) yaw=3.121
[INFO] [1790815973.648748, 516.366000]: [mission] REFINE: parede pelo LASER — 78 pontos, resíduo 4.7 mm: profundidade +12.4 mm e yaw +0.96° em relação à tag → parede (0.001, 2.998, -0.001) yaw=3.138
[INFO] [1790815973.649876, 516.367000]: [mission] REFINE: deslocou 0.003 m da estimativa anterior
[INFO] [1790815973.650755, 516.368000]: [mission] olhal estimado em (0.201, 2.867, 0.804)
[INFO] [1790815973.654942, 516.372000]: State machine transitioning 'REFINE':'ok'-->'DEPLOY'
[INFO] [1790815973.656345, 516.374000]: [mission] DEPLOY: IK resolvida para a POSE DE MANIPULAÇÃO (0.20, 2.25, 1.57 rad), não para a atual
[INFO] [1790815978.556486, 520.517000]: [mission] DEPLOY: IK nivelada 0.0711 m, só eixo 0.0014 m — a MISSÃO INTEIRA usa "eixo"
[INFO] [1790815978.561119, 521.271000]: [mission] DEPLOY: IK da ponta resolvida (resíduo 0.0014 m, degrau 0.4°) — pré-posicionando em [-10.9 -46.6  60.   78.6  79.1] graus
[INFO] [1790815985.595613, 528.172000]: [mission] plano de exclusão publicado: parede em [ 1.000e-03  2.998e+00 -1.000e-03], normal segura [-0.004 -1.     0.   ]
[INFO] [1790815985.811307, 528.385000]: [mission] teto por postura ativo no drive: v<=0.23 w<=0.50 rampa 0.52/1.64
[INFO] [1790815989.767923, 532.285000]: [mission] DEPLOY/aproxima: alinhado, avançando (0.46 m)
[INFO] [1790815993.376271, 535.835000]: [mission] DEPLOY/aproxima: chegou, ajustando heading final
[INFO] [1790815996.858762, 539.285000]: [mission] DEPLOY/aproxima: concluído
[INFO] [1790815996.860467, 539.287000]: State machine transitioning 'DEPLOY':'ok'-->'MANIPULATE'
[INFO] [1790815996.863080, 539.289000]: [mission] fase "orienta": modo IK iterativa (YAML)
[INFO] [1790815996.867412, 539.294000]: [mission] âncora engatada (fase "orienta")
[INFO] [1790815998.909634, 541.299000]: [mission] fase "orienta" it0: ponta (0.295, 2.718, 0.811) erro=0.0049 | degrau eixo 0.1° | rolagem 0.2° | IK pediu [-20.7 -40.5  48.5  81.4  74.4] | faltou [-0.3 -0.1 -0.1  0.   0. ] graus
[INFO] [1790815998.911833, 541.302000]: [mission] fase "orienta" alcançada em 1 iteração(ões) (0.0049 m)
[INFO] [1790815999.421312, 541.807000]: [mission] fase "aproxima_lateral": modo IK iterativa (YAML)
[INFO] [1790815999.425412, 541.811000]: [mission] âncora engatada (fase "aproxima_lateral")
[INFO] [1790816003.681154, 546.014000]: [mission] fase "aproxima_lateral" it0: ponta (0.291, 2.864, 0.810) erro=0.0070 | degrau eixo 4.0° | rolagem 4.2° | IK pediu [-16.9 -15.1   0.   86.1  78.2] | faltou [-0.  -0.3 -0.2 -0.1  0. ] graus
[INFO] [1790816003.683323, 546.016000]: [mission] fase "aproxima_lateral" it0: no frame da parede eixo=-0.3 prof=+5.8 alt=+3.8 mm (tolerância 40/8/5)
[INFO] [1790816003.684689, 546.018000]: [mission] âncora solta — 2 correções de deriva
[INFO] [1790816003.685855, 546.019000]: [mission] fase "aproxima_lateral" alcançada em 1 iteração(ões) (0.0070 m) — âncora corrigiu 2 vez(es)
[INFO] [1790816004.197649, 546.526000]: [mission] fase "atravessa": modo IK iterativa (YAML)
[INFO] [1790816004.202086, 546.530000]: [mission] âncora engatada (fase "atravessa")
[INFO] [1790816006.043813, 548.334000]: [mission] fase "atravessa" it0: ponta (0.209, 2.864, 0.811) erro=0.0063 | degrau eixo 1.4° | rolagem 1.7° | IK pediu [ -9.7 -15.9   0.3  89.7  85. ] | faltou [-0.2 -0.2 -0.3 -0.4 -0.5] graus
[INFO] [1790816006.046497, 548.336000]: [mission] fase "atravessa" it0: no frame da parede eixo=+0.1 prof=+5.4 alt=+3.1 mm (tolerância 8/6/5)
[INFO] [1790816006.049625, 548.340000]: [mission] fase "atravessa" alcançada em 1 iteração(ões) (0.0063 m)
[INFO] [1790816006.566577, 548.849000]: [mission] fase "captura": modo IK iterativa (YAML)
[INFO] [1790816006.572414, 548.854000]: [mission] âncora engatada (fase "captura")
[INFO] [1790816008.099269, 550.359000]: [mission] fase "captura" it0: ponta (0.209, 2.869, 0.791) erro=0.0084 | degrau eixo 1.4° | rolagem 1.5° | IK pediu [ -9.  -18.   -0.1  90.4  85.7] | faltou [-0.7 -0.2 -0.2 -0.3 -0.2] graus
[WARN] [1790816013.371399, 555.577000]: [mission] fase "destrava": descida estagnou em 14.7 mm (mín 10 para aceitar; alvo 18) — fim de curso do mecanismo, fechando a fase
[WARN] [1790816013.578212, 555.782000]: [mission] destrava: lingueta em 10.5 mm (esperado ≥ 12) — o gatilho pode não ter soltado
[WARN] [1790816026.396736, 568.422000]: [mission] RETRACT: ponta a 0.141 m do olhal — saindo em degraus: sobe 30 mm, 120 mm pelo eixo do furo, 100 mm para fora, antes de recolher
[INFO] [1790816008.101018, 550.361000]: [mission] fase "captura" it0: no frame da parede eixo=+7.7 prof=+2.3 alt=+2.6 mm (tolerância 40/6/10)
[INFO] [1790816008.101987, 550.363000]: [mission] fase "captura" alcançada em 1 iteração(ões) (0.0084 m)
[INFO] [1790816008.105264, 550.366000]: [mission] captura: ponta registrada em eixo=-7.7 prof=-2.3 alt=-12.6 mm (zero da descida do destrava e da deriva de eixo)
[INFO] [1790816008.614895, 550.867000]: [mission] fase "destrava": alvo em altura relativo à captura: -32.6 mm (captura -12.6 − curso 18 − margem 2)
[INFO] [1790816008.616546, 550.868000]: [mission] fase "destrava": modo whole-body/Fuzzy (YAML)
[INFO] [1790816008.826216, 551.071000]: [mission] plano de exclusão publicado: parede em [ 1.000e-03  2.998e+00 -1.000e-03], normal segura [-0.004 -1.     0.   ]
[INFO] [1790816009.140108, 551.377000]: [mission] fase "destrava": whole-body assumiu (base livre, restrita pelo plano de exclusão)
[INFO] [1790816009.141317, 551.378000]: [mission] fase "destrava": whole-body a 0.0203 m do alvo — eixo=+7.7 prof=+1.9 alt=-18.6 mm
[INFO] [1790816011.257550, 553.477000]: [mission] fase "destrava": whole-body a 0.0100 m do alvo — eixo=+7.5 prof=-2.1 alt=-6.3 mm
[INFO] [1790816013.577604, 555.782000]: [mission] destrava: ponta desceu 14.1 mm desde a captura (critério observável) | lingueta 10.5 mm (só na simulação)
[INFO] [1790816014.085371, 556.283000]: [mission] fase "libera": modo whole-body/Fuzzy (YAML)
[INFO] [1790816014.291557, 556.485000]: [mission] plano de exclusão publicado: parede em [ 1.000e-03  2.998e+00 -1.000e-03], normal segura [-0.004 -1.     0.   ]
[INFO] [1790816014.599107, 556.789000]: [mission] fase "libera": whole-body assumiu (base livre, restrita pelo plano de exclusão)
[INFO] [1790816014.601258, 556.791000]: [mission] fase "libera": whole-body a 0.0293 m do alvo — eixo=+7.5 prof=+28.4 alt=+0.5 mm
[INFO] [1790816016.719167, 558.890000]: [mission] fase "libera": whole-body a 0.0138 m do alvo — eixo=+7.6 prof=+3.3 alt=+11.1 mm
[INFO] [1790816018.049417, 560.190000]: [mission] fase "libera" alcançada por whole-body em 3.4s (0.0091 m) — no frame da parede eixo=+7.7 prof=-4.2 alt=+2.5 mm (tolerância 40/8/6)
[INFO] [1790816018.765798, 560.896000]: [mission] fase "arco1"/puxa: RECUANDO 0.022 m só com as rodas
[INFO] [1790816019.222381, 561.347000]: [mission] fase "arco1"/puxa: concluído (0.022 m)
[INFO] [1790816019.224989, 561.349000]: [mission] fase "arco1": modo whole-body/Fuzzy (YAML)
[INFO] [1790816019.433043, 561.554000]: [mission] plano de exclusão publicado: parede em [ 1.000e-03  2.998e+00 -1.000e-03], normal segura [-0.004 -1.     0.   ]
[INFO] [1790816019.740091, 561.857000]: [mission] fase "arco1": whole-body assumiu (base livre, restrita pelo plano de exclusão)
[INFO] [1790816019.743936, 561.859000]: [mission] fase "arco1": whole-body a 0.0104 m do alvo — eixo=+7.7 prof=+7.0 alt=+0.9 mm
[INFO] [1790816020.151401, 562.259000]: [mission] fase "arco1" alcançada por whole-body em 0.4s (0.0083 m) — no frame da parede eixo=+7.7 prof=+3.1 alt=+0.8 mm (tolerância 40/10/15)
[INFO] [1790816020.153191, 562.261000]: [mission] arco1: SOLTURA observável — recuo 51.0 mm desde a captura (mín 40) com deriva de eixo +0.0 mm → SOLTA
[INFO] [1790816020.365586, 562.472000]: [mission] waypoint de 15° — lâmina medida em 15.8° (abertura por CONTATO)
[INFO] [1790816020.878928, 562.974000]: [mission] fase "arco2"/puxa: RECUANDO 0.048 m só com as rodas
[INFO] [1790816021.786357, 563.875000]: [mission] fase "arco2"/puxa: concluído (0.050 m)
[INFO] [1790816021.787364, 563.876000]: [mission] fase "arco2": modo whole-body/Fuzzy (YAML)
[INFO] [1790816021.992290, 564.077000]: [mission] plano de exclusão publicado: parede em [ 1.000e-03  2.998e+00 -1.000e-03], normal segura [-0.004 -1.     0.   ]
[INFO] [1790816022.296035, 564.381000]: [mission] fase "arco2": whole-body assumiu (base livre, restrita pelo plano de exclusão)
[INFO] [1790816022.297470, 564.382000]: [mission] fase "arco2": whole-body a 0.0122 m do alvo — eixo=+7.8 prof=+2.6 alt=-8.9 mm
[INFO] [1790816022.698068, 564.781000]: [mission] fase "arco2" alcançada por whole-body em 0.4s (0.0106 m) — no frame da parede eixo=+7.9 prof=-0.8 alt=-7.1 mm (tolerância 40/10/15)
[INFO] [1790816022.907813, 564.989000]: [mission] waypoint de 30° — lâmina medida em 31.6° (abertura por CONTATO)
[INFO] [1790816023.418952, 565.491000]: [mission] fase "desengata": modo IK iterativa (YAML)
[INFO] [1790816023.425825, 565.497000]: [mission] âncora engatada (fase "desengata")
[INFO] [1790816025.464402, 567.503000]: [mission] fase "desengata" it0: ponta (0.291, 2.773, 0.748) erro=0.0077 | degrau eixo 4.3° | rolagem 4.5° | IK pediu [-16.4 -22.7  -0.   91.4  78.8] | faltou [ 0.2 -0.2 -0.3 -0.3 -0. ] graus
[INFO] [1790816025.466969, 567.506000]: [mission] fase "desengata" alcançada em 1 iteração(ões) (0.0077 m)
[INFO] [1790816025.985699, 568.016000]: [mission] MANIPULATE concluída — chave ABERTA, lâmina medida em 31.8°
[INFO] [1790816025.988845, 568.019000]: State machine transitioning 'MANIPULATE':'done'-->'RETRACT'
[INFO] [1790816026.401162, 568.426000]: [mission] âncora engatada (fase "saida_sobe")
[INFO] [1790816028.030214, 570.030000]: [mission] fase "saida_sobe" it0: ponta (0.293, 2.781, 0.774) erro=0.0070 | degrau eixo 4.1° | rolagem 4.2° | IK pediu [-16.3 -19.5   0.   89.6  78.6] | faltou [ 0.  -0.6  0.1 -0.2  0. ] graus
[INFO] [1790816028.035264, 570.035000]: [mission] fase "saida_sobe" it0: no frame da parede eixo=+0.8 prof=+5.8 alt=+3.7 mm (tolerância 30/20/10)
[INFO] [1790816028.038109, 570.038000]: [mission] fase "saida_sobe" alcançada em 1 iteração(ões) (0.0070 m)
[INFO] [1790816028.042661, 570.042000]: [mission] âncora engatada (fase "saida_eixo")
[INFO] [1790816030.085861, 572.049000]: [mission] fase "saida_eixo" it0: ponta (0.413, 2.782, 0.773) erro=0.0086 | degrau eixo 9.6° | rolagem 10.0° | IK pediu [-26.4 -17.8   0.   81.8  69.8] | faltou [ 0.  -0.2 -0.3 -0.4  0. ] graus
[INFO] [1790816030.091256, 572.054000]: [mission] fase "saida_eixo" it0: no frame da parede eixo=+0.8 prof=+7.0 alt=+4.9 mm (tolerância 20/20/15)
[INFO] [1790816030.093669, 572.056000]: [mission] fase "saida_eixo" alcançada em 1 iteração(ões) (0.0086 m)
[INFO] [1790816030.099254, 572.062000]: [mission] âncora engatada (fase "saida_fora")
[INFO] [1790816032.849437, 574.768000]: [mission] fase "saida_fora" it0: ponta (0.411, 2.680, 0.776) erro=0.0056 | degrau eixo 3.4° | rolagem 3.4° | IK pediu [-30.3 -21.4   0.  103.7  64. ] | faltou [0. 0. 0. 0. 0.] graus
[INFO] [1790816032.854874, 574.773000]: [mission] fase "saida_fora" it0: no frame da parede eixo=-0.2 prof=+5.3 alt=+1.8 mm (tolerância 30/20/20)
[INFO] [1790816032.858597, 574.778000]: [mission] âncora solta — 1 correções de deriva
[INFO] [1790816032.861053, 574.780000]: [mission] fase "saida_fora" alcançada em 1 iteração(ões) (0.0056 m) — âncora corrigiu 1 vez(es)
[INFO] [1790816032.865648, 574.784000]: [mission] RETRACT/afasta: RECUANDO 0.250 m só com as rodas
[INFO] [1790816037.390728, 579.237000]: [mission] RETRACT/afasta: concluído (0.251 m)
[INFO] [1790816037.392978, 579.238000]: [mission] postura "stow_home" comandada: [0.0, 1.13, -1.04, -1.8, 0.0]
[INFO] [1790816049.708269, 591.342000]: State machine transitioning 'RETRACT':'ok'-->'RETURN'
[INFO] [1790816049.709659, 591.343000]: [mission] RETURN — voltando a (-0.00, 1.00, -0.01 rad)
[INFO] [1790816061.681422, 603.094000]: [mission] RETURN: alinhado, avançando (1.21 m)
[INFO] [1790816061.733085, 603.144000]: [mission] teto por postura ativo no drive: v<=0.23 w<=0.50 rampa 0.51/1.52
[INFO] [1790816070.926023, 612.194000]: [mission] RETURN: chegou, ajustando heading final
[INFO] [1790816070.977367, 612.244000]: [mission] teto por postura ativo no drive: v<=0.23 w<=0.50 rampa 0.51/1.52
[INFO] [1790816077.805641, 618.944000]: [mission] RETURN: concluído
[INFO] [1790816077.807203, 618.946000]: State machine terminating 'RETURN':'home':'MISSION_OK'
[INFO] [1790816077.808668, 618.947000]: [mission] resultado: MISSION_OK
... logging to /home/marco/.ros/log/32c37652-bd31-11f1-8922-b025aa85b2a2/roslaunch-shiroi-2299636.log
Checking log directory for disk usage. This may take a while.
Press Ctrl-C to interrupt
]2;/home/marco/b166er/src/b166er_whole_body_control/launch/chave_mission.launch
[1mstarted roslaunch server http://shiroi:40541/[0m

SUMMARY
========

PARAMETERS
 * /chave_mission/estado_final: 
 * /chave_mission/estado_inicial: STOW_INIT
 * /chave_mission/pausa_por_fase: False
 * /chave_mission/search_omega: 0.35
 * /chave_mission/standoff_distance: 0.62
 * /chave_mission/use_wholebody: False
 * /chave_seccionadora_task/aproxima_lateral/modo: ik
 * /chave_seccionadora_task/aproxima_lateral/offset_xyz_m: [-0.09, 0.008, 0.01]
 * /chave_seccionadora_task/aproxima_lateral/tol_xyz_m: [0.04, 0.008, 0.005]
 * /chave_seccionadora_task/arco1/blade_angle_deg: 15
 * /chave_seccionadora_task/arco1/deriva_eixo_max_m: 0.015
 * /chave_seccionadora_task/arco1/modo: wb
 * /chave_seccionadora_task/arco1/offset_xyz_m: [0.0, 0.0518, -0....
 * /chave_seccionadora_task/arco1/soltura_recuo_min_m: 0.04
 * /chave_seccionadora_task/arco1/tol_xyz_m: [0.04, 0.01, 0.015]
 * /chave_seccionadora_task/arco2/blade_angle_deg: 30
 * /chave_seccionadora_task/arco2/deriva_eixo_max_m: 0.015
 * /chave_seccionadora_task/arco2/modo: wb
 * /chave_seccionadora_task/arco2/offset_xyz_m: [0.0, 0.1, -0.0518]
 * /chave_seccionadora_task/arco2/tol_xyz_m: [0.04, 0.01, 0.015]
 * /chave_seccionadora_task/atravessa/modo: ik
 * /chave_seccionadora_task/atravessa/offset_xyz_m: [-0.008, 0.008, 0...
 * /chave_seccionadora_task/atravessa/tol_xyz_m: [0.008, 0.006, 0....
 * /chave_seccionadora_task/captura/modo: ik
 * /chave_seccionadora_task/captura/offset_xyz_m: [0.0, 0.0, -0.01]
 * /chave_seccionadora_task/captura/tol_xyz_m: [0.04, 0.006, 0.01]
 * /chave_seccionadora_task/desengata/modo: ik
 * /chave_seccionadora_task/desengata/offset_xyz_m: [-0.09, 0.1, -0.0...
 * /chave_seccionadora_task/destrava/curso_estagna_m: 0.01
 * /chave_seccionadora_task/destrava/curso_margem_m: 0.002
 * /chave_seccionadora_task/destrava/curso_min_m: 0.018
 * /chave_seccionadora_task/destrava/modo: wb
 * /chave_seccionadora_task/destrava/offset_xyz_m: [0.0, 0.0, -0.025]
 * /chave_seccionadora_task/destrava/tol_xyz_m: [0.04, 0.006, 0.004]
 * /chave_seccionadora_task/libera/deriva_eixo_max_m: 0.015
 * /chave_seccionadora_task/libera/modo: wb
 * /chave_seccionadora_task/libera/offset_xyz_m: [0.0, 0.03, -0.025]
 * /chave_seccionadora_task/libera/tol_xyz_m: [0.04, 0.008, 0.006]
 * /chave_seccionadora_task/orienta/modo: ik
 * /chave_seccionadora_task/orienta/offset_xyz_m: [-0.09, 0.15, 0.0...
 * /chave_seccionadora_task/reassenta_sobe/tol_xyz_m: [0.03, 0.02, 0.005]
 * /chave_seccionadora_task/saida_eixo/tol_xyz_m: [0.02, 0.02, 0.015]
 * /chave_seccionadora_task/saida_fora/tol_xyz_m: [0.03, 0.02, 0.02]
 * /chave_seccionadora_task/saida_sobe/tol_xyz_m: [0.03, 0.02, 0.01]
 * /chave_seccionadora_task/target_frame: chave_olhal_link
 * /fuzzy_wb_controller/fixed_gains: []
 * /rosdistro: noetic
 * /rosversion: 1.17.4

NODES
  /
    chave_mission (b166er_whole_body_control/chave_mission.py)

[1mROS_MASTER_URI=http://localhost:11311[0m
]2;/home/marco/b166er/src/b166er_whole_body_control/launch/chave_mission.launch http://localhost:11311
[1mprocess[chave_mission-1]: started with pid [2299680][0m
[1m[chave_mission-1] process has finished cleanly
log file: /home/marco/.ros/log/32c37652-bd31-11f1-8922-b025aa85b2a2/chave_mission-1*.log[0m
all processes on machine have died, roslaunch will exit
shutting down processing monitor...
... shutting down processing monitor complete
[1mdone[0m
