[31mWARNING: disk usage in log directory [/home/marco/.ros/log] is over 1GB.
It's recommended that you use the 'rosclean' command.[0m
the rosdep view is empty: call 'sudo rosdep init' and 'rosdep update'
[WARN] [1790799439.205645, 523.538000]: [mission] SEARCH: 6 de 25 amostras descartadas como outlier (>0.15 m ou >0.20 rad da mediana)
[INFO] [1790799416.937971, 501.511000]: garra_dx = 0.030 m (aberta)
[INFO] [1790799417.025263, 501.599000]: State machine starting in initial state 'STOW_INIT' with userdata: 
	[]
[INFO] [1790799417.325307, 501.899000]: [mission] pose de partida registrada: (0.01, 1.00, 0.00 rad)
[INFO] [1790799417.326160, 501.900000]: [mission] postura "stow_home" comandada: [0.0, 1.13, -1.04, -1.8, 0.0]
[INFO] [1790799417.427402, 502.000000]: State machine transitioning 'STOW_INIT':'ok'-->'SEARCH'
[INFO] [1790799417.430737, 502.003000]: [mission] postura "search" comandada: [0.0, 1.0, -1.0, 0.0, 0.0]
[INFO] [1790799423.512419, 508.005000]: [mission] SEARCH — girando à procura da tag...
[INFO] [1790799423.515687, 508.008000]: [mission] SEARCH: amostra quando a tag estiver a raio 0.35-0.50 do quadro (vista oblíqua; omega fina 0.15 rad/s)
[INFO] [1790799425.555637, 510.010000]: [mission] SEARCH: tag a raio 0.87 — girando até <= 0.50
[INFO] [1790799433.068797, 517.461000]: [mission] SEARCH: tag a raio 0.50 — parando
[INFO] [1790799433.071362, 517.463000]: [mission] tag avistada — parando para medir
[INFO] [1790799434.082348, 518.470000]: [mission] âncora engatada (coleta do SEARCH)
[INFO] [1790799434.083711, 518.471000]: [mission] SEARCH: coleta com dither ±0.05 rad/s (período 3.0 s)
[INFO] [1790799439.189775, 523.523000]: [mission] âncora solta — 9 correções de deriva
[INFO] [1790799439.191480, 523.525000]: [mission] SEARCH: âncora corrigiu a deriva 9 vez(es) durante a coleta
[INFO] [1790799439.208765, 523.542000]: [mission] SEARCH: 19 amostras — parede (0.014, 2.930, -0.005) yaw=-2.866
[INFO] [1790799439.209869, 523.543000]: [mission] parede localizada em (0.014, 2.930, -0.005)
[INFO] [1790799439.217952, 523.551000]: State machine transitioning 'SEARCH':'found'-->'APPROACH'
[INFO] [1790799439.219271, 523.552000]: [mission] APPROACH etapa 1/2 — 1.30 m do olhal, alvo (0.60, 1.61, 1.85 rad)
[INFO] [1790799439.221244, 523.553000]: [mission] APPROACH: alinhado, avançando (0.86 m)
[INFO] [1790799439.270642, 523.603000]: [mission] teto por postura ativo no drive: v<=0.17 w<=0.50 rampa 0.45/1.52
[INFO] [1790799446.004661, 530.253000]: [mission] APPROACH: chegou, ajustando heading final
[INFO] [1790799446.055421, 530.303000]: [mission] teto por postura ativo no drive: v<=0.17 w<=0.50 rampa 0.45/1.52
[INFO] [1790799449.356592, 533.553000]: [mission] APPROACH: concluído
[INFO] [1790799450.373316, 534.557000]: [mission] âncora engatada (coleta do APPROACH/remedida)
[INFO] [1790799450.375864, 534.559000]: [mission] APPROACH/remedida: coleta com dither ±0.05 rad/s (período 3.0 s)
[INFO] [1790799452.249843, 536.412000]: [mission] âncora solta — 3 correções de deriva
[INFO] [1790799452.251607, 536.414000]: [mission] APPROACH/remedida: âncora corrigiu a deriva 3 vez(es) durante a coleta
[INFO] [1790799452.253931, 536.416000]: [mission] APPROACH/remedida: 10 amostras — parede (0.003, 3.008, 0.001) yaw=3.109
[INFO] [1790799452.255268, 536.417000]: [mission] APPROACH etapa 2/2 — 0.88 m do olhal, alvo (0.34, 1.99, 1.54 rad)
[INFO] [1790799452.256823, 536.419000]: [mission] teto por postura ativo no drive: v<=0.17 w<=0.50 rampa 0.45/1.51
[INFO] [1790799454.633679, 538.769000]: [mission] APPROACH: alinhado, avançando (0.51 m)
[INFO] [1790799459.278883, 543.369000]: [mission] APPROACH: chegou, ajustando heading final
[INFO] [1790799459.329728, 543.419000]: [mission] teto por postura ativo no drive: v<=0.17 w<=0.50 rampa 0.45/1.52
[INFO] [1790799463.292713, 547.319000]: [mission] APPROACH: concluído
[INFO] [1790799463.300576, 547.327000]: State machine transitioning 'APPROACH':'arrived'-->'REFINE'
[INFO] [1790799463.302592, 547.329000]: [mission] REFINE — remedindo a parede de perto (10 amostras)
[INFO] [1790799463.307891, 547.334000]: [mission] âncora engatada (coleta do REFINE)
[INFO] [1790799463.310650, 547.337000]: [mission] REFINE: coleta com dither ±0.05 rad/s (período 3.0 s)
[INFO] [1790799464.462055, 548.475000]: [mission] âncora solta — 2 correções de deriva
[INFO] [1790799464.462942, 548.476000]: [mission] REFINE: âncora corrigiu a deriva 2 vez(es) durante a coleta
[INFO] [1790799464.463778, 548.476000]: [mission] REFINE: 10 amostras — parede (0.002, 3.006, -0.001) yaw=3.126
[INFO] [1790799464.464315, 548.477000]: [mission] REFINE: deslocou 0.003 m da estimativa anterior
[INFO] [1790799464.464804, 548.477000]: [mission] olhal estimado em (0.200, 2.873, 0.804)
[INFO] [1790799464.467638, 548.480000]: State machine transitioning 'REFINE':'ok'-->'DEPLOY'
[INFO] [1790799464.468767, 548.481000]: [mission] DEPLOY: IK resolvida para a POSE DE MANIPULAÇÃO (0.19, 2.25, 1.55 rad), não para a atual
[INFO] [1790799469.144536, 552.349000]: [mission] DEPLOY: IK nivelada 0.0553 m, só eixo 0.0000 m — a MISSÃO INTEIRA usa "eixo"
[INFO] [1790799469.146609, 553.154000]: [mission] DEPLOY: IK da ponta resolvida (resíduo 0.0000 m, degrau 0.1°) — pré-posicionando em [-10.3 -42.3  52.   79.7  79.7] graus
[INFO] [1790799475.643831, 559.556000]: [mission] plano de exclusão publicado: parede em [ 2.000e-03  3.006e+00 -1.000e-03], normal segura [-0.016 -1.     0.   ]
[INFO] [1790799475.855581, 559.767000]: [mission] teto por postura ativo no drive: v<=0.18 w<=0.50 rampa 0.46/1.64
[INFO] [1790799477.066837, 560.966000]: [mission] DEPLOY/aproxima: alinhado, avançando (0.35 m)
[INFO] [1790799480.908686, 564.766000]: [mission] DEPLOY/aproxima: chegou, ajustando heading final
[INFO] [1790799483.595848, 567.416000]: [mission] DEPLOY/aproxima: concluído
[INFO] [1790799483.596968, 567.417000]: State machine transitioning 'DEPLOY':'ok'-->'MANIPULATE'
[INFO] [1790799483.599072, 567.419000]: [mission] fase "orienta": modo IK iterativa (YAML)
[INFO] [1790799483.603445, 567.424000]: [mission] âncora engatada (fase "orienta")
[INFO] [1790799485.142699, 568.947000]: [mission] fase "orienta" it0: ponta (0.291, 2.724, 0.812) erro=0.0043 | degrau eixo 0.1° | rolagem 0.2° | IK pediu [-13.6 -40.7  49.4  80.5  80.6] | faltou [ 0.  -0.1 -0.1  0.  -0. ] graus
[INFO] [1790799485.143855, 568.948000]: [mission] fase "orienta" alcançada em 1 iteração(ões) (0.0043 m)
[INFO] [1790799485.659089, 569.451000]: [mission] fase "aproxima_lateral": modo IK iterativa (YAML)
[INFO] [1790799485.663373, 569.455000]: [mission] âncora engatada (fase "aproxima_lateral")
[INFO] [1790799489.819955, 573.560000]: [mission] fase "aproxima_lateral" it0: ponta (0.291, 2.869, 0.811) erro=0.0063 | degrau eixo 2.5° | rolagem 2.6° | IK pediu [-11.2 -16.5   1.2  85.9  82.8] | faltou [ 0.  -0.4 -0.2 -0.1 -0. ] graus
[INFO] [1790799489.821553, 573.562000]: [mission] fase "aproxima_lateral" it0: no frame da parede eixo=+1.0 prof=+5.3 alt=+3.3 mm (tolerância 40/8/5)
[INFO] [1790799489.822256, 573.563000]: [mission] âncora solta — 2 correções de deriva
[INFO] [1790799489.822727, 573.563000]: [mission] fase "aproxima_lateral" alcançada em 1 iteração(ões) (0.0063 m) — âncora corrigiu 2 vez(es)
[INFO] [1790799490.329758, 574.066000]: [mission] fase "atravessa": modo IK iterativa (YAML)
[INFO] [1790799490.335285, 574.071000]: [mission] âncora engatada (fase "atravessa")
[INFO] [1790799492.061872, 575.777000]: [mission] fase "atravessa" it0: ponta (0.209, 2.870, 0.811) erro=0.0064 | degrau eixo 0.1° | rolagem 0.3° | IK pediu [ -3.8 -17.1   1.8  87.6  89.6] | faltou [-0.1 -0.2 -0.2 -0.3 -0.5] graus
[INFO] [1790799492.064214, 575.780000]: [mission] fase "atravessa" it0: no frame da parede eixo=+0.7 prof=+5.6 alt=+3.0 mm (tolerância 8/6/5)
[INFO] [1790799492.065773, 575.782000]: [mission] fase "atravessa" alcançada em 1 iteração(ões) (0.0064 m)
[INFO] [1790799492.575358, 576.287000]: [mission] fase "captura": modo IK iterativa (YAML)
[INFO] [1790799492.579478, 576.291000]: [mission] âncora engatada (fase "captura")
[INFO] [1790799494.109142, 577.799000]: [mission] fase "captura" it0: ponta (0.209, 2.872, 0.797) erro=0.0090 | degrau eixo 0.1° | rolagem 0.0° | IK pediu [ -3.  -19.2   1.3  88.2  90.3] | faltou [-0.8  0.2  0.1  0.1 -0.3] graus
[INFO] [1790799494.111550, 577.802000]: [mission] fase "captura" it0: no frame da parede eixo=+8.4 prof=-0.7 alt=-3.1 mm (tolerância 40/6/10)
[WARN] [1790799510.750306, 594.215000]: [mission] fase "destrava": descida estagnou CURTA em 18.6 mm (mín 10; prof -15.2 mm, tol 6) — a ponta parou de empurrar; devolvendo para reassentar
[WARN] [1790799510.958177, 594.421000]: [mission] destrava: REASSENTANDO (1/1) — sobe 12 mm, recaptura, destrava de novo
[WARN] [1790799516.762291, 600.100000]: [mission] fase "captura" it1: ponta não avança (erro 17.0 → 15.7 mm) e o J1 fica mais aquém (-0.8 → -1.4°) — contato provável; recuo 1/2: 20 mm pelo eixo, 5 mm para baixo, e o alvo desce 5 mm
[INFO] [1790799494.112749, 577.803000]: [mission] fase "captura" alcançada em 1 iteração(ões) (0.0090 m)
[INFO] [1790799494.117780, 577.808000]: [mission] captura: ponta registrada em eixo=-8.4 prof=+0.7 alt=-6.8 mm (zero da descida do destrava e da deriva de eixo)
[INFO] [1790799494.628986, 578.309000]: [mission] fase "destrava": alvo em altura relativo à captura: -26.8 mm (captura -6.8 − curso 18 − margem 2)
[INFO] [1790799494.630329, 578.310000]: [mission] fase "destrava": modo whole-body/Fuzzy (YAML)
[INFO] [1790799494.838000, 578.512000]: [mission] plano de exclusão publicado: parede em [ 2.000e-03  3.006e+00 -1.000e-03], normal segura [-0.016 -1.     0.   ]
[INFO] [1790799495.143244, 578.814000]: [mission] fase "destrava": whole-body assumiu (base livre, restrita pelo plano de exclusão)
[INFO] [1790799495.144829, 578.815000]: [mission] fase "destrava": whole-body a 0.0209 m do alvo — eixo=+8.4 prof=-1.0 alt=-19.1 mm
[INFO] [1790799497.255598, 580.915000]: [mission] fase "destrava": whole-body a 0.0146 m do alvo — eixo=+8.4 prof=-4.5 alt=-11.0 mm
[INFO] [1790799499.395693, 583.015000]: [mission] fase "destrava": whole-body a 0.0131 m do alvo — eixo=+8.4 prof=-4.8 alt=-8.9 mm
[INFO] [1790799501.524823, 585.115000]: [mission] fase "destrava": whole-body a 0.0141 m do alvo — eixo=+8.4 prof=-7.3 alt=-8.7 mm
[INFO] [1790799503.645592, 587.215000]: [mission] fase "destrava": whole-body a 0.0153 m do alvo — eixo=+8.5 prof=-9.8 alt=-8.2 mm
[INFO] [1790799505.754546, 589.315000]: [mission] fase "destrava": whole-body a 0.0165 m do alvo — eixo=+8.5 prof=-12.0 alt=-7.4 mm
[INFO] [1790799507.884754, 591.415000]: [mission] fase "destrava": whole-body a 0.0212 m do alvo — eixo=+8.5 prof=-19.4 alt=-1.0 mm
[INFO] [1790799510.036963, 593.515000]: [mission] fase "destrava": whole-body a 0.0181 m do alvo — eixo=+8.4 prof=-16.0 alt=-1.3 mm
[INFO] [1790799510.953738, 594.416000]: [mission] plano de exclusão publicado: parede em [ 2.000e-03  3.006e+00 -1.000e-03], normal segura [-0.016 -1.     0.   ]
[INFO] [1790799510.966091, 594.428000]: [mission] âncora engatada (fase "reassenta_sobe")
[INFO] [1790799513.740882, 597.136000]: [mission] fase "reassenta_sobe" it0: ponta (0.210, 2.853, 0.787) erro=0.0057 | degrau eixo 0.0° | rolagem 0.0° | IK pediu [  1.5 -22.2   3.1 106.7  90. ] | faltou [-0.1 -0.3  0.2  0.4 -0.2] graus
[INFO] [1790799513.742496, 597.137000]: [mission] fase "reassenta_sobe" it0: no frame da parede eixo=+1.3 prof=-4.4 alt=+3.4 mm (tolerância 30/20/5)
[INFO] [1790799513.743430, 597.139000]: [mission] âncora solta — 7 correções de deriva
[INFO] [1790799513.744101, 597.139000]: [mission] fase "reassenta_sobe" alcançada em 1 iteração(ões) (0.0057 m) — âncora corrigiu 7 vez(es)
[INFO] [1790799513.746386, 597.142000]: [mission] âncora engatada (fase "captura")
[INFO] [1790799515.183412, 598.545000]: [mission] fase "captura" it0: ponta (0.208, 2.858, 0.794) erro=0.0170 | degrau eixo 0.1° | rolagem 0.0° | IK pediu [  2.4 -20.9   1.9 103.4  90.9] | faltou [-0.8 -0.4  0.8  1.7 -1. ] graus
[INFO] [1790799515.185563, 598.548000]: [mission] fase "captura" it0: no frame da parede eixo=+8.5 prof=-14.7 alt=+0.8 mm (tolerância 40/6/10)
[INFO] [1790799516.754296, 600.093000]: [mission] fase "captura" it1: ponta (0.208, 2.862, 0.801) erro=0.0157 | degrau eixo 0.2° | rolagem 0.1° | IK pediu [  3.1 -19.9   0.7 100.6  91.5] | faltou [-1.4 -0.2  1.5  2.6 -0.6] graus
[INFO] [1790799516.759676, 600.098000]: [mission] fase "captura" it1: no frame da parede eixo=+8.5 prof=-11.2 alt=-6.9 mm (tolerância 40/6/10)
[INFO] [1790799519.901873, 603.197000]: [mission] fase "captura" it1: ponta (0.218, 2.870, 0.791) erro=0.0180 | degrau eixo 0.1° | rolagem 0.1° | IK pediu [  2.4 -21.3   2.  103.5  90.9] | faltou [-1.8  0.1  0.2  0.1 -0.2] graus
[INFO] [1790799519.904706, 603.200000]: [mission] fase "captura" it1: no frame da parede eixo=+17.6 prof=-2.9 alt=-2.1 mm (tolerância 40/6/10)
[INFO] [1790799519.907468, 603.203000]: [mission] âncora solta — 3 correções de deriva
[INFO] [1790799519.909035, 603.205000]: [mission] fase "captura" alcançada em 2 iteração(ões) (0.0180 m) — âncora corrigiu 3 vez(es) — 1 recuo(s) por contato
[INFO] [1790799519.910513, 603.206000]: [mission] destrava/reassenta: captura registrada em eixo=-17.6 prof=+2.9 alt=-12.9 mm
[INFO] [1790799520.117142, 603.408000]: [mission] plano de exclusão publicado: parede em [ 2.000e-03  3.006e+00 -1.000e-03], normal segura [-0.016 -1.     0.   ]
[INFO] [1790799520.427897, 603.714000]: [mission] fase "destrava": whole-body assumiu (base livre, restrita pelo plano de exclusão)
[INFO] [1790799520.432130, 603.717000]: [mission] fase "destrava": whole-body a 0.0257 m do alvo — eixo=+17.6 prof=-3.2 alt=-18.5 mm
[INFO] [1790799522.550856, 605.816000]: [mission] fase "destrava": whole-body a 0.0200 m do alvo — eixo=+17.6 prof=-3.7 alt=-8.9 mm
[INFO] [1790799524.660975, 607.916000]: [mission] fase "destrava": whole-body a 0.0184 m do alvo — eixo=+17.6 prof=-2.4 alt=-4.6 mm
[INFO] [1790799526.171655, 609.416000]: [mission] fase "destrava" alcançada por whole-body em 5.7s (0.0177 m) — no frame da parede eixo=+17.6 prof=-1.2 alt=-0.9 mm (tolerância 40/6/4)
[INFO] [1790799526.387671, 609.629000]: [mission] destrava: ponta desceu 19.5 mm desde a captura (critério observável) | lingueta 16.7 mm (só na simulação)
[INFO] [1790799526.389073, 609.630000]: [mission] destrava: lingueta em 16.7 mm — gatilho solto
[INFO] [1790799526.898405, 610.132000]: [mission] fase "libera": modo whole-body/Fuzzy (YAML)
[INFO] [1790799527.103602, 610.334000]: [mission] plano de exclusão publicado: parede em [ 2.000e-03  3.006e+00 -1.000e-03], normal segura [-0.016 -1.     0.   ]
[INFO] [1790799527.410455, 610.639000]: [mission] fase "libera": whole-body assumiu (base livre, restrita pelo plano de exclusão)
[INFO] [1790799527.411639, 610.640000]: [mission] fase "libera": whole-body a 0.0352 m do alvo — eixo=+17.6 prof=+29.0 alt=+9.1 mm
[INFO] [1790799529.522657, 612.740000]: [mission] fase "libera": whole-body a 0.0144 m do alvo — eixo=+10.3 prof=+5.6 alt=+8.5 mm
[INFO] [1790799530.629766, 613.839000]: [mission] fase "libera" alcançada por whole-body em 3.2s (0.0111 m) — no frame da parede eixo=+10.3 prof=+1.0 alt=+4.0 mm (tolerância 40/8/6)
[INFO] [1790799531.344696, 614.548000]: [mission] fase "arco1"/puxa: RECUANDO 0.022 m só com as rodas
[INFO] [1790799531.799492, 614.999000]: [mission] fase "arco1"/puxa: concluído (0.023 m)
[INFO] [1790799531.801644, 615.001000]: [mission] fase "arco1": modo whole-body/Fuzzy (YAML)
[INFO] [1790799532.007290, 615.204000]: [mission] plano de exclusão publicado: parede em [ 2.000e-03  3.006e+00 -1.000e-03], normal segura [-0.016 -1.     0.   ]
[INFO] [1790799532.315448, 615.507000]: [mission] fase "arco1": whole-body assumiu (base livre, restrita pelo plano de exclusão)
[INFO] [1790799532.318481, 615.510000]: [mission] fase "arco1": whole-body a 0.0112 m do alvo — eixo=+9.1 prof=+0.5 alt=-6.5 mm
[INFO] [1790799532.721246, 615.909000]: [mission] fase "arco1" alcançada por whole-body em 0.4s (0.0106 m) — no frame da parede eixo=+9.1 prof=-2.9 alt=-4.5 mm (tolerância 40/10/15)
[INFO] [1790799532.723367, 615.911000]: [mission] arco1: SOLTURA observável — recuo 51.8 mm desde a captura (mín 40) com deriva de eixo +8.5 mm → SOLTA
[INFO] [1790799532.932131, 616.119000]: [mission] waypoint de 15° — lâmina medida em 15.3° (abertura por CONTATO)
[INFO] [1790799533.451235, 616.620000]: [mission] fase "arco2"/puxa: RECUANDO 0.048 m só com as rodas
[INFO] [1790799534.354514, 617.520000]: [mission] fase "arco2"/puxa: concluído (0.051 m)
[INFO] [1790799534.355972, 617.521000]: [mission] fase "arco2": modo whole-body/Fuzzy (YAML)
[INFO] [1790799534.560959, 617.724000]: [mission] plano de exclusão publicado: parede em [ 2.000e-03  3.006e+00 -1.000e-03], normal segura [-0.016 -1.     0.   ]
[INFO] [1790799534.865324, 618.027000]: [mission] fase "arco2": whole-body assumiu (base livre, restrita pelo plano de exclusão)
[INFO] [1790799534.866553, 618.028000]: [mission] fase "arco2": whole-body a 0.0166 m do alvo — eixo=+9.6 prof=+1.5 alt=-13.5 mm
[WARN] [1790799539.257086, 622.367000]: [mission] RETRACT: ponta a 0.141 m do olhal — saindo em degraus: sobe 30 mm, 120 mm pelo eixo do furo, 100 mm para fora, antes de recolher
[INFO] [1790799535.268001, 618.428000]: [mission] fase "arco2" alcançada por whole-body em 0.4s (0.0167 m) — no frame da parede eixo=+9.9 prof=-2.9 alt=-13.1 mm (tolerância 40/10/15)
[INFO] [1790799535.483157, 618.641000]: [mission] waypoint de 30° — lâmina medida em 29.3° (abertura por CONTATO)
[INFO] [1790799535.991498, 619.144000]: [mission] fase "desengata": modo IK iterativa (YAML)
[INFO] [1790799535.995816, 619.148000]: [mission] âncora engatada (fase "desengata")
[INFO] [1790799538.333717, 621.453000]: [mission] fase "desengata" it0: ponta (0.290, 2.777, 0.751) erro=0.0058 | degrau eixo 1.9° | rolagem 1.9° | IK pediu [ -5.  -25.3   0.  103.   81.4] | faltou [ 0.1 -0.2 -0.2 -0.2 -0. ] graus
[INFO] [1790799538.337222, 621.457000]: [mission] fase "desengata" alcançada em 1 iteração(ões) (0.0058 m)
[INFO] [1790799538.849696, 621.965000]: [mission] MANIPULATE concluída — chave ABERTA, lâmina medida em 29.7°
[INFO] [1790799538.850563, 621.966000]: State machine transitioning 'MANIPULATE':'done'-->'RETRACT'
[INFO] [1790799539.261720, 622.372000]: [mission] âncora engatada (fase "saida_sobe")
[INFO] [1790799540.884946, 623.976000]: [mission] fase "saida_sobe" it0: ponta (0.291, 2.783, 0.779) erro=0.0047 | degrau eixo 1.6° | rolagem 1.6° | IK pediu [ -5.  -21.5   0.  101.3  81.3] | faltou [ 0.  -0.2 -0.1 -0.   0. ] graus
[INFO] [1790799540.886884, 623.978000]: [mission] fase "saida_sobe" it0: no frame da parede eixo=+0.8 prof=+4.3 alt=+1.8 mm (tolerância 30/20/10)
[INFO] [1790799540.888022, 623.979000]: [mission] fase "saida_sobe" alcançada em 1 iteração(ões) (0.0047 m)
[INFO] [1790799540.890347, 623.981000]: [mission] âncora engatada (fase "saida_eixo")
[INFO] [1790799542.943753, 626.009000]: [mission] fase "saida_eixo" it0: ponta (0.411, 2.782, 0.778) erro=0.0061 | degrau eixo 5.3° | rolagem 5.5° | IK pediu [-16.1 -21.   -0.   95.5  70.5] | faltou [ 0.2 -0.2 -0.2 -0.2 -0. ] graus
[INFO] [1790799542.946818, 626.013000]: [mission] fase "saida_eixo" it0: no frame da parede eixo=+1.2 prof=+5.4 alt=+2.4 mm (tolerância 20/20/15)
[INFO] [1790799542.948279, 626.015000]: [mission] fase "saida_eixo" alcançada em 1 iteração(ões) (0.0061 m)
[INFO] [1790799542.952936, 626.019000]: [mission] âncora engatada (fase "saida_fora")
[INFO] [1790799546.108476, 629.129000]: [mission] fase "saida_fora" it0: ponta (0.409, 2.680, 0.780) erro=0.0041 | degrau eixo 0.1° | rolagem 0.1° | IK pediu [-19.9 -36.1  31.1  95.3  66.1] | faltou [0. 0. 0. 0. 0.] graus
[INFO] [1790799546.112287, 629.133000]: [mission] fase "saida_fora" it0: no frame da parede eixo=-0.1 prof=+4.0 alt=+0.9 mm (tolerância 30/20/20)
[INFO] [1790799546.115197, 629.136000]: [mission] âncora solta — 1 correções de deriva
[INFO] [1790799546.117079, 629.138000]: [mission] fase "saida_fora" alcançada em 1 iteração(ões) (0.0041 m) — âncora corrigiu 1 vez(es)
[INFO] [1790799546.118857, 629.140000]: [mission] RETRACT/afasta: RECUANDO 0.250 m só com as rodas
[INFO] [1790799550.770597, 633.741000]: [mission] RETRACT/afasta: concluído (0.253 m)
[INFO] [1790799550.773539, 633.743000]: [mission] postura "stow_home" comandada: [0.0, 1.13, -1.04, -1.8, 0.0]
[INFO] [1790799562.542714, 645.345000]: State machine transitioning 'RETRACT':'ok'-->'RETURN'
[INFO] [1790799562.545736, 645.347000]: [mission] RETURN — voltando a (0.01, 1.00, 0.00 rad)
[INFO] [1790799577.305264, 659.900000]: [mission] RETURN: alinhado, avançando (1.27 m)
[INFO] [1790799577.355492, 659.950000]: [mission] teto por postura ativo no drive: v<=0.23 w<=0.50 rampa 0.51/1.52
[INFO] [1790799586.950964, 669.400000]: [mission] RETURN: chegou, ajustando heading final
[INFO] [1790799587.001992, 669.450000]: [mission] teto por postura ativo no drive: v<=0.23 w<=0.50 rampa 0.51/1.52
[INFO] [1790799593.269155, 675.650000]: [mission] RETURN: concluído
[INFO] [1790799593.270607, 675.652000]: State machine terminating 'RETURN':'home':'MISSION_OK'
[INFO] [1790799593.271965, 675.653000]: [mission] resultado: MISSION_OK
... logging to /home/marco/.ros/log/aebe21c0-bd0a-11f1-a1db-b025aa85b2a2/roslaunch-shiroi-2186247.log
Checking log directory for disk usage. This may take a while.
Press Ctrl-C to interrupt
]2;/home/marco/b166er/src/b166er_whole_body_control/launch/chave_mission.launch
[1mstarted roslaunch server http://shiroi:45395/[0m

SUMMARY
========

PARAMETERS
 * /chave_mission/estado_final: 
 * /chave_mission/estado_inicial: STOW_INIT
 * /chave_mission/pausa_por_fase: False
 * /chave_mission/search_omega: 0.35
 * /chave_mission/standoff_distance: 0.62
 * /chave_mission/use_wholebody: False
 * /chave_seccionadora_task/aproxima_lateral/modo: ik
 * /chave_seccionadora_task/aproxima_lateral/offset_xyz_m: [-0.09, 0.008, 0.01]
 * /chave_seccionadora_task/aproxima_lateral/tol_xyz_m: [0.04, 0.008, 0.005]
 * /chave_seccionadora_task/arco1/blade_angle_deg: 15
 * /chave_seccionadora_task/arco1/deriva_eixo_max_m: 0.015
 * /chave_seccionadora_task/arco1/modo: wb
 * /chave_seccionadora_task/arco1/offset_xyz_m: [0.0, 0.0518, -0....
 * /chave_seccionadora_task/arco1/soltura_recuo_min_m: 0.04
 * /chave_seccionadora_task/arco1/tol_xyz_m: [0.04, 0.01, 0.015]
 * /chave_seccionadora_task/arco2/blade_angle_deg: 30
 * /chave_seccionadora_task/arco2/deriva_eixo_max_m: 0.015
 * /chave_seccionadora_task/arco2/modo: wb
 * /chave_seccionadora_task/arco2/offset_xyz_m: [0.0, 0.1, -0.0518]
 * /chave_seccionadora_task/arco2/tol_xyz_m: [0.04, 0.01, 0.015]
 * /chave_seccionadora_task/atravessa/modo: ik
 * /chave_seccionadora_task/atravessa/offset_xyz_m: [-0.008, 0.008, 0...
 * /chave_seccionadora_task/atravessa/tol_xyz_m: [0.008, 0.006, 0....
 * /chave_seccionadora_task/captura/modo: ik
 * /chave_seccionadora_task/captura/offset_xyz_m: [0.0, 0.0, -0.01]
 * /chave_seccionadora_task/captura/tol_xyz_m: [0.04, 0.006, 0.01]
 * /chave_seccionadora_task/desengata/modo: ik
 * /chave_seccionadora_task/desengata/offset_xyz_m: [-0.09, 0.1, -0.0...
 * /chave_seccionadora_task/destrava/curso_estagna_m: 0.01
 * /chave_seccionadora_task/destrava/curso_margem_m: 0.002
 * /chave_seccionadora_task/destrava/curso_min_m: 0.018
 * /chave_seccionadora_task/destrava/modo: wb
 * /chave_seccionadora_task/destrava/offset_xyz_m: [0.0, 0.0, -0.025]
 * /chave_seccionadora_task/destrava/tol_xyz_m: [0.04, 0.006, 0.004]
 * /chave_seccionadora_task/libera/deriva_eixo_max_m: 0.015
 * /chave_seccionadora_task/libera/modo: wb
 * /chave_seccionadora_task/libera/offset_xyz_m: [0.0, 0.03, -0.025]
 * /chave_seccionadora_task/libera/tol_xyz_m: [0.04, 0.008, 0.006]
 * /chave_seccionadora_task/orienta/modo: ik
 * /chave_seccionadora_task/orienta/offset_xyz_m: [-0.09, 0.15, 0.0...
 * /chave_seccionadora_task/reassenta_sobe/tol_xyz_m: [0.03, 0.02, 0.005]
 * /chave_seccionadora_task/saida_eixo/tol_xyz_m: [0.02, 0.02, 0.015]
 * /chave_seccionadora_task/saida_fora/tol_xyz_m: [0.03, 0.02, 0.02]
 * /chave_seccionadora_task/saida_sobe/tol_xyz_m: [0.03, 0.02, 0.01]
 * /chave_seccionadora_task/target_frame: chave_olhal_link
 * /fuzzy_wb_controller/fixed_gains: []
 * /rosdistro: noetic
 * /rosversion: 1.17.4

NODES
  /
    chave_mission (b166er_whole_body_control/chave_mission.py)

[1mROS_MASTER_URI=http://localhost:11311[0m
]2;/home/marco/b166er/src/b166er_whole_body_control/launch/chave_mission.launch http://localhost:11311
[1mprocess[chave_mission-1]: started with pid [2186291][0m
[1m[chave_mission-1] process has finished cleanly
log file: /home/marco/.ros/log/aebe21c0-bd0a-11f1-a1db-b025aa85b2a2/chave_mission-1*.log[0m
all processes on machine have died, roslaunch will exit
shutting down processing monitor...
... shutting down processing monitor complete
[1mdone[0m
