[31mWARNING: disk usage in log directory [/home/marco/.ros/log] is over 1GB.
It's recommended that you use the 'rosclean' command.[0m
the rosdep view is empty: call 'sudo rosdep init' and 'rosdep update'
[WARN] [1790800557.713694, 514.484000]: [mission] SEARCH: 5 de 25 amostras descartadas como outlier (>0.15 m ou >0.20 rad da mediana)
[INFO] [1790800536.577852, 493.609000]: garra_dx = 0.000 m (fechada)
[INFO] [1790800536.695103, 493.729000]: State machine starting in initial state 'STOW_INIT' with userdata: 
	[]
[INFO] [1790800536.898235, 493.930000]: [mission] pose de partida registrada: (0.00, 1.00, -0.00 rad)
[INFO] [1790800536.899020, 493.930000]: [mission] postura "stow_home" comandada: [0.0, 1.13, -1.04, -1.8, 0.0]
[INFO] [1790800537.000359, 494.031000]: State machine transitioning 'STOW_INIT':'ok'-->'SEARCH'
[INFO] [1790800537.001885, 494.032000]: [mission] postura "search" comandada: [0.0, 1.0, -1.0, 0.0, 0.0]
[INFO] [1790800543.070105, 500.033000]: [mission] SEARCH — girando à procura da tag...
[INFO] [1790800543.072463, 500.035000]: [mission] SEARCH: amostra quando a tag estiver a raio 0.35-0.50 do quadro (vista oblíqua; omega fina 0.15 rad/s)
[INFO] [1790800545.011820, 501.937000]: [mission] SEARCH: tag a raio 0.93 — girando até <= 0.50
[INFO] [1790800551.583384, 508.440000]: [mission] SEARCH: tag a raio 0.49 — parando
[INFO] [1790800551.584899, 508.441000]: [mission] tag avistada — parando para medir
[INFO] [1790800552.600616, 509.446000]: [mission] âncora engatada (coleta do SEARCH)
[INFO] [1790800552.601633, 509.447000]: [mission] SEARCH: coleta com dither ±0.05 rad/s (período 3.0 s)
[INFO] [1790800557.702974, 514.475000]: [mission] âncora solta — 7 correções de deriva
[INFO] [1790800557.704081, 514.476000]: [mission] SEARCH: âncora corrigiu a deriva 7 vez(es) durante a coleta
[INFO] [1790800557.715914, 514.488000]: [mission] SEARCH: 20 amostras — parede (0.020, 3.076, -0.002) yaw=2.944
[INFO] [1790800557.716991, 514.489000]: [mission] parede localizada em (0.020, 3.076, -0.002)
[INFO] [1790800557.719906, 514.492000]: State machine transitioning 'SEARCH':'found'-->'APPROACH'
[INFO] [1790800557.721397, 514.494000]: [mission] APPROACH etapa 1/2 — 1.30 m do olhal, alvo (-0.07, 1.63, 1.37 rad)
[INFO] [1790800557.722709, 514.495000]: [mission] teto por postura ativo no drive: v<=0.17 w<=0.50 rampa 0.45/1.52
[INFO] [1790800561.965358, 518.695000]: [mission] APPROACH: alinhado, avançando (0.75 m)
[INFO] [1790800568.236891, 524.895000]: [mission] APPROACH: chegou, ajustando heading final
[INFO] [1790800568.287196, 524.945000]: [mission] teto por postura ativo no drive: v<=0.17 w<=0.50 rampa 0.45/1.52
[INFO] [1790800571.890863, 528.495000]: [mission] APPROACH: concluído
[INFO] [1790800572.905936, 529.499000]: [mission] âncora engatada (coleta do APPROACH/remedida)
[INFO] [1790800572.908585, 529.502000]: [mission] APPROACH/remedida: coleta com dither ±0.05 rad/s (período 3.0 s)
[INFO] [1790800573.951402, 530.535000]: [mission] âncora solta — 1 correções de deriva
[INFO] [1790800573.953007, 530.536000]: [mission] APPROACH/remedida: âncora corrigiu a deriva 1 vez(es) durante a coleta
[INFO] [1790800573.956422, 530.539000]: [mission] APPROACH/remedida: 10 amostras — parede (0.001, 2.982, -0.001) yaw=-3.103
[INFO] [1790800573.958680, 530.542000]: [mission] APPROACH etapa 2/2 — 0.88 m do olhal, alvo (0.41, 1.99, 1.61 rad)
[INFO] [1790800573.961565, 530.545000]: [mission] teto por postura ativo no drive: v<=0.17 w<=0.50 rampa 0.45/1.52
[INFO] [1790800577.199095, 533.744000]: [mission] APPROACH: alinhado, avançando (0.67 m)
[INFO] [1790800582.923775, 539.394000]: [mission] APPROACH: chegou, ajustando heading final
[INFO] [1790800582.973706, 539.444000]: [mission] teto por postura ativo no drive: v<=0.17 w<=0.50 rampa 0.45/1.52
[INFO] [1790800587.980743, 544.394000]: [mission] APPROACH: concluído
[INFO] [1790800587.986742, 544.400000]: State machine transitioning 'APPROACH':'arrived'-->'REFINE'
[INFO] [1790800587.988743, 544.402000]: [mission] REFINE — remedindo a parede de perto (10 amostras)
[INFO] [1790800587.992720, 544.406000]: [mission] âncora engatada (coleta do REFINE)
[INFO] [1790800587.993910, 544.407000]: [mission] REFINE: coleta com dither ±0.05 rad/s (período 3.0 s)
[INFO] [1790800589.139596, 545.542000]: [mission] âncora solta — 2 correções de deriva
[INFO] [1790800589.142410, 545.545000]: [mission] REFINE: âncora corrigiu a deriva 2 vez(es) durante a coleta
[INFO] [1790800589.145502, 545.547000]: [mission] REFINE: 10 amostras — parede (0.002, 3.005, -0.000) yaw=3.128
[INFO] [1790800589.147491, 545.550000]: [mission] REFINE: deslocou 0.023 m da estimativa anterior
[INFO] [1790800589.148251, 545.550000]: [mission] olhal estimado em (0.201, 2.872, 0.805)
[INFO] [1790800589.150995, 545.553000]: State machine transitioning 'REFINE':'ok'-->'DEPLOY'
[INFO] [1790800589.152531, 545.555000]: [mission] DEPLOY: IK resolvida para a POSE DE MANIPULAÇÃO (0.19, 2.25, 1.56 rad), não para a atual
[INFO] [1790800594.095280, 550.278000]: [mission] DEPLOY: IK nivelada 0.0710 m, só eixo 0.0014 m — a MISSÃO INTEIRA usa "eixo"
[INFO] [1790800594.096840, 550.487000]: [mission] DEPLOY: IK da ponta resolvida (resíduo 0.0014 m, degrau 0.4°) — pré-posicionando em [-10.9 -46.5  60.   78.5  79.1] graus
[INFO] [1790800601.075444, 557.388000]: [mission] plano de exclusão publicado: parede em [ 2.000e-03  3.005e+00 -0.000e+00], normal segura [-0.013 -1.     0.   ]
[INFO] [1790800601.284757, 557.597000]: [mission] teto por postura ativo no drive: v<=0.23 w<=0.50 rampa 0.52/1.64
[INFO] [1790800605.407194, 561.647000]: [mission] DEPLOY/aproxima: alinhado, avançando (0.49 m)
[INFO] [1790800610.314386, 566.497000]: [mission] DEPLOY/aproxima: chegou, ajustando heading final
[INFO] [1790800614.854707, 570.997000]: [mission] DEPLOY/aproxima: concluído
[INFO] [1790800614.856197, 570.999000]: State machine transitioning 'DEPLOY':'ok'-->'MANIPULATE'
[INFO] [1790800614.857541, 571.000000]: [mission] fase "orienta": modo IK iterativa (YAML)
[INFO] [1790800614.860329, 571.003000]: [mission] âncora engatada (fase "orienta")
[INFO] [1790800618.714105, 574.806000]: [mission] fase "orienta" it0: ponta (0.289, 2.726, 0.812) erro=0.0050 | degrau eixo 0.1° | rolagem 0.1° | IK pediu [-20.7 -25.2  18.1  96.7  73.2] | faltou [0. 0. 0. 0. 0.] graus
[INFO] [1790800618.716735, 574.809000]: [mission] âncora solta — 2 correções de deriva
[INFO] [1790800618.717883, 574.810000]: [mission] fase "orienta" alcançada em 1 iteração(ões) (0.0050 m) — âncora corrigiu 2 vez(es)
[INFO] [1790800619.229012, 575.315000]: [mission] fase "aproxima_lateral": modo IK iterativa (YAML)
[INFO] [1790800619.232630, 575.318000]: [mission] âncora engatada (fase "aproxima_lateral")
[INFO] [1790800621.774247, 577.822000]: [mission] fase "aproxima_lateral" it0: ponta (0.290, 2.871, 0.810) erro=0.0090 | degrau eixo 5.7° | rolagem 5.9° | IK pediu [-17.3 -13.1   0.   77.6  77.8] | faltou [-0.  -0.4 -0.1  0.1  0. ] graus
[INFO] [1790800621.776850, 577.825000]: [mission] fase "aproxima_lateral" it0: no frame da parede eixo=-0.8 prof=+7.5 alt=+5.0 mm (tolerância 40/8/5)
[INFO] [1790800621.778225, 577.826000]: [mission] âncora solta — 1 correções de deriva
[INFO] [1790800621.779227, 577.827000]: [mission] fase "aproxima_lateral" alcançada em 1 iteração(ões) (0.0090 m) — âncora corrigiu 1 vez(es)
[INFO] [1790800622.292433, 578.334000]: [mission] fase "atravessa": modo IK iterativa (YAML)
[INFO] [1790800622.298193, 578.339000]: [mission] âncora engatada (fase "atravessa")
[INFO] [1790800624.127478, 580.146000]: [mission] fase "atravessa" it0: ponta (0.210, 2.871, 0.811) erro=0.0081 | degrau eixo 2.4° | rolagem 2.8° | IK pediu [-10.6 -14.1   0.1  82.4  83.8] | faltou [-0.4 -0.2 -0.5 -0.7 -0.5] graus
[INFO] [1790800624.130351, 580.150000]: [mission] fase "atravessa" it0: no frame da parede eixo=+1.0 prof=+6.9 alt=+4.2 mm (tolerância 8/6/5)
[INFO] [1790800625.662167, 581.659000]: [mission] fase "atravessa" it1: ponta (0.209, 2.863, 0.811) erro=0.0045 | degrau eixo 2.2° | rolagem 2.5° | IK pediu [-10.8 -14.2   0.1  84.5  83.7] | faltou [ 0.  -0.1 -0.7 -1.2  0. ] graus
[INFO] [1790800625.664679, 581.662000]: [mission] fase "atravessa" it1: no frame da parede eixo=+0.8 prof=-1.6 alt=+4.2 mm (tolerância 8/6/5)
[INFO] [1790800625.665797, 581.663000]: [mission] âncora solta — 1 correções de deriva
[INFO] [1790800625.666649, 581.664000]: [mission] fase "atravessa" alcançada em 2 iteração(ões) (0.0045 m) — âncora corrigiu 1 vez(es)
[WARN] [1790800631.492750, 587.398000]: [mission] fase "destrava": descida estagnou em 12.0 mm (mín 10 para aceitar; alvo 18) — fim de curso do mecanismo, fechando a fase
[WARN] [1790800631.700614, 587.606000]: [mission] destrava: lingueta em 5.7 mm (esperado ≥ 12) — o gatilho pode não ter soltado
[ERROR] [1790800639.061289, 594.916000]: [mission] fase "libera": ferramenta PERDEU O OLHAL — ponta derivou -20.4 mm ao longo do eixo da chave desde a captura (máx 15); o anel não anda nesse eixo
[WARN] [1790800639.269530, 595.123000]: [mission] ABORT — parando base e recolhendo braço
[WARN] [1790800639.675625, 595.524000]: [mission] ABORT: ponta a 0.061 m do olhal — saindo em degraus: sobe 30 mm, 120 mm pelo eixo do furo, 100 mm para fora, antes de recolher
[WARN] [1790800644.475015, 600.263000]: [mission] fase "saida_sobe" it2: ponta não avança (erro 16.4 → 19.1 mm) e o J1 fica mais aquém (0.4 → 1.2°) — contato provável; recuo 1/2: 20 mm pelo eixo, 5 mm para baixo, e o alvo desce 5 mm
[WARN] [1790800669.381869, 624.828000]: [mission] ABORT — voltando à pose de partida (0.00, 1.00, -0.00 rad)
[INFO] [1790800626.173390, 582.167000]: [mission] fase "captura": modo IK iterativa (YAML)
[INFO] [1790800626.176747, 582.170000]: [mission] âncora engatada (fase "captura")
[INFO] [1790800627.702104, 583.674000]: [mission] fase "captura" it0: ponta (0.209, 2.874, 0.794) erro=0.0086 | degrau eixo 2.3° | rolagem 2.5° | IK pediu [-10.  -16.3  -0.1  83.1  84.6] | faltou [-0.7 -0.3 -0.1  0.1 -0.2] graus
[INFO] [1790800627.706152, 583.679000]: [mission] fase "captura" it0: no frame da parede eixo=+8.4 prof=+1.4 alt=+1.2 mm (tolerância 40/6/10)
[INFO] [1790800627.708360, 583.681000]: [mission] fase "captura" alcançada em 1 iteração(ões) (0.0086 m)
[INFO] [1790800627.714435, 583.687000]: [mission] captura: ponta registrada em eixo=-8.4 prof=-1.4 alt=-11.2 mm (zero da descida do destrava e da deriva de eixo)
[INFO] [1790800628.226016, 584.188000]: [mission] fase "destrava": alvo em altura relativo à captura: -31.2 mm (captura -11.2 − curso 18 − margem 2)
[INFO] [1790800628.228468, 584.190000]: [mission] fase "destrava": modo whole-body/Fuzzy (YAML)
[INFO] [1790800628.436864, 584.393000]: [mission] plano de exclusão publicado: parede em [ 2.000e-03  3.005e+00 -0.000e+00], normal segura [-0.013 -1.     0.   ]
[INFO] [1790800628.743256, 584.697000]: [mission] fase "destrava": whole-body assumiu (base livre, restrita pelo plano de exclusão)
[INFO] [1790800628.746407, 584.700000]: [mission] fase "destrava": whole-body a 0.0182 m do alvo — eixo=+8.2 prof=-4.3 alt=-15.6 mm
[INFO] [1790800630.890417, 586.798000]: [mission] fase "destrava": whole-body a 0.0109 m do alvo — eixo=+8.1 prof=-3.3 alt=-6.6 mm
[INFO] [1790800631.699818, 587.605000]: [mission] destrava: ponta desceu 12.3 mm desde a captura (critério observável) | lingueta 5.7 mm (só na simulação)
[INFO] [1790800632.205526, 588.107000]: [mission] fase "libera": modo whole-body/Fuzzy (YAML)
[INFO] [1790800632.415897, 588.309000]: [mission] plano de exclusão publicado: parede em [ 2.000e-03  3.005e+00 -0.000e+00], normal segura [-0.013 -1.     0.   ]
[INFO] [1790800632.724078, 588.614000]: [mission] fase "libera": whole-body assumiu (base livre, restrita pelo plano de exclusão)
[INFO] [1790800632.926693, 588.816000]: [mission] fase "libera": whole-body a 0.0277 m do alvo — eixo=+8.1 prof=+26.5 alt=-0.6 mm
[INFO] [1790800635.044479, 590.916000]: [mission] fase "libera": whole-body a 0.0262 m do alvo — eixo=+8.1 prof=+24.8 alt=+2.6 mm
[INFO] [1790800637.156857, 593.016000]: [mission] fase "libera": whole-body a 0.0261 m do alvo — eixo=+8.3 prof=+24.3 alt=+4.6 mm
[INFO] [1790800639.264078, 595.117000]: [mission] plano de exclusão publicado: parede em [ 2.000e-03  3.005e+00 -0.000e+00], normal segura [-0.013 -1.     0.   ]
[INFO] [1790800639.268588, 595.122000]: State machine transitioning 'MANIPULATE':'failed'-->'ABORT_SAFE'
[INFO] [1790800639.679746, 595.528000]: [mission] âncora engatada (fase "saida_sobe")
[INFO] [1790800641.410089, 597.233000]: [mission] fase "saida_sobe" it0: ponta (0.231, 2.836, 0.793) erro=0.0163 | degrau eixo 3.0° | rolagem 3.3° | IK pediu [ -5.5 -16.2   0.   89.3  80.2] | faltou [ 0.6 -1.8  0.8 -0.8 -0. ] graus
[INFO] [1790800641.414743, 597.238000]: [mission] fase "saida_sobe" it0: no frame da parede eixo=+1.8 prof=+9.8 alt=+12.9 mm (tolerância 30/20/10)
[INFO] [1790800643.043715, 598.848000]: [mission] fase "saida_sobe" it1: ponta (0.223, 2.834, 0.793) erro=0.0164 | degrau eixo 2.5° | rolagem 3.3° | IK pediu [ -4.8 -15.4   0.   91.7  79.8] | faltou [ 0.4 -1.6 -1.5 -1.5  0.2] graus
[INFO] [1790800643.047001, 598.852000]: [mission] fase "saida_sobe" it1: no frame da parede eixo=-6.1 prof=+7.4 alt=+13.3 mm (tolerância 30/20/10)
[INFO] [1790800644.469929, 600.258000]: [mission] fase "saida_sobe" it2: ponta (0.217, 2.833, 0.793) erro=0.0191 | degrau eixo 2.3° | rolagem 3.4° | IK pediu [ -5.3 -14.3   0.   92.   79.2] | faltou [ 1.2 -2.6 -2.  -1.6  0.5] graus
[INFO] [1790800644.472669, 600.261000]: [mission] fase "saida_sobe" it2: no frame da parede eixo=-11.7 prof=+7.1 alt=+13.3 mm (tolerância 30/20/10)
[INFO] [1790800647.721900, 603.472000]: [mission] fase "saida_sobe" it2: ponta (0.223, 2.831, 0.793) erro=0.0114 | degrau eixo 3.0° | rolagem 3.2° | IK pediu [ -5.2 -17.    0.   90.5  80.1] | faltou [ 0.5 -0.6 -0.5 -0.5  0.1] graus
[INFO] [1790800647.724187, 603.475000]: [mission] fase "saida_sobe" it2: no frame da parede eixo=-5.9 prof=+5.2 alt=+8.3 mm (tolerância 30/20/10)
[INFO] [1790800647.725210, 603.476000]: [mission] âncora solta — 4 correções de deriva
[INFO] [1790800647.725994, 603.477000]: [mission] fase "saida_sobe" alcançada em 3 iteração(ões) (0.0114 m) — âncora corrigiu 4 vez(es) — 1 recuo(s) por contato
[INFO] [1790800647.728740, 603.480000]: [mission] âncora engatada (fase "saida_eixo")
[INFO] [1790800649.757756, 605.483000]: [mission] fase "saida_eixo" it0: ponta (0.351, 2.831, 0.802) erro=0.0085 | degrau eixo 7.8° | rolagem 8.1° | IK pediu [-15.6 -15.    0.   82.5  70.9] | faltou [ 0.  -0.2 -0.3 -0.4  0. ] graus
[INFO] [1790800649.761385, 605.487000]: [mission] fase "saida_eixo" it0: no frame da parede eixo=+2.2 prof=+6.9 alt=+4.3 mm (tolerância 20/20/15)
[INFO] [1790800649.764217, 605.489000]: [mission] fase "saida_eixo" alcançada em 1 iteração(ões) (0.0085 m)
[INFO] [1790800649.770994, 605.497000]: [mission] âncora engatada (fase "saida_fora")
[INFO] [1790800652.525276, 608.213000]: [mission] fase "saida_fora" it0: ponta (0.349, 2.730, 0.805) erro=0.0055 | degrau eixo 1.5° | rolagem 1.4° | IK pediu [-19.3 -17.9   0.  104.4  65.7] | faltou [0. 0. 0. 0. 0.] graus
[INFO] [1790800652.528292, 608.217000]: [mission] fase "saida_fora" it0: no frame da parede eixo=+1.3 prof=+5.1 alt=+1.4 mm (tolerância 30/20/20)
[INFO] [1790800652.529859, 608.218000]: [mission] âncora solta — 1 correções de deriva
[INFO] [1790800652.531543, 608.220000]: [mission] fase "saida_fora" alcançada em 1 iteração(ões) (0.0055 m) — âncora corrigiu 1 vez(es)
[INFO] [1790800652.533008, 608.221000]: [mission] ABORT/afasta: RECUANDO 0.250 m só com as rodas
[INFO] [1790800657.108607, 612.723000]: [mission] ABORT/afasta: concluído (0.254 m)
[INFO] [1790800657.111856, 612.726000]: [mission] postura "stow_home" comandada: [0.0, 1.13, -1.04, -1.8, 0.0]
[INFO] [1790800682.168298, 637.431000]: [mission] ABORT/retorno: alinhado, avançando (1.26 m)
[INFO] [1790800682.218576, 637.481000]: [mission] teto por postura ativo no drive: v<=0.23 w<=0.50 rampa 0.51/1.52
[INFO] [1790800691.631856, 646.781000]: [mission] ABORT/retorno: chegou, ajustando heading final
[INFO] [1790800691.682386, 646.831000]: [mission] teto por postura ativo no drive: v<=0.23 w<=0.50 rampa 0.51/1.52
[INFO] [1790800698.591873, 653.681000]: [mission] ABORT/retorno: concluído
[INFO] [1790800698.594431, 653.683000]: State machine terminating 'ABORT_SAFE':'aborted':'MISSION_ABORTED'
[INFO] [1790800698.596463, 653.685000]: [mission] resultado: MISSION_ABORTED
... logging to /home/marco/.ros/log/4f6ef64c-bd0d-11f1-a1a3-b025aa85b2a2/roslaunch-shiroi-2208889.log
Checking log directory for disk usage. This may take a while.
Press Ctrl-C to interrupt
]2;/home/marco/b166er/src/b166er_whole_body_control/launch/chave_mission.launch
[1mstarted roslaunch server http://shiroi:42585/[0m

SUMMARY
========

PARAMETERS
 * /chave_mission/estado_final: 
 * /chave_mission/estado_inicial: STOW_INIT
 * /chave_mission/pausa_por_fase: False
 * /chave_mission/search_omega: 0.35
 * /chave_mission/standoff_distance: 0.62
 * /chave_mission/use_wholebody: False
 * /chave_seccionadora_task/aproxima_lateral/modo: ik
 * /chave_seccionadora_task/aproxima_lateral/offset_xyz_m: [-0.09, 0.008, 0.01]
 * /chave_seccionadora_task/aproxima_lateral/tol_xyz_m: [0.04, 0.008, 0.005]
 * /chave_seccionadora_task/arco1/blade_angle_deg: 15
 * /chave_seccionadora_task/arco1/deriva_eixo_max_m: 0.015
 * /chave_seccionadora_task/arco1/modo: wb
 * /chave_seccionadora_task/arco1/offset_xyz_m: [0.0, 0.0518, -0....
 * /chave_seccionadora_task/arco1/soltura_recuo_min_m: 0.04
 * /chave_seccionadora_task/arco1/tol_xyz_m: [0.04, 0.01, 0.015]
 * /chave_seccionadora_task/arco2/blade_angle_deg: 30
 * /chave_seccionadora_task/arco2/deriva_eixo_max_m: 0.015
 * /chave_seccionadora_task/arco2/modo: wb
 * /chave_seccionadora_task/arco2/offset_xyz_m: [0.0, 0.1, -0.0518]
 * /chave_seccionadora_task/arco2/tol_xyz_m: [0.04, 0.01, 0.015]
 * /chave_seccionadora_task/atravessa/modo: ik
 * /chave_seccionadora_task/atravessa/offset_xyz_m: [-0.008, 0.008, 0...
 * /chave_seccionadora_task/atravessa/tol_xyz_m: [0.008, 0.006, 0....
 * /chave_seccionadora_task/captura/modo: ik
 * /chave_seccionadora_task/captura/offset_xyz_m: [0.0, 0.0, -0.01]
 * /chave_seccionadora_task/captura/tol_xyz_m: [0.04, 0.006, 0.01]
 * /chave_seccionadora_task/desengata/modo: ik
 * /chave_seccionadora_task/desengata/offset_xyz_m: [-0.09, 0.1, -0.0...
 * /chave_seccionadora_task/destrava/curso_estagna_m: 0.01
 * /chave_seccionadora_task/destrava/curso_margem_m: 0.002
 * /chave_seccionadora_task/destrava/curso_min_m: 0.018
 * /chave_seccionadora_task/destrava/modo: wb
 * /chave_seccionadora_task/destrava/offset_xyz_m: [0.0, 0.0, -0.025]
 * /chave_seccionadora_task/destrava/tol_xyz_m: [0.04, 0.006, 0.004]
 * /chave_seccionadora_task/libera/deriva_eixo_max_m: 0.015
 * /chave_seccionadora_task/libera/modo: wb
 * /chave_seccionadora_task/libera/offset_xyz_m: [0.0, 0.03, -0.025]
 * /chave_seccionadora_task/libera/tol_xyz_m: [0.04, 0.008, 0.006]
 * /chave_seccionadora_task/orienta/modo: ik
 * /chave_seccionadora_task/orienta/offset_xyz_m: [-0.09, 0.15, 0.0...
 * /chave_seccionadora_task/reassenta_sobe/tol_xyz_m: [0.03, 0.02, 0.005]
 * /chave_seccionadora_task/saida_eixo/tol_xyz_m: [0.02, 0.02, 0.015]
 * /chave_seccionadora_task/saida_fora/tol_xyz_m: [0.03, 0.02, 0.02]
 * /chave_seccionadora_task/saida_sobe/tol_xyz_m: [0.03, 0.02, 0.01]
 * /chave_seccionadora_task/target_frame: chave_olhal_link
 * /fuzzy_wb_controller/fixed_gains: []
 * /rosdistro: noetic
 * /rosversion: 1.17.4

NODES
  /
    chave_mission (b166er_whole_body_control/chave_mission.py)

[1mROS_MASTER_URI=http://localhost:11311[0m
]2;/home/marco/b166er/src/b166er_whole_body_control/launch/chave_mission.launch http://localhost:11311
[1mprocess[chave_mission-1]: started with pid [2208933][0m
[1m[chave_mission-1] process has finished cleanly
log file: /home/marco/.ros/log/4f6ef64c-bd0d-11f1-a1a3-b025aa85b2a2/chave_mission-1*.log[0m
all processes on machine have died, roslaunch will exit
shutting down processing monitor...
... shutting down processing monitor complete
[1mdone[0m
