[31mWARNING: disk usage in log directory [/home/marco/.ros/log] is over 1GB.
It's recommended that you use the 'rosclean' command.[0m
the rosdep view is empty: call 'sudo rosdep init' and 'rosdep update'
[WARN] [1791386741.323656, 803.437000]: [mission] SEARCH: 8 de 25 amostras descartadas como outlier (>0.15 m ou >0.20 rad da mediana)
[WARN] [1791386741.376081, 803.491000]: [mission] SEARCH: laser com só 19 pontos de parede (mín 30) — parede fica pela tag
[INFO] [1791386718.753080, 781.162000]: garra_dx = 0.000 m (fechada)
[INFO] [1791386718.828188, 781.231000]: State machine starting in initial state 'STOW_INIT' with userdata: 
	[]
[INFO] [1791386719.131278, 781.542000]: [mission] pose de partida registrada: (0.01, 1.00, -0.01 rad)
[INFO] [1791386719.133498, 781.544000]: [mission] postura "stow_home" comandada: [0.0, 1.13, -1.04, -1.8, 0.0]
[INFO] [1791386719.740079, 782.146000]: State machine transitioning 'STOW_INIT':'ok'-->'SEARCH'
[INFO] [1791386719.743211, 782.149000]: [mission] postura "search" comandada: [0.0, 1.0, -1.0, 0.0, 0.0]
[INFO] [1791386728.460871, 790.751000]: [mission] SEARCH — girando à procura da tag...
[INFO] [1791386728.463910, 790.753000]: [mission] SEARCH: amostra quando a tag estiver a raio 0.35-0.50 do quadro (vista oblíqua; omega fina 0.15 rad/s)
[INFO] [1791386731.095397, 793.356000]: [mission] SEARCH: tag a raio 0.85 — girando até <= 0.50
[INFO] [1791386735.701219, 797.908000]: [mission] SEARCH: tag a raio 0.50 — parando
[INFO] [1791386735.703210, 797.910000]: [mission] tag avistada — parando para medir
[INFO] [1791386736.722219, 798.919000]: [mission] âncora engatada (coleta do SEARCH)
[INFO] [1791386736.724885, 798.922000]: [mission] SEARCH: coleta com dither ±0.05 rad/s (período 3.0 s)
[INFO] [1791386741.312909, 803.428000]: [mission] âncora solta — 7 correções de deriva
[INFO] [1791386741.313952, 803.429000]: [mission] SEARCH: âncora corrigiu a deriva 7 vez(es) durante a coleta
[INFO] [1791386741.325216, 803.440000]: [mission] SEARCH: 17 amostras — parede (0.017, 2.920, -0.003) yaw=-2.876
[INFO] [1791386741.377973, 803.493000]: [mission] parede localizada em (0.017, 2.920, -0.003)
[INFO] [1791386741.383349, 803.498000]: State machine transitioning 'SEARCH':'found'-->'APPROACH'
[INFO] [1791386741.384580, 803.499000]: [mission] APPROACH etapa 1/2 — 1.30 m do olhal, alvo (0.59, 1.59, 1.84 rad)
[INFO] [1791386741.386643, 803.501000]: [mission] APPROACH: alinhado, avançando (0.85 m)
[INFO] [1791386741.436172, 803.551000]: [mission] teto por postura ativo no drive: v<=0.17 w<=0.50 rampa 0.45/1.51
[INFO] [1791386748.212339, 810.251000]: [mission] APPROACH: chegou, ajustando heading final
[INFO] [1791386748.262992, 810.302000]: [mission] teto por postura ativo no drive: v<=0.17 w<=0.50 rampa 0.45/1.51
[INFO] [1791386752.267242, 814.251000]: [mission] APPROACH: concluído
[INFO] [1791386753.288512, 815.257000]: [mission] âncora engatada (coleta do APPROACH/remedida)
[INFO] [1791386753.290334, 815.259000]: [mission] APPROACH/remedida: coleta com dither ±0.05 rad/s (período 3.0 s)
[INFO] [1791386755.694803, 817.631000]: [mission] âncora solta — 4 correções de deriva
[INFO] [1791386755.697332, 817.634000]: [mission] APPROACH/remedida: âncora corrigiu a deriva 4 vez(es) durante a coleta
[INFO] [1791386755.701230, 817.636000]: [mission] APPROACH/remedida: 10 amostras — parede (-0.000, 2.974, -0.002) yaw=-3.059
[INFO] [1791386755.755501, 817.691000]: [mission] APPROACH/remedida: parede pelo LASER — 73 pontos, resíduo 4.4 mm: profundidade -26.6 mm e yaw -4.74° em relação à tag → parede (-0.000, 3.000, -0.002) yaw=-3.141
[INFO] [1791386755.758224, 817.694000]: [mission] APPROACH etapa 2/2 — 0.88 m do olhal, alvo (0.37, 1.99, 1.57 rad)
[INFO] [1791386757.026619, 818.945000]: [mission] APPROACH: alinhado, avançando (0.55 m)
[INFO] [1791386757.077096, 818.995000]: [mission] teto por postura ativo no drive: v<=0.17 w<=0.50 rampa 0.45/1.51
[INFO] [1791386761.648638, 823.495000]: [mission] APPROACH: chegou, ajustando heading final
[INFO] [1791386764.190567, 825.995000]: [mission] APPROACH: concluído
[INFO] [1791386764.194474, 825.999000]: State machine transitioning 'APPROACH':'arrived'-->'REFINE'
[INFO] [1791386764.195682, 826.000000]: [mission] REFINE — remedindo a parede de perto (10 amostras)
[INFO] [1791386764.198547, 826.003000]: [mission] âncora engatada (coleta do REFINE)
[INFO] [1791386764.199368, 826.004000]: [mission] REFINE: coleta com dither ±0.05 rad/s (período 3.0 s)
[INFO] [1791386765.349810, 827.136000]: [mission] âncora solta — 1 correções de deriva
[INFO] [1791386765.351690, 827.138000]: [mission] REFINE: âncora corrigiu a deriva 1 vez(es) durante a coleta
[INFO] [1791386765.354405, 827.140000]: [mission] REFINE: 10 amostras — parede (0.003, 2.997, 0.000) yaw=-3.141
[INFO] [1791386765.411505, 827.196000]: [mission] REFINE: parede pelo LASER — 94 pontos, resíduo 4.9 mm: profundidade -1.9 mm e yaw -0.03° em relação à tag → parede (0.003, 2.999, 0.000) yaw=-3.141
[INFO] [1791386765.413477, 827.198000]: [mission] REFINE: deslocou 0.004 m da estimativa anterior
[INFO] [1791386765.414710, 827.199000]: [mission] olhal estimado em (0.203, 2.869, 0.805)
[INFO] [1791386765.419005, 827.203000]: State machine transitioning 'REFINE':'ok'-->'DEPLOY'
[INFO] [1791386765.420643, 827.205000]: [mission] DEPLOY: IK resolvida para a POSE DE MANIPULAÇÃO (0.20, 2.25, 1.57 rad), não para a atual
[INFO] [1791386770.298707, 831.573000]: [mission] DEPLOY: IK nivelada 0.0709 m, só eixo 0.0014 m — a MISSÃO INTEIRA usa "eixo"
[INFO] [1791386770.304064, 832.083000]: [mission] DEPLOY: IK da ponta resolvida (resíduo 0.0014 m, degrau 0.4°) — pré-posicionando em [-10.9 -46.4  60.   78.5 -10.9] graus
[INFO] [1791386779.126816, 840.785000]: [mission] plano de exclusão publicado: parede em [0.003 2.999 0.   ], normal segura [ 0.001 -1.     0.   ]
[INFO] [1791386779.340083, 840.997000]: [mission] teto por postura ativo no drive: v<=0.24 w<=0.50 rampa 0.53/1.61
[INFO] [1791386782.478646, 844.096000]: [mission] DEPLOY/aproxima: alinhado, avançando (0.35 m)
[INFO] [1791386785.671046, 847.246000]: [mission] DEPLOY/aproxima: chegou, ajustando heading final
[INFO] [1791386790.287889, 851.796000]: [mission] DEPLOY/aproxima: concluído
[INFO] [1791386790.289694, 851.798000]: State machine transitioning 'DEPLOY':'ok'-->'MANIPULATE'
[INFO] [1791386790.291098, 851.800000]: [mission] fase "orienta": modo IK iterativa (YAML)
[INFO] [1791386790.294806, 851.803000]: [mission] âncora engatada (fase "orienta")
[INFO] [1791386795.668261, 857.107000]: [mission] fase "orienta" it0: ponta (0.292, 2.729, 0.805) erro=0.0134 | degrau eixo 0.1° | rolagem 0.4° | IK pediu [-16.1 -26.9  21.2  94.9 -11.6] | faltou [ 0.2 -1.5  1.7 -1.6 -0.3] graus
[INFO] [1791386795.671212, 857.111000]: [mission] âncora solta — 2 correções de deriva
[INFO] [1791386795.672737, 857.112000]: [mission] fase "orienta" alcançada em 1 iteração(ões) (0.0134 m) — âncora corrigiu 2 vez(es)
[INFO] [1791386796.188766, 857.622000]: [mission] fase "aproxima_lateral": modo IK iterativa (YAML)
[INFO] [1791386796.193692, 857.627000]: [mission] âncora engatada (fase "aproxima_lateral")
[INFO] [1791386800.005171, 861.377000]: [mission] fase "aproxima_lateral" it0: ponta (0.287, 2.871, 0.803) erro=0.0171 | degrau eixo 4.0° | rolagem 4.5° | IK pediu [-13.8 -13.    0.   77.3  -8.4] | faltou [ 0.1 -0.4 -0.6 -0.8 -0.3] graus
[INFO] [1791386800.007786, 861.380000]: [mission] fase "aproxima_lateral" it0: no frame da parede eixo=-6.6 prof=+10.0 alt=+12.2 mm (tolerância 40/8/5)
[INFO] [1791386802.466391, 863.809000]: [mission] fase "aproxima_lateral" it1: ponta (0.299, 2.854, 0.820) erro=0.0103 | degrau eixo 3.8° | rolagem 3.9° | IK pediu [-14.9 -12.4   0.   79.2  -9. ] | faltou [0. 0. 0. 0. 0.] graus
[INFO] [1791386802.468888, 863.812000]: [mission] fase "aproxima_lateral" it1: no frame da parede eixo=+5.6 prof=-7.3 alt=-4.6 mm (tolerância 40/8/5)
[INFO] [1791386802.470877, 863.814000]: [mission] âncora solta — 1 correções de deriva
[INFO] [1791386802.471957, 863.815000]: [mission] fase "aproxima_lateral" alcançada em 2 iteração(ões) (0.0103 m) — âncora corrigiu 1 vez(es)
[INFO] [1791386802.985802, 864.320000]: [mission] fase "atravessa": modo IK iterativa (YAML)
[INFO] [1791386802.989995, 864.324000]: [mission] âncora engatada (fase "atravessa")
[INFO] [1791386807.886370, 869.152000]: [mission] fase "atravessa" it0: ponta (0.209, 2.867, 0.802) erro=0.0146 | degrau eixo 0.9° | rolagem 1.1° | IK pediu [ -7.3 -13.6  -0.   80.   -2.1] | faltou [ 0.1  2.1 -6.7  2.9 -0.2] graus
[ERROR] [1791386833.190765, 894.086000]: [mission] fase "atravessa": 5 iterações sem fechar (0.0109 m, tolerância 0.020)
[WARN] [1791386833.197667, 894.093000]: [mission] ABORT — parando base e recolhendo braço
[WARN] [1791386833.603576, 894.494000]: [mission] ABORT: ponta a 0.015 m do olhal — saindo em degraus: sobe 30 mm, 120 mm pelo eixo do furo, 100 mm para fora, antes de recolher
[ERROR] [1791386924.862671, 984.661000]: [mission] fase "saida_sobe": 5 iterações sem fechar (0.0374 m, tolerância 0.020)
[WARN] [1791386924.863312, 984.662000]: [mission] ABORT: degrau "saida_sobe" não fechou — seguindo para o próximo
[WARN] [1791386968.153386, 1027.509000]: [mission] fase "saida_eixo" it2: mira além ficou fora de alcance (0.025 m) — recuando para o alvo real
[WARN] [1791387011.322806, 1070.447000]: [mission] fase "saida_eixo" it4: mira além ficou fora de alcance (0.142 m) — recuando para o alvo real
[ERROR] [1791387032.888244, 1091.987000]: [mission] fase "saida_eixo": 5 iterações sem fechar (0.3037 m, tolerância 0.020)
[WARN] [1791387032.889663, 1091.988000]: [mission] ABORT: degrau "saida_eixo" não fechou — seguindo para o próximo
[INFO] [1791386807.890066, 869.156000]: [mission] fase "atravessa" it0: no frame da parede eixo=-2.7 prof=+5.8 alt=+13.1 mm (tolerância 8/6/5)
[INFO] [1791386814.053741, 875.233000]: [mission] fase "atravessa" it1: ponta (0.211, 2.858, 0.807) erro=0.0091 | degrau eixo 0.9° | rolagem 1.1° | IK pediu [ -7.7 -11.   -3.6  82.8  -2.3] | faltou [  0.1   8.9 -24.   11.    0. ] graus
[INFO] [1791386814.057930, 875.237000]: [mission] fase "atravessa" it1: no frame da parede eixo=+0.1 prof=-3.1 alt=+8.6 mm (tolerância 8/6/5)
[INFO] [1791386819.534181, 880.609000]: [mission] fase "atravessa" it2: ponta (0.214, 2.857, 0.798) erro=0.0175 | degrau eixo 1.0° | rolagem 1.6° | IK pediu [ -7.7  -4.3 -16.3  87.6  -2.3] | faltou [  0.1 -33.7  70.6 -48.1  -0.1] graus
[INFO] [1791386819.537143, 880.613000]: [mission] fase "atravessa" it2: no frame da parede eixo=+2.4 prof=-3.9 alt=+16.9 mm (tolerância 8/6/5)
[INFO] [1791386825.589894, 886.571000]: [mission] fase "atravessa" it3: ponta (0.213, 2.871, 0.814) erro=0.0102 | degrau eixo 1.1° | rolagem 1.5° | IK pediu [ -7.4 -25.6  37.2  51.   -2.1] | faltou [-0.4 -5.7  6.6 -5.9 -0.3] graus
[INFO] [1791386825.594034, 886.576000]: [mission] fase "atravessa" it3: no frame da parede eixo=+1.7 prof=+10.0 alt=+1.5 mm (tolerância 8/6/5)
[INFO] [1791386833.185982, 894.081000]: [mission] fase "atravessa" it4: ponta (0.216, 2.871, 0.814) erro=0.0109 | degrau eixo 0.9° | rolagem 1.3° | IK pediu [ -7.6 -24.6  34.   55.9  -2. ] | faltou [-0.2 -5.1  5.9 -7.8 -0.1] graus
[INFO] [1791386833.187931, 894.083000]: [mission] fase "atravessa" it4: no frame da parede eixo=+4.4 prof=+9.9 alt=+1.6 mm (tolerância 8/6/5)
[INFO] [1791386833.189138, 894.085000]: [mission] âncora solta — 7 correções de deriva
[INFO] [1791386833.196042, 894.091000]: State machine transitioning 'MANIPULATE':'failed'-->'ABORT_SAFE'
[INFO] [1791386833.608871, 894.499000]: [mission] âncora engatada (fase "saida_sobe")
[INFO] [1791386838.088459, 898.927000]: [mission] fase "saida_sobe" it0: ponta (0.209, 2.871, 0.814) erro=0.0307 | degrau eixo 1.2° | rolagem 1.2° | IK pediu [ -7.8 -20.1  24.6  58.6  -2.3] | faltou [ 0.3 -4.3  1.9  0.2  0.1] graus
[INFO] [1791386838.090005, 898.928000]: [mission] fase "saida_sobe" it0: no frame da parede eixo=-6.8 prof=+0.7 alt=+29.9 mm (tolerância 30/20/10)
[INFO] [1791386859.707734, 920.331000]: [mission] fase "saida_sobe" it1: ponta (0.218, 2.850, 0.812) erro=0.0375 | degrau eixo 1.3° | rolagem 1.1° | IK pediu [ -8.3 -12.5  13.6  64.1  -2.7] | faltou [ 0.2 -6.6 -2.5 11.4  0.1] graus
[INFO] [1791386859.712939, 920.336000]: [mission] fase "saida_sobe" it1: no frame da parede eixo=+2.6 prof=-20.5 alt=+31.3 mm (tolerância 30/20/10)
[INFO] [1791386881.381196, 941.773000]: [mission] fase "saida_sobe" it2: ponta (0.219, 2.849, 0.813) erro=0.0376 | degrau eixo 1.3° | rolagem 1.5° | IK pediu [-8.  -4.1  3.7 62.6 -2.5] | faltou [ -0.2 -34.   55.1 -27.4   0.2] graus
[INFO] [1791386881.382825, 941.774000]: [mission] fase "saida_sobe" it2: no frame da parede eixo=+3.5 prof=-21.3 alt=+30.8 mm (tolerância 30/20/10)
[INFO] [1791386903.195342, 963.249000]: [mission] fase "saida_sobe" it3: ponta (0.212, 2.849, 0.813) erro=0.0373 | degrau eixo 1.4° | rolagem 1.3° | IK pediu [-7.7 -9.  26.6 38.3 -2.1] | faltou [  0.1  23.4 -86.6  63.    0.1] graus
[INFO] [1791386903.199453, 963.252000]: [mission] fase "saida_sobe" it3: no frame da parede eixo=-3.7 prof=-21.1 alt=+30.6 mm (tolerância 30/20/10)
[INFO] [1791386924.860166, 984.659000]: [mission] fase "saida_sobe" it4: ponta (0.216, 2.849, 0.813) erro=0.0374 | degrau eixo 1.6° | rolagem 1.4° | IK pediu [ -8.   13.5 -14.7  54.3  -2.2] | faltou [ -0.  -51.9  74.7 -20.7   0.1] graus
[INFO] [1791386924.861429, 984.660000]: [mission] fase "saida_sobe" it4: no frame da parede eixo=+0.7 prof=-21.2 alt=+30.7 mm (tolerância 30/20/10)
[INFO] [1791386924.862209, 984.661000]: [mission] âncora solta — 13 correções de deriva
[INFO] [1791386924.865064, 984.664000]: [mission] âncora engatada (fase "saida_eixo")
[INFO] [1791386946.444643, 1006.065000]: [mission] fase "saida_eixo" it0: ponta (0.323, 2.819, 0.754) erro=0.1045 | degrau eixo 5.8° | rolagem 7.5° | IK pediu [-17.7  -8.6   0.   70.5 -11.1] | faltou [ -0.1 -38.8  60.  -27.8   0.2] graus
[INFO] [1791386946.446109, 1006.066000]: [mission] fase "saida_eixo" it0: no frame da parede eixo=-12.4 prof=-51.7 alt=+90.0 mm (tolerância 20/20/15)
[INFO] [1791386968.021919, 1027.502000]: [mission] fase "saida_eixo" it1: ponta (0.304, 2.725, 0.978) erro=0.2007 | degrau eixo 7.6° | rolagem 1.4° | IK pediu [-17.9   3.5   0.   49.  -10. ] | faltou [  0.2 -24.3  60.   -6.3   0.1] graus
[INFO] [1791386968.025180, 1027.506000]: [mission] fase "saida_eixo" it1: no frame da parede eixo=-32.2 prof=-145.1 alt=-134.8 mm (tolerância 20/20/15)
[INFO] [1791386989.679389, 1049.036000]: [mission] fase "saida_eixo" it2: ponta (0.325, 2.822, 0.619) erro=0.2299 | degrau eixo 5.9° | rolagem 12.3° | IK pediu [-17.7  -8.7   0.   70.1 -10.9] | faltou [ -0.   -0.6 -60.   39.9   0.1] graus
[INFO] [1791386989.681151, 1049.038000]: [mission] fase "saida_eixo" it2: no frame da parede eixo=-10.9 prof=-48.3 alt=+224.5 mm (tolerância 20/20/15)
[INFO] [1791387011.186252, 1070.441000]: [mission] fase "saida_eixo" it3: ponta (0.268, 2.568, 1.187) erro=0.4630 | degrau eixo 8.6° | rolagem 1.2° | IK pediu [-17.8  20.4  -0.   25.2  -8.9] | faltou [ 0.1 -8.1 60.   0.3  0.2] graus
[INFO] [1791387011.188162, 1070.443000]: [mission] fase "saida_eixo" it3: no frame da parede eixo=-67.7 prof=-303.0 alt=-343.4 mm (tolerância 20/20/15)
[INFO] [1791387032.881557, 1091.980000]: [mission] fase "saida_eixo" it4: ponta (0.289, 2.659, 1.056) erro=0.3037 | degrau eixo 5.9° | rolagem 0.5° | IK pediu [-17.7  -8.5   0.   70.  -10.9] | faltou [  0.   -1.3  60.  -27.4  -0. ] graus
[INFO] [1791387032.884008, 1091.982000]: [mission] fase "saida_eixo" it4: no frame da parede eixo=-46.5 prof=-212.0 alt=-212.4 mm (tolerância 20/20/15)
[INFO] [1791387032.886301, 1091.985000]: [mission] âncora solta — 13 correções de deriva
[INFO] [1791387032.893901, 1091.992000]: [mission] âncora engatada (fase "saida_fora")
[INFO] [1791387054.472389, 1113.397000]: [mission] fase "saida_fora" it0: ponta (0.348, 2.819, 0.686) erro=0.1654 | degrau eixo 2.2° | rolagem 12.8° | IK pediu [-19.7 -12.8   0.1  93.9 -14.3] | faltou [ -0.   10.3 -60.1  16.1  -0. ] graus
[INFO] [1791387054.475275, 1113.400000]: [mission] fase "saida_fora" it0: no frame da parede eixo=+12.6 prof=+48.4 alt=+157.6 mm (tolerância 30/20/20)
[INFO] [1791387060.901110, 1119.763000]: [mission] fase "saida_fora" it1: ponta (0.325, 2.730, 0.966) erro=0.1297 | degrau eixo 0.1° | rolagem 2.6° | IK pediu [-19.8  14.2 -25.  100.5 -14.5] | faltou [  0.  -36.7  85.  -57.8  -0.7] graus
[INFO] [1791387060.903816, 1119.766000]: [mission] fase "saida_fora" it1: no frame da parede eixo=-10.8 prof=-40.7 alt=-122.6 mm (tolerância 30/20/20)
[INFO] [1791387082.514390, 1141.193000]: [mission] fase "saida_fora" it2: ponta (0.346, 2.815, 0.747) erro=0.1067 | degrau eixo 1.6° | rolagem 10.0° | IK pediu [-19.8  -9.6   0.5  92.8 -14.4] | faltou [  0.   14.3 -60.5  17.2  -0. ] graus
[INFO] [1791387082.517898, 1141.197000]: [mission] fase "saida_fora" it2: no frame da parede eixo=+10.6 prof=+44.6 alt=+96.4 mm (tolerância 30/20/20)
[INFO] [1791387088.990657, 1147.602000]: [mission] fase "saida_fora" it3: ponta (0.331, 2.751, 0.930) erro=0.0889 | degrau eixo 0.1° | rolagem 3.9° | IK pediu [-19.9  13.8 -30.5 106.3 -14.6] | faltou [  0.2 -41.2  90.5 -63.6  -0.6] graus
[INFO] [1791387088.992465, 1147.604000]: [mission] fase "saida_fora" it3: no frame da parede eixo=-4.8 prof=-20.0 alt=-86.5 mm (tolerância 30/20/20)
[INFO] [1791387110.650961, 1169.056000]: [mission] fase "saida_fora" it4: ponta (0.348, 2.816, 0.610) erro=0.2386 | degrau eixo 0.6° | rolagem 16.9° | IK pediu [-19.8 -11.1   5.8  93.1 -14.5] | faltou [ -0.    0.6 -65.8  16.9  -0. ] graus
[INFO] [1791387110.656734, 1169.061000]: [mission] fase "saida_fora" it4: no frame da parede eixo=+12.4 prof=+45.2 alt=+234.0 mm (tolerância 30/20/20)
[INFO] [1791387110.659413, 1169.064000]: [mission] âncora solta — 2 correções de deriva
[ERROR] [1791387110.661448, 1169.066000]: [mission] fase "saida_fora": 5 iterações sem fechar (0.2386 m, tolerância 0.020)
[WARN] [1791387110.663142, 1169.068000]: [mission] ABORT: degrau "saida_fora" não fechou — seguindo para o próximo
[WARN] [1791387135.967456, 1194.125000]: [mission] ABORT — voltando à pose de partida (0.01, 1.00, -0.01 rad)
[INFO] [1791387110.664445, 1169.069000]: [mission] ABORT/afasta: RECUANDO 0.250 m só com as rodas
[INFO] [1791387115.656504, 1174.020000]: [mission] ABORT/afasta: concluído (0.255 m)
[INFO] [1791387115.659845, 1174.023000]: [mission] postura "stow_home" comandada: [0.0, 1.13, -1.04, -1.8, 0.0]
[INFO] [1791387149.114532, 1207.127000]: [mission] ABORT/retorno: alinhado, avançando (1.22 m)
[INFO] [1791387149.165372, 1207.177000]: [mission] teto por postura ativo no drive: v<=0.26 w<=0.50 rampa 0.55/1.50
[INFO] [1791387158.365119, 1216.277000]: [mission] ABORT/retorno: chegou, ajustando heading final
[INFO] [1791387158.415892, 1216.327000]: [mission] teto por postura ativo no drive: v<=0.26 w<=0.50 rampa 0.55/1.50
[INFO] [1791387165.446061, 1223.277000]: [mission] ABORT/retorno: concluído
[INFO] [1791387165.447715, 1223.279000]: State machine terminating 'ABORT_SAFE':'aborted':'MISSION_ABORTED'
[INFO] [1791387165.449402, 1223.280000]: [mission] resultado: MISSION_ABORTED
... logging to /home/marco/.ros/log/720d5ca8-c261-11f1-91b6-b025aa85b2a2/roslaunch-shiroi-3221752.log
Checking log directory for disk usage. This may take a while.
Press Ctrl-C to interrupt
]2;/home/marco/b166er/src/b166er_whole_body_control/launch/chave_mission.launch
[1mstarted roslaunch server http://shiroi:40399/[0m

SUMMARY
========

PARAMETERS
 * /chave_mission/estado_final: 
 * /chave_mission/estado_inicial: STOW_INIT
 * /chave_mission/pausa_por_fase: False
 * /chave_mission/search_omega: 0.35
 * /chave_mission/standoff_distance: 0.62
 * /chave_mission/use_wholebody: False
 * /chave_seccionadora_task/aproxima_lateral/modo: ik
 * /chave_seccionadora_task/aproxima_lateral/offset_xyz_m: [-0.09, 0.008, 0.01]
 * /chave_seccionadora_task/aproxima_lateral/tol_xyz_m: [0.04, 0.008, 0.005]
 * /chave_seccionadora_task/arco1/blade_angle_deg: 15
 * /chave_seccionadora_task/arco1/deriva_eixo_max_m: 0.015
 * /chave_seccionadora_task/arco1/modo: wb
 * /chave_seccionadora_task/arco1/offset_xyz_m: [0.0, 0.0518, -0....
 * /chave_seccionadora_task/arco1/soltura_recuo_min_m: 0.04
 * /chave_seccionadora_task/arco1/tol_xyz_m: [0.04, 0.01, 0.015]
 * /chave_seccionadora_task/arco2/blade_angle_deg: 30
 * /chave_seccionadora_task/arco2/deriva_eixo_max_m: 0.015
 * /chave_seccionadora_task/arco2/modo: wb
 * /chave_seccionadora_task/arco2/offset_xyz_m: [0.0, 0.1, -0.0518]
 * /chave_seccionadora_task/arco2/tol_xyz_m: [0.04, 0.01, 0.015]
 * /chave_seccionadora_task/atravessa/modo: ik
 * /chave_seccionadora_task/atravessa/offset_xyz_m: [-0.008, 0.008, 0...
 * /chave_seccionadora_task/atravessa/tol_xyz_m: [0.008, 0.006, 0....
 * /chave_seccionadora_task/captura/modo: ik
 * /chave_seccionadora_task/captura/offset_xyz_m: [0.0, 0.0, -0.01]
 * /chave_seccionadora_task/captura/tol_xyz_m: [0.04, 0.006, 0.01]
 * /chave_seccionadora_task/desengata/modo: ik
 * /chave_seccionadora_task/desengata/offset_xyz_m: [-0.09, 0.1, -0.0...
 * /chave_seccionadora_task/destrava/curso_estagna_m: 0.01
 * /chave_seccionadora_task/destrava/curso_margem_m: 0.002
 * /chave_seccionadora_task/destrava/curso_min_m: 0.018
 * /chave_seccionadora_task/destrava/curso_teto_m: 0.022
 * /chave_seccionadora_task/destrava/modo: wb
 * /chave_seccionadora_task/destrava/offset_xyz_m: [0.0, 0.0, -0.025]
 * /chave_seccionadora_task/destrava/tol_xyz_m: [0.04, 0.006, 0.004]
 * /chave_seccionadora_task/libera/deriva_eixo_max_m: 0.015
 * /chave_seccionadora_task/libera/modo: wb
 * /chave_seccionadora_task/libera/offset_xyz_m: [0.0, 0.03, -0.025]
 * /chave_seccionadora_task/libera/tol_xyz_m: [0.04, 0.008, 0.006]
 * /chave_seccionadora_task/orienta/modo: ik
 * /chave_seccionadora_task/orienta/offset_xyz_m: [-0.09, 0.15, 0.0...
 * /chave_seccionadora_task/reassenta_sobe/tol_xyz_m: [0.03, 0.02, 0.005]
 * /chave_seccionadora_task/saida_eixo/tol_xyz_m: [0.02, 0.02, 0.015]
 * /chave_seccionadora_task/saida_fora/tol_xyz_m: [0.03, 0.02, 0.02]
 * /chave_seccionadora_task/saida_sobe/tol_xyz_m: [0.03, 0.02, 0.01]
 * /chave_seccionadora_task/target_frame: chave_olhal_link
 * /fuzzy_wb_controller/fixed_gains: []
 * /rosdistro: noetic
 * /rosversion: 1.17.4

NODES
  /
    chave_mission (b166er_whole_body_control/chave_mission.py)

[1mROS_MASTER_URI=http://localhost:11311[0m
]2;/home/marco/b166er/src/b166er_whole_body_control/launch/chave_mission.launch http://localhost:11311
[1mprocess[chave_mission-1]: started with pid [3221796][0m
[1m[chave_mission-1] process has finished cleanly
log file: /home/marco/.ros/log/720d5ca8-c261-11f1-91b6-b025aa85b2a2/chave_mission-1*.log[0m
all processes on machine have died, roslaunch will exit
shutting down processing monitor...
... shutting down processing monitor complete
[1mdone[0m
