[31mWARNING: disk usage in log directory [/home/marco/.ros/log] is over 1GB.
It's recommended that you use the 'rosclean' command.[0m
the rosdep view is empty: call 'sudo rosdep init' and 'rosdep update'
[WARN] [1790791099.191910, 292.755000]: [mission] SEARCH: ajuste não convergiu em 8s (raio 0.67) — amostrando assim mesmo
[WARN] [1790791111.909243, 305.325000]: [mission] SEARCH: 4 de 25 amostras descartadas como outlier (>0.15 m ou >0.20 rad da mediana)
[ERROR] [1790791156.068581, 348.857000]: [mission] REFINE: só 0 amostras da tag
[WARN] [1790791156.070694, 348.859000]: [mission] REFINE: tag não visível no standoff — seguindo com a estimativa da aproximação (erro típico ~13 mm com a tag de 220 mm)
[INFO] [1790791083.074147, 0.000000]: garra_dx = 0.030 m (aberta)
[INFO] [1790791083.143486, 276.889000]: State machine starting in initial state 'STOW_INIT' with userdata: 
	[]
[INFO] [1790791083.347238, 277.092000]: [mission] pose de partida registrada: (0.02, 1.00, 0.00 rad)
[INFO] [1790791083.348950, 277.093000]: [mission] postura "stow_home" comandada: [0.0, 1.13, -1.04, -1.8, 0.0]
[INFO] [1790791083.450922, 277.195000]: State machine transitioning 'STOW_INIT':'ok'-->'SEARCH'
[INFO] [1790791083.454023, 277.198000]: [mission] postura "search" comandada: [0.0, 1.0, -1.0, 0.0, 0.0]
[INFO] [1790791089.524415, 283.200000]: [mission] SEARCH — girando à procura da tag...
[INFO] [1790791089.526074, 283.201000]: [mission] SEARCH: amostra quando a tag estiver a raio 0.35-0.50 do quadro (vista oblíqua; omega fina 0.15 rad/s)
[INFO] [1790791091.043469, 284.703000]: [mission] SEARCH: tag a raio 0.92 — girando até <= 0.50
[INFO] [1790791099.193906, 292.757000]: [mission] tag avistada — parando para medir
[INFO] [1790791100.214097, 293.767000]: [mission] âncora engatada (coleta do SEARCH)
[INFO] [1790791100.215934, 293.769000]: [mission] SEARCH: coleta com dither ±0.05 rad/s (período 3.0 s)
[INFO] [1790791111.900368, 305.317000]: [mission] âncora solta — 23 correções de deriva
[INFO] [1790791111.901443, 305.318000]: [mission] SEARCH: âncora corrigiu a deriva 23 vez(es) durante a coleta
[INFO] [1790791111.910702, 305.327000]: [mission] SEARCH: 21 amostras — parede (0.009, 2.947, -0.001) yaw=-2.992
[INFO] [1790791111.911839, 305.328000]: [mission] parede localizada em (0.009, 2.947, -0.001)
[INFO] [1790791111.915214, 305.332000]: State machine transitioning 'SEARCH':'found'-->'APPROACH'
[INFO] [1790791111.915954, 305.332000]: [mission] APPROACH etapa 1/2 — 1.30 m do olhal, alvo (0.42, 1.56, 1.72 rad)
[INFO] [1790791111.916661, 305.333000]: [mission] teto por postura ativo no drive: v<=0.17 w<=0.50 rampa 0.45/1.52
[INFO] [1790791113.580756, 306.983000]: [mission] APPROACH: alinhado, avançando (0.73 m)
[INFO] [1790791119.829446, 313.133000]: [mission] APPROACH: chegou, ajustando heading final
[INFO] [1790791119.879640, 313.183000]: [mission] teto por postura ativo no drive: v<=0.17 w<=0.50 rampa 0.45/1.52
[INFO] [1790791120.988594, 314.283000]: [mission] APPROACH: concluído
[INFO] [1790791122.006993, 315.286000]: [mission] âncora engatada (coleta do APPROACH/remedida)
[INFO] [1790791122.008436, 315.288000]: [mission] APPROACH/remedida: coleta com dither ±0.05 rad/s (período 3.0 s)
[INFO] [1790791136.371750, 329.441000]: [mission] âncora solta — 23 correções de deriva
[INFO] [1790791136.373097, 329.442000]: [mission] APPROACH/remedida: âncora corrigiu a deriva 23 vez(es) durante a coleta
[INFO] [1790791136.374451, 329.443000]: [mission] APPROACH/remedida: 10 amostras — parede (0.002, 2.973, -0.002) yaw=-3.077
[INFO] [1790791136.375290, 329.444000]: [mission] APPROACH etapa 2/2 — 0.88 m do olhal, alvo (0.44, 1.99, 1.64 rad)
[INFO] [1790791136.376173, 329.445000]: [mission] APPROACH: alinhado, avançando (0.47 m)
[INFO] [1790791136.425977, 329.495000]: [mission] teto por postura ativo no drive: v<=0.17 w<=0.50 rampa 0.45/1.52
[INFO] [1790791140.675422, 333.695000]: [mission] APPROACH: chegou, ajustando heading final
[INFO] [1790791140.725847, 333.745000]: [mission] APPROACH: concluído
[INFO] [1790791140.733726, 333.753000]: State machine transitioning 'APPROACH':'arrived'-->'REFINE'
[INFO] [1790791140.736721, 333.755000]: [mission] REFINE — remedindo a parede de perto (10 amostras)
[INFO] [1790791140.742867, 333.761000]: [mission] âncora engatada (coleta do REFINE)
[INFO] [1790791140.745811, 333.764000]: [mission] REFINE: coleta com dither ±0.05 rad/s (período 3.0 s)
[INFO] [1790791156.063655, 348.853000]: [mission] âncora solta — 26 correções de deriva
[INFO] [1790791156.066417, 348.855000]: [mission] REFINE: âncora corrigiu a deriva 26 vez(es) durante a coleta
[INFO] [1790791156.072860, 348.861000]: [mission] olhal estimado em (0.210, 2.856, 0.803)
[INFO] [1790791156.080776, 348.869000]: State machine transitioning 'REFINE':'ok'-->'DEPLOY'
[INFO] [1790791156.083878, 348.872000]: [mission] DEPLOY: IK resolvida para a POSE DE MANIPULAÇÃO (0.25, 2.24, 1.64 rad), não para a atual
[INFO] [1790791160.626826, 352.017000]: [mission] DEPLOY: IK nivelada 0.0554 m, só eixo 0.0000 m — a MISSÃO INTEIRA usa "eixo"
[INFO] [1790791160.628896, 353.414000]: [mission] DEPLOY: IK da ponta resolvida (resíduo 0.0000 m, degrau 0.1°) — pré-posicionando em [-10.3 -42.4  51.7  80.   79.7] graus
[INFO] [1790791167.120557, 359.815000]: [mission] plano de exclusão publicado: parede em [ 2.000e-03  2.973e+00 -2.000e-03], normal segura [ 0.065 -0.998  0.   ]
[INFO] [1790791167.334368, 360.025000]: [mission] teto por postura ativo no drive: v<=0.18 w<=0.50 rampa 0.46/1.64
[INFO] [1790791170.719571, 363.375000]: [mission] DEPLOY/aproxima: alinhado, avançando (0.40 m)
[INFO] [1790791174.471839, 367.075000]: [mission] DEPLOY/aproxima: chegou, ajustando heading final
[INFO] [1790791177.675470, 370.227000]: [mission] DEPLOY/aproxima: concluído
[INFO] [1790791177.678189, 370.230000]: State machine transitioning 'DEPLOY':'ok'-->'MANIPULATE'
[INFO] [1790791177.681720, 370.233000]: [mission] fase "orienta": modo IK iterativa (YAML)
[INFO] [1790791177.688624, 370.240000]: [mission] âncora engatada (fase "orienta")
[INFO] [1790791181.956390, 374.447000]: [mission] fase "orienta" it0: ponta (0.316, 2.712, 0.811) erro=0.0058 | degrau eixo 0.8° | rolagem 0.8° | IK pediu [-18.3 -18.9   3.5 102.1  76.4] | faltou [ 0.  -1.4  2.4 -1.2  0. ] graus
[INFO] [1790791181.958271, 374.449000]: [mission] âncora solta — 1 correções de deriva
[INFO] [1790791181.959359, 374.450000]: [mission] fase "orienta" alcançada em 1 iteração(ões) (0.0058 m) — âncora corrigiu 1 vez(es)
[INFO] [1790791182.470450, 374.954000]: [mission] fase "aproxima_lateral": modo IK iterativa (YAML)
[INFO] [1790791182.475134, 374.958000]: [mission] âncora engatada (fase "aproxima_lateral")
[INFO] [1790791185.724240, 378.162000]: [mission] fase "aproxima_lateral" it0: ponta (0.301, 2.868, 0.807) erro=0.0086 | degrau eixo 5.8° | rolagem 5.8° | IK pediu [-14.8 -13.4  -0.   71.2  80.5] | faltou [ 0.  -0.5  0.2  0.7 -0. ] graus
[INFO] [1790791185.728697, 378.166000]: [mission] fase "aproxima_lateral" it0: no frame da parede eixo=+0.7 prof=+6.4 alt=+5.7 mm (tolerância 40/8/5)
[INFO] [1790791187.184524, 379.607000]: [mission] fase "aproxima_lateral" it1: ponta (0.299, 2.859, 0.812) erro=0.0029 | degrau eixo 5.6° | rolagem 6.1° | IK pediu [-14.8 -13.3   0.   72.9  80.2] | faltou [ 0.  -0.2 -0.7 -1.2  0.1] graus
[INFO] [1790791187.186922, 379.610000]: [mission] fase "aproxima_lateral" it1: no frame da parede eixo=-0.9 prof=-2.6 alt=+0.8 mm (tolerância 40/8/5)
[INFO] [1790791187.188118, 379.611000]: [mission] âncora solta — 1 correções de deriva
[INFO] [1790791187.189193, 379.612000]: [mission] fase "aproxima_lateral" alcançada em 2 iteração(ões) (0.0029 m) — âncora corrigiu 1 vez(es)
[INFO] [1790791187.702884, 380.118000]: [mission] fase "atravessa": modo IK iterativa (YAML)
[INFO] [1790791187.706261, 380.121000]: [mission] âncora engatada (fase "atravessa")
[INFO] [1790791189.521076, 381.925000]: [mission] fase "atravessa" it0: ponta (0.218, 2.862, 0.808) erro=0.0073 | degrau eixo 2.2° | rolagem 2.3° | IK pediu [ -8.1 -14.1   0.1  74.4  86.1] | faltou [-0.1 -0.2 -0.4 -0.4 -0. ] graus
[INFO] [1790791189.526052, 381.931000]: [mission] fase "atravessa" it0: no frame da parede eixo=-0.2 prof=+5.2 alt=+5.2 mm (tolerância 8/6/5)
[INFO] [1790791190.948051, 383.336000]: [mission] fase "atravessa" it1: ponta (0.218, 2.860, 0.809) erro=0.0050 | degrau eixo 2.1° | rolagem 2.3° | IK pediu [ -8.2 -13.9   0.1  75.5  86. ] | faltou [ 0.1 -0.2 -0.7 -1.1  0. ] graus
[INFO] [1790791190.949653, 383.337000]: [mission] fase "atravessa" it1: no frame da parede eixo=-0.1 prof=+3.3 alt=+3.8 mm (tolerância 8/6/5)
[INFO] [1790791190.950481, 383.338000]: [mission] fase "atravessa" alcançada em 2 iteração(ões) (0.0050 m)
[INFO] [1790791191.461173, 383.841000]: [mission] fase "captura": modo IK iterativa (YAML)
[WARN] [1790791199.170631, 391.477000]: [mission] fase "destrava": descida estagnou em 17.9 mm (mín 10 para aceitar; alvo 18) — fim de curso do mecanismo, fechando a fase
[WARN] [1790791210.493799, 402.664000]: [mission] RETRACT: ponta a 0.142 m do olhal — saindo em degraus: sobe 30 mm, 120 mm pelo eixo do furo, 100 mm para fora, antes de recolher
[INFO] [1790791191.468658, 383.846000]: [mission] âncora engatada (fase "captura")
[INFO] [1790791192.992375, 385.352000]: [mission] fase "captura" it0: ponta (0.212, 2.862, 0.787) erro=0.0087 | degrau eixo 1.9° | rolagem 2.1° | IK pediu [ -7.5 -16.5  -0.1  76.6  86.7] | faltou [-0.3 -0.1 -0.5 -0.7 -0.1] graus
[INFO] [1790791192.994361, 385.354000]: [mission] fase "captura" it0: no frame da parede eixo=+2.1 prof=+6.1 alt=+5.9 mm (tolerância 40/6/10)
[INFO] [1790791194.414935, 386.758000]: [mission] fase "captura" it1: ponta (0.211, 2.861, 0.790) erro=0.0057 | degrau eixo 1.8° | rolagem 2.0° | IK pediu [ -7.4 -16.4   0.1  77.7  86.7] | faltou [-0.3 -0.2 -0.9 -1.5 -0. ] graus
[INFO] [1790791194.418094, 386.761000]: [mission] fase "captura" it1: no frame da parede eixo=+1.2 prof=+4.6 alt=+3.1 mm (tolerância 40/6/10)
[INFO] [1790791194.420596, 386.762000]: [mission] fase "captura" alcançada em 2 iteração(ões) (0.0057 m)
[INFO] [1790791194.426683, 386.769000]: [mission] captura: ponta registrada em eixo=-1.2 prof=-4.6 alt=-13.1 mm (zero da descida do destrava e da deriva de eixo)
[INFO] [1790791194.942528, 387.271000]: [mission] fase "destrava": alvo em altura relativo à captura: -33.1 mm (captura -13.1 − curso 18 − margem 2)
[INFO] [1790791194.943594, 387.272000]: [mission] fase "destrava": modo whole-body/Fuzzy (YAML)
[INFO] [1790791195.146893, 387.473000]: [mission] plano de exclusão publicado: parede em [ 2.000e-03  2.973e+00 -2.000e-03], normal segura [ 0.065 -0.998  0.   ]
[INFO] [1790791195.451677, 387.777000]: [mission] fase "destrava": whole-body assumiu (base livre, restrita pelo plano de exclusão)
[INFO] [1790791195.452816, 387.778000]: [mission] fase "destrava": whole-body a 0.0197 m do alvo — eixo=+0.6 prof=+4.2 alt=-19.2 mm
[INFO] [1790791197.559272, 389.877000]: [mission] fase "destrava": whole-body a 0.0037 m do alvo — eixo=-1.5 prof=-2.0 alt=-2.8 mm
[INFO] [1790791199.379575, 391.683000]: [mission] destrava: ponta desceu 17.9 mm desde a captura (critério observável) | lingueta 15.1 mm (só na simulação)
[INFO] [1790791199.380480, 391.684000]: [mission] destrava: lingueta em 15.1 mm — gatilho solto
[INFO] [1790791199.900072, 392.184000]: [mission] fase "libera": modo whole-body/Fuzzy (YAML)
[INFO] [1790791200.105160, 392.385000]: [mission] plano de exclusão publicado: parede em [ 2.000e-03  2.973e+00 -2.000e-03], normal segura [ 0.065 -0.998  0.   ]
[INFO] [1790791200.410260, 392.689000]: [mission] fase "libera": whole-body assumiu (base livre, restrita pelo plano de exclusão)
[INFO] [1790791200.412720, 392.691000]: [mission] fase "libera": whole-body a 0.0268 m do alvo — eixo=-0.6 prof=+26.0 alt=+6.4 mm
[INFO] [1790791202.024871, 394.290000]: [mission] fase "libera" alcançada por whole-body em 1.6s (0.0032 m) — no frame da parede eixo=-0.8 prof=+2.9 alt=+1.1 mm (tolerância 40/8/6)
[INFO] [1790791202.750885, 394.999000]: [mission] fase "arco1"/puxa: RECUANDO 0.022 m só com as rodas
[INFO] [1790791203.260125, 395.500000]: [mission] fase "arco1"/puxa: concluído (0.023 m)
[INFO] [1790791203.261624, 395.501000]: [mission] fase "arco1": modo whole-body/Fuzzy (YAML)
[INFO] [1790791203.467854, 395.704000]: [mission] plano de exclusão publicado: parede em [ 2.000e-03  2.973e+00 -2.000e-03], normal segura [ 0.065 -0.998  0.   ]
[INFO] [1790791203.774589, 396.009000]: [mission] fase "arco1": whole-body assumiu (base livre, restrita pelo plano de exclusão)
[INFO] [1790791203.775982, 396.010000]: [mission] fase "arco1": whole-body a 0.0056 m do alvo — eixo=-0.7 prof=-2.3 alt=-5.1 mm
[INFO] [1790791204.176588, 396.409000]: [mission] fase "arco1" alcançada por whole-body em 0.4s (0.0036 m) — no frame da parede eixo=-0.6 prof=-0.4 alt=-3.6 mm (tolerância 40/10/15)
[INFO] [1790791204.178058, 396.410000]: [mission] arco1: SOLTURA observável — recuo 56.8 mm desde a captura (mín 40) com deriva de eixo +1.8 mm → SOLTA
[INFO] [1790791204.389910, 396.621000]: [mission] waypoint de 15° — lâmina medida em 19.2° (abertura por CONTATO)
[INFO] [1790791204.894398, 397.123000]: [mission] fase "arco2"/puxa: RECUANDO 0.048 m só com as rodas
[INFO] [1790791205.806278, 398.024000]: [mission] fase "arco2"/puxa: concluído (0.048 m)
[INFO] [1790791205.807277, 398.024000]: [mission] fase "arco2": modo whole-body/Fuzzy (YAML)
[INFO] [1790791206.010911, 398.226000]: [mission] plano de exclusão publicado: parede em [ 2.000e-03  2.973e+00 -2.000e-03], normal segura [ 0.065 -0.998  0.   ]
[INFO] [1790791206.317136, 398.532000]: [mission] fase "arco2": whole-body assumiu (base livre, restrita pelo plano de exclusão)
[INFO] [1790791206.318330, 398.533000]: [mission] fase "arco2": whole-body a 0.0177 m do alvo — eixo=-0.8 prof=-2.0 alt=-17.6 mm
[INFO] [1790791207.122359, 399.332000]: [mission] fase "arco2" alcançada por whole-body em 0.8s (0.0102 m) — no frame da parede eixo=+3.1 prof=-2.6 alt=-9.4 mm (tolerância 40/10/15)
[INFO] [1790791207.331825, 399.539000]: [mission] waypoint de 30° — lâmina medida em 33.3° (abertura por CONTATO)
[INFO] [1790791207.838934, 400.041000]: [mission] fase "desengata": modo IK iterativa (YAML)
[INFO] [1790791207.844139, 400.046000]: [mission] âncora engatada (fase "desengata")
[INFO] [1790791209.567519, 401.751000]: [mission] fase "desengata" it0: ponta (0.307, 2.769, 0.745) erro=0.0088 | degrau eixo 5.9° | rolagem 6.3° | IK pediu [-14.7 -20.9  -0.   76.2  81.2] | faltou [ 0.2  0.5 -2.1  0.4 -0. ] graus
[INFO] [1790791209.570041, 401.753000]: [mission] fase "desengata" alcançada em 1 iteração(ões) (0.0088 m)
[INFO] [1790791210.084707, 402.261000]: [mission] MANIPULATE concluída — chave ABERTA, lâmina medida em 33.4°
[INFO] [1790791210.086406, 402.262000]: State machine transitioning 'MANIPULATE':'done'-->'RETRACT'
[INFO] [1790791210.496934, 402.667000]: [mission] âncora engatada (fase "saida_sobe")
[INFO] [1790791212.146161, 404.271000]: [mission] fase "saida_sobe" it0: ponta (0.308, 2.777, 0.770) erro=0.0088 | degrau eixo 5.8° | rolagem 6.2° | IK pediu [-14.7 -17.9  -0.   74.2  81. ] | faltou [ 0.  -0.3 -0.3 -0.3  0. ] graus
[INFO] [1790791212.149038, 404.275000]: [mission] fase "saida_sobe" it0: no frame da parede eixo=+1.2 prof=+6.5 alt=+5.8 mm (tolerância 30/20/10)
[INFO] [1790791212.150652, 404.276000]: [mission] fase "saida_sobe" alcançada em 1 iteração(ões) (0.0088 m)
[INFO] [1790791212.154321, 404.280000]: [mission] âncora engatada (fase "saida_eixo")
[INFO] [1790791214.123217, 406.226000]: [mission] fase "saida_eixo" it0: ponta (0.428, 2.785, 0.769) erro=0.0099 | degrau eixo 12.5° | rolagem 13.4° | IK pediu [-23.9 -15.9  -0.   66.5  73.9] | faltou [ 0.1 -0.3 -0.4 -0.6 -0. ] graus
[INFO] [1790791214.128070, 406.231000]: [mission] fase "saida_eixo" it0: no frame da parede eixo=+1.5 prof=+6.9 alt=+6.9 mm (tolerância 20/20/15)
[INFO] [1790791214.131180, 406.235000]: [mission] fase "saida_eixo" alcançada em 1 iteração(ões) (0.0099 m)
[INFO] [1790791214.135749, 406.239000]: [mission] âncora engatada (fase "saida_fora")
[INFO] [1790791216.976514, 409.046000]: [mission] fase "saida_fora" it0: ponta (0.434, 2.684, 0.772) erro=0.0066 | degrau eixo 7.9° | rolagem 9.0° | IK pediu [-26.9 -21.   -0.   90.4  68. ] | faltou [ 0.1  0.  -0.9 -1.6 -0. ] graus
[INFO] [1790791216.978062, 409.048000]: [mission] fase "saida_fora" it0: no frame da parede eixo=+0.6 prof=+5.7 alt=+3.2 mm (tolerância 30/20/20)
[INFO] [1790791216.978939, 409.049000]: [mission] âncora solta — 1 correções de deriva
[INFO] [1790791216.979590, 409.049000]: [mission] fase "saida_fora" alcançada em 1 iteração(ões) (0.0066 m) — âncora corrigiu 1 vez(es)
[INFO] [1790791216.980206, 409.050000]: [mission] RETRACT/afasta: RECUANDO 0.250 m só com as rodas
[INFO] [1790791221.486057, 413.501000]: [mission] RETRACT/afasta: concluído (0.254 m)
[INFO] [1790791221.490018, 413.505000]: [mission] postura "stow_home" comandada: [0.0, 1.13, -1.04, -1.8, 0.0]
[INFO] [1790791232.951823, 424.809000]: State machine transitioning 'RETRACT':'ok'-->'RETURN'
[INFO] [1790791232.954016, 424.811000]: [mission] RETURN — voltando a (0.02, 1.00, 0.00 rad)
[INFO] [1790791244.294710, 436.012000]: [mission] RETURN: alinhado, avançando (1.15 m)
[INFO] [1790791244.345634, 436.062000]: [mission] teto por postura ativo no drive: v<=0.23 w<=0.50 rampa 0.51/1.52
[INFO] [1790791253.102478, 444.712000]: [mission] RETURN: chegou, ajustando heading final
[INFO] [1790791253.152773, 444.762000]: [mission] teto por postura ativo no drive: v<=0.23 w<=0.50 rampa 0.51/1.52
[INFO] [1790791259.561357, 451.112000]: [mission] RETURN: concluído
[INFO] [1790791259.562223, 451.113000]: State machine terminating 'RETURN':'home':'MISSION_OK'
[INFO] [1790791259.562861, 451.113000]: [mission] resultado: MISSION_OK
... logging to /home/marco/.ros/log/cfdb7cbc-bcf7-11f1-bfd5-b025aa85b2a2/roslaunch-shiroi-2060715.log
Checking log directory for disk usage. This may take a while.
Press Ctrl-C to interrupt
]2;/home/marco/b166er/src/b166er_whole_body_control/launch/chave_mission.launch
[1mstarted roslaunch server http://shiroi:44009/[0m

SUMMARY
========

PARAMETERS
 * /chave_mission/estado_final: 
 * /chave_mission/estado_inicial: STOW_INIT
 * /chave_mission/pausa_por_fase: False
 * /chave_mission/search_omega: 0.35
 * /chave_mission/standoff_distance: 0.62
 * /chave_mission/use_wholebody: False
 * /chave_seccionadora_task/aproxima_lateral/modo: ik
 * /chave_seccionadora_task/aproxima_lateral/offset_xyz_m: [-0.09, 0.0, 0.01]
 * /chave_seccionadora_task/aproxima_lateral/tol_xyz_m: [0.04, 0.008, 0.005]
 * /chave_seccionadora_task/arco1/blade_angle_deg: 15
 * /chave_seccionadora_task/arco1/deriva_eixo_max_m: 0.015
 * /chave_seccionadora_task/arco1/modo: wb
 * /chave_seccionadora_task/arco1/offset_xyz_m: [0.0, 0.0518, -0....
 * /chave_seccionadora_task/arco1/soltura_recuo_min_m: 0.04
 * /chave_seccionadora_task/arco1/tol_xyz_m: [0.04, 0.01, 0.015]
 * /chave_seccionadora_task/arco2/blade_angle_deg: 30
 * /chave_seccionadora_task/arco2/deriva_eixo_max_m: 0.015
 * /chave_seccionadora_task/arco2/modo: wb
 * /chave_seccionadora_task/arco2/offset_xyz_m: [0.0, 0.1, -0.0518]
 * /chave_seccionadora_task/arco2/tol_xyz_m: [0.04, 0.01, 0.015]
 * /chave_seccionadora_task/atravessa/modo: ik
 * /chave_seccionadora_task/atravessa/offset_xyz_m: [-0.008, 0.0, 0.01]
 * /chave_seccionadora_task/atravessa/tol_xyz_m: [0.008, 0.006, 0....
 * /chave_seccionadora_task/captura/modo: ik
 * /chave_seccionadora_task/captura/offset_xyz_m: [0.0, 0.0, -0.01]
 * /chave_seccionadora_task/captura/tol_xyz_m: [0.04, 0.006, 0.01]
 * /chave_seccionadora_task/desengata/modo: ik
 * /chave_seccionadora_task/desengata/offset_xyz_m: [-0.09, 0.1, -0.0...
 * /chave_seccionadora_task/destrava/curso_estagna_m: 0.01
 * /chave_seccionadora_task/destrava/curso_margem_m: 0.002
 * /chave_seccionadora_task/destrava/curso_min_m: 0.018
 * /chave_seccionadora_task/destrava/modo: wb
 * /chave_seccionadora_task/destrava/offset_xyz_m: [0.0, 0.0, -0.025]
 * /chave_seccionadora_task/destrava/tol_xyz_m: [0.04, 0.006, 0.004]
 * /chave_seccionadora_task/libera/deriva_eixo_max_m: 0.015
 * /chave_seccionadora_task/libera/modo: wb
 * /chave_seccionadora_task/libera/offset_xyz_m: [0.0, 0.03, -0.025]
 * /chave_seccionadora_task/libera/tol_xyz_m: [0.04, 0.008, 0.006]
 * /chave_seccionadora_task/orienta/modo: ik
 * /chave_seccionadora_task/orienta/offset_xyz_m: [-0.09, 0.15, 0.0...
 * /chave_seccionadora_task/reassenta_sobe/tol_xyz_m: [0.03, 0.02, 0.005]
 * /chave_seccionadora_task/saida_eixo/tol_xyz_m: [0.02, 0.02, 0.015]
 * /chave_seccionadora_task/saida_fora/tol_xyz_m: [0.03, 0.02, 0.02]
 * /chave_seccionadora_task/saida_sobe/tol_xyz_m: [0.03, 0.02, 0.01]
 * /chave_seccionadora_task/target_frame: chave_olhal_link
 * /fuzzy_wb_controller/fixed_gains: []
 * /rosdistro: noetic
 * /rosversion: 1.17.4

NODES
  /
    chave_mission (b166er_whole_body_control/chave_mission.py)

[1mROS_MASTER_URI=http://localhost:11311[0m
]2;/home/marco/b166er/src/b166er_whole_body_control/launch/chave_mission.launch http://localhost:11311
[1mprocess[chave_mission-1]: started with pid [2060761][0m
[1m[chave_mission-1] process has finished cleanly
log file: /home/marco/.ros/log/cfdb7cbc-bcf7-11f1-bfd5-b025aa85b2a2/chave_mission-1*.log[0m
all processes on machine have died, roslaunch will exit
shutting down processing monitor...
... shutting down processing monitor complete
[1mdone[0m
