[31mWARNING: disk usage in log directory [/home/marco/.ros/log] is over 1GB.
It's recommended that you use the 'rosclean' command.[0m
the rosdep view is empty: call 'sudo rosdep init' and 'rosdep update'
[WARN] [1791404127.244395, 976.335000]: [mission] SEARCH: 7 de 25 amostras descartadas como outlier (>0.15 m ou >0.20 rad da mediana)
[WARN] [1791404127.299770, 976.390000]: [mission] SEARCH: laser com só 16 pontos de parede (mín 30) — parede fica pela tag
[INFO] [1791404097.820759, 0.000000]: garra_dx = 0.000 m (fechada)
[INFO] [1791404097.921094, 947.506000]: State machine starting in initial state 'STOW_INIT' with userdata: 
	[]
[INFO] [1791404098.124601, 947.707000]: [mission] pose de partida registrada: (0.00, 1.00, 0.00 rad)
[INFO] [1791404098.126098, 947.708000]: [mission] postura "stow_home" comandada: [0.0, 1.1, -1.04, -1.8, 0.0]
[INFO] [1791404101.980328, 951.509000]: State machine transitioning 'STOW_INIT':'ok'-->'SEARCH'
[INFO] [1791404101.982206, 951.510000]: [mission] postura "search" comandada: [0.0, 1.0, -1.0, 0.0, 0.0]
[INFO] [1791404109.523759, 958.912000]: [mission] SEARCH — girando à procura da tag...
[INFO] [1791404109.525314, 958.913000]: [mission] SEARCH: amostra quando a tag estiver a raio 0.35-0.50 do quadro (vista oblíqua; omega fina 0.15 rad/s)
[INFO] [1791404111.305929, 960.665000]: [mission] SEARCH: tag a raio 0.88 — girando até <= 0.50
[INFO] [1791404117.971040, 967.216000]: [mission] SEARCH: tag a raio 0.50 — parando
[INFO] [1791404117.972230, 967.217000]: [mission] tag avistada — parando para medir
[INFO] [1791404119.009624, 968.224000]: [mission] âncora engatada (coleta do SEARCH)
[INFO] [1791404119.011740, 968.226000]: [mission] SEARCH: coleta com dither ±0.05 rad/s (período 3.0 s)
[INFO] [1791404127.235485, 976.326000]: [mission] âncora solta — 13 correções de deriva
[INFO] [1791404127.236485, 976.327000]: [mission] SEARCH: âncora corrigiu a deriva 13 vez(es) durante a coleta
[INFO] [1791404127.245432, 976.336000]: [mission] SEARCH: 18 amostras — parede (0.020, 2.895, -0.001) yaw=-2.847
[INFO] [1791404127.302946, 976.393000]: [mission] parede localizada em (0.020, 2.895, -0.001)
[INFO] [1791404127.314187, 976.403000]: State machine transitioning 'SEARCH':'found'-->'APPROACH'
[INFO] [1791404127.316916, 976.405000]: [mission] APPROACH etapa 1/2 — 1.30 m do olhal, alvo (0.63, 1.59, 1.87 rad)
[INFO] [1791404127.320014, 976.408000]: [mission] APPROACH: alinhado, avançando (0.88 m)
[INFO] [1791404127.369951, 976.458000]: [mission] teto por postura ativo no drive: v<=0.18 w<=0.50 rampa 0.46/1.51
[INFO] [1791404134.384674, 983.358000]: [mission] APPROACH: chegou, ajustando heading final
[INFO] [1791404134.434706, 983.408000]: [mission] teto por postura ativo no drive: v<=0.18 w<=0.50 rampa 0.46/1.51
[INFO] [1791404138.451904, 987.359000]: [mission] APPROACH: concluído
[INFO] [1791404139.476399, 988.364000]: [mission] âncora engatada (coleta do APPROACH/remedida)
[INFO] [1791404139.479307, 988.367000]: [mission] APPROACH/remedida: coleta com dither ±0.05 rad/s (período 3.0 s)
[INFO] [1791404140.635741, 989.489000]: [mission] âncora solta — 1 correções de deriva
[INFO] [1791404140.637738, 989.491000]: [mission] APPROACH/remedida: âncora corrigiu a deriva 1 vez(es) durante a coleta
[INFO] [1791404140.639484, 989.492000]: [mission] APPROACH/remedida: 10 amostras — parede (0.003, 3.014, -0.001) yaw=3.105
[INFO] [1791404140.692713, 989.545000]: [mission] APPROACH/remedida: parede pelo LASER — 63 pontos, resíduo 5.3 mm: profundidade +14.5 mm e yaw +2.11° em relação à tag → parede (0.003, 2.999, -0.001) yaw=3.141
[INFO] [1791404140.694691, 989.547000]: [mission] APPROACH etapa 2/2 — 0.88 m do olhal, alvo (0.37, 1.99, 1.57 rad)
[INFO] [1791404142.645631, 991.448000]: [mission] APPROACH: alinhado, avançando (0.59 m)
[INFO] [1791404142.697053, 991.498000]: [mission] teto por postura ativo no drive: v<=0.18 w<=0.50 rampa 0.46/1.51
[INFO] [1791404147.703079, 996.401000]: [mission] APPROACH: chegou, ajustando heading final
[INFO] [1791404150.959969, 999.599000]: [mission] APPROACH: concluído
[INFO] [1791404150.970521, 999.608000]: State machine transitioning 'APPROACH':'arrived'-->'REFINE'
[INFO] [1791404150.972247, 999.610000]: [mission] REFINE — remedindo a parede de perto (10 amostras)
[INFO] [1791404150.976027, 999.614000]: [mission] âncora engatada (coleta do REFINE)
[INFO] [1791404150.977844, 999.616000]: [mission] REFINE: coleta com dither ±0.05 rad/s (período 3.0 s)
[INFO] [1791404152.132016, 1000.741000]: [mission] âncora solta — 1 correções de deriva
[INFO] [1791404152.134286, 1000.744000]: [mission] REFINE: âncora corrigiu a deriva 1 vez(es) durante a coleta
[INFO] [1791404152.137087, 1000.746000]: [mission] REFINE: 10 amostras — parede (0.001, 3.002, -0.000) yaw=3.130
[INFO] [1791404152.191500, 1000.800000]: [mission] REFINE: parede pelo LASER — 94 pontos, resíduo 4.7 mm: profundidade +2.8 mm e yaw +0.64° em relação à tag → parede (0.001, 2.999, -0.000) yaw=-3.142
[INFO] [1791404152.196396, 1000.804000]: [mission] REFINE: deslocou 0.002 m da estimativa anterior
[INFO] [1791404152.199387, 1000.807000]: [mission] olhal estimado em (0.201, 2.869, 0.805)
[INFO] [1791404152.208953, 1000.816000]: State machine transitioning 'REFINE':'ok'-->'DEPLOY'
[INFO] [1791404152.211499, 1000.819000]: [mission] DEPLOY: IK resolvida para a POSE DE MANIPULAÇÃO (0.20, 2.25, 1.57 rad), não para a atual
[INFO] [1791404157.097718, 1002.790000]: [mission] DEPLOY: IK nivelada 0.0709 m, só eixo 0.0014 m — a MISSÃO INTEIRA usa "eixo"
[INFO] [1791404157.102782, 1005.680000]: [mission] DEPLOY: IK da ponta resolvida (resíduo 0.0014 m, degrau 0.4°) — pré-posicionando em [-10.9 -46.4  60.   78.5 -10.9] graus
[INFO] [1791404165.465990, 1013.883000]: [mission] plano de exclusão publicado: parede em [ 1.000e-03  2.999e+00 -0.000e+00], normal segura [ 0. -1.  0.]
[INFO] [1791404165.679526, 1014.090000]: [mission] teto por postura ativo no drive: v<=0.25 w<=0.50 rampa 0.54/1.61
[INFO] [1791404167.123872, 1015.489000]: [mission] DEPLOY/aproxima: alinhado, avançando (0.34 m)
[INFO] [1791404170.905467, 1019.189000]: [mission] DEPLOY/aproxima: chegou, ajustando heading final
[INFO] [1791404174.419513, 1022.639000]: [mission] DEPLOY/aproxima: concluído
[INFO] [1791404174.421066, 1022.640000]: State machine transitioning 'DEPLOY':'ok'-->'MANIPULATE'
[INFO] [1791404174.423251, 1022.642000]: [mission] fase "orienta": modo IK iterativa (YAML)
[INFO] [1791404174.429056, 1022.648000]: [mission] âncora engatada (fase "orienta")
[INFO] [1791404177.097534, 1025.257000]: [mission] fase "orienta" it0: ponta (0.292, 2.723, 0.812) erro=0.0044 | degrau eixo 0.1° | rolagem 0.1° | IK pediu [-15.7 -42.9  53.5  78.7 -12. ] | faltou [0. 0. 0. 0. 0.] graus
[INFO] [1791404177.101970, 1025.261000]: [mission] fase "orienta" alcançada em 1 iteração(ões) (0.0044 m)
[INFO] [1791404177.624279, 1025.772000]: [mission] fase "aproxima_lateral": modo IK iterativa (YAML)
[INFO] [1791404177.628408, 1025.776000]: [mission] âncora engatada (fase "aproxima_lateral")
[INFO] [1791404182.760617, 1030.782000]: [mission] fase "aproxima_lateral" it0: ponta (0.291, 2.865, 0.813) erro=0.0039 | degrau eixo 2.9° | rolagem 2.9° | IK pediu [-13.1 -15.4   0.3  87.2  -8.9] | faltou [0. 0. 0. 0. 0.] graus
[INFO] [1791404182.763055, 1030.784000]: [mission] fase "aproxima_lateral" it0: no frame da parede eixo=-0.2 prof=+3.5 alt=+1.6 mm (tolerância 40/8/5)
[INFO] [1791404182.764332, 1030.786000]: [mission] âncora solta — 1 correções de deriva
[INFO] [1791404182.765718, 1030.787000]: [mission] fase "aproxima_lateral" alcançada em 1 iteração(ões) (0.0039 m) — âncora corrigiu 1 vez(es)
[INFO] [1791404183.286890, 1031.293000]: [mission] fase "atravessa": modo IK iterativa (YAML)
[INFO] [1791404183.292175, 1031.298000]: [mission] âncora engatada (fase "atravessa")
[INFO] [1791404189.140224, 1037.002000]: [mission] fase "atravessa" it0: ponta (0.229, 2.861, 0.815) erro=0.0196 | degrau eixo 0.6° | rolagem 0.6° | IK pediu [ -5.7 -16.    0.8  89.3  -2. ] | faltou [-1.8 -1.7  3.8 -2.1 -0.1] graus
[INFO] [1791404189.145468, 1037.007000]: [mission] fase "atravessa" it0: no frame da parede eixo=+19.6 prof=+0.0 alt=+0.2 mm (tolerância 8/6/5)
[INFO] [1791404194.247424, 1041.968000]: [mission] fase "atravessa" it1: ponta (0.229, 2.856, 0.817) erro=0.0206 | degrau eixo 0.2° | rolagem 0.1° | IK pediu [ -4.3 -17.8   4.7  87.7  -0.6] | faltou [-3.2 -1.3  2.8 -1.6  0.9] graus
[INFO] [1791404194.252150, 1041.973000]: [mission] fase "atravessa" it1: no frame da parede eixo=+19.8 prof=-5.3 alt=-1.9 mm (tolerância 8/6/5)
[WARN] [1791404194.255428, 1041.977000]: [mission] fase "atravessa" it1: ponta não avança (erro 19.6 → 20.6 mm) e o J1 fica mais aquém (-1.8 → -3.2°) — contato provável; recuo 1/2: 20 mm pelo eixo, 5 mm para baixo, e o alvo desce 5 mm
[WARN] [1791404206.835392, 1054.232000]: [mission] fase "destrava": descida estagnou em 15.7 mm (mín 10 para aceitar; alvo 18) — fim de curso do mecanismo, fechando a fase
[WARN] [1791404207.053505, 1054.443000]: [mission] destrava: lingueta em 10.4 mm (esperado ≥ 12) — o gatilho pode não ter soltado
[WARN] [1791404220.373063, 1067.477000]: [mission] RETRACT: ponta a 0.138 m do olhal — saindo em degraus: sobe 30 mm, 120 mm pelo eixo do furo, 100 mm para fora, antes de recolher
[INFO] [1791404200.547603, 1048.083000]: [mission] fase "atravessa" it1: ponta (0.209, 2.861, 0.810) erro=0.0008 | degrau eixo 0.6° | rolagem 0.6° | IK pediu [ -5.8 -16.8   1.2  89.8  -2. ] | faltou [0. 0. 0. 0. 0.] graus
[INFO] [1791404200.550639, 1048.087000]: [mission] fase "atravessa" it1: no frame da parede eixo=-0.7 prof=-0.4 alt=+0.0 mm (tolerância 8/6/5)
[INFO] [1791404200.554281, 1048.089000]: [mission] âncora solta — 5 correções de deriva
[INFO] [1791404200.556872, 1048.092000]: [mission] fase "atravessa" alcançada em 2 iteração(ões) (0.0008 m) — âncora corrigiu 5 vez(es) — 1 recuo(s) por contato
[INFO] [1791404201.084299, 1048.599000]: [mission] fase "captura": modo IK iterativa (YAML)
[INFO] [1791404201.091422, 1048.605000]: [mission] âncora engatada (fase "captura")
[INFO] [1791404203.557287, 1051.013000]: [mission] fase "captura" it0: ponta (0.208, 2.870, 0.794) erro=0.0073 | degrau eixo 0.4° | rolagem 0.4° | IK pediu [ -5.  -18.    0.4  89.3  -1.3] | faltou [-0.7 -0.1  0.1  0.1  0.1] graus
[INFO] [1791404203.560100, 1051.016000]: [mission] fase "captura" it0: no frame da parede eixo=+7.2 prof=+0.6 alt=+1.0 mm (tolerância 40/6/10)
[INFO] [1791404203.561826, 1051.018000]: [mission] fase "captura" alcançada em 1 iteração(ões) (0.0073 m)
[INFO] [1791404203.568484, 1051.024000]: [mission] captura: ponta registrada em eixo=-7.2 prof=-0.6 alt=-11.0 mm (zero da descida do destrava e da deriva de eixo)
[INFO] [1791404204.077950, 1051.526000]: [mission] fase "destrava": alvo em altura relativo à captura: -31.0 mm (captura -11.0 − curso 18 − margem 2)
[INFO] [1791404204.079430, 1051.527000]: [mission] fase "destrava": modo whole-body/Fuzzy (YAML)
[INFO] [1791404204.283602, 1051.728000]: [mission] plano de exclusão publicado: parede em [ 1.000e-03  2.999e+00 -0.000e+00], normal segura [ 0. -1.  0.]
[INFO] [1791404204.593049, 1052.031000]: [mission] fase "destrava": whole-body assumiu (base livre, restrita pelo plano de exclusão)
[INFO] [1791404204.594471, 1052.032000]: [mission] fase "destrava": whole-body a 0.0187 m do alvo — eixo=+7.2 prof=-0.1 alt=-17.3 mm
[INFO] [1791404206.732494, 1054.132000]: [mission] fase "destrava": whole-body a 0.0096 m do alvo — eixo=+7.1 prof=-4.7 alt=-4.4 mm
[INFO] [1791404207.051659, 1054.442000]: [mission] destrava: ponta desceu 15.8 mm desde a captura (critério observável) | lingueta 10.4 mm (só na simulação)
[INFO] [1791404207.584378, 1054.946000]: [mission] fase "libera": modo whole-body/Fuzzy (YAML)
[INFO] [1791404207.789166, 1055.148000]: [mission] plano de exclusão publicado: parede em [ 1.000e-03  2.999e+00 -0.000e+00], normal segura [ 0. -1.  0.]
[INFO] [1791404208.093452, 1055.451000]: [mission] fase "libera": whole-body assumiu (base livre, restrita pelo plano de exclusão)
[INFO] [1791404208.798555, 1056.152000]: [mission] fase "libera": whole-body a 0.0246 m do alvo — eixo=+7.2 prof=+23.1 alt=+4.7 mm
[INFO] [1791404210.615259, 1057.953000]: [mission] fase "libera" alcançada por whole-body em 2.5s (0.0073 m) — no frame da parede eixo=+7.1 prof=+0.2 alt=+1.2 mm (tolerância 40/8/6)
[INFO] [1791404211.359082, 1058.659000]: [mission] fase "arco1"/puxa: RECUANDO 0.022 m só com as rodas
[INFO] [1791404211.832278, 1059.111000]: [mission] fase "arco1"/puxa: concluído (0.024 m)
[INFO] [1791404211.834122, 1059.113000]: [mission] fase "arco1": modo whole-body/Fuzzy (YAML)
[INFO] [1791404212.047017, 1059.314000]: [mission] plano de exclusão publicado: parede em [ 1.000e-03  2.999e+00 -0.000e+00], normal segura [ 0. -1.  0.]
[INFO] [1791404212.359915, 1059.617000]: [mission] fase "arco1": whole-body assumiu (base livre, restrita pelo plano de exclusão)
[INFO] [1791404212.361450, 1059.618000]: [mission] fase "arco1": whole-body a 0.0075 m do alvo — eixo=+7.1 prof=-1.7 alt=-1.6 mm
[INFO] [1791404212.767061, 1060.018000]: [mission] fase "arco1" alcançada por whole-body em 0.4s (0.0076 m) — no frame da parede eixo=+7.1 prof=-1.9 alt=-2.0 mm (tolerância 40/10/15)
[INFO] [1791404212.768479, 1060.020000]: [mission] arco1: SOLTURA observável — recuo 54.3 mm desde a captura (mín 40) com deriva de eixo +0.1 mm → SOLTA
[INFO] [1791404212.977203, 1060.226000]: [mission] waypoint de 15° — lâmina medida em 15.6° (abertura por CONTATO)
[INFO] [1791404213.484935, 1060.727000]: [mission] fase "arco2"/puxa: RECUANDO 0.048 m só com as rodas
[INFO] [1791404214.434291, 1061.629000]: [mission] fase "arco2"/puxa: concluído (0.050 m)
[INFO] [1791404214.435104, 1061.630000]: [mission] fase "arco2": modo whole-body/Fuzzy (YAML)
[INFO] [1791404214.629138, 1061.832000]: [mission] plano de exclusão publicado: parede em [ 1.000e-03  2.999e+00 -0.000e+00], normal segura [ 0. -1.  0.]
[INFO] [1791404214.933815, 1062.138000]: [mission] fase "arco2": whole-body assumiu (base livre, restrita pelo plano de exclusão)
[INFO] [1791404214.935030, 1062.139000]: [mission] fase "arco2": whole-body a 0.0139 m do alvo — eixo=+7.1 prof=+5.7 alt=-10.5 mm
[INFO] [1791404215.340546, 1062.538000]: [mission] fase "arco2" alcançada por whole-body em 0.4s (0.0098 m) — no frame da parede eixo=+7.1 prof=-1.7 alt=-6.5 mm (tolerância 40/10/15)
[INFO] [1791404215.563114, 1062.752000]: [mission] waypoint de 30° — lâmina medida em 31.5° (abertura por CONTATO)
[INFO] [1791404216.077365, 1063.255000]: [mission] fase "desengata": modo IK iterativa (YAML)
[INFO] [1791404216.079913, 1063.257000]: [mission] âncora engatada (fase "desengata")
[INFO] [1791404219.438954, 1066.560000]: [mission] fase "desengata" it0: ponta (0.287, 2.774, 0.752) erro=0.0062 | degrau eixo 3.0° | rolagem 3.1° | IK pediu [-12.6 -23.    0.   93.8  -8.7] | faltou [ 0.4 -0.1 -0.1 -0.1 -0.2] graus
[INFO] [1791404219.440080, 1066.561000]: [mission] âncora solta — 1 correções de deriva
[INFO] [1791404219.440884, 1066.562000]: [mission] fase "desengata" alcançada em 1 iteração(ões) (0.0062 m) — âncora corrigiu 1 vez(es)
[INFO] [1791404219.959626, 1067.071000]: [mission] MANIPULATE concluída — chave ABERTA, lâmina medida em 31.7°
[INFO] [1791404219.962134, 1067.073000]: State machine transitioning 'MANIPULATE':'done'-->'RETRACT'
[INFO] [1791404220.379820, 1067.483000]: [mission] âncora engatada (fase "saida_sobe")
[INFO] [1791404222.942822, 1069.990000]: [mission] fase "saida_sobe" it0: ponta (0.287, 2.781, 0.779) erro=0.0063 | degrau eixo 2.6° | rolagem 2.6° | IK pediu [-12.3 -19.5   0.   92.4  -8.5] | faltou [0. 0. 0. 0. 0.] graus
[INFO] [1791404222.945467, 1069.992000]: [mission] fase "saida_sobe" it0: no frame da parede eixo=-0.4 prof=+5.3 alt=+3.3 mm (tolerância 30/20/10)
[INFO] [1791404222.948492, 1069.995000]: [mission] fase "saida_sobe" alcançada em 1 iteração(ões) (0.0063 m)
[INFO] [1791404222.956149, 1070.002000]: [mission] âncora engatada (fase "saida_eixo")
[INFO] [1791404226.218620, 1073.208000]: [mission] fase "saida_eixo" it0: ponta (0.401, 2.782, 0.782) erro=0.0087 | degrau eixo 7.1° | rolagem 7.2° | IK pediu [-22.8 -18.4   0.   86.4 -18.1] | faltou [ 0.3  0.1 -0.1 -0.3  0. ] graus
[INFO] [1791404226.219666, 1073.209000]: [mission] fase "saida_eixo" it0: no frame da parede eixo=-6.1 prof=+6.2 alt=+0.0 mm (tolerância 20/20/15)
[INFO] [1791404226.220406, 1073.210000]: [mission] âncora solta — 1 correções de deriva
[INFO] [1791404226.220926, 1073.210000]: [mission] fase "saida_eixo" alcançada em 1 iteração(ões) (0.0087 m) — âncora corrigiu 1 vez(es)
[INFO] [1791404226.222572, 1073.212000]: [mission] âncora engatada (fase "saida_fora")
[INFO] [1791404229.633283, 1076.554000]: [mission] fase "saida_fora" it0: ponta (0.405, 2.678, 0.781) erro=0.0035 | degrau eixo 1.3° | rolagem 1.3° | IK pediu [-26.5 -21.2   0.  107.8 -22.9] | faltou [0. 0. 0. 0. 0.] graus
[INFO] [1791404229.636340, 1076.558000]: [mission] fase "saida_fora" it0: no frame da parede eixo=-1.7 prof=+3.0 alt=+0.6 mm (tolerância 30/20/20)
[INFO] [1791404229.637527, 1076.559000]: [mission] âncora solta — 1 correções de deriva
[INFO] [1791404229.638654, 1076.560000]: [mission] fase "saida_fora" alcançada em 1 iteração(ões) (0.0035 m) — âncora corrigiu 1 vez(es)
[INFO] [1791404229.640008, 1076.562000]: [mission] RETRACT/afasta: RECUANDO 0.250 m só com as rodas
[INFO] [1791404234.161814, 1081.012000]: [mission] RETRACT/afasta: concluído (0.254 m)
[INFO] [1791404234.165185, 1081.015000]: [mission] postura "stow_home" comandada: [0.0, 1.1, -1.04, -1.8, 0.0]
[INFO] [1791404250.990235, 1097.518000]: State machine transitioning 'RETRACT':'ok'-->'RETURN'
[INFO] [1791404250.992240, 1097.519000]: [mission] RETURN — voltando a (0.00, 1.00, 0.00 rad)
[INFO] [1791404262.532498, 1108.820000]: [mission] RETURN: alinhado, avançando (1.20 m)
[INFO] [1791404262.576291, 1108.870000]: [mission] teto por postura ativo no drive: v<=0.24 w<=0.50 rampa 0.53/1.51
[INFO] [1791404271.787363, 1117.920000]: [mission] RETURN: chegou, ajustando heading final
[INFO] [1791404271.838478, 1117.970000]: [mission] teto por postura ativo no drive: v<=0.24 w<=0.50 rampa 0.53/1.51
[INFO] [1791404279.236761, 1125.220000]: [mission] RETURN: concluído
[INFO] [1791404279.239511, 1125.223000]: State machine terminating 'RETURN':'home':'MISSION_OK'
[INFO] [1791404279.241933, 1125.225000]: [mission] resultado: MISSION_OK
... logging to /home/marco/.ros/log/7ed34c18-c289-11f1-b856-b025aa85b2a2/roslaunch-shiroi-3484702.log
Checking log directory for disk usage. This may take a while.
Press Ctrl-C to interrupt
]2;/home/marco/b166er/src/b166er_whole_body_control/launch/chave_mission.launch
[1mstarted roslaunch server http://shiroi:37661/[0m

SUMMARY
========

PARAMETERS
 * /chave_mission/estado_final: 
 * /chave_mission/estado_inicial: STOW_INIT
 * /chave_mission/pausa_por_fase: False
 * /chave_mission/search_omega: 0.35
 * /chave_mission/standoff_distance: 0.62
 * /chave_mission/use_wholebody: False
 * /chave_seccionadora_task/aproxima_lateral/modo: ik
 * /chave_seccionadora_task/aproxima_lateral/offset_xyz_m: [-0.09, 0.008, 0.01]
 * /chave_seccionadora_task/aproxima_lateral/tol_xyz_m: [0.04, 0.008, 0.005]
 * /chave_seccionadora_task/arco1/blade_angle_deg: 15
 * /chave_seccionadora_task/arco1/deriva_eixo_max_m: 0.015
 * /chave_seccionadora_task/arco1/modo: wb
 * /chave_seccionadora_task/arco1/offset_xyz_m: [0.0, 0.0518, -0....
 * /chave_seccionadora_task/arco1/soltura_recuo_min_m: 0.04
 * /chave_seccionadora_task/arco1/tol_xyz_m: [0.04, 0.01, 0.015]
 * /chave_seccionadora_task/arco2/blade_angle_deg: 30
 * /chave_seccionadora_task/arco2/deriva_eixo_max_m: 0.015
 * /chave_seccionadora_task/arco2/modo: wb
 * /chave_seccionadora_task/arco2/offset_xyz_m: [0.0, 0.1, -0.0518]
 * /chave_seccionadora_task/arco2/tol_xyz_m: [0.04, 0.01, 0.015]
 * /chave_seccionadora_task/atravessa/modo: ik
 * /chave_seccionadora_task/atravessa/offset_xyz_m: [-0.008, 0.008, 0...
 * /chave_seccionadora_task/atravessa/tol_xyz_m: [0.008, 0.006, 0....
 * /chave_seccionadora_task/captura/modo: ik
 * /chave_seccionadora_task/captura/offset_xyz_m: [0.0, 0.0, -0.01]
 * /chave_seccionadora_task/captura/tol_xyz_m: [0.04, 0.006, 0.01]
 * /chave_seccionadora_task/desengata/modo: ik
 * /chave_seccionadora_task/desengata/offset_xyz_m: [-0.09, 0.1, -0.0...
 * /chave_seccionadora_task/destrava/curso_estagna_m: 0.01
 * /chave_seccionadora_task/destrava/curso_margem_m: 0.002
 * /chave_seccionadora_task/destrava/curso_min_m: 0.018
 * /chave_seccionadora_task/destrava/curso_teto_m: 0.022
 * /chave_seccionadora_task/destrava/modo: wb
 * /chave_seccionadora_task/destrava/offset_xyz_m: [0.0, 0.0, -0.025]
 * /chave_seccionadora_task/destrava/tol_xyz_m: [0.04, 0.006, 0.004]
 * /chave_seccionadora_task/libera/deriva_eixo_max_m: 0.015
 * /chave_seccionadora_task/libera/modo: wb
 * /chave_seccionadora_task/libera/offset_xyz_m: [0.0, 0.03, -0.025]
 * /chave_seccionadora_task/libera/tol_xyz_m: [0.04, 0.008, 0.006]
 * /chave_seccionadora_task/orienta/modo: ik
 * /chave_seccionadora_task/orienta/offset_xyz_m: [-0.09, 0.15, 0.0...
 * /chave_seccionadora_task/reassenta_sobe/tol_xyz_m: [0.03, 0.02, 0.005]
 * /chave_seccionadora_task/saida_eixo/tol_xyz_m: [0.02, 0.02, 0.015]
 * /chave_seccionadora_task/saida_fora/tol_xyz_m: [0.03, 0.02, 0.02]
 * /chave_seccionadora_task/saida_sobe/tol_xyz_m: [0.03, 0.02, 0.01]
 * /chave_seccionadora_task/target_frame: chave_olhal_link
 * /fuzzy_wb_controller/fixed_gains: []
 * /rosdistro: noetic
 * /rosversion: 1.17.4

NODES
  /
    chave_mission (b166er_whole_body_control/chave_mission.py)

[1mROS_MASTER_URI=http://localhost:11311[0m
]2;/home/marco/b166er/src/b166er_whole_body_control/launch/chave_mission.launch http://localhost:11311
[1mprocess[chave_mission-1]: started with pid [3484746][0m
[1m[chave_mission-1] process has finished cleanly
log file: /home/marco/.ros/log/7ed34c18-c289-11f1-b856-b025aa85b2a2/chave_mission-1*.log[0m
all processes on machine have died, roslaunch will exit
shutting down processing monitor...
... shutting down processing monitor complete
[1mdone[0m
