[31mWARNING: disk usage in log directory [/home/marco/.ros/log] is over 1GB.
It's recommended that you use the 'rosclean' command.[0m
the rosdep view is empty: call 'sudo rosdep init' and 'rosdep update'
[WARN] [1790794616.036504, 1109.383000]: [mission] SEARCH: 9 de 25 amostras descartadas como outlier (>0.15 m ou >0.20 rad da mediana)
[INFO] [1790794591.665377, 1085.379000]: garra_dx = 0.000 m (fechada)
[INFO] [1790794591.733650, 1085.447000]: State machine starting in initial state 'STOW_INIT' with userdata: 
	[]
[INFO] [1790794592.040257, 1085.748000]: [mission] pose de partida registrada: (0.02, 1.00, -0.03 rad)
[INFO] [1790794592.041815, 1085.750000]: [mission] postura "stow_home" comandada: [0.0, 1.13, -1.04, -1.8, 0.0]
[INFO] [1790794592.143872, 1085.851000]: State machine transitioning 'STOW_INIT':'ok'-->'SEARCH'
[INFO] [1790794592.147645, 1085.855000]: [mission] postura "search" comandada: [0.0, 1.0, -1.0, 0.0, 0.0]
[INFO] [1790794598.241340, 1091.857000]: [mission] SEARCH — girando à procura da tag...
[INFO] [1790794598.242448, 1091.858000]: [mission] SEARCH: amostra quando a tag estiver a raio 0.35-0.50 do quadro (vista oblíqua; omega fina 0.15 rad/s)
[INFO] [1790794599.821972, 1093.409000]: [mission] SEARCH: tag a raio 0.92 — girando até <= 0.50
[INFO] [1790794605.601152, 1099.109000]: [mission] SEARCH: tag a raio 0.50 — parando
[INFO] [1790794605.602982, 1099.110000]: [mission] tag avistada — parando para medir
[INFO] [1790794606.632333, 1100.122000]: [mission] âncora engatada (coleta do SEARCH)
[INFO] [1790794606.635033, 1100.124000]: [mission] SEARCH: coleta com dither ±0.05 rad/s (período 3.0 s)
[INFO] [1790794616.016999, 1109.364000]: [mission] âncora solta — 15 correções de deriva
[INFO] [1790794616.019392, 1109.367000]: [mission] SEARCH: âncora corrigiu a deriva 15 vez(es) durante a coleta
[INFO] [1790794616.037422, 1109.384000]: [mission] SEARCH: 16 amostras — parede (0.026, 3.110, -0.003) yaw=2.881
[INFO] [1790794616.038121, 1109.385000]: [mission] parede localizada em (0.026, 3.110, -0.003)
[INFO] [1790794616.041334, 1109.388000]: State machine transitioning 'SEARCH':'found'-->'APPROACH'
[INFO] [1790794616.042317, 1109.389000]: [mission] APPROACH etapa 1/2 — 1.30 m do olhal, alvo (-0.15, 1.68, 1.31 rad)
[INFO] [1790794616.043338, 1109.390000]: [mission] teto por postura ativo no drive: v<=0.17 w<=0.50 rampa 0.45/1.52
[INFO] [1790794620.691084, 1113.990000]: [mission] APPROACH: alinhado, avançando (0.86 m)
[INFO] [1790794627.634765, 1120.840000]: [mission] APPROACH: chegou, ajustando heading final
[INFO] [1790794627.686007, 1120.890000]: [mission] teto por postura ativo no drive: v<=0.17 w<=0.50 rampa 0.45/1.52
[INFO] [1790794631.228998, 1124.390000]: [mission] APPROACH: concluído
[INFO] [1790794632.244706, 1125.392000]: [mission] âncora engatada (coleta do APPROACH/remedida)
[INFO] [1790794632.245650, 1125.393000]: [mission] APPROACH/remedida: coleta com dither ±0.05 rad/s (período 3.0 s)
[INFO] [1790794633.393682, 1126.521000]: [mission] âncora solta — 2 correções de deriva
[INFO] [1790794633.395835, 1126.523000]: [mission] APPROACH/remedida: âncora corrigiu a deriva 2 vez(es) durante a coleta
[INFO] [1790794633.398621, 1126.525000]: [mission] APPROACH/remedida: 10 amostras — parede (-0.002, 2.980, 0.000) yaw=-3.110
[INFO] [1790794633.400372, 1126.527000]: [mission] APPROACH etapa 2/2 — 0.88 m do olhal, alvo (0.40, 1.98, 1.60 rad)
[INFO] [1790794633.402515, 1126.529000]: [mission] teto por postura ativo no drive: v<=0.17 w<=0.50 rampa 0.45/1.51
[INFO] [1790794636.696553, 1129.779000]: [mission] APPROACH: alinhado, avançando (0.70 m)
[INFO] [1790794642.790491, 1135.779000]: [mission] APPROACH: chegou, ajustando heading final
[INFO] [1790794642.841884, 1135.829000]: [mission] teto por postura ativo no drive: v<=0.17 w<=0.50 rampa 0.45/1.51
[INFO] [1790794648.212706, 1141.129000]: [mission] APPROACH: concluído
[INFO] [1790794648.219352, 1141.136000]: State machine transitioning 'APPROACH':'arrived'-->'REFINE'
[INFO] [1790794648.221514, 1141.138000]: [mission] REFINE — remedindo a parede de perto (10 amostras)
[INFO] [1790794648.226330, 1141.143000]: [mission] âncora engatada (coleta do REFINE)
[INFO] [1790794648.228048, 1141.145000]: [mission] REFINE: coleta com dither ±0.05 rad/s (período 3.0 s)
[INFO] [1790794649.371185, 1142.277000]: [mission] âncora solta — 2 correções de deriva
[INFO] [1790794649.372351, 1142.278000]: [mission] REFINE: âncora corrigiu a deriva 2 vez(es) durante a coleta
[INFO] [1790794649.373706, 1142.279000]: [mission] REFINE: 10 amostras — parede (0.001, 3.007, -0.002) yaw=3.138
[INFO] [1790794649.375008, 1142.281000]: [mission] REFINE: deslocou 0.027 m da estimativa anterior
[INFO] [1790794649.376249, 1142.282000]: [mission] olhal estimado em (0.200, 2.876, 0.803)
[INFO] [1790794649.381285, 1142.287000]: State machine transitioning 'REFINE':'ok'-->'DEPLOY'
[INFO] [1790794649.383618, 1142.289000]: [mission] DEPLOY: IK resolvida para a POSE DE MANIPULAÇÃO (0.20, 2.26, 1.57 rad), não para a atual
[INFO] [1790794654.123825, 1143.236000]: [mission] DEPLOY: IK nivelada 0.0714 m, só eixo 0.0013 m — a MISSÃO INTEIRA usa "eixo"
[INFO] [1790794654.127048, 1147.025000]: [mission] DEPLOY: IK da ponta resolvida (resíduo 0.0013 m, degrau 0.4°) — pré-posicionando em [-10.9 -46.8  60.   78.7  79.1] graus
[INFO] [1790794661.129279, 1153.926000]: [mission] plano de exclusão publicado: parede em [ 1.000e-03  3.007e+00 -2.000e-03], normal segura [-0.004 -1.     0.   ]
[INFO] [1790794661.339764, 1154.136000]: [mission] teto por postura ativo no drive: v<=0.23 w<=0.50 rampa 0.52/1.64
[INFO] [1790794665.284769, 1158.036000]: [mission] DEPLOY/aproxima: alinhado, avançando (0.50 m)
[INFO] [1790794669.557397, 1162.236000]: [mission] DEPLOY/aproxima: chegou, ajustando heading final
[INFO] [1790794674.227266, 1166.836000]: [mission] DEPLOY/aproxima: concluído
[INFO] [1790794674.229616, 1166.838000]: State machine transitioning 'DEPLOY':'ok'-->'MANIPULATE'
[INFO] [1790794674.232662, 1166.841000]: [mission] fase "orienta": modo IK iterativa (YAML)
[INFO] [1790794674.239366, 1166.848000]: [mission] âncora engatada (fase "orienta")
[INFO] [1790794677.086114, 1169.654000]: [mission] fase "orienta" it0: ponta (0.305, 2.731, 0.811) erro=0.0165 | degrau eixo 0.1° | rolagem 0.2° | IK pediu [-22.3 -32.8  33.7  88.4  71.6] | faltou [0. 0. 0. 0. 0.] graus
[INFO] [1790794677.090213, 1169.659000]: [mission] âncora solta — 7 correções de deriva
[INFO] [1790794677.093060, 1169.661000]: [mission] fase "orienta" alcançada em 1 iteração(ões) (0.0165 m) — âncora corrigiu 7 vez(es)
[INFO] [1790794677.608133, 1170.169000]: [mission] fase "aproxima_lateral": modo IK iterativa (YAML)
[INFO] [1790794677.612489, 1170.173000]: [mission] âncora engatada (fase "aproxima_lateral")
[INFO] [1790794680.951812, 1173.478000]: [mission] fase "aproxima_lateral" it0: ponta (0.292, 2.883, 0.809) erro=0.0084 | degrau eixo 5.8° | rolagem 6.1° | IK pediu [-16.4 -14.1   0.   81.3  76. ] | faltou [ 0.  -0.4 -0.3 -0.2 -0. ] graus
[INFO] [1790794680.954909, 1173.481000]: [mission] fase "aproxima_lateral" it0: no frame da parede eixo=+1.4 prof=+7.0 alt=+4.4 mm (tolerância 40/8/5)
[INFO] [1790794680.956816, 1173.483000]: [mission] âncora solta — 2 correções de deriva
[INFO] [1790794680.958847, 1173.485000]: [mission] fase "aproxima_lateral" alcançada em 1 iteração(ões) (0.0084 m) — âncora corrigiu 2 vez(es)
[INFO] [1790794681.477232, 1173.996000]: [mission] fase "atravessa": modo IK iterativa (YAML)
[INFO] [1790794681.483253, 1174.001000]: [mission] âncora engatada (fase "atravessa")
[INFO] [1790794683.311592, 1175.809000]: [mission] fase "atravessa" it0: ponta (0.228, 2.880, 0.809) erro=0.0210 | degrau eixo 2.6° | rolagem 2.7° | IK pediu [ -9.4 -15.1   0.   86.6  82.3] | faltou [-1.6 -0.2 -0.3 -0.4 -0. ] graus
[INFO] [1790794683.313035, 1175.810000]: [mission] fase "atravessa" it0: no frame da parede eixo=+20.3 prof=+4.1 alt=+3.9 mm (tolerância 8/6/5)
[INFO] [1790794684.838028, 1177.314000]: [mission] fase "atravessa" it1: ponta (0.210, 2.871, 0.812) erro=0.0050 | degrau eixo 2.0° | rolagem 2.1° | IK pediu [ -7.9 -15.1   0.1  88.8  83.4] | faltou [-1.8 -0.2 -0.4 -0.5 -0. ] graus
[INFO] [1790794684.840773, 1177.317000]: [mission] fase "atravessa" it1: no frame da parede eixo=+1.6 prof=-4.8 alt=+0.4 mm (tolerância 8/6/5)
[INFO] [1790794684.842702, 1177.319000]: [mission] âncora solta — 1 correções de deriva
[WARN] [1790794713.697391, 1205.189000]: [mission] fase "destrava": descida estagnou em 17.8 mm (mín 10 para aceitar; alvo 18) — fim de curso do mecanismo, fechando a fase
[WARN] [1790794713.922168, 1205.402000]: [mission] destrava: lingueta em 5.9 mm (esperado ≥ 12) — o gatilho pode não ter soltado
[WARN] [1790794742.425402, 1233.258000]: [mission] RETRACT: ponta a 0.143 m do olhal — saindo em degraus: sobe 30 mm, 120 mm pelo eixo do furo, 100 mm para fora, antes de recolher
[INFO] [1790794684.843940, 1177.321000]: [mission] fase "atravessa" alcançada em 2 iteração(ões) (0.0050 m) — âncora corrigiu 1 vez(es)
[INFO] [1790794685.378681, 1177.827000]: [mission] fase "captura": modo IK iterativa (YAML)
[INFO] [1790794685.389925, 1177.830000]: [mission] âncora engatada (fase "captura")
[INFO] [1790794686.986187, 1179.363000]: [mission] fase "captura" it0: ponta (0.209, 2.871, 0.798) erro=0.0117 | degrau eixo 2.4° | rolagem 2.2° | IK pediu [ -8.6 -17.7  -0.   89.3  82.8] | faltou [-1.1  0.3  0.4  0.4  0.1] graus
[INFO] [1790794686.990450, 1179.368000]: [mission] fase "captura" it0: no frame da parede eixo=+9.0 prof=-5.2 alt=-5.3 mm (tolerância 40/6/10)
[INFO] [1790794686.992907, 1179.370000]: [mission] fase "captura" alcançada em 1 iteração(ões) (0.0117 m)
[INFO] [1790794687.001260, 1179.378000]: [mission] captura: ponta registrada em eixo=-9.0 prof=+5.2 alt=-4.7 mm (zero da descida do destrava e da deriva de eixo)
[INFO] [1790794687.519870, 1179.879000]: [mission] fase "destrava": alvo em altura relativo à captura: -24.7 mm (captura -4.7 − curso 18 − margem 2)
[INFO] [1790794687.521256, 1179.880000]: [mission] fase "destrava": modo whole-body/Fuzzy (YAML)
[INFO] [1790794687.739727, 1180.082000]: [mission] plano de exclusão publicado: parede em [ 1.000e-03  3.007e+00 -2.000e-03], normal segura [-0.004 -1.     0.   ]
[INFO] [1790794688.057045, 1180.387000]: [mission] fase "destrava": whole-body assumiu (base livre, restrita pelo plano de exclusão)
[INFO] [1790794688.060836, 1180.390000]: [mission] fase "destrava": whole-body a 0.0226 m do alvo — eixo=+9.0 prof=-5.1 alt=-20.1 mm
[INFO] [1790794690.247065, 1182.489000]: [mission] fase "destrava": whole-body a 0.0182 m do alvo — eixo=+8.7 prof=-8.2 alt=-13.7 mm
[INFO] [1790794692.449194, 1184.589000]: [mission] fase "destrava": whole-body a 0.0204 m do alvo — eixo=+8.5 prof=-12.0 alt=-14.1 mm
[INFO] [1790794694.548323, 1186.590000]: [mission] fase "destrava": whole-body a 0.0210 m do alvo — eixo=+8.5 prof=-15.2 alt=-11.7 mm
[INFO] [1790794696.749689, 1188.689000]: [mission] fase "destrava": whole-body a 0.0239 m do alvo — eixo=+8.9 prof=-21.7 alt=-4.6 mm
[INFO] [1790794698.911461, 1190.789000]: [mission] fase "destrava": whole-body a 0.0199 m do alvo — eixo=+10.3 prof=-16.3 alt=-4.9 mm
[INFO] [1790794701.076782, 1192.890000]: [mission] fase "destrava": whole-body a 0.0208 m do alvo — eixo=+11.8 prof=-15.9 alt=-6.4 mm
[INFO] [1790794703.228181, 1194.989000]: [mission] fase "destrava": whole-body a 0.0214 m do alvo — eixo=+12.2 prof=-14.7 alt=-9.7 mm
[INFO] [1790794705.380519, 1197.089000]: [mission] fase "destrava": whole-body a 0.0186 m do alvo — eixo=+11.1 prof=-12.3 alt=-8.5 mm
[INFO] [1790794707.566000, 1199.190000]: [mission] fase "destrava": whole-body a 0.0157 m do alvo — eixo=+11.4 prof=-9.7 alt=-4.8 mm
[INFO] [1790794709.709554, 1201.289000]: [mission] fase "destrava": whole-body a 0.0140 m do alvo — eixo=+11.6 prof=-7.6 alt=-1.9 mm
[INFO] [1790794711.855092, 1203.389000]: [mission] fase "destrava": whole-body a 0.0132 m do alvo — eixo=+11.5 prof=-6.5 alt=-1.1 mm
[INFO] [1790794713.919377, 1205.399000]: [mission] destrava: ponta desceu 17.8 mm desde a captura (critério observável) | lingueta 5.9 mm (só na simulação)
[INFO] [1790794714.455820, 1205.905000]: [mission] fase "libera": modo whole-body/Fuzzy (YAML)
[INFO] [1790794714.668817, 1206.109000]: [mission] plano de exclusão publicado: parede em [ 1.000e-03  3.007e+00 -2.000e-03], normal segura [-0.004 -1.     0.   ]
[INFO] [1790794714.977025, 1206.411000]: [mission] fase "libera": whole-body assumiu (base livre, restrita pelo plano de exclusão)
[INFO] [1790794714.978460, 1206.412000]: [mission] fase "libera": whole-body a 0.0258 m do alvo — eixo=+11.1 prof=+23.1 alt=-2.4 mm
[INFO] [1790794717.136679, 1208.511000]: [mission] fase "libera": whole-body a 0.0239 m do alvo — eixo=+10.8 prof=+20.5 alt=+5.8 mm
[INFO] [1790794719.262652, 1210.612000]: [mission] fase "libera": whole-body a 0.0218 m do alvo — eixo=+10.6 prof=+17.1 alt=+8.5 mm
[INFO] [1790794721.412748, 1212.711000]: [mission] fase "libera": whole-body a 0.0240 m do alvo — eixo=+11.0 prof=+17.5 alt=+12.1 mm
[INFO] [1790794723.578614, 1214.812000]: [mission] fase "libera": whole-body a 0.0284 m do alvo — eixo=+11.4 prof=+23.2 alt=+11.8 mm
[INFO] [1790794725.723771, 1216.911000]: [mission] fase "libera": whole-body a 0.0287 m do alvo — eixo=+11.5 prof=+23.7 alt=+11.3 mm
[INFO] [1790794727.873870, 1219.011000]: [mission] fase "libera": whole-body a 0.0211 m do alvo — eixo=+10.8 prof=+13.9 alt=+11.7 mm
[INFO] [1790794729.915591, 1221.013000]: [mission] fase "libera": whole-body a 0.0147 m do alvo — eixo=+10.5 prof=+1.1 alt=+10.2 mm
[INFO] [1790794732.055714, 1223.112000]: [mission] fase "libera": whole-body a 0.0106 m do alvo — eixo=+8.5 prof=+0.9 alt=+6.3 mm
[INFO] [1790794732.871584, 1223.911000]: [mission] fase "libera" alcançada por whole-body em 17.5s (0.0097 m) — no frame da parede eixo=+8.6 prof=-0.1 alt=+4.4 mm (tolerância 40/8/6)
[INFO] [1790794733.599519, 1224.618000]: [mission] fase "arco1"/puxa: RECUANDO 0.022 m só com as rodas
[INFO] [1790794734.074949, 1225.071000]: [mission] fase "arco1"/puxa: concluído (0.023 m)
[INFO] [1790794734.076320, 1225.072000]: [mission] fase "arco1": modo whole-body/Fuzzy (YAML)
[INFO] [1790794734.279812, 1225.273000]: [mission] plano de exclusão publicado: parede em [ 1.000e-03  3.007e+00 -2.000e-03], normal segura [-0.004 -1.     0.   ]
[INFO] [1790794734.588502, 1225.576000]: [mission] fase "arco1": whole-body assumiu (base livre, restrita pelo plano de exclusão)
[INFO] [1790794734.590940, 1225.578000]: [mission] fase "arco1": whole-body a 0.0154 m do alvo — eixo=+8.8 prof=-5.2 alt=-11.5 mm
[INFO] [1790794734.994434, 1225.977000]: [mission] fase "arco1" alcançada por whole-body em 0.4s (0.0145 m) — no frame da parede eixo=+8.8 prof=-6.8 alt=-9.3 mm (tolerância 40/10/15)
[INFO] [1790794734.997540, 1225.980000]: [mission] arco1: SOLTURA observável — recuo 53.4 mm desde a captura (mín 40) com deriva de eixo +0.2 mm → SOLTA
[INFO] [1790794735.214705, 1226.188000]: [mission] waypoint de 15° — lâmina medida em 13.7° (abertura por CONTATO)
[INFO] [1790794735.730201, 1226.689000]: [mission] fase "arco2"/puxa: RECUANDO 0.048 m só com as rodas
[INFO] [1790794736.768325, 1227.690000]: [mission] fase "arco2"/puxa: concluído (0.049 m)
[INFO] [1790794736.769336, 1227.691000]: [mission] fase "arco2": modo whole-body/Fuzzy (YAML)
[INFO] [1790794736.976573, 1227.893000]: [mission] plano de exclusão publicado: parede em [ 1.000e-03  3.007e+00 -2.000e-03], normal segura [-0.004 -1.     0.   ]
[INFO] [1790794737.288518, 1228.198000]: [mission] fase "arco2": whole-body assumiu (base livre, restrita pelo plano de exclusão)
[INFO] [1790794737.290017, 1228.199000]: [mission] fase "arco2": whole-body a 0.0211 m do alvo — eixo=+9.1 prof=+4.4 alt=-18.5 mm
[INFO] [1790794738.500502, 1229.399000]: [mission] fase "arco2" alcançada por whole-body em 1.2s (0.0158 m) — no frame da parede eixo=+9.2 prof=-3.7 alt=-12.3 mm (tolerância 40/10/15)
[INFO] [1790794738.714043, 1229.604000]: [mission] waypoint de 30° — lâmina medida em 28.8° (abertura por CONTATO)
[INFO] [1790794739.220065, 1230.105000]: [mission] fase "desengata": modo IK iterativa (YAML)
[INFO] [1790794739.222335, 1230.107000]: [mission] âncora engatada (fase "desengata")
[INFO] [1790794741.510575, 1232.346000]: [mission] fase "desengata" it0: ponta (0.292, 2.781, 0.747) erro=0.0065 | degrau eixo 8.2° | rolagem 8.4° | IK pediu [  5.7 -22.1   0.   88.4  71.2] | faltou [-0.1  0.4 -1.6  0.3  0. ] graus
[INFO] [1790794741.512967, 1232.349000]: [mission] âncora solta — 1 correções de deriva
[INFO] [1790794741.513916, 1232.350000]: [mission] fase "desengata" alcançada em 1 iteração(ões) (0.0065 m) — âncora corrigiu 1 vez(es)
[INFO] [1790794742.021336, 1232.856000]: [mission] MANIPULATE concluída — chave ABERTA, lâmina medida em 27.1°
[INFO] [1790794742.022186, 1232.857000]: State machine transitioning 'MANIPULATE':'done'-->'RETRACT'
[INFO] [1790794742.427684, 1233.260000]: [mission] âncora engatada (fase "saida_sobe")
[INFO] [1790794744.041186, 1234.863000]: [mission] fase "saida_sobe" it0: ponta (0.294, 2.788, 0.773) erro=0.0073 | degrau eixo 7.7° | rolagem 7.8° | IK pediu [  5.7 -18.9   0.   86.6  71.1] | faltou [-0.  -0.3 -0.2 -0.1  0. ] graus
[INFO] [1790794744.043777, 1234.866000]: [mission] fase "saida_sobe" it0: no frame da parede eixo=+1.8 prof=+5.8 alt=+4.1 mm (tolerância 30/20/10)
[INFO] [1790794744.044996, 1234.867000]: [mission] fase "saida_sobe" alcançada em 1 iteração(ões) (0.0073 m)
[INFO] [1790794744.049193, 1234.871000]: [mission] âncora engatada (fase "saida_eixo")
[INFO] [1790794746.183011, 1236.975000]: [mission] fase "saida_eixo" it0: ponta (0.416, 2.788, 0.771) erro=0.0093 | degrau eixo 15.1° | rolagem 15.6° | IK pediu [ -3.6 -16.1  -0.   74.6  64.3] | faltou [ 0.1 -0.3 -0.4 -0.5 -0. ] graus
[INFO] [1790794746.186941, 1236.979000]: [mission] fase "saida_eixo" it0: no frame da parede eixo=+3.4 prof=+6.4 alt=+5.9 mm (tolerância 20/20/15)
[INFO] [1790794746.189580, 1236.982000]: [mission] fase "saida_eixo" alcançada em 1 iteração(ões) (0.0093 m)
[INFO] [1790794746.193214, 1236.986000]: [mission] âncora engatada (fase "saida_fora")
[INFO] [1790794748.862537, 1239.629000]: [mission] fase "saida_fora" it0: ponta (0.415, 2.686, 0.775) erro=0.0056 | degrau eixo 8.1° | rolagem 8.6° | IK pediu [ -8.2 -20.6  -0.   96.4  56.6] | faltou [ 0.1 -0.1 -0.4 -0.7  0. ] graus
[INFO] [1790794748.865028, 1239.631000]: [mission] fase "saida_fora" it0: no frame da parede eixo=+3.0 prof=+4.0 alt=+2.5 mm (tolerância 30/20/20)
[INFO] [1790794748.866247, 1239.633000]: [mission] âncora solta — 1 correções de deriva
[INFO] [1790794748.867358, 1239.634000]: [mission] fase "saida_fora" alcançada em 1 iteração(ões) (0.0056 m) — âncora corrigiu 1 vez(es)
[INFO] [1790794748.868552, 1239.635000]: [mission] RETRACT/afasta: RECUANDO 0.250 m só com as rodas
[INFO] [1790794753.379336, 1244.086000]: [mission] RETRACT/afasta: concluído (0.251 m)
[INFO] [1790794753.380505, 1244.087000]: [mission] postura "stow_home" comandada: [0.0, 1.13, -1.04, -1.8, 0.0]
[INFO] [1790794765.141388, 1255.688000]: State machine transitioning 'RETRACT':'ok'-->'RETURN'
[INFO] [1790794765.143737, 1255.690000]: [mission] RETURN — voltando a (0.02, 1.00, -0.03 rad)
[INFO] [1790794776.892368, 1267.291000]: [mission] RETURN: alinhado, avançando (1.22 m)
[INFO] [1790794776.943293, 1267.341000]: [mission] teto por postura ativo no drive: v<=0.23 w<=0.50 rampa 0.51/1.52
[INFO] [1790794786.148073, 1276.441000]: [mission] RETURN: chegou, ajustando heading final
[INFO] [1790794786.198726, 1276.491000]: [mission] teto por postura ativo no drive: v<=0.23 w<=0.50 rampa 0.51/1.52
[INFO] [1790794794.748600, 1284.941000]: [mission] RETURN: concluído
[INFO] [1790794794.750330, 1284.943000]: State machine terminating 'RETURN':'home':'MISSION_OK'
[INFO] [1790794794.752525, 1284.945000]: [mission] resultado: MISSION_OK
... logging to /home/marco/.ros/log/11e1488e-bcfe-11f1-8eb4-b025aa85b2a2/roslaunch-shiroi-2124610.log
Checking log directory for disk usage. This may take a while.
Press Ctrl-C to interrupt
]2;/home/marco/b166er/src/b166er_whole_body_control/launch/chave_mission.launch
[1mstarted roslaunch server http://shiroi:45167/[0m

SUMMARY
========

PARAMETERS
 * /chave_mission/estado_final: 
 * /chave_mission/estado_inicial: STOW_INIT
 * /chave_mission/pausa_por_fase: False
 * /chave_mission/search_omega: 0.35
 * /chave_mission/standoff_distance: 0.62
 * /chave_mission/use_wholebody: False
 * /chave_seccionadora_task/aproxima_lateral/modo: ik
 * /chave_seccionadora_task/aproxima_lateral/offset_xyz_m: [-0.09, 0.0, 0.01]
 * /chave_seccionadora_task/aproxima_lateral/tol_xyz_m: [0.04, 0.008, 0.005]
 * /chave_seccionadora_task/arco1/blade_angle_deg: 15
 * /chave_seccionadora_task/arco1/deriva_eixo_max_m: 0.015
 * /chave_seccionadora_task/arco1/modo: wb
 * /chave_seccionadora_task/arco1/offset_xyz_m: [0.0, 0.0518, -0....
 * /chave_seccionadora_task/arco1/soltura_recuo_min_m: 0.04
 * /chave_seccionadora_task/arco1/tol_xyz_m: [0.04, 0.01, 0.015]
 * /chave_seccionadora_task/arco2/blade_angle_deg: 30
 * /chave_seccionadora_task/arco2/deriva_eixo_max_m: 0.015
 * /chave_seccionadora_task/arco2/modo: wb
 * /chave_seccionadora_task/arco2/offset_xyz_m: [0.0, 0.1, -0.0518]
 * /chave_seccionadora_task/arco2/tol_xyz_m: [0.04, 0.01, 0.015]
 * /chave_seccionadora_task/atravessa/modo: ik
 * /chave_seccionadora_task/atravessa/offset_xyz_m: [-0.008, 0.0, 0.01]
 * /chave_seccionadora_task/atravessa/tol_xyz_m: [0.008, 0.006, 0....
 * /chave_seccionadora_task/captura/modo: ik
 * /chave_seccionadora_task/captura/offset_xyz_m: [0.0, 0.0, -0.01]
 * /chave_seccionadora_task/captura/tol_xyz_m: [0.04, 0.006, 0.01]
 * /chave_seccionadora_task/desengata/modo: ik
 * /chave_seccionadora_task/desengata/offset_xyz_m: [-0.09, 0.1, -0.0...
 * /chave_seccionadora_task/destrava/curso_estagna_m: 0.01
 * /chave_seccionadora_task/destrava/curso_margem_m: 0.002
 * /chave_seccionadora_task/destrava/curso_min_m: 0.018
 * /chave_seccionadora_task/destrava/modo: wb
 * /chave_seccionadora_task/destrava/offset_xyz_m: [0.0, 0.0, -0.025]
 * /chave_seccionadora_task/destrava/tol_xyz_m: [0.04, 0.006, 0.004]
 * /chave_seccionadora_task/libera/deriva_eixo_max_m: 0.015
 * /chave_seccionadora_task/libera/modo: wb
 * /chave_seccionadora_task/libera/offset_xyz_m: [0.0, 0.03, -0.025]
 * /chave_seccionadora_task/libera/tol_xyz_m: [0.04, 0.008, 0.006]
 * /chave_seccionadora_task/orienta/modo: ik
 * /chave_seccionadora_task/orienta/offset_xyz_m: [-0.09, 0.15, 0.0...
 * /chave_seccionadora_task/reassenta_sobe/tol_xyz_m: [0.03, 0.02, 0.005]
 * /chave_seccionadora_task/saida_eixo/tol_xyz_m: [0.02, 0.02, 0.015]
 * /chave_seccionadora_task/saida_fora/tol_xyz_m: [0.03, 0.02, 0.02]
 * /chave_seccionadora_task/saida_sobe/tol_xyz_m: [0.03, 0.02, 0.01]
 * /chave_seccionadora_task/target_frame: chave_olhal_link
 * /fuzzy_wb_controller/fixed_gains: []
 * /rosdistro: noetic
 * /rosversion: 1.17.4

NODES
  /
    chave_mission (b166er_whole_body_control/chave_mission.py)

[1mROS_MASTER_URI=http://localhost:11311[0m
]2;/home/marco/b166er/src/b166er_whole_body_control/launch/chave_mission.launch http://localhost:11311
[1mprocess[chave_mission-1]: started with pid [2124657][0m
[1m[chave_mission-1] process has finished cleanly
log file: /home/marco/.ros/log/11e1488e-bcfe-11f1-8eb4-b025aa85b2a2/chave_mission-1*.log[0m
all processes on machine have died, roslaunch will exit
shutting down processing monitor...
... shutting down processing monitor complete
[1mdone[0m
