[31mWARNING: disk usage in log directory [/home/marco/.ros/log] is over 1GB.
It's recommended that you use the 'rosclean' command.[0m
the rosdep view is empty: call 'sudo rosdep init' and 'rosdep update'
[WARN] [1791403626.588568, 487.499000]: [mission] SEARCH: ajuste não convergiu em 8s (raio 0.55) — amostrando assim mesmo
[WARN] [1791403636.522951, 497.242000]: [mission] SEARCH: 7 de 25 amostras descartadas como outlier (>0.15 m ou >0.20 rad da mediana)
[WARN] [1791403636.577638, 497.299000]: [mission] SEARCH: laser com só 26 pontos de parede (mín 30) — parede fica pela tag
[ERROR] [1791403684.862736, 544.633000]: [mission] REFINE: só 0 amostras da tag
[WARN] [1791403684.922345, 544.690000]: [mission] REFINE: tag não visível no standoff — seguindo com a estimativa da aproximação (erro típico ~13 mm com a tag de 220 mm)
[INFO] [1791403608.514173, 469.748000]: garra_dx = 0.000 m (fechada)
[INFO] [1791403608.553697, 469.788000]: State machine starting in initial state 'STOW_INIT' with userdata: 
	[]
[INFO] [1791403608.859206, 470.089000]: [mission] pose de partida registrada: (0.00, 1.00, 0.01 rad)
[INFO] [1791403608.860883, 470.091000]: [mission] postura "stow_home" comandada: [0.0, 1.1, -1.04, -1.8, 0.0]
[INFO] [1791403609.475094, 470.692000]: State machine transitioning 'STOW_INIT':'ok'-->'SEARCH'
[INFO] [1791403609.477195, 470.694000]: [mission] postura "search" comandada: [0.0, 1.0, -1.0, 0.0, 0.0]
[INFO] [1791403616.823126, 477.895000]: [mission] SEARCH — girando à procura da tag...
[INFO] [1791403616.824237, 477.896000]: [mission] SEARCH: amostra quando a tag estiver a raio 0.35-0.50 do quadro (vista oblíqua; omega fina 0.15 rad/s)
[INFO] [1791403618.393992, 479.447000]: [mission] SEARCH: tag a raio 0.91 — girando até <= 0.50
[INFO] [1791403626.590803, 487.501000]: [mission] tag avistada — parando para medir
[INFO] [1791403627.619739, 488.513000]: [mission] âncora engatada (coleta do SEARCH)
[INFO] [1791403627.622242, 488.515000]: [mission] SEARCH: coleta com dither ±0.05 rad/s (período 3.0 s)
[INFO] [1791403636.504156, 497.227000]: [mission] âncora solta — 12 correções de deriva
[INFO] [1791403636.506134, 497.229000]: [mission] SEARCH: âncora corrigiu a deriva 12 vez(es) durante a coleta
[INFO] [1791403636.525579, 497.247000]: [mission] SEARCH: 18 amostras — parede (0.019, 3.084, -0.003) yaw=2.960
[INFO] [1791403636.579690, 497.301000]: [mission] parede localizada em (0.019, 3.084, -0.003)
[INFO] [1791403636.588470, 497.310000]: State machine transitioning 'SEARCH':'found'-->'APPROACH'
[INFO] [1791403636.590112, 497.311000]: [mission] APPROACH etapa 1/2 — 1.30 m do olhal, alvo (-0.04, 1.64, 1.39 rad)
[INFO] [1791403641.137549, 501.763000]: [mission] APPROACH: alinhado, avançando (0.77 m)
[INFO] [1791403641.189780, 501.814000]: [mission] teto por postura ativo no drive: v<=0.18 w<=0.50 rampa 0.46/1.51
[INFO] [1791403647.619820, 508.113000]: [mission] APPROACH: chegou, ajustando heading final
[INFO] [1791403647.671996, 508.164000]: [mission] teto por postura ativo no drive: v<=0.18 w<=0.50 rampa 0.46/1.51
[INFO] [1791403650.824551, 511.263000]: [mission] APPROACH: concluído
[INFO] [1791403651.849077, 512.268000]: [mission] âncora engatada (coleta do APPROACH/remedida)
[INFO] [1791403651.850459, 512.269000]: [mission] APPROACH/remedida: coleta com dither ±0.05 rad/s (período 3.0 s)
[INFO] [1791403653.315206, 513.695000]: [mission] âncora solta — 4 correções de deriva
[INFO] [1791403653.318195, 513.698000]: [mission] APPROACH/remedida: âncora corrigiu a deriva 4 vez(es) durante a coleta
[INFO] [1791403653.321944, 513.701000]: [mission] APPROACH/remedida: 10 amostras — parede (0.003, 2.989, -0.002) yaw=-3.118
[INFO] [1791403653.379132, 513.757000]: [mission] APPROACH/remedida: parede pelo LASER — 82 pontos, resíduo 4.5 mm: profundidade -10.3 mm e yaw -1.34° em relação à tag → parede (0.003, 2.999, -0.002) yaw=-3.141
[INFO] [1791403653.382965, 513.761000]: [mission] APPROACH etapa 2/2 — 0.88 m do olhal, alvo (0.37, 1.99, 1.57 rad)
[INFO] [1791403657.601353, 517.915000]: [mission] APPROACH: alinhado, avançando (0.63 m)
[INFO] [1791403657.652004, 517.965000]: [mission] teto por postura ativo no drive: v<=0.18 w<=0.50 rampa 0.46/1.51
[INFO] [1791403663.203619, 523.415000]: [mission] APPROACH: chegou, ajustando heading final
[INFO] [1791403663.255280, 523.465000]: [mission] teto por postura ativo no drive: v<=0.17 w<=0.50 rampa 0.45/1.51
[INFO] [1791403669.498491, 529.565000]: [mission] APPROACH: concluído
[INFO] [1791403669.504534, 529.571000]: State machine transitioning 'APPROACH':'arrived'-->'REFINE'
[INFO] [1791403669.506576, 529.573000]: [mission] REFINE — remedindo a parede de perto (10 amostras)
[INFO] [1791403669.511367, 529.577000]: [mission] âncora engatada (coleta do REFINE)
[INFO] [1791403669.513190, 529.579000]: [mission] REFINE: coleta com dither ±0.05 rad/s (período 3.0 s)
[INFO] [1791403684.860363, 544.631000]: [mission] âncora solta — 23 correções de deriva
[INFO] [1791403684.861659, 544.632000]: [mission] REFINE: âncora corrigiu a deriva 23 vez(es) durante a coleta
[INFO] [1791403684.919528, 544.687000]: [mission] REFINE (sem tag): parede pelo LASER — 78 pontos, resíduo 5.0 mm: profundidade -0.3 mm e yaw -0.00° em relação à tag → parede (0.003, 2.999, -0.002) yaw=-3.142
[INFO] [1791403684.924523, 544.692000]: [mission] olhal estimado em (0.203, 2.869, 0.803)
[INFO] [1791403684.930176, 544.698000]: State machine transitioning 'REFINE':'ok'-->'DEPLOY'
[INFO] [1791403684.932814, 544.700000]: [mission] DEPLOY: IK resolvida para a POSE DE MANIPULAÇÃO (0.20, 2.25, 1.57 rad), não para a atual
[INFO] [1791403689.895478, 549.502000]: [mission] DEPLOY: IK nivelada 0.0713 m, só eixo 0.0013 m — a MISSÃO INTEIRA usa "eixo"
[INFO] [1791403689.899624, 549.648000]: [mission] DEPLOY: IK da ponta resolvida (resíduo 0.0013 m, degrau 0.4°) — pré-posicionando em [-10.9 -46.7  60.   78.6 -10.9] graus
[INFO] [1791403700.611496, 560.150000]: [mission] plano de exclusão publicado: parede em [ 3.000e-03  2.999e+00 -2.000e-03], normal segura [ 0. -1.  0.]
[INFO] [1791403700.822756, 560.358000]: [mission] teto por postura ativo no drive: v<=0.26 w<=0.50 rampa 0.56/1.62
[INFO] [1791403705.200713, 564.658000]: [mission] DEPLOY/aproxima: alinhado, avançando (0.41 m)
[INFO] [1791403709.178894, 568.558000]: [mission] DEPLOY/aproxima: chegou, ajustando heading final
[INFO] [1791403715.693193, 574.908000]: [mission] DEPLOY/aproxima: concluído
[INFO] [1791403715.695914, 574.909000]: State machine transitioning 'DEPLOY':'ok'-->'MANIPULATE'
[INFO] [1791403715.699364, 574.913000]: [mission] fase "orienta": modo IK iterativa (YAML)
[INFO] [1791403715.706733, 574.921000]: [mission] âncora engatada (fase "orienta")
[INFO] [1791403719.484452, 578.628000]: [mission] fase "orienta" it0: ponta (0.294, 2.722, 0.810) erro=0.0038 | degrau eixo 0.1° | rolagem 0.2° | IK pediu [-20.8 -31.5  31.1  90.2 -15.7] | faltou [-0.2 -1.3  1.8 -1.  -0.3] graus
[INFO] [1791403719.487022, 578.631000]: [mission] âncora solta — 9 correções de deriva
[INFO] [1791403719.488523, 578.632000]: [mission] fase "orienta" alcançada em 1 iteração(ões) (0.0038 m) — âncora corrigiu 9 vez(es)
[INFO] [1791403720.007599, 579.138000]: [mission] fase "aproxima_lateral": modo IK iterativa (YAML)
[INFO] [1791403720.014436, 579.144000]: [mission] âncora engatada (fase "aproxima_lateral")
[INFO] [1791403723.690302, 582.755000]: [mission] fase "aproxima_lateral" it0: ponta (0.292, 2.867, 0.811) erro=0.0063 | degrau eixo 4.9° | rolagem 4.9° | IK pediu [-17.6 -14.    0.   81.2 -11.8] | faltou [0. 0. 0. 0. 0.] graus
[INFO] [1791403723.695277, 582.760000]: [mission] fase "aproxima_lateral" it0: no frame da parede eixo=-0.8 prof=+5.9 alt=+2.0 mm (tolerância 40/8/5)
[INFO] [1791403723.698435, 582.764000]: [mission] âncora solta — 4 correções de deriva
[INFO] [1791403723.701564, 582.767000]: [mission] fase "aproxima_lateral" alcançada em 1 iteração(ões) (0.0063 m) — âncora corrigiu 4 vez(es)
[INFO] [1791403724.222240, 583.276000]: [mission] fase "atravessa": modo IK iterativa (YAML)
[INFO] [1791403724.230022, 583.283000]: [mission] âncora engatada (fase "atravessa")
[INFO] [1791403729.918499, 588.833000]: [mission] fase "atravessa" it0: ponta (0.209, 2.866, 0.813) erro=0.0055 | degrau eixo 1.9° | rolagem 1.8° | IK pediu [-10.6 -14.9   0.2  85.7  -5.5] | faltou [ 0.3  0.  -0.1 -0.3  0.3] graus
[INFO] [1791403729.922362, 588.837000]: [mission] fase "atravessa" it0: no frame da parede eixo=-1.5 prof=+5.3 alt=+0.3 mm (tolerância 8/6/5)
[INFO] [1791403729.923693, 588.838000]: [mission] âncora solta — 5 correções de deriva
[INFO] [1791403729.924640, 588.839000]: [mission] fase "atravessa" alcançada em 1 iteração(ões) (0.0055 m) — âncora corrigiu 5 vez(es)
[INFO] [1791403730.441984, 589.344000]: [mission] fase "captura": modo IK iterativa (YAML)
[INFO] [1791403730.445376, 589.347000]: [mission] âncora engatada (fase "captura")
[WARN] [1791403736.726777, 595.485000]: [mission] fase "destrava": descida estagnou em 16.4 mm (mín 10 para aceitar; alvo 18) — fim de curso do mecanismo, fechando a fase
[WARN] [1791403750.305874, 608.786000]: [mission] RETRACT: ponta a 0.147 m do olhal — saindo em degraus: sobe 30 mm, 120 mm pelo eixo do furo, 100 mm para fora, antes de recolher
[INFO] [1791403733.121909, 591.951000]: [mission] fase "captura" it0: ponta (0.209, 2.871, 0.792) erro=0.0065 | degrau eixo 1.8° | rolagem 1.9° | IK pediu [ -9.6 -17.2  -0.   86.9  -4.9] | faltou [-0.5 -0.2 -0.2 -0.1  0. ] graus
[INFO] [1791403733.125564, 591.955000]: [mission] fase "captura" it0: no frame da parede eixo=+6.0 prof=+2.0 alt=+1.2 mm (tolerância 40/6/10)
[INFO] [1791403733.128812, 591.958000]: [mission] âncora solta — 1 correções de deriva
[INFO] [1791403733.132023, 591.960000]: [mission] fase "captura" alcançada em 1 iteração(ões) (0.0065 m) — âncora corrigiu 1 vez(es)
[INFO] [1791403733.143433, 591.971000]: [mission] captura: ponta registrada em eixo=-6.0 prof=-2.0 alt=-11.2 mm (zero da descida do destrava e da deriva de eixo)
[INFO] [1791403733.660511, 592.473000]: [mission] fase "destrava": alvo em altura relativo à captura: -31.2 mm (captura -11.2 − curso 18 − margem 2)
[INFO] [1791403733.662293, 592.474000]: [mission] fase "destrava": modo whole-body/Fuzzy (YAML)
[INFO] [1791403733.876003, 592.679000]: [mission] plano de exclusão publicado: parede em [ 3.000e-03  2.999e+00 -2.000e-03], normal segura [ 0. -1.  0.]
[INFO] [1791403734.186062, 592.984000]: [mission] fase "destrava": whole-body assumiu (base livre, restrita pelo plano de exclusão)
[INFO] [1791403734.188209, 592.986000]: [mission] fase "destrava": whole-body a 0.0212 m do alvo — eixo=+6.1 prof=+2.1 alt=-20.2 mm
[INFO] [1791403736.325999, 595.085000]: [mission] fase "destrava": whole-body a 0.0083 m do alvo — eixo=+5.8 prof=-4.6 alt=-3.8 mm
[INFO] [1791403736.937067, 595.691000]: [mission] destrava: ponta desceu 16.4 mm desde a captura (critério observável) | lingueta 12.6 mm (só na simulação)
[INFO] [1791403736.937974, 595.692000]: [mission] destrava: lingueta em 12.6 mm — gatilho solto
[INFO] [1791403737.459050, 596.192000]: [mission] fase "libera": modo whole-body/Fuzzy (YAML)
[INFO] [1791403737.666672, 596.394000]: [mission] plano de exclusão publicado: parede em [ 3.000e-03  2.999e+00 -2.000e-03], normal segura [ 0. -1.  0.]
[INFO] [1791403737.970592, 596.697000]: [mission] fase "libera": whole-body assumiu (base livre, restrita pelo plano de exclusão)
[INFO] [1791403738.379355, 597.098000]: [mission] fase "libera": whole-body a 0.0247 m do alvo — eixo=+5.8 prof=+23.7 alt=+4.0 mm
[INFO] [1791403740.502552, 599.198000]: [mission] fase "libera": whole-body a 0.0060 m do alvo — eixo=+5.8 prof=-0.2 alt=+1.4 mm
[INFO] [1791403740.802667, 599.498000]: [mission] fase "libera" alcançada por whole-body em 2.8s (0.0063 m) — no frame da parede eixo=+5.8 prof=-1.1 alt=-2.2 mm (tolerância 40/8/6)
[INFO] [1791403741.529136, 600.205000]: [mission] fase "arco1"/puxa: RECUANDO 0.022 m só com as rodas
[INFO] [1791403741.993796, 600.656000]: [mission] fase "arco1"/puxa: concluído (0.024 m)
[INFO] [1791403741.995554, 600.657000]: [mission] fase "arco1": modo whole-body/Fuzzy (YAML)
[INFO] [1791403742.203888, 600.859000]: [mission] plano de exclusão publicado: parede em [ 3.000e-03  2.999e+00 -2.000e-03], normal segura [ 0. -1.  0.]
[INFO] [1791403742.514472, 601.164000]: [mission] fase "arco1": whole-body assumiu (base livre, restrita pelo plano de exclusão)
[INFO] [1791403742.616238, 601.264000]: [mission] fase "arco1": whole-body a 0.0067 m do alvo — eixo=+5.8 prof=-2.6 alt=-2.3 mm
[INFO] [1791403742.921387, 601.564000]: [mission] fase "arco1" alcançada por whole-body em 0.4s (0.0067 m) — no frame da parede eixo=+5.8 prof=-2.6 alt=-2.2 mm (tolerância 40/10/15)
[INFO] [1791403742.924182, 601.567000]: [mission] arco1: SOLTURA observável — recuo 56.4 mm desde a captura (mín 40) com deriva de eixo +0.2 mm → SOLTA
[INFO] [1791403743.145109, 601.782000]: [mission] waypoint de 15° — lâmina medida em 15.9° (abertura por CONTATO)
[INFO] [1791403743.656980, 602.284000]: [mission] fase "arco2"/puxa: RECUANDO 0.048 m só com as rodas
[INFO] [1791403744.636133, 603.235000]: [mission] fase "arco2"/puxa: concluído (0.050 m)
[INFO] [1791403744.637212, 603.236000]: [mission] fase "arco2": modo whole-body/Fuzzy (YAML)
[INFO] [1791403744.839519, 603.437000]: [mission] plano de exclusão publicado: parede em [ 3.000e-03  2.999e+00 -2.000e-03], normal segura [ 0. -1.  0.]
[INFO] [1791403745.142923, 603.739000]: [mission] fase "arco2": whole-body assumiu (base livre, restrita pelo plano de exclusão)
[INFO] [1791403745.145500, 603.741000]: [mission] fase "arco2": whole-body a 0.0161 m do alvo — eixo=+5.8 prof=+6.1 alt=-13.7 mm
[INFO] [1791403745.547164, 604.140000]: [mission] fase "arco2" alcançada por whole-body em 0.4s (0.0107 m) — no frame da parede eixo=+5.8 prof=+4.0 alt=-8.0 mm (tolerância 40/10/15)
[INFO] [1791403745.757049, 604.346000]: [mission] waypoint de 30° — lâmina medida em 29.5° (abertura por CONTATO)
[INFO] [1791403746.269257, 604.848000]: [mission] fase "desengata": modo IK iterativa (YAML)
[INFO] [1791403746.274173, 604.852000]: [mission] âncora engatada (fase "desengata")
[INFO] [1791403749.355803, 607.860000]: [mission] fase "desengata" it0: ponta (0.299, 2.773, 0.752) erro=0.0075 | degrau eixo 4.6° | rolagem 4.5° | IK pediu [-15.  -23.1   0.   94.4 -13.5] | faltou [0. 0. 0. 0. 0.] graus
[INFO] [1791403749.360180, 607.864000]: [mission] âncora solta — 2 correções de deriva
[INFO] [1791403749.362566, 607.866000]: [mission] fase "desengata" alcançada em 1 iteração(ões) (0.0075 m) — âncora corrigiu 2 vez(es)
[INFO] [1791403749.890143, 608.380000]: [mission] MANIPULATE concluída — chave ABERTA, lâmina medida em 29.8°
[INFO] [1791403749.894014, 608.384000]: State machine transitioning 'MANIPULATE':'done'-->'RETRACT'
[INFO] [1791403750.312351, 608.792000]: [mission] âncora engatada (fase "saida_sobe")
[INFO] [1791403752.916025, 611.342000]: [mission] fase "saida_sobe" it0: ponta (0.306, 2.777, 0.780) erro=0.0060 | degrau eixo 4.4° | rolagem 4.4° | IK pediu [-15.  -19.5   0.   92.6 -14.7] | faltou [0. 0. 0. 0. 0.] graus
[INFO] [1791403752.917819, 611.344000]: [mission] fase "saida_sobe" it0: no frame da parede eixo=+4.3 prof=+3.5 alt=+2.2 mm (tolerância 30/20/10)
[INFO] [1791403752.918793, 611.345000]: [mission] âncora solta — 1 correções de deriva
[INFO] [1791403752.919661, 611.346000]: [mission] fase "saida_sobe" alcançada em 1 iteração(ões) (0.0060 m) — âncora corrigiu 1 vez(es)
[INFO] [1791403752.922410, 611.348000]: [mission] âncora engatada (fase "saida_eixo")
[INFO] [1791403756.181691, 614.551000]: [mission] fase "saida_eixo" it0: ponta (0.415, 2.779, 0.783) erro=0.0084 | degrau eixo 10.2° | rolagem 10.2° | IK pediu [-24.7 -17.8   0.   83.6 -23.6] | faltou [ 0.7 -0.   0.   0.1 -0.1] graus
[INFO] [1791403756.183488, 614.553000]: [mission] fase "saida_eixo" it0: no frame da parede eixo=-6.9 prof=+4.7 alt=-0.7 mm (tolerância 20/20/15)
[INFO] [1791403756.184576, 614.554000]: [mission] âncora solta — 2 correções de deriva
[INFO] [1791403756.185460, 614.555000]: [mission] fase "saida_eixo" alcançada em 1 iteração(ões) (0.0084 m) — âncora corrigiu 2 vez(es)
[INFO] [1791403756.188107, 614.557000]: [mission] âncora engatada (fase "saida_fora")
[INFO] [1791403759.564445, 617.868000]: [mission] fase "saida_fora" it0: ponta (0.421, 2.675, 0.782) erro=0.0018 | degrau eixo 3.4° | rolagem 3.3° | IK pediu [-28.9 -20.9   0.  104.3 -29.9] | faltou [0. 0. 0. 0. 0.] graus
[INFO] [1791403759.566874, 617.871000]: [mission] fase "saida_fora" it0: no frame da parede eixo=-1.1 prof=+1.4 alt=+0.2 mm (tolerância 30/20/20)
[INFO] [1791403759.568606, 617.873000]: [mission] âncora solta — 2 correções de deriva
[INFO] [1791403759.570089, 617.874000]: [mission] fase "saida_fora" alcançada em 1 iteração(ões) (0.0018 m) — âncora corrigiu 2 vez(es)
[INFO] [1791403759.572440, 617.876000]: [mission] RETRACT/afasta: RECUANDO 0.250 m só com as rodas
[INFO] [1791403764.117409, 622.328000]: [mission] RETRACT/afasta: concluído (0.251 m)
[INFO] [1791403764.118948, 622.329000]: [mission] postura "stow_home" comandada: [0.0, 1.1, -1.04, -1.8, 0.0]
[INFO] [1791403780.857036, 638.730000]: State machine transitioning 'RETRACT':'ok'-->'RETURN'
[INFO] [1791403780.858536, 638.731000]: [mission] RETURN — voltando a (0.00, 1.00, 0.01 rad)
[INFO] [1791403793.775332, 651.432000]: [mission] RETURN: alinhado, avançando (1.18 m)
[INFO] [1791403793.825703, 651.482000]: [mission] teto por postura ativo no drive: v<=0.24 w<=0.50 rampa 0.53/1.51
[INFO] [1791403802.752353, 660.282000]: [mission] RETURN: chegou, ajustando heading final
[INFO] [1791403802.802949, 660.332000]: [mission] teto por postura ativo no drive: v<=0.24 w<=0.50 rampa 0.53/1.51
[INFO] [1791403810.176119, 667.582000]: [mission] RETURN: concluído
[INFO] [1791403810.177360, 667.583000]: State machine terminating 'RETURN':'home':'MISSION_OK'
[INFO] [1791403810.178394, 667.584000]: [mission] resultado: MISSION_OK
... logging to /home/marco/.ros/log/7ed34c18-c289-11f1-b856-b025aa85b2a2/roslaunch-shiroi-3474710.log
Checking log directory for disk usage. This may take a while.
Press Ctrl-C to interrupt
]2;/home/marco/b166er/src/b166er_whole_body_control/launch/chave_mission.launch
[1mstarted roslaunch server http://shiroi:41675/[0m

SUMMARY
========

PARAMETERS
 * /chave_mission/estado_final: 
 * /chave_mission/estado_inicial: STOW_INIT
 * /chave_mission/pausa_por_fase: False
 * /chave_mission/search_omega: 0.35
 * /chave_mission/standoff_distance: 0.62
 * /chave_mission/use_wholebody: False
 * /chave_seccionadora_task/aproxima_lateral/modo: ik
 * /chave_seccionadora_task/aproxima_lateral/offset_xyz_m: [-0.09, 0.008, 0.01]
 * /chave_seccionadora_task/aproxima_lateral/tol_xyz_m: [0.04, 0.008, 0.005]
 * /chave_seccionadora_task/arco1/blade_angle_deg: 15
 * /chave_seccionadora_task/arco1/deriva_eixo_max_m: 0.015
 * /chave_seccionadora_task/arco1/modo: wb
 * /chave_seccionadora_task/arco1/offset_xyz_m: [0.0, 0.0518, -0....
 * /chave_seccionadora_task/arco1/soltura_recuo_min_m: 0.04
 * /chave_seccionadora_task/arco1/tol_xyz_m: [0.04, 0.01, 0.015]
 * /chave_seccionadora_task/arco2/blade_angle_deg: 30
 * /chave_seccionadora_task/arco2/deriva_eixo_max_m: 0.015
 * /chave_seccionadora_task/arco2/modo: wb
 * /chave_seccionadora_task/arco2/offset_xyz_m: [0.0, 0.1, -0.0518]
 * /chave_seccionadora_task/arco2/tol_xyz_m: [0.04, 0.01, 0.015]
 * /chave_seccionadora_task/atravessa/modo: ik
 * /chave_seccionadora_task/atravessa/offset_xyz_m: [-0.008, 0.008, 0...
 * /chave_seccionadora_task/atravessa/tol_xyz_m: [0.008, 0.006, 0....
 * /chave_seccionadora_task/captura/modo: ik
 * /chave_seccionadora_task/captura/offset_xyz_m: [0.0, 0.0, -0.01]
 * /chave_seccionadora_task/captura/tol_xyz_m: [0.04, 0.006, 0.01]
 * /chave_seccionadora_task/desengata/modo: ik
 * /chave_seccionadora_task/desengata/offset_xyz_m: [-0.09, 0.1, -0.0...
 * /chave_seccionadora_task/destrava/curso_estagna_m: 0.01
 * /chave_seccionadora_task/destrava/curso_margem_m: 0.002
 * /chave_seccionadora_task/destrava/curso_min_m: 0.018
 * /chave_seccionadora_task/destrava/curso_teto_m: 0.022
 * /chave_seccionadora_task/destrava/modo: wb
 * /chave_seccionadora_task/destrava/offset_xyz_m: [0.0, 0.0, -0.025]
 * /chave_seccionadora_task/destrava/tol_xyz_m: [0.04, 0.006, 0.004]
 * /chave_seccionadora_task/libera/deriva_eixo_max_m: 0.015
 * /chave_seccionadora_task/libera/modo: wb
 * /chave_seccionadora_task/libera/offset_xyz_m: [0.0, 0.03, -0.025]
 * /chave_seccionadora_task/libera/tol_xyz_m: [0.04, 0.008, 0.006]
 * /chave_seccionadora_task/orienta/modo: ik
 * /chave_seccionadora_task/orienta/offset_xyz_m: [-0.09, 0.15, 0.0...
 * /chave_seccionadora_task/reassenta_sobe/tol_xyz_m: [0.03, 0.02, 0.005]
 * /chave_seccionadora_task/saida_eixo/tol_xyz_m: [0.02, 0.02, 0.015]
 * /chave_seccionadora_task/saida_fora/tol_xyz_m: [0.03, 0.02, 0.02]
 * /chave_seccionadora_task/saida_sobe/tol_xyz_m: [0.03, 0.02, 0.01]
 * /chave_seccionadora_task/target_frame: chave_olhal_link
 * /fuzzy_wb_controller/fixed_gains: []
 * /rosdistro: noetic
 * /rosversion: 1.17.4

NODES
  /
    chave_mission (b166er_whole_body_control/chave_mission.py)

[1mROS_MASTER_URI=http://localhost:11311[0m
]2;/home/marco/b166er/src/b166er_whole_body_control/launch/chave_mission.launch http://localhost:11311
[1mprocess[chave_mission-1]: started with pid [3474754][0m
[1m[chave_mission-1] process has finished cleanly
log file: /home/marco/.ros/log/7ed34c18-c289-11f1-b856-b025aa85b2a2/chave_mission-1*.log[0m
all processes on machine have died, roslaunch will exit
shutting down processing monitor...
... shutting down processing monitor complete
[1mdone[0m
