[31mWARNING: disk usage in log directory [/home/marco/.ros/log] is over 1GB.
It's recommended that you use the 'rosclean' command.[0m
the rosdep view is empty: call 'sudo rosdep init' and 'rosdep update'
[WARN] [1791385527.035312, 1089.119000]: [mission] SEARCH: 15 de 25 amostras descartadas como outlier (>0.15 m ou >0.20 rad da mediana)
[INFO] [1791385499.665776, 1062.112000]: garra_dx = 0.000 m (fechada)
[INFO] [1791385499.708000, 1062.155000]: State machine starting in initial state 'STOW_INIT' with userdata: 
	[]
[INFO] [1791385499.912322, 1062.358000]: [mission] pose de partida registrada: (-0.00, 1.00, 0.00 rad)
[INFO] [1791385499.914853, 1062.360000]: [mission] postura "stow_home" comandada: [0.0, 1.13, -1.04, -1.8, 0.0]
[INFO] [1791385500.524755, 1062.963000]: State machine transitioning 'STOW_INIT':'ok'-->'SEARCH'
[INFO] [1791385500.527334, 1062.965000]: [mission] postura "search" comandada: [0.0, 1.0, -1.0, 0.0, 0.0]
[INFO] [1791385510.958137, 1073.267000]: [mission] SEARCH — girando à procura da tag...
[INFO] [1791385510.959904, 1073.268000]: [mission] SEARCH: amostra quando a tag estiver a raio 0.35-0.50 do quadro (vista oblíqua; omega fina 0.15 rad/s)
[INFO] [1791385512.577204, 1074.870000]: [mission] SEARCH: tag a raio 0.90 — girando até <= 0.50
[INFO] [1791385518.340761, 1080.572000]: [mission] SEARCH: tag a raio 0.50 — parando
[INFO] [1791385518.342395, 1080.573000]: [mission] tag avistada — parando para medir
[INFO] [1791385519.356807, 1081.581000]: [mission] âncora engatada (coleta do SEARCH)
[INFO] [1791385519.358783, 1081.583000]: [mission] SEARCH: coleta com dither ±0.05 rad/s (período 3.0 s)
[INFO] [1791385527.018761, 1089.104000]: [mission] âncora solta — 13 correções de deriva
[INFO] [1791385527.022060, 1089.107000]: [mission] SEARCH: âncora corrigiu a deriva 13 vez(es) durante a coleta
[INFO] [1791385527.036684, 1089.121000]: [mission] SEARCH: 10 amostras — parede (0.008, 3.049, -0.004) yaw=3.073
[INFO] [1791385527.087988, 1089.173000]: [mission] SEARCH: parede pelo LASER — 51 pontos, resíduo 5.4 mm: profundidade +51.2 mm e yaw +3.94° em relação à tag → parede (0.008, 2.998, -0.004) yaw=-3.141
[INFO] [1791385527.089320, 1089.174000]: [mission] parede localizada em (0.008, 2.998, -0.004)
[INFO] [1791385527.092540, 1089.177000]: State machine transitioning 'SEARCH':'found'-->'APPROACH'
[INFO] [1791385527.093651, 1089.178000]: [mission] APPROACH etapa 1/2 — 1.30 m do olhal, alvo (0.21, 1.57, 1.57 rad)
[INFO] [1791385529.611189, 1091.679000]: [mission] APPROACH: alinhado, avançando (0.68 m)
[INFO] [1791385529.661781, 1091.729000]: [mission] teto por postura ativo no drive: v<=0.16 w<=0.50 rampa 0.44/1.51
[INFO] [1791385535.698030, 1097.679000]: [mission] APPROACH: chegou, ajustando heading final
[INFO] [1791385535.749305, 1097.729000]: [mission] teto por postura ativo no drive: v<=0.16 w<=0.50 rampa 0.43/1.51
[INFO] [1791385536.508633, 1098.479000]: [mission] APPROACH: concluído
[INFO] [1791385537.522027, 1099.484000]: [mission] âncora engatada (coleta do APPROACH/remedida)
[INFO] [1791385537.523849, 1099.486000]: [mission] APPROACH/remedida: coleta com dither ±0.05 rad/s (período 3.0 s)
[INFO] [1791385539.291682, 1101.228000]: [mission] âncora solta — 3 correções de deriva
[INFO] [1791385539.294345, 1101.231000]: [mission] APPROACH/remedida: âncora corrigiu a deriva 3 vez(es) durante a coleta
[INFO] [1791385539.297363, 1101.233000]: [mission] APPROACH/remedida: 10 amostras — parede (0.008, 3.038, -0.002) yaw=3.048
[INFO] [1791385539.351568, 1101.286000]: [mission] APPROACH/remedida: parede pelo LASER — 75 pontos, resíduo 5.1 mm: profundidade +35.5 mm e yaw +5.49° em relação à tag → parede (0.008, 3.002, -0.002) yaw=-3.139
[INFO] [1791385539.354919, 1101.290000]: [mission] APPROACH etapa 2/2 — 0.88 m do olhal, alvo (0.38, 1.99, 1.57 rad)
[INFO] [1791385541.227789, 1103.143000]: [mission] APPROACH: alinhado, avançando (0.52 m)
[INFO] [1791385541.277258, 1103.193000]: [mission] teto por postura ativo no drive: v<=0.16 w<=0.50 rampa 0.44/1.52
[INFO] [1791385545.982633, 1107.843000]: [mission] APPROACH: chegou, ajustando heading final
[INFO] [1791385549.737406, 1111.543000]: [mission] APPROACH: concluído
[INFO] [1791385549.744195, 1111.549000]: State machine transitioning 'APPROACH':'arrived'-->'REFINE'
[INFO] [1791385549.746959, 1111.552000]: [mission] REFINE — remedindo a parede de perto (10 amostras)
[INFO] [1791385549.753719, 1111.558000]: [mission] âncora engatada (coleta do REFINE)
[INFO] [1791385549.756163, 1111.561000]: [mission] REFINE: coleta com dither ±0.05 rad/s (período 3.0 s)
[INFO] [1791385550.796724, 1112.588000]: [mission] âncora solta — 1 correções de deriva
[INFO] [1791385550.799084, 1112.591000]: [mission] REFINE: âncora corrigiu a deriva 1 vez(es) durante a coleta
[INFO] [1791385550.802648, 1112.594000]: [mission] REFINE: 10 amostras — parede (0.001, 3.008, -0.000) yaw=3.118
[INFO] [1791385550.856036, 1112.647000]: [mission] REFINE: parede pelo LASER — 80 pontos, resíduo 5.2 mm: profundidade +7.8 mm e yaw +1.25° em relação à tag → parede (0.001, 3.000, -0.000) yaw=3.140
[INFO] [1791385550.858178, 1112.649000]: [mission] REFINE: deslocou 0.008 m da estimativa anterior
[INFO] [1791385550.860384, 1112.651000]: [mission] olhal estimado em (0.201, 2.870, 0.805)
[INFO] [1791385550.868187, 1112.659000]: State machine transitioning 'REFINE':'ok'-->'DEPLOY'
[INFO] [1791385550.870962, 1112.662000]: [mission] DEPLOY: IK resolvida para a POSE DE MANIPULAÇÃO (0.20, 2.25, 1.57 rad), não para a atual
[INFO] [1791385555.585237, 1115.712000]: [mission] DEPLOY: IK nivelada 0.0709 m, só eixo 0.0014 m — a MISSÃO INTEIRA usa "eixo"
[INFO] [1791385555.589785, 1117.376000]: [mission] DEPLOY: IK da ponta resolvida (resíduo 0.0014 m, degrau 0.4°) — pré-posicionando em [-10.9 -46.5  60.   78.5 -10.9] graus
[INFO] [1791385564.476453, 1126.179000]: [mission] plano de exclusão publicado: parede em [ 1.e-03  3.e+00 -0.e+00], normal segura [-0.002 -1.     0.   ]
[INFO] [1791385564.683908, 1126.385000]: [mission] teto por postura ativo no drive: v<=0.24 w<=0.50 rampa 0.53/1.61
[INFO] [1791385569.348799, 1130.985000]: [mission] DEPLOY/aproxima: alinhado, avançando (0.36 m)
[INFO] [1791385573.734318, 1135.335000]: [mission] DEPLOY/aproxima: chegou, ajustando heading final
[INFO] [1791385581.655902, 1143.135000]: [mission] DEPLOY/aproxima: concluído
[INFO] [1791385581.657809, 1143.137000]: State machine transitioning 'DEPLOY':'ok'-->'MANIPULATE'
[INFO] [1791385581.660175, 1143.139000]: [mission] fase "orienta": modo IK iterativa (YAML)
[INFO] [1791385581.665799, 1143.145000]: [mission] âncora engatada (fase "orienta")
[INFO] [1791385586.541155, 1147.952000]: [mission] fase "orienta" it0: ponta (0.299, 2.726, 0.814) erro=0.0109 | degrau eixo 1.1° | rolagem 1.8° | IK pediu [-26.2 -17.    0.2 103.6 -21.1] | faltou [ 0.1  0.2 -0.5 -1.4 -0.3] graus
[INFO] [1791385586.543929, 1147.955000]: [mission] âncora solta — 5 correções de deriva
[INFO] [1791385586.546111, 1147.957000]: [mission] fase "orienta" alcançada em 1 iteração(ões) (0.0109 m) — âncora corrigiu 5 vez(es)
[INFO] [1791385587.056010, 1148.464000]: [mission] fase "aproxima_lateral": modo IK iterativa (YAML)
[INFO] [1791385587.060778, 1148.468000]: [mission] âncora engatada (fase "aproxima_lateral")
[INFO] [1791385590.928216, 1152.293000]: [mission] fase "aproxima_lateral" it0: ponta (0.292, 2.871, 0.807) erro=0.0117 | degrau eixo 8.3° | rolagem 9.3° | IK pediu [-21.2 -12.1  -0.   73.2 -15.2] | faltou [ 0.1 -0.  -0.8 -1.5 -0.3] graus
[INFO] [1791385590.932040, 1152.297000]: [mission] fase "aproxima_lateral" it0: no frame da parede eixo=+1.0 prof=+9.1 alt=+7.4 mm (tolerância 40/8/5)
[INFO] [1791385593.377650, 1154.706000]: [mission] fase "aproxima_lateral" it1: ponta (0.287, 2.855, 0.818) erro=0.0086 | degrau eixo 7.7° | rolagem 8.0° | IK pediu [-21.3 -12.1   0.   75.7 -15.8] | faltou [  0.2   4.4 -10.3   5.   -0. ] graus
[INFO] [1791385593.379408, 1154.708000]: [mission] fase "aproxima_lateral" it1: no frame da parede eixo=-4.2 prof=-7.0 alt=-2.9 mm (tolerância 40/8/5)
[INFO] [1791385593.380572, 1154.709000]: [mission] âncora solta — 5 correções de deriva
[INFO] [1791385593.381775, 1154.710000]: [mission] fase "aproxima_lateral" alcançada em 2 iteração(ões) (0.0086 m) — âncora corrigiu 5 vez(es)
[INFO] [1791385593.895494, 1155.215000]: [mission] fase "atravessa": modo IK iterativa (YAML)
[WARN] [1791385636.330140, 1197.018000]: [mission] destrava: lingueta em 4.1 mm (esperado ≥ 12) — o gatilho pode não ter soltado
[ERROR] [1791385646.424897, 1207.023000]: [mission] fase "libera": ferramenta PERDEU O OLHAL — ponta derivou -53.9 mm ao longo do eixo da chave desde a captura (máx 15); o anel não anda nesse eixo
[WARN] [1791385646.645133, 1207.237000]: [mission] ABORT — parando base e recolhendo braço
[WARN] [1791385647.052857, 1207.639000]: [mission] ABORT: ponta a 0.086 m do olhal — saindo em degraus: sobe 30 mm, 120 mm pelo eixo do furo, 100 mm para fora, antes de recolher
[INFO] [1791385593.899390, 1155.219000]: [mission] âncora engatada (fase "atravessa")
[INFO] [1791385598.537029, 1159.815000]: [mission] fase "atravessa" it0: ponta (0.210, 2.868, 0.794) erro=0.0209 | degrau eixo 4.3° | rolagem 5.6° | IK pediu [-14.5 -13.6  -0.   79.7  -9.9] | faltou [  0.   13.5 -34.3  15.3  -0.1] graus
[INFO] [1791385598.540317, 1159.819000]: [mission] fase "atravessa" it0: no frame da parede eixo=+0.6 prof=+5.8 alt=+20.1 mm (tolerância 8/6/5)
[INFO] [1791385602.762065, 1163.967000]: [mission] fase "atravessa" it1: ponta (0.210, 2.858, 0.809) erro=0.0072 | degrau eixo 3.9° | rolagem 4.6° | IK pediu [-14.5 -12.1  -0.   80.8 -10.2] | faltou [ -0.1  12.4 -32.6  14.8   1.1] graus
[INFO] [1791385602.764436, 1163.969000]: [mission] fase "atravessa" it1: no frame da parede eixo=+0.9 prof=-3.8 alt=+6.0 mm (tolerância 8/6/5)
[INFO] [1791385607.253754, 1168.377000]: [mission] fase "atravessa" it2: ponta (0.211, 2.872, 0.811) erro=0.0108 | degrau eixo 4.0° | rolagem 5.6° | IK pediu [-14.4 -11.3  -0.   79.3 -10. ] | faltou [ -0.1  11.2 -29.2  11.3  -0.2] graus
[INFO] [1791385607.256213, 1168.380000]: [mission] fase "atravessa" it2: no frame da parede eixo=+2.0 prof=+10.0 alt=+3.5 mm (tolerância 8/6/5)
[INFO] [1791385610.775671, 1171.846000]: [mission] fase "atravessa" it3: ponta (0.210, 2.863, 0.811) erro=0.0038 | degrau eixo 3.7° | rolagem 4.7° | IK pediu [-14.4 -11.4  -0.   81.1 -10.1] | faltou [ -0.2  11.8 -31.3  11.9   1.2] graus
[INFO] [1791385610.777189, 1171.847000]: [mission] fase "atravessa" it3: no frame da parede eixo=+1.4 prof=+1.2 alt=+3.3 mm (tolerância 8/6/5)
[INFO] [1791385610.778009, 1171.848000]: [mission] âncora solta — 14 correções de deriva
[INFO] [1791385610.778797, 1171.849000]: [mission] fase "atravessa" alcançada em 4 iteração(ões) (0.0038 m) — âncora corrigiu 14 vez(es)
[INFO] [1791385611.287936, 1172.352000]: [mission] fase "captura": modo IK iterativa (YAML)
[INFO] [1791385611.295980, 1172.358000]: [mission] âncora engatada (fase "captura")
[INFO] [1791385616.426105, 1177.399000]: [mission] fase "captura" it0: ponta (0.209, 2.866, 0.780) erro=0.0167 | degrau eixo 4.3° | rolagem 4.8° | IK pediu [-13.6 -15.8  -0.   80.3  -9.2] | faltou [ -0.6 -13.3  26.1 -15.5   0.1] graus
[INFO] [1791385616.429021, 1177.402000]: [mission] fase "captura" it0: no frame da parede eixo=+7.8 prof=-4.2 alt=+14.2 mm (tolerância 40/6/10)
[INFO] [1791385620.357376, 1181.238000]: [mission] fase "captura" it1: ponta (0.195, 2.868, 0.778) erro=0.0181 | degrau eixo 4.0° | rolagem 7.6° | IK pediu [-12.9 -14.6   0.   80.   -8.8] | faltou [ -0.2   7.4 -24.   13.2  -5.8] graus
[INFO] [1791385620.359947, 1181.241000]: [mission] fase "captura" it1: no frame da parede eixo=-6.3 prof=-2.1 alt=+16.9 mm (tolerância 40/6/10)
[INFO] [1791385629.797908, 1190.575000]: [mission] fase "captura" it2: ponta (0.191, 2.880, 0.803) erro=0.0162 | degrau eixo 4.2° | rolagem 4.8° | IK pediu [-12.9 -12.8  -0.   78.3  -9.2] | faltou [  0.2  -9.8  18.6 -11.4  -0.3] graus
[INFO] [1791385629.800388, 1190.578000]: [mission] fase "captura" it2: no frame da parede eixo=-9.6 prof=+10.0 alt=-8.3 mm (tolerância 40/6/10)
[INFO] [1791385634.063014, 1194.783000]: [mission] fase "captura" it3: ponta (0.194, 2.873, 0.801) erro=0.0103 | degrau eixo 4.2° | rolagem 4.6° | IK pediu [-14.3 -14.    0.   80.7  -9.9] | faltou [ 1.2 -7.6 15.4 -9.2 -0.1] graus
[INFO] [1791385634.065142, 1194.785000]: [mission] fase "captura" it3: no frame da parede eixo=-7.3 prof=+3.5 alt=-6.3 mm (tolerância 40/6/10)
[INFO] [1791385634.066629, 1194.787000]: [mission] âncora solta — 15 correções de deriva
[INFO] [1791385634.067863, 1194.788000]: [mission] fase "captura" alcançada em 4 iteração(ões) (0.0103 m) — âncora corrigiu 15 vez(es)
[INFO] [1791385634.073082, 1194.793000]: [mission] captura: ponta registrada em eixo=+7.3 prof=-3.5 alt=-3.7 mm (zero da descida do destrava e da deriva de eixo)
[INFO] [1791385634.580250, 1195.294000]: [mission] fase "destrava": alvo em altura relativo à captura: -23.7 mm (captura -3.7 − curso 18 − margem 2)
[INFO] [1791385634.582192, 1195.295000]: [mission] fase "destrava": modo whole-body/Fuzzy (YAML)
[INFO] [1791385634.790568, 1195.498000]: [mission] plano de exclusão publicado: parede em [ 1.e-03  3.e+00 -0.e+00], normal segura [-0.002 -1.     0.   ]
[INFO] [1791385635.101933, 1195.805000]: [mission] fase "destrava": whole-body assumiu (base livre, restrita pelo plano de exclusão)
[INFO] [1791385635.103456, 1195.806000]: [mission] fase "destrava": whole-body a 0.0168 m do alvo — eixo=-7.3 prof=+6.1 alt=-13.9 mm
[INFO] [1791385636.114385, 1196.806000]: [mission] fase "destrava" alcançada por whole-body em 1.0s (0.0082 m) — no frame da parede eixo=-8.2 prof=-0.3 alt=-0.9 mm (tolerância 40/6/4)
[INFO] [1791385636.329110, 1197.017000]: [mission] destrava: ponta desceu 18.5 mm desde a captura (critério observável) | lingueta 4.1 mm (só na simulação)
[INFO] [1791385636.836833, 1197.519000]: [mission] fase "libera": modo whole-body/Fuzzy (YAML)
[INFO] [1791385637.039103, 1197.720000]: [mission] plano de exclusão publicado: parede em [ 1.e-03  3.e+00 -0.e+00], normal segura [-0.002 -1.     0.   ]
[INFO] [1791385637.342214, 1198.022000]: [mission] fase "libera": whole-body assumiu (base livre, restrita pelo plano de exclusão)
[INFO] [1791385637.343747, 1198.024000]: [mission] fase "libera": whole-body a 0.0476 m do alvo — eixo=-9.0 prof=+46.3 alt=+6.1 mm
[INFO] [1791385639.466344, 1200.123000]: [mission] fase "libera": whole-body a 0.0519 m do alvo — eixo=-9.1 prof=+50.0 alt=+10.5 mm
[INFO] [1791385641.585369, 1202.223000]: [mission] fase "libera": whole-body a 0.0455 m do alvo — eixo=-9.1 prof=+43.1 alt=+11.1 mm
[INFO] [1791385643.601837, 1204.224000]: [mission] fase "libera": whole-body a 0.0340 m do alvo — eixo=-8.7 prof=+32.0 alt=+7.8 mm
[INFO] [1791385645.722007, 1206.323000]: [mission] fase "libera": whole-body a 0.0094 m do alvo — eixo=+1.0 prof=+9.2 alt=+1.6 mm
[INFO] [1791385646.631230, 1207.225000]: [mission] plano de exclusão publicado: parede em [ 1.e-03  3.e+00 -0.e+00], normal segura [-0.002 -1.     0.   ]
[INFO] [1791385646.642326, 1207.234000]: State machine transitioning 'MANIPULATE':'failed'-->'ABORT_SAFE'
[INFO] [1791385647.057692, 1207.644000]: [mission] âncora engatada (fase "saida_sobe")
[INFO] [1791385650.899030, 1211.448000]: [mission] fase "saida_sobe" it0: ponta (0.292, 2.822, 0.808) erro=0.0251 | degrau eixo 7.8° | rolagem 8.2° | IK pediu [-19.1 -10.    0.   67.3 -12.4] | faltou [ -1.6  -9.9  20.3 -12.8   0.6] graus
[INFO] [1791385650.900462, 1211.450000]: [mission] fase "saida_sobe" it0: no frame da parede eixo=+21.4 prof=-0.0 alt=+13.1 mm (tolerância 30/20/10)
[INFO] [1791385654.786911, 1215.288000]: [mission] fase "saida_sobe" it1: ponta (0.254, 2.826, 0.820) erro=0.0170 | degrau eixo 6.8° | rolagem 7.3° | IK pediu [-17.6  -9.4   0.   68.8 -11.7] | faltou [ -0.   -8.2  16.3 -10.4   0.2] graus
[INFO] [1791385654.791765, 1215.291000]: [mission] fase "saida_sobe" it1: no frame da parede eixo=-16.5 prof=+3.6 alt=+1.8 mm (tolerância 30/20/10)
[INFO] [1791385654.794800, 1215.296000]: [mission] âncora solta — 5 correções de deriva
[INFO] [1791385654.797165, 1215.298000]: [mission] fase "saida_sobe" alcançada em 2 iteração(ões) (0.0170 m) — âncora corrigiu 5 vez(es)
[INFO] [1791385654.805183, 1215.306000]: [mission] âncora engatada (fase "saida_eixo")
[INFO] [1791385658.245034, 1218.711000]: [mission] fase "saida_eixo" it0: ponta (0.389, 2.825, 0.815) erro=0.0078 | degrau eixo 15.2° | rolagem 15.3° | IK pediu [-27.8  -6.9   0.   56.1 -18.3] | faltou [ 0.1 -0.4 -0.1  0.   0.3] graus
[INFO] [1791385658.247322, 1218.713000]: [mission] fase "saida_eixo" it0: no frame da parede eixo=-1.4 prof=+3.7 alt=+6.7 mm (tolerância 20/20/15)
[INFO] [1791385658.249852, 1218.716000]: [mission] âncora solta — 2 correções de deriva
[INFO] [1791385658.250882, 1218.717000]: [mission] fase "saida_eixo" alcançada em 1 iteração(ões) (0.0078 m) — âncora corrigiu 2 vez(es)
[INFO] [1791385658.254651, 1218.720000]: [mission] âncora engatada (fase "saida_fora")
[INFO] [1791385661.906563, 1222.327000]: [mission] fase "saida_fora" it0: ponta (0.390, 2.723, 0.818) erro=0.0037 | degrau eixo 9.4° | rolagem 9.4° | IK pediu [-31.4 -13.5   0.   82.6 -25.8] | faltou [-0.  -0.4  0.   0.3  0.1] graus
[WARN] [1791385681.718258, 1241.894000]: [mission] ABORT — voltando à pose de partida (-0.00, 1.00, 0.00 rad)
[INFO] [1791385661.910413, 1222.331000]: [mission] fase "saida_fora" it0: no frame da parede eixo=-1.1 prof=+1.5 alt=+3.2 mm (tolerância 30/20/20)
[INFO] [1791385661.912294, 1222.334000]: [mission] âncora solta — 2 correções de deriva
[INFO] [1791385661.913920, 1222.335000]: [mission] fase "saida_fora" alcançada em 1 iteração(ões) (0.0037 m) — âncora corrigiu 2 vez(es)
[INFO] [1791385661.915971, 1222.337000]: [mission] ABORT/afasta: RECUANDO 0.250 m só com as rodas
[INFO] [1791385666.514538, 1226.889000]: [mission] ABORT/afasta: concluído (0.251 m)
[INFO] [1791385666.516710, 1226.891000]: [mission] postura "stow_home" comandada: [0.0, 1.13, -1.04, -1.8, 0.0]
[INFO] [1791385695.899179, 1255.896000]: [mission] ABORT/retorno: alinhado, avançando (1.17 m)
[INFO] [1791385695.949118, 1255.946000]: [mission] teto por postura ativo no drive: v<=0.25 w<=0.50 rampa 0.54/1.51
[INFO] [1791385704.875064, 1264.746000]: [mission] ABORT/retorno: chegou, ajustando heading final
[INFO] [1791385704.926066, 1264.796000]: [mission] teto por postura ativo no drive: v<=0.25 w<=0.50 rampa 0.54/1.51
[INFO] [1791385712.135725, 1271.946000]: [mission] ABORT/retorno: concluído
[INFO] [1791385712.137722, 1271.948000]: State machine terminating 'ABORT_SAFE':'aborted':'MISSION_ABORTED'
[INFO] [1791385712.140311, 1271.951000]: [mission] resultado: MISSION_ABORTED
... logging to /home/marco/.ros/log/ef3b2c54-c25d-11f1-b091-b025aa85b2a2/roslaunch-shiroi-3189756.log
Checking log directory for disk usage. This may take a while.
Press Ctrl-C to interrupt
]2;/home/marco/b166er/src/b166er_whole_body_control/launch/chave_mission.launch
[1mstarted roslaunch server http://shiroi:45977/[0m

SUMMARY
========

PARAMETERS
 * /chave_mission/estado_final: 
 * /chave_mission/estado_inicial: STOW_INIT
 * /chave_mission/pausa_por_fase: False
 * /chave_mission/search_omega: 0.35
 * /chave_mission/standoff_distance: 0.62
 * /chave_mission/use_wholebody: False
 * /chave_seccionadora_task/aproxima_lateral/modo: ik
 * /chave_seccionadora_task/aproxima_lateral/offset_xyz_m: [-0.09, 0.008, 0.01]
 * /chave_seccionadora_task/aproxima_lateral/tol_xyz_m: [0.04, 0.008, 0.005]
 * /chave_seccionadora_task/arco1/blade_angle_deg: 15
 * /chave_seccionadora_task/arco1/deriva_eixo_max_m: 0.015
 * /chave_seccionadora_task/arco1/modo: wb
 * /chave_seccionadora_task/arco1/offset_xyz_m: [0.0, 0.0518, -0....
 * /chave_seccionadora_task/arco1/soltura_recuo_min_m: 0.04
 * /chave_seccionadora_task/arco1/tol_xyz_m: [0.04, 0.01, 0.015]
 * /chave_seccionadora_task/arco2/blade_angle_deg: 30
 * /chave_seccionadora_task/arco2/deriva_eixo_max_m: 0.015
 * /chave_seccionadora_task/arco2/modo: wb
 * /chave_seccionadora_task/arco2/offset_xyz_m: [0.0, 0.1, -0.0518]
 * /chave_seccionadora_task/arco2/tol_xyz_m: [0.04, 0.01, 0.015]
 * /chave_seccionadora_task/atravessa/modo: ik
 * /chave_seccionadora_task/atravessa/offset_xyz_m: [-0.008, 0.008, 0...
 * /chave_seccionadora_task/atravessa/tol_xyz_m: [0.008, 0.006, 0....
 * /chave_seccionadora_task/captura/modo: ik
 * /chave_seccionadora_task/captura/offset_xyz_m: [0.0, 0.0, -0.01]
 * /chave_seccionadora_task/captura/tol_xyz_m: [0.04, 0.006, 0.01]
 * /chave_seccionadora_task/desengata/modo: ik
 * /chave_seccionadora_task/desengata/offset_xyz_m: [-0.09, 0.1, -0.0...
 * /chave_seccionadora_task/destrava/curso_estagna_m: 0.01
 * /chave_seccionadora_task/destrava/curso_margem_m: 0.002
 * /chave_seccionadora_task/destrava/curso_min_m: 0.018
 * /chave_seccionadora_task/destrava/curso_teto_m: 0.022
 * /chave_seccionadora_task/destrava/modo: wb
 * /chave_seccionadora_task/destrava/offset_xyz_m: [0.0, 0.0, -0.025]
 * /chave_seccionadora_task/destrava/tol_xyz_m: [0.04, 0.006, 0.004]
 * /chave_seccionadora_task/libera/deriva_eixo_max_m: 0.015
 * /chave_seccionadora_task/libera/modo: wb
 * /chave_seccionadora_task/libera/offset_xyz_m: [0.0, 0.03, -0.025]
 * /chave_seccionadora_task/libera/tol_xyz_m: [0.04, 0.008, 0.006]
 * /chave_seccionadora_task/orienta/modo: ik
 * /chave_seccionadora_task/orienta/offset_xyz_m: [-0.09, 0.15, 0.0...
 * /chave_seccionadora_task/reassenta_sobe/tol_xyz_m: [0.03, 0.02, 0.005]
 * /chave_seccionadora_task/saida_eixo/tol_xyz_m: [0.02, 0.02, 0.015]
 * /chave_seccionadora_task/saida_fora/tol_xyz_m: [0.03, 0.02, 0.02]
 * /chave_seccionadora_task/saida_sobe/tol_xyz_m: [0.03, 0.02, 0.01]
 * /chave_seccionadora_task/target_frame: chave_olhal_link
 * /fuzzy_wb_controller/fixed_gains: []
 * /rosdistro: noetic
 * /rosversion: 1.17.4

NODES
  /
    chave_mission (b166er_whole_body_control/chave_mission.py)

[1mROS_MASTER_URI=http://localhost:11311[0m
]2;/home/marco/b166er/src/b166er_whole_body_control/launch/chave_mission.launch http://localhost:11311
[1mprocess[chave_mission-1]: started with pid [3189800][0m
[1m[chave_mission-1] process has finished cleanly
log file: /home/marco/.ros/log/ef3b2c54-c25d-11f1-b091-b025aa85b2a2/chave_mission-1*.log[0m
all processes on machine have died, roslaunch will exit
shutting down processing monitor...
... shutting down processing monitor complete
[1mdone[0m
