[31mWARNING: disk usage in log directory [/home/marco/.ros/log] is over 1GB.
It's recommended that you use the 'rosclean' command.[0m
the rosdep view is empty: call 'sudo rosdep init' and 'rosdep update'
[WARN] [1791465904.394369, 1621.179000]: [mission] SEARCH: 9 de 25 amostras descartadas como outlier (>0.15 m ou >0.20 rad da mediana)
[WARN] [1791465904.448982, 1621.233000]: [mission] SEARCH: laser com só 19 pontos de parede (mín 30) — parede fica pela tag
[INFO] [1791465878.918379, 1596.156000]: garra_dx = 0.000 m (fechada)
[INFO] [1791465878.993478, 1596.232000]: State machine starting in initial state 'HOME' with userdata: 
	[]
[INFO] [1791465879.296017, 1596.532000]: [mission] pose de partida registrada: (-0.00, 1.00, 0.02 rad)
[INFO] [1791465879.300652, 1596.536000]: [mission] HOME: homing pelos fins de curso (J4, J3, J2)
[INFO] [1791465881.129466, 1598.338000]: [mission] HOME: braço nos fins de curso — partindo daqui para o SEARCH
[INFO] [1791465881.131761, 1598.340000]: State machine transitioning 'HOME':'ok'-->'SEARCH'
[INFO] [1791465881.134995, 1598.343000]: [mission] postura "search" comandada: [0.0, 1.0, -1.0, 0.0, 0.0]
[INFO] [1791465889.081186, 1606.145000]: [mission] SEARCH — girando à procura da tag...
[INFO] [1791465889.082649, 1606.146000]: [mission] SEARCH: amostra quando a tag estiver a raio 0.35-0.50 do quadro (vista oblíqua; omega fina 0.15 rad/s)
[INFO] [1791465890.863095, 1607.897000]: [mission] SEARCH: tag a raio 0.87 — girando até <= 0.50
[INFO] [1791465896.868121, 1613.798000]: [mission] SEARCH: tag a raio 0.50 — parando
[INFO] [1791465896.870392, 1613.800000]: [mission] tag avistada — parando para medir
[INFO] [1791465897.893634, 1614.809000]: [mission] âncora engatada (coleta do SEARCH)
[INFO] [1791465897.895832, 1614.811000]: [mission] SEARCH: coleta com dither ±0.05 rad/s (período 3.0 s)
[INFO] [1791465904.381446, 1621.167000]: [mission] âncora solta — 10 correções de deriva
[INFO] [1791465904.382874, 1621.169000]: [mission] SEARCH: âncora corrigiu a deriva 10 vez(es) durante a coleta
[INFO] [1791465904.396127, 1621.182000]: [mission] SEARCH: 16 amostras — parede (0.013, 2.961, -0.007) yaw=-2.871
[INFO] [1791465904.451768, 1621.236000]: [mission] parede localizada em (0.013, 2.961, -0.007)
[INFO] [1791465904.456091, 1621.241000]: State machine transitioning 'SEARCH':'found'-->'APPROACH'
[INFO] [1791465904.457300, 1621.242000]: [mission] APPROACH etapa 1/2 — 1.30 m do olhal, alvo (0.59, 1.64, 1.84 rad)
[INFO] [1791465904.458242, 1621.243000]: [mission] APPROACH: alinhado, avançando (0.92 m)
[INFO] [1791465904.508377, 1621.293000]: [mission] teto por postura ativo no drive: v<=0.18 w<=0.50 rampa 0.46/1.51
[INFO] [1791465911.836084, 1628.493000]: [mission] APPROACH: chegou, ajustando heading final
[INFO] [1791465911.886112, 1628.543000]: [mission] teto por postura ativo no drive: v<=0.18 w<=0.50 rampa 0.46/1.51
[INFO] [1791465915.331007, 1631.943000]: [mission] APPROACH: concluído
[INFO] [1791465916.348799, 1632.949000]: [mission] âncora engatada (coleta do APPROACH/remedida)
[INFO] [1791465916.350093, 1632.950000]: [mission] APPROACH/remedida: coleta com dither ±0.05 rad/s (período 3.0 s)
[INFO] [1791465917.484242, 1634.076000]: [mission] âncora solta — 1 correções de deriva
[INFO] [1791465917.485533, 1634.077000]: [mission] APPROACH/remedida: âncora corrigiu a deriva 1 vez(es) durante a coleta
[INFO] [1791465917.487294, 1634.079000]: [mission] APPROACH/remedida: 10 amostras — parede (0.002, 3.009, -0.003) yaw=3.130
[INFO] [1791465917.541732, 1634.132000]: [mission] APPROACH/remedida: parede pelo LASER — 60 pontos, resíduo 4.9 mm: profundidade +8.7 mm e yaw +0.64° em relação à tag → parede (0.002, 3.000, -0.003) yaw=3.141
[INFO] [1791465917.543266, 1634.133000]: [mission] APPROACH etapa 2/2 — 0.88 m do olhal, alvo (0.37, 1.99, 1.57 rad)
[INFO] [1791465919.726552, 1636.285000]: [mission] APPROACH: alinhado, avançando (0.53 m)
[INFO] [1791465919.777910, 1636.336000]: [mission] teto por postura ativo no drive: v<=0.18 w<=0.50 rampa 0.46/1.51
[INFO] [1791465924.537084, 1640.985000]: [mission] APPROACH: chegou, ajustando heading final
[INFO] [1791465928.204924, 1644.585000]: [mission] APPROACH: concluído
[INFO] [1791465928.215363, 1644.595000]: State machine transitioning 'APPROACH':'arrived'-->'REFINE'
[INFO] [1791465928.218604, 1644.598000]: [mission] REFINE — remedindo a parede de perto (10 amostras)
[INFO] [1791465928.227654, 1644.607000]: [mission] âncora engatada (coleta do REFINE)
[INFO] [1791465928.230509, 1644.610000]: [mission] REFINE: coleta com dither ±0.05 rad/s (período 3.0 s)
[INFO] [1791465929.378408, 1645.742000]: [mission] âncora solta — 2 correções de deriva
[INFO] [1791465929.380256, 1645.744000]: [mission] REFINE: âncora corrigiu a deriva 2 vez(es) durante a coleta
[INFO] [1791465929.382805, 1645.746000]: [mission] REFINE: 10 amostras — parede (0.001, 2.988, 0.000) yaw=-3.121
[INFO] [1791465929.436160, 1645.799000]: [mission] REFINE: parede pelo LASER — 86 pontos, resíduo 5.1 mm: profundidade -12.0 mm e yaw -1.20° em relação à tag → parede (0.001, 3.000, 0.000) yaw=-3.142
[INFO] [1791465929.438471, 1645.801000]: [mission] REFINE: deslocou 0.004 m da estimativa anterior
[INFO] [1791465929.439878, 1645.803000]: [mission] olhal estimado em (0.201, 2.870, 0.805)
[INFO] [1791465929.446706, 1645.810000]: State machine transitioning 'REFINE':'ok'-->'DEPLOY'
[INFO] [1791465929.449137, 1645.812000]: [mission] DEPLOY: IK resolvida para a POSE DE MANIPULAÇÃO (0.20, 2.25, 1.57 rad), não para a atual
[INFO] [1791465934.481497, 1650.498000]: [mission] DEPLOY: IK nivelada 0.0707 m, só eixo 0.0014 m — a MISSÃO INTEIRA usa "eixo"
[INFO] [1791465934.485595, 1650.842000]: [mission] DEPLOY: IK da ponta resolvida (resíduo 0.0014 m, degrau 0.4°) — pré-posicionando em [-10.9 -46.3  60.   78.4 -10.9] graus
[INFO] [1791465945.473408, 1661.644000]: [mission] plano de exclusão publicado: parede em [1.e-03 3.e+00 0.e+00], normal segura [ 0. -1.  0.]
[INFO] [1791465945.681581, 1661.852000]: [mission] teto por postura ativo no drive: v<=0.25 w<=0.50 rampa 0.54/1.61
[INFO] [1791465947.146892, 1663.302000]: [mission] DEPLOY/aproxima: alinhado, avançando (0.36 m)
[INFO] [1791465951.112591, 1667.202000]: [mission] DEPLOY/aproxima: chegou, ajustando heading final
[INFO] [1791465954.973403, 1671.002000]: [mission] DEPLOY/aproxima: concluído
[INFO] [1791465954.974499, 1671.003000]: State machine transitioning 'DEPLOY':'ok'-->'MANIPULATE'
[INFO] [1791465954.975749, 1671.004000]: [mission] fase "orienta": modo IK iterativa (YAML)
[INFO] [1791465954.980004, 1671.008000]: [mission] âncora engatada (fase "orienta")
[INFO] [1791465964.298373, 1680.176000]: [mission] fase "orienta" it0: ponta (0.295, 2.723, 0.813) erro=0.0052 | degrau eixo 0.1° | rolagem 0.1° | IK pediu [-13.8 -42.1  52.2  79.2  -8.9] | faltou [-0.1 -0.1  0.1 -0.1 -0.1] graus
[INFO] [1791465964.301046, 1680.179000]: [mission] âncora solta — 4 correções de deriva
[INFO] [1791465964.302163, 1680.180000]: [mission] fase "orienta" alcançada em 1 iteração(ões) (0.0052 m) — âncora corrigiu 4 vez(es)
[INFO] [1791465964.811263, 1680.684000]: [mission] fase "aproxima_lateral": modo IK iterativa (YAML)
[INFO] [1791465964.814323, 1680.687000]: [mission] âncora engatada (fase "aproxima_lateral")
[INFO] [1791465969.811002, 1685.591000]: [mission] fase "aproxima_lateral" it0: ponta (0.289, 2.867, 0.813) erro=0.0066 | degrau eixo 2.2° | rolagem 2.2° | IK pediu [-11.7 -16.1   2.5  85.4  -6.6] | faltou [0. 0. 0. 0. 0.] graus
[INFO] [1791465969.815306, 1685.594000]: [mission] fase "aproxima_lateral" it0: no frame da parede eixo=-2.3 prof=+5.7 alt=+2.4 mm (tolerância 40/8/5)
[INFO] [1791465969.817483, 1685.598000]: [mission] âncora solta — 1 correções de deriva
[INFO] [1791465969.819077, 1685.599000]: [mission] fase "aproxima_lateral" alcançada em 1 iteração(ões) (0.0066 m) — âncora corrigiu 1 vez(es)
[INFO] [1791465970.331948, 1686.107000]: [mission] fase "atravessa": modo IK iterativa (YAML)
[INFO] [1791465970.339793, 1686.115000]: [mission] âncora engatada (fase "atravessa")
[INFO] [1791465977.214481, 1692.823000]: [mission] fase "atravessa" it0: ponta (0.208, 2.869, 0.802) erro=0.0148 | degrau eixo 0.1° | rolagem 0.1° | IK pediu [ -4.5 -16.7   3.3  87.3   0.4] | faltou [  0.2  11.8 -29.8  13.2  -0.1] graus
[INFO] [1791465977.218304, 1692.827000]: [mission] fase "atravessa" it0: no frame da parede eixo=-1.1 prof=+7.1 alt=+13.0 mm (tolerância 8/6/5)
[INFO] [1791465986.342906, 1701.735000]: [mission] fase "atravessa" it1: ponta (0.208, 2.860, 0.823) erro=0.0083 | degrau eixo 0.1° | rolagem 0.1° | IK pediu [ -4.4  -3.1 -25.1 102.    0.2] | faltou [0. 0. 0. 0. 0.] graus
[ERROR] [1791466074.995281, 1787.851000]: [mission] fase "captura": 5 iterações sem fechar (0.0922 m, tolerância 0.020)
[WARN] [1791466075.008686, 1787.862000]: [mission] ABORT — parando base e recolhendo braço
[WARN] [1791466075.425344, 1788.265000]: [mission] ABORT: ponta a 0.102 m do olhal — saindo em degraus: sobe 30 mm, 120 mm pelo eixo do furo, 100 mm para fora, antes de recolher
[WARN] [1791466115.948724, 1828.052000]: [mission] ABORT — voltando à pose de partida (-0.00, 1.00, 0.02 rad)
[INFO] [1791465986.344774, 1701.737000]: [mission] fase "atravessa" it1: no frame da parede eixo=-1.0 prof=-1.9 alt=-8.0 mm (tolerância 8/6/5)
[INFO] [1791465988.916210, 1704.245000]: [mission] fase "atravessa" it2: ponta (0.211, 2.859, 0.814) erro=0.0034 | degrau eixo 0.1° | rolagem 0.0° | IK pediu [ -4.6  -3.8 -25.4 101.9   0.2] | faltou [ 0.   1.6 -4.9  1.8 -0.2] graus
[INFO] [1791465988.918214, 1704.247000]: [mission] fase "atravessa" it2: no frame da parede eixo=+1.9 prof=-2.5 alt=+1.5 mm (tolerância 8/6/5)
[INFO] [1791465988.919092, 1704.248000]: [mission] âncora solta — 9 correções de deriva
[INFO] [1791465988.919801, 1704.249000]: [mission] fase "atravessa" alcançada em 3 iteração(ões) (0.0034 m) — âncora corrigiu 9 vez(es)
[INFO] [1791465989.436240, 1704.753000]: [mission] fase "captura": modo IK iterativa (YAML)
[INFO] [1791465989.442872, 1704.758000]: [mission] âncora engatada (fase "captura")
[INFO] [1791466005.567831, 1720.365000]: [mission] fase "captura" it0: ponta (0.208, 2.857, 0.812) erro=0.0221 | degrau eixo 0.4° | rolagem 0.3° | IK pediu [ -3.8  -4.8 -28.4 102.    1. ] | faltou [ -0.5 -13.6  33.3 -13.5   0.3] graus
[INFO] [1791466005.570910, 1720.368000]: [mission] fase "captura" it0: no frame da parede eixo=+7.0 prof=-12.9 alt=-16.5 mm (tolerância 8/6/10)
[INFO] [1791466016.965849, 1731.399000]: [mission] fase "captura" it1: ponta (0.208, 2.815, 0.798) erro=0.0551 | degrau eixo 0.6° | rolagem 0.4° | IK pediu [ -3.2 -19.7   2.2  85.9   1.4] | faltou [ -1.2   8.2 -19.2  22.6   0.7] graus
[INFO] [1791466016.970510, 1731.404000]: [mission] fase "captura" it1: no frame da parede eixo=+7.1 prof=-54.6 alt=-3.0 mm (tolerância 8/6/10)
[INFO] [1791466038.268613, 1752.110000]: [mission] fase "captura" it2: ponta (0.210, 2.863, 0.807) erro=0.0162 | degrau eixo 1.0° | rolagem 0.8° | IK pediu [ -3.   -9.3 -16.   84.    1.7] | faltou [-1.7  1.7 -4.1 15.8  0.9] graus
[INFO] [1791466038.271953, 1752.113000]: [mission] fase "captura" it2: no frame da parede eixo=+9.1 prof=-7.1 alt=-11.4 mm (tolerância 8/6/10)
[INFO] [1791466052.988050, 1766.387000]: [mission] fase "captura" it3: ponta (0.223, 2.880, 0.798) erro=0.0242 | degrau eixo 1.4° | rolagem 1.6° | IK pediu [ -2.4 -11.4 -12.6  81.2   2.1] | faltou [-3.4  2.3 -4.8 13.5  1.8] graus
[INFO] [1791466052.991615, 1766.391000]: [mission] fase "captura" it3: no frame da parede eixo=+21.9 prof=+10.0 alt=-2.2 mm (tolerância 8/6/10)
[INFO] [1791466074.985064, 1787.841000]: [mission] fase "captura" it4: ponta (0.210, 2.885, 0.705) erro=0.0922 | degrau eixo 2.0° | rolagem 2.6° | IK pediu [ -0.9 -15.9  -4.4  79.5   3.4] | faltou [ -3.6 -30.5  47.9 -21.6   0.3] graus
[INFO] [1791466074.990152, 1787.846000]: [mission] fase "captura" it4: no frame da parede eixo=+8.8 prof=+14.9 alt=+90.6 mm (tolerância 8/6/10)
[INFO] [1791466074.992747, 1787.849000]: [mission] âncora solta — 13 correções de deriva
[INFO] [1791466075.005172, 1787.860000]: State machine transitioning 'MANIPULATE':'failed'-->'ABORT_SAFE'
[INFO] [1791466075.428582, 1788.268000]: [mission] âncora engatada (fase "saida_sobe")
[INFO] [1791466078.421035, 1791.198000]: [mission] fase "saida_sobe" it0: ponta (0.210, 2.887, 0.733) erro=0.0035 | degrau eixo 0.1° | rolagem 0.1° | IK pediu [ -4.3 -42.8  43.5  56.7   0.2] | faltou [0. 0. 0. 0. 0.] graus
[INFO] [1791466078.422934, 1791.200000]: [mission] fase "saida_sobe" it0: no frame da parede eixo=-0.3 prof=+2.7 alt=+2.3 mm (tolerância 30/20/10)
[INFO] [1791466078.424151, 1791.201000]: [mission] âncora solta — 1 correções de deriva
[INFO] [1791466078.424984, 1791.202000]: [mission] fase "saida_sobe" alcançada em 1 iteração(ões) (0.0035 m) — âncora corrigiu 1 vez(es)
[INFO] [1791466078.427387, 1791.204000]: [mission] âncora engatada (fase "saida_eixo")
[INFO] [1791466085.807305, 1798.414000]: [mission] fase "saida_eixo" it0: ponta (0.333, 2.888, 0.736) erro=0.0042 | degrau eixo 4.7° | rolagem 4.8° | IK pediu [-14.7 -23.5   0.   85.8  -9.1] | faltou [-0.6 -3.4  7.9 -4.7 -0.1] graus
[INFO] [1791466085.811229, 1798.417000]: [mission] fase "saida_eixo" it0: no frame da parede eixo=+2.8 prof=+3.0 alt=-0.8 mm (tolerância 20/20/15)
[INFO] [1791466085.814010, 1798.420000]: [mission] âncora solta — 4 correções de deriva
[INFO] [1791466085.817938, 1798.424000]: [mission] fase "saida_eixo" alcançada em 1 iteração(ões) (0.0042 m) — âncora corrigiu 4 vez(es)
[INFO] [1791466085.823176, 1798.429000]: [mission] âncora engatada (fase "saida_fora")
[INFO] [1791466094.183663, 1806.635000]: [mission] fase "saida_fora" it0: ponta (0.331, 2.786, 0.735) erro=0.0016 | degrau eixo 1.8° | rolagem 1.8° | IK pediu [-16.7 -27.7   0.2 108.7 -12. ] | faltou [-0.1 -1.7  3.8 -2.2 -0. ] graus
[INFO] [1791466094.188746, 1806.640000]: [mission] fase "saida_fora" it0: no frame da parede eixo=+1.0 prof=+1.2 alt=-0.4 mm (tolerância 30/20/20)
[INFO] [1791466094.191744, 1806.643000]: [mission] âncora solta — 3 correções de deriva
[INFO] [1791466094.192966, 1806.645000]: [mission] fase "saida_fora" alcançada em 1 iteração(ões) (0.0016 m) — âncora corrigiu 3 vez(es)
[INFO] [1791466094.193716, 1806.645000]: [mission] ABORT/afasta: RECUANDO 0.250 m só com as rodas
[INFO] [1791466098.674670, 1811.047000]: [mission] ABORT/afasta: concluído (0.252 m)
[INFO] [1791466098.677188, 1811.050000]: [mission] postura "stow_home" comandada: [0.0, 1.1, -1.04, -1.8, 0.0]
[INFO] [1791466128.675116, 1840.553000]: [mission] ABORT/retorno: alinhado, avançando (1.30 m)
[INFO] [1791466128.726158, 1840.603000]: [mission] teto por postura ativo no drive: v<=0.24 w<=0.50 rampa 0.53/1.50
[INFO] [1791466138.510060, 1850.253000]: [mission] ABORT/retorno: chegou, ajustando heading final
[INFO] [1791466138.560748, 1850.303000]: [mission] teto por postura ativo no drive: v<=0.24 w<=0.50 rampa 0.53/1.51
[INFO] [1791466145.582456, 1857.203000]: [mission] ABORT/retorno: concluído
[INFO] [1791466145.585617, 1857.206000]: State machine terminating 'ABORT_SAFE':'aborted':'MISSION_ABORTED'
[INFO] [1791466145.589097, 1857.209000]: [mission] resultado: MISSION_ABORTED
... logging to /home/marco/.ros/log/d0a0a55c-c317-11f1-b768-b025aa85b2a2/roslaunch-shiroi-3669268.log
Checking log directory for disk usage. This may take a while.
Press Ctrl-C to interrupt
]2;/home/marco/b166er/src/b166er_whole_body_control/launch/chave_mission.launch
[1mstarted roslaunch server http://shiroi:34549/[0m

SUMMARY
========

PARAMETERS
 * /chave_mission/estado_final: 
 * /chave_mission/estado_inicial: HOME
 * /chave_mission/pausa_por_fase: False
 * /chave_mission/search_omega: 0.35
 * /chave_mission/standoff_distance: 0.62
 * /chave_mission/use_wholebody: False
 * /chave_seccionadora_task/aproxima_lateral/modo: ik
 * /chave_seccionadora_task/aproxima_lateral/offset_xyz_m: [-0.09, 0.008, 0.01]
 * /chave_seccionadora_task/aproxima_lateral/tol_xyz_m: [0.04, 0.008, 0.005]
 * /chave_seccionadora_task/arco1/blade_angle_deg: 15
 * /chave_seccionadora_task/arco1/deriva_eixo_max_m: 0.015
 * /chave_seccionadora_task/arco1/modo: wb
 * /chave_seccionadora_task/arco1/offset_xyz_m: [0.0, 0.0518, -0....
 * /chave_seccionadora_task/arco1/soltura_recuo_min_m: 0.04
 * /chave_seccionadora_task/arco1/tol_xyz_m: [0.04, 0.01, 0.015]
 * /chave_seccionadora_task/arco2/blade_angle_deg: 30
 * /chave_seccionadora_task/arco2/deriva_eixo_max_m: 0.015
 * /chave_seccionadora_task/arco2/modo: wb
 * /chave_seccionadora_task/arco2/offset_xyz_m: [0.0, 0.1, -0.0518]
 * /chave_seccionadora_task/arco2/tol_xyz_m: [0.04, 0.01, 0.015]
 * /chave_seccionadora_task/atravessa/modo: ik
 * /chave_seccionadora_task/atravessa/offset_xyz_m: [-0.008, 0.008, 0...
 * /chave_seccionadora_task/atravessa/tol_xyz_m: [0.008, 0.006, 0....
 * /chave_seccionadora_task/captura/modo: ik
 * /chave_seccionadora_task/captura/offset_xyz_m: [0.0, 0.0, -0.01]
 * /chave_seccionadora_task/captura/tol_xyz_m: [0.008, 0.006, 0.01]
 * /chave_seccionadora_task/desengata/modo: ik
 * /chave_seccionadora_task/desengata/offset_xyz_m: [-0.09, 0.1, -0.0...
 * /chave_seccionadora_task/destrava/curso_estagna_m: 0.01
 * /chave_seccionadora_task/destrava/curso_margem_m: 0.002
 * /chave_seccionadora_task/destrava/curso_min_m: 0.018
 * /chave_seccionadora_task/destrava/curso_teto_m: 0.022
 * /chave_seccionadora_task/destrava/modo: wb
 * /chave_seccionadora_task/destrava/offset_xyz_m: [0.0, 0.0, -0.025]
 * /chave_seccionadora_task/destrava/tol_xyz_m: [0.01, 0.006, 0.004]
 * /chave_seccionadora_task/libera/deriva_eixo_max_m: 0.015
 * /chave_seccionadora_task/libera/modo: wb
 * /chave_seccionadora_task/libera/offset_xyz_m: [0.0, 0.03, -0.025]
 * /chave_seccionadora_task/libera/tol_xyz_m: [0.04, 0.008, 0.006]
 * /chave_seccionadora_task/orienta/modo: ik
 * /chave_seccionadora_task/orienta/offset_xyz_m: [-0.09, 0.15, 0.0...
 * /chave_seccionadora_task/reassenta_sobe/tol_xyz_m: [0.03, 0.02, 0.005]
 * /chave_seccionadora_task/saida_eixo/tol_xyz_m: [0.02, 0.02, 0.015]
 * /chave_seccionadora_task/saida_fora/tol_xyz_m: [0.03, 0.02, 0.02]
 * /chave_seccionadora_task/saida_sobe/tol_xyz_m: [0.03, 0.02, 0.01]
 * /chave_seccionadora_task/target_frame: chave_olhal_link
 * /fuzzy_wb_controller/fixed_gains: []
 * /rosdistro: noetic
 * /rosversion: 1.17.4

NODES
  /
    chave_mission (b166er_whole_body_control/chave_mission.py)

[1mROS_MASTER_URI=http://localhost:11311[0m
]2;/home/marco/b166er/src/b166er_whole_body_control/launch/chave_mission.launch http://localhost:11311
[1mprocess[chave_mission-1]: started with pid [3669312][0m
[1m[chave_mission-1] process has finished cleanly
log file: /home/marco/.ros/log/d0a0a55c-c317-11f1-b768-b025aa85b2a2/chave_mission-1*.log[0m
all processes on machine have died, roslaunch will exit
shutting down processing monitor...
... shutting down processing monitor complete
[1mdone[0m
