[31mWARNING: disk usage in log directory [/home/marco/.ros/log] is over 1GB.
It's recommended that you use the 'rosclean' command.[0m
the rosdep view is empty: call 'sudo rosdep init' and 'rosdep update'
[WARN] [1790812297.045451, 489.060000]: [mission] SEARCH: ajuste não convergiu em 8s (raio 0.54) — amostrando assim mesmo
[WARN] [1790812305.705993, 497.589000]: [mission] SEARCH: 8 de 25 amostras descartadas como outlier (>0.15 m ou >0.20 rad da mediana)
[INFO] [1790812280.222493, 472.513000]: garra_dx = 0.000 m (fechada)
[INFO] [1790812280.309293, 472.601000]: State machine starting in initial state 'STOW_INIT' with userdata: 
	[]
[INFO] [1790812280.512421, 472.802000]: [mission] pose de partida registrada: (0.01, 1.00, 0.02 rad)
[INFO] [1790812280.514182, 472.803000]: [mission] postura "stow_home" comandada: [0.0, 1.13, -1.04, -1.8, 0.0]
[INFO] [1790812280.616251, 472.906000]: State machine transitioning 'STOW_INIT':'ok'-->'SEARCH'
[INFO] [1790812280.617627, 472.907000]: [mission] postura "search" comandada: [0.0, 1.0, -1.0, 0.0, 0.0]
[INFO] [1790812286.722306, 478.908000]: [mission] SEARCH — girando à procura da tag...
[INFO] [1790812286.722930, 478.908000]: [mission] SEARCH: amostra quando a tag estiver a raio 0.35-0.50 do quadro (vista oblíqua; omega fina 0.15 rad/s)
[INFO] [1790812288.879695, 481.009000]: [mission] SEARCH: tag a raio 0.83 — girando até <= 0.50
[INFO] [1790812297.047220, 489.061000]: [mission] tag avistada — parando para medir
[INFO] [1790812298.066002, 490.070000]: [mission] âncora engatada (coleta do SEARCH)
[INFO] [1790812298.068120, 490.072000]: [mission] SEARCH: coleta com dither ±0.05 rad/s (período 3.0 s)
[INFO] [1790812305.682492, 497.569000]: [mission] âncora solta — 16 correções de deriva
[INFO] [1790812305.684561, 497.571000]: [mission] SEARCH: âncora corrigiu a deriva 16 vez(es) durante a coleta
[INFO] [1790812305.708391, 497.594000]: [mission] SEARCH: 17 amostras — parede (0.021, 3.112, -0.004) yaw=2.914
[INFO] [1790812305.710003, 497.595000]: [mission] parede localizada em (0.021, 3.112, -0.004)
[INFO] [1790812305.720775, 497.606000]: State machine transitioning 'SEARCH':'found'-->'APPROACH'
[INFO] [1790812305.724052, 497.609000]: [mission] APPROACH etapa 1/2 — 1.30 m do olhal, alvo (-0.11, 1.67, 1.34 rad)
[INFO] [1790812305.727958, 497.613000]: [mission] teto por postura ativo no drive: v<=0.17 w<=0.50 rampa 0.45/1.52
[INFO] [1790812309.954166, 501.762000]: [mission] APPROACH: alinhado, avançando (0.85 m)
[INFO] [1790812316.803425, 508.512000]: [mission] APPROACH: chegou, ajustando heading final
[INFO] [1790812316.854225, 508.562000]: [mission] teto por postura ativo no drive: v<=0.17 w<=0.50 rampa 0.45/1.52
[INFO] [1790812320.965626, 512.612000]: [mission] APPROACH: concluído
[INFO] [1790812321.983473, 513.616000]: [mission] âncora engatada (coleta do APPROACH/remedida)
[INFO] [1790812321.985318, 513.618000]: [mission] APPROACH/remedida: coleta com dither ±0.05 rad/s (período 3.0 s)
[INFO] [1790812323.130587, 514.751000]: [mission] âncora solta — 1 correções de deriva
[INFO] [1790812323.131799, 514.752000]: [mission] APPROACH/remedida: âncora corrigiu a deriva 1 vez(es) durante a coleta
[INFO] [1790812323.133157, 514.753000]: [mission] APPROACH/remedida: 10 amostras — parede (-0.000, 2.983, -0.001) yaw=-3.110
[INFO] [1790812323.134239, 514.754000]: [mission] APPROACH etapa 2/2 — 0.88 m do olhal, alvo (0.40, 1.99, 1.60 rad)
[INFO] [1790812323.135616, 514.756000]: [mission] teto por postura ativo no drive: v<=0.17 w<=0.50 rampa 0.45/1.52
[INFO] [1790812327.589966, 519.105000]: [mission] APPROACH: alinhado, avançando (0.66 m)
[INFO] [1790812332.992347, 524.455000]: [mission] APPROACH: chegou, ajustando heading final
[INFO] [1790812333.044245, 524.506000]: [mission] teto por postura ativo no drive: v<=0.17 w<=0.50 rampa 0.45/1.52
[INFO] [1790812338.533554, 529.905000]: [mission] APPROACH: concluído
[INFO] [1790812338.538854, 529.910000]: State machine transitioning 'APPROACH':'arrived'-->'REFINE'
[INFO] [1790812338.541205, 529.912000]: [mission] REFINE — remedindo a parede de perto (10 amostras)
[INFO] [1790812338.544188, 529.915000]: [mission] âncora engatada (coleta do REFINE)
[INFO] [1790812338.545352, 529.917000]: [mission] REFINE: coleta com dither ±0.05 rad/s (período 3.0 s)
[INFO] [1790812339.697542, 531.045000]: [mission] âncora solta — 3 correções de deriva
[INFO] [1790812339.700066, 531.047000]: [mission] REFINE: âncora corrigiu a deriva 3 vez(es) durante a coleta
[INFO] [1790812339.702345, 531.048000]: [mission] REFINE: 10 amostras — parede (0.002, 3.002, -0.002) yaw=-3.141
[INFO] [1790812339.704672, 531.051000]: [mission] REFINE: deslocou 0.019 m da estimativa anterior
[INFO] [1790812339.707026, 531.053000]: [mission] olhal estimado em (0.202, 2.872, 0.803)
[INFO] [1790812339.714862, 531.061000]: State machine transitioning 'REFINE':'ok'-->'DEPLOY'
[INFO] [1790812339.716747, 531.063000]: [mission] DEPLOY: IK resolvida para a POSE DE MANIPULAÇÃO (0.20, 2.25, 1.57 rad), não para a atual
[INFO] [1790812344.613967, 534.968000]: [mission] DEPLOY: IK nivelada 0.0714 m, só eixo 0.0013 m — a MISSÃO INTEIRA usa "eixo"
[INFO] [1790812344.616604, 535.958000]: [mission] DEPLOY: IK da ponta resolvida (resíduo 0.0013 m, degrau 0.4°) — pré-posicionando em [-10.9 -46.7  60.   78.6  79.1] graus
[INFO] [1790812351.604440, 542.859000]: [mission] plano de exclusão publicado: parede em [ 2.000e-03  3.002e+00 -2.000e-03], normal segura [ 0.001 -1.     0.   ]
[INFO] [1790812351.809900, 543.064000]: [mission] teto por postura ativo no drive: v<=0.23 w<=0.50 rampa 0.52/1.64
[INFO] [1790812355.749863, 546.964000]: [mission] DEPLOY/aproxima: alinhado, avançando (0.44 m)
[INFO] [1790812360.119310, 551.264000]: [mission] DEPLOY/aproxima: chegou, ajustando heading final
[INFO] [1790812365.023616, 556.065000]: [mission] DEPLOY/aproxima: concluído
[INFO] [1790812365.026133, 556.068000]: State machine transitioning 'DEPLOY':'ok'-->'MANIPULATE'
[INFO] [1790812365.028519, 556.070000]: [mission] fase "orienta": modo IK iterativa (YAML)
[INFO] [1790812365.034366, 556.076000]: [mission] âncora engatada (fase "orienta")
[INFO] [1790812369.624710, 560.601000]: [mission] fase "orienta" it0: ponta (0.295, 2.725, 0.810) erro=0.0039 | degrau eixo 0.5° | rolagem 0.5° | IK pediu [-19.6 -19.6   5.6 102.   75.4] | faltou [0. 0. 0. 0. 0.] graus
[INFO] [1790812369.629298, 560.605000]: [mission] âncora solta — 1 correções de deriva
[INFO] [1790812369.632781, 560.609000]: [mission] fase "orienta" alcançada em 1 iteração(ões) (0.0039 m) — âncora corrigiu 1 vez(es)
[INFO] [1790812370.153942, 561.119000]: [mission] fase "aproxima_lateral": modo IK iterativa (YAML)
[INFO] [1790812370.159828, 561.124000]: [mission] âncora engatada (fase "aproxima_lateral")
[INFO] [1790812373.332954, 564.230000]: [mission] fase "aproxima_lateral" it0: ponta (0.293, 2.870, 0.808) erro=0.0075 | degrau eixo 5.7° | rolagem 5.6° | IK pediu [-16.3 -12.2  -0.   73.1  79.7] | faltou [ 0.  -0.5  0.2  0.7  0. ] graus
[INFO] [1790812373.336999, 564.235000]: [mission] fase "aproxima_lateral" it0: no frame da parede eixo=+0.5 prof=+5.2 alt=+5.3 mm (tolerância 40/8/5)
[INFO] [1790812374.867060, 565.741000]: [mission] fase "aproxima_lateral" it1: ponta (0.292, 2.863, 0.812) erro=0.0023 | degrau eixo 5.5° | rolagem 5.6° | IK pediu [-16.4 -12.1   0.   74.4  79.4] | faltou [ 0.1 -0.5  0.2 -0.6  0.2] graus
[INFO] [1790812374.869441, 565.743000]: [mission] fase "aproxima_lateral" it1: no frame da parede eixo=+0.0 prof=-2.0 alt=+1.2 mm (tolerância 40/8/5)
[INFO] [1790812374.870594, 565.745000]: [mission] âncora solta — 1 correções de deriva
[INFO] [1790812374.871425, 565.745000]: [mission] fase "aproxima_lateral" alcançada em 2 iteração(ões) (0.0023 m) — âncora corrigiu 1 vez(es)
[INFO] [1790812375.383096, 566.250000]: [mission] fase "atravessa": modo IK iterativa (YAML)
[INFO] [1790812375.389935, 566.256000]: [mission] âncora engatada (fase "atravessa")
[INFO] [1790812377.132393, 567.960000]: [mission] fase "atravessa" it0: ponta (0.211, 2.869, 0.808) erro=0.0072 | degrau eixo 2.3° | rolagem 2.4° | IK pediu [ -9.6 -13.1   0.1  76.5  85.4] | faltou [-0.2 -0.2 -0.4 -0.4 -0.1] graus
[INFO] [1790812377.137392, 567.966000]: [mission] fase "atravessa" it0: no frame da parede eixo=+0.7 prof=+4.9 alt=+5.2 mm (tolerância 8/6/5)
[INFO] [1790812378.630803, 569.434000]: [mission] fase "atravessa" it1: ponta (0.210, 2.865, 0.812) erro=0.0011 | degrau eixo 2.2° | rolagem 2.4° | IK pediu [ -9.5 -12.9   0.1  77.6  85.3] | faltou [-0.  -0.2 -0.7 -1.   0. ] graus
[WARN] [1790812384.217098, 574.880000]: [mission] fase "destrava": descida estagnou em 12.7 mm (mín 10 para aceitar; alvo 18) — fim de curso do mecanismo, fechando a fase
[WARN] [1790812384.454629, 575.108000]: [mission] destrava: lingueta em 8.4 mm (esperado ≥ 12) — o gatilho pode não ter soltado
[WARN] [1790812398.371196, 588.747000]: [mission] RETRACT: ponta a 0.141 m do olhal — saindo em degraus: sobe 30 mm, 120 mm pelo eixo do furo, 100 mm para fora, antes de recolher
[INFO] [1790812378.633510, 569.437000]: [mission] fase "atravessa" it1: no frame da parede eixo=+0.3 prof=+0.7 alt=+0.8 mm (tolerância 8/6/5)
[INFO] [1790812378.635963, 569.439000]: [mission] fase "atravessa" alcançada em 2 iteração(ões) (0.0011 m)
[INFO] [1790812379.163255, 569.950000]: [mission] fase "captura": modo IK iterativa (YAML)
[INFO] [1790812379.166468, 569.953000]: [mission] âncora engatada (fase "captura")
[INFO] [1790812380.711718, 571.457000]: [mission] fase "captura" it0: ponta (0.209, 2.874, 0.791) erro=0.0073 | degrau eixo 2.1° | rolagem 2.3° | IK pediu [ -8.7 -15.   -0.2  76.8  86.1] | faltou [-0.6 -0.3 -0.2 -0.1 -0.2] graus
[INFO] [1790812380.715380, 571.461000]: [mission] fase "captura" it0: no frame da parede eixo=+6.8 prof=+1.5 alt=+2.4 mm (tolerância 40/6/10)
[INFO] [1790812380.717920, 571.464000]: [mission] fase "captura" alcançada em 1 iteração(ões) (0.0073 m)
[INFO] [1790812380.724493, 571.470000]: [mission] captura: ponta registrada em eixo=-6.8 prof=-1.5 alt=-12.4 mm (zero da descida do destrava e da deriva de eixo)
[INFO] [1790812381.249273, 571.972000]: [mission] fase "destrava": alvo em altura relativo à captura: -32.4 mm (captura -12.4 − curso 18 − margem 2)
[INFO] [1790812381.251111, 571.973000]: [mission] fase "destrava": modo whole-body/Fuzzy (YAML)
[INFO] [1790812381.461932, 572.175000]: [mission] plano de exclusão publicado: parede em [ 2.000e-03  3.002e+00 -2.000e-03], normal segura [ 0.001 -1.     0.   ]
[INFO] [1790812381.767291, 572.479000]: [mission] fase "destrava": whole-body assumiu (base livre, restrita pelo plano de exclusão)
[INFO] [1790812381.768715, 572.480000]: [mission] fase "destrava": whole-body a 0.0180 m do alvo — eixo=+6.8 prof=+1.8 alt=-16.6 mm
[INFO] [1790812383.915342, 574.580000]: [mission] fase "destrava": whole-body a 0.0111 m do alvo — eixo=+6.5 prof=-2.9 alt=-8.5 mm
[INFO] [1790812384.452217, 575.106000]: [mission] destrava: ponta desceu 11.7 mm desde a captura (critério observável) | lingueta 8.4 mm (só na simulação)
[INFO] [1790812384.983759, 575.610000]: [mission] fase "libera": modo whole-body/Fuzzy (YAML)
[INFO] [1790812385.188275, 575.812000]: [mission] plano de exclusão publicado: parede em [ 2.000e-03  3.002e+00 -2.000e-03], normal segura [ 0.001 -1.     0.   ]
[INFO] [1790812385.495224, 576.115000]: [mission] fase "libera": whole-body assumiu (base livre, restrita pelo plano de exclusão)
[INFO] [1790812386.010099, 576.618000]: [mission] fase "libera": whole-body a 0.0249 m do alvo — eixo=+6.5 prof=+23.7 alt=+4.0 mm
[INFO] [1790812388.137508, 578.718000]: [mission] fase "libera": whole-body a 0.0110 m do alvo — eixo=+6.4 prof=+4.6 alt=+7.8 mm
[INFO] [1790812389.049005, 579.618000]: [mission] fase "libera" alcançada por whole-body em 3.5s (0.0078 m) — no frame da parede eixo=+6.4 prof=-2.8 alt=-3.6 mm (tolerância 40/8/6)
[INFO] [1790812389.777758, 580.324000]: [mission] fase "arco1"/puxa: RECUANDO 0.022 m só com as rodas
[INFO] [1790812390.246893, 580.774000]: [mission] fase "arco1"/puxa: concluído (0.022 m)
[INFO] [1790812390.248135, 580.775000]: [mission] fase "arco1": modo whole-body/Fuzzy (YAML)
[INFO] [1790812390.452636, 580.977000]: [mission] plano de exclusão publicado: parede em [ 2.000e-03  3.002e+00 -2.000e-03], normal segura [ 0.001 -1.     0.   ]
[INFO] [1790812390.761795, 581.279000]: [mission] fase "arco1": whole-body assumiu (base livre, restrita pelo plano de exclusão)
[INFO] [1790812390.763520, 581.280000]: [mission] fase "arco1": whole-body a 0.0107 m do alvo — eixo=+6.4 prof=-3.6 alt=-7.8 mm
[INFO] [1790812391.167144, 581.680000]: [mission] fase "arco1" alcançada por whole-body em 0.4s (0.0115 m) — no frame da parede eixo=+6.4 prof=-4.1 alt=-8.6 mm (tolerância 40/10/15)
[INFO] [1790812391.168233, 581.681000]: [mission] arco1: SOLTURA observável — recuo 57.5 mm desde a captura (mín 40) com deriva de eixo +0.4 mm → SOLTA
[INFO] [1790812391.386055, 581.890000]: [mission] waypoint de 15° — lâmina medida em 14.3° (abertura por CONTATO)
[INFO] [1790812391.898244, 582.391000]: [mission] fase "arco2"/puxa: RECUANDO 0.048 m só com as rodas
[INFO] [1790812392.821667, 583.291000]: [mission] fase "arco2"/puxa: concluído (0.049 m)
[INFO] [1790812392.822795, 583.292000]: [mission] fase "arco2": modo whole-body/Fuzzy (YAML)
[INFO] [1790812393.028887, 583.494000]: [mission] plano de exclusão publicado: parede em [ 2.000e-03  3.002e+00 -2.000e-03], normal segura [ 0.001 -1.     0.   ]
[INFO] [1790812393.337296, 583.798000]: [mission] fase "arco2": whole-body assumiu (base livre, restrita pelo plano de exclusão)
[INFO] [1790812393.340423, 583.800000]: [mission] fase "arco2": whole-body a 0.0199 m do alvo — eixo=+6.4 prof=+0.8 alt=-18.8 mm
[INFO] [1790812394.758251, 585.200000]: [mission] fase "arco2" alcançada por whole-body em 1.4s (0.0132 m) — no frame da parede eixo=+6.3 prof=-2.9 alt=-11.2 mm (tolerância 40/10/15)
[INFO] [1790812394.974363, 585.413000]: [mission] waypoint de 30° — lâmina medida em 28.9° (abertura por CONTATO)
[INFO] [1790812395.482516, 585.916000]: [mission] fase "desengata": modo IK iterativa (YAML)
[INFO] [1790812395.488122, 585.921000]: [mission] âncora engatada (fase "desengata")
[INFO] [1790812397.428540, 587.825000]: [mission] fase "desengata" it0: ponta (0.292, 2.780, 0.745) erro=0.0096 | degrau eixo 6.3° | rolagem 6.6° | IK pediu [-14.8 -19.1  -0.   76.1  80.3] | faltou [ 0.1 -0.3 -0.4 -0.5  0. ] graus
[INFO] [1790812397.432815, 587.829000]: [mission] fase "desengata" alcançada em 1 iteração(ões) (0.0096 m)
[INFO] [1790812397.958649, 588.343000]: [mission] MANIPULATE concluída — chave ABERTA, lâmina medida em 28.9°
[INFO] [1790812397.960123, 588.344000]: State machine transitioning 'MANIPULATE':'done'-->'RETRACT'
[INFO] [1790812398.375010, 588.751000]: [mission] âncora engatada (fase "saida_sobe")
[INFO] [1790812399.945965, 590.297000]: [mission] fase "saida_sobe" it0: ponta (0.293, 2.788, 0.769) erro=0.0090 | degrau eixo 6.1° | rolagem 6.4° | IK pediu [-14.8 -16.3   0.   74.1  80.1] | faltou [ 0.  -0.6 -0.3 -0.   0. ] graus
[INFO] [1790812399.950076, 590.301000]: [mission] fase "saida_sobe" it0: no frame da parede eixo=+0.4 prof=+6.5 alt=+6.2 mm (tolerância 30/20/10)
[INFO] [1790812399.953656, 590.304000]: [mission] fase "saida_sobe" alcançada em 1 iteração(ões) (0.0090 m)
[INFO] [1790812399.959644, 590.310000]: [mission] âncora engatada (fase "saida_eixo")
[INFO] [1790812401.909726, 592.217000]: [mission] fase "saida_eixo" it0: ponta (0.413, 2.789, 0.767) erro=0.0106 | degrau eixo 12.8° | rolagem 13.4° | IK pediu [-24.  -13.9  -0.   65.3  73.4] | faltou [ 0.1  0.7 -2.6  0.7  0. ] graus
[INFO] [1790812401.912047, 592.219000]: [mission] fase "saida_eixo" it0: no frame da parede eixo=+0.4 prof=+7.5 alt=+7.6 mm (tolerância 20/20/15)
[INFO] [1790812401.914421, 592.222000]: [mission] fase "saida_eixo" alcançada em 1 iteração(ões) (0.0106 m)
[INFO] [1790812401.920539, 592.228000]: [mission] âncora engatada (fase "saida_fora")
[INFO] [1790812404.870109, 595.132000]: [mission] fase "saida_fora" it0: ponta (0.413, 2.688, 0.772) erro=0.0076 | degrau eixo 7.8° | rolagem 8.3° | IK pediu [-27.4 -20.   -0.   90.7  66.9] | faltou [ 0.1 -0.1 -0.4 -0.6  0. ] graus
[INFO] [1790812404.872396, 595.134000]: [mission] fase "saida_fora" it0: no frame da parede eixo=+0.1 prof=+6.8 alt=+3.5 mm (tolerância 30/20/20)
[INFO] [1790812404.873957, 595.136000]: [mission] âncora solta — 1 correções de deriva
[INFO] [1790812404.875245, 595.137000]: [mission] fase "saida_fora" alcançada em 1 iteração(ões) (0.0076 m) — âncora corrigiu 1 vez(es)
[INFO] [1790812404.877062, 595.139000]: [mission] RETRACT/afasta: RECUANDO 0.250 m só com as rodas
[INFO] [1790812409.412552, 599.591000]: [mission] RETRACT/afasta: concluído (0.252 m)
[INFO] [1790812409.414078, 599.592000]: [mission] postura "stow_home" comandada: [0.0, 1.13, -1.04, -1.8, 0.0]
[INFO] [1790812420.925352, 610.894000]: State machine transitioning 'RETRACT':'ok'-->'RETURN'
[INFO] [1790812420.927688, 610.896000]: [mission] RETURN — voltando a (0.01, 1.00, 0.02 rad)
[INFO] [1790812435.134493, 624.848000]: [mission] RETURN: alinhado, avançando (1.14 m)
[INFO] [1790812435.184503, 624.898000]: [mission] teto por postura ativo no drive: v<=0.23 w<=0.50 rampa 0.51/1.51
[INFO] [1790812443.821540, 633.398000]: [mission] RETURN: chegou, ajustando heading final
[INFO] [1790812443.871567, 633.448000]: [mission] teto por postura ativo no drive: v<=0.22 w<=0.50 rampa 0.51/1.52
[INFO] [1790812450.947263, 640.398000]: [mission] RETURN: concluído
[INFO] [1790812450.950210, 640.401000]: State machine terminating 'RETURN':'home':'MISSION_OK'
[INFO] [1790812450.951845, 640.402000]: [mission] resultado: MISSION_OK
... logging to /home/marco/.ros/log/b2d0ab7a-bd28-11f1-88a8-b025aa85b2a2/roslaunch-shiroi-2273809.log
Checking log directory for disk usage. This may take a while.
Press Ctrl-C to interrupt
]2;/home/marco/b166er/src/b166er_whole_body_control/launch/chave_mission.launch
[1mstarted roslaunch server http://shiroi:37775/[0m

SUMMARY
========

PARAMETERS
 * /chave_mission/estado_final: 
 * /chave_mission/estado_inicial: STOW_INIT
 * /chave_mission/pausa_por_fase: False
 * /chave_mission/search_omega: 0.35
 * /chave_mission/standoff_distance: 0.62
 * /chave_mission/use_wholebody: False
 * /chave_seccionadora_task/aproxima_lateral/modo: ik
 * /chave_seccionadora_task/aproxima_lateral/offset_xyz_m: [-0.09, 0.008, 0.01]
 * /chave_seccionadora_task/aproxima_lateral/tol_xyz_m: [0.04, 0.008, 0.005]
 * /chave_seccionadora_task/arco1/blade_angle_deg: 15
 * /chave_seccionadora_task/arco1/deriva_eixo_max_m: 0.015
 * /chave_seccionadora_task/arco1/modo: wb
 * /chave_seccionadora_task/arco1/offset_xyz_m: [0.0, 0.0518, -0....
 * /chave_seccionadora_task/arco1/soltura_recuo_min_m: 0.04
 * /chave_seccionadora_task/arco1/tol_xyz_m: [0.04, 0.01, 0.015]
 * /chave_seccionadora_task/arco2/blade_angle_deg: 30
 * /chave_seccionadora_task/arco2/deriva_eixo_max_m: 0.015
 * /chave_seccionadora_task/arco2/modo: wb
 * /chave_seccionadora_task/arco2/offset_xyz_m: [0.0, 0.1, -0.0518]
 * /chave_seccionadora_task/arco2/tol_xyz_m: [0.04, 0.01, 0.015]
 * /chave_seccionadora_task/atravessa/modo: ik
 * /chave_seccionadora_task/atravessa/offset_xyz_m: [-0.008, 0.008, 0...
 * /chave_seccionadora_task/atravessa/tol_xyz_m: [0.008, 0.006, 0....
 * /chave_seccionadora_task/captura/modo: ik
 * /chave_seccionadora_task/captura/offset_xyz_m: [0.0, 0.0, -0.01]
 * /chave_seccionadora_task/captura/tol_xyz_m: [0.04, 0.006, 0.01]
 * /chave_seccionadora_task/desengata/modo: ik
 * /chave_seccionadora_task/desengata/offset_xyz_m: [-0.09, 0.1, -0.0...
 * /chave_seccionadora_task/destrava/curso_estagna_m: 0.01
 * /chave_seccionadora_task/destrava/curso_margem_m: 0.002
 * /chave_seccionadora_task/destrava/curso_min_m: 0.018
 * /chave_seccionadora_task/destrava/curso_teto_m: 0.022
 * /chave_seccionadora_task/destrava/modo: wb
 * /chave_seccionadora_task/destrava/offset_xyz_m: [0.0, 0.0, -0.025]
 * /chave_seccionadora_task/destrava/tol_xyz_m: [0.04, 0.006, 0.004]
 * /chave_seccionadora_task/libera/deriva_eixo_max_m: 0.015
 * /chave_seccionadora_task/libera/modo: wb
 * /chave_seccionadora_task/libera/offset_xyz_m: [0.0, 0.03, -0.025]
 * /chave_seccionadora_task/libera/tol_xyz_m: [0.04, 0.008, 0.006]
 * /chave_seccionadora_task/orienta/modo: ik
 * /chave_seccionadora_task/orienta/offset_xyz_m: [-0.09, 0.15, 0.0...
 * /chave_seccionadora_task/reassenta_sobe/tol_xyz_m: [0.03, 0.02, 0.005]
 * /chave_seccionadora_task/saida_eixo/tol_xyz_m: [0.02, 0.02, 0.015]
 * /chave_seccionadora_task/saida_fora/tol_xyz_m: [0.03, 0.02, 0.02]
 * /chave_seccionadora_task/saida_sobe/tol_xyz_m: [0.03, 0.02, 0.01]
 * /chave_seccionadora_task/target_frame: chave_olhal_link
 * /fuzzy_wb_controller/fixed_gains: []
 * /rosdistro: noetic
 * /rosversion: 1.17.4

NODES
  /
    chave_mission (b166er_whole_body_control/chave_mission.py)

[1mROS_MASTER_URI=http://localhost:11311[0m
]2;/home/marco/b166er/src/b166er_whole_body_control/launch/chave_mission.launch http://localhost:11311
[1mprocess[chave_mission-1]: started with pid [2273853][0m
[1m[chave_mission-1] process has finished cleanly
log file: /home/marco/.ros/log/b2d0ab7a-bd28-11f1-88a8-b025aa85b2a2/chave_mission-1*.log[0m
all processes on machine have died, roslaunch will exit
shutting down processing monitor...
... shutting down processing monitor complete
[1mdone[0m
