[31mWARNING: disk usage in log directory [/home/marco/.ros/log] is over 1GB.
It's recommended that you use the 'rosclean' command.[0m
the rosdep view is empty: call 'sudo rosdep init' and 'rosdep update'
[WARN] [1790800349.514803, 309.765000]: [mission] SEARCH: 8 de 25 amostras descartadas como outlier (>0.15 m ou >0.20 rad da mediana)
[INFO] [1790800327.921375, 288.416000]: garra_dx = 0.000 m (fechada)
[INFO] [1790800328.000351, 288.496000]: State machine starting in initial state 'STOW_INIT' with userdata: 
	[]
[INFO] [1790800328.305140, 288.798000]: [mission] pose de partida registrada: (0.00, 1.00, 0.01 rad)
[INFO] [1790800328.307063, 288.800000]: [mission] postura "stow_home" comandada: [0.0, 1.13, -1.04, -1.8, 0.0]
[INFO] [1790800328.410342, 288.902000]: State machine transitioning 'STOW_INIT':'ok'-->'SEARCH'
[INFO] [1790800328.412416, 288.904000]: [mission] postura "search" comandada: [0.0, 1.0, -1.0, 0.0, 0.0]
[INFO] [1790800334.470433, 294.905000]: [mission] SEARCH — girando à procura da tag...
[INFO] [1790800334.472154, 294.906000]: [mission] SEARCH: amostra quando a tag estiver a raio 0.35-0.50 do quadro (vista oblíqua; omega fina 0.15 rad/s)
[INFO] [1790800335.685178, 296.108000]: [mission] SEARCH: tag a raio 0.94 — girando até <= 0.50
[INFO] [1790800343.576208, 303.910000]: [mission] SEARCH: tag a raio 0.49 — parando
[INFO] [1790800343.578167, 303.912000]: [mission] tag avistada — parando para medir
[INFO] [1790800344.598819, 304.919000]: [mission] âncora engatada (coleta do SEARCH)
[INFO] [1790800344.600464, 304.921000]: [mission] SEARCH: coleta com dither ±0.05 rad/s (período 3.0 s)
[INFO] [1790800349.491627, 309.745000]: [mission] âncora solta — 8 correções de deriva
[INFO] [1790800349.493000, 309.746000]: [mission] SEARCH: âncora corrigiu a deriva 8 vez(es) durante a coleta
[INFO] [1790800349.516850, 309.770000]: [mission] SEARCH: 17 amostras — parede (0.028, 3.101, -0.001) yaw=2.866
[INFO] [1790800349.517885, 309.771000]: [mission] parede localizada em (0.028, 3.101, -0.001)
[INFO] [1790800349.523076, 309.776000]: State machine transitioning 'SEARCH':'found'-->'APPROACH'
[INFO] [1790800349.525236, 309.778000]: [mission] APPROACH etapa 1/2 — 1.30 m do olhal, alvo (-0.17, 1.67, 1.30 rad)
[INFO] [1790800349.526899, 309.780000]: [mission] teto por postura ativo no drive: v<=0.17 w<=0.50 rampa 0.45/1.52
[INFO] [1790800354.376408, 314.579000]: [mission] APPROACH: alinhado, avançando (0.89 m)
[INFO] [1790800354.627169, 314.829000]: [mission] teto por postura ativo no drive: v<=0.17 w<=0.50 rampa 0.45/1.51
[INFO] [1790800361.331387, 321.429000]: [mission] APPROACH: chegou, ajustando heading final
[INFO] [1790800361.382116, 321.479000]: [mission] teto por postura ativo no drive: v<=0.17 w<=0.50 rampa 0.45/1.52
[INFO] [1790800364.810929, 324.879000]: [mission] APPROACH: concluído
[INFO] [1790800365.833512, 325.887000]: [mission] âncora engatada (coleta do APPROACH/remedida)
[INFO] [1790800365.836014, 325.889000]: [mission] APPROACH/remedida: coleta com dither ±0.05 rad/s (período 3.0 s)
[INFO] [1790800366.986294, 327.028000]: [mission] âncora solta — 2 correções de deriva
[INFO] [1790800366.987163, 327.029000]: [mission] APPROACH/remedida: âncora corrigiu a deriva 2 vez(es) durante a coleta
[INFO] [1790800366.988149, 327.029000]: [mission] APPROACH/remedida: 10 amostras — parede (0.008, 3.011, -0.003) yaw=3.131
[INFO] [1790800366.988873, 327.030000]: [mission] APPROACH etapa 2/2 — 0.88 m do olhal, alvo (0.37, 2.00, 1.56 rad)
[INFO] [1790800366.989587, 327.031000]: [mission] teto por postura ativo no drive: v<=0.17 w<=0.50 rampa 0.45/1.52
[INFO] [1790800371.091447, 331.081000]: [mission] APPROACH: alinhado, avançando (0.75 m)
[INFO] [1790800377.467946, 337.381000]: [mission] APPROACH: chegou, ajustando heading final
[INFO] [1790800377.519145, 337.431000]: [mission] teto por postura ativo no drive: v<=0.17 w<=0.50 rampa 0.45/1.52
[INFO] [1790800385.213145, 345.031000]: [mission] APPROACH: concluído
[INFO] [1790800385.216001, 345.034000]: State machine transitioning 'APPROACH':'arrived'-->'REFINE'
[INFO] [1790800385.216811, 345.035000]: [mission] REFINE — remedindo a parede de perto (10 amostras)
[INFO] [1790800385.218282, 345.036000]: [mission] âncora engatada (coleta do REFINE)
[INFO] [1790800385.218976, 345.037000]: [mission] REFINE: coleta com dither ±0.05 rad/s (período 3.0 s)
[INFO] [1790800386.366088, 346.174000]: [mission] âncora solta — 1 correções de deriva
[INFO] [1790800386.367538, 346.176000]: [mission] REFINE: âncora corrigiu a deriva 1 vez(es) durante a coleta
[INFO] [1790800386.369279, 346.177000]: [mission] REFINE: 10 amostras — parede (0.001, 3.003, -0.001) yaw=3.140
[INFO] [1790800386.370640, 346.179000]: [mission] REFINE: deslocou 0.010 m da estimativa anterior
[INFO] [1790800386.371828, 346.180000]: [mission] olhal estimado em (0.201, 2.872, 0.804)
[INFO] [1790800386.378607, 346.187000]: State machine transitioning 'REFINE':'ok'-->'DEPLOY'
[INFO] [1790800386.380682, 346.189000]: [mission] DEPLOY: IK resolvida para a POSE DE MANIPULAÇÃO (0.20, 2.25, 1.57 rad), não para a atual
[INFO] [1790800391.333104, 349.110000]: [mission] DEPLOY: IK nivelada 0.0712 m, só eixo 0.0014 m — a MISSÃO INTEIRA usa "eixo"
[INFO] [1790800391.336343, 351.138000]: [mission] DEPLOY: IK da ponta resolvida (resíduo 0.0014 m, degrau 0.4°) — pré-posicionando em [-10.9 -46.6  60.   78.6  79.1] graus
[INFO] [1790800398.300368, 358.040000]: [mission] plano de exclusão publicado: parede em [ 1.000e-03  3.003e+00 -1.000e-03], normal segura [-0.002 -1.     0.   ]
[INFO] [1790800398.518241, 358.252000]: [mission] teto por postura ativo no drive: v<=0.23 w<=0.50 rampa 0.52/1.64
[INFO] [1790800403.862320, 363.552000]: [mission] DEPLOY/aproxima: alinhado, avançando (0.45 m)
[INFO] [1790800403.913008, 363.602000]: [mission] teto por postura ativo no drive: v<=0.23 w<=0.50 rampa 0.52/1.65
[INFO] [1790800408.486259, 368.102000]: [mission] DEPLOY/aproxima: chegou, ajustando heading final
[INFO] [1790800415.848977, 375.402000]: [mission] DEPLOY/aproxima: concluído
[INFO] [1790800415.851461, 375.405000]: State machine transitioning 'DEPLOY':'ok'-->'MANIPULATE'
[INFO] [1790800415.854148, 375.407000]: [mission] fase "orienta": modo IK iterativa (YAML)
[INFO] [1790800415.859762, 375.413000]: [mission] âncora engatada (fase "orienta")
[INFO] [1790800418.345101, 377.856000]: [mission] fase "orienta" it0: ponta (0.295, 2.721, 0.812) erro=0.0039 | degrau eixo 0.1° | rolagem 0.2° | IK pediu [-21.3 -35.7  39.3  85.8  73.6] | faltou [0. 0. 0. 0. 0.] graus
[INFO] [1790800418.348203, 377.860000]: [mission] fase "orienta" alcançada em 1 iteração(ões) (0.0039 m)
[INFO] [1790800418.857592, 378.367000]: [mission] fase "aproxima_lateral": modo IK iterativa (YAML)
[INFO] [1790800418.862209, 378.371000]: [mission] âncora engatada (fase "aproxima_lateral")
[INFO] [1790800422.561669, 382.005000]: [mission] fase "aproxima_lateral" it0: ponta (0.291, 2.869, 0.809) erro=0.0066 | degrau eixo 4.9° | rolagem 5.0° | IK pediu [-17.4 -14.3   0.   81.7  78.2] | faltou [-0.  -0.3 -0.2 -0.1 -0. ] graus
[INFO] [1790800422.565886, 382.010000]: [mission] fase "aproxima_lateral" it0: no frame da parede eixo=-0.1 prof=+4.8 alt=+4.5 mm (tolerância 40/8/5)
[INFO] [1790800422.567653, 382.012000]: [mission] fase "aproxima_lateral" alcançada em 1 iteração(ões) (0.0066 m)
[INFO] [1790800423.081581, 382.518000]: [mission] fase "atravessa": modo IK iterativa (YAML)
[INFO] [1790800423.084051, 382.520000]: [mission] âncora engatada (fase "atravessa")
[INFO] [1790800424.909535, 384.322000]: [mission] fase "atravessa" it0: ponta (0.209, 2.868, 0.810) erro=0.0052 | degrau eixo 1.9° | rolagem 2.0° | IK pediu [-10.5 -15.    0.1  85.2  84.6] | faltou [-0.  -0.2 -0.3 -0.3 -0. ] graus
[INFO] [1790800424.911892, 384.325000]: [mission] fase "atravessa" it0: no frame da parede eixo=+0.3 prof=+3.5 alt=+3.9 mm (tolerância 8/6/5)
[INFO] [1790800424.913562, 384.326000]: [mission] fase "atravessa" alcançada em 1 iteração(ões) (0.0052 m)
[INFO] [1790800425.430464, 384.833000]: [mission] fase "captura": modo IK iterativa (YAML)
[INFO] [1790800425.434569, 384.837000]: [mission] âncora engatada (fase "captura")
[INFO] [1790800427.017945, 386.385000]: [mission] fase "captura" it0: ponta (0.209, 2.872, 0.793) erro=0.0078 | degrau eixo 1.9° | rolagem 2.0° | IK pediu [ -9.7 -17.   -0.1  85.   85.4] | faltou [-0.7 -0.  -0.1 -0.2 -0.2] graus
[INFO] [1790800427.020487, 386.388000]: [mission] fase "captura" it0: no frame da parede eixo=+7.6 prof=+0.2 alt=+1.4 mm (tolerância 40/6/10)
[WARN] [1790800430.286487, 389.606000]: [mission] fase "destrava": descida estagnou em 11.2 mm (mín 10 para aceitar; alvo 18) — fim de curso do mecanismo, fechando a fase
[WARN] [1790800430.499183, 389.815000]: [mission] destrava: lingueta em 5.0 mm (esperado ≥ 12) — o gatilho pode não ter soltado
[WARN] [1790800443.122058, 402.252000]: [mission] RETRACT: ponta a 0.139 m do olhal — saindo em degraus: sobe 30 mm, 120 mm pelo eixo do furo, 100 mm para fora, antes de recolher
[INFO] [1790800427.022149, 386.389000]: [mission] fase "captura" alcançada em 1 iteração(ões) (0.0078 m)
[INFO] [1790800427.028725, 386.396000]: [mission] captura: ponta registrada em eixo=-7.6 prof=-0.2 alt=-11.4 mm (zero da descida do destrava e da deriva de eixo)
[INFO] [1790800427.544438, 386.897000]: [mission] fase "destrava": alvo em altura relativo à captura: -31.4 mm (captura -11.4 − curso 18 − margem 2)
[INFO] [1790800427.545891, 386.898000]: [mission] fase "destrava": modo whole-body/Fuzzy (YAML)
[INFO] [1790800427.753296, 387.101000]: [mission] plano de exclusão publicado: parede em [ 1.000e-03  3.003e+00 -1.000e-03], normal segura [-0.002 -1.     0.   ]
[INFO] [1790800428.060906, 387.405000]: [mission] fase "destrava": whole-body assumiu (base livre, restrita pelo plano de exclusão)
[INFO] [1790800428.064159, 387.407000]: [mission] fase "destrava": whole-body a 0.0198 m do alvo — eixo=+7.6 prof=-0.4 alt=-18.2 mm
[INFO] [1790800430.186166, 389.506000]: [mission] fase "destrava": whole-body a 0.0121 m do alvo — eixo=+7.4 prof=-3.8 alt=-8.9 mm
[INFO] [1790800430.498261, 389.814000]: [mission] destrava: ponta desceu 10.9 mm desde a captura (critério observável) | lingueta 5.0 mm (só na simulação)
[INFO] [1790800431.015222, 390.316000]: [mission] fase "libera": modo whole-body/Fuzzy (YAML)
[INFO] [1790800431.218979, 390.518000]: [mission] plano de exclusão publicado: parede em [ 1.000e-03  3.003e+00 -1.000e-03], normal segura [-0.002 -1.     0.   ]
[INFO] [1790800431.524640, 390.821000]: [mission] fase "libera": whole-body assumiu (base livre, restrita pelo plano de exclusão)
[INFO] [1790800432.228611, 391.521000]: [mission] fase "libera": whole-body a 0.0242 m do alvo — eixo=+7.4 prof=+23.0 alt=+2.4 mm
[INFO] [1790800434.372276, 393.621000]: [mission] fase "libera": whole-body a 0.0096 m do alvo — eixo=+7.3 prof=-3.2 alt=+5.4 mm
[INFO] [1790800434.775578, 394.021000]: [mission] fase "libera" alcançada por whole-body em 3.2s (0.0084 m) — no frame da parede eixo=+7.3 prof=-3.6 alt=+1.7 mm (tolerância 40/8/6)
[INFO] [1790800435.498033, 394.727000]: [mission] fase "arco1"/puxa: RECUANDO 0.022 m só com as rodas
[INFO] [1790800435.955953, 395.178000]: [mission] fase "arco1"/puxa: concluído (0.022 m)
[INFO] [1790800435.968447, 395.190000]: [mission] fase "arco1": modo whole-body/Fuzzy (YAML)
[INFO] [1790800436.173815, 395.392000]: [mission] plano de exclusão publicado: parede em [ 1.000e-03  3.003e+00 -1.000e-03], normal segura [-0.002 -1.     0.   ]
[INFO] [1790800436.477053, 395.695000]: [mission] fase "arco1": whole-body assumiu (base livre, restrita pelo plano de exclusão)
[INFO] [1790800436.478532, 395.696000]: [mission] fase "arco1": whole-body a 0.0076 m do alvo — eixo=+7.4 prof=+1.4 alt=-1.1 mm
[INFO] [1790800436.881142, 396.096000]: [mission] fase "arco1" alcançada por whole-body em 0.4s (0.0076 m) — no frame da parede eixo=+7.4 prof=-1.7 alt=-1.1 mm (tolerância 40/10/15)
[INFO] [1790800436.883663, 396.099000]: [mission] arco1: SOLTURA observável — recuo 53.7 mm desde a captura (mín 40) com deriva de eixo +0.3 mm → SOLTA
[INFO] [1790800437.098919, 396.309000]: [mission] waypoint de 15° — lâmina medida em 14.6° (abertura por CONTATO)
[INFO] [1790800437.611771, 396.810000]: [mission] fase "arco2"/puxa: RECUANDO 0.048 m só com as rodas
[INFO] [1790800438.522688, 397.711000]: [mission] fase "arco2"/puxa: concluído (0.049 m)
[INFO] [1790800438.524772, 397.713000]: [mission] fase "arco2": modo whole-body/Fuzzy (YAML)
[INFO] [1790800438.732666, 397.915000]: [mission] plano de exclusão publicado: parede em [ 1.000e-03  3.003e+00 -1.000e-03], normal segura [-0.002 -1.     0.   ]
[INFO] [1790800439.035413, 398.216000]: [mission] fase "arco2": whole-body assumiu (base livre, restrita pelo plano de exclusão)
[INFO] [1790800439.036649, 398.217000]: [mission] fase "arco2": whole-body a 0.0153 m do alvo — eixo=+7.4 prof=+0.9 alt=-13.4 mm
[INFO] [1790800439.437088, 398.616000]: [mission] fase "arco2" alcançada por whole-body em 0.4s (0.0151 m) — no frame da parede eixo=+7.5 prof=-2.4 alt=-12.9 mm (tolerância 40/10/15)
[INFO] [1790800439.654815, 398.828000]: [mission] waypoint de 30° — lâmina medida em 29.1° (abertura por CONTATO)
[INFO] [1790800440.161312, 399.330000]: [mission] fase "desengata": modo IK iterativa (YAML)
[INFO] [1790800440.165611, 399.334000]: [mission] âncora engatada (fase "desengata")
[INFO] [1790800442.194645, 401.339000]: [mission] fase "desengata" it0: ponta (0.290, 2.779, 0.747) erro=0.0089 | degrau eixo 5.2° | rolagem 5.4° | IK pediu [-17.5 -21.3  -0.   85.2  79.4] | faltou [ 0.2 -0.2 -0.3 -0.4 -0. ] graus
[INFO] [1790800442.197427, 401.342000]: [mission] fase "desengata" alcançada em 1 iteração(ões) (0.0089 m)
[INFO] [1790800442.715727, 401.850000]: [mission] MANIPULATE concluída — chave ABERTA, lâmina medida em 29.3°
[INFO] [1790800442.716536, 401.851000]: State machine transitioning 'MANIPULATE':'done'-->'RETRACT'
[INFO] [1790800443.126544, 402.257000]: [mission] âncora engatada (fase "saida_sobe")
[INFO] [1790800444.760252, 403.860000]: [mission] fase "saida_sobe" it0: ponta (0.288, 2.788, 0.773) erro=0.0083 | degrau eixo 4.9° | rolagem 5.1° | IK pediu [-17.4 -18.2   0.   83.3  79.4] | faltou [ 0.  -0.3 -0.2 -0.2  0. ] graus
[INFO] [1790800444.763845, 403.864000]: [mission] fase "saida_sobe" it0: no frame da parede eixo=-1.0 prof=+6.8 alt=+4.7 mm (tolerância 30/20/10)
[INFO] [1790800444.765745, 403.866000]: [mission] fase "saida_sobe" alcançada em 1 iteração(ões) (0.0083 m)
[INFO] [1790800444.769120, 403.869000]: [mission] âncora engatada (fase "saida_eixo")
[INFO] [1790800446.789414, 405.874000]: [mission] fase "saida_eixo" it0: ponta (0.407, 2.790, 0.771) erro=0.0106 | degrau eixo 10.8° | rolagem 11.3° | IK pediu [-27.3 -16.4  -0.   75.3  71.4] | faltou [ 0.2 -0.3 -0.4 -0.5 -0. ] graus
[INFO] [1790800446.792466, 405.878000]: [mission] fase "saida_eixo" it0: no frame da parede eixo=-2.0 prof=+8.5 alt=+6.0 mm (tolerância 20/20/15)
[INFO] [1790800446.793661, 405.879000]: [mission] fase "saida_eixo" alcançada em 1 iteração(ões) (0.0106 m)
[INFO] [1790800446.796457, 405.882000]: [mission] âncora engatada (fase "saida_fora")
[INFO] [1790800449.568776, 408.627000]: [mission] fase "saida_fora" it0: ponta (0.406, 2.689, 0.775) erro=0.0086 | degrau eixo 5.2° | rolagem 5.5° | IK pediu [-31.1 -20.9  -0.   98.5  65.4] | faltou [ 0.1 -0.2 -0.2 -0.3  0. ] graus
[INFO] [1790800449.572379, 408.631000]: [mission] fase "saida_fora" it0: no frame da parede eixo=-3.0 prof=+7.7 alt=+2.4 mm (tolerância 30/20/20)
[INFO] [1790800449.574381, 408.633000]: [mission] âncora solta — 1 correções de deriva
[INFO] [1790800449.576056, 408.634000]: [mission] fase "saida_fora" alcançada em 1 iteração(ões) (0.0086 m) — âncora corrigiu 1 vez(es)
[INFO] [1790800449.577749, 408.636000]: [mission] RETRACT/afasta: RECUANDO 0.250 m só com as rodas
[INFO] [1790800454.098697, 413.090000]: [mission] RETRACT/afasta: concluído (0.251 m)
[INFO] [1790800454.101397, 413.092000]: [mission] postura "stow_home" comandada: [0.0, 1.13, -1.04, -1.8, 0.0]
[INFO] [1790800466.056299, 424.894000]: State machine transitioning 'RETRACT':'ok'-->'RETURN'
[INFO] [1790800466.057732, 424.895000]: [mission] RETURN — voltando a (0.00, 1.00, 0.01 rad)
[INFO] [1790800478.157665, 436.846000]: [mission] RETURN: alinhado, avançando (1.18 m)
[INFO] [1790800478.208183, 436.896000]: [mission] teto por postura ativo no drive: v<=0.23 w<=0.50 rampa 0.51/1.52
[INFO] [1790800487.148227, 445.746000]: [mission] RETURN: chegou, ajustando heading final
[INFO] [1790800487.198817, 445.796000]: [mission] teto por postura ativo no drive: v<=0.23 w<=0.50 rampa 0.51/1.52
[INFO] [1790800494.191626, 452.696000]: [mission] RETURN: concluído
[INFO] [1790800494.193053, 452.697000]: State machine terminating 'RETURN':'home':'MISSION_OK'
[INFO] [1790800494.194393, 452.699000]: [mission] resultado: MISSION_OK
... logging to /home/marco/.ros/log/4f6ef64c-bd0d-11f1-a1a3-b025aa85b2a2/roslaunch-shiroi-2205054.log
Checking log directory for disk usage. This may take a while.
Press Ctrl-C to interrupt
]2;/home/marco/b166er/src/b166er_whole_body_control/launch/chave_mission.launch
[1mstarted roslaunch server http://shiroi:38763/[0m

SUMMARY
========

PARAMETERS
 * /chave_mission/estado_final: 
 * /chave_mission/estado_inicial: STOW_INIT
 * /chave_mission/pausa_por_fase: False
 * /chave_mission/search_omega: 0.35
 * /chave_mission/standoff_distance: 0.62
 * /chave_mission/use_wholebody: False
 * /chave_seccionadora_task/aproxima_lateral/modo: ik
 * /chave_seccionadora_task/aproxima_lateral/offset_xyz_m: [-0.09, 0.008, 0.01]
 * /chave_seccionadora_task/aproxima_lateral/tol_xyz_m: [0.04, 0.008, 0.005]
 * /chave_seccionadora_task/arco1/blade_angle_deg: 15
 * /chave_seccionadora_task/arco1/deriva_eixo_max_m: 0.015
 * /chave_seccionadora_task/arco1/modo: wb
 * /chave_seccionadora_task/arco1/offset_xyz_m: [0.0, 0.0518, -0....
 * /chave_seccionadora_task/arco1/soltura_recuo_min_m: 0.04
 * /chave_seccionadora_task/arco1/tol_xyz_m: [0.04, 0.01, 0.015]
 * /chave_seccionadora_task/arco2/blade_angle_deg: 30
 * /chave_seccionadora_task/arco2/deriva_eixo_max_m: 0.015
 * /chave_seccionadora_task/arco2/modo: wb
 * /chave_seccionadora_task/arco2/offset_xyz_m: [0.0, 0.1, -0.0518]
 * /chave_seccionadora_task/arco2/tol_xyz_m: [0.04, 0.01, 0.015]
 * /chave_seccionadora_task/atravessa/modo: ik
 * /chave_seccionadora_task/atravessa/offset_xyz_m: [-0.008, 0.008, 0...
 * /chave_seccionadora_task/atravessa/tol_xyz_m: [0.008, 0.006, 0....
 * /chave_seccionadora_task/captura/modo: ik
 * /chave_seccionadora_task/captura/offset_xyz_m: [0.0, 0.0, -0.01]
 * /chave_seccionadora_task/captura/tol_xyz_m: [0.04, 0.006, 0.01]
 * /chave_seccionadora_task/desengata/modo: ik
 * /chave_seccionadora_task/desengata/offset_xyz_m: [-0.09, 0.1, -0.0...
 * /chave_seccionadora_task/destrava/curso_estagna_m: 0.01
 * /chave_seccionadora_task/destrava/curso_margem_m: 0.002
 * /chave_seccionadora_task/destrava/curso_min_m: 0.018
 * /chave_seccionadora_task/destrava/modo: wb
 * /chave_seccionadora_task/destrava/offset_xyz_m: [0.0, 0.0, -0.025]
 * /chave_seccionadora_task/destrava/tol_xyz_m: [0.04, 0.006, 0.004]
 * /chave_seccionadora_task/libera/deriva_eixo_max_m: 0.015
 * /chave_seccionadora_task/libera/modo: wb
 * /chave_seccionadora_task/libera/offset_xyz_m: [0.0, 0.03, -0.025]
 * /chave_seccionadora_task/libera/tol_xyz_m: [0.04, 0.008, 0.006]
 * /chave_seccionadora_task/orienta/modo: ik
 * /chave_seccionadora_task/orienta/offset_xyz_m: [-0.09, 0.15, 0.0...
 * /chave_seccionadora_task/reassenta_sobe/tol_xyz_m: [0.03, 0.02, 0.005]
 * /chave_seccionadora_task/saida_eixo/tol_xyz_m: [0.02, 0.02, 0.015]
 * /chave_seccionadora_task/saida_fora/tol_xyz_m: [0.03, 0.02, 0.02]
 * /chave_seccionadora_task/saida_sobe/tol_xyz_m: [0.03, 0.02, 0.01]
 * /chave_seccionadora_task/target_frame: chave_olhal_link
 * /fuzzy_wb_controller/fixed_gains: []
 * /rosdistro: noetic
 * /rosversion: 1.17.4

NODES
  /
    chave_mission (b166er_whole_body_control/chave_mission.py)

[1mROS_MASTER_URI=http://localhost:11311[0m
]2;/home/marco/b166er/src/b166er_whole_body_control/launch/chave_mission.launch http://localhost:11311
[1mprocess[chave_mission-1]: started with pid [2205098][0m
[1m[chave_mission-1] process has finished cleanly
log file: /home/marco/.ros/log/4f6ef64c-bd0d-11f1-a1a3-b025aa85b2a2/chave_mission-1*.log[0m
all processes on machine have died, roslaunch will exit
shutting down processing monitor...
... shutting down processing monitor complete
[1mdone[0m
