[31mWARNING: disk usage in log directory [/home/marco/.ros/log] is over 1GB.
It's recommended that you use the 'rosclean' command.[0m
the rosdep view is empty: call 'sudo rosdep init' and 'rosdep update'
[WARN] [1790803541.981469, 287.052000]: [mission] SEARCH: 7 de 25 amostras descartadas como outlier (>0.15 m ou >0.20 rad da mediana)
[INFO] [1790803519.075056, 264.375000]: garra_dx = 0.000 m (fechada)
[INFO] [1790803519.162556, 264.464000]: State machine starting in initial state 'STOW_INIT' with userdata: 
	[]
[INFO] [1790803519.365766, 264.666000]: [mission] pose de partida registrada: (0.00, 1.00, -0.00 rad)
[INFO] [1790803519.368039, 264.668000]: [mission] postura "stow_home" comandada: [0.0, 1.13, -1.04, -1.8, 0.0]
[INFO] [1790803519.470950, 264.770000]: State machine transitioning 'STOW_INIT':'ok'-->'SEARCH'
[INFO] [1790803519.473266, 264.772000]: [mission] postura "search" comandada: [0.0, 1.0, -1.0, 0.0, 0.0]
[INFO] [1790803525.528248, 270.773000]: [mission] SEARCH — girando à procura da tag...
[INFO] [1790803525.530590, 270.775000]: [mission] SEARCH: amostra quando a tag estiver a raio 0.35-0.50 do quadro (vista oblíqua; omega fina 0.15 rad/s)
[INFO] [1790803527.310597, 272.527000]: [mission] SEARCH: tag a raio 0.96 — girando até <= 0.50
[INFO] [1790803535.233064, 280.377000]: [mission] SEARCH: tag a raio 0.50 — parando
[INFO] [1790803535.235080, 280.379000]: [mission] tag avistada — parando para medir
[INFO] [1790803536.245629, 281.384000]: [mission] âncora engatada (coleta do SEARCH)
[INFO] [1790803536.246711, 281.385000]: [mission] SEARCH: coleta com dither ±0.05 rad/s (período 3.0 s)
[INFO] [1790803541.962520, 287.035000]: [mission] âncora solta — 7 correções de deriva
[INFO] [1790803541.965359, 287.037000]: [mission] SEARCH: âncora corrigiu a deriva 7 vez(es) durante a coleta
[INFO] [1790803541.983116, 287.055000]: [mission] SEARCH: 18 amostras — parede (0.015, 3.091, -0.004) yaw=2.975
[INFO] [1790803541.984653, 287.056000]: [mission] parede localizada em (0.015, 3.091, -0.004)
[INFO] [1790803541.989770, 287.061000]: State machine transitioning 'SEARCH':'found'-->'APPROACH'
[INFO] [1790803541.991746, 287.063000]: [mission] APPROACH etapa 1/2 — 1.30 m do olhal, alvo (-0.02, 1.65, 1.40 rad)
[INFO] [1790803541.994386, 287.066000]: [mission] teto por postura ativo no drive: v<=0.17 w<=0.50 rampa 0.45/1.52
[INFO] [1790803546.174453, 291.215000]: [mission] APPROACH: alinhado, avançando (0.79 m)
[INFO] [1790803552.718823, 297.665000]: [mission] APPROACH: chegou, ajustando heading final
[INFO] [1790803552.769110, 297.715000]: [mission] teto por postura ativo no drive: v<=0.17 w<=0.50 rampa 0.45/1.52
[INFO] [1790803554.993714, 299.915000]: [mission] APPROACH: concluído
[INFO] [1790803556.015872, 300.919000]: [mission] âncora engatada (coleta do APPROACH/remedida)
[INFO] [1790803556.017073, 300.920000]: [mission] APPROACH/remedida: coleta com dither ±0.05 rad/s (período 3.0 s)
[INFO] [1790803557.159498, 302.048000]: [mission] âncora solta — 1 correções de deriva
[INFO] [1790803557.160585, 302.049000]: [mission] APPROACH/remedida: âncora corrigiu a deriva 1 vez(es) durante a coleta
[INFO] [1790803557.162035, 302.050000]: [mission] APPROACH/remedida: 10 amostras — parede (0.008, 3.014, -0.003) yaw=3.131
[INFO] [1790803557.163408, 302.052000]: [mission] APPROACH etapa 2/2 — 0.88 m do olhal, alvo (0.37, 2.00, 1.56 rad)
[INFO] [1790803561.047114, 305.903000]: [mission] APPROACH: alinhado, avançando (0.59 m)
[INFO] [1790803561.097390, 305.953000]: [mission] teto por postura ativo no drive: v<=0.17 w<=0.50 rampa 0.45/1.52
[INFO] [1790803566.423930, 311.203000]: [mission] APPROACH: chegou, ajustando heading final
[INFO] [1790803566.473658, 311.253000]: [mission] teto por postura ativo no drive: v<=0.17 w<=0.50 rampa 0.45/1.52
[INFO] [1790803572.950056, 317.653000]: [mission] APPROACH: concluído
[INFO] [1790803572.954836, 317.658000]: State machine transitioning 'APPROACH':'arrived'-->'REFINE'
[INFO] [1790803572.956699, 317.660000]: [mission] REFINE — remedindo a parede de perto (10 amostras)
[INFO] [1790803572.959181, 317.662000]: [mission] âncora engatada (coleta do REFINE)
[INFO] [1790803572.960539, 317.664000]: [mission] REFINE: coleta com dither ±0.05 rad/s (período 3.0 s)
[INFO] [1790803574.108299, 318.798000]: [mission] âncora solta — 3 correções de deriva
[INFO] [1790803574.111387, 318.801000]: [mission] REFINE: âncora corrigiu a deriva 3 vez(es) durante a coleta
[INFO] [1790803574.115631, 318.805000]: [mission] REFINE: 10 amostras — parede (0.003, 3.005, 0.000) yaw=3.121
[INFO] [1790803574.117743, 318.808000]: [mission] REFINE: deslocou 0.011 m da estimativa anterior
[INFO] [1790803574.119527, 318.810000]: [mission] olhal estimado em (0.201, 2.871, 0.805)
[INFO] [1790803574.125732, 318.816000]: State machine transitioning 'REFINE':'ok'-->'DEPLOY'
[INFO] [1790803574.128034, 318.818000]: [mission] DEPLOY: IK resolvida para a POSE DE MANIPULAÇÃO (0.19, 2.25, 1.55 rad), não para a atual
[INFO] [1790803579.122211, 321.438000]: [mission] DEPLOY: IK nivelada 0.0709 m, só eixo 0.0014 m — a MISSÃO INTEIRA usa "eixo"
[INFO] [1790803579.124985, 323.801000]: [mission] DEPLOY: IK da ponta resolvida (resíduo 0.0014 m, degrau 0.4°) — pré-posicionando em [-10.9 -46.4  60.   78.5  79.1] graus
[INFO] [1790803586.101686, 330.702000]: [mission] plano de exclusão publicado: parede em [3.000e-03 3.005e+00 0.000e+00], normal segura [-0.021 -1.     0.   ]
[INFO] [1790803586.315933, 330.913000]: [mission] teto por postura ativo no drive: v<=0.23 w<=0.50 rampa 0.52/1.64
[INFO] [1790803590.421828, 334.963000]: [mission] DEPLOY/aproxima: alinhado, avançando (0.45 m)
[INFO] [1790803595.056739, 339.563000]: [mission] DEPLOY/aproxima: chegou, ajustando heading final
[INFO] [1790803601.839872, 346.263000]: [mission] DEPLOY/aproxima: concluído
[INFO] [1790803601.841482, 346.265000]: State machine transitioning 'DEPLOY':'ok'-->'MANIPULATE'
[INFO] [1790803601.842932, 346.266000]: [mission] fase "orienta": modo IK iterativa (YAML)
[INFO] [1790803601.845964, 346.269000]: [mission] âncora engatada (fase "orienta")
[INFO] [1790803605.791696, 350.173000]: [mission] fase "orienta" it0: ponta (0.289, 2.723, 0.813) erro=0.0040 | degrau eixo 0.1° | rolagem 0.1° | IK pediu [-25.9 -24.2  16.1  98.   69.1] | faltou [0. 0. 0. 0. 0.] graus
[INFO] [1790803605.793510, 350.175000]: [mission] âncora solta — 2 correções de deriva
[INFO] [1790803605.794535, 350.176000]: [mission] fase "orienta" alcançada em 1 iteração(ões) (0.0040 m) — âncora corrigiu 2 vez(es)
[INFO] [1790803606.305918, 350.680000]: [mission] fase "aproxima_lateral": modo IK iterativa (YAML)
[INFO] [1790803606.311412, 350.685000]: [mission] âncora engatada (fase "aproxima_lateral")
[INFO] [1790803608.851336, 353.192000]: [mission] fase "aproxima_lateral" it0: ponta (0.288, 2.868, 0.810) erro=0.0088 | degrau eixo 7.1° | rolagem 7.1° | IK pediu [-21.6 -13.1   0.   78.   74.7] | faltou [ 0.  -0.3 -0.3  0.5 -0. ] graus
[INFO] [1790803608.853906, 353.195000]: [mission] fase "aproxima_lateral" it0: no frame da parede eixo=-2.3 prof=+7.0 alt=+4.8 mm (tolerância 40/8/5)
[INFO] [1790803608.855233, 353.197000]: [mission] âncora solta — 1 correções de deriva
[INFO] [1790803608.856540, 353.198000]: [mission] fase "aproxima_lateral" alcançada em 1 iteração(ões) (0.0088 m) — âncora corrigiu 1 vez(es)
[INFO] [1790803609.369050, 353.704000]: [mission] fase "atravessa": modo IK iterativa (YAML)
[INFO] [1790803609.374645, 353.709000]: [mission] âncora engatada (fase "atravessa")
[INFO] [1790803611.134453, 355.440000]: [mission] fase "atravessa" it0: ponta (0.210, 2.868, 0.811) erro=0.0070 | degrau eixo 3.5° | rolagem 4.0° | IK pediu [-15.1 -14.3   0.   83.8  80.6] | faltou [-0.2 -0.1 -0.5 -0.9 -0.5] graus
[INFO] [1790803611.136827, 355.442000]: [mission] fase "atravessa" it0: no frame da parede eixo=+1.6 prof=+5.6 alt=+3.9 mm (tolerância 8/6/5)
[INFO] [1790803611.138273, 355.444000]: [mission] fase "atravessa" alcançada em 1 iteração(ões) (0.0070 m)
[INFO] [1790803611.655411, 355.949000]: [mission] fase "captura": modo IK iterativa (YAML)
[INFO] [1790803611.665055, 355.958000]: [mission] âncora engatada (fase "captura")
[INFO] [1790803613.192827, 357.466000]: [mission] fase "captura" it0: ponta (0.209, 2.873, 0.793) erro=0.0091 | degrau eixo 3.5° | rolagem 3.7° | IK pediu [-14.6 -16.6  -0.   84.4  81.4] | faltou [-0.8 -0.1 -0.2 -0.4 -0.2] graus
[INFO] [1790803613.195391, 357.469000]: [mission] fase "captura" it0: no frame da parede eixo=+8.7 prof=+1.7 alt=+2.3 mm (tolerância 40/6/10)
[WARN] [1790803616.939573, 361.182000]: [mission] fase "destrava": descida estagnou em 12.9 mm (mín 10 para aceitar; alvo 18) — fim de curso do mecanismo, fechando a fase
[WARN] [1790803617.154641, 361.393000]: [mission] destrava: lingueta em 7.1 mm (esperado ≥ 12) — o gatilho pode não ter soltado
[WARN] [1790803646.748662, 390.637000]: [mission] RETRACT: ponta a 0.141 m do olhal — saindo em degraus: sobe 30 mm, 120 mm pelo eixo do furo, 100 mm para fora, antes de recolher
[INFO] [1790803613.196886, 357.470000]: [mission] fase "captura" alcançada em 1 iteração(ões) (0.0091 m)
[INFO] [1790803613.201847, 357.475000]: [mission] captura: ponta registrada em eixo=-8.7 prof=-1.7 alt=-12.3 mm (zero da descida do destrava e da deriva de eixo)
[INFO] [1790803613.704079, 357.976000]: [mission] fase "destrava": alvo em altura relativo à captura: -32.3 mm (captura -12.3 − curso 18 − margem 2)
[INFO] [1790803613.705211, 357.977000]: [mission] fase "destrava": modo whole-body/Fuzzy (YAML)
[INFO] [1790803613.909384, 358.178000]: [mission] plano de exclusão publicado: parede em [3.000e-03 3.005e+00 0.000e+00], normal segura [-0.021 -1.     0.   ]
[INFO] [1790803614.216245, 358.481000]: [mission] fase "destrava": whole-body assumiu (base livre, restrita pelo plano de exclusão)
[INFO] [1790803614.218716, 358.483000]: [mission] fase "destrava": whole-body a 0.0215 m do alvo — eixo=+8.7 prof=+1.6 alt=-19.6 mm
[INFO] [1790803616.333149, 360.582000]: [mission] fase "destrava": whole-body a 0.0112 m do alvo — eixo=+8.1 prof=-3.4 alt=-6.9 mm
[INFO] [1790803617.152752, 361.391000]: [mission] destrava: ponta desceu 13.4 mm desde a captura (critério observável) | lingueta 7.1 mm (só na simulação)
[INFO] [1790803617.666592, 361.894000]: [mission] fase "libera": modo whole-body/Fuzzy (YAML)
[INFO] [1790803617.871063, 362.096000]: [mission] plano de exclusão publicado: parede em [3.000e-03 3.005e+00 0.000e+00], normal segura [-0.021 -1.     0.   ]
[INFO] [1790803618.178643, 362.401000]: [mission] fase "libera": whole-body assumiu (base livre, restrita pelo plano de exclusão)
[INFO] [1790803618.383530, 362.603000]: [mission] fase "libera": whole-body a 0.0268 m do alvo — eixo=+8.1 prof=+25.1 alt=+4.6 mm
[INFO] [1790803620.504738, 364.703000]: [mission] fase "libera": whole-body a 0.0239 m do alvo — eixo=+8.1 prof=+21.6 alt=+6.2 mm
[INFO] [1790803622.631412, 366.803000]: [mission] fase "libera": whole-body a 0.0237 m do alvo — eixo=+8.1 prof=+21.4 alt=+6.2 mm
[INFO] [1790803624.663214, 368.804000]: [mission] fase "libera": whole-body a 0.0236 m do alvo — eixo=+8.1 prof=+21.2 alt=+6.2 mm
[INFO] [1790803626.788332, 370.904000]: [mission] fase "libera": whole-body a 0.0238 m do alvo — eixo=+8.2 prof=+21.6 alt=+6.1 mm
[INFO] [1790803628.906742, 373.003000]: [mission] fase "libera": whole-body a 0.0431 m do alvo — eixo=+9.2 prof=-41.7 alt=+5.7 mm
[INFO] [1790803631.022051, 375.103000]: [mission] fase "libera": whole-body a 0.0394 m do alvo — eixo=+9.2 prof=-38.2 alt=+3.4 mm
[INFO] [1790803633.141817, 377.203000]: [mission] fase "libera": whole-body a 0.0146 m do alvo — eixo=+8.7 prof=-10.0 alt=-6.2 mm
[INFO] [1790803635.253698, 379.303000]: [mission] fase "libera": whole-body a 0.0122 m do alvo — eixo=+8.6 prof=-3.0 alt=-8.1 mm
[INFO] [1790803637.299993, 381.304000]: [mission] fase "libera": whole-body a 0.0116 m do alvo — eixo=+8.4 prof=-2.7 alt=-7.5 mm
[INFO] [1790803637.801732, 381.803000]: [mission] fase "libera" alcançada por whole-body em 19.4s (0.0087 m) — no frame da parede eixo=+8.5 prof=+0.6 alt=-1.8 mm (tolerância 40/8/6)
[INFO] [1790803638.516268, 382.507000]: [mission] fase "arco1"/puxa: RECUANDO 0.022 m só com as rodas
[INFO] [1790803638.979756, 382.960000]: [mission] fase "arco1"/puxa: concluído (0.023 m)
[INFO] [1790803638.983097, 382.963000]: [mission] fase "arco1": modo whole-body/Fuzzy (YAML)
[INFO] [1790803639.188325, 383.166000]: [mission] plano de exclusão publicado: parede em [3.000e-03 3.005e+00 0.000e+00], normal segura [-0.021 -1.     0.   ]
[INFO] [1790803639.493631, 383.468000]: [mission] fase "arco1": whole-body assumiu (base livre, restrita pelo plano de exclusão)
[INFO] [1790803639.495854, 383.470000]: [mission] fase "arco1": whole-body a 0.0104 m do alvo — eixo=+8.9 prof=+1.3 alt=-5.3 mm
[INFO] [1790803639.896481, 383.869000]: [mission] fase "arco1" alcançada por whole-body em 0.4s (0.0111 m) — no frame da parede eixo=+9.0 prof=-3.9 alt=-5.2 mm (tolerância 40/10/15)
[INFO] [1790803639.897191, 383.869000]: [mission] arco1: SOLTURA observável — recuo 57.4 mm desde a captura (mín 40) com deriva de eixo -0.4 mm → SOLTA
[INFO] [1790803640.107696, 384.077000]: [mission] waypoint de 15° — lâmina medida em 15.0° (abertura por CONTATO)
[INFO] [1790803640.615415, 384.578000]: [mission] fase "arco2"/puxa: RECUANDO 0.048 m só com as rodas
[INFO] [1790803641.531331, 385.479000]: [mission] fase "arco2"/puxa: concluído (0.051 m)
[INFO] [1790803641.533452, 385.481000]: [mission] fase "arco2": modo whole-body/Fuzzy (YAML)
[INFO] [1790803641.738033, 385.683000]: [mission] plano de exclusão publicado: parede em [3.000e-03 3.005e+00 0.000e+00], normal segura [-0.021 -1.     0.   ]
[INFO] [1790803642.046766, 385.988000]: [mission] fase "arco2": whole-body assumiu (base livre, restrita pelo plano de exclusão)
[INFO] [1790803642.048721, 385.989000]: [mission] fase "arco2": whole-body a 0.0202 m do alvo — eixo=+9.7 prof=+10.6 alt=-14.2 mm
[INFO] [1790803642.554112, 386.489000]: [mission] fase "arco2" alcançada por whole-body em 0.5s (0.0160 m) — no frame da parede eixo=+9.7 prof=+5.5 alt=-11.4 mm (tolerância 40/10/15)
[INFO] [1790803642.767161, 386.699000]: [mission] waypoint de 30° — lâmina medida em 28.1° (abertura por CONTATO)
[INFO] [1790803643.276127, 387.201000]: [mission] fase "desengata": modo IK iterativa (YAML)
[INFO] [1790803643.282739, 387.207000]: [mission] âncora engatada (fase "desengata")
[INFO] [1790803645.815199, 389.713000]: [mission] fase "desengata" it0: ponta (0.288, 2.775, 0.749) erro=0.0068 | degrau eixo 6.7° | rolagem 7.0° | IK pediu [-23.2 -21.3  -0.   85.5  75.9] | faltou [ 0.2 -0.2 -0.3 -0.4 -0. ] graus
[INFO] [1790803645.818699, 389.717000]: [mission] fase "desengata" alcançada em 1 iteração(ões) (0.0068 m)
[INFO] [1790803646.338332, 390.231000]: [mission] MANIPULATE concluída — chave ABERTA, lâmina medida em 28.8°
[INFO] [1790803646.341270, 390.234000]: State machine transitioning 'MANIPULATE':'done'-->'RETRACT'
[INFO] [1790803646.755001, 390.643000]: [mission] âncora engatada (fase "saida_sobe")
[INFO] [1790803648.382021, 392.250000]: [mission] fase "saida_sobe" it0: ponta (0.289, 2.779, 0.776) erro=0.0058 | degrau eixo 6.4° | rolagem 6.6° | IK pediu [-23.1 -18.2   0.   83.7  75.8] | faltou [ 0.  -0.5 -0.2 -0.1  0. ] graus
[INFO] [1790803648.385053, 392.254000]: [mission] fase "saida_sobe" it0: no frame da parede eixo=+0.4 prof=+4.1 alt=+4.2 mm (tolerância 30/20/10)
[INFO] [1790803648.386362, 392.255000]: [mission] fase "saida_sobe" alcançada em 1 iteração(ões) (0.0058 m)
[INFO] [1790803648.389961, 392.259000]: [mission] âncora engatada (fase "saida_eixo")
[INFO] [1790803650.320946, 394.163000]: [mission] fase "saida_eixo" it0: ponta (0.409, 2.776, 0.774) erro=0.0069 | degrau eixo 13.1° | rolagem 13.7° | IK pediu [-32.6 -15.7   0.   73.2  68.6] | faltou [ 0.2 -0.3 -0.4 -0.5 -0. ] graus
[INFO] [1790803650.326391, 394.168000]: [mission] fase "saida_eixo" it0: no frame da parede eixo=+0.9 prof=+3.8 alt=+5.7 mm (tolerância 20/20/15)
[INFO] [1790803650.329246, 394.171000]: [mission] fase "saida_eixo" alcançada em 1 iteração(ões) (0.0069 m)
[INFO] [1790803650.334175, 394.176000]: [mission] âncora engatada (fase "saida_fora")
[INFO] [1790803653.071076, 396.882000]: [mission] fase "saida_fora" it0: ponta (0.406, 2.677, 0.777) erro=0.0047 | degrau eixo 7.2° | rolagem 8.4° | IK pediu [-36.6 -20.4   0.   95.4  61.8] | faltou [ 0.   0.  -0.8 -1.6  0. ] graus
[INFO] [1790803653.074364, 396.886000]: [mission] fase "saida_fora" it0: no frame da parede eixo=-0.1 prof=+3.9 alt=+2.8 mm (tolerância 30/20/20)
[INFO] [1790803653.075983, 396.887000]: [mission] fase "saida_fora" alcançada em 1 iteração(ões) (0.0047 m)
[INFO] [1790803653.077821, 396.888000]: [mission] RETRACT/afasta: RECUANDO 0.250 m só com as rodas
[INFO] [1790803657.528655, 401.290000]: [mission] RETRACT/afasta: concluído (0.252 m)
[INFO] [1790803657.530896, 401.292000]: [mission] postura "stow_home" comandada: [0.0, 1.13, -1.04, -1.8, 0.0]
[INFO] [1790803669.261687, 412.894000]: State machine transitioning 'RETRACT':'ok'-->'RETURN'
[INFO] [1790803669.263324, 412.895000]: [mission] RETURN — voltando a (0.00, 1.00, -0.00 rad)
[INFO] [1790803684.684749, 428.146000]: [mission] RETURN: alinhado, avançando (1.15 m)
[INFO] [1790803684.736145, 428.196000]: [mission] teto por postura ativo no drive: v<=0.23 w<=0.50 rampa 0.51/1.52
[INFO] [1790803693.585243, 436.946000]: [mission] RETURN: chegou, ajustando heading final
[INFO] [1790803693.635502, 436.996000]: [mission] teto por postura ativo no drive: v<=0.23 w<=0.50 rampa 0.51/1.52
[INFO] [1790803700.508048, 443.796000]: [mission] RETURN: concluído
[INFO] [1790803700.509618, 443.797000]: State machine terminating 'RETURN':'home':'MISSION_OK'
[INFO] [1790803700.512469, 443.800000]: [mission] resultado: MISSION_OK
... logging to /home/marco/.ros/log/cc1c093a-bd14-11f1-87aa-b025aa85b2a2/roslaunch-shiroi-2238280.log
Checking log directory for disk usage. This may take a while.
Press Ctrl-C to interrupt
]2;/home/marco/b166er/src/b166er_whole_body_control/launch/chave_mission.launch
[1mstarted roslaunch server http://shiroi:46105/[0m

SUMMARY
========

PARAMETERS
 * /chave_mission/estado_final: 
 * /chave_mission/estado_inicial: STOW_INIT
 * /chave_mission/pausa_por_fase: False
 * /chave_mission/search_omega: 0.35
 * /chave_mission/standoff_distance: 0.62
 * /chave_mission/use_wholebody: False
 * /chave_seccionadora_task/aproxima_lateral/modo: ik
 * /chave_seccionadora_task/aproxima_lateral/offset_xyz_m: [-0.09, 0.008, 0.01]
 * /chave_seccionadora_task/aproxima_lateral/tol_xyz_m: [0.04, 0.008, 0.005]
 * /chave_seccionadora_task/arco1/blade_angle_deg: 15
 * /chave_seccionadora_task/arco1/deriva_eixo_max_m: 0.015
 * /chave_seccionadora_task/arco1/modo: wb
 * /chave_seccionadora_task/arco1/offset_xyz_m: [0.0, 0.0518, -0....
 * /chave_seccionadora_task/arco1/soltura_recuo_min_m: 0.04
 * /chave_seccionadora_task/arco1/tol_xyz_m: [0.04, 0.01, 0.015]
 * /chave_seccionadora_task/arco2/blade_angle_deg: 30
 * /chave_seccionadora_task/arco2/deriva_eixo_max_m: 0.015
 * /chave_seccionadora_task/arco2/modo: wb
 * /chave_seccionadora_task/arco2/offset_xyz_m: [0.0, 0.1, -0.0518]
 * /chave_seccionadora_task/arco2/tol_xyz_m: [0.04, 0.01, 0.015]
 * /chave_seccionadora_task/atravessa/modo: ik
 * /chave_seccionadora_task/atravessa/offset_xyz_m: [-0.008, 0.008, 0...
 * /chave_seccionadora_task/atravessa/tol_xyz_m: [0.008, 0.006, 0....
 * /chave_seccionadora_task/captura/modo: ik
 * /chave_seccionadora_task/captura/offset_xyz_m: [0.0, 0.0, -0.01]
 * /chave_seccionadora_task/captura/tol_xyz_m: [0.04, 0.006, 0.01]
 * /chave_seccionadora_task/desengata/modo: ik
 * /chave_seccionadora_task/desengata/offset_xyz_m: [-0.09, 0.1, -0.0...
 * /chave_seccionadora_task/destrava/curso_estagna_m: 0.01
 * /chave_seccionadora_task/destrava/curso_margem_m: 0.002
 * /chave_seccionadora_task/destrava/curso_min_m: 0.018
 * /chave_seccionadora_task/destrava/modo: wb
 * /chave_seccionadora_task/destrava/offset_xyz_m: [0.0, 0.0, -0.025]
 * /chave_seccionadora_task/destrava/tol_xyz_m: [0.04, 0.006, 0.004]
 * /chave_seccionadora_task/libera/deriva_eixo_max_m: 0.015
 * /chave_seccionadora_task/libera/modo: wb
 * /chave_seccionadora_task/libera/offset_xyz_m: [0.0, 0.03, -0.025]
 * /chave_seccionadora_task/libera/tol_xyz_m: [0.04, 0.008, 0.006]
 * /chave_seccionadora_task/orienta/modo: ik
 * /chave_seccionadora_task/orienta/offset_xyz_m: [-0.09, 0.15, 0.0...
 * /chave_seccionadora_task/reassenta_sobe/tol_xyz_m: [0.03, 0.02, 0.005]
 * /chave_seccionadora_task/saida_eixo/tol_xyz_m: [0.02, 0.02, 0.015]
 * /chave_seccionadora_task/saida_fora/tol_xyz_m: [0.03, 0.02, 0.02]
 * /chave_seccionadora_task/saida_sobe/tol_xyz_m: [0.03, 0.02, 0.01]
 * /chave_seccionadora_task/target_frame: chave_olhal_link
 * /fuzzy_wb_controller/fixed_gains: []
 * /rosdistro: noetic
 * /rosversion: 1.17.4

NODES
  /
    chave_mission (b166er_whole_body_control/chave_mission.py)

[1mROS_MASTER_URI=http://localhost:11311[0m
]2;/home/marco/b166er/src/b166er_whole_body_control/launch/chave_mission.launch http://localhost:11311
[1mprocess[chave_mission-1]: started with pid [2238326][0m
[1m[chave_mission-1] process has finished cleanly
log file: /home/marco/.ros/log/cc1c093a-bd14-11f1-87aa-b025aa85b2a2/chave_mission-1*.log[0m
all processes on machine have died, roslaunch will exit
shutting down processing monitor...
... shutting down processing monitor complete
[1mdone[0m
