[31mWARNING: disk usage in log directory [/home/marco/.ros/log] is over 1GB.
It's recommended that you use the 'rosclean' command.[0m
the rosdep view is empty: call 'sudo rosdep init' and 'rosdep update'
[WARN] [1790812514.630871, 702.101000]: [mission] SEARCH: 2 de 25 amostras descartadas como outlier (>0.15 m ou >0.20 rad da mediana)
[INFO] [1790812491.893070, 679.743000]: garra_dx = 0.000 m (fechada)
[INFO] [1790812491.921772, 679.773000]: State machine starting in initial state 'STOW_INIT' with userdata: 
	[]
[INFO] [1790812492.223751, 680.074000]: [mission] pose de partida registrada: (0.00, 1.00, 0.00 rad)
[INFO] [1790812492.225977, 680.076000]: [mission] postura "stow_home" comandada: [0.0, 1.13, -1.04, -1.8, 0.0]
[INFO] [1790812492.329228, 680.178000]: State machine transitioning 'STOW_INIT':'ok'-->'SEARCH'
[INFO] [1790812492.331403, 680.180000]: [mission] postura "search" comandada: [0.0, 1.0, -1.0, 0.0, 0.0]
[INFO] [1790812498.430111, 686.181000]: [mission] SEARCH — girando à procura da tag...
[INFO] [1790812498.432887, 686.183000]: [mission] SEARCH: amostra quando a tag estiver a raio 0.35-0.50 do quadro (vista oblíqua; omega fina 0.15 rad/s)
[INFO] [1790812500.120662, 687.836000]: [mission] SEARCH: tag a raio 0.87 — girando até <= 0.50
[INFO] [1790812506.175492, 693.786000]: [mission] SEARCH: tag a raio 0.50 — parando
[INFO] [1790812506.176649, 693.787000]: [mission] tag avistada — parando para medir
[INFO] [1790812507.202940, 694.794000]: [mission] âncora engatada (coleta do SEARCH)
[INFO] [1790812507.204228, 694.795000]: [mission] SEARCH: coleta com dither ±0.05 rad/s (período 3.0 s)
[INFO] [1790812514.615860, 702.086000]: [mission] âncora solta — 12 correções de deriva
[INFO] [1790812514.617628, 702.088000]: [mission] SEARCH: âncora corrigiu a deriva 12 vez(es) durante a coleta
[INFO] [1790812514.632094, 702.102000]: [mission] SEARCH: 23 amostras — parede (0.021, 3.092, -0.003) yaw=2.934
[INFO] [1790812514.632947, 702.103000]: [mission] parede localizada em (0.021, 3.092, -0.003)
[INFO] [1790812514.636681, 702.107000]: State machine transitioning 'SEARCH':'found'-->'APPROACH'
[INFO] [1790812514.637540, 702.108000]: [mission] APPROACH etapa 1/2 — 1.30 m do olhal, alvo (-0.08, 1.65, 1.36 rad)
[INFO] [1790812514.638355, 702.109000]: [mission] teto por postura ativo no drive: v<=0.17 w<=0.50 rampa 0.45/1.52
[INFO] [1790812519.293407, 706.709000]: [mission] APPROACH: alinhado, avançando (0.81 m)
[INFO] [1790812525.951645, 713.259000]: [mission] APPROACH: chegou, ajustando heading final
[INFO] [1790812526.002798, 713.309000]: [mission] teto por postura ativo no drive: v<=0.17 w<=0.50 rampa 0.45/1.52
[INFO] [1790812528.546872, 715.809000]: [mission] APPROACH: concluído
[INFO] [1790812529.571348, 716.814000]: [mission] âncora engatada (coleta do APPROACH/remedida)
[INFO] [1790812529.573633, 716.816000]: [mission] APPROACH/remedida: coleta com dither ±0.05 rad/s (período 3.0 s)
[INFO] [1790812530.727869, 717.949000]: [mission] âncora solta — 2 correções de deriva
[INFO] [1790812530.730694, 717.952000]: [mission] APPROACH/remedida: âncora corrigiu a deriva 2 vez(es) durante a coleta
[INFO] [1790812530.734243, 717.955000]: [mission] APPROACH/remedida: 10 amostras — parede (0.008, 3.012, -0.003) yaw=3.128
[INFO] [1790812530.736468, 717.957000]: [mission] APPROACH etapa 2/2 — 0.88 m do olhal, alvo (0.36, 2.00, 1.56 rad)
[INFO] [1790812535.461049, 722.609000]: [mission] APPROACH: alinhado, avançando (0.71 m)
[INFO] [1790812535.511867, 722.659000]: [mission] teto por postura ativo no drive: v<=0.17 w<=0.50 rampa 0.45/1.52
[INFO] [1790812541.676926, 728.709000]: [mission] APPROACH: chegou, ajustando heading final
[INFO] [1790812541.727421, 728.760000]: [mission] teto por postura ativo no drive: v<=0.17 w<=0.50 rampa 0.45/1.52
[INFO] [1790812547.528937, 734.459000]: [mission] APPROACH: concluído
[INFO] [1790812547.536078, 734.466000]: State machine transitioning 'APPROACH':'arrived'-->'REFINE'
[INFO] [1790812547.538778, 734.469000]: [mission] REFINE — remedindo a parede de perto (10 amostras)
[INFO] [1790812547.544913, 734.475000]: [mission] âncora engatada (coleta do REFINE)
[INFO] [1790812547.546312, 734.476000]: [mission] REFINE: coleta com dither ±0.05 rad/s (período 3.0 s)
[INFO] [1790812548.703939, 735.611000]: [mission] âncora solta — 1 correções de deriva
[INFO] [1790812548.706361, 735.614000]: [mission] REFINE: âncora corrigiu a deriva 1 vez(es) durante a coleta
[INFO] [1790812548.710193, 735.617000]: [mission] REFINE: 10 amostras — parede (0.001, 3.000, -0.001) yaw=3.139
[INFO] [1790812548.712624, 735.620000]: [mission] REFINE: deslocou 0.014 m da estimativa anterior
[INFO] [1790812548.714865, 735.622000]: [mission] olhal estimado em (0.201, 2.870, 0.804)
[INFO] [1790812548.720442, 735.628000]: State machine transitioning 'REFINE':'ok'-->'DEPLOY'
[INFO] [1790812548.722499, 735.630000]: [mission] DEPLOY: IK resolvida para a POSE DE MANIPULAÇÃO (0.20, 2.25, 1.57 rad), não para a atual
[INFO] [1790812553.561074, 739.705000]: [mission] DEPLOY: IK nivelada 0.0711 m, só eixo 0.0014 m — a MISSÃO INTEIRA usa "eixo"
[INFO] [1790812553.563259, 740.466000]: [mission] DEPLOY: IK da ponta resolvida (resíduo 0.0014 m, degrau 0.4°) — pré-posicionando em [-10.9 -46.6  60.   78.5  79.1] graus
[INFO] [1790812560.582036, 747.368000]: [mission] plano de exclusão publicado: parede em [ 1.e-03  3.e+00 -1.e-03], normal segura [-0.003 -1.     0.   ]
[INFO] [1790812560.794757, 747.579000]: [mission] teto por postura ativo no drive: v<=0.23 w<=0.50 rampa 0.52/1.64
[INFO] [1790812565.921156, 752.628000]: [mission] DEPLOY/aproxima: alinhado, avançando (0.42 m)
[INFO] [1790812565.971121, 752.678000]: [mission] teto por postura ativo no drive: v<=0.23 w<=0.50 rampa 0.52/1.64
[INFO] [1790812570.130895, 756.778000]: [mission] DEPLOY/aproxima: chegou, ajustando heading final
[INFO] [1790812575.709162, 762.278000]: [mission] DEPLOY/aproxima: concluído
[INFO] [1790812575.710516, 762.279000]: State machine transitioning 'DEPLOY':'ok'-->'MANIPULATE'
[INFO] [1790812575.712091, 762.281000]: [mission] fase "orienta": modo IK iterativa (YAML)
[INFO] [1790812575.716831, 762.285000]: [mission] âncora engatada (fase "orienta")
[INFO] [1790812579.516370, 766.028000]: [mission] fase "orienta" it0: ponta (0.305, 2.721, 0.811) erro=0.0147 | degrau eixo 0.2° | rolagem 0.3° | IK pediu [-15.3 -26.   19.6  95.   79.5] | faltou [ 0.  -0.3  0.2  0.1  0. ] graus
[INFO] [1790812579.518799, 766.031000]: [mission] âncora solta — 3 correções de deriva
[INFO] [1790812579.520628, 766.033000]: [mission] fase "orienta" alcançada em 1 iteração(ões) (0.0147 m) — âncora corrigiu 3 vez(es)
[INFO] [1790812580.033259, 766.539000]: [mission] fase "aproxima_lateral": modo IK iterativa (YAML)
[INFO] [1790812580.036119, 766.541000]: [mission] âncora engatada (fase "aproxima_lateral")
[INFO] [1790812582.580073, 769.043000]: [mission] fase "aproxima_lateral" it0: ponta (0.299, 2.867, 0.809) erro=0.0112 | degrau eixo 4.0° | rolagem 4.2° | IK pediu [-11.3 -12.8   0.   75.7  82.1] | faltou [ 0.  -0.3 -0.3 -0.4  0. ] graus
[INFO] [1790812582.583543, 769.048000]: [mission] fase "aproxima_lateral" it0: no frame da parede eixo=+8.0 prof=+5.9 alt=+5.3 mm (tolerância 40/8/5)
[INFO] [1790812584.122386, 770.557000]: [mission] fase "aproxima_lateral" it1: ponta (0.283, 2.860, 0.813) erro=0.0077 | degrau eixo 3.6° | rolagem 3.9° | IK pediu [-10.2 -12.8   0.   77.9  82.2] | faltou [-0.  -0.2 -0.5 -0.7 -0. ] graus
[INFO] [1790812584.123692, 770.558000]: [mission] fase "aproxima_lateral" it1: no frame da parede eixo=-7.5 prof=-1.6 alt=+0.7 mm (tolerância 40/8/5)
[INFO] [1790812584.124490, 770.559000]: [mission] âncora solta — 2 correções de deriva
[INFO] [1790812584.125122, 770.560000]: [mission] fase "aproxima_lateral" alcançada em 2 iteração(ões) (0.0077 m) — âncora corrigiu 2 vez(es)
[INFO] [1790812584.641825, 771.062000]: [mission] fase "atravessa": modo IK iterativa (YAML)
[INFO] [1790812584.646010, 771.066000]: [mission] âncora engatada (fase "atravessa")
[INFO] [1790812586.479039, 772.872000]: [mission] fase "atravessa" it0: ponta (0.215, 2.868, 0.809) erro=0.0106 | degrau eixo 0.9° | rolagem 1.0° | IK pediu [ -3.7 -13.5   0.1  78.8  88. ] | faltou [-0.1 -0.2 -0.3 -0.4 -0.1] graus
[INFO] [1790812586.482058, 772.875000]: [mission] fase "atravessa" it0: no frame da parede eixo=+6.7 prof=+6.6 alt=+4.9 mm (tolerância 8/6/5)
[INFO] [1790812588.032674, 774.386000]: [mission] fase "atravessa" it1: ponta (0.209, 2.862, 0.810) erro=0.0041 | degrau eixo 0.7° | rolagem 0.8° | IK pediu [ -2.8 -13.8   0.7  80.5  88.2] | faltou [-0.7 -0.3 -0.6 -0.8  0.1] graus
[WARN] [1790812594.071123, 780.325000]: [mission] fase "destrava": descida estagnou em 15.9 mm (mín 10 para aceitar; alvo 18) — fim de curso do mecanismo, fechando a fase
[WARN] [1790812594.291662, 780.539000]: [mission] destrava: lingueta em 11.7 mm (esperado ≥ 12) — o gatilho pode não ter soltado
[WARN] [1790812608.513885, 794.478000]: [mission] RETRACT: ponta a 0.138 m do olhal — saindo em degraus: sobe 30 mm, 120 mm pelo eixo do furo, 100 mm para fora, antes de recolher
[INFO] [1790812588.036665, 774.390000]: [mission] fase "atravessa" it1: no frame da parede eixo=+0.0 prof=-0.4 alt=+4.0 mm (tolerância 8/6/5)
[INFO] [1790812588.038908, 774.392000]: [mission] âncora solta — 1 correções de deriva
[INFO] [1790812588.040644, 774.394000]: [mission] fase "atravessa" alcançada em 2 iteração(ões) (0.0041 m) — âncora corrigiu 1 vez(es)
[INFO] [1790812588.557256, 774.900000]: [mission] fase "captura": modo IK iterativa (YAML)
[INFO] [1790812588.560854, 774.903000]: [mission] âncora engatada (fase "captura")
[INFO] [1790812589.999866, 776.309000]: [mission] fase "captura" it0: ponta (0.209, 2.874, 0.791) erro=0.0095 | degrau eixo 0.7° | rolagem 0.8° | IK pediu [ -2.4 -15.3  -0.5  79.3  88.5] | faltou [-0.6 -0.2 -0.1  0.3 -0.1] graus
[INFO] [1790812590.002460, 776.312000]: [mission] fase "captura" it0: no frame da parede eixo=+7.9 prof=+3.7 alt=+3.6 mm (tolerância 40/6/10)
[INFO] [1790812590.003762, 776.313000]: [mission] fase "captura" alcançada em 1 iteração(ões) (0.0095 m)
[INFO] [1790812590.007800, 776.317000]: [mission] captura: ponta registrada em eixo=-7.9 prof=-3.7 alt=-13.6 mm (zero da descida do destrava e da deriva de eixo)
[INFO] [1790812590.515712, 776.818000]: [mission] fase "destrava": alvo em altura relativo à captura: -33.6 mm (captura -13.6 − curso 18 − margem 2)
[INFO] [1790812590.517959, 776.820000]: [mission] fase "destrava": modo whole-body/Fuzzy (YAML)
[INFO] [1790812590.722838, 777.022000]: [mission] plano de exclusão publicado: parede em [ 1.e-03  3.e+00 -1.e-03], normal segura [-0.003 -1.     0.   ]
[INFO] [1790812591.035925, 777.324000]: [mission] fase "destrava": whole-body assumiu (base livre, restrita pelo plano de exclusão)
[INFO] [1790812591.037488, 777.325000]: [mission] fase "destrava": whole-body a 0.0200 m do alvo — eixo=+8.0 prof=+4.0 alt=-17.9 mm
[INFO] [1790812593.162621, 779.425000]: [mission] fase "destrava": whole-body a 0.0105 m do alvo — eixo=+7.8 prof=-1.9 alt=-6.8 mm
[INFO] [1790812594.288855, 780.536000]: [mission] destrava: ponta desceu 15.2 mm desde a captura (critério observável) | lingueta 11.7 mm (só na simulação)
[INFO] [1790812594.810628, 781.042000]: [mission] fase "libera": modo whole-body/Fuzzy (YAML)
[INFO] [1790812595.018361, 781.245000]: [mission] plano de exclusão publicado: parede em [ 1.e-03  3.e+00 -1.e-03], normal segura [-0.003 -1.     0.   ]
[INFO] [1790812595.322146, 781.548000]: [mission] fase "libera": whole-body assumiu (base livre, restrita pelo plano de exclusão)
[INFO] [1790812595.324181, 781.549000]: [mission] fase "libera": whole-body a 0.0294 m do alvo — eixo=+7.9 prof=+28.2 alt=+2.8 mm
[INFO] [1790812597.444896, 783.649000]: [mission] fase "libera": whole-body a 0.0232 m do alvo — eixo=+7.8 prof=+21.6 alt=+3.7 mm
[INFO] [1790812599.567252, 785.750000]: [mission] fase "libera": whole-body a 0.0117 m do alvo — eixo=+8.0 prof=-8.4 alt=-1.6 mm
[INFO] [1790812600.074623, 786.249000]: [mission] fase "libera" alcançada por whole-body em 4.7s (0.0085 m) — no frame da parede eixo=+8.0 prof=-2.2 alt=-1.9 mm (tolerância 40/8/6)
[INFO] [1790812600.792197, 786.957000]: [mission] fase "arco1"/puxa: RECUANDO 0.022 m só com as rodas
[INFO] [1790812601.263574, 787.408000]: [mission] fase "arco1"/puxa: concluído (0.024 m)
[INFO] [1790812601.264741, 787.409000]: [mission] fase "arco1": modo whole-body/Fuzzy (YAML)
[INFO] [1790812601.479272, 787.612000]: [mission] plano de exclusão publicado: parede em [ 1.e-03  3.e+00 -1.e-03], normal segura [-0.003 -1.     0.   ]
[INFO] [1790812601.791377, 787.916000]: [mission] fase "arco1": whole-body assumiu (base livre, restrita pelo plano de exclusão)
[INFO] [1790812601.793621, 787.918000]: [mission] fase "arco1": whole-body a 0.0105 m do alvo — eixo=+8.1 prof=+6.4 alt=-2.1 mm
[INFO] [1790812602.200941, 788.317000]: [mission] fase "arco1" alcançada por whole-body em 0.4s (0.0087 m) — no frame da parede eixo=+8.1 prof=+2.6 alt=-1.6 mm (tolerância 40/10/15)
[INFO] [1790812602.202322, 788.318000]: [mission] arco1: SOLTURA observável — recuo 52.8 mm desde a captura (mín 40) com deriva de eixo -0.1 mm → SOLTA
[INFO] [1790812602.426181, 788.530000]: [mission] waypoint de 15° — lâmina medida em 16.7° (abertura por CONTATO)
[INFO] [1790812602.946539, 789.032000]: [mission] fase "arco2"/puxa: RECUANDO 0.048 m só com as rodas
[INFO] [1790812603.931708, 789.984000]: [mission] fase "arco2"/puxa: concluído (0.050 m)
[INFO] [1790812603.933524, 789.986000]: [mission] fase "arco2": modo whole-body/Fuzzy (YAML)
[INFO] [1790812604.140334, 790.188000]: [mission] plano de exclusão publicado: parede em [ 1.e-03  3.e+00 -1.e-03], normal segura [-0.003 -1.     0.   ]
[INFO] [1790812604.443231, 790.491000]: [mission] fase "arco2": whole-body assumiu (base livre, restrita pelo plano de exclusão)
[INFO] [1790812604.444889, 790.492000]: [mission] fase "arco2": whole-body a 0.0149 m do alvo — eixo=+8.1 prof=-3.1 alt=-12.1 mm
[INFO] [1790812604.850165, 790.892000]: [mission] fase "arco2" alcançada por whole-body em 0.4s (0.0145 m) — no frame da parede eixo=+8.1 prof=-4.9 alt=-11.0 mm (tolerância 40/10/15)
[INFO] [1790812605.065978, 791.105000]: [mission] waypoint de 30° — lâmina medida em 29.9° (abertura por CONTATO)
[INFO] [1790812605.579961, 791.607000]: [mission] fase "desengata": modo IK iterativa (YAML)
[INFO] [1790812605.585119, 791.612000]: [mission] âncora engatada (fase "desengata")
[INFO] [1790812607.558457, 793.556000]: [mission] fase "desengata" it0: ponta (0.289, 2.778, 0.747) erro=0.0098 | degrau eixo 5.0° | rolagem 5.2° | IK pediu [ -7.8 -20.2  -0.   80.6  81.2] | faltou [ 0.1 -0.2 -0.4 -0.5 -0. ] graus
[INFO] [1790812607.562145, 793.561000]: [mission] fase "desengata" alcançada em 1 iteração(ões) (0.0098 m)
[INFO] [1790812608.085186, 794.074000]: [mission] MANIPULATE concluída — chave ABERTA, lâmina medida em 30.1°
[INFO] [1790812608.087120, 794.077000]: State machine transitioning 'MANIPULATE':'done'-->'RETRACT'
[INFO] [1790812608.518740, 794.483000]: [mission] âncora engatada (fase "saida_sobe")
[INFO] [1790812610.131904, 796.066000]: [mission] fase "saida_sobe" it0: ponta (0.287, 2.787, 0.771) erro=0.0092 | degrau eixo 4.7° | rolagem 4.9° | IK pediu [ -7.7 -17.2   0.   78.6  81.4] | faltou [ 0.  -0.5 -0.3 -0.1 -0. ] graus
[INFO] [1790812610.134905, 796.069000]: [mission] fase "saida_sobe" it0: no frame da parede eixo=-0.8 prof=+7.3 alt=+5.5 mm (tolerância 30/20/10)
[INFO] [1790812610.136542, 796.071000]: [mission] fase "saida_sobe" alcançada em 1 iteração(ões) (0.0092 m)
[INFO] [1790812610.141253, 796.075000]: [mission] âncora engatada (fase "saida_eixo")
[INFO] [1790812612.140537, 798.039000]: [mission] fase "saida_eixo" it0: ponta (0.409, 2.787, 0.770) erro=0.0104 | degrau eixo 10.7° | rolagem 11.2° | IK pediu [-17.4 -15.4  -0.   71.4  73.7] | faltou [ 0.2 -0.3 -0.4 -0.5 -0. ] graus
[INFO] [1790812612.146612, 798.045000]: [mission] fase "saida_eixo" it0: no frame da parede eixo=+0.7 prof=+8.1 alt=+6.5 mm (tolerância 20/20/15)
[INFO] [1790812612.149829, 798.049000]: [mission] fase "saida_eixo" alcançada em 1 iteração(ões) (0.0104 m)
[INFO] [1790812612.157870, 798.056000]: [mission] âncora engatada (fase "saida_fora")
[INFO] [1790812615.008605, 800.861000]: [mission] fase "saida_fora" it0: ponta (0.409, 2.686, 0.774) erro=0.0071 | degrau eixo 5.6° | rolagem 6.5° | IK pediu [-20.7 -20.6  -0.   95.9  68. ] | faltou [ 0.1  0.  -0.8 -1.4  0. ] graus
[INFO] [1790812615.010239, 800.863000]: [mission] fase "saida_fora" it0: no frame da parede eixo=+1.4 prof=+6.4 alt=+2.7 mm (tolerância 30/20/20)
[INFO] [1790812615.011233, 800.864000]: [mission] âncora solta — 1 correções de deriva
[INFO] [1790812615.011777, 800.864000]: [mission] fase "saida_fora" alcançada em 1 iteração(ões) (0.0071 m) — âncora corrigiu 1 vez(es)
[INFO] [1790812615.012406, 800.865000]: [mission] RETRACT/afasta: RECUANDO 0.250 m só com as rodas
[INFO] [1790812619.469922, 805.266000]: [mission] RETRACT/afasta: concluído (0.251 m)
[INFO] [1790812619.471574, 805.268000]: [mission] postura "stow_home" comandada: [0.0, 1.13, -1.04, -1.8, 0.0]
[INFO] [1790812631.316374, 816.870000]: State machine transitioning 'RETRACT':'ok'-->'RETURN'
[INFO] [1790812631.317846, 816.871000]: [mission] RETURN — voltando a (0.00, 1.00, 0.00 rad)
[INFO] [1790812645.971650, 831.272000]: [mission] RETURN: alinhado, avançando (1.18 m)
[INFO] [1790812646.022636, 831.322000]: [mission] teto por postura ativo no drive: v<=0.23 w<=0.50 rampa 0.51/1.51
[INFO] [1790812654.922411, 840.072000]: [mission] RETURN: chegou, ajustando heading final
[INFO] [1790812654.974857, 840.122000]: [mission] teto por postura ativo no drive: v<=0.22 w<=0.50 rampa 0.51/1.52
[INFO] [1790812662.039402, 847.072000]: [mission] RETURN: concluído
[INFO] [1790812662.040444, 847.073000]: State machine terminating 'RETURN':'home':'MISSION_OK'
[INFO] [1790812662.041165, 847.074000]: [mission] resultado: MISSION_OK
... logging to /home/marco/.ros/log/b2d0ab7a-bd28-11f1-88a8-b025aa85b2a2/roslaunch-shiroi-2277750.log
Checking log directory for disk usage. This may take a while.
Press Ctrl-C to interrupt
]2;/home/marco/b166er/src/b166er_whole_body_control/launch/chave_mission.launch
[1mstarted roslaunch server http://shiroi:43871/[0m

SUMMARY
========

PARAMETERS
 * /chave_mission/estado_final: 
 * /chave_mission/estado_inicial: STOW_INIT
 * /chave_mission/pausa_por_fase: False
 * /chave_mission/search_omega: 0.35
 * /chave_mission/standoff_distance: 0.62
 * /chave_mission/use_wholebody: False
 * /chave_seccionadora_task/aproxima_lateral/modo: ik
 * /chave_seccionadora_task/aproxima_lateral/offset_xyz_m: [-0.09, 0.008, 0.01]
 * /chave_seccionadora_task/aproxima_lateral/tol_xyz_m: [0.04, 0.008, 0.005]
 * /chave_seccionadora_task/arco1/blade_angle_deg: 15
 * /chave_seccionadora_task/arco1/deriva_eixo_max_m: 0.015
 * /chave_seccionadora_task/arco1/modo: wb
 * /chave_seccionadora_task/arco1/offset_xyz_m: [0.0, 0.0518, -0....
 * /chave_seccionadora_task/arco1/soltura_recuo_min_m: 0.04
 * /chave_seccionadora_task/arco1/tol_xyz_m: [0.04, 0.01, 0.015]
 * /chave_seccionadora_task/arco2/blade_angle_deg: 30
 * /chave_seccionadora_task/arco2/deriva_eixo_max_m: 0.015
 * /chave_seccionadora_task/arco2/modo: wb
 * /chave_seccionadora_task/arco2/offset_xyz_m: [0.0, 0.1, -0.0518]
 * /chave_seccionadora_task/arco2/tol_xyz_m: [0.04, 0.01, 0.015]
 * /chave_seccionadora_task/atravessa/modo: ik
 * /chave_seccionadora_task/atravessa/offset_xyz_m: [-0.008, 0.008, 0...
 * /chave_seccionadora_task/atravessa/tol_xyz_m: [0.008, 0.006, 0....
 * /chave_seccionadora_task/captura/modo: ik
 * /chave_seccionadora_task/captura/offset_xyz_m: [0.0, 0.0, -0.01]
 * /chave_seccionadora_task/captura/tol_xyz_m: [0.04, 0.006, 0.01]
 * /chave_seccionadora_task/desengata/modo: ik
 * /chave_seccionadora_task/desengata/offset_xyz_m: [-0.09, 0.1, -0.0...
 * /chave_seccionadora_task/destrava/curso_estagna_m: 0.01
 * /chave_seccionadora_task/destrava/curso_margem_m: 0.002
 * /chave_seccionadora_task/destrava/curso_min_m: 0.018
 * /chave_seccionadora_task/destrava/curso_teto_m: 0.022
 * /chave_seccionadora_task/destrava/modo: wb
 * /chave_seccionadora_task/destrava/offset_xyz_m: [0.0, 0.0, -0.025]
 * /chave_seccionadora_task/destrava/tol_xyz_m: [0.04, 0.006, 0.004]
 * /chave_seccionadora_task/libera/deriva_eixo_max_m: 0.015
 * /chave_seccionadora_task/libera/modo: wb
 * /chave_seccionadora_task/libera/offset_xyz_m: [0.0, 0.03, -0.025]
 * /chave_seccionadora_task/libera/tol_xyz_m: [0.04, 0.008, 0.006]
 * /chave_seccionadora_task/orienta/modo: ik
 * /chave_seccionadora_task/orienta/offset_xyz_m: [-0.09, 0.15, 0.0...
 * /chave_seccionadora_task/reassenta_sobe/tol_xyz_m: [0.03, 0.02, 0.005]
 * /chave_seccionadora_task/saida_eixo/tol_xyz_m: [0.02, 0.02, 0.015]
 * /chave_seccionadora_task/saida_fora/tol_xyz_m: [0.03, 0.02, 0.02]
 * /chave_seccionadora_task/saida_sobe/tol_xyz_m: [0.03, 0.02, 0.01]
 * /chave_seccionadora_task/target_frame: chave_olhal_link
 * /fuzzy_wb_controller/fixed_gains: []
 * /rosdistro: noetic
 * /rosversion: 1.17.4

NODES
  /
    chave_mission (b166er_whole_body_control/chave_mission.py)

[1mROS_MASTER_URI=http://localhost:11311[0m
]2;/home/marco/b166er/src/b166er_whole_body_control/launch/chave_mission.launch http://localhost:11311
[1mprocess[chave_mission-1]: started with pid [2277794][0m
[1m[chave_mission-1] process has finished cleanly
log file: /home/marco/.ros/log/b2d0ab7a-bd28-11f1-88a8-b025aa85b2a2/chave_mission-1*.log[0m
all processes on machine have died, roslaunch will exit
shutting down processing monitor...
... shutting down processing monitor complete
[1mdone[0m
