[31mWARNING: disk usage in log directory [/home/marco/.ros/log] is over 1GB.
It's recommended that you use the 'rosclean' command.[0m
the rosdep view is empty: call 'sudo rosdep init' and 'rosdep update'
[WARN] [1790812725.956123, 909.062000]: [mission] SEARCH: 7 de 25 amostras descartadas como outlier (>0.15 m ou >0.20 rad da mediana)
[INFO] [1790812703.560514, 0.000000]: garra_dx = 0.000 m (fechada)
[INFO] [1790812703.609518, 887.043000]: State machine starting in initial state 'STOW_INIT' with userdata: 
	[]
[INFO] [1790812703.913376, 887.344000]: [mission] pose de partida registrada: (0.00, 1.00, -0.00 rad)
[INFO] [1790812703.914817, 887.345000]: [mission] postura "stow_home" comandada: [0.0, 1.13, -1.04, -1.8, 0.0]
[INFO] [1790812704.019078, 887.447000]: State machine transitioning 'STOW_INIT':'ok'-->'SEARCH'
[INFO] [1790812704.022087, 887.450000]: [mission] postura "search" comandada: [0.0, 1.0, -1.0, 0.0, 0.0]
[INFO] [1790812710.125197, 893.451000]: [mission] SEARCH — girando à procura da tag...
[INFO] [1790812710.126311, 893.452000]: [mission] SEARCH: amostra quando a tag estiver a raio 0.35-0.50 do quadro (vista oblíqua; omega fina 0.15 rad/s)
[INFO] [1790812711.600761, 894.902000]: [mission] SEARCH: tag a raio 0.91 — girando até <= 0.50
[INFO] [1790812717.836576, 901.052000]: [mission] SEARCH: tag a raio 0.50 — parando
[INFO] [1790812717.838859, 901.054000]: [mission] tag avistada — parando para medir
[INFO] [1790812718.861407, 902.062000]: [mission] âncora engatada (coleta do SEARCH)
[INFO] [1790812718.863312, 902.064000]: [mission] SEARCH: coleta com dither ±0.05 rad/s (período 3.0 s)
[INFO] [1790812725.936733, 909.044000]: [mission] âncora solta — 11 correções de deriva
[INFO] [1790812725.938745, 909.046000]: [mission] SEARCH: âncora corrigiu a deriva 11 vez(es) durante a coleta
[INFO] [1790812725.957621, 909.065000]: [mission] SEARCH: 18 amostras — parede (0.025, 3.094, -0.002) yaw=2.895
[INFO] [1790812725.958726, 909.066000]: [mission] parede localizada em (0.025, 3.094, -0.002)
[INFO] [1790812725.963822, 909.071000]: State machine transitioning 'SEARCH':'found'-->'APPROACH'
[INFO] [1790812725.965513, 909.073000]: [mission] APPROACH etapa 1/2 — 1.30 m do olhal, alvo (-0.13, 1.66, 1.32 rad)
[INFO] [1790812725.967174, 909.075000]: [mission] teto por postura ativo no drive: v<=0.17 w<=0.50 rampa 0.45/1.52
[INFO] [1790812730.137829, 913.174000]: [mission] APPROACH: alinhado, avançando (0.83 m)
[INFO] [1790812736.654509, 919.574000]: [mission] APPROACH: chegou, ajustando heading final
[INFO] [1790812736.704368, 919.624000]: [mission] teto por postura ativo no drive: v<=0.17 w<=0.50 rampa 0.45/1.52
[INFO] [1790812739.792089, 922.674000]: [mission] APPROACH: concluído
[INFO] [1790812740.813751, 923.678000]: [mission] âncora engatada (coleta do APPROACH/remedida)
[INFO] [1790812740.816298, 923.680000]: [mission] APPROACH/remedida: coleta com dither ±0.05 rad/s (período 3.0 s)
[INFO] [1790812741.962274, 924.816000]: [mission] âncora solta — 2 correções de deriva
[INFO] [1790812741.964050, 924.817000]: [mission] APPROACH/remedida: âncora corrigiu a deriva 2 vez(es) durante a coleta
[INFO] [1790812741.966542, 924.819000]: [mission] APPROACH/remedida: 10 amostras — parede (0.010, 3.017, -0.004) yaw=3.130
[INFO] [1790812741.969980, 924.823000]: [mission] APPROACH etapa 2/2 — 0.88 m do olhal, alvo (0.37, 2.00, 1.56 rad)
[INFO] [1790812741.971808, 924.825000]: [mission] teto por postura ativo no drive: v<=0.17 w<=0.50 rampa 0.45/1.52
[INFO] [1790812745.618906, 928.424000]: [mission] APPROACH: alinhado, avançando (0.72 m)
[INFO] [1790812751.732822, 934.424000]: [mission] APPROACH: chegou, ajustando heading final
[INFO] [1790812751.783763, 934.474000]: [mission] teto por postura ativo no drive: v<=0.17 w<=0.50 rampa 0.45/1.52
[INFO] [1790812757.206698, 939.824000]: [mission] APPROACH: concluído
[INFO] [1790812757.212083, 939.830000]: State machine transitioning 'APPROACH':'arrived'-->'REFINE'
[INFO] [1790812757.213706, 939.831000]: [mission] REFINE — remedindo a parede de perto (10 amostras)
[INFO] [1790812757.219979, 939.837000]: [mission] âncora engatada (coleta do REFINE)
[INFO] [1790812757.222476, 939.840000]: [mission] REFINE: coleta com dither ±0.05 rad/s (período 3.0 s)
[INFO] [1790812758.375755, 940.971000]: [mission] âncora solta — 5 correções de deriva
[INFO] [1790812758.377724, 940.972000]: [mission] REFINE: âncora corrigiu a deriva 5 vez(es) durante a coleta
[INFO] [1790812758.380210, 940.974000]: [mission] REFINE: 10 amostras — parede (0.001, 2.999, -0.001) yaw=-3.140
[INFO] [1790812758.382502, 940.977000]: [mission] REFINE: deslocou 0.021 m da estimativa anterior
[INFO] [1790812758.385157, 940.979000]: [mission] olhal estimado em (0.201, 2.869, 0.804)
[INFO] [1790812758.394307, 940.987000]: State machine transitioning 'REFINE':'ok'-->'DEPLOY'
[INFO] [1790812758.397294, 940.990000]: [mission] DEPLOY: IK resolvida para a POSE DE MANIPULAÇÃO (0.20, 2.25, 1.57 rad), não para a atual
[INFO] [1790812763.358874, 945.823000]: [mission] DEPLOY: IK nivelada 0.0711 m, só eixo 0.0014 m — a MISSÃO INTEIRA usa "eixo"
[INFO] [1790812763.360482, 945.936000]: [mission] DEPLOY: IK da ponta resolvida (resíduo 0.0014 m, degrau 0.4°) — pré-posicionando em [-10.9 -46.6  60.   78.5  79.1] graus
[INFO] [1790812770.387812, 952.838000]: [mission] plano de exclusão publicado: parede em [ 1.000e-03  2.999e+00 -1.000e-03], normal segura [ 0.001 -1.     0.   ]
[INFO] [1790812770.604295, 953.048000]: [mission] teto por postura ativo no drive: v<=0.23 w<=0.50 rampa 0.52/1.64
[INFO] [1790812773.825272, 956.198000]: [mission] DEPLOY/aproxima: alinhado, avançando (0.47 m)
[INFO] [1790812778.546759, 960.849000]: [mission] DEPLOY/aproxima: chegou, ajustando heading final
[INFO] [1790812783.633679, 965.848000]: [mission] DEPLOY/aproxima: concluído
[INFO] [1790812783.634864, 965.849000]: State machine transitioning 'DEPLOY':'ok'-->'MANIPULATE'
[INFO] [1790812783.636399, 965.851000]: [mission] fase "orienta": modo IK iterativa (YAML)
[INFO] [1790812783.639133, 965.854000]: [mission] âncora engatada (fase "orienta")
[INFO] [1790812786.970102, 969.125000]: [mission] fase "orienta" it0: ponta (0.292, 2.724, 0.811) erro=0.0051 | degrau eixo 0.1° | rolagem 0.1° | IK pediu [-20.2 -28.9  25.4  93.   73.1] | faltou [0. 0. 0. 0. 0.] graus
[INFO] [1790812786.974127, 969.129000]: [mission] âncora solta — 1 correções de deriva
[INFO] [1790812786.976436, 969.132000]: [mission] fase "orienta" alcançada em 1 iteração(ões) (0.0051 m) — âncora corrigiu 1 vez(es)
[INFO] [1790812787.488298, 969.640000]: [mission] fase "aproxima_lateral": modo IK iterativa (YAML)
[INFO] [1790812787.490902, 969.642000]: [mission] âncora engatada (fase "aproxima_lateral")
[INFO] [1790812790.440506, 972.544000]: [mission] fase "aproxima_lateral" it0: ponta (0.291, 2.868, 0.809) erro=0.0084 | degrau eixo 5.5° | rolagem 5.7° | IK pediu [-16.7 -13.6   0.   79.4  77.6] | faltou [ 0.  -0.3 -0.2 -0.1  0. ] graus
[INFO] [1790812790.444777, 972.549000]: [mission] fase "aproxima_lateral" it0: no frame da parede eixo=+0.4 prof=+7.0 alt=+4.7 mm (tolerância 40/8/5)
[INFO] [1790812790.447626, 972.552000]: [mission] âncora solta — 1 correções de deriva
[INFO] [1790812790.450485, 972.554000]: [mission] fase "aproxima_lateral" alcançada em 1 iteração(ões) (0.0084 m) — âncora corrigiu 1 vez(es)
[INFO] [1790812790.973994, 973.063000]: [mission] fase "atravessa": modo IK iterativa (YAML)
[INFO] [1790812790.978498, 973.067000]: [mission] âncora engatada (fase "atravessa")
[INFO] [1790812792.818865, 974.871000]: [mission] fase "atravessa" it0: ponta (0.209, 2.868, 0.810) erro=0.0077 | degrau eixo 2.3° | rolagem 2.6° | IK pediu [ -9.8 -14.6   0.1  84.1  83.7] | faltou [-0.  -0.2 -0.4 -0.6 -0.3] graus
[INFO] [1790812792.824695, 974.876000]: [mission] fase "atravessa" it0: no frame da parede eixo=+0.4 prof=+6.5 alt=+4.0 mm (tolerância 8/6/5)
[INFO] [1790812794.361478, 976.384000]: [mission] fase "atravessa" it1: ponta (0.210, 2.861, 0.809) erro=0.0047 | degrau eixo 2.1° | rolagem 2.4° | IK pediu [ -9.8 -14.6   0.   86.   83.5] | faltou [-0.1 -0.1 -0.8 -1.4  0.1] graus
[INFO] [1790812794.363557, 976.386000]: [mission] fase "atravessa" it1: no frame da parede eixo=+0.8 prof=-0.2 alt=+4.6 mm (tolerância 8/6/5)
[INFO] [1790812794.364653, 976.387000]: [mission] âncora solta — 1 correções de deriva
[INFO] [1790812794.365434, 976.388000]: [mission] fase "atravessa" alcançada em 2 iteração(ões) (0.0047 m) — âncora corrigiu 1 vez(es)
[WARN] [1790812800.422087, 982.327000]: [mission] fase "destrava": descida estagnou em 14.3 mm (mín 10 para aceitar; alvo 18) — fim de curso do mecanismo, fechando a fase
[WARN] [1790812800.636841, 982.537000]: [mission] destrava: lingueta em 10.8 mm (esperado ≥ 12) — o gatilho pode não ter soltado
[WARN] [1790812812.369435, 994.081000]: [mission] RETRACT: ponta a 0.133 m do olhal — saindo em degraus: sobe 30 mm, 120 mm pelo eixo do furo, 100 mm para fora, antes de recolher
[INFO] [1790812794.876005, 976.891000]: [mission] fase "captura": modo IK iterativa (YAML)
[INFO] [1790812794.882205, 976.897000]: [mission] âncora engatada (fase "captura")
[INFO] [1790812796.449046, 978.402000]: [mission] fase "captura" it0: ponta (0.209, 2.872, 0.791) erro=0.0089 | degrau eixo 2.2° | rolagem 2.4° | IK pediu [ -9.  -16.7  -0.1  84.7  84.4] | faltou [-0.7 -0.3 -0.1  0.  -0.2] graus
[INFO] [1790812796.452078, 978.405000]: [mission] fase "captura" it0: no frame da parede eixo=+7.9 prof=+3.0 alt=+2.9 mm (tolerância 40/6/10)
[INFO] [1790812796.454041, 978.407000]: [mission] fase "captura" alcançada em 1 iteração(ões) (0.0089 m)
[INFO] [1790812796.460331, 978.413000]: [mission] captura: ponta registrada em eixo=-7.9 prof=-3.0 alt=-12.9 mm (zero da descida do destrava e da deriva de eixo)
[INFO] [1790812796.972602, 978.915000]: [mission] fase "destrava": alvo em altura relativo à captura: -32.9 mm (captura -12.9 − curso 18 − margem 2)
[INFO] [1790812796.974038, 978.916000]: [mission] fase "destrava": modo whole-body/Fuzzy (YAML)
[INFO] [1790812797.181438, 979.119000]: [mission] plano de exclusão publicado: parede em [ 1.000e-03  2.999e+00 -1.000e-03], normal segura [ 0.001 -1.     0.   ]
[INFO] [1790812797.490332, 979.426000]: [mission] fase "destrava": whole-body assumiu (base livre, restrita pelo plano de exclusão)
[INFO] [1790812797.491909, 979.427000]: [mission] fase "destrava": whole-body a 0.0214 m do alvo — eixo=+7.9 prof=+2.8 alt=-19.7 mm
[INFO] [1790812799.613726, 981.527000]: [mission] fase "destrava": whole-body a 0.0098 m do alvo — eixo=+7.6 prof=-2.6 alt=-5.7 mm
[INFO] [1790812800.635202, 982.537000]: [mission] destrava: ponta desceu 14.6 mm desde a captura (critério observável) | lingueta 10.8 mm (só na simulação)
[INFO] [1790812801.156379, 983.039000]: [mission] fase "libera": modo whole-body/Fuzzy (YAML)
[INFO] [1790812801.364523, 983.242000]: [mission] plano de exclusão publicado: parede em [ 1.000e-03  2.999e+00 -1.000e-03], normal segura [ 0.001 -1.     0.   ]
[INFO] [1790812801.668492, 983.545000]: [mission] fase "libera": whole-body assumiu (base livre, restrita pelo plano de exclusão)
[INFO] [1790812801.671079, 983.547000]: [mission] fase "libera": whole-body a 0.0277 m do alvo — eixo=+7.6 prof=+26.3 alt=+3.8 mm
[INFO] [1790812803.799201, 985.646000]: [mission] fase "libera": whole-body a 0.0082 m do alvo — eixo=+7.5 prof=+0.2 alt=+3.4 mm
[INFO] [1790812803.999548, 985.846000]: [mission] fase "libera" alcançada por whole-body em 2.3s (0.0077 m) — no frame da parede eixo=+7.5 prof=+0.0 alt=+1.7 mm (tolerância 40/8/6)
[INFO] [1790812804.711921, 986.549000]: [mission] fase "arco1"/puxa: RECUANDO 0.022 m só com as rodas
[INFO] [1790812805.177028, 987.000000]: [mission] fase "arco1"/puxa: concluído (0.022 m)
[INFO] [1790812805.178820, 987.002000]: [mission] fase "arco1": modo whole-body/Fuzzy (YAML)
[INFO] [1790812805.383447, 987.204000]: [mission] plano de exclusão publicado: parede em [ 1.000e-03  2.999e+00 -1.000e-03], normal segura [ 0.001 -1.     0.   ]
[INFO] [1790812805.689508, 987.508000]: [mission] fase "arco1": whole-body assumiu (base livre, restrita pelo plano de exclusão)
[INFO] [1790812805.896157, 987.711000]: [mission] fase "arco1": whole-body a 0.0083 m do alvo — eixo=+7.5 prof=+3.3 alt=-1.5 mm
[INFO] [1790812806.098206, 987.911000]: [mission] fase "arco1" alcançada por whole-body em 0.4s (0.0077 m) — no frame da parede eixo=+7.5 prof=+1.5 alt=-1.4 mm (tolerância 40/10/15)
[INFO] [1790812806.101776, 987.913000]: [mission] arco1: SOLTURA observável — recuo 53.3 mm desde a captura (mín 40) com deriva de eixo +0.4 mm → SOLTA
[INFO] [1790812806.317700, 988.125000]: [mission] waypoint de 15° — lâmina medida em 15.4° (abertura por CONTATO)
[INFO] [1790812806.828954, 988.626000]: [mission] fase "arco2"/puxa: RECUANDO 0.048 m só com as rodas
[INFO] [1790812807.746164, 989.527000]: [mission] fase "arco2"/puxa: concluído (0.048 m)
[INFO] [1790812807.747581, 989.528000]: [mission] fase "arco2": modo whole-body/Fuzzy (YAML)
[INFO] [1790812807.956053, 989.731000]: [mission] plano de exclusão publicado: parede em [ 1.000e-03  2.999e+00 -1.000e-03], normal segura [ 0.001 -1.     0.   ]
[INFO] [1790812808.265808, 990.035000]: [mission] fase "arco2": whole-body assumiu (base livre, restrita pelo plano de exclusão)
[INFO] [1790812808.270546, 990.039000]: [mission] fase "arco2": whole-body a 0.0143 m do alvo — eixo=+7.4 prof=+1.3 alt=-12.2 mm
[INFO] [1790812808.672532, 990.437000]: [mission] fase "arco2" alcançada por whole-body em 0.4s (0.0147 m) — no frame da parede eixo=+7.4 prof=-2.2 alt=-12.5 mm (tolerância 40/10/15)
[INFO] [1790812808.882736, 990.646000]: [mission] waypoint de 30° — lâmina medida em 29.4° (abertura por CONTATO)
[INFO] [1790812809.392684, 991.148000]: [mission] fase "desengata": modo IK iterativa (YAML)
[INFO] [1790812809.398070, 991.153000]: [mission] âncora engatada (fase "desengata")
[INFO] [1790812811.425950, 993.159000]: [mission] fase "desengata" it0: ponta (0.287, 2.779, 0.747) erro=0.0121 | degrau eixo 6.0° | rolagem 6.2° | IK pediu [-16.4 -21.   -0.   84.1  78.1] | faltou [ 0.  -0.2 -0.3 -0.4  0. ] graus
[INFO] [1790812811.427514, 993.161000]: [mission] âncora solta — 1 correções de deriva
[INFO] [1790812811.430194, 993.163000]: [mission] fase "desengata" alcançada em 1 iteração(ões) (0.0121 m) — âncora corrigiu 1 vez(es)
[INFO] [1790812811.951528, 993.676000]: [mission] MANIPULATE concluída — chave ABERTA, lâmina medida em 29.6°
[INFO] [1790812811.953772, 993.678000]: State machine transitioning 'MANIPULATE':'done'-->'RETRACT'
[INFO] [1790812812.375228, 994.087000]: [mission] âncora engatada (fase "saida_sobe")
[INFO] [1790812813.992616, 995.693000]: [mission] fase "saida_sobe" it0: ponta (0.283, 2.792, 0.773) erro=0.0101 | degrau eixo 5.4° | rolagem 5.6° | IK pediu [-16.4 -17.9   0.   82.3  78.6] | faltou [ 0.  -0.4 -0.2 -0.2 -0. ] graus
[INFO] [1790812813.996186, 995.697000]: [mission] fase "saida_sobe" it0: no frame da parede eixo=-2.1 prof=+8.7 alt=+4.7 mm (tolerância 30/20/10)
[INFO] [1790812813.997560, 995.698000]: [mission] fase "saida_sobe" alcançada em 1 iteração(ões) (0.0101 m)
[INFO] [1790812814.000557, 995.701000]: [mission] âncora engatada (fase "saida_eixo")
[INFO] [1790812815.934776, 997.607000]: [mission] fase "saida_eixo" it0: ponta (0.403, 2.793, 0.772) erro=0.0117 | degrau eixo 11.6° | rolagem 12.1° | IK pediu [-26.3 -16.   -0.   74.2  70.7] | faltou [-0.  -0.3 -0.4 -0.5  0. ] graus
[INFO] [1790812815.937393, 997.610000]: [mission] fase "saida_eixo" it0: no frame da parede eixo=-2.0 prof=+9.9 alt=+6.0 mm (tolerância 20/20/15)
[INFO] [1790812815.938392, 997.611000]: [mission] fase "saida_eixo" alcançada em 1 iteração(ões) (0.0117 m)
[INFO] [1790812815.940897, 997.614000]: [mission] âncora engatada (fase "saida_fora")
[INFO] [1790812818.722658, 1000.358000]: [mission] fase "saida_fora" it0: ponta (0.404, 2.689, 0.775) erro=0.0064 | degrau eixo 5.7° | rolagem 6.7° | IK pediu [-30.3 -20.8  -0.   97.7  64.4] | faltou [ 0.   0.  -0.8 -1.4  0. ] graus
[INFO] [1790812818.727528, 1000.363000]: [mission] fase "saida_fora" it0: no frame da parede eixo=-0.7 prof=+5.8 alt=+2.4 mm (tolerância 30/20/20)
[INFO] [1790812818.729818, 1000.365000]: [mission] âncora solta — 2 correções de deriva
[INFO] [1790812818.732136, 1000.367000]: [mission] fase "saida_fora" alcançada em 1 iteração(ões) (0.0064 m) — âncora corrigiu 2 vez(es)
[INFO] [1790812818.734369, 1000.370000]: [mission] RETRACT/afasta: RECUANDO 0.250 m só com as rodas
[INFO] [1790812823.285565, 1004.821000]: [mission] RETRACT/afasta: concluído (0.252 m)
[INFO] [1790812823.288269, 1004.824000]: [mission] postura "stow_home" comandada: [0.0, 1.13, -1.04, -1.8, 0.0]
[INFO] [1790812835.173729, 1016.526000]: State machine transitioning 'RETRACT':'ok'-->'RETURN'
[INFO] [1790812835.175208, 1016.527000]: [mission] RETURN — voltando a (0.00, 1.00, -0.00 rad)
[INFO] [1790812847.911224, 1029.079000]: [mission] RETURN: alinhado, avançando (1.06 m)
[INFO] [1790812847.961618, 1029.129000]: [mission] teto por postura ativo no drive: v<=0.23 w<=0.50 rampa 0.51/1.51
[INFO] [1790812856.157360, 1037.179000]: [mission] RETURN: chegou, ajustando heading final
[INFO] [1790812856.192467, 1037.229000]: [mission] teto por postura ativo no drive: v<=0.22 w<=0.50 rampa 0.51/1.52
[INFO] [1790812862.261916, 1043.229000]: [mission] RETURN: concluído
[INFO] [1790812862.263094, 1043.229000]: State machine terminating 'RETURN':'home':'MISSION_OK'
[INFO] [1790812862.264117, 1043.231000]: [mission] resultado: MISSION_OK
... logging to /home/marco/.ros/log/b2d0ab7a-bd28-11f1-88a8-b025aa85b2a2/roslaunch-shiroi-2281636.log
Checking log directory for disk usage. This may take a while.
Press Ctrl-C to interrupt
]2;/home/marco/b166er/src/b166er_whole_body_control/launch/chave_mission.launch
[1mstarted roslaunch server http://shiroi:34679/[0m

SUMMARY
========

PARAMETERS
 * /chave_mission/estado_final: 
 * /chave_mission/estado_inicial: STOW_INIT
 * /chave_mission/pausa_por_fase: False
 * /chave_mission/search_omega: 0.35
 * /chave_mission/standoff_distance: 0.62
 * /chave_mission/use_wholebody: False
 * /chave_seccionadora_task/aproxima_lateral/modo: ik
 * /chave_seccionadora_task/aproxima_lateral/offset_xyz_m: [-0.09, 0.008, 0.01]
 * /chave_seccionadora_task/aproxima_lateral/tol_xyz_m: [0.04, 0.008, 0.005]
 * /chave_seccionadora_task/arco1/blade_angle_deg: 15
 * /chave_seccionadora_task/arco1/deriva_eixo_max_m: 0.015
 * /chave_seccionadora_task/arco1/modo: wb
 * /chave_seccionadora_task/arco1/offset_xyz_m: [0.0, 0.0518, -0....
 * /chave_seccionadora_task/arco1/soltura_recuo_min_m: 0.04
 * /chave_seccionadora_task/arco1/tol_xyz_m: [0.04, 0.01, 0.015]
 * /chave_seccionadora_task/arco2/blade_angle_deg: 30
 * /chave_seccionadora_task/arco2/deriva_eixo_max_m: 0.015
 * /chave_seccionadora_task/arco2/modo: wb
 * /chave_seccionadora_task/arco2/offset_xyz_m: [0.0, 0.1, -0.0518]
 * /chave_seccionadora_task/arco2/tol_xyz_m: [0.04, 0.01, 0.015]
 * /chave_seccionadora_task/atravessa/modo: ik
 * /chave_seccionadora_task/atravessa/offset_xyz_m: [-0.008, 0.008, 0...
 * /chave_seccionadora_task/atravessa/tol_xyz_m: [0.008, 0.006, 0....
 * /chave_seccionadora_task/captura/modo: ik
 * /chave_seccionadora_task/captura/offset_xyz_m: [0.0, 0.0, -0.01]
 * /chave_seccionadora_task/captura/tol_xyz_m: [0.04, 0.006, 0.01]
 * /chave_seccionadora_task/desengata/modo: ik
 * /chave_seccionadora_task/desengata/offset_xyz_m: [-0.09, 0.1, -0.0...
 * /chave_seccionadora_task/destrava/curso_estagna_m: 0.01
 * /chave_seccionadora_task/destrava/curso_margem_m: 0.002
 * /chave_seccionadora_task/destrava/curso_min_m: 0.018
 * /chave_seccionadora_task/destrava/curso_teto_m: 0.022
 * /chave_seccionadora_task/destrava/modo: wb
 * /chave_seccionadora_task/destrava/offset_xyz_m: [0.0, 0.0, -0.025]
 * /chave_seccionadora_task/destrava/tol_xyz_m: [0.04, 0.006, 0.004]
 * /chave_seccionadora_task/libera/deriva_eixo_max_m: 0.015
 * /chave_seccionadora_task/libera/modo: wb
 * /chave_seccionadora_task/libera/offset_xyz_m: [0.0, 0.03, -0.025]
 * /chave_seccionadora_task/libera/tol_xyz_m: [0.04, 0.008, 0.006]
 * /chave_seccionadora_task/orienta/modo: ik
 * /chave_seccionadora_task/orienta/offset_xyz_m: [-0.09, 0.15, 0.0...
 * /chave_seccionadora_task/reassenta_sobe/tol_xyz_m: [0.03, 0.02, 0.005]
 * /chave_seccionadora_task/saida_eixo/tol_xyz_m: [0.02, 0.02, 0.015]
 * /chave_seccionadora_task/saida_fora/tol_xyz_m: [0.03, 0.02, 0.02]
 * /chave_seccionadora_task/saida_sobe/tol_xyz_m: [0.03, 0.02, 0.01]
 * /chave_seccionadora_task/target_frame: chave_olhal_link
 * /fuzzy_wb_controller/fixed_gains: []
 * /rosdistro: noetic
 * /rosversion: 1.17.4

NODES
  /
    chave_mission (b166er_whole_body_control/chave_mission.py)

[1mROS_MASTER_URI=http://localhost:11311[0m
]2;/home/marco/b166er/src/b166er_whole_body_control/launch/chave_mission.launch http://localhost:11311
[1mprocess[chave_mission-1]: started with pid [2281680][0m
[1m[chave_mission-1] process has finished cleanly
log file: /home/marco/.ros/log/b2d0ab7a-bd28-11f1-88a8-b025aa85b2a2/chave_mission-1*.log[0m
all processes on machine have died, roslaunch will exit
shutting down processing monitor...
... shutting down processing monitor complete
[1mdone[0m
