[31mWARNING: disk usage in log directory [/home/marco/.ros/log] is over 1GB.
It's recommended that you use the 'rosclean' command.[0m
the rosdep view is empty: call 'sudo rosdep init' and 'rosdep update'
[WARN] [1791381147.798789, 137.099000]: [mission] SEARCH: 9 de 25 amostras descartadas como outlier (>0.15 m ou >0.20 rad da mediana)
[WARN] [1791381147.854812, 137.156000]: [mission] SEARCH: laser com só 16 pontos de parede (mín 30) — parede fica pela tag
[INFO] [1791381123.825842, 0.000000]: garra_dx = 0.000 m (fechada)
[INFO] [1791381123.921067, 113.522000]: State machine starting in initial state 'STOW_INIT' with userdata: 
	[]
[INFO] [1791381124.125507, 113.722000]: [mission] pose de partida registrada: (-0.01, 1.00, -0.00 rad)
[INFO] [1791381124.126758, 113.723000]: [mission] postura "stow_home" comandada: [0.0, 1.13, -1.04, -1.8, 0.0]
[INFO] [1791381124.728741, 114.324000]: State machine transitioning 'STOW_INIT':'ok'-->'SEARCH'
[INFO] [1791381124.731149, 114.326000]: [mission] postura "search" comandada: [0.0, 1.0, -1.0, 0.0, 0.0]
[INFO] [1791381132.039470, 121.528000]: [mission] SEARCH — girando à procura da tag...
[INFO] [1791381132.042305, 121.529000]: [mission] SEARCH: amostra quando a tag estiver a raio 0.35-0.50 do quadro (vista oblíqua; omega fina 0.15 rad/s)
[INFO] [1791381133.316807, 122.781000]: [mission] SEARCH: tag a raio 0.96 — girando até <= 0.50
[INFO] [1791381140.753180, 130.132000]: [mission] SEARCH: tag a raio 0.50 — parando
[INFO] [1791381140.755893, 130.135000]: [mission] tag avistada — parando para medir
[INFO] [1791381141.770544, 131.138000]: [mission] âncora engatada (coleta do SEARCH)
[INFO] [1791381141.771279, 131.139000]: [mission] SEARCH: coleta com dither ±0.05 rad/s (período 3.0 s)
[INFO] [1791381147.783700, 137.086000]: [mission] âncora solta — 10 correções de deriva
[INFO] [1791381147.785074, 137.087000]: [mission] SEARCH: âncora corrigiu a deriva 10 vez(es) durante a coleta
[INFO] [1791381147.801500, 137.103000]: [mission] SEARCH: 16 amostras — parede (0.022, 3.102, -0.003) yaw=2.923
[INFO] [1791381147.857944, 137.159000]: [mission] parede localizada em (0.022, 3.102, -0.003)
[INFO] [1791381147.867091, 137.168000]: State machine transitioning 'SEARCH':'found'-->'APPROACH'
[INFO] [1791381147.869982, 137.170000]: [mission] APPROACH etapa 1/2 — 1.30 m do olhal, alvo (-0.09, 1.66, 1.35 rad)
[INFO] [1791381152.270348, 141.522000]: [mission] APPROACH: alinhado, avançando (0.82 m)
[INFO] [1791381152.320259, 141.572000]: [mission] teto por postura ativo no drive: v<=0.18 w<=0.50 rampa 0.45/1.51
[INFO] [1791381158.851232, 148.022000]: [mission] APPROACH: chegou, ajustando heading final
[INFO] [1791381158.903254, 148.072000]: [mission] teto por postura ativo no drive: v<=0.18 w<=0.50 rampa 0.45/1.52
[INFO] [1791381161.645123, 150.772000]: [mission] APPROACH: concluído
[INFO] [1791381162.662430, 151.776000]: [mission] âncora engatada (coleta do APPROACH/remedida)
[INFO] [1791381162.664310, 151.777000]: [mission] APPROACH/remedida: coleta com dither ±0.05 rad/s (período 3.0 s)
[INFO] [1791381163.816694, 152.906000]: [mission] âncora solta — 2 correções de deriva
[INFO] [1791381163.818945, 152.908000]: [mission] APPROACH/remedida: âncora corrigiu a deriva 2 vez(es) durante a coleta
[INFO] [1791381163.821467, 152.910000]: [mission] APPROACH/remedida: 10 amostras — parede (0.003, 3.011, -0.002) yaw=3.127
[INFO] [1791381163.876123, 152.964000]: [mission] APPROACH/remedida: parede pelo LASER — 89 pontos, resíduo 5.1 mm: profundidade +11.1 mm e yaw +0.93° em relação à tag → parede (0.003, 3.000, -0.002) yaw=-3.140
[INFO] [1791381163.878541, 152.966000]: [mission] APPROACH etapa 2/2 — 0.88 m do olhal, alvo (0.37, 1.99, 1.57 rad)
[INFO] [1791381168.771820, 157.768000]: [mission] APPROACH: alinhado, avançando (0.65 m)
[INFO] [1791381168.824335, 157.818000]: [mission] teto por postura ativo no drive: v<=0.17 w<=0.50 rampa 0.45/1.52
[INFO] [1791381174.456216, 163.368000]: [mission] APPROACH: chegou, ajustando heading final
[INFO] [1791381174.506966, 163.418000]: [mission] teto por postura ativo no drive: v<=0.17 w<=0.50 rampa 0.45/1.52
[INFO] [1791381180.371027, 169.168000]: [mission] APPROACH: concluído
[INFO] [1791381180.375582, 169.173000]: State machine transitioning 'APPROACH':'arrived'-->'REFINE'
[INFO] [1791381180.377360, 169.174000]: [mission] REFINE — remedindo a parede de perto (10 amostras)
[INFO] [1791381180.381663, 169.179000]: [mission] âncora engatada (coleta do REFINE)
[INFO] [1791381180.383148, 169.180000]: [mission] REFINE: coleta com dither ±0.05 rad/s (período 3.0 s)
[INFO] [1791381181.538396, 170.318000]: [mission] âncora solta — 2 correções de deriva
[INFO] [1791381181.539659, 170.319000]: [mission] REFINE: âncora corrigiu a deriva 2 vez(es) durante a coleta
[INFO] [1791381181.541229, 170.320000]: [mission] REFINE: 10 amostras — parede (0.002, 3.003, 0.000) yaw=3.128
[INFO] [1791381181.596668, 170.375000]: [mission] REFINE: parede pelo LASER — 85 pontos, resíduo 5.3 mm: profundidade +4.4 mm e yaw +0.75° em relação à tag → parede (0.002, 2.999, 0.000) yaw=3.142
[INFO] [1791381181.600178, 170.379000]: [mission] REFINE: deslocou 0.003 m da estimativa anterior
[INFO] [1791381181.603345, 170.382000]: [mission] olhal estimado em (0.202, 2.869, 0.805)
[INFO] [1791381181.613549, 170.392000]: State machine transitioning 'REFINE':'ok'-->'DEPLOY'
[INFO] [1791381181.616382, 170.395000]: [mission] DEPLOY: IK resolvida para a POSE DE MANIPULAÇÃO (0.20, 2.25, 1.57 rad), não para a atual
[INFO] [1791381186.409802, 174.290000]: [mission] DEPLOY: IK nivelada 0.0709 m, só eixo 0.0014 m — a MISSÃO INTEIRA usa "eixo"
[INFO] [1791381186.413443, 175.186000]: [mission] DEPLOY: IK da ponta resolvida (resíduo 0.0014 m, degrau 0.4°) — pré-posicionando em [-10.9 -46.4  60.   78.5 -10.9] graus
[INFO] [1791381193.124918, 181.790000]: [mission] plano de exclusão publicado: parede em [2.000e-03 2.999e+00 0.000e+00], normal segura [-0. -1.  0.]
[INFO] [1791381193.339654, 182.000000]: [mission] teto por postura ativo no drive: v<=0.24 w<=0.50 rampa 0.53/1.62
[INFO] [1791381197.107061, 185.700000]: [mission] DEPLOY/aproxima: alinhado, avançando (0.41 m)
[INFO] [1791381201.115911, 189.650000]: [mission] DEPLOY/aproxima: chegou, ajustando heading final
[INFO] [1791381205.083992, 193.550000]: [mission] DEPLOY/aproxima: concluído
[INFO] [1791381205.085138, 193.551000]: State machine transitioning 'DEPLOY':'ok'-->'MANIPULATE'
[INFO] [1791381205.086214, 193.552000]: [mission] fase "orienta": modo IK iterativa (YAML)
[INFO] [1791381205.088927, 193.555000]: [mission] âncora engatada (fase "orienta")
[INFO] [1791381208.746464, 197.160000]: [mission] fase "orienta" it0: ponta (0.280, 2.696, 0.824) erro=0.0282 | degrau eixo 0.3° | rolagem 1.0° | IK pediu [-19.3 -21.3   9.7 100.4 -14.9] | faltou [ 1.  -0.8  4.6  1.3  1. ] graus
[INFO] [1791381210.692850, 199.070000]: [mission] fase "orienta" it1: ponta (0.284, 2.720, 0.815) erro=0.0074 | degrau eixo 1.4° | rolagem 0.1° | IK pediu [-1.910e+01 -1.790e+01  1.000e-01  1.027e+02 -1.560e+01] | faltou [1.2 0.1 2.2 2.4 1.1] graus
[INFO] [1791381210.696681, 199.074000]: [mission] âncora solta — 3 correções de deriva
[INFO] [1791381210.699299, 199.076000]: [mission] fase "orienta" alcançada em 2 iteração(ões) (0.0074 m) — âncora corrigiu 3 vez(es)
[INFO] [1791381211.215933, 199.584000]: [mission] fase "aproxima_lateral": modo IK iterativa (YAML)
[INFO] [1791381211.223847, 199.591000]: [mission] âncora engatada (fase "aproxima_lateral")
[INFO] [1791381214.279323, 202.599000]: [mission] fase "aproxima_lateral" it0: ponta (0.300, 2.865, 0.802) erro=0.0160 | degrau eixo 5.6° | rolagem 6.2° | IK pediu [-15.4 -12.5  -0.   74.9 -10.9] | faltou [-0.4 -1.3 -0.3  0.4 -0.6] graus
[INFO] [1791381214.281340, 202.601000]: [mission] fase "aproxima_lateral" it0: no frame da parede eixo=+8.0 prof=+3.7 alt=+13.4 mm (tolerância 40/8/5)
[INFO] [1791381216.254638, 204.538000]: [mission] fase "aproxima_lateral" it1: ponta (0.289, 2.865, 0.805) erro=0.0116 | degrau eixo 5.1° | rolagem 6.0° | IK pediu [-14.7 -11.7   0.   76.3 -10.8] | faltou [-0.2 -1.3 -0.8 -0.4 -0.7] graus
[INFO] [1791381216.261375, 204.542000]: [mission] fase "aproxima_lateral" it1: no frame da parede eixo=-2.9 prof=+4.0 alt=+10.5 mm (tolerância 40/8/5)
[INFO] [1791381218.261475, 206.503000]: [mission] fase "aproxima_lateral" it2: ponta (0.289, 2.864, 0.809) erro=0.0079 | degrau eixo 5.0° | rolagem 5.9° | IK pediu [-15.  -10.8   0.   76.3 -11.1] | faltou [ 0.1 -1.8 -0.7 -0.3 -0.4] graus
[INFO] [1791381218.266905, 206.510000]: [mission] fase "aproxima_lateral" it2: no frame da parede eixo=-3.2 prof=+3.0 alt=+6.6 mm (tolerância 40/8/5)
[ERROR] [1791381231.399459, 219.323000]: [mission] fase "atravessa": 5 iterações sem fechar (0.0090 m, tolerância 0.020)
[WARN] [1791381231.404390, 219.328000]: [mission] ABORT — parando base e recolhendo braço
[WARN] [1791381231.815893, 219.729000]: [mission] ABORT: ponta a 0.010 m do olhal — saindo em degraus: sobe 30 mm, 120 mm pelo eixo do furo, 100 mm para fora, antes de recolher
[ERROR] [1791381264.629139, 251.759000]: [mission] postura não atingida em 30s
[WARN] [1791381264.630410, 251.760000]: [mission] ABORT: degrau "saida_sobe" não fechou — seguindo para o próximo
[WARN] [1791381343.857012, 329.625000]: [mission] ABORT — voltando à pose de partida (-0.01, 1.00, -0.00 rad)
[INFO] [1791381220.221071, 208.423000]: [mission] fase "aproxima_lateral" it3: ponta (0.288, 2.863, 0.813) erro=0.0045 | degrau eixo 5.0° | rolagem 5.7° | IK pediu [-15.2 -10.3   0.   76.3 -11.3] | faltou [ 0.3 -1.8 -0.9 -0.2 -0.1] graus
[INFO] [1791381220.223117, 208.425000]: [mission] fase "aproxima_lateral" it3: no frame da parede eixo=-3.7 prof=+1.6 alt=+1.9 mm (tolerância 40/8/5)
[INFO] [1791381220.224082, 208.426000]: [mission] âncora solta — 4 correções de deriva
[INFO] [1791381220.224879, 208.427000]: [mission] fase "aproxima_lateral" alcançada em 4 iteração(ões) (0.0045 m) — âncora corrigiu 4 vez(es)
[INFO] [1791381220.737022, 208.932000]: [mission] fase "atravessa": modo IK iterativa (YAML)
[INFO] [1791381220.741730, 208.936000]: [mission] âncora engatada (fase "atravessa")
[INFO] [1791381223.294127, 211.444000]: [mission] fase "atravessa" it0: ponta (0.228, 2.863, 0.809) erro=0.0194 | degrau eixo 2.3° | rolagem 2.8° | IK pediu [ -8.3 -13.5   0.   79.3  -5.1] | faltou [-1.5  1.8 -5.   2.4 -0.9] graus
[INFO] [1791381223.300749, 211.450000]: [mission] fase "atravessa" it0: no frame da parede eixo=+18.5 prof=+1.9 alt=+5.7 mm (tolerância 8/6/5)
[INFO] [1791381225.261030, 213.364000]: [mission] fase "atravessa" it1: ponta (0.209, 2.861, 0.808) erro=0.0070 | degrau eixo 1.7° | rolagem 2.1° | IK pediu [ -7.  -12.7  -1.1  81.   -4. ] | faltou [-1.2  1.7 -6.4  3.  -0.6] graus
[INFO] [1791381225.264597, 213.368000]: [mission] fase "atravessa" it1: no frame da parede eixo=-0.6 prof=-0.5 alt=+7.0 mm (tolerância 8/6/5)
[INFO] [1791381227.240939, 215.278000]: [mission] fase "atravessa" it2: ponta (0.211, 2.859, 0.805) erro=0.0100 | degrau eixo 1.7° | rolagem 1.2° | IK pediu [ -7.  -11.8  -1.6  81.   -4.1] | faltou [ -1.3 -10.4  18.6 -10.6   1.5] graus
[INFO] [1791381227.244406, 215.282000]: [mission] fase "atravessa" it2: no frame da parede eixo=+1.0 prof=-1.7 alt=+9.8 mm (tolerância 8/6/5)
[INFO] [1791381229.208922, 217.188000]: [mission] fase "atravessa" it3: ponta (0.209, 2.862, 0.802) erro=0.0131 | degrau eixo 1.7° | rolagem 2.0° | IK pediu [ -6.8 -13.6   4.6  76.6  -4.1] | faltou [ -1.4 -10.6  16.6  -9.6   0. ] graus
[INFO] [1791381229.210740, 217.190000]: [mission] fase "atravessa" it3: no frame da parede eixo=-0.7 prof=+0.6 alt=+13.1 mm (tolerância 8/6/5)
[INFO] [1791381231.394860, 219.318000]: [mission] fase "atravessa" it4: ponta (0.209, 2.869, 0.812) erro=0.0090 | degrau eixo 1.6° | rolagem 2.0° | IK pediu [ -6.9 -12.9   5.8  75.   -4.1] | faltou [-1.2 -6.4  7.9 -5.8  0.1] graus
[INFO] [1791381231.397331, 219.321000]: [mission] fase "atravessa" it4: no frame da parede eixo=-0.2 prof=+8.3 alt=+3.4 mm (tolerância 8/6/5)
[INFO] [1791381231.398662, 219.322000]: [mission] âncora solta — 5 correções de deriva
[INFO] [1791381231.403431, 219.327000]: State machine transitioning 'MANIPULATE':'failed'-->'ABORT_SAFE'
[INFO] [1791381231.819211, 219.732000]: [mission] âncora engatada (fase "saida_sobe")
[INFO] [1791381233.778852, 221.648000]: [mission] fase "saida_sobe" it0: ponta (0.210, 2.872, 0.813) erro=0.0289 | degrau eixo 2.3° | rolagem 2.3° | IK pediu [ -8.  -10.7   1.6  75.1  -5.1] | faltou [ 0.1 -3.4  0.2  1.7  0.4] graus
[INFO] [1791381233.782617, 221.652000]: [mission] fase "saida_sobe" it0: no frame da parede eixo=+0.0 prof=+1.4 alt=+28.9 mm (tolerância 30/20/10)
[INFO] [1791381264.633459, 251.763000]: [mission] âncora engatada (fase "saida_eixo")
[INFO] [1791381265.983859, 253.091000]: [mission] fase "saida_eixo" it0: ponta (0.216, 2.873, 0.812) erro=0.1177 | degrau eixo 7.3° | rolagem 6.3° | IK pediu [-17.6  -8.8   0.   70.5 -13.7] | faltou [  9.2   3.6 -18.   15.7   1.2] graus
[INFO] [1791381265.986068, 253.094000]: [mission] fase "saida_eixo" it0: no frame da parede eixo=-113.8 prof=+3.2 alt=+29.8 mm (tolerância 20/20/15)
[INFO] [1791381297.773552, 284.523000]: [mission] fase "saida_eixo" it1: ponta (0.401, 2.856, 0.831) erro=0.0742 | degrau eixo 12.2° | rolagem 12.1° | IK pediu [-24.9  -4.1  -0.   60.5 -19. ] | faltou [  0.9  11.2 -34.9  22.5   0.9] graus
[INFO] [1791381297.775354, 284.525000]: [mission] fase "saida_eixo" it1: no frame da parede eixo=+72.0 prof=-14.1 alt=+10.8 mm (tolerância 20/20/15)
[INFO] [1791381317.535105, 303.831000]: [mission] fase "saida_eixo" it2: ponta (0.374, 2.890, 0.818) erro=0.0541 | degrau eixo 9.1° | rolagem 12.6° | IK pediu [-20.4  -3.9  -0.   63.  -15.5] | faltou [ -0.6   6.4 -24.9  10.7  -0.8] graus
[INFO] [1791381317.538842, 303.834000]: [mission] fase "saida_eixo" it2: no frame da parede eixo=+44.4 prof=+19.8 alt=+23.7 mm (tolerância 20/20/15)
[INFO] [1791381322.878897, 309.056000]: [mission] fase "saida_eixo" it3: ponta (0.336, 2.871, 0.852) erro=0.0128 | degrau eixo 6.5° | rolagem 8.7° | IK pediu [-18.   -3.2  -0.   68.  -14. ] | faltou [ -0.6   8.1 -26.6  12.7  -0.8] graus
[INFO] [1791381322.882627, 309.060000]: [mission] fase "saida_eixo" it3: no frame da parede eixo=+6.9 prof=+1.0 alt=-10.7 mm (tolerância 20/20/15)
[INFO] [1791381322.885068, 309.063000]: [mission] âncora solta — 30 correções de deriva
[INFO] [1791381322.886634, 309.064000]: [mission] fase "saida_eixo" alcançada em 4 iteração(ões) (0.0128 m) — âncora corrigiu 30 vez(es)
[INFO] [1791381322.890471, 309.068000]: [mission] âncora engatada (fase "saida_fora")
[INFO] [1791381325.969580, 312.073000]: [mission] fase "saida_fora" it0: ponta (0.322, 2.804, 0.835) erro=0.0357 | degrau eixo 2.6° | rolagem 4.7° | IK pediu [-20.7 -12.9  -0.   94.5 -17.8] | faltou [  1.1   8.7 -19.8   3.6   0.9] graus
[INFO] [1791381325.971671, 312.075000]: [mission] fase "saida_fora" it0: no frame da parede eixo=-7.8 prof=+34.1 alt=+6.9 mm (tolerância 30/20/20)
[INFO] [1791381328.146155, 314.208000]: [mission] fase "saida_fora" it1: ponta (0.333, 2.769, 0.837) erro=0.0054 | degrau eixo 0.9° | rolagem 3.2° | IK pediu [-22.6 -12.4  -0.3  99.9 -19.4] | faltou [  1.1   8.  -20.    4.8   0.9] graus
[INFO] [1791381328.150357, 314.211000]: [mission] fase "saida_fora" it1: no frame da parede eixo=+3.1 prof=-0.8 alt=+4.4 mm (tolerância 30/20/20)
[INFO] [1791381328.152756, 314.215000]: [mission] âncora solta — 1 correções de deriva
[INFO] [1791381328.154735, 314.217000]: [mission] fase "saida_fora" alcançada em 2 iteração(ões) (0.0054 m) — âncora corrigiu 1 vez(es)
[INFO] [1791381328.157084, 314.219000]: [mission] ABORT/afasta: RECUANDO 0.250 m só com as rodas
[INFO] [1791381332.832157, 318.821000]: [mission] ABORT/afasta: concluído (0.252 m)
[INFO] [1791381332.834978, 318.824000]: [mission] postura "stow_home" comandada: [0.0, 1.13, -1.04, -1.8, 0.0]
[INFO] [1791381359.801130, 345.276000]: [mission] ABORT/retorno: alinhado, avançando (1.12 m)
[INFO] [1791381359.851874, 345.326000]: [mission] teto por postura ativo no drive: v<=0.23 w<=0.50 rampa 0.52/1.48
[INFO] [1791381368.389403, 353.726000]: [mission] ABORT/retorno: chegou, ajustando heading final
[INFO] [1791381368.440041, 353.776000]: [mission] teto por postura ativo no drive: v<=0.23 w<=0.50 rampa 0.52/1.49
[INFO] [1791381375.516619, 360.726000]: [mission] ABORT/retorno: concluído
[INFO] [1791381375.519461, 360.729000]: State machine terminating 'ABORT_SAFE':'aborted':'MISSION_ABORTED'
[INFO] [1791381375.521693, 360.731000]: [mission] resultado: MISSION_ABORTED
... logging to /home/marco/.ros/log/fed5fce6-c255-11f1-9970-b025aa85b2a2/roslaunch-shiroi-3086562.log
Checking log directory for disk usage. This may take a while.
Press Ctrl-C to interrupt
]2;/home/marco/b166er/src/b166er_whole_body_control/launch/chave_mission.launch
[1mstarted roslaunch server http://shiroi:46561/[0m

SUMMARY
========

PARAMETERS
 * /chave_mission/estado_final: 
 * /chave_mission/estado_inicial: STOW_INIT
 * /chave_mission/pausa_por_fase: False
 * /chave_mission/search_omega: 0.35
 * /chave_mission/standoff_distance: 0.62
 * /chave_mission/use_wholebody: False
 * /chave_seccionadora_task/aproxima_lateral/modo: ik
 * /chave_seccionadora_task/aproxima_lateral/offset_xyz_m: [-0.09, 0.008, 0.01]
 * /chave_seccionadora_task/aproxima_lateral/tol_xyz_m: [0.04, 0.008, 0.005]
 * /chave_seccionadora_task/arco1/blade_angle_deg: 15
 * /chave_seccionadora_task/arco1/deriva_eixo_max_m: 0.015
 * /chave_seccionadora_task/arco1/modo: wb
 * /chave_seccionadora_task/arco1/offset_xyz_m: [0.0, 0.0518, -0....
 * /chave_seccionadora_task/arco1/soltura_recuo_min_m: 0.04
 * /chave_seccionadora_task/arco1/tol_xyz_m: [0.04, 0.01, 0.015]
 * /chave_seccionadora_task/arco2/blade_angle_deg: 30
 * /chave_seccionadora_task/arco2/deriva_eixo_max_m: 0.015
 * /chave_seccionadora_task/arco2/modo: wb
 * /chave_seccionadora_task/arco2/offset_xyz_m: [0.0, 0.1, -0.0518]
 * /chave_seccionadora_task/arco2/tol_xyz_m: [0.04, 0.01, 0.015]
 * /chave_seccionadora_task/atravessa/modo: ik
 * /chave_seccionadora_task/atravessa/offset_xyz_m: [-0.008, 0.008, 0...
 * /chave_seccionadora_task/atravessa/tol_xyz_m: [0.008, 0.006, 0....
 * /chave_seccionadora_task/captura/modo: ik
 * /chave_seccionadora_task/captura/offset_xyz_m: [0.0, 0.0, -0.01]
 * /chave_seccionadora_task/captura/tol_xyz_m: [0.04, 0.006, 0.01]
 * /chave_seccionadora_task/desengata/modo: ik
 * /chave_seccionadora_task/desengata/offset_xyz_m: [-0.09, 0.1, -0.0...
 * /chave_seccionadora_task/destrava/curso_estagna_m: 0.01
 * /chave_seccionadora_task/destrava/curso_margem_m: 0.002
 * /chave_seccionadora_task/destrava/curso_min_m: 0.018
 * /chave_seccionadora_task/destrava/curso_teto_m: 0.022
 * /chave_seccionadora_task/destrava/modo: wb
 * /chave_seccionadora_task/destrava/offset_xyz_m: [0.0, 0.0, -0.025]
 * /chave_seccionadora_task/destrava/tol_xyz_m: [0.04, 0.006, 0.004]
 * /chave_seccionadora_task/libera/deriva_eixo_max_m: 0.015
 * /chave_seccionadora_task/libera/modo: wb
 * /chave_seccionadora_task/libera/offset_xyz_m: [0.0, 0.03, -0.025]
 * /chave_seccionadora_task/libera/tol_xyz_m: [0.04, 0.008, 0.006]
 * /chave_seccionadora_task/orienta/modo: ik
 * /chave_seccionadora_task/orienta/offset_xyz_m: [-0.09, 0.15, 0.0...
 * /chave_seccionadora_task/reassenta_sobe/tol_xyz_m: [0.03, 0.02, 0.005]
 * /chave_seccionadora_task/saida_eixo/tol_xyz_m: [0.02, 0.02, 0.015]
 * /chave_seccionadora_task/saida_fora/tol_xyz_m: [0.03, 0.02, 0.02]
 * /chave_seccionadora_task/saida_sobe/tol_xyz_m: [0.03, 0.02, 0.01]
 * /chave_seccionadora_task/target_frame: chave_olhal_link
 * /fuzzy_wb_controller/fixed_gains: []
 * /rosdistro: noetic
 * /rosversion: 1.17.4

NODES
  /
    chave_mission (b166er_whole_body_control/chave_mission.py)

[1mROS_MASTER_URI=http://localhost:11311[0m
]2;/home/marco/b166er/src/b166er_whole_body_control/launch/chave_mission.launch http://localhost:11311
[1mprocess[chave_mission-1]: started with pid [3086607][0m
[1m[chave_mission-1] process has finished cleanly
log file: /home/marco/.ros/log/fed5fce6-c255-11f1-9970-b025aa85b2a2/chave_mission-1*.log[0m
all processes on machine have died, roslaunch will exit
shutting down processing monitor...
... shutting down processing monitor complete
[1mdone[0m
