[WARN] [1789136139.123238, 93.824000]: [mission] SEARCH: 4 de 25 amostras descartadas como outlier (>0.15 m ou >0.20 rad da mediana)
[INFO] [1789136082.860724, 71.362000]: State machine starting in initial state 'STOW_INIT' with userdata: 
	[]
[INFO] [1789136083.584049, 71.669000]: [mission] pose de partida registrada: (-0.00, 1.00, 0.00 rad)
[INFO] [1789136083.587190, 71.670000]: [mission] postura "stow_home" comandada: [0.0, 1.13, -1.04, -1.8, 0.0]
[INFO] [1789136083.852780, 71.770000]: State machine transitioning 'STOW_INIT':'ok'-->'SEARCH'
[INFO] [1789136083.859408, 71.774000]: [mission] postura "search" comandada: [0.0, 1.0, -1.0, 0.0, 0.0]
[INFO] [1789136098.869779, 77.777000]: [mission] SEARCH — girando à procura da tag...
[INFO] [1789136098.875491, 77.778000]: [mission] SEARCH: amostra quando a tag estiver a raio 0.35-0.50 do quadro (vista oblíqua; omega fina 0.15 rad/s)
[INFO] [1789136102.415909, 79.129000]: [mission] SEARCH: tag a raio 0.93 — girando até <= 0.50
[INFO] [1789136120.024062, 86.280000]: [mission] SEARCH: tag a raio 0.50 — parando
[INFO] [1789136120.033895, 86.283000]: [mission] tag avistada — parando para medir
[INFO] [1789136122.558961, 87.296000]: [mission] âncora engatada (coleta do SEARCH)
[INFO] [1789136122.567935, 87.299000]: [mission] SEARCH: coleta com dither ±0.05 rad/s (período 3.0 s)
[INFO] [1789136139.042012, 93.808000]: [mission] âncora solta — 12 correções de deriva
[INFO] [1789136139.061208, 93.809000]: [mission] SEARCH: âncora corrigiu a deriva 12 vez(es) durante a coleta
[INFO] [1789136139.126128, 93.825000]: [mission] SEARCH: 21 amostras — parede (0.027, 3.112, -0.003) yaw=2.872
[INFO] [1789136139.128532, 93.826000]: [mission] parede localizada em (0.027, 3.112, -0.003)
[INFO] [1789136139.147233, 93.834000]: State machine transitioning 'SEARCH':'found'-->'APPROACH'
[INFO] [1789136139.150312, 93.835000]: [mission] APPROACH etapa 1/2 — 1.30 m do olhal, alvo (-0.16, 1.68, 1.30 rad)
[INFO] [1789136139.156815, 93.839000]: [mission] teto por postura ativo no drive: v<=0.17 w<=0.50 rampa 0.45/1.52
[INFO] [1789136150.806098, 98.487000]: [mission] APPROACH: alinhado, avançando (0.86 m)
[INFO] [1789136164.598753, 103.988000]: [mission] APPROACH: chegou, ajustando heading final
[INFO] [1789136164.724432, 104.037000]: [mission] teto por postura ativo no drive: v<=0.18 w<=0.50 rampa 0.46/1.51
[INFO] [1789136172.766657, 107.137000]: [mission] APPROACH: concluído
[INFO] [1789136175.306702, 108.142000]: [mission] âncora engatada (coleta do APPROACH/remedida)
[INFO] [1789136175.315846, 108.142000]: [mission] APPROACH/remedida: coleta com dither ±0.05 rad/s (período 3.0 s)
[INFO] [1789136177.124925, 108.875000]: [mission] âncora solta — 1 correções de deriva
[INFO] [1789136177.130963, 108.878000]: [mission] APPROACH/remedida: âncora corrigiu a deriva 1 vez(es) durante a coleta
[INFO] [1789136177.134681, 108.880000]: [mission] APPROACH/remedida: 10 amostras — parede (0.009, 3.015, -0.004) yaw=3.126
[INFO] [1789136177.147281, 108.881000]: [mission] APPROACH etapa 2/2 — 0.88 m do olhal, alvo (0.36, 2.00, 1.56 rad)
[INFO] [1789136189.661704, 113.782000]: [mission] APPROACH: alinhado, avançando (0.71 m)
[INFO] [1789136189.798864, 113.832000]: [mission] teto por postura ativo no drive: v<=0.17 w<=0.50 rampa 0.45/1.51
[INFO] [1789136201.234708, 118.332000]: [mission] APPROACH: chegou, ajustando heading final
[INFO] [1789136214.908452, 123.732000]: [mission] APPROACH: concluído
[INFO] [1789136214.923278, 123.740000]: State machine transitioning 'APPROACH':'arrived'-->'REFINE'
[INFO] [1789136214.926503, 123.741000]: [mission] REFINE — remedindo a parede de perto (10 amostras)
[INFO] [1789136214.959274, 123.751000]: [mission] âncora engatada (coleta do REFINE)
[INFO] [1789136214.978076, 123.752000]: [mission] REFINE: coleta com dither ±0.05 rad/s (período 3.0 s)
[INFO] [1789136216.704602, 124.437000]: [mission] REFINE: 10 amostras — parede (0.001, 2.995, -0.001) yaw=-3.126
[INFO] [1789136216.708547, 124.437000]: [mission] REFINE: deslocou 0.022 m da estimativa anterior
[INFO] [1789136216.712221, 124.440000]: [mission] olhal estimado em (0.203, 2.868, 0.804)
[INFO] [1789136216.730620, 124.449000]: State machine transitioning 'REFINE':'ok'-->'DEPLOY'
[INFO] [1789136216.736796, 124.451000]: [mission] DEPLOY: IK resolvida para a POSE DE MANIPULAÇÃO (0.21, 2.25, 1.59 rad), não para a atual
[INFO] [1789136270.362669, 141.753000]: [mission] DEPLOY: IK nivelada 0.0692 m, só eixo 0.0009 m — a MISSÃO INTEIRA usa "eixo"
[INFO] [1789136270.369304, 141.773000]: [mission] DEPLOY: IK da ponta resolvida (resíduo 0.0009 m, degrau 0.4°) — pré-posicionando em [ -7.3 -46.6  60.   79.6  -7.3] graus
[INFO] [1789136287.774393, 148.677000]: [mission] plano de exclusão publicado: parede em [ 1.000e-03  2.995e+00 -1.000e-03], normal segura [ 0.015 -1.     0.   ]
[INFO] [1789136288.343360, 148.891000]: [mission] teto por postura ativo no drive: v<=0.24 w<=0.50 rampa 0.53/1.73
[INFO] [1789136297.886534, 152.641000]: [mission] DEPLOY/aproxima: alinhado, avançando (0.42 m)
[INFO] [1789136304.441433, 155.241000]: [mission] DEPLOY/aproxima: chegou, ajustando heading final
[INFO] [1789136313.909776, 158.941000]: [mission] DEPLOY/aproxima: concluído
[INFO] [1789136313.923799, 158.943000]: State machine transitioning 'DEPLOY':'ok'-->'MANIPULATE'
[INFO] [1789136313.938648, 158.944000]: [mission] fase "orienta": modo IK iterativa (YAML)
[INFO] [1789136313.975367, 158.949000]: [mission] âncora engatada (fase "orienta")
[INFO] [1789136321.812726, 161.924000]: [mission] fase "orienta" it0: ponta (0.295, 2.724, 0.810) erro=0.0057 | degrau eixo 0.1° | rolagem 0.7° | IK pediu [-18.1 -33.   33.9  88.4 -13.6] | faltou [0. 0. 0. 0. 0.] graus
[INFO] [1789136321.817103, 161.925000]: [mission] âncora solta — 2 correções de deriva
[INFO] [1789136321.820519, 161.927000]: [mission] fase "orienta" alcançada em 1 iteração(ões) (0.0057 m) — âncora corrigiu 2 vez(es)
[INFO] [1789136323.094293, 162.436000]: [mission] fase "aproxima_lateral": modo IK iterativa (YAML)
[INFO] [1789136323.103649, 162.441000]: [mission] âncora engatada (fase "aproxima_lateral")
[INFO] [1789136332.625325, 166.087000]: [mission] fase "aproxima_lateral" it0: ponta (0.285, 2.876, 0.809) erro=0.0117 | degrau eixo 4.4° | rolagem 25.4° | IK pediu [-15.4 -13.2   0.   78.3  -9.7] | faltou [ 0.  -0.4 -0.3 -0.2 -0. ] graus
[INFO] [1789136332.649194, 166.091000]: [mission] fase "aproxima_lateral" it0: no frame da parede eixo=-7.6 prof=+7.4 alt=+5.0 mm (tolerância 40/8/5)
[INFO] [1789136337.074493, 167.826000]: [mission] fase "aproxima_lateral" it1: ponta (0.300, 2.866, 0.813) erro=0.0081 | degrau eixo 4.3° | rolagem 24.0° | IK pediu [-16.7 -13.1   0.   79.8 -10.3] | faltou [-0.1 -0.2 -0.4 -0.5  0. ] graus
[INFO] [1789136337.079334, 167.828000]: [mission] fase "aproxima_lateral" it1: no frame da parede eixo=+7.3 prof=-3.3 alt=+0.7 mm (tolerância 40/8/5)
[INFO] [1789136337.082756, 167.830000]: [mission] âncora solta — 2 correções de deriva
[INFO] [1789136337.085863, 167.832000]: [mission] fase "aproxima_lateral" alcançada em 2 iteração(ões) (0.0081 m) — âncora corrigiu 2 vez(es)
[INFO] [1789136338.290098, 168.337000]: [mission] fase "atravessa": modo IK iterativa (YAML)
[INFO] [1789136338.302826, 168.344000]: [mission] âncora engatada (fase "atravessa")
[INFO] [1789136344.190495, 170.477000]: [mission] fase "atravessa" it0: ponta (0.209, 2.873, 0.809) erro=0.0073 | degrau eixo 1.3° | rolagem 23.2° | IK pediu [ -9.1 -14.1   0.2  81.6  -3.2] | faltou [-0.1 -0.2 -0.3 -0.4 -0.5] graus
[INFO] [1789136344.196766, 170.480000]: [mission] fase "atravessa" it0: no frame da parede eixo=-2.1 prof=+5.4 alt=+4.4 mm (tolerância 8/6/5)
[INFO] [1789136344.200481, 170.482000]: [mission] fase "atravessa" alcançada em 1 iteração(ões) (0.0073 m)
[INFO] [1789136345.512021, 170.994000]: [mission] fase "captura": modo IK iterativa (YAML)
[INFO] [1789136345.518534, 170.997000]: [mission] âncora engatada (fase "captura")
[INFO] [1789136350.332839, 172.811000]: [mission] fase "captura" it0: ponta (0.208, 2.872, 0.789) erro=0.0081 | degrau eixo 1.0° | rolagem 23.6° | IK pediu [ -9.1 -16.6   0.1  83.7  -2.5] | faltou [-0.9 -0.3 -0.3 -0.3  0. ] graus
[INFO] [1789136350.361620, 172.813000]: [mission] fase "captura" it0: no frame da parede eixo=+5.5 prof=+4.0 alt=+4.4 mm (tolerância 40/6/10)
[WARN] [1789136360.371271, 176.338000]: [mission] fase "destrava": descida estagnou em 10.1 mm (mín 10 para aceitar; alvo 18) — fim de curso do mecanismo, fechando a fase
[WARN] [1789136360.950098, 176.548000]: [mission] destrava: lingueta em 8.0 mm (esperado ≥ 12) — o gatilho pode não ter soltado
[WARN] [1789136397.872752, 190.057000]: [mission] RETRACT: ponta a 0.144 m do olhal — saindo em degraus: sobe 30 mm, 120 mm pelo eixo do furo, 100 mm para fora, antes de recolher
[ERROR] [1789136781.988688, 333.538000]: [mission] RETURN: timeout de 120s em DRIVE
[WARN] [1789136782.029326, 333.542000]: [mission] ABORT — parando base e recolhendo braço
[WARN] [1789136794.225711, 338.450000]: [mission] ABORT — voltando à pose de partida (-0.00, 1.00, 0.00 rad)
[INFO] [1789136350.366879, 172.814000]: [mission] fase "captura" alcançada em 1 iteração(ões) (0.0081 m)
[INFO] [1789136350.385553, 172.822000]: [mission] captura: ponta registrada em eixo=-5.5 prof=-4.0 alt=-14.4 mm (zero da descida do destrava e da deriva de eixo)
[INFO] [1789136351.631577, 173.325000]: [mission] fase "destrava": alvo em altura relativo à captura: -34.4 mm (captura -14.4 − curso 18 − margem 2)
[INFO] [1789136351.634047, 173.326000]: [mission] fase "destrava": modo whole-body/Fuzzy (YAML)
[INFO] [1789136352.173207, 173.531000]: [mission] plano de exclusão publicado: parede em [ 1.000e-03  2.995e+00 -1.000e-03], normal segura [ 0.015 -1.     0.   ]
[INFO] [1789136353.245080, 173.835000]: [mission] fase "destrava": whole-body assumiu (base livre, restrita pelo plano de exclusão)
[INFO] [1789136353.252298, 173.838000]: [mission] fase "destrava": whole-body a 0.0199 m do alvo — eixo=+5.5 prof=+3.9 alt=-18.7 mm
[INFO] [1789136359.264462, 175.938000]: [mission] fase "destrava": whole-body a 0.0113 m do alvo — eixo=+5.4 prof=-0.8 alt=-9.9 mm
[INFO] [1789136360.935038, 176.547000]: [mission] destrava: ponta desceu 10.1 mm desde a captura (critério observável) | lingueta 8.0 mm (só na simulação)
[INFO] [1789136362.246055, 177.051000]: [mission] fase "libera": modo whole-body/Fuzzy (YAML)
[INFO] [1789136362.771781, 177.256000]: [mission] plano de exclusão publicado: parede em [ 1.000e-03  2.995e+00 -1.000e-03], normal segura [ 0.015 -1.     0.   ]
[INFO] [1789136363.657875, 177.559000]: [mission] fase "libera": whole-body assumiu (base livre, restrita pelo plano de exclusão)
[INFO] [1789136364.977654, 177.962000]: [mission] fase "libera": whole-body a 0.0296 m do alvo — eixo=+5.4 prof=+29.1 alt=-0.5 mm
[INFO] [1789136371.080724, 180.063000]: [mission] fase "libera": whole-body a 0.0150 m do alvo — eixo=+4.8 prof=-11.3 alt=+8.6 mm
[INFO] [1789136375.068205, 181.462000]: [mission] fase "libera" alcançada por whole-body em 3.9s (0.0053 m) — no frame da parede eixo=+4.9 prof=-1.9 alt=-0.6 mm (tolerância 40/8/6)
[INFO] [1789136377.086139, 182.169000]: [mission] fase "arco1"/puxa: RECUANDO 0.022 m só com as rodas
[INFO] [1789136378.410277, 182.621000]: [mission] fase "arco1"/puxa: concluído (0.024 m)
[INFO] [1789136378.434076, 182.626000]: [mission] fase "arco1": modo whole-body/Fuzzy (YAML)
[INFO] [1789136378.958129, 182.828000]: [mission] plano de exclusão publicado: parede em [ 1.000e-03  2.995e+00 -1.000e-03], normal segura [ 0.015 -1.     0.   ]
[INFO] [1789136379.766061, 183.133000]: [mission] fase "arco1": whole-body assumiu (base livre, restrita pelo plano de exclusão)
[INFO] [1789136379.769744, 183.133000]: [mission] fase "arco1": whole-body a 0.0096 m do alvo — eixo=+4.8 prof=+8.3 alt=-0.6 mm
[INFO] [1789136380.845469, 183.533000]: [mission] fase "arco1" alcançada por whole-body em 0.4s (0.0062 m) — no frame da parede eixo=+4.7 prof=+4.1 alt=-0.4 mm (tolerância 40/10/15)
[INFO] [1789136380.848717, 183.533000]: [mission] arco1: SOLTURA observável — recuo 51.8 mm desde a captura (mín 40) com deriva de eixo +0.8 mm → SOLTA
[INFO] [1789136381.397947, 183.742000]: [mission] waypoint de 15° — lâmina medida em 15.0° (abertura por CONTATO)
[INFO] [1789136382.699893, 184.246000]: [mission] fase "arco2"/puxa: RECUANDO 0.048 m só com as rodas
[INFO] [1789136384.978927, 185.147000]: [mission] fase "arco2"/puxa: concluído (0.050 m)
[INFO] [1789136385.003074, 185.150000]: [mission] fase "arco2": modo whole-body/Fuzzy (YAML)
[INFO] [1789136385.493203, 185.354000]: [mission] plano de exclusão publicado: parede em [ 1.000e-03  2.995e+00 -1.000e-03], normal segura [ 0.015 -1.     0.   ]
[INFO] [1789136386.324784, 185.656000]: [mission] fase "arco2": whole-body assumiu (base livre, restrita pelo plano de exclusão)
[INFO] [1789136386.329556, 185.658000]: [mission] fase "arco2": whole-body a 0.0123 m do alvo — eixo=+3.9 prof=+1.6 alt=-11.6 mm
[INFO] [1789136387.440396, 186.058000]: [mission] fase "arco2" alcançada por whole-body em 0.4s (0.0109 m) — no frame da parede eixo=+3.9 prof=-2.1 alt=-9.9 mm (tolerância 40/10/15)
[INFO] [1789136387.971217, 186.275000]: [mission] waypoint de 30° — lâmina medida em 30.8° (abertura por CONTATO)
[INFO] [1789136389.440861, 186.775000]: [mission] fase "desengata": modo IK iterativa (YAML)
[INFO] [1789136389.452089, 186.777000]: [mission] âncora engatada (fase "desengata")
[INFO] [1789136395.599152, 189.144000]: [mission] fase "desengata" it0: ponta (0.298, 2.776, 0.746) erro=0.0090 | degrau eixo 4.0° | rolagem 29.8° | IK pediu [-16.9 -20.2  -0.   81.2  -7.4] | faltou [ 0.  -0.2 -0.4 -0.4 -0. ] graus
[INFO] [1789136395.602950, 189.144000]: [mission] fase "desengata" alcançada em 1 iteração(ões) (0.0090 m)
[INFO] [1789136396.881227, 189.654000]: [mission] MANIPULATE concluída — chave ABERTA, lâmina medida em 31.0°
[INFO] [1789136396.883562, 189.656000]: State machine transitioning 'MANIPULATE':'done'-->'RETRACT'
[INFO] [1789136397.883707, 190.063000]: [mission] âncora engatada (fase "saida_sobe")
[INFO] [1789136403.056441, 191.958000]: [mission] fase "saida_sobe" it0: ponta (0.300, 2.783, 0.771) erro=0.0083 | degrau eixo 4.1° | rolagem 28.7° | IK pediu [-16.8 -17.3   0.   79.4  -7.9] | faltou [ 0.  -0.3 -0.3 -0.4 -0. ] graus
[INFO] [1789136403.064002, 191.961000]: [mission] fase "saida_sobe" it0: no frame da parede eixo=+1.7 prof=+6.0 alt=+5.4 mm (tolerância 30/20/10)
[INFO] [1789136403.069880, 191.964000]: [mission] fase "saida_sobe" alcançada em 1 iteração(ões) (0.0083 m)
[INFO] [1789136403.088817, 191.971000]: [mission] âncora engatada (fase "saida_eixo")
[INFO] [1789136408.751461, 194.225000]: [mission] fase "saida_eixo" it0: ponta (0.420, 2.785, 0.770) erro=0.0094 | degrau eixo 10.1° | rolagem 33.4° | IK pediu [-26.4 -15.1   0.   71.9 -16. ] | faltou [ 0.2 -0.3 -0.4 -0.5 -0. ] graus
[INFO] [1789136408.756979, 194.225000]: [mission] fase "saida_eixo" it0: no frame da parede eixo=+1.4 prof=+6.5 alt=+6.7 mm (tolerância 20/20/15)
[INFO] [1789136408.759511, 194.227000]: [mission] fase "saida_eixo" alcançada em 1 iteração(ões) (0.0094 m)
[INFO] [1789136408.769002, 194.232000]: [mission] âncora engatada (fase "saida_fora")
[INFO] [1789136417.055081, 197.414000]: [mission] fase "saida_fora" it0: ponta (0.420, 2.684, 0.773) erro=0.0058 | degrau eixo 5.1° | rolagem 14.2° | IK pediu [-29.4 -20.5   0.   96.6 -21.5] | faltou [ 0.1 -0.1 -0.5 -0.8 -0. ] graus
[INFO] [1789136417.081289, 197.425000]: [mission] fase "saida_fora" it0: no frame da parede eixo=+0.1 prof=+5.0 alt=+2.9 mm (tolerância 30/20/20)
[INFO] [1789136417.084721, 197.425000]: [mission] âncora solta — 1 correções de deriva
[INFO] [1789136417.089713, 197.426000]: [mission] fase "saida_fora" alcançada em 1 iteração(ões) (0.0058 m) — âncora corrigiu 1 vez(es)
[INFO] [1789136417.093996, 197.428000]: [mission] RETRACT/afasta: RECUANDO 0.250 m só com as rodas
[INFO] [1789136428.119580, 201.779000]: [mission] RETRACT/afasta: concluído (0.251 m)
[INFO] [1789136428.121692, 201.780000]: [mission] postura "stow_home" comandada: [0.0, 1.13, -1.04, -1.8, 0.0]
[INFO] [1789136457.900164, 213.480000]: State machine transitioning 'RETRACT':'ok'-->'RETURN'
[INFO] [1789136457.927959, 213.483000]: [mission] RETURN — voltando a (-0.00, 1.00, 0.00 rad)
[INFO] [1789136489.280728, 225.737000]: [mission] RETURN: alinhado, avançando (1.06 m)
[INFO] [1789136489.425843, 225.787000]: [mission] teto por postura ativo no drive: v<=0.23 w<=0.50 rampa 0.51/1.52
[INFO] [1789136782.008919, 333.541000]: State machine transitioning 'RETURN':'failed'-->'ABORT_SAFE'
[INFO] [1789136782.988945, 333.944000]: [mission] ABORT/afasta: RECUANDO 0.250 m só com as rodas
[INFO] [1789136793.971593, 338.346000]: [mission] ABORT/afasta: concluído (0.251 m)
[INFO] [1789136793.997719, 338.350000]: [mission] postura "stow_home" comandada: [0.0, 1.13, -1.04, -1.8, 0.0]
[INFO] [1789136808.606157, 344.151000]: [mission] ABORT/retorno: alinhado, avançando (1.56 m)
[INFO] [1789136808.696221, 344.201000]: [mission] teto por postura ativo no drive: v<=0.23 w<=0.50 rampa 0.51/1.52
[INFO] [1789136836.554339, 354.751000]: [mission] ABORT/retorno: chegou, ajustando heading final
[INFO] [1789136836.692405, 354.801000]: [mission] teto por postura ativo no drive: v<=0.23 w<=0.50 rampa 0.52/1.51
[INFO] [1789136852.795098, 360.951000]: [mission] ABORT/retorno: concluído
[INFO] [1789136852.805312, 360.953000]: State machine terminating 'ABORT_SAFE':'aborted':'MISSION_ABORTED'
[INFO] [1789136852.808605, 360.954000]: [mission] resultado: MISSION_ABORTED
... logging to /home/robo/.ros/log/b0b3a808-adea-11f1-8d68-3413e824a1df/roslaunch-b166er-nuc-16643.log
Checking log directory for disk usage. This may take a while.
Press Ctrl-C to interrupt
Done checking log file disk usage. Usage is <1GB.
]2;/home/robo/b166er/src/b166er_whole_body_control/launch/chave_mission.launch
[1mstarted roslaunch server http://b166er-nuc:43475/[0m

SUMMARY
========

PARAMETERS
 * /chave_mission/estado_final: 
 * /chave_mission/estado_inicial: STOW_INIT
 * /chave_mission/pausa_por_fase: False
 * /chave_mission/search_omega: 0.35
 * /chave_mission/standoff_distance: 0.62
 * /chave_mission/use_wholebody: False
 * /chave_seccionadora_task/aproxima_lateral/modo: ik
 * /chave_seccionadora_task/aproxima_lateral/offset_xyz_m: [-0.09, 0.0, 0.01]
 * /chave_seccionadora_task/aproxima_lateral/tol_xyz_m: [0.04, 0.008, 0.005]
 * /chave_seccionadora_task/arco1/blade_angle_deg: 15
 * /chave_seccionadora_task/arco1/deriva_eixo_max_m: 0.015
 * /chave_seccionadora_task/arco1/modo: wb
 * /chave_seccionadora_task/arco1/offset_xyz_m: [0.0, 0.0518, -0....
 * /chave_seccionadora_task/arco1/soltura_recuo_min_m: 0.04
 * /chave_seccionadora_task/arco1/tol_xyz_m: [0.04, 0.01, 0.015]
 * /chave_seccionadora_task/arco2/blade_angle_deg: 30
 * /chave_seccionadora_task/arco2/deriva_eixo_max_m: 0.015
 * /chave_seccionadora_task/arco2/modo: wb
 * /chave_seccionadora_task/arco2/offset_xyz_m: [0.0, 0.1, -0.0518]
 * /chave_seccionadora_task/arco2/tol_xyz_m: [0.04, 0.01, 0.015]
 * /chave_seccionadora_task/atravessa/modo: ik
 * /chave_seccionadora_task/atravessa/offset_xyz_m: [-0.008, 0.0, 0.01]
 * /chave_seccionadora_task/atravessa/tol_xyz_m: [0.008, 0.006, 0....
 * /chave_seccionadora_task/captura/modo: ik
 * /chave_seccionadora_task/captura/offset_xyz_m: [0.0, 0.0, -0.01]
 * /chave_seccionadora_task/captura/tol_xyz_m: [0.04, 0.006, 0.01]
 * /chave_seccionadora_task/desengata/modo: ik
 * /chave_seccionadora_task/desengata/offset_xyz_m: [-0.09, 0.1, -0.0...
 * /chave_seccionadora_task/destrava/curso_estagna_m: 0.01
 * /chave_seccionadora_task/destrava/curso_margem_m: 0.002
 * /chave_seccionadora_task/destrava/curso_min_m: 0.018
 * /chave_seccionadora_task/destrava/modo: wb
 * /chave_seccionadora_task/destrava/offset_xyz_m: [0.0, 0.0, -0.025]
 * /chave_seccionadora_task/destrava/tol_xyz_m: [0.04, 0.006, 0.004]
 * /chave_seccionadora_task/libera/deriva_eixo_max_m: 0.015
 * /chave_seccionadora_task/libera/modo: wb
 * /chave_seccionadora_task/libera/offset_xyz_m: [0.0, 0.03, -0.025]
 * /chave_seccionadora_task/libera/tol_xyz_m: [0.04, 0.008, 0.006]
 * /chave_seccionadora_task/orienta/modo: ik
 * /chave_seccionadora_task/orienta/offset_xyz_m: [-0.09, 0.15, 0.0...
 * /chave_seccionadora_task/reassenta_sobe/tol_xyz_m: [0.03, 0.02, 0.005]
 * /chave_seccionadora_task/saida_eixo/tol_xyz_m: [0.02, 0.02, 0.015]
 * /chave_seccionadora_task/saida_fora/tol_xyz_m: [0.03, 0.02, 0.02]
 * /chave_seccionadora_task/saida_sobe/tol_xyz_m: [0.03, 0.02, 0.01]
 * /chave_seccionadora_task/target_frame: chave_olhal_link
 * /fuzzy_wb_controller/fixed_gains: []
 * /rosdistro: noetic
 * /rosversion: 1.17.4

NODES
  /
    chave_mission (b166er_whole_body_control/chave_mission.py)

[1mROS_MASTER_URI=http://localhost:11311[0m
]2;/home/robo/b166er/src/b166er_whole_body_control/launch/chave_mission.launch http://localhost:11311
[1mprocess[chave_mission-1]: started with pid [16667][0m
[chave_mission-1] killing on exit
shutting down processing monitor...
... shutting down processing monitor complete
[1mdone[0m
