[31mWARNING: disk usage in log directory [/home/marco/.ros/log] is over 1GB.
It's recommended that you use the 'rosclean' command.[0m
the rosdep view is empty: call 'sudo rosdep init' and 'rosdep update'
[WARN] [1790799864.572885, 941.666000]: [mission] SEARCH: 3 de 25 amostras descartadas como outlier (>0.15 m ou >0.20 rad da mediana)
[INFO] [1790799839.320863, 916.705000]: garra_dx = 0.030 m (aberta)
[INFO] [1790799839.356126, 916.743000]: State machine starting in initial state 'STOW_INIT' with userdata: 
	[]
[INFO] [1790799839.657304, 917.043000]: [mission] pose de partida registrada: (0.01, 1.00, 0.00 rad)
[INFO] [1790799839.659941, 917.045000]: [mission] postura "stow_home" comandada: [0.0, 1.13, -1.04, -1.8, 0.0]
[INFO] [1790799839.763255, 917.149000]: State machine transitioning 'STOW_INIT':'ok'-->'SEARCH'
[INFO] [1790799839.766277, 917.152000]: [mission] postura "search" comandada: [0.0, 1.0, -1.0, 0.0, 0.0]
[INFO] [1790799845.840011, 923.153000]: [mission] SEARCH — girando à procura da tag...
[INFO] [1790799845.842319, 923.155000]: [mission] SEARCH: amostra quando a tag estiver a raio 0.35-0.50 do quadro (vista oblíqua; omega fina 0.15 rad/s)
[INFO] [1790799847.579841, 924.857000]: [mission] SEARCH: tag a raio 0.93 — girando até <= 0.50
[INFO] [1790799854.461188, 931.657000]: [mission] SEARCH: tag a raio 0.50 — parando
[INFO] [1790799854.462747, 931.658000]: [mission] tag avistada — parando para medir
[INFO] [1790799855.480768, 932.665000]: [mission] âncora engatada (coleta do SEARCH)
[INFO] [1790799855.482468, 932.666000]: [mission] SEARCH: coleta com dither ±0.05 rad/s (período 3.0 s)
[INFO] [1790799864.556672, 941.651000]: [mission] âncora solta — 19 correções de deriva
[INFO] [1790799864.559975, 941.654000]: [mission] SEARCH: âncora corrigiu a deriva 19 vez(es) durante a coleta
[INFO] [1790799864.574521, 941.669000]: [mission] SEARCH: 22 amostras — parede (0.009, 3.076, -0.004) yaw=3.018
[INFO] [1790799864.575473, 941.670000]: [mission] parede localizada em (0.009, 3.076, -0.004)
[INFO] [1790799864.578821, 941.673000]: State machine transitioning 'SEARCH':'found'-->'APPROACH'
[INFO] [1790799864.580274, 941.675000]: [mission] APPROACH etapa 1/2 — 1.30 m do olhal, alvo (0.03, 1.63, 1.45 rad)
[INFO] [1790799864.582079, 941.677000]: [mission] teto por postura ativo no drive: v<=0.17 w<=0.50 rampa 0.45/1.52
[INFO] [1790799869.183850, 946.226000]: [mission] APPROACH: alinhado, avançando (0.76 m)
[INFO] [1790799875.746507, 952.676000]: [mission] APPROACH: chegou, ajustando heading final
[INFO] [1790799875.796596, 952.726000]: [mission] teto por postura ativo no drive: v<=0.17 w<=0.50 rampa 0.45/1.52
[INFO] [1790799878.639882, 955.526000]: [mission] APPROACH: concluído
[INFO] [1790799879.664271, 956.530000]: [mission] âncora engatada (coleta do APPROACH/remedida)
[INFO] [1790799879.666417, 956.532000]: [mission] APPROACH/remedida: coleta com dither ±0.05 rad/s (período 3.0 s)
[INFO] [1790799880.810230, 957.668000]: [mission] âncora solta — 2 correções de deriva
[INFO] [1790799880.811399, 957.669000]: [mission] APPROACH/remedida: âncora corrigiu a deriva 2 vez(es) durante a coleta
[INFO] [1790799880.812694, 957.670000]: [mission] APPROACH/remedida: 10 amostras — parede (0.005, 3.012, -0.004) yaw=3.140
[INFO] [1790799880.813749, 957.672000]: [mission] APPROACH etapa 2/2 — 0.88 m do olhal, alvo (0.37, 2.00, 1.57 rad)
[INFO] [1790799884.167374, 960.973000]: [mission] APPROACH: alinhado, avançando (0.58 m)
[INFO] [1790799884.217619, 961.023000]: [mission] teto por postura ativo no drive: v<=0.17 w<=0.50 rampa 0.45/1.52
[INFO] [1790799889.637772, 966.373000]: [mission] APPROACH: chegou, ajustando heading final
[INFO] [1790799889.687886, 966.423000]: [mission] teto por postura ativo no drive: v<=0.17 w<=0.50 rampa 0.45/1.51
[INFO] [1790799894.452663, 971.123000]: [mission] APPROACH: concluído
[INFO] [1790799894.458719, 971.129000]: State machine transitioning 'APPROACH':'arrived'-->'REFINE'
[INFO] [1790799894.460360, 971.131000]: [mission] REFINE — remedindo a parede de perto (10 amostras)
[INFO] [1790799894.463816, 971.134000]: [mission] âncora engatada (coleta do REFINE)
[INFO] [1790799894.465698, 971.136000]: [mission] REFINE: coleta com dither ±0.05 rad/s (período 3.0 s)
[INFO] [1790799895.608563, 972.259000]: [mission] âncora solta — 1 correções de deriva
[INFO] [1790799895.610666, 972.261000]: [mission] REFINE: âncora corrigiu a deriva 1 vez(es) durante a coleta
[INFO] [1790799895.611699, 972.262000]: [mission] REFINE: 10 amostras — parede (0.003, 3.005, -0.000) yaw=3.122
[INFO] [1790799895.615563, 972.266000]: [mission] REFINE: deslocou 0.008 m da estimativa anterior
[INFO] [1790799895.616361, 972.267000]: [mission] olhal estimado em (0.200, 2.871, 0.805)
[INFO] [1790799895.634942, 972.282000]: State machine transitioning 'REFINE':'ok'-->'DEPLOY'
[INFO] [1790799895.636055, 972.282000]: [mission] DEPLOY: IK resolvida para a POSE DE MANIPULAÇÃO (0.19, 2.25, 1.55 rad), não para a atual
[INFO] [1790799900.402987, 975.658000]: [mission] DEPLOY: IK nivelada 0.0552 m, só eixo 0.0000 m — a MISSÃO INTEIRA usa "eixo"
[INFO] [1790799900.405154, 977.045000]: [mission] DEPLOY: IK da ponta resolvida (resíduo 0.0000 m, degrau 0.1°) — pré-posicionando em [-10.3 -42.3  52.1  79.6  79.7] graus
[INFO] [1790799906.877740, 983.446000]: [mission] plano de exclusão publicado: parede em [ 3.000e-03  3.005e+00 -0.000e+00], normal segura [-0.02 -1.    0.  ]
[INFO] [1790799907.094161, 983.659000]: [mission] teto por postura ativo no drive: v<=0.18 w<=0.50 rampa 0.46/1.64
[INFO] [1790799912.110503, 988.609000]: [mission] DEPLOY/aproxima: alinhado, avançando (0.40 m)
[INFO] [1790799912.213575, 988.709000]: [mission] teto por postura ativo no drive: v<=0.18 w<=0.50 rampa 0.46/1.65
[INFO] [1790799916.722434, 993.159000]: [mission] DEPLOY/aproxima: chegou, ajustando heading final
[INFO] [1790799923.692177, 1000.009000]: [mission] DEPLOY/aproxima: concluído
[INFO] [1790799923.694118, 1000.011000]: State machine transitioning 'DEPLOY':'ok'-->'MANIPULATE'
[INFO] [1790799923.695987, 1000.013000]: [mission] fase "orienta": modo IK iterativa (YAML)
[INFO] [1790799923.700262, 1000.017000]: [mission] âncora engatada (fase "orienta")
[INFO] [1790799928.152642, 1004.422000]: [mission] fase "orienta" it0: ponta (0.286, 2.724, 0.812) erro=0.0047 | degrau eixo 2.9° | rolagem 3.0° | IK pediu [-25.  -17.1   0.   98.3  70.1] | faltou [0. 0. 0. 0. 0.] graus
[INFO] [1790799928.153996, 1004.423000]: [mission] âncora solta — 3 correções de deriva
[INFO] [1790799928.154743, 1004.424000]: [mission] fase "orienta" alcançada em 1 iteração(ões) (0.0047 m) — âncora corrigiu 3 vez(es)
[INFO] [1790799928.662046, 1004.927000]: [mission] fase "aproxima_lateral": modo IK iterativa (YAML)
[INFO] [1790799928.667192, 1004.932000]: [mission] âncora engatada (fase "aproxima_lateral")
[INFO] [1790799931.908900, 1008.137000]: [mission] fase "aproxima_lateral" it0: ponta (0.281, 2.871, 0.809) erro=0.0147 | degrau eixo 9.2° | rolagem 9.5° | IK pediu [-21.6 -12.2  -0.   67.2  76.4] | faltou [ 0.1 -0.4 -0.1  0.1 -0. ] graus
[INFO] [1790799931.912993, 1008.141000]: [mission] fase "aproxima_lateral" it0: no frame da parede eixo=-9.4 prof=+9.4 alt=+6.3 mm (tolerância 40/8/5)
[INFO] [1790799933.437283, 1009.649000]: [mission] fase "aproxima_lateral" it1: ponta (0.303, 2.855, 0.814) erro=0.0142 | degrau eixo 9.1° | rolagem 9.7° | IK pediu [-23.2 -12.1   0.   68.8  75.5] | faltou [-0.1 -0.2 -0.4 -0.6  0. ] graus
[INFO] [1790799933.438556, 1009.650000]: [mission] fase "aproxima_lateral" it1: no frame da parede eixo=+12.5 prof=-6.6 alt=+0.9 mm (tolerância 40/8/5)
[INFO] [1790799933.439315, 1009.651000]: [mission] âncora solta — 1 correções de deriva
[INFO] [1790799933.439934, 1009.652000]: [mission] fase "aproxima_lateral" alcançada em 2 iteração(ões) (0.0142 m) — âncora corrigiu 1 vez(es)
[INFO] [1790799933.949663, 1010.154000]: [mission] fase "atravessa": modo IK iterativa (YAML)
[INFO] [1790799933.957325, 1010.161000]: [mission] âncora engatada (fase "atravessa")
[INFO] [1790799935.786652, 1011.967000]: [mission] fase "atravessa" it0: ponta (0.211, 2.868, 0.809) erro=0.0074 | degrau eixo 5.0° | rolagem 5.7° | IK pediu [-15.7 -13.5   0.   72.4  81.6] | faltou [-0.3 -0.2 -0.4 -0.6 -0.6] graus
[INFO] [1790799935.789690, 1011.969000]: [mission] fase "atravessa" it0: no frame da parede eixo=+2.3 prof=+4.5 alt=+5.4 mm (tolerância 8/6/5)
[INFO] [1790799937.261769, 1013.399000]: [mission] fase "atravessa" it1: ponta (0.211, 2.864, 0.813) erro=0.0032 | degrau eixo 4.7° | rolagem 5.2° | IK pediu [-16.  -13.2   0.   73.5  81.6] | faltou [-0.3 -0.3 -0.7 -1.  -0.1] graus
[WARN] [1790799942.740399, 1018.836000]: [mission] fase "destrava": descida estagnou em 14.1 mm (mín 10 para aceitar; alvo 18) — fim de curso do mecanismo, fechando a fase
[WARN] [1790799954.922844, 1030.834000]: [mission] RETRACT: ponta a 0.139 m do olhal — saindo em degraus: sobe 30 mm, 120 mm pelo eixo do furo, 100 mm para fora, antes de recolher
[INFO] [1790799937.264497, 1013.402000]: [mission] fase "atravessa" it1: no frame da parede eixo=+2.3 prof=+0.9 alt=+2.1 mm (tolerância 8/6/5)
[INFO] [1790799937.266051, 1013.403000]: [mission] fase "atravessa" alcançada em 2 iteração(ões) (0.0032 m)
[INFO] [1790799937.773280, 1013.907000]: [mission] fase "captura": modo IK iterativa (YAML)
[INFO] [1790799937.776206, 1013.909000]: [mission] âncora engatada (fase "captura")
[INFO] [1790799939.296698, 1015.413000]: [mission] fase "captura" it0: ponta (0.210, 2.873, 0.790) erro=0.0103 | degrau eixo 4.8° | rolagem 5.1° | IK pediu [-15.8 -15.6  -0.   72.7  82.4] | faltou [-0.9 -0.2 -0.2 -0.2 -0.2] graus
[INFO] [1790799939.299034, 1015.415000]: [mission] fase "captura" it0: no frame da parede eixo=+9.1 prof=+1.8 alt=+4.6 mm (tolerância 40/6/10)
[INFO] [1790799939.300965, 1015.417000]: [mission] fase "captura" alcançada em 1 iteração(ões) (0.0103 m)
[INFO] [1790799939.307917, 1015.424000]: [mission] captura: ponta registrada em eixo=-9.1 prof=-1.8 alt=-14.6 mm (zero da descida do destrava e da deriva de eixo)
[INFO] [1790799939.815317, 1015.926000]: [mission] fase "destrava": alvo em altura relativo à captura: -34.6 mm (captura -14.6 − curso 18 − margem 2)
[INFO] [1790799939.817104, 1015.927000]: [mission] fase "destrava": modo whole-body/Fuzzy (YAML)
[INFO] [1790799940.021920, 1016.130000]: [mission] plano de exclusão publicado: parede em [ 3.000e-03  3.005e+00 -0.000e+00], normal segura [-0.02 -1.    0.  ]
[INFO] [1790799940.325507, 1016.433000]: [mission] fase "destrava": whole-body assumiu (base livre, restrita pelo plano de exclusão)
[INFO] [1790799940.329865, 1016.437000]: [mission] fase "destrava": whole-body a 0.0197 m do alvo — eixo=+9.1 prof=+1.7 alt=-17.4 mm
[INFO] [1790799942.438633, 1018.536000]: [mission] fase "destrava": whole-body a 0.0105 m do alvo — eixo=+8.6 prof=-2.7 alt=-5.3 mm
[INFO] [1790799942.959519, 1019.048000]: [mission] destrava: ponta desceu 16.0 mm desde a captura (critério observável) | lingueta 13.6 mm (só na simulação)
[INFO] [1790799942.962616, 1019.051000]: [mission] destrava: lingueta em 13.6 mm — gatilho solto
[INFO] [1790799943.472556, 1019.553000]: [mission] fase "libera": modo whole-body/Fuzzy (YAML)
[INFO] [1790799943.675816, 1019.755000]: [mission] plano de exclusão publicado: parede em [ 3.000e-03  3.005e+00 -0.000e+00], normal segura [-0.02 -1.    0.  ]
[INFO] [1790799944.003408, 1020.057000]: [mission] fase "libera": whole-body assumiu (base livre, restrita pelo plano de exclusão)
[INFO] [1790799944.508760, 1020.558000]: [mission] fase "libera": whole-body a 0.0236 m do alvo — eixo=+8.8 prof=+20.6 alt=+7.4 mm
[INFO] [1790799946.533870, 1022.559000]: [mission] fase "libera" alcançada por whole-body em 2.5s (0.0102 m) — no frame da parede eixo=+9.0 prof=-3.1 alt=-3.5 mm (tolerância 40/8/6)
[INFO] [1790799947.245219, 1023.263000]: [mission] fase "arco1"/puxa: RECUANDO 0.022 m só com as rodas
[INFO] [1790799947.701133, 1023.714000]: [mission] fase "arco1"/puxa: concluído (0.023 m)
[INFO] [1790799947.702333, 1023.715000]: [mission] fase "arco1": modo whole-body/Fuzzy (YAML)
[INFO] [1790799947.912343, 1023.918000]: [mission] plano de exclusão publicado: parede em [ 3.000e-03  3.005e+00 -0.000e+00], normal segura [-0.02 -1.    0.  ]
[INFO] [1790799948.219331, 1024.223000]: [mission] fase "arco1": whole-body assumiu (base livre, restrita pelo plano de exclusão)
[INFO] [1790799948.222125, 1024.225000]: [mission] fase "arco1": whole-body a 0.0119 m do alvo — eixo=+9.3 prof=-2.4 alt=-7.0 mm
[INFO] [1790799948.626410, 1024.624000]: [mission] fase "arco1" alcançada por whole-body em 0.4s (0.0118 m) — no frame da parede eixo=+9.4 prof=-3.5 alt=-6.2 mm (tolerância 40/10/15)
[INFO] [1790799948.627228, 1024.625000]: [mission] arco1: SOLTURA observável — recuo 57.1 mm desde a captura (mín 40) com deriva de eixo -0.3 mm → SOLTA
[INFO] [1790799948.839114, 1024.835000]: [mission] waypoint de 15° — lâmina medida em 14.7° (abertura por CONTATO)
[INFO] [1790799949.353225, 1025.337000]: [mission] fase "arco2"/puxa: RECUANDO 0.048 m só com as rodas
[INFO] [1790799950.317018, 1026.289000]: [mission] fase "arco2"/puxa: concluído (0.053 m)
[INFO] [1790799950.317943, 1026.290000]: [mission] fase "arco2": modo whole-body/Fuzzy (YAML)
[INFO] [1790799950.520663, 1026.492000]: [mission] plano de exclusão publicado: parede em [ 3.000e-03  3.005e+00 -0.000e+00], normal segura [-0.02 -1.    0.  ]
[INFO] [1790799950.830449, 1026.795000]: [mission] fase "arco2": whole-body assumiu (base livre, restrita pelo plano de exclusão)
[INFO] [1790799950.833042, 1026.797000]: [mission] fase "arco2": whole-body a 0.0153 m do alvo — eixo=+10.3 prof=+4.4 alt=-10.4 mm
[INFO] [1790799951.234485, 1027.197000]: [mission] fase "arco2" alcançada por whole-body em 0.4s (0.0133 m) — no frame da parede eixo=+10.4 prof=+0.7 alt=-8.2 mm (tolerância 40/10/15)
[INFO] [1790799951.449066, 1027.409000]: [mission] waypoint de 30° — lâmina medida em 30.9° (abertura por CONTATO)
[INFO] [1790799951.957242, 1027.911000]: [mission] fase "desengata": modo IK iterativa (YAML)
[INFO] [1790799951.961038, 1027.914000]: [mission] âncora engatada (fase "desengata")
[INFO] [1790799953.992647, 1029.918000]: [mission] fase "desengata" it0: ponta (0.285, 2.777, 0.747) erro=0.0106 | degrau eixo 9.0° | rolagem 9.7° | IK pediu [-22.8 -18.8  -0.   68.9  78.8] | faltou [ 0.1 -0.3 -0.4 -0.6 -0. ] graus
[INFO] [1790799953.994757, 1029.920000]: [mission] âncora solta — 1 correções de deriva
[INFO] [1790799953.995831, 1029.921000]: [mission] fase "desengata" alcançada em 1 iteração(ões) (0.0106 m) — âncora corrigiu 1 vez(es)
[INFO] [1790799954.509781, 1030.429000]: [mission] MANIPULATE concluída — chave ABERTA, lâmina medida em 30.3°
[INFO] [1790799954.511108, 1030.430000]: State machine transitioning 'MANIPULATE':'done'-->'RETRACT'
[INFO] [1790799954.927723, 1030.839000]: [mission] âncora engatada (fase "saida_sobe")
[INFO] [1790799956.461837, 1032.345000]: [mission] fase "saida_sobe" it0: ponta (0.286, 2.782, 0.772) erro=0.0075 | degrau eixo 8.7° | rolagem 9.2° | IK pediu [-22.8 -16.    0.   66.8  78.9] | faltou [ 0.  -0.7 -0.3 -0.  -0. ] graus
[INFO] [1790799956.465117, 1032.348000]: [mission] fase "saida_sobe" it0: no frame da parede eixo=+0.7 prof=+4.4 alt=+6.1 mm (tolerância 30/20/10)
[INFO] [1790799956.467453, 1032.351000]: [mission] fase "saida_sobe" alcançada em 1 iteração(ões) (0.0075 m)
[INFO] [1790799956.472477, 1032.356000]: [mission] âncora engatada (fase "saida_eixo")
[INFO] [1790799958.496286, 1034.361000]: [mission] fase "saida_eixo" it0: ponta (0.407, 2.780, 0.769) erro=0.0099 | degrau eixo 16.4° | rolagem 17.8° | IK pediu [-31.6 -12.9  -0.   55.8  73.6] | faltou [-0.1 -0.3 -0.5 -0.6 -0. ] graus
[INFO] [1790799958.497564, 1034.362000]: [mission] fase "saida_eixo" it0: no frame da parede eixo=+0.9 prof=+4.8 alt=+8.6 mm (tolerância 20/20/15)
[INFO] [1790799958.498453, 1034.363000]: [mission] fase "saida_eixo" alcançada em 1 iteração(ões) (0.0099 m)
[INFO] [1790799958.500320, 1034.365000]: [mission] âncora engatada (fase "saida_fora")
[INFO] [1790799961.376498, 1037.209000]: [mission] fase "saida_fora" it0: ponta (0.404, 2.679, 0.773) erro=0.0061 | degrau eixo 11.9° | rolagem 13.3° | IK pediu [-34.7 -19.3   0.   81.2  66.5] | faltou [-0.  -0.  -0.9 -1.6 -0. ] graus
[INFO] [1790799961.378859, 1037.211000]: [mission] fase "saida_fora" it0: no frame da parede eixo=+0.6 prof=+4.0 alt=+4.5 mm (tolerância 30/20/20)
[INFO] [1790799961.380057, 1037.213000]: [mission] fase "saida_fora" alcançada em 1 iteração(ões) (0.0061 m)
[INFO] [1790799961.380717, 1037.213000]: [mission] RETRACT/afasta: RECUANDO 0.250 m só com as rodas
[INFO] [1790799965.785180, 1041.564000]: [mission] RETRACT/afasta: concluído (0.251 m)
[INFO] [1790799965.788401, 1041.567000]: [mission] postura "stow_home" comandada: [0.0, 1.13, -1.04, -1.8, 0.0]
[INFO] [1790799976.739433, 1052.370000]: State machine transitioning 'RETRACT':'ok'-->'RETURN'
[INFO] [1790799976.740944, 1052.371000]: [mission] RETURN — voltando a (0.01, 1.00, 0.00 rad)
[INFO] [1790799988.875259, 1064.322000]: [mission] RETURN: alinhado, avançando (1.02 m)
[INFO] [1790799988.925866, 1064.372000]: [mission] teto por postura ativo no drive: v<=0.23 w<=0.50 rampa 0.51/1.51
[INFO] [1790799996.884070, 1072.222000]: [mission] RETURN: chegou, ajustando heading final
[INFO] [1790799996.934155, 1072.272000]: [mission] teto por postura ativo no drive: v<=0.23 w<=0.50 rampa 0.51/1.52
[INFO] [1790800003.323010, 1078.572000]: [mission] RETURN: concluído
[INFO] [1790800003.324192, 1078.573000]: State machine terminating 'RETURN':'home':'MISSION_OK'
[INFO] [1790800003.325211, 1078.574000]: [mission] resultado: MISSION_OK
... logging to /home/marco/.ros/log/aebe21c0-bd0a-11f1-a1db-b025aa85b2a2/roslaunch-shiroi-2194103.log
Checking log directory for disk usage. This may take a while.
Press Ctrl-C to interrupt
]2;/home/marco/b166er/src/b166er_whole_body_control/launch/chave_mission.launch
[1mstarted roslaunch server http://shiroi:39293/[0m

SUMMARY
========

PARAMETERS
 * /chave_mission/estado_final: 
 * /chave_mission/estado_inicial: STOW_INIT
 * /chave_mission/pausa_por_fase: False
 * /chave_mission/search_omega: 0.35
 * /chave_mission/standoff_distance: 0.62
 * /chave_mission/use_wholebody: False
 * /chave_seccionadora_task/aproxima_lateral/modo: ik
 * /chave_seccionadora_task/aproxima_lateral/offset_xyz_m: [-0.09, 0.008, 0.01]
 * /chave_seccionadora_task/aproxima_lateral/tol_xyz_m: [0.04, 0.008, 0.005]
 * /chave_seccionadora_task/arco1/blade_angle_deg: 15
 * /chave_seccionadora_task/arco1/deriva_eixo_max_m: 0.015
 * /chave_seccionadora_task/arco1/modo: wb
 * /chave_seccionadora_task/arco1/offset_xyz_m: [0.0, 0.0518, -0....
 * /chave_seccionadora_task/arco1/soltura_recuo_min_m: 0.04
 * /chave_seccionadora_task/arco1/tol_xyz_m: [0.04, 0.01, 0.015]
 * /chave_seccionadora_task/arco2/blade_angle_deg: 30
 * /chave_seccionadora_task/arco2/deriva_eixo_max_m: 0.015
 * /chave_seccionadora_task/arco2/modo: wb
 * /chave_seccionadora_task/arco2/offset_xyz_m: [0.0, 0.1, -0.0518]
 * /chave_seccionadora_task/arco2/tol_xyz_m: [0.04, 0.01, 0.015]
 * /chave_seccionadora_task/atravessa/modo: ik
 * /chave_seccionadora_task/atravessa/offset_xyz_m: [-0.008, 0.008, 0...
 * /chave_seccionadora_task/atravessa/tol_xyz_m: [0.008, 0.006, 0....
 * /chave_seccionadora_task/captura/modo: ik
 * /chave_seccionadora_task/captura/offset_xyz_m: [0.0, 0.0, -0.01]
 * /chave_seccionadora_task/captura/tol_xyz_m: [0.04, 0.006, 0.01]
 * /chave_seccionadora_task/desengata/modo: ik
 * /chave_seccionadora_task/desengata/offset_xyz_m: [-0.09, 0.1, -0.0...
 * /chave_seccionadora_task/destrava/curso_estagna_m: 0.01
 * /chave_seccionadora_task/destrava/curso_margem_m: 0.002
 * /chave_seccionadora_task/destrava/curso_min_m: 0.018
 * /chave_seccionadora_task/destrava/modo: wb
 * /chave_seccionadora_task/destrava/offset_xyz_m: [0.0, 0.0, -0.025]
 * /chave_seccionadora_task/destrava/tol_xyz_m: [0.04, 0.006, 0.004]
 * /chave_seccionadora_task/libera/deriva_eixo_max_m: 0.015
 * /chave_seccionadora_task/libera/modo: wb
 * /chave_seccionadora_task/libera/offset_xyz_m: [0.0, 0.03, -0.025]
 * /chave_seccionadora_task/libera/tol_xyz_m: [0.04, 0.008, 0.006]
 * /chave_seccionadora_task/orienta/modo: ik
 * /chave_seccionadora_task/orienta/offset_xyz_m: [-0.09, 0.15, 0.0...
 * /chave_seccionadora_task/reassenta_sobe/tol_xyz_m: [0.03, 0.02, 0.005]
 * /chave_seccionadora_task/saida_eixo/tol_xyz_m: [0.02, 0.02, 0.015]
 * /chave_seccionadora_task/saida_fora/tol_xyz_m: [0.03, 0.02, 0.02]
 * /chave_seccionadora_task/saida_sobe/tol_xyz_m: [0.03, 0.02, 0.01]
 * /chave_seccionadora_task/target_frame: chave_olhal_link
 * /fuzzy_wb_controller/fixed_gains: []
 * /rosdistro: noetic
 * /rosversion: 1.17.4

NODES
  /
    chave_mission (b166er_whole_body_control/chave_mission.py)

[1mROS_MASTER_URI=http://localhost:11311[0m
]2;/home/marco/b166er/src/b166er_whole_body_control/launch/chave_mission.launch http://localhost:11311
[1mprocess[chave_mission-1]: started with pid [2194147][0m
[1m[chave_mission-1] process has finished cleanly
log file: /home/marco/.ros/log/aebe21c0-bd0a-11f1-a1db-b025aa85b2a2/chave_mission-1*.log[0m
all processes on machine have died, roslaunch will exit
shutting down processing monitor...
... shutting down processing monitor complete
[1mdone[0m
