[31mWARNING: disk usage in log directory [/home/marco/.ros/log] is over 1GB.
It's recommended that you use the 'rosclean' command.[0m
the rosdep view is empty: call 'sudo rosdep init' and 'rosdep update'
[WARN] [1790799650.683936, 731.367000]: [mission] SEARCH: ajuste não convergiu em 8s (raio 0.55) — amostrando assim mesmo
[WARN] [1790799657.565102, 738.160000]: [mission] SEARCH: 9 de 25 amostras descartadas como outlier (>0.15 m ou >0.20 rad da mediana)
[INFO] [1790799634.625922, 715.502000]: garra_dx = 0.030 m (aberta)
[INFO] [1790799634.739315, 715.603000]: State machine starting in initial state 'STOW_INIT' with userdata: 
	[]
[INFO] [1790799634.929687, 715.804000]: [mission] pose de partida registrada: (0.01, 1.00, 0.00 rad)
[INFO] [1790799634.932232, 715.807000]: [mission] postura "stow_home" comandada: [0.0, 1.13, -1.04, -1.8, 0.0]
[INFO] [1790799635.038615, 715.909000]: State machine transitioning 'STOW_INIT':'ok'-->'SEARCH'
[INFO] [1790799635.041140, 715.912000]: [mission] postura "search" comandada: [0.0, 1.0, -1.0, 0.0, 0.0]
[INFO] [1790799641.123081, 721.913000]: [mission] SEARCH — girando à procura da tag...
[INFO] [1790799641.124805, 721.914000]: [mission] SEARCH: amostra quando a tag estiver a raio 0.35-0.50 do quadro (vista oblíqua; omega fina 0.15 rad/s)
[INFO] [1790799642.549556, 723.316000]: [mission] SEARCH: tag a raio 0.93 — girando até <= 0.50
[INFO] [1790799650.685704, 731.368000]: [mission] tag avistada — parando para medir
[INFO] [1790799651.707350, 732.377000]: [mission] âncora engatada (coleta do SEARCH)
[INFO] [1790799651.709835, 732.379000]: [mission] SEARCH: coleta com dither ±0.05 rad/s (período 3.0 s)
[INFO] [1790799657.543993, 738.142000]: [mission] âncora solta — 12 correções de deriva
[INFO] [1790799657.546403, 738.145000]: [mission] SEARCH: âncora corrigiu a deriva 12 vez(es) durante a coleta
[INFO] [1790799657.568540, 738.166000]: [mission] SEARCH: 16 amostras — parede (0.027, 2.874, -0.002) yaw=-2.778
[INFO] [1790799657.571307, 738.169000]: [mission] parede localizada em (0.027, 2.874, -0.002)
[INFO] [1790799657.581483, 738.178000]: State machine transitioning 'SEARCH':'found'-->'APPROACH'
[INFO] [1790799657.584711, 738.181000]: [mission] APPROACH etapa 1/2 — 1.30 m do olhal, alvo (0.72, 1.61, 1.93 rad)
[INFO] [1790799657.587833, 738.184000]: [mission] APPROACH: alinhado, avançando (0.97 m)
[INFO] [1790799657.637153, 738.234000]: [mission] teto por postura ativo no drive: v<=0.17 w<=0.50 rampa 0.45/1.52
[INFO] [1790799665.128207, 745.634000]: [mission] APPROACH: chegou, ajustando heading final
[INFO] [1790799665.178855, 745.684000]: [mission] teto por postura ativo no drive: v<=0.17 w<=0.50 rampa 0.45/1.52
[INFO] [1790799669.534240, 749.984000]: [mission] APPROACH: concluído
[INFO] [1790799670.553945, 750.988000]: [mission] âncora engatada (coleta do APPROACH/remedida)
[INFO] [1790799670.555464, 750.990000]: [mission] APPROACH/remedida: coleta com dither ±0.05 rad/s (período 3.0 s)
[INFO] [1790799676.254279, 756.634000]: [mission] âncora solta — 7 correções de deriva
[INFO] [1790799676.255945, 756.635000]: [mission] APPROACH/remedida: âncora corrigiu a deriva 7 vez(es) durante a coleta
[INFO] [1790799676.258106, 756.637000]: [mission] APPROACH/remedida: 10 amostras — parede (-0.007, 3.025, -0.007) yaw=-3.130
[INFO] [1790799676.259610, 756.639000]: [mission] APPROACH etapa 2/2 — 0.88 m do olhal, alvo (0.38, 2.02, 1.58 rad)
[INFO] [1790799676.261945, 756.641000]: [mission] teto por postura ativo no drive: v<=0.17 w<=0.50 rampa 0.45/1.52
[INFO] [1790799678.289342, 758.641000]: [mission] APPROACH: alinhado, avançando (0.66 m)
[INFO] [1790799683.969701, 764.241000]: [mission] APPROACH: chegou, ajustando heading final
[INFO] [1790799684.019398, 764.291000]: [mission] teto por postura ativo no drive: v<=0.17 w<=0.50 rampa 0.45/1.52
[INFO] [1790799688.670007, 768.891000]: [mission] APPROACH: concluído
[INFO] [1790799688.677557, 768.898000]: State machine transitioning 'APPROACH':'arrived'-->'REFINE'
[INFO] [1790799688.680872, 768.901000]: [mission] REFINE — remedindo a parede de perto (10 amostras)
[INFO] [1790799688.687426, 768.906000]: [mission] âncora engatada (coleta do REFINE)
[INFO] [1790799688.689274, 768.907000]: [mission] REFINE: coleta com dither ±0.05 rad/s (período 3.0 s)
[INFO] [1790799690.140310, 770.346000]: [mission] âncora solta — 2 correções de deriva
[INFO] [1790799690.142240, 770.348000]: [mission] REFINE: âncora corrigiu a deriva 2 vez(es) durante a coleta
[INFO] [1790799690.144336, 770.350000]: [mission] REFINE: 10 amostras — parede (0.002, 2.998, -0.001) yaw=-3.140
[INFO] [1790799690.146240, 770.352000]: [mission] REFINE: deslocou 0.029 m da estimativa anterior
[INFO] [1790799690.147966, 770.353000]: [mission] olhal estimado em (0.202, 2.868, 0.804)
[INFO] [1790799690.157019, 770.362000]: State machine transitioning 'REFINE':'ok'-->'DEPLOY'
[INFO] [1790799690.160168, 770.365000]: [mission] DEPLOY: IK resolvida para a POSE DE MANIPULAÇÃO (0.20, 2.25, 1.57 rad), não para a atual
[INFO] [1790799694.839044, 774.156000]: [mission] DEPLOY: IK nivelada 0.0552 m, só eixo 0.0000 m — a MISSÃO INTEIRA usa "eixo"
[INFO] [1790799694.841363, 775.032000]: [mission] DEPLOY: IK da ponta resolvida (resíduo 0.0000 m, degrau 0.1°) — pré-posicionando em [-10.3 -42.3  52.1  79.6  79.7] graus
[INFO] [1790799701.318208, 781.434000]: [mission] plano de exclusão publicado: parede em [ 2.000e-03  2.998e+00 -1.000e-03], normal segura [ 0.001 -1.     0.   ]
[INFO] [1790799701.529975, 781.644000]: [mission] teto por postura ativo no drive: v<=0.18 w<=0.50 rampa 0.46/1.64
[INFO] [1790799703.856961, 783.944000]: [mission] DEPLOY/aproxima: alinhado, avançando (0.35 m)
[INFO] [1790799707.549592, 787.594000]: [mission] DEPLOY/aproxima: chegou, ajustando heading final
[INFO] [1790799710.587739, 790.594000]: [mission] DEPLOY/aproxima: concluído
[INFO] [1790799710.589410, 790.596000]: State machine transitioning 'DEPLOY':'ok'-->'MANIPULATE'
[INFO] [1790799710.590791, 790.597000]: [mission] fase "orienta": modo IK iterativa (YAML)
[INFO] [1790799710.593594, 790.600000]: [mission] âncora engatada (fase "orienta")
[INFO] [1790799714.547582, 794.503000]: [mission] fase "orienta" it0: ponta (0.298, 2.719, 0.812) erro=0.0056 | degrau eixo 0.5° | rolagem 0.5° | IK pediu [-17.9 -20.3   7.1 101.2  76.5] | faltou [0. 0. 0. 0. 0.] graus
[INFO] [1790799714.552034, 794.505000]: [mission] âncora solta — 2 correções de deriva
[INFO] [1790799714.554416, 794.510000]: [mission] fase "orienta" alcançada em 1 iteração(ões) (0.0056 m) — âncora corrigiu 2 vez(es)
[INFO] [1790799715.078043, 795.016000]: [mission] fase "aproxima_lateral": modo IK iterativa (YAML)
[INFO] [1790799715.080232, 795.018000]: [mission] âncora engatada (fase "aproxima_lateral")
[INFO] [1790799718.002499, 797.921000]: [mission] fase "aproxima_lateral" it0: ponta (0.296, 2.867, 0.809) erro=0.0086 | degrau eixo 5.3° | rolagem 5.6° | IK pediu [-14.4 -14.1  -0.   75.2  80.1] | faltou [ 0.  -0.3 -0.3 -0.2 -0. ] graus
[INFO] [1790799718.006064, 797.924000]: [mission] fase "aproxima_lateral" it0: no frame da parede eixo=+3.4 prof=+6.1 alt=+5.0 mm (tolerância 40/8/5)
[INFO] [1790799719.458455, 799.361000]: [mission] fase "aproxima_lateral" it1: ponta (0.289, 2.859, 0.814) erro=0.0038 | degrau eixo 5.0° | rolagem 5.3° | IK pediu [-14.1 -14.    0.   77.   80. ] | faltou [ 0.  -0.2 -0.4 -0.6  0. ] graus
[INFO] [1790799719.461231, 799.365000]: [mission] fase "aproxima_lateral" it1: no frame da parede eixo=-3.4 prof=-1.8 alt=+0.6 mm (tolerância 40/8/5)
[INFO] [1790799719.463972, 799.368000]: [mission] âncora solta — 2 correções de deriva
[INFO] [1790799719.466436, 799.370000]: [mission] fase "aproxima_lateral" alcançada em 2 iteração(ões) (0.0038 m) — âncora corrigiu 2 vez(es)
[INFO] [1790799719.983303, 799.879000]: [mission] fase "atravessa": modo IK iterativa (YAML)
[INFO] [1790799719.987684, 799.883000]: [mission] âncora engatada (fase "atravessa")
[INFO] [1790799721.809567, 801.687000]: [mission] fase "atravessa" it0: ponta (0.212, 2.867, 0.810) erro=0.0081 | degrau eixo 1.9° | rolagem 2.1° | IK pediu [ -7.4 -14.8   0.1  78.7  86. ] | faltou [-0.1 -0.2 -0.3 -0.4 -0.1] graus
[INFO] [1790799721.812277, 801.689000]: [mission] fase "atravessa" it0: no frame da parede eixo=+1.9 prof=+6.5 alt=+4.5 mm (tolerância 8/6/5)
[INFO] [1790799723.334386, 803.198000]: [mission] fase "atravessa" it1: ponta (0.209, 2.861, 0.810) erro=0.0048 | degrau eixo 1.8° | rolagem 2.0° | IK pediu [ -7.1 -14.8   0.2  80.4  85.9] | faltou [-0.1 -0.5 -0.6 -0.6  0. ] graus
[WARN] [1790799729.179901, 808.948000]: [mission] fase "destrava": descida estagnou em 15.0 mm (mín 10 para aceitar; alvo 18) — fim de curso do mecanismo, fechando a fase
[WARN] [1790799743.890967, 823.457000]: [mission] RETRACT: ponta a 0.143 m do olhal — saindo em degraus: sobe 30 mm, 120 mm pelo eixo do furo, 100 mm para fora, antes de recolher
[INFO] [1790799723.337683, 803.201000]: [mission] fase "atravessa" it1: no frame da parede eixo=-1.2 prof=+0.0 alt=+4.7 mm (tolerância 8/6/5)
[INFO] [1790799723.339541, 803.203000]: [mission] âncora solta — 1 correções de deriva
[INFO] [1790799723.342106, 803.206000]: [mission] fase "atravessa" alcançada em 2 iteração(ões) (0.0048 m) — âncora corrigiu 1 vez(es)
[INFO] [1790799723.863925, 803.712000]: [mission] fase "captura": modo IK iterativa (YAML)
[INFO] [1790799723.868313, 803.716000]: [mission] âncora engatada (fase "captura")
[INFO] [1790799725.412014, 805.221000]: [mission] fase "captura" it0: ponta (0.209, 2.873, 0.790) erro=0.0089 | degrau eixo 1.8° | rolagem 2.0° | IK pediu [ -6.5 -16.8  -0.3  79.2  86.6] | faltou [-0.5 -0.5 -0.2 -0.1 -0.2] graus
[INFO] [1790799725.415291, 805.225000]: [mission] fase "captura" it0: no frame da parede eixo=+6.6 prof=+4.4 alt=+4.1 mm (tolerância 40/6/10)
[INFO] [1790799725.416901, 805.225000]: [mission] fase "captura" alcançada em 1 iteração(ões) (0.0089 m)
[INFO] [1790799725.426408, 805.236000]: [mission] captura: ponta registrada em eixo=-6.6 prof=-4.4 alt=-14.1 mm (zero da descida do destrava e da deriva de eixo)
[INFO] [1790799725.936318, 805.738000]: [mission] fase "destrava": alvo em altura relativo à captura: -34.1 mm (captura -14.1 − curso 18 − margem 2)
[INFO] [1790799725.937726, 805.739000]: [mission] fase "destrava": modo whole-body/Fuzzy (YAML)
[INFO] [1790799726.142102, 805.942000]: [mission] plano de exclusão publicado: parede em [ 2.000e-03  2.998e+00 -1.000e-03], normal segura [ 0.001 -1.     0.   ]
[INFO] [1790799726.449217, 806.247000]: [mission] fase "destrava": whole-body assumiu (base livre, restrita pelo plano de exclusão)
[INFO] [1790799726.451557, 806.249000]: [mission] fase "destrava": whole-body a 0.0202 m do alvo — eixo=+6.6 prof=+5.0 alt=-18.4 mm
[INFO] [1790799728.575257, 808.349000]: [mission] fase "destrava": whole-body a 0.0090 m do alvo — eixo=+6.4 prof=-2.3 alt=-6.0 mm
[INFO] [1790799729.395450, 809.158000]: [mission] destrava: ponta desceu 15.4 mm desde a captura (critério observável) | lingueta 12.5 mm (só na simulação)
[INFO] [1790799729.397719, 809.161000]: [mission] destrava: lingueta em 12.5 mm — gatilho solto
[INFO] [1790799729.912642, 809.662000]: [mission] fase "libera": modo whole-body/Fuzzy (YAML)
[INFO] [1790799730.123514, 809.865000]: [mission] plano de exclusão publicado: parede em [ 2.000e-03  2.998e+00 -1.000e-03], normal segura [ 0.001 -1.     0.   ]
[INFO] [1790799730.430933, 810.169000]: [mission] fase "libera": whole-body assumiu (base livre, restrita pelo plano de exclusão)
[INFO] [1790799730.633724, 810.370000]: [mission] fase "libera": whole-body a 0.0282 m do alvo — eixo=+6.4 prof=+27.1 alt=+4.7 mm
[INFO] [1790799732.767418, 812.470000]: [mission] fase "libera": whole-body a 0.0241 m do alvo — eixo=+6.3 prof=+22.7 alt=+5.0 mm
[INFO] [1790799734.887543, 814.570000]: [mission] fase "libera": whole-body a 0.0133 m do alvo — eixo=+6.4 prof=-11.3 alt=-2.8 mm
[INFO] [1790799735.591535, 815.270000]: [mission] fase "libera" alcançada por whole-body em 5.1s (0.0073 m) — no frame da parede eixo=+6.5 prof=-2.2 alt=-2.6 mm (tolerância 40/8/6)
[INFO] [1790799736.315725, 815.975000]: [mission] fase "arco1"/puxa: RECUANDO 0.022 m só com as rodas
[INFO] [1790799736.771947, 816.427000]: [mission] fase "arco1"/puxa: concluído (0.023 m)
[INFO] [1790799736.773753, 816.429000]: [mission] fase "arco1": modo whole-body/Fuzzy (YAML)
[INFO] [1790799736.981181, 816.631000]: [mission] plano de exclusão publicado: parede em [ 2.000e-03  2.998e+00 -1.000e-03], normal segura [ 0.001 -1.     0.   ]
[INFO] [1790799737.291397, 816.936000]: [mission] fase "arco1": whole-body assumiu (base livre, restrita pelo plano de exclusão)
[INFO] [1790799737.293459, 816.938000]: [mission] fase "arco1": whole-body a 0.0102 m do alvo — eixo=+6.3 prof=+7.5 alt=-2.9 mm
[INFO] [1790799737.695876, 817.337000]: [mission] fase "arco1" alcançada por whole-body em 0.4s (0.0077 m) — no frame da parede eixo=+6.3 prof=+4.1 alt=-1.9 mm (tolerância 40/10/15)
[INFO] [1790799737.696546, 817.337000]: [mission] arco1: SOLTURA observável — recuo 52.1 mm desde a captura (mín 40) com deriva de eixo +0.3 mm → SOLTA
[INFO] [1790799737.911170, 817.542000]: [mission] waypoint de 15° — lâmina medida em 14.5° (abertura por CONTATO)
[INFO] [1790799738.416575, 818.043000]: [mission] fase "arco2"/puxa: RECUANDO 0.048 m só com as rodas
[INFO] [1790799739.379470, 818.994000]: [mission] fase "arco2"/puxa: concluído (0.048 m)
[INFO] [1790799739.381138, 818.995000]: [mission] fase "arco2": modo whole-body/Fuzzy (YAML)
[INFO] [1790799739.584668, 819.196000]: [mission] plano de exclusão publicado: parede em [ 2.000e-03  2.998e+00 -1.000e-03], normal segura [ 0.001 -1.     0.   ]
[INFO] [1790799739.887389, 819.498000]: [mission] fase "arco2": whole-body assumiu (base livre, restrita pelo plano de exclusão)
[INFO] [1790799739.891418, 819.502000]: [mission] fase "arco2": whole-body a 0.0156 m do alvo — eixo=+6.2 prof=-0.1 alt=-14.3 mm
[INFO] [1790799740.292540, 819.900000]: [mission] fase "arco2" alcançada por whole-body em 0.4s (0.0162 m) — no frame da parede eixo=+6.2 prof=-4.4 alt=-14.3 mm (tolerância 40/10/15)
[INFO] [1790799740.499950, 820.107000]: [mission] waypoint de 30° — lâmina medida em 30.1° (abertura por CONTATO)
[INFO] [1790799741.012003, 820.609000]: [mission] fase "desengata": modo IK iterativa (YAML)
[INFO] [1790799741.016031, 820.613000]: [mission] âncora engatada (fase "desengata")
[INFO] [1790799742.965821, 822.542000]: [mission] fase "desengata" it0: ponta (0.295, 2.774, 0.747) erro=0.0082 | degrau eixo 6.2° | rolagem 6.5° | IK pediu [-12.  -21.4  -0.   79.   80. ] | faltou [ 0.1 -0.2 -0.4 -0.5 -0. ] graus
[INFO] [1790799742.968859, 822.545000]: [mission] fase "desengata" alcançada em 1 iteração(ões) (0.0082 m)
[INFO] [1790799743.483779, 823.054000]: [mission] MANIPULATE concluída — chave ABERTA, lâmina medida em 30.4°
[INFO] [1790799743.485364, 823.056000]: State machine transitioning 'MANIPULATE':'done'-->'RETRACT'
[INFO] [1790799743.894275, 823.460000]: [mission] âncora engatada (fase "saida_sobe")
[INFO] [1790799745.433821, 824.987000]: [mission] fase "saida_sobe" it0: ponta (0.297, 2.781, 0.772) erro=0.0079 | degrau eixo 6.1° | rolagem 6.4° | IK pediu [-11.9 -18.4   0.   77.1  79.7] | faltou [ 0.  -0.5 -0.1 -0.2  0. ] graus
[INFO] [1790799745.436735, 824.990000]: [mission] fase "saida_sobe" it0: no frame da parede eixo=+1.4 prof=+5.7 alt=+5.3 mm (tolerância 30/20/10)
[INFO] [1790799745.438234, 824.992000]: [mission] fase "saida_sobe" alcançada em 1 iteração(ões) (0.0079 m)
[INFO] [1790799745.442957, 824.997000]: [mission] âncora engatada (fase "saida_eixo")
[INFO] [1790799747.363461, 826.901000]: [mission] fase "saida_eixo" it0: ponta (0.416, 2.782, 0.771) erro=0.0091 | degrau eixo 12.8° | rolagem 13.6° | IK pediu [-21.2 -16.3  -0.   68.7  72.4] | faltou [ 0.   0.6 -2.5  0.6 -0. ] graus
[INFO] [1790799747.368960, 826.906000]: [mission] fase "saida_eixo" it0: no frame da parede eixo=+1.1 prof=+6.3 alt=+6.5 mm (tolerância 20/20/15)
[INFO] [1790799747.371715, 826.910000]: [mission] fase "saida_eixo" alcançada em 1 iteração(ões) (0.0091 m)
[INFO] [1790799747.377397, 826.915000]: [mission] âncora engatada (fase "saida_fora")
[INFO] [1790799750.117322, 829.621000]: [mission] fase "saida_fora" it0: ponta (0.416, 2.680, 0.774) erro=0.0054 | degrau eixo 7.8° | rolagem 8.2° | IK pediu [-24.4 -21.   -0.   91.9  66.4] | faltou [ 0.  -0.2 -0.3 -0.3 -0. ] graus
[INFO] [1790799750.121231, 829.625000]: [mission] fase "saida_fora" it0: no frame da parede eixo=+0.6 prof=+4.5 alt=+2.9 mm (tolerância 30/20/20)
[INFO] [1790799750.123464, 829.627000]: [mission] âncora solta — 1 correções de deriva
[INFO] [1790799750.126978, 829.631000]: [mission] fase "saida_fora" alcançada em 1 iteração(ões) (0.0054 m) — âncora corrigiu 1 vez(es)
[INFO] [1790799750.129163, 829.633000]: [mission] RETRACT/afasta: RECUANDO 0.250 m só com as rodas
[INFO] [1790799754.702472, 834.136000]: [mission] RETRACT/afasta: concluído (0.252 m)
[INFO] [1790799754.704194, 834.137000]: [mission] postura "stow_home" comandada: [0.0, 1.13, -1.04, -1.8, 0.0]
[INFO] [1790799766.276006, 845.539000]: State machine transitioning 'RETRACT':'ok'-->'RETURN'
[INFO] [1790799766.277948, 845.540000]: [mission] RETURN — voltando a (0.01, 1.00, 0.00 rad)
[INFO] [1790799779.495453, 858.593000]: [mission] RETURN: alinhado, avançando (1.16 m)
[INFO] [1790799779.546893, 858.643000]: [mission] teto por postura ativo no drive: v<=0.23 w<=0.50 rampa 0.51/1.52
[INFO] [1790799788.357634, 867.343000]: [mission] RETURN: chegou, ajustando heading final
[INFO] [1790799788.407594, 867.393000]: [mission] teto por postura ativo no drive: v<=0.23 w<=0.50 rampa 0.51/1.52
[INFO] [1790799794.884360, 873.793000]: [mission] RETURN: concluído
[INFO] [1790799794.886386, 873.795000]: State machine terminating 'RETURN':'home':'MISSION_OK'
[INFO] [1790799794.887996, 873.797000]: [mission] resultado: MISSION_OK
... logging to /home/marco/.ros/log/aebe21c0-bd0a-11f1-a1db-b025aa85b2a2/roslaunch-shiroi-2190293.log
Checking log directory for disk usage. This may take a while.
Press Ctrl-C to interrupt
]2;/home/marco/b166er/src/b166er_whole_body_control/launch/chave_mission.launch
[1mstarted roslaunch server http://shiroi:45805/[0m

SUMMARY
========

PARAMETERS
 * /chave_mission/estado_final: 
 * /chave_mission/estado_inicial: STOW_INIT
 * /chave_mission/pausa_por_fase: False
 * /chave_mission/search_omega: 0.35
 * /chave_mission/standoff_distance: 0.62
 * /chave_mission/use_wholebody: False
 * /chave_seccionadora_task/aproxima_lateral/modo: ik
 * /chave_seccionadora_task/aproxima_lateral/offset_xyz_m: [-0.09, 0.008, 0.01]
 * /chave_seccionadora_task/aproxima_lateral/tol_xyz_m: [0.04, 0.008, 0.005]
 * /chave_seccionadora_task/arco1/blade_angle_deg: 15
 * /chave_seccionadora_task/arco1/deriva_eixo_max_m: 0.015
 * /chave_seccionadora_task/arco1/modo: wb
 * /chave_seccionadora_task/arco1/offset_xyz_m: [0.0, 0.0518, -0....
 * /chave_seccionadora_task/arco1/soltura_recuo_min_m: 0.04
 * /chave_seccionadora_task/arco1/tol_xyz_m: [0.04, 0.01, 0.015]
 * /chave_seccionadora_task/arco2/blade_angle_deg: 30
 * /chave_seccionadora_task/arco2/deriva_eixo_max_m: 0.015
 * /chave_seccionadora_task/arco2/modo: wb
 * /chave_seccionadora_task/arco2/offset_xyz_m: [0.0, 0.1, -0.0518]
 * /chave_seccionadora_task/arco2/tol_xyz_m: [0.04, 0.01, 0.015]
 * /chave_seccionadora_task/atravessa/modo: ik
 * /chave_seccionadora_task/atravessa/offset_xyz_m: [-0.008, 0.008, 0...
 * /chave_seccionadora_task/atravessa/tol_xyz_m: [0.008, 0.006, 0....
 * /chave_seccionadora_task/captura/modo: ik
 * /chave_seccionadora_task/captura/offset_xyz_m: [0.0, 0.0, -0.01]
 * /chave_seccionadora_task/captura/tol_xyz_m: [0.04, 0.006, 0.01]
 * /chave_seccionadora_task/desengata/modo: ik
 * /chave_seccionadora_task/desengata/offset_xyz_m: [-0.09, 0.1, -0.0...
 * /chave_seccionadora_task/destrava/curso_estagna_m: 0.01
 * /chave_seccionadora_task/destrava/curso_margem_m: 0.002
 * /chave_seccionadora_task/destrava/curso_min_m: 0.018
 * /chave_seccionadora_task/destrava/modo: wb
 * /chave_seccionadora_task/destrava/offset_xyz_m: [0.0, 0.0, -0.025]
 * /chave_seccionadora_task/destrava/tol_xyz_m: [0.04, 0.006, 0.004]
 * /chave_seccionadora_task/libera/deriva_eixo_max_m: 0.015
 * /chave_seccionadora_task/libera/modo: wb
 * /chave_seccionadora_task/libera/offset_xyz_m: [0.0, 0.03, -0.025]
 * /chave_seccionadora_task/libera/tol_xyz_m: [0.04, 0.008, 0.006]
 * /chave_seccionadora_task/orienta/modo: ik
 * /chave_seccionadora_task/orienta/offset_xyz_m: [-0.09, 0.15, 0.0...
 * /chave_seccionadora_task/reassenta_sobe/tol_xyz_m: [0.03, 0.02, 0.005]
 * /chave_seccionadora_task/saida_eixo/tol_xyz_m: [0.02, 0.02, 0.015]
 * /chave_seccionadora_task/saida_fora/tol_xyz_m: [0.03, 0.02, 0.02]
 * /chave_seccionadora_task/saida_sobe/tol_xyz_m: [0.03, 0.02, 0.01]
 * /chave_seccionadora_task/target_frame: chave_olhal_link
 * /fuzzy_wb_controller/fixed_gains: []
 * /rosdistro: noetic
 * /rosversion: 1.17.4

NODES
  /
    chave_mission (b166er_whole_body_control/chave_mission.py)

[1mROS_MASTER_URI=http://localhost:11311[0m
]2;/home/marco/b166er/src/b166er_whole_body_control/launch/chave_mission.launch http://localhost:11311
[1mprocess[chave_mission-1]: started with pid [2190337][0m
[1m[chave_mission-1] process has finished cleanly
log file: /home/marco/.ros/log/aebe21c0-bd0a-11f1-a1db-b025aa85b2a2/chave_mission-1*.log[0m
all processes on machine have died, roslaunch will exit
shutting down processing monitor...
... shutting down processing monitor complete
[1mdone[0m
