[31mWARNING: disk usage in log directory [/home/marco/.ros/log] is over 1GB.
It's recommended that you use the 'rosclean' command.[0m
the rosdep view is empty: call 'sudo rosdep init' and 'rosdep update'
[WARN] [1790794997.652471, 1484.831000]: [mission] SEARCH: 3 de 25 amostras descartadas como outlier (>0.15 m ou >0.20 rad da mediana)
[INFO] [1790794969.788018, 1457.301000]: garra_dx = 0.000 m (fechada)
[INFO] [1790794969.855504, 1457.371000]: State machine starting in initial state 'STOW_INIT' with userdata: 
	[]
[INFO] [1790794970.057840, 1457.573000]: [mission] pose de partida registrada: (-0.01, 1.00, 0.00 rad)
[INFO] [1790794970.060719, 1457.576000]: [mission] postura "stow_home" comandada: [0.0, 1.13, -1.04, -1.8, 0.0]
[INFO] [1790794970.164228, 1457.679000]: State machine transitioning 'STOW_INIT':'ok'-->'SEARCH'
[INFO] [1790794970.165886, 1457.680000]: [mission] postura "search" comandada: [0.0, 1.0, -1.0, 0.0, 0.0]
[INFO] [1790794976.243489, 1463.682000]: [mission] SEARCH — girando à procura da tag...
[INFO] [1790794976.244943, 1463.683000]: [mission] SEARCH: amostra quando a tag estiver a raio 0.35-0.50 do quadro (vista oblíqua; omega fina 0.15 rad/s)
[INFO] [1790794977.711183, 1465.134000]: [mission] SEARCH: tag a raio 0.92 — girando até <= 0.50
[INFO] [1790794984.628691, 1471.986000]: [mission] SEARCH: tag a raio 0.49 — parando
[INFO] [1790794984.630738, 1471.988000]: [mission] tag avistada — parando para medir
[INFO] [1790794985.647282, 1472.994000]: [mission] âncora engatada (coleta do SEARCH)
[INFO] [1790794985.648962, 1472.995000]: [mission] SEARCH: coleta com dither ±0.05 rad/s (período 3.0 s)
[INFO] [1790794997.632356, 1484.815000]: [mission] âncora solta — 20 correções de deriva
[INFO] [1790794997.634087, 1484.816000]: [mission] SEARCH: âncora corrigiu a deriva 20 vez(es) durante a coleta
[INFO] [1790794997.655771, 1484.837000]: [mission] SEARCH: 22 amostras — parede (0.025, 3.107, -0.001) yaw=2.886
[INFO] [1790794997.658235, 1484.840000]: [mission] parede localizada em (0.025, 3.107, -0.001)
[INFO] [1790794997.665224, 1484.847000]: State machine transitioning 'SEARCH':'found'-->'APPROACH'
[INFO] [1790794997.667633, 1484.849000]: [mission] APPROACH etapa 1/2 — 1.30 m do olhal, alvo (-0.14, 1.67, 1.31 rad)
[INFO] [1790794997.670279, 1484.852000]: [mission] teto por postura ativo no drive: v<=0.17 w<=0.50 rampa 0.45/1.52
[INFO] [1790795002.383322, 1489.501000]: [mission] APPROACH: alinhado, avançando (0.83 m)
[INFO] [1790795009.124566, 1496.152000]: [mission] APPROACH: chegou, ajustando heading final
[INFO] [1790795009.173964, 1496.201000]: [mission] teto por postura ativo no drive: v<=0.17 w<=0.50 rampa 0.45/1.52
[INFO] [1790795012.161350, 1499.151000]: [mission] APPROACH: concluído
[INFO] [1790795013.190224, 1500.156000]: [mission] âncora engatada (coleta do APPROACH/remedida)
[INFO] [1790795013.193569, 1500.159000]: [mission] APPROACH/remedida: coleta com dither ±0.05 rad/s (período 3.0 s)
[INFO] [1790795014.237630, 1501.179000]: [mission] âncora solta — 1 correções de deriva
[INFO] [1790795014.238678, 1501.180000]: [mission] APPROACH/remedida: âncora corrigiu a deriva 1 vez(es) durante a coleta
[INFO] [1790795014.240458, 1501.182000]: [mission] APPROACH/remedida: 10 amostras — parede (0.006, 3.002, -0.003) yaw=-3.136
[INFO] [1790795014.241623, 1501.183000]: [mission] APPROACH etapa 2/2 — 0.88 m do olhal, alvo (0.38, 1.99, 1.58 rad)
[INFO] [1790795018.631207, 1505.534000]: [mission] APPROACH: alinhado, avançando (0.70 m)
[INFO] [1790795018.682432, 1505.584000]: [mission] teto por postura ativo no drive: v<=0.17 w<=0.50 rampa 0.45/1.52
[INFO] [1790795024.702812, 1511.534000]: [mission] APPROACH: chegou, ajustando heading final
[INFO] [1790795024.754016, 1511.584000]: [mission] teto por postura ativo no drive: v<=0.17 w<=0.50 rampa 0.45/1.52
[INFO] [1790795030.855680, 1517.584000]: [mission] APPROACH: concluído
[INFO] [1790795030.860953, 1517.589000]: State machine transitioning 'APPROACH':'arrived'-->'REFINE'
[INFO] [1790795030.861952, 1517.590000]: [mission] REFINE — remedindo a parede de perto (10 amostras)
[INFO] [1790795030.864248, 1517.593000]: [mission] âncora engatada (coleta do REFINE)
[INFO] [1790795030.864967, 1517.593000]: [mission] REFINE: coleta com dither ±0.05 rad/s (período 3.0 s)
[INFO] [1790795032.007501, 1518.722000]: [mission] âncora solta — 1 correções de deriva
[INFO] [1790795032.009135, 1518.724000]: [mission] REFINE: âncora corrigiu a deriva 1 vez(es) durante a coleta
[INFO] [1790795032.010667, 1518.725000]: [mission] REFINE: 10 amostras — parede (0.001, 3.017, -0.002) yaw=3.108
[INFO] [1790795032.011620, 1518.726000]: [mission] REFINE: deslocou 0.016 m da estimativa anterior
[INFO] [1790795032.012525, 1518.727000]: [mission] olhal estimado em (0.197, 2.880, 0.803)
[INFO] [1790795032.017317, 1518.732000]: State machine transitioning 'REFINE':'ok'-->'DEPLOY'
[INFO] [1790795032.018934, 1518.733000]: [mission] DEPLOY: IK resolvida para a POSE DE MANIPULAÇÃO (0.18, 2.26, 1.54 rad), não para a atual
[INFO] [1790795036.650473, 1519.012000]: [mission] DEPLOY: IK nivelada 0.0713 m, só eixo 0.0013 m — a MISSÃO INTEIRA usa "eixo"
[INFO] [1790795036.654247, 1523.363000]: [mission] DEPLOY: IK da ponta resolvida (resíduo 0.0013 m, degrau 0.4°) — pré-posicionando em [-10.9 -46.7  60.   78.6  79.1] graus
[INFO] [1790795043.643806, 1530.264000]: [mission] plano de exclusão publicado: parede em [ 1.000e-03  3.017e+00 -2.000e-03], normal segura [-0.034 -0.999  0.   ]
[INFO] [1790795043.850083, 1530.470000]: [mission] teto por postura ativo no drive: v<=0.23 w<=0.50 rampa 0.52/1.64
[INFO] [1790795048.144722, 1534.720000]: [mission] DEPLOY/aproxima: alinhado, avançando (0.48 m)
[INFO] [1790795052.415726, 1538.920000]: [mission] DEPLOY/aproxima: chegou, ajustando heading final
[INFO] [1790795057.022283, 1543.470000]: [mission] DEPLOY/aproxima: concluído
[INFO] [1790795057.023452, 1543.471000]: State machine transitioning 'DEPLOY':'ok'-->'MANIPULATE'
[INFO] [1790795057.024570, 1543.472000]: [mission] fase "orienta": modo IK iterativa (YAML)
[INFO] [1790795057.026711, 1543.474000]: [mission] âncora engatada (fase "orienta")
[INFO] [1790795061.388056, 1547.777000]: [mission] fase "orienta" it0: ponta (0.285, 2.729, 0.811) erro=0.0042 | degrau eixo 0.3° | rolagem 0.3° | IK pediu [-19.6 -22.1  10.5 100.5  75.4] | faltou [0. 0. 0. 0. 0.] graus
[INFO] [1790795061.393483, 1547.783000]: [mission] âncora solta — 1 correções de deriva
[INFO] [1790795061.395452, 1547.786000]: [mission] fase "orienta" alcançada em 1 iteração(ões) (0.0042 m) — âncora corrigiu 1 vez(es)
[INFO] [1790795061.906060, 1548.291000]: [mission] fase "aproxima_lateral": modo IK iterativa (YAML)
[INFO] [1790795061.913661, 1548.298000]: [mission] âncora engatada (fase "aproxima_lateral")
[INFO] [1790795064.893375, 1551.206000]: [mission] fase "aproxima_lateral" it0: ponta (0.286, 2.882, 0.808) erro=0.0079 | degrau eixo 5.7° | rolagem 5.8° | IK pediu [-16.2 -12.5  -0.   73.1  79.8] | faltou [-0.  -0.4 -0.1  0.1  0. ] graus
[INFO] [1790795064.896711, 1551.209000]: [mission] fase "aproxima_lateral" it0: no frame da parede eixo=-0.6 prof=+5.4 alt=+5.8 mm (tolerância 40/8/5)
[INFO] [1790795066.359047, 1552.656000]: [mission] fase "aproxima_lateral" it1: ponta (0.287, 2.878, 0.812) erro=0.0014 | degrau eixo 5.5° | rolagem 5.9° | IK pediu [-16.5 -12.3   0.   74.4  79.6] | faltou [ 0.1 -0.2 -0.6 -1.   0.1] graus
[INFO] [1790795066.361121, 1552.658000]: [mission] fase "aproxima_lateral" it1: no frame da parede eixo=+0.4 prof=+1.0 alt=+0.9 mm (tolerância 40/8/5)
[INFO] [1790795066.362404, 1552.660000]: [mission] âncora solta — 1 correções de deriva
[INFO] [1790795066.363569, 1552.661000]: [mission] fase "aproxima_lateral" alcançada em 2 iteração(ões) (0.0014 m) — âncora corrigiu 1 vez(es)
[INFO] [1790795066.872457, 1553.165000]: [mission] fase "atravessa": modo IK iterativa (YAML)
[INFO] [1790795066.877137, 1553.170000]: [mission] âncora engatada (fase "atravessa")
[INFO] [1790795068.617389, 1554.883000]: [mission] fase "atravessa" it0: ponta (0.243, 2.879, 0.806) erro=0.0386 | degrau eixo 2.2° | rolagem 2.7° | IK pediu [ -9.7 -13.5   0.1  77.2  85.6] | faltou [-3.2 -0.3 -0.4 -0.6 -0.8] graus
[INFO] [1790795068.620866, 1554.887000]: [mission] fase "atravessa" it0: no frame da parede eixo=+37.9 prof=+0.6 alt=+7.0 mm (tolerância 8/6/5)
[INFO] [1790795070.169053, 1556.416000]: [mission] fase "atravessa" it1: ponta (0.243, 2.878, 0.807) erro=0.0382 | degrau eixo 1.0° | rolagem 1.5° | IK pediu [ -7.2 -13.1   0.3  77.7  87.8] | faltou [-5.7 -0.9 -0.4 -0.4 -0.8] graus
[ERROR] [1790795104.049052, 1587.950000]: [mission] postura não atingida em 30s
[WARN] [1790795104.058607, 1587.958000]: [mission] ABORT — parando base e recolhendo braço
[WARN] [1790795119.683686, 1603.318000]: [mission] ABORT — voltando à pose de partida (-0.01, 1.00, 0.00 rad)
[INFO] [1790795070.173877, 1556.421000]: [mission] fase "atravessa" it1: no frame da parede eixo=+37.7 prof=-0.1 alt=+6.4 mm (tolerância 8/6/5)
[INFO] [1790795071.641186, 1557.835000]: [mission] fase "atravessa" it2: ponta (0.229, 2.877, 0.816) erro=0.0242 | degrau eixo 0.1° | rolagem 0.3° | IK pediu [ -4.6 -12.8   0.6  77.6  90.1] | faltou [-7.1 -0.9 -0.1 -0.7 -0.7] graus
[INFO] [1790795071.647031, 1557.841000]: [mission] fase "atravessa" it2: no frame da parede eixo=+24.0 prof=-1.6 alt=-3.0 mm (tolerância 8/6/5)
[INFO] [1790795104.055191, 1587.956000]: State machine transitioning 'MANIPULATE':'failed'-->'ABORT_SAFE'
[INFO] [1790795104.490208, 1588.363000]: [mission] ABORT/afasta: RECUANDO 0.250 m só com as rodas
[INFO] [1790795109.011716, 1592.815000]: [mission] ABORT/afasta: concluído (0.252 m)
[INFO] [1790795109.013727, 1592.817000]: [mission] postura "stow_home" comandada: [0.0, 1.13, -1.04, -1.8, 0.0]
[INFO] [1790795132.545487, 1616.019000]: [mission] ABORT/retorno: alinhado, avançando (1.47 m)
[INFO] [1790795132.595935, 1616.069000]: [mission] teto por postura ativo no drive: v<=0.23 w<=0.50 rampa 0.51/1.51
[INFO] [1790795143.409973, 1626.769000]: [mission] ABORT/retorno: chegou, ajustando heading final
[INFO] [1790795143.460517, 1626.819000]: [mission] teto por postura ativo no drive: v<=0.23 w<=0.50 rampa 0.51/1.52
[INFO] [1790795150.140879, 1633.419000]: [mission] ABORT/retorno: concluído
[INFO] [1790795150.143902, 1633.422000]: State machine terminating 'ABORT_SAFE':'aborted':'MISSION_ABORTED'
[INFO] [1790795150.144804, 1633.423000]: [mission] resultado: MISSION_ABORTED
... logging to /home/marco/.ros/log/11e1488e-bcfe-11f1-8eb4-b025aa85b2a2/roslaunch-shiroi-2132546.log
Checking log directory for disk usage. This may take a while.
Press Ctrl-C to interrupt
]2;/home/marco/b166er/src/b166er_whole_body_control/launch/chave_mission.launch
[1mstarted roslaunch server http://shiroi:42435/[0m

SUMMARY
========

PARAMETERS
 * /chave_mission/estado_final: 
 * /chave_mission/estado_inicial: STOW_INIT
 * /chave_mission/pausa_por_fase: False
 * /chave_mission/search_omega: 0.35
 * /chave_mission/standoff_distance: 0.62
 * /chave_mission/use_wholebody: False
 * /chave_seccionadora_task/aproxima_lateral/modo: ik
 * /chave_seccionadora_task/aproxima_lateral/offset_xyz_m: [-0.09, 0.0, 0.01]
 * /chave_seccionadora_task/aproxima_lateral/tol_xyz_m: [0.04, 0.008, 0.005]
 * /chave_seccionadora_task/arco1/blade_angle_deg: 15
 * /chave_seccionadora_task/arco1/deriva_eixo_max_m: 0.015
 * /chave_seccionadora_task/arco1/modo: wb
 * /chave_seccionadora_task/arco1/offset_xyz_m: [0.0, 0.0518, -0....
 * /chave_seccionadora_task/arco1/soltura_recuo_min_m: 0.04
 * /chave_seccionadora_task/arco1/tol_xyz_m: [0.04, 0.01, 0.015]
 * /chave_seccionadora_task/arco2/blade_angle_deg: 30
 * /chave_seccionadora_task/arco2/deriva_eixo_max_m: 0.015
 * /chave_seccionadora_task/arco2/modo: wb
 * /chave_seccionadora_task/arco2/offset_xyz_m: [0.0, 0.1, -0.0518]
 * /chave_seccionadora_task/arco2/tol_xyz_m: [0.04, 0.01, 0.015]
 * /chave_seccionadora_task/atravessa/modo: ik
 * /chave_seccionadora_task/atravessa/offset_xyz_m: [-0.008, 0.0, 0.01]
 * /chave_seccionadora_task/atravessa/tol_xyz_m: [0.008, 0.006, 0....
 * /chave_seccionadora_task/captura/modo: ik
 * /chave_seccionadora_task/captura/offset_xyz_m: [0.0, 0.0, -0.01]
 * /chave_seccionadora_task/captura/tol_xyz_m: [0.04, 0.006, 0.01]
 * /chave_seccionadora_task/desengata/modo: ik
 * /chave_seccionadora_task/desengata/offset_xyz_m: [-0.09, 0.1, -0.0...
 * /chave_seccionadora_task/destrava/curso_estagna_m: 0.01
 * /chave_seccionadora_task/destrava/curso_margem_m: 0.002
 * /chave_seccionadora_task/destrava/curso_min_m: 0.018
 * /chave_seccionadora_task/destrava/modo: wb
 * /chave_seccionadora_task/destrava/offset_xyz_m: [0.0, 0.0, -0.025]
 * /chave_seccionadora_task/destrava/tol_xyz_m: [0.04, 0.006, 0.004]
 * /chave_seccionadora_task/libera/deriva_eixo_max_m: 0.015
 * /chave_seccionadora_task/libera/modo: wb
 * /chave_seccionadora_task/libera/offset_xyz_m: [0.0, 0.03, -0.025]
 * /chave_seccionadora_task/libera/tol_xyz_m: [0.04, 0.008, 0.006]
 * /chave_seccionadora_task/orienta/modo: ik
 * /chave_seccionadora_task/orienta/offset_xyz_m: [-0.09, 0.15, 0.0...
 * /chave_seccionadora_task/reassenta_sobe/tol_xyz_m: [0.03, 0.02, 0.005]
 * /chave_seccionadora_task/saida_eixo/tol_xyz_m: [0.02, 0.02, 0.015]
 * /chave_seccionadora_task/saida_fora/tol_xyz_m: [0.03, 0.02, 0.02]
 * /chave_seccionadora_task/saida_sobe/tol_xyz_m: [0.03, 0.02, 0.01]
 * /chave_seccionadora_task/target_frame: chave_olhal_link
 * /fuzzy_wb_controller/fixed_gains: []
 * /rosdistro: noetic
 * /rosversion: 1.17.4

NODES
  /
    chave_mission (b166er_whole_body_control/chave_mission.py)

[1mROS_MASTER_URI=http://localhost:11311[0m
]2;/home/marco/b166er/src/b166er_whole_body_control/launch/chave_mission.launch http://localhost:11311
[1mprocess[chave_mission-1]: started with pid [2132594][0m
[1m[chave_mission-1] process has finished cleanly
log file: /home/marco/.ros/log/11e1488e-bcfe-11f1-8eb4-b025aa85b2a2/chave_mission-1*.log[0m
all processes on machine have died, roslaunch will exit
shutting down processing monitor...
... shutting down processing monitor complete
[1mdone[0m
