[31mWARNING: disk usage in log directory [/home/marco/.ros/log] is over 1GB.
It's recommended that you use the 'rosclean' command.[0m
the rosdep view is empty: call 'sudo rosdep init' and 'rosdep update'
[WARN] [1790800969.101314, 918.950000]: [mission] SEARCH: 11 de 25 amostras descartadas como outlier (>0.15 m ou >0.20 rad da mediana)
[INFO] [1790800945.707308, 895.860000]: garra_dx = 0.000 m (fechada)
[INFO] [1790800945.766661, 895.920000]: State machine starting in initial state 'STOW_INIT' with userdata: 
	[]
[INFO] [1790800946.071691, 896.220000]: [mission] pose de partida registrada: (0.00, 1.00, -0.00 rad)
[INFO] [1790800946.074153, 896.222000]: [mission] postura "stow_home" comandada: [0.0, 1.13, -1.04, -1.8, 0.0]
[INFO] [1790800946.180319, 896.325000]: State machine transitioning 'STOW_INIT':'ok'-->'SEARCH'
[INFO] [1790800946.181539, 896.326000]: [mission] postura "search" comandada: [0.0, 1.0, -1.0, 0.0, 0.0]
[INFO] [1790800952.266326, 902.326000]: [mission] SEARCH — girando à procura da tag...
[INFO] [1790800952.267937, 902.327000]: [mission] SEARCH: amostra quando a tag estiver a raio 0.35-0.50 do quadro (vista oblíqua; omega fina 0.15 rad/s)
[INFO] [1790800953.789150, 903.829000]: [mission] SEARCH: tag a raio 0.92 — girando até <= 0.50
[INFO] [1790800961.179502, 911.129000]: [mission] SEARCH: tag a raio 0.50 — parando
[INFO] [1790800961.182357, 911.132000]: [mission] tag avistada — parando para medir
[INFO] [1790800962.192218, 912.137000]: [mission] âncora engatada (coleta do SEARCH)
[INFO] [1790800962.192950, 912.138000]: [mission] SEARCH: coleta com dither ±0.05 rad/s (período 3.0 s)
[INFO] [1790800969.083842, 918.935000]: [mission] âncora solta — 13 correções de deriva
[INFO] [1790800969.085471, 918.936000]: [mission] SEARCH: âncora corrigiu a deriva 13 vez(es) durante a coleta
[INFO] [1790800969.103674, 918.954000]: [mission] SEARCH: 14 amostras — parede (0.019, 3.075, -0.003) yaw=2.956
[INFO] [1790800969.104999, 918.955000]: [mission] parede localizada em (0.019, 3.075, -0.003)
[INFO] [1790800969.111374, 918.962000]: State machine transitioning 'SEARCH':'found'-->'APPROACH'
[INFO] [1790800969.114682, 918.964000]: [mission] APPROACH etapa 1/2 — 1.30 m do olhal, alvo (-0.05, 1.63, 1.38 rad)
[INFO] [1790800969.117729, 918.967000]: [mission] teto por postura ativo no drive: v<=0.17 w<=0.50 rampa 0.45/1.52
[INFO] [1790800973.357285, 923.167000]: [mission] APPROACH: alinhado, avançando (0.76 m)
[INFO] [1790800979.644184, 929.367000]: [mission] APPROACH: chegou, ajustando heading final
[INFO] [1790800979.694297, 929.417000]: [mission] teto por postura ativo no drive: v<=0.17 w<=0.50 rampa 0.45/1.52
[INFO] [1790800982.924340, 932.617000]: [mission] APPROACH: concluído
[INFO] [1790800983.944978, 933.625000]: [mission] âncora engatada (coleta do APPROACH/remedida)
[INFO] [1790800983.947388, 933.628000]: [mission] APPROACH/remedida: coleta com dither ±0.05 rad/s (período 3.0 s)
[INFO] [1790800984.992529, 934.661000]: [mission] âncora solta — 1 correções de deriva
[INFO] [1790800984.994446, 934.663000]: [mission] APPROACH/remedida: âncora corrigiu a deriva 1 vez(es) durante a coleta
[INFO] [1790800984.997152, 934.665000]: [mission] APPROACH/remedida: 10 amostras — parede (-0.000, 2.991, -0.002) yaw=-3.124
[INFO] [1790800984.999305, 934.667000]: [mission] APPROACH etapa 2/2 — 0.88 m do olhal, alvo (0.39, 1.99, 1.59 rad)
[INFO] [1790800985.002935, 934.671000]: [mission] teto por postura ativo no drive: v<=0.17 w<=0.50 rampa 0.45/1.52
[INFO] [1790800989.150547, 938.770000]: [mission] APPROACH: alinhado, avançando (0.68 m)
[INFO] [1790800994.782211, 944.320000]: [mission] APPROACH: chegou, ajustando heading final
[INFO] [1790800994.831642, 944.370000]: [mission] teto por postura ativo no drive: v<=0.17 w<=0.50 rampa 0.45/1.52
[INFO] [1790800999.634632, 949.120000]: [mission] APPROACH: concluído
[INFO] [1790800999.641221, 949.127000]: State machine transitioning 'APPROACH':'arrived'-->'REFINE'
[INFO] [1790800999.642365, 949.128000]: [mission] REFINE — remedindo a parede de perto (10 amostras)
[INFO] [1790800999.645157, 949.131000]: [mission] âncora engatada (coleta do REFINE)
[INFO] [1790800999.646344, 949.132000]: [mission] REFINE: coleta com dither ±0.05 rad/s (período 3.0 s)
[INFO] [1790801001.219466, 950.688000]: [mission] âncora solta — 3 correções de deriva
[INFO] [1790801001.221431, 950.689000]: [mission] REFINE: âncora corrigiu a deriva 3 vez(es) durante a coleta
[INFO] [1790801001.224613, 950.692000]: [mission] REFINE: 10 amostras — parede (0.001, 3.010, -0.001) yaw=3.111
[INFO] [1790801001.227045, 950.694000]: [mission] REFINE: deslocou 0.020 m da estimativa anterior
[INFO] [1790801001.228998, 950.696000]: [mission] olhal estimado em (0.197, 2.874, 0.804)
[INFO] [1790801001.234171, 950.701000]: State machine transitioning 'REFINE':'ok'-->'DEPLOY'
[INFO] [1790801001.236350, 950.703000]: [mission] DEPLOY: IK resolvida para a POSE DE MANIPULAÇÃO (0.18, 2.25, 1.54 rad), não para a atual
[INFO] [1790801005.956275, 952.931000]: [mission] DEPLOY: IK nivelada 0.0711 m, só eixo 0.0014 m — a MISSÃO INTEIRA usa "eixo"
[INFO] [1790801005.958850, 955.404000]: [mission] DEPLOY: IK da ponta resolvida (resíduo 0.0014 m, degrau 0.4°) — pré-posicionando em [-10.9 -46.6  60.   78.6  79.1] graus
[INFO] [1790801012.940917, 962.315000]: [mission] plano de exclusão publicado: parede em [ 1.00e-03  3.01e+00 -1.00e-03], normal segura [-0.031 -1.     0.   ]
[INFO] [1790801013.150653, 962.525000]: [mission] teto por postura ativo no drive: v<=0.23 w<=0.50 rampa 0.52/1.64
[INFO] [1790801017.867648, 967.174000]: [mission] DEPLOY/aproxima: alinhado, avançando (0.45 m)
[INFO] [1790801022.252170, 971.524000]: [mission] DEPLOY/aproxima: chegou, ajustando heading final
[INFO] [1790801027.710031, 976.924000]: [mission] DEPLOY/aproxima: concluído
[INFO] [1790801027.712044, 976.927000]: State machine transitioning 'DEPLOY':'ok'-->'MANIPULATE'
[INFO] [1790801027.714370, 976.929000]: [mission] fase "orienta": modo IK iterativa (YAML)
[INFO] [1790801027.718517, 976.933000]: [mission] âncora engatada (fase "orienta")
[INFO] [1790801032.570698, 981.738000]: [mission] fase "orienta" it0: ponta (0.293, 2.716, 0.814) erro=0.0118 | degrau eixo 1.1° | rolagem 1.0° | IK pediu [-20.1 -17.2   1.2 102.1  74.9] | faltou [0. 0. 0. 0. 0.] graus
[INFO] [1790801032.573606, 981.741000]: [mission] âncora solta — 2 correções de deriva
[INFO] [1790801032.576600, 981.744000]: [mission] fase "orienta" alcançada em 1 iteração(ões) (0.0118 m) — âncora corrigiu 2 vez(es)
[INFO] [1790801033.089616, 982.252000]: [mission] fase "aproxima_lateral": modo IK iterativa (YAML)
[INFO] [1790801033.096002, 982.258000]: [mission] âncora engatada (fase "aproxima_lateral")
[INFO] [1790801036.474300, 985.586000]: [mission] fase "aproxima_lateral" it0: ponta (0.291, 2.868, 0.808) erro=0.0091 | degrau eixo 6.6° | rolagem 6.6° | IK pediu [-15.7 -11.2  -0.   69.2  79.3] | faltou [ 0.  -0.4  0.1  0.5  0. ] graus
[INFO] [1790801036.477995, 985.589000]: [mission] fase "aproxima_lateral" it0: no frame da parede eixo=+4.6 prof=+4.7 alt=+6.4 mm (tolerância 40/8/5)
[INFO] [1790801038.004558, 987.100000]: [mission] fase "aproxima_lateral" it1: ponta (0.282, 2.864, 0.813) erro=0.0044 | degrau eixo 6.3° | rolagem 6.6° | IK pediu [-15.2 -11.1   0.   70.6  79.2] | faltou [ 0.  -0.2 -0.5 -0.7  0. ] graus
[INFO] [1790801038.006190, 987.101000]: [mission] fase "aproxima_lateral" it1: no frame da parede eixo=-4.3 prof=-0.1 alt=+1.0 mm (tolerância 40/8/5)
[INFO] [1790801038.007256, 987.103000]: [mission] âncora solta — 2 correções de deriva
[INFO] [1790801038.007946, 987.103000]: [mission] fase "aproxima_lateral" alcançada em 2 iteração(ões) (0.0044 m) — âncora corrigiu 2 vez(es)
[INFO] [1790801038.532738, 987.606000]: [mission] fase "atravessa": modo IK iterativa (YAML)
[INFO] [1790801038.535979, 987.609000]: [mission] âncora engatada (fase "atravessa")
[INFO] [1790801040.392276, 989.438000]: [mission] fase "atravessa" it0: ponta (0.210, 2.871, 0.808) erro=0.0094 | degrau eixo 2.9° | rolagem 3.3° | IK pediu [ -8.7 -12.3   0.   73.4  84.7] | faltou [-0.3 -0.2 -0.4 -0.6 -0.4] graus
[INFO] [1790801040.393928, 989.439000]: [mission] fase "atravessa" it0: no frame da parede eixo=+5.3 prof=+5.1 alt=+5.9 mm (tolerância 8/6/5)
[INFO] [1790801041.928720, 990.946000]: [mission] fase "atravessa" it1: ponta (0.210, 2.864, 0.813) erro=0.0058 | degrau eixo 2.7° | rolagem 2.8° | IK pediu [ -8.1 -12.1   0.   74.8  84.8] | faltou [-0.8 -0.6  0.2 -0.7  0. ] graus
[WARN] [1790801047.288607, 996.194000]: [mission] fase "destrava": descida estagnou em 11.6 mm (mín 10 para aceitar; alvo 18) — fim de curso do mecanismo, fechando a fase
[WARN] [1790801047.503980, 996.405000]: [mission] destrava: lingueta em 7.1 mm (esperado ≥ 12) — o gatilho pode não ter soltado
[WARN] [1790801064.249631, 1012.888000]: [mission] RETRACT: ponta a 0.141 m do olhal — saindo em degraus: sobe 30 mm, 120 mm pelo eixo do furo, 100 mm para fora, antes de recolher
[INFO] [1790801041.931058, 990.948000]: [mission] fase "atravessa" it1: no frame da parede eixo=+5.2 prof=-2.0 alt=+1.6 mm (tolerância 8/6/5)
[INFO] [1790801041.932816, 990.950000]: [mission] âncora solta — 1 correções de deriva
[INFO] [1790801041.933895, 990.951000]: [mission] fase "atravessa" alcançada em 2 iteração(ões) (0.0058 m) — âncora corrigiu 1 vez(es)
[INFO] [1790801042.452773, 991.455000]: [mission] fase "captura": modo IK iterativa (YAML)
[INFO] [1790801042.455975, 991.458000]: [mission] âncora engatada (fase "captura")
[INFO] [1790801043.992774, 992.962000]: [mission] fase "captura" it0: ponta (0.209, 2.874, 0.792) erro=0.0128 | degrau eixo 2.8° | rolagem 2.9° | IK pediu [ -7.6 -14.2  -0.   73.3  85.3] | faltou [-1.  -0.3 -0.1  0.1 -0.1] graus
[INFO] [1790801043.998266, 992.967000]: [mission] fase "captura" it0: no frame da parede eixo=+12.5 prof=+0.1 alt=+2.6 mm (tolerância 40/6/10)
[INFO] [1790801044.001956, 992.972000]: [mission] fase "captura" alcançada em 1 iteração(ões) (0.0128 m)
[INFO] [1790801044.012771, 992.980000]: [mission] captura: ponta registrada em eixo=-12.5 prof=-0.1 alt=-12.6 mm (zero da descida do destrava e da deriva de eixo)
[INFO] [1790801044.530722, 993.483000]: [mission] fase "destrava": alvo em altura relativo à captura: -32.6 mm (captura -12.6 − curso 18 − margem 2)
[INFO] [1790801044.532724, 993.484000]: [mission] fase "destrava": modo whole-body/Fuzzy (YAML)
[INFO] [1790801044.741290, 993.687000]: [mission] plano de exclusão publicado: parede em [ 1.00e-03  3.01e+00 -1.00e-03], normal segura [-0.031 -1.     0.   ]
[INFO] [1790801045.050115, 993.993000]: [mission] fase "destrava": whole-body assumiu (base livre, restrita pelo plano de exclusão)
[INFO] [1790801045.051813, 993.994000]: [mission] fase "destrava": whole-body a 0.0215 m do alvo — eixo=+12.6 prof=+0.2 alt=-17.4 mm
[INFO] [1790801047.185369, 996.094000]: [mission] fase "destrava": whole-body a 0.0150 m do alvo — eixo=+12.3 prof=-3.9 alt=-7.6 mm
[INFO] [1790801047.502224, 996.403000]: [mission] destrava: ponta desceu 10.2 mm desde a captura (critério observável) | lingueta 7.1 mm (só na simulação)
[INFO] [1790801048.014344, 996.906000]: [mission] fase "libera": modo whole-body/Fuzzy (YAML)
[INFO] [1790801048.217977, 997.107000]: [mission] plano de exclusão publicado: parede em [ 1.00e-03  3.01e+00 -1.00e-03], normal segura [-0.031 -1.     0.   ]
[INFO] [1790801048.526628, 997.410000]: [mission] fase "libera": whole-body assumiu (base livre, restrita pelo plano de exclusão)
[INFO] [1790801049.240798, 998.110000]: [mission] fase "libera": whole-body a 0.0265 m do alvo — eixo=+12.3 prof=+23.2 alt=+4.1 mm
[INFO] [1790801051.387548, 1000.210000]: [mission] fase "libera": whole-body a 0.0264 m do alvo — eixo=+12.4 prof=+22.9 alt=+4.2 mm
[INFO] [1790801053.508528, 1002.310000]: [mission] fase "libera": whole-body a 0.0419 m do alvo — eixo=+13.9 prof=-39.4 alt=+1.5 mm
[INFO] [1790801055.631668, 1004.410000]: [mission] fase "libera": whole-body a 0.0138 m do alvo — eixo=+13.2 prof=-3.3 alt=-2.6 mm
[INFO] [1790801055.732265, 1004.510000]: [mission] fase "libera" alcançada por whole-body em 7.1s (0.0135 m) — no frame da parede eixo=+13.1 prof=-2.1 alt=-2.5 mm (tolerância 40/8/6)
[INFO] [1790801056.439825, 1005.214000]: [mission] fase "arco1"/puxa: RECUANDO 0.022 m só com as rodas
[INFO] [1790801056.898565, 1005.665000]: [mission] fase "arco1"/puxa: concluído (0.024 m)
[INFO] [1790801056.900703, 1005.667000]: [mission] fase "arco1": modo whole-body/Fuzzy (YAML)
[INFO] [1790801057.105262, 1005.869000]: [mission] plano de exclusão publicado: parede em [ 1.00e-03  3.01e+00 -1.00e-03], normal segura [-0.031 -1.     0.   ]
[INFO] [1790801057.412213, 1006.174000]: [mission] fase "arco1": whole-body assumiu (base livre, restrita pelo plano de exclusão)
[INFO] [1790801057.717317, 1006.475000]: [mission] fase "arco1": whole-body a 0.0136 m do alvo — eixo=+13.6 prof=+0.6 alt=-1.0 mm
[INFO] [1790801057.817692, 1006.575000]: [mission] fase "arco1" alcançada por whole-body em 0.4s (0.0136 m) — no frame da parede eixo=+13.6 prof=-0.1 alt=-0.8 mm (tolerância 40/10/15)
[INFO] [1790801057.818770, 1006.576000]: [mission] arco1: SOLTURA observável — recuo 51.9 mm desde a captura (mín 40) com deriva de eixo -1.1 mm → SOLTA
[INFO] [1790801058.032657, 1006.786000]: [mission] waypoint de 15° — lâmina medida em 14.5° (abertura por CONTATO)
[INFO] [1790801058.550779, 1007.288000]: [mission] fase "arco2"/puxa: RECUANDO 0.048 m só com as rodas
[INFO] [1790801059.525800, 1008.240000]: [mission] fase "arco2"/puxa: concluído (0.050 m)
[INFO] [1790801059.529082, 1008.243000]: [mission] fase "arco2": modo whole-body/Fuzzy (YAML)
[INFO] [1790801059.732225, 1008.446000]: [mission] plano de exclusão publicado: parede em [ 1.00e-03  3.01e+00 -1.00e-03], normal segura [-0.031 -1.     0.   ]
[INFO] [1790801060.038157, 1008.750000]: [mission] fase "arco2": whole-body assumiu (base livre, restrita pelo plano de exclusão)
[INFO] [1790801060.039830, 1008.751000]: [mission] fase "arco2": whole-body a 0.0191 m do alvo — eixo=+15.2 prof=-4.6 alt=-10.5 mm
[INFO] [1790801060.442407, 1009.151000]: [mission] fase "arco2" alcançada por whole-body em 0.4s (0.0200 m) — no frame da parede eixo=+15.2 prof=-5.8 alt=-11.6 mm (tolerância 40/10/15)
[INFO] [1790801060.664218, 1009.367000]: [mission] waypoint de 30° — lâmina medida em 29.6° (abertura por CONTATO)
[INFO] [1790801061.179338, 1009.870000]: [mission] fase "desengata": modo IK iterativa (YAML)
[INFO] [1790801061.183991, 1009.874000]: [mission] âncora engatada (fase "desengata")
[INFO] [1790801063.328531, 1011.979000]: [mission] fase "desengata" it0: ponta (0.285, 2.779, 0.746) erro=0.0103 | degrau eixo 7.6° | rolagem 7.9° | IK pediu [-12.7 -18.2  -0.   72.9  79.1] | faltou [ 0.  -0.3 -0.4 -0.5  0. ] graus
[INFO] [1790801063.330463, 1011.981000]: [mission] fase "desengata" alcançada em 1 iteração(ões) (0.0103 m)
[INFO] [1790801063.844883, 1012.487000]: [mission] MANIPULATE concluída — chave ABERTA, lâmina medida em 28.9°
[INFO] [1790801063.845990, 1012.488000]: State machine transitioning 'MANIPULATE':'done'-->'RETRACT'
[INFO] [1790801064.254841, 1012.893000]: [mission] âncora engatada (fase "saida_sobe")
[INFO] [1790801065.780660, 1014.402000]: [mission] fase "saida_sobe" it0: ponta (0.286, 2.788, 0.769) erro=0.0096 | degrau eixo 7.5° | rolagem 7.7° | IK pediu [-12.7 -15.4   0.   70.8  79. ] | faltou [ 0.  -0.6 -0.3 -0.   0. ] graus
[INFO] [1790801065.784901, 1014.406000]: [mission] fase "saida_sobe" it0: no frame da parede eixo=+0.5 prof=+6.8 alt=+6.8 mm (tolerância 30/20/10)
[INFO] [1790801065.787260, 1014.409000]: [mission] fase "saida_sobe" alcançada em 1 iteração(ões) (0.0096 m)
[INFO] [1790801065.792606, 1014.414000]: [mission] âncora engatada (fase "saida_eixo")
[INFO] [1790801067.747506, 1016.342000]: [mission] fase "saida_eixo" it0: ponta (0.406, 2.785, 0.767) erro=0.0114 | degrau eixo 14.6° | rolagem 15.3° | IK pediu [-21.7 -12.5  -0.   60.7  73. ] | faltou [-0.  -0.3 -0.5 -0.6  0. ] graus
[INFO] [1790801067.749964, 1016.344000]: [mission] fase "saida_eixo" it0: no frame da parede eixo=+0.4 prof=+7.8 alt=+8.3 mm (tolerância 20/20/15)
[INFO] [1790801067.752290, 1016.347000]: [mission] fase "saida_eixo" alcançada em 1 iteração(ões) (0.0114 m)
[INFO] [1790801067.756293, 1016.351000]: [mission] âncora engatada (fase "saida_fora")
[INFO] [1790801070.704721, 1019.257000]: [mission] fase "saida_fora" it0: ponta (0.402, 2.686, 0.772) erro=0.0089 | degrau eixo 9.5° | rolagem 9.9° | IK pediu [-25.2 -19.2   0.   87.   65.9] | faltou [ 0.  -0.2 -0.3 -0.4  0. ] graus
[INFO] [1790801070.708523, 1019.261000]: [mission] fase "saida_fora" it0: no frame da parede eixo=-0.3 prof=+8.0 alt=+4.0 mm (tolerância 30/20/20)
[INFO] [1790801070.710395, 1019.263000]: [mission] âncora solta — 1 correções de deriva
[INFO] [1790801070.711975, 1019.265000]: [mission] fase "saida_fora" alcançada em 1 iteração(ões) (0.0089 m) — âncora corrigiu 1 vez(es)
[INFO] [1790801070.714019, 1019.267000]: [mission] RETRACT/afasta: RECUANDO 0.250 m só com as rodas
[INFO] [1790801075.285655, 1023.768000]: [mission] RETRACT/afasta: concluído (0.252 m)
[INFO] [1790801075.288582, 1023.771000]: [mission] postura "stow_home" comandada: [0.0, 1.13, -1.04, -1.8, 0.0]
[INFO] [1790801086.552027, 1034.873000]: State machine transitioning 'RETRACT':'ok'-->'RETURN'
[INFO] [1790801086.553759, 1034.874000]: [mission] RETURN — voltando a (0.00, 1.00, -0.00 rad)
[INFO] [1790801100.328746, 1048.476000]: [mission] RETURN: alinhado, avançando (1.13 m)
[INFO] [1790801100.379514, 1048.526000]: [mission] teto por postura ativo no drive: v<=0.23 w<=0.50 rampa 0.51/1.52
[INFO] [1790801108.951701, 1057.026000]: [mission] RETURN: chegou, ajustando heading final
[INFO] [1790801109.001639, 1057.076000]: [mission] teto por postura ativo no drive: v<=0.22 w<=0.50 rampa 0.51/1.52
[INFO] [1790801115.860290, 1063.876000]: [mission] RETURN: concluído
[INFO] [1790801115.861895, 1063.878000]: State machine terminating 'RETURN':'home':'MISSION_OK'
[INFO] [1790801115.863829, 1063.880000]: [mission] resultado: MISSION_OK
... logging to /home/marco/.ros/log/4f6ef64c-bd0d-11f1-a1a3-b025aa85b2a2/roslaunch-shiroi-2216484.log
Checking log directory for disk usage. This may take a while.
Press Ctrl-C to interrupt
]2;/home/marco/b166er/src/b166er_whole_body_control/launch/chave_mission.launch
[1mstarted roslaunch server http://shiroi:37901/[0m

SUMMARY
========

PARAMETERS
 * /chave_mission/estado_final: 
 * /chave_mission/estado_inicial: STOW_INIT
 * /chave_mission/pausa_por_fase: False
 * /chave_mission/search_omega: 0.35
 * /chave_mission/standoff_distance: 0.62
 * /chave_mission/use_wholebody: False
 * /chave_seccionadora_task/aproxima_lateral/modo: ik
 * /chave_seccionadora_task/aproxima_lateral/offset_xyz_m: [-0.09, 0.008, 0.01]
 * /chave_seccionadora_task/aproxima_lateral/tol_xyz_m: [0.04, 0.008, 0.005]
 * /chave_seccionadora_task/arco1/blade_angle_deg: 15
 * /chave_seccionadora_task/arco1/deriva_eixo_max_m: 0.015
 * /chave_seccionadora_task/arco1/modo: wb
 * /chave_seccionadora_task/arco1/offset_xyz_m: [0.0, 0.0518, -0....
 * /chave_seccionadora_task/arco1/soltura_recuo_min_m: 0.04
 * /chave_seccionadora_task/arco1/tol_xyz_m: [0.04, 0.01, 0.015]
 * /chave_seccionadora_task/arco2/blade_angle_deg: 30
 * /chave_seccionadora_task/arco2/deriva_eixo_max_m: 0.015
 * /chave_seccionadora_task/arco2/modo: wb
 * /chave_seccionadora_task/arco2/offset_xyz_m: [0.0, 0.1, -0.0518]
 * /chave_seccionadora_task/arco2/tol_xyz_m: [0.04, 0.01, 0.015]
 * /chave_seccionadora_task/atravessa/modo: ik
 * /chave_seccionadora_task/atravessa/offset_xyz_m: [-0.008, 0.008, 0...
 * /chave_seccionadora_task/atravessa/tol_xyz_m: [0.008, 0.006, 0....
 * /chave_seccionadora_task/captura/modo: ik
 * /chave_seccionadora_task/captura/offset_xyz_m: [0.0, 0.0, -0.01]
 * /chave_seccionadora_task/captura/tol_xyz_m: [0.04, 0.006, 0.01]
 * /chave_seccionadora_task/desengata/modo: ik
 * /chave_seccionadora_task/desengata/offset_xyz_m: [-0.09, 0.1, -0.0...
 * /chave_seccionadora_task/destrava/curso_estagna_m: 0.01
 * /chave_seccionadora_task/destrava/curso_margem_m: 0.002
 * /chave_seccionadora_task/destrava/curso_min_m: 0.018
 * /chave_seccionadora_task/destrava/modo: wb
 * /chave_seccionadora_task/destrava/offset_xyz_m: [0.0, 0.0, -0.025]
 * /chave_seccionadora_task/destrava/tol_xyz_m: [0.04, 0.006, 0.004]
 * /chave_seccionadora_task/libera/deriva_eixo_max_m: 0.015
 * /chave_seccionadora_task/libera/modo: wb
 * /chave_seccionadora_task/libera/offset_xyz_m: [0.0, 0.03, -0.025]
 * /chave_seccionadora_task/libera/tol_xyz_m: [0.04, 0.008, 0.006]
 * /chave_seccionadora_task/orienta/modo: ik
 * /chave_seccionadora_task/orienta/offset_xyz_m: [-0.09, 0.15, 0.0...
 * /chave_seccionadora_task/reassenta_sobe/tol_xyz_m: [0.03, 0.02, 0.005]
 * /chave_seccionadora_task/saida_eixo/tol_xyz_m: [0.02, 0.02, 0.015]
 * /chave_seccionadora_task/saida_fora/tol_xyz_m: [0.03, 0.02, 0.02]
 * /chave_seccionadora_task/saida_sobe/tol_xyz_m: [0.03, 0.02, 0.01]
 * /chave_seccionadora_task/target_frame: chave_olhal_link
 * /fuzzy_wb_controller/fixed_gains: []
 * /rosdistro: noetic
 * /rosversion: 1.17.4

NODES
  /
    chave_mission (b166er_whole_body_control/chave_mission.py)

[1mROS_MASTER_URI=http://localhost:11311[0m
]2;/home/marco/b166er/src/b166er_whole_body_control/launch/chave_mission.launch http://localhost:11311
[1mprocess[chave_mission-1]: started with pid [2216528][0m
[1m[chave_mission-1] process has finished cleanly
log file: /home/marco/.ros/log/4f6ef64c-bd0d-11f1-a1a3-b025aa85b2a2/chave_mission-1*.log[0m
all processes on machine have died, roslaunch will exit
shutting down processing monitor...
... shutting down processing monitor complete
[1mdone[0m
