[31mWARNING: disk usage in log directory [/home/marco/.ros/log] is over 1GB.
It's recommended that you use the 'rosclean' command.[0m
the rosdep view is empty: call 'sudo rosdep init' and 'rosdep update'
[WARN] [1791377759.330379, 874.263000]: [mission] SEARCH: 15 de 25 amostras descartadas como outlier (>0.15 m ou >0.20 rad da mediana)
[WARN] [1791377770.233619, 884.989000]: [mission] APPROACH/remedida: 1 de 10 amostras descartadas como outlier (>0.15 m ou >0.20 rad da mediana)
[WARN] [1791377770.290119, 885.045000]: [mission] APPROACH/remedida: laser discorda demais da tag (profundidade +58 mm, yaw +9.5°) — parede fica pela tag
[INFO] [1791377730.797720, 846.170000]: garra_dx = 0.000 m (fechada)
[INFO] [1791377730.928992, 846.298000]: State machine starting in initial state 'STOW_INIT' with userdata: 
	[]
[INFO] [1791377731.134389, 846.502000]: [mission] pose de partida registrada: (0.01, 1.00, 0.00 rad)
[INFO] [1791377731.135818, 846.503000]: [mission] postura "stow_home" comandada: [0.0, 1.13, -1.04, -1.8, 0.0]
[INFO] [1791377731.746381, 847.105000]: State machine transitioning 'STOW_INIT':'ok'-->'SEARCH'
[INFO] [1791377731.748697, 847.107000]: [mission] postura "search" comandada: [0.0, 1.0, -1.0, 0.0, 0.0]
[INFO] [1791377738.862712, 854.108000]: [mission] SEARCH — girando à procura da tag...
[INFO] [1791377738.863488, 854.108000]: [mission] SEARCH: amostra quando a tag estiver a raio 0.35-0.50 do quadro (vista oblíqua; omega fina 0.15 rad/s)
[INFO] [1791377740.289980, 855.509000]: [mission] SEARCH: tag a raio 0.94 — girando até <= 0.50
[INFO] [1791377746.334862, 861.460000]: [mission] SEARCH: tag a raio 0.50 — parando
[INFO] [1791377746.337044, 861.462000]: [mission] tag avistada — parando para medir
[INFO] [1791377747.361465, 862.467000]: [mission] âncora engatada (coleta do SEARCH)
[INFO] [1791377747.362815, 862.469000]: [mission] SEARCH: coleta com dither ±0.05 rad/s (período 3.0 s)
[INFO] [1791377759.317374, 874.251000]: [mission] âncora solta — 17 correções de deriva
[INFO] [1791377759.319114, 874.253000]: [mission] SEARCH: âncora corrigiu a deriva 17 vez(es) durante a coleta
[INFO] [1791377759.331567, 874.265000]: [mission] SEARCH: 10 amostras — parede (0.011, 3.078, -0.005) yaw=3.042
[INFO] [1791377759.383600, 874.316000]: [mission] SEARCH: parede pelo LASER — 47 pontos, resíduo 4.4 mm: profundidade +79.0 mm e yaw +5.48° em relação à tag → parede (0.011, 2.999, -0.005) yaw=3.137
[INFO] [1791377759.385106, 874.318000]: [mission] parede localizada em (0.011, 2.999, -0.005)
[INFO] [1791377759.391093, 874.324000]: State machine transitioning 'SEARCH':'found'-->'APPROACH'
[INFO] [1791377759.392962, 874.326000]: [mission] APPROACH etapa 1/2 — 1.30 m do olhal, alvo (0.20, 1.57, 1.57 rad)
[INFO] [1791377761.618005, 876.527000]: [mission] APPROACH: alinhado, avançando (0.65 m)
[INFO] [1791377761.669205, 876.577000]: [mission] teto por postura ativo no drive: v<=0.18 w<=0.50 rampa 0.46/1.51
[INFO] [1791377766.963074, 881.777000]: [mission] APPROACH: chegou, ajustando heading final
[INFO] [1791377767.014481, 881.827000]: [mission] APPROACH: concluído
[INFO] [1791377768.031580, 882.834000]: [mission] âncora engatada (coleta do APPROACH/remedida)
[INFO] [1791377768.034411, 882.837000]: [mission] APPROACH/remedida: coleta com dither ±0.05 rad/s (período 3.0 s)
[INFO] [1791377770.229416, 884.986000]: [mission] âncora solta — 3 correções de deriva
[INFO] [1791377770.231241, 884.987000]: [mission] APPROACH/remedida: âncora corrigiu a deriva 3 vez(es) durante a coleta
[INFO] [1791377770.236044, 884.992000]: [mission] APPROACH/remedida: 9 amostras — parede (0.012, 3.057, -0.000) yaw=2.977
[INFO] [1791377770.291512, 885.046000]: [mission] APPROACH etapa 2/2 — 0.88 m do olhal, alvo (0.21, 2.00, 1.41 rad)
[INFO] [1791377770.393708, 885.148000]: [mission] APPROACH: alinhado, avançando (0.48 m)
[INFO] [1791377770.445103, 885.198000]: [mission] teto por postura ativo no drive: v<=0.18 w<=0.50 rampa 0.46/1.49
[INFO] [1791377775.198568, 889.848000]: [mission] APPROACH: chegou, ajustando heading final
[INFO] [1791377776.930777, 891.548000]: [mission] APPROACH: concluído
[INFO] [1791377776.938214, 891.555000]: State machine transitioning 'APPROACH':'arrived'-->'REFINE'
[INFO] [1791377776.940446, 891.558000]: [mission] REFINE — remedindo a parede de perto (10 amostras)
[INFO] [1791377776.944782, 891.562000]: [mission] âncora engatada (coleta do REFINE)
[INFO] [1791377776.946543, 891.563000]: [mission] REFINE: coleta com dither ±0.05 rad/s (período 3.0 s)
[INFO] [1791377778.092719, 892.691000]: [mission] âncora solta — 2 correções de deriva
[INFO] [1791377778.095626, 892.694000]: [mission] REFINE: âncora corrigiu a deriva 2 vez(es) durante a coleta
[INFO] [1791377778.099427, 892.697000]: [mission] REFINE: 10 amostras — parede (0.001, 3.002, -0.001) yaw=3.132
[INFO] [1791377778.152912, 892.750000]: [mission] REFINE: parede pelo LASER — 100 pontos, resíduo 5.2 mm: profundidade +3.7 mm e yaw +0.60° em relação à tag → parede (0.001, 2.999, -0.001) yaw=-3.141
[INFO] [1791377778.154475, 892.752000]: [mission] REFINE: deslocou 0.060 m da estimativa anterior
[INFO] [1791377778.155531, 892.753000]: [mission] olhal estimado em (0.201, 2.869, 0.804)
[INFO] [1791377778.161394, 892.759000]: State machine transitioning 'REFINE':'ok'-->'DEPLOY'
[INFO] [1791377778.164709, 892.761000]: [mission] DEPLOY: IK resolvida para a POSE DE MANIPULAÇÃO (0.20, 2.25, 1.57 rad), não para a atual
[INFO] [1791377783.085270, 897.026000]: [mission] DEPLOY: IK nivelada 0.0711 m, só eixo 0.0014 m — a MISSÃO INTEIRA usa "eixo"
[INFO] [1791377783.089792, 897.682000]: [mission] DEPLOY: IK da ponta resolvida (resíduo 0.0014 m, degrau 0.4°) — pré-posicionando em [-10.9 -46.6  60.   78.5  79.1] graus
[INFO] [1791377789.919762, 904.385000]: [mission] plano de exclusão publicado: parede em [ 1.000e-03  2.999e+00 -1.000e-03], normal segura [ 0.001 -1.     0.   ]
[INFO] [1791377790.130937, 904.596000]: [mission] teto por postura ativo no drive: v<=0.22 w<=0.50 rampa 0.51/1.66
[INFO] [1791377790.332336, 904.795000]: [mission] DEPLOY/aproxima: alinhado, avançando (0.27 m)
[INFO] [1791377793.474484, 907.895000]: [mission] DEPLOY/aproxima: chegou, ajustando heading final
[INFO] [1791377794.235630, 908.645000]: [mission] DEPLOY/aproxima: concluído
[INFO] [1791377794.237157, 908.647000]: State machine transitioning 'DEPLOY':'ok'-->'MANIPULATE'
[INFO] [1791377794.239366, 908.649000]: [mission] fase "orienta": modo IK iterativa (YAML)
[INFO] [1791377794.244179, 908.654000]: [mission] âncora engatada (fase "orienta")
[INFO] [1791377796.385243, 910.761000]: [mission] fase "orienta" it0: ponta (0.289, 2.722, 0.800) erro=0.0132 | degrau eixo 0.1° | rolagem 0.2° | IK pediu [-12.6 -40.4  48.9  80.7  81.5] | faltou [ 0.6 -1.8  0.5  0.8 -0.7] graus
[INFO] [1791377796.388178, 910.764000]: [mission] fase "orienta" alcançada em 1 iteração(ões) (0.0132 m)
[INFO] [1791377796.906237, 911.272000]: [mission] fase "aproxima_lateral": modo IK iterativa (YAML)
[INFO] [1791377796.910942, 911.276000]: [mission] âncora engatada (fase "aproxima_lateral")
[INFO] [1791377800.899437, 915.183000]: [mission] fase "aproxima_lateral" it0: ponta (0.299, 2.859, 0.813) erro=0.0083 | degrau eixo 2.3° | rolagem 2.5° | IK pediu [-10.2 -15.6   2.   84.2  83.5] | faltou [-0.6 -0.2  0.5  0.4 -0.8] graus
[INFO] [1791377800.904437, 915.188000]: [mission] fase "aproxima_lateral" it0: no frame da parede eixo=+8.1 prof=-1.5 alt=+0.7 mm (tolerância 40/8/5)
[INFO] [1791377800.908495, 915.192000]: [mission] âncora solta — 2 correções de deriva
[INFO] [1791377800.911296, 915.195000]: [mission] fase "aproxima_lateral" alcançada em 1 iteração(ões) (0.0083 m) — âncora corrigiu 2 vez(es)
[INFO] [1791377801.425537, 915.704000]: [mission] fase "atravessa": modo IK iterativa (YAML)
[INFO] [1791377801.432004, 915.710000]: [mission] âncora engatada (fase "atravessa")
[INFO] [1791377803.878072, 918.116000]: [mission] fase "atravessa" it0: ponta (0.218, 2.868, 0.804) erro=0.0160 | degrau eixo 0.1° | rolagem 0.2° | IK pediu [ -2.7 -16.4   3.   85.7  90.2] | faltou [-0.8 -0.7 -0.2 -0.3 -0.8] graus
[INFO] [1791377803.881673, 918.120000]: [mission] fase "atravessa" it0: no frame da parede eixo=+9.7 prof=+7.3 alt=+10.5 mm (tolerância 8/6/5)
[INFO] [1791377805.861349, 920.064000]: [mission] fase "atravessa" it1: ponta (0.210, 2.869, 0.800) erro=0.0161 | degrau eixo 0.3° | rolagem 0.1° | IK pediu [ -2.  -16.    3.7  86.7  90.9] | faltou [-0.7 -1.6 -0.7 -1.  -0.7] graus
[INFO] [1791377805.863728, 920.067000]: [mission] fase "atravessa" it1: no frame da parede eixo=+1.1 prof=+8.0 alt=+14.0 mm (tolerância 8/6/5)
[INFO] [1791377807.803716, 921.973000]: [mission] fase "atravessa" it2: ponta (0.210, 2.865, 0.807) erro=0.0084 | degrau eixo 0.3° | rolagem 0.1° | IK pediu [ -1.9 -15.2   4.5  87.1  91. ] | faltou [-0.9 -2.1 -0.8 -1.6 -0.8] graus
[ERROR] [1791377812.113683, 926.217000]: [mission] fase "atravessa": 5 iterações sem fechar (0.0080 m, tolerância 0.020)
[WARN] [1791377812.120120, 926.224000]: [mission] ABORT — parando base e recolhendo braço
[WARN] [1791377812.538632, 926.627000]: [mission] ABORT: ponta a 0.011 m do olhal — saindo em degraus: sobe 30 mm, 120 mm pelo eixo do furo, 100 mm para fora, antes de recolher
[ERROR] [1791377941.475315, 1053.686000]: [mission] fase "saida_sobe": 5 iterações sem fechar (0.0301 m, tolerância 0.020)
[WARN] [1791377941.476838, 1053.687000]: [mission] ABORT: degrau "saida_sobe" não fechou — seguindo para o próximo
[ERROR] [1791377990.940883, 1102.509000]: [mission] postura não atingida em 30s
[WARN] [1791377990.941706, 1102.509000]: [mission] ABORT: degrau "saida_eixo" não fechou — seguindo para o próximo
[WARN] [1791377992.451849, 1103.846000]: [mission] fase "saida_fora" it1: mira além ficou fora de alcance (0.028 m) — recuando para o alvo real
[ERROR] [1791378054.566599, 1165.533000]: [mission] postura não atingida em 30s
[WARN] [1791378054.567714, 1165.534000]: [mission] ABORT: degrau "saida_fora" não fechou — seguindo para o próximo
[WARN] [1791378066.705852, 1177.490000]: [mission] ABORT — voltando à pose de partida (0.01, 1.00, 0.00 rad)
[INFO] [1791377807.806860, 921.975000]: [mission] fase "atravessa" it2: no frame da parede eixo=+1.1 prof=+4.3 alt=+7.2 mm (tolerância 8/6/5)
[INFO] [1791377809.748312, 923.888000]: [mission] fase "atravessa" it3: ponta (0.208, 2.863, 0.807) erro=0.0072 | degrau eixo 0.3° | rolagem 0.1° | IK pediu [ -1.8 -14.9   5.1  87.   91.1] | faltou [-0.9 -2.9 -0.6 -1.7 -0.9] graus
[INFO] [1791377809.752128, 923.892000]: [mission] fase "atravessa" it3: no frame da parede eixo=-0.4 prof=+2.6 alt=+6.7 mm (tolerância 8/6/5)
[INFO] [1791377812.102682, 926.205000]: [mission] fase "atravessa" it4: ponta (0.208, 2.869, 0.813) erro=0.0080 | degrau eixo 0.2° | rolagem 0.1° | IK pediu [ -1.8 -14.7   6.1  86.5  91.1] | faltou [-0.9 -2.6 -0.8 -3.4 -0.9] graus
[INFO] [1791377812.108469, 926.210000]: [mission] fase "atravessa" it4: no frame da parede eixo=-0.4 prof=+7.9 alt=+1.1 mm (tolerância 8/6/5)
[INFO] [1791377812.112131, 926.216000]: [mission] âncora solta — 5 correções de deriva
[INFO] [1791377812.118803, 926.222000]: State machine transitioning 'MANIPULATE':'failed'-->'ABORT_SAFE'
[INFO] [1791377812.545941, 926.634000]: [mission] âncora engatada (fase "saida_sobe")
[INFO] [1791377814.391749, 928.441000]: [mission] fase "saida_sobe" it0: ponta (0.209, 2.872, 0.813) erro=0.0295 | degrau eixo 0.1° | rolagem 0.1° | IK pediu [ -2.6 -13.9   5.5  81.   90.2] | faltou [ 0.  -4.   1.   1.5 -0. ] graus
[INFO] [1791377814.396906, 928.446000]: [mission] fase "saida_sobe" it0: no frame da parede eixo=+0.6 prof=+1.1 alt=+29.5 mm (tolerância 30/20/10)
[INFO] [1791377846.115032, 959.755000]: [mission] fase "saida_sobe" it1: ponta (0.209, 2.873, 0.812) erro=0.0302 | degrau eixo 0.1° | rolagem 0.1° | IK pediu [ -2.5 -11.8   7.   79.   90.3] | faltou [ -0.1 -12.2  13.4  -5.9  -0. ] graus
[INFO] [1791377846.117796, 959.758000]: [mission] fase "saida_sobe" it1: no frame da parede eixo=+0.7 prof=+2.2 alt=+30.1 mm (tolerância 30/20/10)
[INFO] [1791377877.869470, 991.063000]: [mission] fase "saida_sobe" it2: ponta (0.208, 2.873, 0.812) erro=0.0301 | degrau eixo 0.1° | rolagem 0.1° | IK pediu [ -2.5 -14.7  20.7  67.8  90.3] | faltou [-0.1 -8.9 -1.1  6.2 -0. ] graus
[INFO] [1791377877.871926, 991.066000]: [mission] fase "saida_sobe" it2: no frame da parede eixo=-0.0 prof=+2.3 alt=+30.1 mm (tolerância 30/20/10)
[INFO] [1791377909.714328, 1022.374000]: [mission] fase "saida_sobe" it3: ponta (0.208, 2.873, 0.812) erro=0.0301 | degrau eixo 0.1° | rolagem 0.1° | IK pediu [ -2.5 -11.3  19.6  66.4  90.3] | faltou [ -0.1 -11.8  -1.5   8.9  -0.1] graus
[INFO] [1791377909.716297, 1022.376000]: [mission] fase "saida_sobe" it3: no frame da parede eixo=-0.0 prof=+2.3 alt=+30.1 mm (tolerância 30/20/10)
[INFO] [1791377941.468572, 1053.679000]: [mission] fase "saida_sobe" it4: ponta (0.208, 2.873, 0.812) erro=0.0301 | degrau eixo 0.1° | rolagem 0.1° | IK pediu [-2.5 -7.5 17.7 65.1 90.3] | faltou [ -0.1 -14.8  -1.3  11.4  -0.1] graus
[INFO] [1791377941.471678, 1053.682000]: [mission] fase "saida_sobe" it4: no frame da parede eixo=-0.0 prof=+2.2 alt=+30.0 mm (tolerância 30/20/10)
[INFO] [1791377941.473447, 1053.684000]: [mission] âncora solta — 16 correções de deriva
[INFO] [1791377941.483809, 1053.693000]: [mission] âncora engatada (fase "saida_eixo")
[INFO] [1791377960.491337, 1072.402000]: [mission] fase "saida_eixo" it0: ponta (0.317, 2.857, 0.546) erro=0.2970 | degrau eixo 3.3° | rolagem 5.5° | IK pediu [-13.2 -11.1   0.   82.   80.2] | faltou [   0.8   55.3  -60.  -124.6    0.8] graus
[INFO] [1791377960.492948, 1072.404000]: [mission] fase "saida_eixo" it0: no frame da parede eixo=-11.6 prof=-13.3 alt=+296.5 mm (tolerância 20/20/15)
[INFO] [1791377990.943733, 1102.511000]: [mission] âncora engatada (fase "saida_fora")
[INFO] [1791377992.297774, 1103.837000]: [mission] fase "saida_fora" it0: ponta (0.338, 2.860, 0.730) erro=0.1442 | degrau eixo 8.3° | rolagem 6.7° | IK pediu [ -15.    57.5   -0.  -103.8   98.8] | faltou [  0.8   5.9 -60.   61.1  -3.3] graus
[INFO] [1791377992.300840, 1103.840000]: [mission] fase "saida_fora" it0: no frame da parede eixo=+10.2 prof=+89.7 alt=+112.5 mm (tolerância 30/20/20)
[INFO] [1791378024.144637, 1135.422000]: [mission] fase "saida_fora" it1: ponta (0.287, 2.598, 1.130) erro=0.3374 | degrau eixo 8.3° | rolagem 27.2° | IK pediu [ -14.9   57.2   -0.  -103.4   98.8] | faltou [ 0.7  7.8 60.  -6.6 -0.9] graus
[INFO] [1791378024.148192, 1135.425000]: [mission] fase "saida_fora" it1: no frame da parede eixo=-41.3 prof=-172.5 alt=-287.1 mm (tolerância 30/20/20)
[INFO] [1791378054.568308, 1165.534000]: [mission] ABORT/afasta: RECUANDO 0.250 m só com as rodas
[INFO] [1791378059.398074, 1170.285000]: [mission] ABORT/afasta: concluído (0.252 m)
[INFO] [1791378059.400283, 1170.287000]: [mission] postura "stow_home" comandada: [0.0, 1.13, -1.04, -1.8, 0.0]
[INFO] [1791378081.620744, 1192.141000]: [mission] ABORT/retorno: alinhado, avançando (1.42 m)
[INFO] [1791378081.671983, 1192.191000]: [mission] teto por postura ativo no drive: v<=0.25 w<=0.50 rampa 0.54/1.47
[INFO] [1791378092.216709, 1202.541000]: [mission] ABORT/retorno: chegou, ajustando heading final
[INFO] [1791378092.267392, 1202.591000]: [mission] teto por postura ativo no drive: v<=0.25 w<=0.50 rampa 0.54/1.48
[INFO] [1791378099.346511, 1209.541000]: [mission] ABORT/retorno: concluído
[INFO] [1791378099.348328, 1209.543000]: State machine terminating 'ABORT_SAFE':'aborted':'MISSION_ABORTED'
[INFO] [1791378099.349453, 1209.544000]: [mission] resultado: MISSION_ABORTED
... logging to /home/marco/.ros/log/58cd2ff8-c24c-11f1-bbd5-b025aa85b2a2/roslaunch-shiroi-3052046.log
Checking log directory for disk usage. This may take a while.
Press Ctrl-C to interrupt
]2;/home/marco/b166er/src/b166er_whole_body_control/launch/chave_mission.launch
[1mstarted roslaunch server http://shiroi:34431/[0m

SUMMARY
========

PARAMETERS
 * /chave_mission/estado_final: 
 * /chave_mission/estado_inicial: STOW_INIT
 * /chave_mission/pausa_por_fase: False
 * /chave_mission/search_omega: 0.35
 * /chave_mission/standoff_distance: 0.62
 * /chave_mission/use_wholebody: False
 * /chave_seccionadora_task/aproxima_lateral/modo: ik
 * /chave_seccionadora_task/aproxima_lateral/offset_xyz_m: [-0.09, 0.008, 0.01]
 * /chave_seccionadora_task/aproxima_lateral/tol_xyz_m: [0.04, 0.008, 0.005]
 * /chave_seccionadora_task/arco1/blade_angle_deg: 15
 * /chave_seccionadora_task/arco1/deriva_eixo_max_m: 0.015
 * /chave_seccionadora_task/arco1/modo: wb
 * /chave_seccionadora_task/arco1/offset_xyz_m: [0.0, 0.0518, -0....
 * /chave_seccionadora_task/arco1/soltura_recuo_min_m: 0.04
 * /chave_seccionadora_task/arco1/tol_xyz_m: [0.04, 0.01, 0.015]
 * /chave_seccionadora_task/arco2/blade_angle_deg: 30
 * /chave_seccionadora_task/arco2/deriva_eixo_max_m: 0.015
 * /chave_seccionadora_task/arco2/modo: wb
 * /chave_seccionadora_task/arco2/offset_xyz_m: [0.0, 0.1, -0.0518]
 * /chave_seccionadora_task/arco2/tol_xyz_m: [0.04, 0.01, 0.015]
 * /chave_seccionadora_task/atravessa/modo: ik
 * /chave_seccionadora_task/atravessa/offset_xyz_m: [-0.008, 0.008, 0...
 * /chave_seccionadora_task/atravessa/tol_xyz_m: [0.008, 0.006, 0....
 * /chave_seccionadora_task/captura/modo: ik
 * /chave_seccionadora_task/captura/offset_xyz_m: [0.0, 0.0, -0.01]
 * /chave_seccionadora_task/captura/tol_xyz_m: [0.04, 0.006, 0.01]
 * /chave_seccionadora_task/desengata/modo: ik
 * /chave_seccionadora_task/desengata/offset_xyz_m: [-0.09, 0.1, -0.0...
 * /chave_seccionadora_task/destrava/curso_estagna_m: 0.01
 * /chave_seccionadora_task/destrava/curso_margem_m: 0.002
 * /chave_seccionadora_task/destrava/curso_min_m: 0.018
 * /chave_seccionadora_task/destrava/curso_teto_m: 0.022
 * /chave_seccionadora_task/destrava/modo: wb
 * /chave_seccionadora_task/destrava/offset_xyz_m: [0.0, 0.0, -0.025]
 * /chave_seccionadora_task/destrava/tol_xyz_m: [0.04, 0.006, 0.004]
 * /chave_seccionadora_task/libera/deriva_eixo_max_m: 0.015
 * /chave_seccionadora_task/libera/modo: wb
 * /chave_seccionadora_task/libera/offset_xyz_m: [0.0, 0.03, -0.025]
 * /chave_seccionadora_task/libera/tol_xyz_m: [0.04, 0.008, 0.006]
 * /chave_seccionadora_task/orienta/modo: ik
 * /chave_seccionadora_task/orienta/offset_xyz_m: [-0.09, 0.15, 0.0...
 * /chave_seccionadora_task/reassenta_sobe/tol_xyz_m: [0.03, 0.02, 0.005]
 * /chave_seccionadora_task/saida_eixo/tol_xyz_m: [0.02, 0.02, 0.015]
 * /chave_seccionadora_task/saida_fora/tol_xyz_m: [0.03, 0.02, 0.02]
 * /chave_seccionadora_task/saida_sobe/tol_xyz_m: [0.03, 0.02, 0.01]
 * /chave_seccionadora_task/target_frame: chave_olhal_link
 * /fuzzy_wb_controller/fixed_gains: []
 * /rosdistro: noetic
 * /rosversion: 1.17.4

NODES
  /
    chave_mission (b166er_whole_body_control/chave_mission.py)

[1mROS_MASTER_URI=http://localhost:11311[0m
]2;/home/marco/b166er/src/b166er_whole_body_control/launch/chave_mission.launch http://localhost:11311
[1mprocess[chave_mission-1]: started with pid [3052090][0m
[1m[chave_mission-1] process has finished cleanly
log file: /home/marco/.ros/log/58cd2ff8-c24c-11f1-bbd5-b025aa85b2a2/chave_mission-1*.log[0m
all processes on machine have died, roslaunch will exit
shutting down processing monitor...
... shutting down processing monitor complete
[1mdone[0m
