[31mWARNING: disk usage in log directory [/home/marco/.ros/log] is over 1GB.
It's recommended that you use the 'rosclean' command.[0m
the rosdep view is empty: call 'sudo rosdep init' and 'rosdep update'
[WARN] [1790797755.030327, 4207.982000]: [mission] SEARCH: 5 de 25 amostras descartadas como outlier (>0.15 m ou >0.20 rad da mediana)
[ERROR] [1790797804.469649, 4256.724000]: [mission] REFINE: só 0 amostras da tag
[WARN] [1790797804.471920, 4256.726000]: [mission] REFINE: tag não visível no standoff — seguindo com a estimativa da aproximação (erro típico ~13 mm com a tag de 220 mm)
[INFO] [1790797732.985428, 4186.183000]: garra_dx = 0.000 m (fechada)
[INFO] [1790797733.064148, 4186.263000]: State machine starting in initial state 'STOW_INIT' with userdata: 
	[]
[INFO] [1790797733.265493, 4186.463000]: [mission] pose de partida registrada: (-0.00, 1.00, -0.02 rad)
[INFO] [1790797733.267462, 4186.465000]: [mission] postura "stow_home" comandada: [0.0, 1.13, -1.04, -1.8, 0.0]
[INFO] [1790797733.369112, 4186.566000]: State machine transitioning 'STOW_INIT':'ok'-->'SEARCH'
[INFO] [1790797733.370741, 4186.567000]: [mission] postura "search" comandada: [0.0, 1.0, -1.0, 0.0, 0.0]
[INFO] [1790797739.430943, 4192.568000]: [mission] SEARCH — girando à procura da tag...
[INFO] [1790797739.432501, 4192.569000]: [mission] SEARCH: amostra quando a tag estiver a raio 0.35-0.50 do quadro (vista oblíqua; omega fina 0.15 rad/s)
[INFO] [1790797740.754099, 4193.870000]: [mission] SEARCH: tag a raio 0.96 — girando até <= 0.50
[INFO] [1790797748.443316, 4201.472000]: [mission] SEARCH: tag a raio 0.50 — parando
[INFO] [1790797748.445755, 4201.474000]: [mission] tag avistada — parando para medir
[INFO] [1790797749.459320, 4202.482000]: [mission] âncora engatada (coleta do SEARCH)
[INFO] [1790797749.460699, 4202.483000]: [mission] SEARCH: coleta com dither ±0.05 rad/s (período 3.0 s)
[INFO] [1790797755.005794, 4207.961000]: [mission] âncora solta — 11 correções de deriva
[INFO] [1790797755.007859, 4207.963000]: [mission] SEARCH: âncora corrigiu a deriva 11 vez(es) durante a coleta
[INFO] [1790797755.032158, 4207.986000]: [mission] SEARCH: 20 amostras — parede (0.031, 3.098, -0.001) yaw=2.849
[INFO] [1790797755.033367, 4207.988000]: [mission] parede localizada em (0.031, 3.098, -0.001)
[INFO] [1790797755.037742, 4207.992000]: State machine transitioning 'SEARCH':'found'-->'APPROACH'
[INFO] [1790797755.038894, 4207.993000]: [mission] APPROACH etapa 1/2 — 1.30 m do olhal, alvo (-0.19, 1.67, 1.28 rad)
[INFO] [1790797755.040105, 4207.994000]: [mission] teto por postura ativo no drive: v<=0.17 w<=0.50 rampa 0.45/1.52
[INFO] [1790797759.495733, 4212.394000]: [mission] APPROACH: alinhado, avançando (0.88 m)
[INFO] [1790797766.536028, 4219.344000]: [mission] APPROACH: chegou, ajustando heading final
[INFO] [1790797766.586416, 4219.394000]: [mission] teto por postura ativo no drive: v<=0.17 w<=0.50 rampa 0.45/1.52
[INFO] [1790797769.974034, 4222.744000]: [mission] APPROACH: concluído
[INFO] [1790797770.989657, 4223.748000]: [mission] âncora engatada (coleta do APPROACH/remedida)
[INFO] [1790797770.990924, 4223.749000]: [mission] APPROACH/remedida: coleta com dither ±0.05 rad/s (período 3.0 s)
[INFO] [1790797772.132517, 4224.875000]: [mission] âncora solta — 2 correções de deriva
[INFO] [1790797772.134144, 4224.877000]: [mission] APPROACH/remedida: âncora corrigiu a deriva 2 vez(es) durante a coleta
[INFO] [1790797772.137322, 4224.879000]: [mission] APPROACH/remedida: 10 amostras — parede (0.007, 3.003, -0.004) yaw=-3.129
[INFO] [1790797772.140084, 4224.882000]: [mission] APPROACH etapa 2/2 — 0.88 m do olhal, alvo (0.39, 2.00, 1.58 rad)
[INFO] [1790797772.142993, 4224.885000]: [mission] teto por postura ativo no drive: v<=0.17 w<=0.50 rampa 0.45/1.52
[INFO] [1790797776.946911, 4229.635000]: [mission] APPROACH: alinhado, avançando (0.78 m)
[INFO] [1790797783.096291, 4235.685000]: [mission] APPROACH: chegou, ajustando heading final
[INFO] [1790797783.146132, 4235.735000]: [mission] teto por postura ativo no drive: v<=0.17 w<=0.50 rampa 0.45/1.52
[INFO] [1790797789.123930, 4241.635000]: [mission] APPROACH: concluído
[INFO] [1790797789.127230, 4241.638000]: State machine transitioning 'APPROACH':'arrived'-->'REFINE'
[INFO] [1790797789.128267, 4241.639000]: [mission] REFINE — remedindo a parede de perto (10 amostras)
[INFO] [1790797789.130060, 4241.641000]: [mission] âncora engatada (coleta do REFINE)
[INFO] [1790797789.130872, 4241.642000]: [mission] REFINE: coleta com dither ±0.05 rad/s (período 3.0 s)
[INFO] [1790797804.464599, 4256.719000]: [mission] âncora solta — 27 correções de deriva
[INFO] [1790797804.467244, 4256.721000]: [mission] REFINE: âncora corrigiu a deriva 27 vez(es) durante a coleta
[INFO] [1790797804.474106, 4256.728000]: [mission] olhal estimado em (0.209, 2.875, 0.801)
[INFO] [1790797804.480481, 4256.735000]: State machine transitioning 'REFINE':'ok'-->'DEPLOY'
[INFO] [1790797804.482432, 4256.736000]: [mission] DEPLOY: IK resolvida para a POSE DE MANIPULAÇÃO (0.22, 2.26, 1.58 rad), não para a atual
[INFO] [1790797809.268438, 4259.812000]: [mission] DEPLOY: IK nivelada 0.0718 m, só eixo 0.0012 m — a MISSÃO INTEIRA usa "eixo"
[INFO] [1790797809.271178, 4261.519000]: [mission] DEPLOY: IK da ponta resolvida (resíduo 0.0012 m, degrau 0.3°) — pré-posicionando em [-10.9 -47.   60.   78.8  79.1] graus
[INFO] [1790797816.247063, 4268.421000]: [mission] plano de exclusão publicado: parede em [ 0.007  3.003 -0.004], normal segura [ 0.012 -1.     0.   ]
[INFO] [1790797816.454293, 4268.626000]: [mission] teto por postura ativo no drive: v<=0.24 w<=0.50 rampa 0.53/1.64
[INFO] [1790797820.051285, 4272.176000]: [mission] DEPLOY/aproxima: alinhado, avançando (0.40 m)
[INFO] [1790797823.946464, 4276.026000]: [mission] DEPLOY/aproxima: chegou, ajustando heading final
[INFO] [1790797827.715392, 4279.726000]: [mission] DEPLOY/aproxima: concluído
[INFO] [1790797827.716525, 4279.727000]: State machine transitioning 'DEPLOY':'ok'-->'MANIPULATE'
[INFO] [1790797827.717823, 4279.728000]: [mission] fase "orienta": modo IK iterativa (YAML)
[INFO] [1790797827.722377, 4279.732000]: [mission] âncora engatada (fase "orienta")
[INFO] [1790797831.159988, 4283.128000]: [mission] fase "orienta" it0: ponta (0.303, 2.727, 0.810) erro=0.0022 | degrau eixo 0.1° | rolagem 0.2° | IK pediu [-20.6 -29.1  25.2  93.3  74.5] | faltou [0. 0. 0. 0. 0.] graus
[INFO] [1790797831.164777, 4283.133000]: [mission] fase "orienta" alcançada em 1 iteração(ões) (0.0022 m)
[INFO] [1790797831.682044, 4283.640000]: [mission] fase "aproxima_lateral": modo IK iterativa (YAML)
[INFO] [1790797831.688120, 4283.646000]: [mission] âncora engatada (fase "aproxima_lateral")
[INFO] [1790797834.574927, 4286.478000]: [mission] fase "aproxima_lateral" it0: ponta (0.299, 2.873, 0.806) erro=0.0069 | degrau eixo 5.3° | rolagem 5.5° | IK pediu [-17.2 -13.8   0.   78.1  78.9] | faltou [ 0.  -0.4 -0.3 -0.2  0. ] graus
[INFO] [1790797834.579222, 4286.482000]: [mission] fase "aproxima_lateral" it0: no frame da parede eixo=+0.1 prof=+4.7 alt=+5.0 mm (tolerância 40/8/5)
[INFO] [1790797835.999100, 4287.889000]: [mission] fase "aproxima_lateral" it1: ponta (0.299, 2.869, 0.811) erro=0.0009 | degrau eixo 5.1° | rolagem 5.5° | IK pediu [-17.3 -13.6   0.   79.1  78.7] | faltou [ 0.1 -0.2 -0.6 -1.   0.1] graus
[INFO] [1790797836.002245, 4287.893000]: [mission] fase "aproxima_lateral" it1: no frame da parede eixo=+0.4 prof=+0.3 alt=+0.8 mm (tolerância 40/8/5)
[INFO] [1790797836.004054, 4287.895000]: [mission] fase "aproxima_lateral" alcançada em 2 iteração(ões) (0.0009 m)
[INFO] [1790797836.515853, 4288.400000]: [mission] fase "atravessa": modo IK iterativa (YAML)
[INFO] [1790797836.521554, 4288.405000]: [mission] âncora engatada (fase "atravessa")
[INFO] [1790797838.265114, 4290.111000]: [mission] fase "atravessa" it0: ponta (0.217, 2.872, 0.807) erro=0.0062 | degrau eixo 2.1° | rolagem 2.2° | IK pediu [-10.3 -14.7   0.1  81.9  85. ] | faltou [-0.1 -0.2 -0.3 -0.4 -0. ] graus
[INFO] [1790797838.267993, 4290.114000]: [mission] fase "atravessa" it0: no frame da parede eixo=+0.4 prof=+4.3 alt=+4.4 mm (tolerância 8/6/5)
[INFO] [1790797838.269885, 4290.116000]: [mission] fase "atravessa" alcançada em 1 iteração(ões) (0.0062 m)
[INFO] [1790797838.780334, 4290.619000]: [mission] fase "captura": modo IK iterativa (YAML)
[INFO] [1790797838.785918, 4290.624000]: [mission] âncora engatada (fase "captura")
[INFO] [1790797840.382084, 4292.199000]: [mission] fase "captura" it0: ponta (0.213, 2.875, 0.791) erro=0.0040 | degrau eixo 2.0° | rolagem 2.1° | IK pediu [ -9.6 -16.6  -0.1  81.8  85.7] | faltou [-0.4 -0.  -0.1 -0.2 -0.2] graus
[INFO] [1790797840.385759, 4292.203000]: [mission] fase "captura" it0: no frame da parede eixo=+4.0 prof=+0.0 alt=+0.6 mm (tolerância 40/6/10)
[WARN] [1790797859.422798, 4310.965000]: [mission] RETRACT: ponta a 0.142 m do olhal — saindo em degraus: sobe 30 mm, 120 mm pelo eixo do furo, 100 mm para fora, antes de recolher
[INFO] [1790797840.387899, 4292.205000]: [mission] fase "captura" alcançada em 1 iteração(ões) (0.0040 m)
[INFO] [1790797840.393311, 4292.211000]: [mission] captura: ponta registrada em eixo=-3.9 prof=-0.0 alt=-10.5 mm (zero da descida do destrava e da deriva de eixo)
[INFO] [1790797840.908845, 4292.712000]: [mission] fase "destrava": alvo em altura relativo à captura: -30.5 mm (captura -10.5 − curso 18 − margem 2)
[INFO] [1790797840.910934, 4292.714000]: [mission] fase "destrava": modo whole-body/Fuzzy (YAML)
[INFO] [1790797841.118398, 4292.916000]: [mission] plano de exclusão publicado: parede em [ 0.007  3.003 -0.004], normal segura [ 0.012 -1.     0.   ]
[INFO] [1790797841.424956, 4293.220000]: [mission] fase "destrava": whole-body assumiu (base livre, restrita pelo plano de exclusão)
[INFO] [1790797841.426479, 4293.221000]: [mission] fase "destrava": whole-body a 0.0170 m do alvo — eixo=+3.2 prof=-0.1 alt=-16.7 mm
[INFO] [1790797843.540128, 4295.321000]: [mission] fase "destrava": whole-body a 0.0084 m do alvo — eixo=+2.2 prof=-2.2 alt=-7.8 mm
[INFO] [1790797845.656310, 4297.421000]: [mission] fase "destrava": whole-body a 0.0036 m do alvo — eixo=+2.3 prof=-0.8 alt=-2.6 mm
[INFO] [1790797846.361379, 4298.121000]: [mission] fase "destrava" alcançada por whole-body em 4.9s (0.0030 m) — no frame da parede eixo=+2.3 prof=-0.7 alt=-1.7 mm (tolerância 40/6/4)
[INFO] [1790797846.575602, 4298.329000]: [mission] destrava: ponta desceu 17.4 mm desde a captura (critério observável) | lingueta 17.3 mm (só na simulação)
[INFO] [1790797846.576852, 4298.330000]: [mission] destrava: lingueta em 17.3 mm — gatilho solto
[INFO] [1790797847.082496, 4298.831000]: [mission] fase "libera": modo whole-body/Fuzzy (YAML)
[INFO] [1790797847.287880, 4299.033000]: [mission] plano de exclusão publicado: parede em [ 0.007  3.003 -0.004], normal segura [ 0.012 -1.     0.   ]
[INFO] [1790797847.590170, 4299.335000]: [mission] fase "libera": whole-body assumiu (base livre, restrita pelo plano de exclusão)
[INFO] [1790797847.690901, 4299.435000]: [mission] fase "libera": whole-body a 0.0299 m do alvo — eixo=+2.3 prof=+29.4 alt=+5.3 mm
[INFO] [1790797849.813392, 4301.535000]: [mission] fase "libera": whole-body a 0.0073 m do alvo — eixo=-0.2 prof=+4.2 alt=+5.9 mm
[INFO] [1790797850.836811, 4302.535000]: [mission] fase "libera" alcançada por whole-body em 3.2s (0.0045 m) — no frame da parede eixo=-0.7 prof=+1.7 alt=+4.1 mm (tolerância 40/8/6)
[INFO] [1790797851.570237, 4303.240000]: [mission] fase "arco1"/puxa: RECUANDO 0.022 m só com as rodas
[INFO] [1790797852.032045, 4303.691000]: [mission] fase "arco1"/puxa: concluído (0.022 m)
[INFO] [1790797852.034161, 4303.693000]: [mission] fase "arco1": modo whole-body/Fuzzy (YAML)
[INFO] [1790797852.246898, 4303.896000]: [mission] plano de exclusão publicado: parede em [ 0.007  3.003 -0.004], normal segura [ 0.012 -1.     0.   ]
[INFO] [1790797852.560147, 4304.202000]: [mission] fase "arco1": whole-body assumiu (base livre, restrita pelo plano de exclusão)
[INFO] [1790797852.562204, 4304.204000]: [mission] fase "arco1": whole-body a 0.0063 m do alvo — eixo=-1.1 prof=-2.7 alt=-5.6 mm
[INFO] [1790797852.965647, 4304.603000]: [mission] fase "arco1" alcançada por whole-body em 0.4s (0.0043 m) — no frame da parede eixo=-1.1 prof=-1.1 alt=-4.0 mm (tolerância 40/10/15)
[INFO] [1790797852.966691, 4304.604000]: [mission] arco1: SOLTURA observável — recuo 52.9 mm desde a captura (mín 40) com deriva de eixo +5.0 mm → SOLTA
[INFO] [1790797853.177040, 4304.812000]: [mission] waypoint de 15° — lâmina medida em 13.5° (abertura por CONTATO)
[INFO] [1790797853.701865, 4305.314000]: [mission] fase "arco2"/puxa: RECUANDO 0.048 m só com as rodas
[INFO] [1790797854.621906, 4306.215000]: [mission] fase "arco2"/puxa: concluído (0.050 m)
[INFO] [1790797854.623968, 4306.217000]: [mission] fase "arco2": modo whole-body/Fuzzy (YAML)
[INFO] [1790797854.829005, 4306.420000]: [mission] plano de exclusão publicado: parede em [ 0.007  3.003 -0.004], normal segura [ 0.012 -1.     0.   ]
[INFO] [1790797855.137801, 4306.726000]: [mission] fase "arco2": whole-body assumiu (base livre, restrita pelo plano de exclusão)
[INFO] [1790797855.139185, 4306.727000]: [mission] fase "arco2": whole-body a 0.0188 m do alvo — eixo=-1.5 prof=-4.3 alt=-18.2 mm
[INFO] [1790797855.948619, 4307.527000]: [mission] fase "arco2" alcançada por whole-body em 0.8s (0.0101 m) — no frame da parede eixo=-1.1 prof=-2.1 alt=-9.9 mm (tolerância 40/10/15)
[INFO] [1790797856.164873, 4307.739000]: [mission] waypoint de 30° — lâmina medida em 29.1° (abertura por CONTATO)
[INFO] [1790797856.670205, 4308.241000]: [mission] fase "desengata": modo IK iterativa (YAML)
[INFO] [1790797856.673567, 4308.244000]: [mission] âncora engatada (fase "desengata")
[INFO] [1790797858.495231, 4310.046000]: [mission] fase "desengata" it0: ponta (0.301, 2.783, 0.744) erro=0.0085 | degrau eixo 5.7° | rolagem 6.0° | IK pediu [-16.4 -20.4  -0.   80.4  80. ] | faltou [ 0.1 -0.2 -0.4 -0.5  0. ] graus
[INFO] [1790797858.497317, 4310.049000]: [mission] fase "desengata" alcançada em 1 iteração(ões) (0.0085 m)
[INFO] [1790797859.010136, 4310.557000]: [mission] MANIPULATE concluída — chave ABERTA, lâmina medida em 29.1°
[INFO] [1790797859.013618, 4310.560000]: State machine transitioning 'MANIPULATE':'done'-->'RETRACT'
[INFO] [1790797859.430485, 4310.973000]: [mission] âncora engatada (fase "saida_sobe")
[INFO] [1790797861.059626, 4312.580000]: [mission] fase "saida_sobe" it0: ponta (0.302, 2.790, 0.768) erro=0.0083 | degrau eixo 5.6° | rolagem 5.8° | IK pediu [-16.3 -17.5   0.   78.5  79.8] | faltou [ 0.  -0.3 -0.3 -0.3  0. ] graus
[INFO] [1790797861.064326, 4312.584000]: [mission] fase "saida_sobe" it0: no frame da parede eixo=+0.9 prof=+6.1 alt=+5.5 mm (tolerância 30/20/10)
[INFO] [1790797861.066644, 4312.587000]: [mission] fase "saida_sobe" alcançada em 1 iteração(ões) (0.0083 m)
[INFO] [1790797861.071342, 4312.591000]: [mission] âncora engatada (fase "saida_eixo")
[INFO] [1790797862.997222, 4314.496000]: [mission] fase "saida_eixo" it0: ponta (0.421, 2.793, 0.767) erro=0.0097 | degrau eixo 12.0° | rolagem 12.6° | IK pediu [-25.7 -15.3  -0.   70.   72.5] | faltou [ 0.  -0.3 -0.4 -0.5  0. ] graus
[INFO] [1790797862.999640, 4314.499000]: [mission] fase "saida_eixo" it0: no frame da parede eixo=+0.2 prof=+6.8 alt=+6.9 mm (tolerância 20/20/15)
[INFO] [1790797863.000686, 4314.500000]: [mission] fase "saida_eixo" alcançada em 1 iteração(ões) (0.0097 m)
[INFO] [1790797863.003603, 4314.503000]: [mission] âncora engatada (fase "saida_fora")
[INFO] [1790797865.740907, 4317.206000]: [mission] fase "saida_fora" it0: ponta (0.422, 2.691, 0.771) erro=0.0060 | degrau eixo 6.8° | rolagem 7.2° | IK pediu [-29.2 -20.7  -0.   94.2  66.3] | faltou [ 0.1 -0.2 -0.3 -0.4  0. ] graus
[INFO] [1790797865.745132, 4317.211000]: [mission] fase "saida_fora" it0: no frame da parede eixo=-0.4 prof=+5.2 alt=+3.0 mm (tolerância 30/20/20)
[INFO] [1790797865.746973, 4317.213000]: [mission] âncora solta — 1 correções de deriva
[INFO] [1790797865.749270, 4317.215000]: [mission] fase "saida_fora" alcançada em 1 iteração(ões) (0.0060 m) — âncora corrigiu 1 vez(es)
[INFO] [1790797865.751966, 4317.218000]: [mission] RETRACT/afasta: RECUANDO 0.250 m só com as rodas
[INFO] [1790797870.300494, 4321.720000]: [mission] RETRACT/afasta: concluído (0.253 m)
[INFO] [1790797870.301323, 4321.721000]: [mission] postura "stow_home" comandada: [0.0, 1.13, -1.04, -1.8, 0.0]
[INFO] [1790797881.968071, 4333.221000]: State machine transitioning 'RETRACT':'ok'-->'RETURN'
[INFO] [1790797881.970373, 4333.223000]: [mission] RETURN — voltando a (-0.00, 1.00, -0.02 rad)
[INFO] [1790797895.987722, 4347.075000]: [mission] RETURN: alinhado, avançando (1.18 m)
[INFO] [1790797896.038780, 4347.126000]: [mission] teto por postura ativo no drive: v<=0.23 w<=0.50 rampa 0.51/1.51
[INFO] [1790797904.984604, 4355.975000]: [mission] RETURN: chegou, ajustando heading final
[INFO] [1790797905.036035, 4356.025000]: [mission] teto por postura ativo no drive: v<=0.23 w<=0.50 rampa 0.51/1.52
[INFO] [1790797912.418378, 4363.325000]: [mission] RETURN: concluído
[INFO] [1790797912.419944, 4363.327000]: State machine terminating 'RETURN':'home':'MISSION_OK'
[INFO] [1790797912.421405, 4363.328000]: [mission] resultado: MISSION_OK
... logging to /home/marco/.ros/log/11e1488e-bcfe-11f1-8eb4-b025aa85b2a2/roslaunch-shiroi-2156764.log
Checking log directory for disk usage. This may take a while.
Press Ctrl-C to interrupt
]2;/home/marco/b166er/src/b166er_whole_body_control/launch/chave_mission.launch
[1mstarted roslaunch server http://shiroi:35367/[0m

SUMMARY
========

PARAMETERS
 * /chave_mission/estado_final: 
 * /chave_mission/estado_inicial: STOW_INIT
 * /chave_mission/pausa_por_fase: False
 * /chave_mission/search_omega: 0.35
 * /chave_mission/standoff_distance: 0.62
 * /chave_mission/use_wholebody: False
 * /chave_seccionadora_task/aproxima_lateral/modo: ik
 * /chave_seccionadora_task/aproxima_lateral/offset_xyz_m: [-0.09, 0.008, 0.01]
 * /chave_seccionadora_task/aproxima_lateral/tol_xyz_m: [0.04, 0.008, 0.005]
 * /chave_seccionadora_task/arco1/blade_angle_deg: 15
 * /chave_seccionadora_task/arco1/deriva_eixo_max_m: 0.015
 * /chave_seccionadora_task/arco1/modo: wb
 * /chave_seccionadora_task/arco1/offset_xyz_m: [0.0, 0.0518, -0....
 * /chave_seccionadora_task/arco1/soltura_recuo_min_m: 0.04
 * /chave_seccionadora_task/arco1/tol_xyz_m: [0.04, 0.01, 0.015]
 * /chave_seccionadora_task/arco2/blade_angle_deg: 30
 * /chave_seccionadora_task/arco2/deriva_eixo_max_m: 0.015
 * /chave_seccionadora_task/arco2/modo: wb
 * /chave_seccionadora_task/arco2/offset_xyz_m: [0.0, 0.1, -0.0518]
 * /chave_seccionadora_task/arco2/tol_xyz_m: [0.04, 0.01, 0.015]
 * /chave_seccionadora_task/atravessa/modo: ik
 * /chave_seccionadora_task/atravessa/offset_xyz_m: [-0.008, 0.008, 0...
 * /chave_seccionadora_task/atravessa/tol_xyz_m: [0.008, 0.006, 0....
 * /chave_seccionadora_task/captura/modo: ik
 * /chave_seccionadora_task/captura/offset_xyz_m: [0.0, 0.0, -0.01]
 * /chave_seccionadora_task/captura/tol_xyz_m: [0.04, 0.006, 0.01]
 * /chave_seccionadora_task/desengata/modo: ik
 * /chave_seccionadora_task/desengata/offset_xyz_m: [-0.09, 0.1, -0.0...
 * /chave_seccionadora_task/destrava/curso_estagna_m: 0.01
 * /chave_seccionadora_task/destrava/curso_margem_m: 0.002
 * /chave_seccionadora_task/destrava/curso_min_m: 0.018
 * /chave_seccionadora_task/destrava/modo: wb
 * /chave_seccionadora_task/destrava/offset_xyz_m: [0.0, 0.0, -0.025]
 * /chave_seccionadora_task/destrava/tol_xyz_m: [0.04, 0.006, 0.004]
 * /chave_seccionadora_task/libera/deriva_eixo_max_m: 0.015
 * /chave_seccionadora_task/libera/modo: wb
 * /chave_seccionadora_task/libera/offset_xyz_m: [0.0, 0.03, -0.025]
 * /chave_seccionadora_task/libera/tol_xyz_m: [0.04, 0.008, 0.006]
 * /chave_seccionadora_task/orienta/modo: ik
 * /chave_seccionadora_task/orienta/offset_xyz_m: [-0.09, 0.15, 0.0...
 * /chave_seccionadora_task/reassenta_sobe/tol_xyz_m: [0.03, 0.02, 0.005]
 * /chave_seccionadora_task/saida_eixo/tol_xyz_m: [0.02, 0.02, 0.015]
 * /chave_seccionadora_task/saida_fora/tol_xyz_m: [0.03, 0.02, 0.02]
 * /chave_seccionadora_task/saida_sobe/tol_xyz_m: [0.03, 0.02, 0.01]
 * /chave_seccionadora_task/target_frame: chave_olhal_link
 * /fuzzy_wb_controller/fixed_gains: []
 * /rosdistro: noetic
 * /rosversion: 1.17.4

NODES
  /
    chave_mission (b166er_whole_body_control/chave_mission.py)

[1mROS_MASTER_URI=http://localhost:11311[0m
]2;/home/marco/b166er/src/b166er_whole_body_control/launch/chave_mission.launch http://localhost:11311
[1mprocess[chave_mission-1]: started with pid [2156808][0m
[1m[chave_mission-1] process has finished cleanly
log file: /home/marco/.ros/log/11e1488e-bcfe-11f1-8eb4-b025aa85b2a2/chave_mission-1*.log[0m
all processes on machine have died, roslaunch will exit
shutting down processing monitor...
... shutting down processing monitor complete
[1mdone[0m
