[31mWARNING: disk usage in log directory [/home/marco/.ros/log] is over 1GB.
It's recommended that you use the 'rosclean' command.[0m
the rosdep view is empty: call 'sudo rosdep init' and 'rosdep update'
[WARN] [1791382458.513260, 490.598000]: [mission] SEARCH: 11 de 25 amostras descartadas como outlier (>0.15 m ou >0.20 rad da mediana)
[WARN] [1791382458.570022, 490.654000]: [mission] SEARCH: laser discorda demais da tag (profundidade +71 mm, yaw +7.3°) — parede fica pela tag
[INFO] [1791382382.590974, 0.000000]: garra_dx = 0.000 m (fechada)
[INFO] [1791382382.657963, 415.840000]: State machine starting in initial state 'STOW_INIT' with userdata: 
	[]
[INFO] [1791382382.962048, 416.142000]: [mission] pose de partida registrada: (-0.00, 1.00, 0.04 rad)
[INFO] [1791382382.963481, 416.143000]: [mission] postura "stow_home" comandada: [0.0, 1.13, -1.04, -1.8, 0.0]
[INFO] [1791382413.553237, 446.244000]: State machine transitioning 'STOW_INIT':'ok'-->'SEARCH'
[INFO] [1791382413.555422, 446.246000]: [mission] postura "search" comandada: [0.0, 1.0, -1.0, 0.0, 0.0]
[INFO] [1791382444.092622, 476.347000]: [mission] SEARCH — girando à procura da tag...
[INFO] [1791382444.094716, 476.349000]: [mission] SEARCH: amostra quando a tag estiver a raio 0.35-0.50 do quadro (vista oblíqua; omega fina 0.15 rad/s)
[INFO] [1791382445.057574, 477.302000]: [mission] SEARCH: tag a raio 0.92 — girando até <= 0.50
[INFO] [1791382452.056846, 484.205000]: [mission] SEARCH: tag a raio 0.49 — parando
[INFO] [1791382452.058495, 484.206000]: [mission] tag avistada — parando para medir
[INFO] [1791382453.071535, 485.211000]: [mission] âncora engatada (coleta do SEARCH)
[INFO] [1791382453.072858, 485.212000]: [mission] SEARCH: coleta com dither ±0.05 rad/s (período 3.0 s)
[INFO] [1791382458.498557, 490.584000]: [mission] âncora solta — 9 correções de deriva
[INFO] [1791382458.500768, 490.586000]: [mission] SEARCH: âncora corrigiu a deriva 9 vez(es) durante a coleta
[INFO] [1791382458.515627, 490.601000]: [mission] SEARCH: 14 amostras — parede (0.014, 3.071, -0.003) yaw=3.013
[INFO] [1791382458.572920, 490.657000]: [mission] parede localizada em (0.014, 3.071, -0.003)
[INFO] [1791382458.581010, 490.665000]: State machine transitioning 'SEARCH':'found'-->'APPROACH'
[INFO] [1791382458.583636, 490.668000]: [mission] APPROACH etapa 1/2 — 1.30 m do olhal, alvo (0.03, 1.63, 1.44 rad)
[INFO] [1791382462.329774, 494.370000]: [mission] APPROACH: alinhado, avançando (0.75 m)
[INFO] [1791382462.382382, 494.420000]: [mission] teto por postura ativo no drive: v<=0.15 w<=0.50 rampa 0.43/1.52
[INFO] [1791382468.520797, 500.470000]: [mission] APPROACH: chegou, ajustando heading final
[INFO] [1791382468.570537, 500.520000]: [mission] teto por postura ativo no drive: v<=0.15 w<=0.50 rampa 0.42/1.52
[INFO] [1791382470.550342, 502.470000]: [mission] APPROACH: concluído
[INFO] [1791382471.573618, 503.474000]: [mission] âncora engatada (coleta do APPROACH/remedida)
[INFO] [1791382471.575706, 503.477000]: [mission] APPROACH/remedida: coleta com dither ±0.05 rad/s (período 3.0 s)
[INFO] [1791382473.875992, 505.748000]: [mission] âncora solta — 3 correções de deriva
[INFO] [1791382473.878352, 505.751000]: [mission] APPROACH/remedida: âncora corrigiu a deriva 3 vez(es) durante a coleta
[INFO] [1791382473.881012, 505.753000]: [mission] APPROACH/remedida: 10 amostras — parede (0.002, 2.999, -0.002) yaw=-3.139
[INFO] [1791382473.935102, 505.806000]: [mission] APPROACH/remedida: parede pelo LASER — 89 pontos, resíduo 5.2 mm: profundidade +0.4 mm e yaw -0.11° em relação à tag → parede (0.002, 2.999, -0.002) yaw=-3.141
[INFO] [1791382473.937887, 505.809000]: [mission] APPROACH etapa 2/2 — 0.88 m do olhal, alvo (0.37, 1.99, 1.57 rad)
[INFO] [1791382477.108358, 508.910000]: [mission] APPROACH: alinhado, avançando (0.57 m)
[INFO] [1791382477.160016, 508.960000]: [mission] teto por postura ativo no drive: v<=0.15 w<=0.50 rampa 0.42/1.53
[INFO] [1791382482.281893, 514.010000]: [mission] APPROACH: chegou, ajustando heading final
[INFO] [1791382482.332413, 514.060000]: [mission] teto por postura ativo no drive: v<=0.15 w<=0.50 rampa 0.42/1.52
[INFO] [1791382487.122042, 518.760000]: [mission] APPROACH: concluído
[INFO] [1791382487.126613, 518.765000]: State machine transitioning 'APPROACH':'arrived'-->'REFINE'
[INFO] [1791382487.127541, 518.766000]: [mission] REFINE — remedindo a parede de perto (10 amostras)
[INFO] [1791382487.129438, 518.768000]: [mission] âncora engatada (coleta do REFINE)
[INFO] [1791382487.130259, 518.769000]: [mission] REFINE: coleta com dither ±0.05 rad/s (período 3.0 s)
[INFO] [1791382488.278292, 519.905000]: [mission] REFINE: 10 amostras — parede (0.003, 3.006, -0.001) yaw=3.120
[INFO] [1791382488.329938, 519.956000]: [mission] REFINE: parede pelo LASER — 82 pontos, resíduo 4.9 mm: profundidade +7.5 mm e yaw +0.99° em relação à tag → parede (0.003, 2.998, -0.001) yaw=3.137
[INFO] [1791382488.333467, 519.959000]: [mission] REFINE: deslocou 0.001 m da estimativa anterior
[INFO] [1791382488.335654, 519.960000]: [mission] olhal estimado em (0.202, 2.868, 0.804)
[INFO] [1791382488.343540, 519.968000]: State machine transitioning 'REFINE':'ok'-->'DEPLOY'
[INFO] [1791382488.346438, 519.971000]: [mission] DEPLOY: IK resolvida para a POSE DE MANIPULAÇÃO (0.20, 2.25, 1.57 rad), não para a atual
[INFO] [1791382493.159153, 523.172000]: [mission] DEPLOY: IK nivelada 0.0709 m, só eixo 0.0014 m — a MISSÃO INTEIRA usa "eixo"
[INFO] [1791382493.163962, 524.784000]: [mission] DEPLOY: IK da ponta resolvida (resíduo 0.0014 m, degrau 0.4°) — pré-posicionando em [-10.9 -46.5  60.   78.5 -10.9] graus
[INFO] [1791382501.994272, 533.487000]: [mission] plano de exclusão publicado: parede em [ 3.000e-03  2.998e+00 -1.000e-03], normal segura [-0.004 -1.     0.   ]
[INFO] [1791382502.210680, 533.701000]: [mission] teto por postura ativo no drive: v<=0.26 w<=0.50 rampa 0.55/1.60
[INFO] [1791382506.964325, 538.400000]: [mission] DEPLOY/aproxima: alinhado, avançando (0.42 m)
[INFO] [1791382511.527224, 542.900000]: [mission] DEPLOY/aproxima: chegou, ajustando heading final
[INFO] [1791382517.808978, 549.100000]: [mission] DEPLOY/aproxima: concluído
[INFO] [1791382517.813308, 549.104000]: State machine transitioning 'DEPLOY':'ok'-->'MANIPULATE'
[INFO] [1791382517.816525, 549.107000]: [mission] fase "orienta": modo IK iterativa (YAML)
[INFO] [1791382517.822504, 549.113000]: [mission] âncora engatada (fase "orienta")
[INFO] [1791382523.275514, 554.456000]: [mission] fase "orienta" it0: ponta (0.286, 2.723, 0.809) erro=0.0094 | degrau eixo 0.1° | rolagem 0.1° | IK pediu [-21.3 -26.   19.2  96.3 -17.6] | faltou [ 0.2 -0.5  0.6  0.  -0. ] graus
[INFO] [1791382523.277692, 554.458000]: [mission] âncora solta — 3 correções de deriva
[INFO] [1791382523.279328, 554.460000]: [mission] fase "orienta" alcançada em 1 iteração(ões) (0.0094 m) — âncora corrigiu 3 vez(es)
[INFO] [1791382523.785167, 554.965000]: [mission] fase "aproxima_lateral": modo IK iterativa (YAML)
[INFO] [1791382523.791407, 554.970000]: [mission] âncora engatada (fase "aproxima_lateral")
[INFO] [1791382535.970022, 566.978000]: [mission] fase "aproxima_lateral" it0: ponta (0.283, 2.864, 0.808) erro=0.0116 | degrau eixo 5.8° | rolagem 5.9° | IK pediu [-18.4 -13.3   0.   78.3 -12.6] | faltou [ 0.2 -0.4 -0.1  0.2 -0.1] graus
[INFO] [1791382535.974207, 566.983000]: [mission] fase "aproxima_lateral" it0: no frame da parede eixo=-8.8 prof=+4.6 alt=+6.0 mm (tolerância 40/8/5)
[INFO] [1791382538.432264, 569.406000]: [mission] fase "aproxima_lateral" it1: ponta (0.296, 2.858, 0.813) erro=0.0045 | degrau eixo 5.8° | rolagem 6.1° | IK pediu [-19.7 -13.    0.   79.1 -13.3] | faltou [ 0.1 -0.4 -0.2 -0.  -0.1] graus
[INFO] [1791382538.435950, 569.410000]: [mission] fase "aproxima_lateral" it1: no frame da parede eixo=+4.3 prof=-1.0 alt=+0.9 mm (tolerância 40/8/5)
[INFO] [1791382538.437760, 569.412000]: [mission] âncora solta — 8 correções de deriva
[INFO] [1791382538.439400, 569.413000]: [mission] fase "aproxima_lateral" alcançada em 2 iteração(ões) (0.0045 m) — âncora corrigiu 8 vez(es)
[INFO] [1791382538.953898, 569.920000]: [mission] fase "atravessa": modo IK iterativa (YAML)
[INFO] [1791382538.958390, 569.924000]: [mission] âncora engatada (fase "atravessa")
[INFO] [1791382543.898295, 574.765000]: [mission] fase "atravessa" it0: ponta (0.210, 2.868, 0.813) erro=0.0089 | degrau eixo 2.5° | rolagem 2.5° | IK pediu [-12.4 -14.3   0.   83.   -6.4] | faltou [-0.1  0.4 -0.7 -1.5  0.6] graus
[INFO] [1791382543.904242, 574.771000]: [mission] fase "atravessa" it0: no frame da parede eixo=-0.6 prof=+8.8 alt=+0.9 mm (tolerância 8/6/5)
[ERROR] [1791382641.212756, 670.615000]: [mission] postura não atingida em 30s
[WARN] [1791382641.220387, 670.622000]: [mission] ABORT — parando base e recolhendo braço
[WARN] [1791382641.630857, 671.024000]: [mission] ABORT: ponta a 0.037 m do olhal — saindo em degraus: sobe 30 mm, 120 mm pelo eixo do furo, 100 mm para fora, antes de recolher
[ERROR] [1791382675.824009, 704.674000]: [mission] postura não atingida em 30s
[WARN] [1791382675.825240, 704.675000]: [mission] ABORT: degrau "saida_sobe" não fechou — seguindo para o próximo
[ERROR] [1791382758.316977, 785.807000]: [mission] postura não atingida em 30s
[WARN] [1791382758.318714, 785.808000]: [mission] ABORT: degrau "saida_eixo" não fechou — seguindo para o próximo
[ERROR] [1791382790.123663, 817.277000]: [mission] postura não atingida em 30s
[WARN] [1791382790.124928, 817.277000]: [mission] ABORT: degrau "saida_fora" não fechou — seguindo para o próximo
[WARN] [1791382808.034814, 834.881000]: [mission] ABORT — voltando à pose de partida (-0.00, 1.00, 0.04 rad)
[INFO] [1791382546.560285, 577.383000]: [mission] fase "atravessa" it1: ponta (0.209, 2.863, 0.811) erro=0.0047 | degrau eixo 2.3° | rolagem 2.6° | IK pediu [-12.9 -14.7   0.   85.2  -6.5] | faltou [ 0.1  1.1 -2.4 -1.2  0.2] graus
[INFO] [1791382546.562560, 577.386000]: [mission] fase "atravessa" it1: no frame da parede eixo=-0.8 prof=+3.1 alt=+3.4 mm (tolerância 8/6/5)
[INFO] [1791382546.563606, 577.387000]: [mission] âncora solta — 3 correções de deriva
[INFO] [1791382546.564481, 577.388000]: [mission] fase "atravessa" alcançada em 2 iteração(ões) (0.0047 m) — âncora corrigiu 3 vez(es)
[INFO] [1791382547.073864, 577.890000]: [mission] fase "captura": modo IK iterativa (YAML)
[INFO] [1791382547.076408, 577.892000]: [mission] âncora engatada (fase "captura")
[INFO] [1791382579.054436, 609.354000]: [mission] fase "captura" it0: ponta (0.208, 2.841, 0.822) erro=0.0389 | degrau eixo 2.3° | rolagem 3.3° | IK pediu [-12.3 -16.4  -0.3  83.6  -5.6] | faltou [-0.5 -3.7 12.9 -3.4 -5.2] graus
[INFO] [1791382579.058379, 609.358000]: [mission] fase "captura" it0: no frame da parede eixo=+6.2 prof=-26.3 alt=-27.9 mm (tolerância 40/6/10)
[INFO] [1791382610.571696, 640.504000]: [mission] fase "captura" it1: ponta (0.191, 2.883, 0.772) erro=0.0289 | degrau eixo 2.6° | rolagem 2.5° | IK pediu [-11.4 -18.4   0.7  78.8  -4.7] | faltou [  0.2   6.4 -15.2   9.7  -0.1] graus
[INFO] [1791382610.574746, 640.506000]: [mission] fase "captura" it1: no frame da parede eixo=-11.0 prof=+15.3 alt=+22.0 mm (tolerância 40/6/10)
[INFO] [1791382641.218149, 670.620000]: State machine transitioning 'MANIPULATE':'failed'-->'ABORT_SAFE'
[INFO] [1791382641.637404, 671.030000]: [mission] âncora engatada (fase "saida_sobe")
[INFO] [1791382645.248149, 674.566000]: [mission] fase "saida_sobe" it0: ponta (0.223, 2.887, 0.783) erro=0.0217 | degrau eixo 2.9° | rolagem 3.6° | IK pediu [-12.6 -14.8  -0.6  80.   -6.1] | faltou [ -0.4   9.5 -24.8  10.5  -0.1] graus
[INFO] [1791382645.250559, 674.569000]: [mission] fase "saida_sobe" it0: no frame da parede eixo=+9.2 prof=+7.5 alt=+18.1 mm (tolerância 30/20/10)
[INFO] [1791382675.828897, 704.678000]: [mission] âncora engatada (fase "saida_eixo")
[INFO] [1791382707.782725, 736.125000]: [mission] fase "saida_eixo" it0: ponta (0.347, 2.890, 0.733) erro=0.0701 | degrau eixo 8.3° | rolagem 12.6° | IK pediu [-21.4 -13.7  -0.   73.3 -14.3] | faltou [ -0.2 -21.2  35.5 -25.6  -0.2] graus
[INFO] [1791382707.785352, 736.128000]: [mission] fase "saida_eixo" it0: no frame da parede eixo=+13.0 prof=+11.1 alt=+68.0 mm (tolerância 20/20/15)
[INFO] [1791382727.584048, 755.635000]: [mission] fase "saida_eixo" it1: ponta (0.330, 2.868, 0.851) erro=0.0512 | degrau eixo 6.7° | rolagem 7.0° | IK pediu [-20.2  -8.2   0.   72.8 -14.3] | faltou [ -0.2   5.1 -12.9   6.9  -0.1] graus
[INFO] [1791382727.585187, 755.636000]: [mission] fase "saida_eixo" it1: no frame da parede eixo=-4.3 prof=-11.6 alt=-49.7 mm (tolerância 20/20/15)
[INFO] [1791382758.322517, 785.812000]: [mission] âncora engatada (fase "saida_fora")
[INFO] [1791382759.690168, 787.168000]: [mission] fase "saida_fora" it0: ponta (0.351, 2.802, 0.806) erro=0.0294 | degrau eixo 3.7° | rolagem 6.0° | IK pediu [-24.  -18.1  -0.   96.7 -18.8] | faltou [ -0.2  10.2 -19.8   3.1  -0.1] graus
[INFO] [1791382759.692795, 787.171000]: [mission] fase "saida_fora" it0: no frame da parede eixo=+17.5 prof=+23.1 alt=-5.0 mm (tolerância 30/20/20)
[INFO] [1791382790.126002, 817.279000]: [mission] ABORT/afasta: RECUANDO 0.250 m só com as rodas
[INFO] [1791382794.553044, 821.680000]: [mission] ABORT/afasta: concluído (0.251 m)
[INFO] [1791382794.553786, 821.680000]: [mission] postura "stow_home" comandada: [0.0, 1.13, -1.04, -1.8, 0.0]
[INFO] [1791382822.294840, 848.933000]: [mission] ABORT/retorno: alinhado, avançando (1.40 m)
[INFO] [1791382822.346696, 848.983000]: [mission] teto por postura ativo no drive: v<=0.25 w<=0.50 rampa 0.54/1.51
[INFO] [1791382832.845640, 859.333000]: [mission] ABORT/retorno: chegou, ajustando heading final
[INFO] [1791382832.895787, 859.383000]: [mission] teto por postura ativo no drive: v<=0.24 w<=0.50 rampa 0.53/1.51
[INFO] [1791382839.907284, 866.283000]: [mission] ABORT/retorno: concluído
[INFO] [1791382839.909629, 866.286000]: State machine terminating 'ABORT_SAFE':'aborted':'MISSION_ABORTED'
[INFO] [1791382839.911510, 866.287000]: [mission] resultado: MISSION_ABORTED
... logging to /home/marco/.ros/log/35efb684-c258-11f1-a7ee-b025aa85b2a2/roslaunch-shiroi-3119606.log
Checking log directory for disk usage. This may take a while.
Press Ctrl-C to interrupt
]2;/home/marco/b166er/src/b166er_whole_body_control/launch/chave_mission.launch
[1mstarted roslaunch server http://shiroi:35477/[0m

SUMMARY
========

PARAMETERS
 * /chave_mission/estado_final: 
 * /chave_mission/estado_inicial: STOW_INIT
 * /chave_mission/pausa_por_fase: False
 * /chave_mission/search_omega: 0.35
 * /chave_mission/standoff_distance: 0.62
 * /chave_mission/use_wholebody: False
 * /chave_seccionadora_task/aproxima_lateral/modo: ik
 * /chave_seccionadora_task/aproxima_lateral/offset_xyz_m: [-0.09, 0.008, 0.01]
 * /chave_seccionadora_task/aproxima_lateral/tol_xyz_m: [0.04, 0.008, 0.005]
 * /chave_seccionadora_task/arco1/blade_angle_deg: 15
 * /chave_seccionadora_task/arco1/deriva_eixo_max_m: 0.015
 * /chave_seccionadora_task/arco1/modo: wb
 * /chave_seccionadora_task/arco1/offset_xyz_m: [0.0, 0.0518, -0....
 * /chave_seccionadora_task/arco1/soltura_recuo_min_m: 0.04
 * /chave_seccionadora_task/arco1/tol_xyz_m: [0.04, 0.01, 0.015]
 * /chave_seccionadora_task/arco2/blade_angle_deg: 30
 * /chave_seccionadora_task/arco2/deriva_eixo_max_m: 0.015
 * /chave_seccionadora_task/arco2/modo: wb
 * /chave_seccionadora_task/arco2/offset_xyz_m: [0.0, 0.1, -0.0518]
 * /chave_seccionadora_task/arco2/tol_xyz_m: [0.04, 0.01, 0.015]
 * /chave_seccionadora_task/atravessa/modo: ik
 * /chave_seccionadora_task/atravessa/offset_xyz_m: [-0.008, 0.008, 0...
 * /chave_seccionadora_task/atravessa/tol_xyz_m: [0.008, 0.006, 0....
 * /chave_seccionadora_task/captura/modo: ik
 * /chave_seccionadora_task/captura/offset_xyz_m: [0.0, 0.0, -0.01]
 * /chave_seccionadora_task/captura/tol_xyz_m: [0.04, 0.006, 0.01]
 * /chave_seccionadora_task/desengata/modo: ik
 * /chave_seccionadora_task/desengata/offset_xyz_m: [-0.09, 0.1, -0.0...
 * /chave_seccionadora_task/destrava/curso_estagna_m: 0.01
 * /chave_seccionadora_task/destrava/curso_margem_m: 0.002
 * /chave_seccionadora_task/destrava/curso_min_m: 0.018
 * /chave_seccionadora_task/destrava/curso_teto_m: 0.022
 * /chave_seccionadora_task/destrava/modo: wb
 * /chave_seccionadora_task/destrava/offset_xyz_m: [0.0, 0.0, -0.025]
 * /chave_seccionadora_task/destrava/tol_xyz_m: [0.04, 0.006, 0.004]
 * /chave_seccionadora_task/libera/deriva_eixo_max_m: 0.015
 * /chave_seccionadora_task/libera/modo: wb
 * /chave_seccionadora_task/libera/offset_xyz_m: [0.0, 0.03, -0.025]
 * /chave_seccionadora_task/libera/tol_xyz_m: [0.04, 0.008, 0.006]
 * /chave_seccionadora_task/orienta/modo: ik
 * /chave_seccionadora_task/orienta/offset_xyz_m: [-0.09, 0.15, 0.0...
 * /chave_seccionadora_task/reassenta_sobe/tol_xyz_m: [0.03, 0.02, 0.005]
 * /chave_seccionadora_task/saida_eixo/tol_xyz_m: [0.02, 0.02, 0.015]
 * /chave_seccionadora_task/saida_fora/tol_xyz_m: [0.03, 0.02, 0.02]
 * /chave_seccionadora_task/saida_sobe/tol_xyz_m: [0.03, 0.02, 0.01]
 * /chave_seccionadora_task/target_frame: chave_olhal_link
 * /fuzzy_wb_controller/fixed_gains: []
 * /rosdistro: noetic
 * /rosversion: 1.17.4

NODES
  /
    chave_mission (b166er_whole_body_control/chave_mission.py)

[1mROS_MASTER_URI=http://localhost:11311[0m
]2;/home/marco/b166er/src/b166er_whole_body_control/launch/chave_mission.launch http://localhost:11311
[1mprocess[chave_mission-1]: started with pid [3119650][0m
[1m[chave_mission-1] process has finished cleanly
log file: /home/marco/.ros/log/35efb684-c258-11f1-a7ee-b025aa85b2a2/chave_mission-1*.log[0m
all processes on machine have died, roslaunch will exit
shutting down processing monitor...
... shutting down processing monitor complete
[1mdone[0m
