[31mWARNING: disk usage in log directory [/home/marco/.ros/log] is over 1GB.
It's recommended that you use the 'rosclean' command.[0m
the rosdep view is empty: call 'sudo rosdep init' and 'rosdep update'
[WARN] [1791382095.740052, 133.737000]: [mission] SEARCH: 5 de 25 amostras descartadas como outlier (>0.15 m ou >0.20 rad da mediana)
[WARN] [1791382095.792996, 133.790000]: [mission] SEARCH: laser com só 28 pontos de parede (mín 30) — parede fica pela tag
[INFO] [1791382018.075951, 57.029000]: garra_dx = 0.000 m (fechada)
[INFO] [1791382018.126786, 57.072000]: State machine starting in initial state 'STOW_INIT' with userdata: 
	[]
[INFO] [1791382018.420226, 57.373000]: [mission] pose de partida registrada: (0.01, 1.00, 0.01 rad)
[INFO] [1791382018.422295, 57.375000]: [mission] postura "stow_home" comandada: [0.0, 1.13, -1.04, -1.8, 0.0]
[INFO] [1791382048.921612, 87.477000]: State machine transitioning 'STOW_INIT':'ok'-->'SEARCH'
[INFO] [1791382048.923114, 87.478000]: [mission] postura "search" comandada: [0.0, 1.0, -1.0, 0.0, 0.0]
[INFO] [1791382079.425449, 117.579000]: [mission] SEARCH — girando à procura da tag...
[INFO] [1791382079.426826, 117.580000]: [mission] SEARCH: amostra quando a tag estiver a raio 0.35-0.50 do quadro (vista oblíqua; omega fina 0.15 rad/s)
[INFO] [1791382081.044004, 119.181000]: [mission] SEARCH: tag a raio 0.97 — girando até <= 0.50
[INFO] [1791382089.174992, 127.232000]: [mission] SEARCH: tag a raio 0.50 — parando
[INFO] [1791382089.178071, 127.235000]: [mission] tag avistada — parando para medir
[INFO] [1791382090.197472, 128.245000]: [mission] âncora engatada (coleta do SEARCH)
[INFO] [1791382090.199988, 128.247000]: [mission] SEARCH: coleta com dither ±0.05 rad/s (período 3.0 s)
[INFO] [1791382095.729500, 133.727000]: [mission] âncora solta — 12 correções de deriva
[INFO] [1791382095.731592, 133.729000]: [mission] SEARCH: âncora corrigiu a deriva 12 vez(es) durante a coleta
[INFO] [1791382095.741277, 133.739000]: [mission] SEARCH: 20 amostras — parede (0.019, 3.070, -0.000) yaw=2.930
[INFO] [1791382095.794237, 133.791000]: [mission] parede localizada em (0.019, 3.070, -0.000)
[INFO] [1791382095.797998, 133.795000]: State machine transitioning 'SEARCH':'found'-->'APPROACH'
[INFO] [1791382095.799024, 133.796000]: [mission] APPROACH etapa 1/2 — 1.30 m do olhal, alvo (-0.09, 1.63, 1.36 rad)
[INFO] [1791382100.327044, 138.247000]: [mission] APPROACH: alinhado, avançando (0.81 m)
[INFO] [1791382100.378286, 138.297000]: [mission] teto por postura ativo no drive: v<=0.15 w<=0.50 rampa 0.42/1.52
[INFO] [1791382106.851377, 144.697000]: [mission] APPROACH: chegou, ajustando heading final
[INFO] [1791382106.901695, 144.747000]: [mission] teto por postura ativo no drive: v<=0.15 w<=0.50 rampa 0.42/1.53
[INFO] [1791382110.811857, 148.597000]: [mission] APPROACH: concluído
[INFO] [1791382111.830110, 149.602000]: [mission] âncora engatada (coleta do APPROACH/remedida)
[INFO] [1791382111.832896, 149.603000]: [mission] APPROACH/remedida: coleta com dither ±0.05 rad/s (período 3.0 s)
[INFO] [1791382112.980210, 150.738000]: [mission] âncora solta — 1 correções de deriva
[INFO] [1791382112.981942, 150.739000]: [mission] APPROACH/remedida: âncora corrigiu a deriva 1 vez(es) durante a coleta
[INFO] [1791382112.983879, 150.741000]: [mission] APPROACH/remedida: 10 amostras — parede (0.004, 3.002, -0.002) yaw=3.134
[INFO] [1791382113.036005, 150.792000]: [mission] APPROACH/remedida: parede pelo LASER — 88 pontos, resíduo 5.0 mm: profundidade +1.8 mm e yaw +0.52° em relação à tag → parede (0.004, 3.000, -0.002) yaw=-3.140
[INFO] [1791382113.037969, 150.795000]: [mission] APPROACH etapa 2/2 — 0.88 m do olhal, alvo (0.37, 1.99, 1.57 rad)
[INFO] [1791382116.979048, 154.696000]: [mission] APPROACH: alinhado, avançando (0.70 m)
[INFO] [1791382117.029316, 154.746000]: [mission] teto por postura ativo no drive: v<=0.15 w<=0.50 rampa 0.42/1.53
[INFO] [1791382123.130494, 160.746000]: [mission] APPROACH: chegou, ajustando heading final
[INFO] [1791382123.180160, 160.796000]: [mission] teto por postura ativo no drive: v<=0.15 w<=0.50 rampa 0.42/1.53
[INFO] [1791382129.211235, 166.746000]: [mission] APPROACH: concluído
[INFO] [1791382129.218651, 166.753000]: State machine transitioning 'APPROACH':'arrived'-->'REFINE'
[INFO] [1791382129.221537, 166.755000]: [mission] REFINE — remedindo a parede de perto (10 amostras)
[INFO] [1791382129.229208, 166.764000]: [mission] âncora engatada (coleta do REFINE)
[INFO] [1791382129.231374, 166.765000]: [mission] REFINE: coleta com dither ±0.05 rad/s (período 3.0 s)
[INFO] [1791382130.275172, 167.796000]: [mission] âncora solta — 2 correções de deriva
[INFO] [1791382130.277533, 167.798000]: [mission] REFINE: âncora corrigiu a deriva 2 vez(es) durante a coleta
[INFO] [1791382130.279430, 167.800000]: [mission] REFINE: 10 amostras — parede (0.003, 3.002, 0.000) yaw=3.126
[INFO] [1791382130.331943, 167.852000]: [mission] REFINE: parede pelo LASER — 82 pontos, resíduo 5.1 mm: profundidade +2.0 mm e yaw +0.91° em relação à tag → parede (0.003, 3.000, 0.000) yaw=-3.141
[INFO] [1791382130.334077, 167.854000]: [mission] REFINE: deslocou 0.002 m da estimativa anterior
[INFO] [1791382130.335700, 167.856000]: [mission] olhal estimado em (0.203, 2.870, 0.805)
[INFO] [1791382130.340368, 167.861000]: State machine transitioning 'REFINE':'ok'-->'DEPLOY'
[INFO] [1791382130.341952, 167.862000]: [mission] DEPLOY: IK resolvida para a POSE DE MANIPULAÇÃO (0.20, 2.25, 1.57 rad), não para a atual
[INFO] [1791382135.355858, 172.537000]: [mission] DEPLOY: IK nivelada 0.0709 m, só eixo 0.0014 m — a MISSÃO INTEIRA usa "eixo"
[INFO] [1791382135.358361, 172.862000]: [mission] DEPLOY: IK da ponta resolvida (resíduo 0.0014 m, degrau 0.4°) — pré-posicionando em [-10.9 -46.4  60.   78.5 -10.9] graus
[INFO] [1791382143.972103, 181.364000]: [mission] plano de exclusão publicado: parede em [0.003 3.    0.   ], normal segura [ 0. -1.  0.]
[INFO] [1791382144.188075, 181.576000]: [mission] teto por postura ativo no drive: v<=0.25 w<=0.50 rampa 0.55/1.61
[INFO] [1791382148.510425, 185.825000]: [mission] DEPLOY/aproxima: alinhado, avançando (0.44 m)
[INFO] [1791382152.902342, 190.175000]: [mission] DEPLOY/aproxima: chegou, ajustando heading final
[INFO] [1791382158.067578, 195.275000]: [mission] DEPLOY/aproxima: concluído
[INFO] [1791382158.070453, 195.278000]: State machine transitioning 'DEPLOY':'ok'-->'MANIPULATE'
[INFO] [1791382158.074074, 195.281000]: [mission] fase "orienta": modo IK iterativa (YAML)
[INFO] [1791382158.077898, 195.285000]: [mission] âncora engatada (fase "orienta")
[INFO] [1791382163.913106, 201.036000]: [mission] fase "orienta" it0: ponta (0.298, 2.734, 0.803) erro=0.0184 | degrau eixo 0.8° | rolagem 1.7° | IK pediu [-20.5 -18.    2.6 102.6 -15.6] | faltou [ 0.5 -0.7 -1.3 -1.6 -0. ] graus
[INFO] [1791382163.916567, 201.039000]: [mission] âncora solta — 5 correções de deriva
[INFO] [1791382163.917987, 201.041000]: [mission] fase "orienta" alcançada em 1 iteração(ões) (0.0184 m) — âncora corrigiu 5 vez(es)
[INFO] [1791382164.430169, 201.546000]: [mission] fase "aproxima_lateral": modo IK iterativa (YAML)
[INFO] [1791382164.437680, 201.553000]: [mission] âncora engatada (fase "aproxima_lateral")
[INFO] [1791382171.959675, 208.963000]: [mission] fase "aproxima_lateral" it0: ponta (0.289, 2.861, 0.815) erro=0.0046 | degrau eixo 6.3° | rolagem 6.1° | IK pediu [-16.7 -11.8  -0.   72.1 -11.2] | faltou [ 0.2  3.  -6.9  5.  -0.1] graus
[INFO] [1791382171.965457, 208.969000]: [mission] fase "aproxima_lateral" it0: no frame da parede eixo=-4.5 prof=-1.0 alt=-0.1 mm (tolerância 40/8/5)
[INFO] [1791382171.967866, 208.972000]: [mission] âncora solta — 6 correções de deriva
[INFO] [1791382171.969487, 208.973000]: [mission] fase "aproxima_lateral" alcançada em 1 iteração(ões) (0.0046 m) — âncora corrigiu 6 vez(es)
[INFO] [1791382172.482218, 209.483000]: [mission] fase "atravessa": modo IK iterativa (YAML)
[INFO] [1791382172.487259, 209.488000]: [mission] âncora engatada (fase "atravessa")
[INFO] [1791382175.350536, 212.317000]: [mission] fase "atravessa" it0: ponta (0.209, 2.863, 0.807) erro=0.0082 | degrau eixo 2.7° | rolagem 2.6° | IK pediu [-10.2 -12.8  -0.3  76.9  -5.5] | faltou [ 0.1 -0.7 -0.2  0.3  0.4] graus
[INFO] [1791382175.352836, 212.319000]: [mission] fase "atravessa" it0: no frame da parede eixo=-1.9 prof=+1.1 alt=+8.0 mm (tolerância 8/6/5)
[INFO] [1791382178.601770, 215.527000]: [mission] fase "atravessa" it1: ponta (0.210, 2.867, 0.813) erro=0.0056 | degrau eixo 2.7° | rolagem 2.8° | IK pediu [-10.3 -12.3  -0.   77.1  -5.7] | faltou [ 0.3 -0.3 -0.7 -1.   0.2] graus
[WARN] [1791382187.104823, 223.878000]: [mission] fase "destrava": descida estagnou em 16.5 mm (mín 10 para aceitar; alvo 18) — fim de curso do mecanismo, fechando a fase
[WARN] [1791382221.734818, 258.084000]: [mission] RETRACT: ponta a 0.146 m do olhal — saindo em degraus: sobe 30 mm, 120 mm pelo eixo do furo, 100 mm para fora, antes de recolher
[ERROR] [1791382284.109387, 319.632000]: [mission] postura não atingida em 30s
[WARN] [1791382284.110687, 319.633000]: [mission] RETRACT: degrau "saida_sobe" não fechou — seguindo para o próximo
[INFO] [1791382178.604337, 215.530000]: [mission] fase "atravessa" it1: no frame da parede eixo=-1.6 prof=+4.7 alt=+2.6 mm (tolerância 8/6/5)
[INFO] [1791382178.605487, 215.531000]: [mission] âncora solta — 3 correções de deriva
[INFO] [1791382178.606318, 215.532000]: [mission] fase "atravessa" alcançada em 2 iteração(ões) (0.0056 m) — âncora corrigiu 3 vez(es)
[INFO] [1791382179.115559, 216.036000]: [mission] fase "captura": modo IK iterativa (YAML)
[INFO] [1791382179.119823, 216.040000]: [mission] âncora engatada (fase "captura")
[INFO] [1791382183.929215, 220.753000]: [mission] fase "captura" it0: ponta (0.209, 2.872, 0.789) erro=0.0086 | degrau eixo 2.5° | rolagem 2.5° | IK pediu [ -9.5 -15.   -0.1  77.1  -4.8] | faltou [-0.4 -0.4 -0.2 -0.1  0.3] graus
[INFO] [1791382183.933831, 220.758000]: [mission] fase "captura" it0: no frame da parede eixo=+5.7 prof=+1.9 alt=+6.2 mm (tolerância 40/6/10)
[INFO] [1791382183.936221, 220.760000]: [mission] âncora solta — 2 correções de deriva
[INFO] [1791382183.938798, 220.763000]: [mission] fase "captura" alcançada em 1 iteração(ões) (0.0086 m) — âncora corrigiu 2 vez(es)
[INFO] [1791382183.947374, 220.770000]: [mission] captura: ponta registrada em eixo=-5.7 prof=-1.9 alt=-16.2 mm (zero da descida do destrava e da deriva de eixo)
[INFO] [1791382184.458337, 221.271000]: [mission] fase "destrava": alvo em altura relativo à captura: -36.2 mm (captura -16.2 − curso 18 − margem 2)
[INFO] [1791382184.460865, 221.273000]: [mission] fase "destrava": modo whole-body/Fuzzy (YAML)
[INFO] [1791382184.669865, 221.476000]: [mission] plano de exclusão publicado: parede em [0.003 3.    0.   ], normal segura [ 0. -1.  0.]
[INFO] [1791382184.977556, 221.778000]: [mission] fase "destrava": whole-body assumiu (base livre, restrita pelo plano de exclusão)
[INFO] [1791382184.978598, 221.779000]: [mission] fase "destrava": whole-body a 0.0143 m do alvo — eixo=+5.7 prof=+1.5 alt=-13.1 mm
[INFO] [1791382187.318711, 224.090000]: [mission] destrava: ponta desceu 16.4 mm desde a captura (critério observável) | lingueta 14.3 mm (só na simulação)
[INFO] [1791382187.320743, 224.092000]: [mission] destrava: lingueta em 14.3 mm — gatilho solto
[INFO] [1791382187.828462, 224.594000]: [mission] fase "libera": modo whole-body/Fuzzy (YAML)
[INFO] [1791382188.035901, 224.797000]: [mission] plano de exclusão publicado: parede em [0.003 3.    0.   ], normal segura [ 0. -1.  0.]
[INFO] [1791382188.340278, 225.100000]: [mission] fase "libera": whole-body assumiu (base livre, restrita pelo plano de exclusão)
[INFO] [1791382188.342455, 225.102000]: [mission] fase "libera": whole-body a 0.0269 m do alvo — eixo=+5.4 prof=+25.2 alt=+7.6 mm
[INFO] [1791382190.467900, 227.201000]: [mission] fase "libera": whole-body a 0.0267 m do alvo — eixo=+5.5 prof=+25.3 alt=+6.5 mm
[INFO] [1791382192.583576, 229.301000]: [mission] fase "libera": whole-body a 0.0271 m do alvo — eixo=+5.5 prof=+25.3 alt=+7.9 mm
[INFO] [1791382194.611808, 231.302000]: [mission] fase "libera": whole-body a 0.0246 m do alvo — eixo=+5.6 prof=+22.5 alt=+8.2 mm
[INFO] [1791382196.721396, 233.401000]: [mission] fase "libera": whole-body a 0.0179 m do alvo — eixo=+10.5 prof=+12.4 alt=+7.5 mm
[INFO] [1791382198.845431, 235.501000]: [mission] fase "libera": whole-body a 0.0124 m do alvo — eixo=+6.9 prof=+8.8 alt=+5.2 mm
[INFO] [1791382200.867866, 237.501000]: [mission] fase "libera" alcançada por whole-body em 12.4s (0.0083 m) — no frame da parede eixo=+5.5 prof=+3.6 alt=+5.1 mm (tolerância 40/8/6)
[INFO] [1791382201.591899, 238.210000]: [mission] fase "arco1"/puxa: RECUANDO 0.022 m só com as rodas
[INFO] [1791382202.000177, 238.611000]: [mission] fase "arco1"/puxa: concluído (0.022 m)
[INFO] [1791382202.001487, 238.612000]: [mission] fase "arco1": modo whole-body/Fuzzy (YAML)
[INFO] [1791382202.205651, 238.814000]: [mission] plano de exclusão publicado: parede em [0.003 3.    0.   ], normal segura [ 0. -1.  0.]
[INFO] [1791382202.514227, 239.119000]: [mission] fase "arco1": whole-body assumiu (base livre, restrita pelo plano de exclusão)
[INFO] [1791382202.515355, 239.120000]: [mission] fase "arco1": whole-body a 0.0110 m do alvo — eixo=+5.5 prof=-7.9 alt=-5.5 mm
[INFO] [1791382202.919656, 239.519000]: [mission] fase "arco1" alcançada por whole-body em 0.4s (0.0126 m) — no frame da parede eixo=+5.5 prof=-9.4 alt=-6.3 mm (tolerância 40/10/15)
[INFO] [1791382202.920594, 239.520000]: [mission] arco1: SOLTURA observável — recuo 63.1 mm desde a captura (mín 40) com deriva de eixo +0.2 mm → SOLTA
[INFO] [1791382203.134938, 239.730000]: [mission] waypoint de 15° — lâmina medida em 15.7° (abertura por CONTATO)
[INFO] [1791382203.648136, 240.232000]: [mission] fase "arco2"/puxa: RECUANDO 0.048 m só com as rodas
[INFO] [1791382204.567124, 241.134000]: [mission] fase "arco2"/puxa: concluído (0.050 m)
[INFO] [1791382204.568887, 241.135000]: [mission] fase "arco2": modo whole-body/Fuzzy (YAML)
[INFO] [1791382204.775410, 241.339000]: [mission] plano de exclusão publicado: parede em [0.003 3.    0.   ], normal segura [ 0. -1.  0.]
[INFO] [1791382205.079962, 241.643000]: [mission] fase "arco2": whole-body assumiu (base livre, restrita pelo plano de exclusão)
[INFO] [1791382205.082283, 241.645000]: [mission] fase "arco2": whole-body a 0.0213 m do alvo — eixo=+7.0 prof=-10.0 alt=-17.5 mm
[INFO] [1791382207.102114, 243.644000]: [mission] fase "arco2" alcançada por whole-body em 2.0s (0.0071 m) — no frame da parede eixo=+5.4 prof=-4.5 alt=+0.3 mm (tolerância 40/10/15)
[INFO] [1791382207.317203, 243.856000]: [mission] waypoint de 30° — lâmina medida em 32.1° (abertura por CONTATO)
[INFO] [1791382207.826885, 244.360000]: [mission] fase "desengata": modo IK iterativa (YAML)
[INFO] [1791382207.829794, 244.362000]: [mission] âncora engatada (fase "desengata")
[INFO] [1791382220.801796, 257.164000]: [mission] fase "desengata" it0: ponta (0.295, 2.770, 0.749) erro=0.0047 | degrau eixo 7.8° | rolagem 7.9° | IK pediu [-13.9 -16.5  -0.   67.3  -9.7] | faltou [-0.1 -4.9 10.4 -6.  -0. ] graus
[INFO] [1791382220.805741, 257.169000]: [mission] âncora solta — 10 correções de deriva
[INFO] [1791382220.807863, 257.171000]: [mission] fase "desengata" alcançada em 1 iteração(ões) (0.0047 m) — âncora corrigiu 10 vez(es)
[INFO] [1791382221.326102, 257.681000]: [mission] MANIPULATE concluída — chave ABERTA, lâmina medida em 32.5°
[INFO] [1791382221.329522, 257.684000]: State machine transitioning 'MANIPULATE':'done'-->'RETRACT'
[INFO] [1791382221.743008, 258.092000]: [mission] âncora engatada (fase "saida_sobe")
[INFO] [1791382253.619679, 289.524000]: [mission] fase "saida_sobe" it0: ponta (0.297, 2.770, 0.759) erro=0.0201 | degrau eixo 7.6° | rolagem 8.5° | IK pediu [-14.  -13.9   0.   66.7 -10.2] | faltou [  0.    8.2 -22.6  11.6  -0.1] graus
[INFO] [1791382253.621608, 289.526000]: [mission] fase "saida_sobe" it0: no frame da parede eixo=+1.7 prof=-1.0 alt=+20.0 mm (tolerância 30/20/10)
[INFO] [1791382284.113086, 319.635000]: [mission] âncora engatada (fase "saida_eixo")
[INFO] [1791382285.326097, 320.838000]: [mission] fase "saida_eixo" it0: ponta (0.389, 2.759, 0.779) erro=0.0287 | degrau eixo 15.1° | rolagem 12.4° | IK pediu [-22.8 -10.7   0.   55.5 -15.5] | faltou [  1.7   7.5 -19.8  15.9   1.2] graus
[INFO] [1791382285.331968, 320.843000]: [mission] fase "saida_eixo" it0: no frame da parede eixo=-26.1 prof=-12.0 alt=+0.1 mm (tolerância 20/20/15)
[INFO] [1791382291.017080, 326.450000]: [mission] fase "saida_eixo" it1: ponta (0.433, 2.777, 0.776) erro=0.0193 | degrau eixo 17.0° | rolagem 17.1° | IK pediu [-24.   -8.9   0.   49.4 -15.2] | faltou [ 0.  -8.2 17.5 -9.5  0.1] graus
[INFO] [1791382291.018999, 326.452000]: [mission] fase "saida_eixo" it1: no frame da parede eixo=+17.9 prof=+6.3 alt=+3.0 mm (tolerância 20/20/15)
[INFO] [1791382291.020146, 326.454000]: [mission] âncora solta — 2 correções de deriva
[INFO] [1791382291.021136, 326.455000]: [mission] fase "saida_eixo" alcançada em 2 iteração(ões) (0.0193 m) — âncora corrigiu 2 vez(es)
[INFO] [1791382291.023824, 326.458000]: [mission] âncora engatada (fase "saida_fora")
[INFO] [1791382308.478884, 343.662000]: [mission] fase "saida_fora" it0: ponta (0.411, 2.668, 0.781) erro=0.0065 | degrau eixo 10.3° | rolagem 10.1° | IK pediu [-26.1 -18.2  -0.   82.7 -22.6] | faltou [  0.1   6.3 -14.2   8.4   0. ] graus
[INFO] [1791382308.482347, 343.666000]: [mission] fase "saida_fora" it0: no frame da parede eixo=-5.0 prof=-3.6 alt=-2.0 mm (tolerância 30/20/20)
[INFO] [1791382308.484008, 343.668000]: [mission] âncora solta — 4 correções de deriva
[INFO] [1791382308.485545, 343.669000]: [mission] fase "saida_fora" alcançada em 1 iteração(ões) (0.0065 m) — âncora corrigiu 4 vez(es)
[INFO] [1791382308.487344, 343.671000]: [mission] RETRACT/afasta: RECUANDO 0.250 m só com as rodas
[INFO] [1791382312.931344, 348.073000]: [mission] RETRACT/afasta: concluído (0.251 m)
[INFO] [1791382312.933182, 348.075000]: [mission] postura "stow_home" comandada: [0.0, 1.13, -1.04, -1.8, 0.0]
[INFO] [1791382325.311205, 360.276000]: State machine transitioning 'RETRACT':'ok'-->'RETURN'
[INFO] [1791382325.313239, 360.277000]: [mission] RETURN — voltando a (0.01, 1.00, 0.01 rad)
[INFO] [1791382338.131896, 372.929000]: [mission] RETURN: alinhado, avançando (0.99 m)
[INFO] [1791382338.181589, 372.979000]: [mission] teto por postura ativo no drive: v<=0.25 w<=0.50 rampa 0.54/1.49
[INFO] [1791382345.896749, 380.579000]: [mission] RETURN: chegou, ajustando heading final
[INFO] [1791382345.947273, 380.629000]: [mission] teto por postura ativo no drive: v<=0.25 w<=0.50 rampa 0.54/1.50
[INFO] [1791382352.849727, 387.429000]: [mission] RETURN: concluído
[INFO] [1791382352.852291, 387.432000]: State machine terminating 'RETURN':'home':'MISSION_OK'
[INFO] [1791382352.855238, 387.435000]: [mission] resultado: MISSION_OK
... logging to /home/marco/.ros/log/35efb684-c258-11f1-a7ee-b025aa85b2a2/roslaunch-shiroi-3113310.log
Checking log directory for disk usage. This may take a while.
Press Ctrl-C to interrupt
]2;/home/marco/b166er/src/b166er_whole_body_control/launch/chave_mission.launch
[1mstarted roslaunch server http://shiroi:46877/[0m

SUMMARY
========

PARAMETERS
 * /chave_mission/estado_final: 
 * /chave_mission/estado_inicial: STOW_INIT
 * /chave_mission/pausa_por_fase: False
 * /chave_mission/search_omega: 0.35
 * /chave_mission/standoff_distance: 0.62
 * /chave_mission/use_wholebody: False
 * /chave_seccionadora_task/aproxima_lateral/modo: ik
 * /chave_seccionadora_task/aproxima_lateral/offset_xyz_m: [-0.09, 0.008, 0.01]
 * /chave_seccionadora_task/aproxima_lateral/tol_xyz_m: [0.04, 0.008, 0.005]
 * /chave_seccionadora_task/arco1/blade_angle_deg: 15
 * /chave_seccionadora_task/arco1/deriva_eixo_max_m: 0.015
 * /chave_seccionadora_task/arco1/modo: wb
 * /chave_seccionadora_task/arco1/offset_xyz_m: [0.0, 0.0518, -0....
 * /chave_seccionadora_task/arco1/soltura_recuo_min_m: 0.04
 * /chave_seccionadora_task/arco1/tol_xyz_m: [0.04, 0.01, 0.015]
 * /chave_seccionadora_task/arco2/blade_angle_deg: 30
 * /chave_seccionadora_task/arco2/deriva_eixo_max_m: 0.015
 * /chave_seccionadora_task/arco2/modo: wb
 * /chave_seccionadora_task/arco2/offset_xyz_m: [0.0, 0.1, -0.0518]
 * /chave_seccionadora_task/arco2/tol_xyz_m: [0.04, 0.01, 0.015]
 * /chave_seccionadora_task/atravessa/modo: ik
 * /chave_seccionadora_task/atravessa/offset_xyz_m: [-0.008, 0.008, 0...
 * /chave_seccionadora_task/atravessa/tol_xyz_m: [0.008, 0.006, 0....
 * /chave_seccionadora_task/captura/modo: ik
 * /chave_seccionadora_task/captura/offset_xyz_m: [0.0, 0.0, -0.01]
 * /chave_seccionadora_task/captura/tol_xyz_m: [0.04, 0.006, 0.01]
 * /chave_seccionadora_task/desengata/modo: ik
 * /chave_seccionadora_task/desengata/offset_xyz_m: [-0.09, 0.1, -0.0...
 * /chave_seccionadora_task/destrava/curso_estagna_m: 0.01
 * /chave_seccionadora_task/destrava/curso_margem_m: 0.002
 * /chave_seccionadora_task/destrava/curso_min_m: 0.018
 * /chave_seccionadora_task/destrava/curso_teto_m: 0.022
 * /chave_seccionadora_task/destrava/modo: wb
 * /chave_seccionadora_task/destrava/offset_xyz_m: [0.0, 0.0, -0.025]
 * /chave_seccionadora_task/destrava/tol_xyz_m: [0.04, 0.006, 0.004]
 * /chave_seccionadora_task/libera/deriva_eixo_max_m: 0.015
 * /chave_seccionadora_task/libera/modo: wb
 * /chave_seccionadora_task/libera/offset_xyz_m: [0.0, 0.03, -0.025]
 * /chave_seccionadora_task/libera/tol_xyz_m: [0.04, 0.008, 0.006]
 * /chave_seccionadora_task/orienta/modo: ik
 * /chave_seccionadora_task/orienta/offset_xyz_m: [-0.09, 0.15, 0.0...
 * /chave_seccionadora_task/reassenta_sobe/tol_xyz_m: [0.03, 0.02, 0.005]
 * /chave_seccionadora_task/saida_eixo/tol_xyz_m: [0.02, 0.02, 0.015]
 * /chave_seccionadora_task/saida_fora/tol_xyz_m: [0.03, 0.02, 0.02]
 * /chave_seccionadora_task/saida_sobe/tol_xyz_m: [0.03, 0.02, 0.01]
 * /chave_seccionadora_task/target_frame: chave_olhal_link
 * /fuzzy_wb_controller/fixed_gains: []
 * /rosdistro: noetic
 * /rosversion: 1.17.4

NODES
  /
    chave_mission (b166er_whole_body_control/chave_mission.py)

[1mROS_MASTER_URI=http://localhost:11311[0m
]2;/home/marco/b166er/src/b166er_whole_body_control/launch/chave_mission.launch http://localhost:11311
[1mprocess[chave_mission-1]: started with pid [3113356][0m
[1m[chave_mission-1] process has finished cleanly
log file: /home/marco/.ros/log/35efb684-c258-11f1-a7ee-b025aa85b2a2/chave_mission-1*.log[0m
all processes on machine have died, roslaunch will exit
shutting down processing monitor...
... shutting down processing monitor complete
[1mdone[0m
