[31mWARNING: disk usage in log directory [/home/marco/.ros/log] is over 1GB.
It's recommended that you use the 'rosclean' command.[0m
the rosdep view is empty: call 'sudo rosdep init' and 'rosdep update'
[WARN] [1790792672.910889, 728.952000]: [mission] SEARCH: ajuste não convergiu em 8s (raio 0.63) — amostrando assim mesmo
[WARN] [1790792678.127011, 734.081000]: [mission] SEARCH: 2 de 25 amostras descartadas como outlier (>0.15 m ou >0.20 rad da mediana)
[INFO] [1790792656.632752, 712.909000]: garra_dx = 0.000 m (fechada)
[INFO] [1790792656.662692, 712.939000]: State machine starting in initial state 'STOW_INIT' with userdata: 
	[]
[INFO] [1790792656.971629, 713.240000]: [mission] pose de partida registrada: (0.01, 1.00, -0.00 rad)
[INFO] [1790792656.974079, 713.242000]: [mission] postura "stow_home" comandada: [0.0, 1.13, -1.04, -1.8, 0.0]
[INFO] [1790792657.076460, 713.344000]: State machine transitioning 'STOW_INIT':'ok'-->'SEARCH'
[INFO] [1790792657.079972, 713.347000]: [mission] postura "search" comandada: [0.0, 1.0, -1.0, 0.0, 0.0]
[INFO] [1790792663.175125, 719.349000]: [mission] SEARCH — girando à procura da tag...
[INFO] [1790792663.176418, 719.350000]: [mission] SEARCH: amostra quando a tag estiver a raio 0.35-0.50 do quadro (vista oblíqua; omega fina 0.15 rad/s)
[INFO] [1790792664.746145, 720.901000]: [mission] SEARCH: tag a raio 0.97 — girando até <= 0.50
[INFO] [1790792672.914920, 728.956000]: [mission] tag avistada — parando para medir
[INFO] [1790792673.939758, 729.967000]: [mission] âncora engatada (coleta do SEARCH)
[INFO] [1790792673.941427, 729.969000]: [mission] SEARCH: coleta com dither ±0.05 rad/s (período 3.0 s)
[INFO] [1790792678.113394, 734.069000]: [mission] âncora solta — 4 correções de deriva
[INFO] [1790792678.116019, 734.071000]: [mission] SEARCH: âncora corrigiu a deriva 4 vez(es) durante a coleta
[INFO] [1790792678.128268, 734.083000]: [mission] SEARCH: 23 amostras — parede (0.016, 2.933, -0.005) yaw=-2.869
[INFO] [1790792678.129184, 734.084000]: [mission] parede localizada em (0.016, 2.933, -0.005)
[INFO] [1790792678.133854, 734.089000]: State machine transitioning 'SEARCH':'found'-->'APPROACH'
[INFO] [1790792678.135348, 734.090000]: [mission] APPROACH etapa 1/2 — 1.30 m do olhal, alvo (0.59, 1.61, 1.84 rad)
[INFO] [1790792678.137051, 734.092000]: [mission] teto por postura ativo no drive: v<=0.17 w<=0.50 rampa 0.45/1.52
[INFO] [1790792679.053684, 734.992000]: [mission] APPROACH: alinhado, avançando (0.83 m)
[INFO] [1790792685.900566, 741.742000]: [mission] APPROACH: chegou, ajustando heading final
[INFO] [1790792685.950740, 741.792000]: [mission] teto por postura ativo no drive: v<=0.17 w<=0.50 rampa 0.45/1.52
[INFO] [1790792688.633741, 744.442000]: [mission] APPROACH: concluído
[INFO] [1790792689.665504, 745.447000]: [mission] âncora engatada (coleta do APPROACH/remedida)
[INFO] [1790792689.667225, 745.449000]: [mission] APPROACH/remedida: coleta com dither ±0.05 rad/s (período 3.0 s)
[INFO] [1790792691.130121, 746.887000]: [mission] âncora solta — 2 correções de deriva
[INFO] [1790792691.131468, 746.888000]: [mission] APPROACH/remedida: âncora corrigiu a deriva 2 vez(es) durante a coleta
[INFO] [1790792691.133575, 746.890000]: [mission] APPROACH/remedida: 10 amostras — parede (0.007, 3.002, -0.000) yaw=3.136
[INFO] [1790792691.134985, 746.892000]: [mission] APPROACH etapa 2/2 — 0.88 m do olhal, alvo (0.37, 1.99, 1.56 rad)
[INFO] [1790792691.137004, 746.894000]: [mission] teto por postura ativo no drive: v<=0.17 w<=0.50 rampa 0.45/1.52
[INFO] [1790792693.120121, 748.843000]: [mission] APPROACH: alinhado, avançando (0.51 m)
[INFO] [1790792697.679773, 753.343000]: [mission] APPROACH: chegou, ajustando heading final
[INFO] [1790792697.730130, 753.393000]: [mission] teto por postura ativo no drive: v<=0.17 w<=0.50 rampa 0.45/1.52
[INFO] [1790792700.640267, 756.243000]: [mission] APPROACH: concluído
[INFO] [1790792700.646108, 756.249000]: State machine transitioning 'APPROACH':'arrived'-->'REFINE'
[INFO] [1790792700.648875, 756.252000]: [mission] REFINE — remedindo a parede de perto (10 amostras)
[INFO] [1790792700.653233, 756.256000]: [mission] âncora engatada (coleta do REFINE)
[INFO] [1790792700.654841, 756.257000]: [mission] REFINE: coleta com dither ±0.05 rad/s (período 3.0 s)
[INFO] [1790792701.915611, 757.467000]: [mission] âncora solta — 2 correções de deriva
[INFO] [1790792701.917587, 757.469000]: [mission] REFINE: âncora corrigiu a deriva 2 vez(es) durante a coleta
[INFO] [1790792701.919488, 757.470000]: [mission] REFINE: 10 amostras — parede (0.001, 2.994, -0.000) yaw=-3.133
[INFO] [1790792701.921317, 757.472000]: [mission] REFINE: deslocou 0.009 m da estimativa anterior
[INFO] [1790792701.924034, 757.475000]: [mission] olhal estimado em (0.202, 2.866, 0.805)
[INFO] [1790792701.932511, 757.482000]: State machine transitioning 'REFINE':'ok'-->'DEPLOY'
[INFO] [1790792701.935340, 757.484000]: [mission] DEPLOY: IK resolvida para a POSE DE MANIPULAÇÃO (0.21, 2.25, 1.58 rad), não para a atual
[INFO] [1790792706.635283, 761.902000]: [mission] DEPLOY: IK nivelada 0.0710 m, só eixo 0.0014 m — a MISSÃO INTEIRA usa "eixo"
[INFO] [1790792706.637845, 762.182000]: [mission] DEPLOY: IK da ponta resolvida (resíduo 0.0014 m, degrau 0.4°) — pré-posicionando em [-10.9 -46.5  60.   78.5  79.1] graus
[INFO] [1790792713.663855, 769.083000]: [mission] plano de exclusão publicado: parede em [ 1.000e-03  2.994e+00 -0.000e+00], normal segura [ 0.009 -1.     0.   ]
[INFO] [1790792713.874515, 769.292000]: [mission] teto por postura ativo no drive: v<=0.23 w<=0.50 rampa 0.52/1.64
[INFO] [1790792715.403163, 770.792000]: [mission] DEPLOY/aproxima: alinhado, avançando (0.32 m)
[INFO] [1790792719.173083, 774.492000]: [mission] DEPLOY/aproxima: chegou, ajustando heading final
[INFO] [1790792722.216181, 777.492000]: [mission] DEPLOY/aproxima: concluído
[INFO] [1790792722.218887, 777.495000]: State machine transitioning 'DEPLOY':'ok'-->'MANIPULATE'
[INFO] [1790792722.222154, 777.498000]: [mission] fase "orienta": modo IK iterativa (YAML)
[INFO] [1790792722.228240, 777.504000]: [mission] âncora engatada (fase "orienta")
[INFO] [1790792725.071345, 780.288000]: [mission] fase "orienta" it0: ponta (0.288, 2.725, 0.811) erro=0.0095 | degrau eixo 0.1° | rolagem 0.2° | IK pediu [-17.9 -33.1  34.1  88.4  75.6] | faltou [ 0.  -0.2 -0.1  0.3 -0. ] graus
[INFO] [1790792725.076234, 780.291000]: [mission] fase "orienta" alcançada em 1 iteração(ões) (0.0095 m)
[INFO] [1790792725.589200, 780.802000]: [mission] fase "aproxima_lateral": modo IK iterativa (YAML)
[INFO] [1790792725.594378, 780.807000]: [mission] âncora engatada (fase "aproxima_lateral")
[INFO] [1790792728.951082, 784.111000]: [mission] fase "aproxima_lateral" it0: ponta (0.288, 2.872, 0.810) erro=0.0081 | degrau eixo 4.5° | rolagem 4.7° | IK pediu [-15.5 -13.5   0.   79.4  79.8] | faltou [ 0.  -0.3 -0.2 -0.1  0. ] graus
[INFO] [1790792728.957428, 784.117000]: [mission] fase "aproxima_lateral" it0: no frame da parede eixo=-3.8 prof=+5.3 alt=+4.8 mm (tolerância 40/8/5)
[INFO] [1790792728.960274, 784.121000]: [mission] âncora solta — 1 correções de deriva
[INFO] [1790792728.963336, 784.124000]: [mission] fase "aproxima_lateral" alcançada em 1 iteração(ões) (0.0081 m) — âncora corrigiu 1 vez(es)
[INFO] [1790792729.482278, 784.632000]: [mission] fase "atravessa": modo IK iterativa (YAML)
[INFO] [1790792729.487102, 784.636000]: [mission] âncora engatada (fase "atravessa")
[INFO] [1790792731.327362, 786.443000]: [mission] fase "atravessa" it0: ponta (0.209, 2.871, 0.810) erro=0.0062 | degrau eixo 1.5° | rolagem 1.8° | IK pediu [ -9.  -14.3   0.3  82.3  86.2] | faltou [-0.1 -0.2 -0.3 -0.5 -0.6] graus
[INFO] [1790792731.330222, 786.446000]: [mission] fase "atravessa" it0: no frame da parede eixo=-0.9 prof=+4.4 alt=+4.3 mm (tolerância 8/6/5)
[INFO] [1790792731.331850, 786.448000]: [mission] fase "atravessa" alcançada em 1 iteração(ões) (0.0062 m)
[INFO] [1790792731.842209, 786.953000]: [mission] fase "captura": modo IK iterativa (YAML)
[INFO] [1790792731.846247, 786.957000]: [mission] âncora engatada (fase "captura")
[INFO] [1790792733.397908, 788.488000]: [mission] fase "captura" it0: ponta (0.209, 2.870, 0.790) erro=0.0090 | degrau eixo 1.2° | rolagem 1.4° | IK pediu [ -8.8 -16.7   0.1  84.3  86.9] | faltou [-0.6 -0.1 -0.5 -0.9 -0.2] graus
[INFO] [1790792733.400620, 788.491000]: [mission] fase "captura" it0: no frame da parede eixo=+6.6 prof=+3.8 alt=+4.9 mm (tolerância 40/6/10)
[INFO] [1790792733.402503, 788.493000]: [mission] fase "captura" alcançada em 1 iteração(ões) (0.0090 m)
[WARN] [1790792736.683700, 791.713000]: [mission] fase "destrava": descida estagnou em 11.7 mm (mín 10 para aceitar; alvo 18) — fim de curso do mecanismo, fechando a fase
[WARN] [1790792736.898497, 791.922000]: [mission] destrava: lingueta em 7.9 mm (esperado ≥ 12) — o gatilho pode não ter soltado
[WARN] [1790792751.727200, 806.468000]: [mission] RETRACT: ponta a 0.143 m do olhal — saindo em degraus: sobe 30 mm, 120 mm pelo eixo do furo, 100 mm para fora, antes de recolher
[INFO] [1790792733.411026, 788.501000]: [mission] captura: ponta registrada em eixo=-6.6 prof=-3.8 alt=-14.9 mm (zero da descida do destrava e da deriva de eixo)
[INFO] [1790792733.921077, 789.004000]: [mission] fase "destrava": alvo em altura relativo à captura: -34.9 mm (captura -14.9 − curso 18 − margem 2)
[INFO] [1790792733.923203, 789.006000]: [mission] fase "destrava": modo whole-body/Fuzzy (YAML)
[INFO] [1790792734.128346, 789.208000]: [mission] plano de exclusão publicado: parede em [ 1.000e-03  2.994e+00 -0.000e+00], normal segura [ 0.009 -1.     0.   ]
[INFO] [1790792734.442417, 789.511000]: [mission] fase "destrava": whole-body assumiu (base livre, restrita pelo plano de exclusão)
[INFO] [1790792734.446315, 789.514000]: [mission] fase "destrava": whole-body a 0.0192 m do alvo — eixo=+6.6 prof=+3.4 alt=-17.8 mm
[INFO] [1790792736.581312, 791.613000]: [mission] fase "destrava": whole-body a 0.0106 m do alvo — eixo=+6.4 prof=-3.4 alt=-7.7 mm
[INFO] [1790792736.897341, 791.921000]: [mission] destrava: ponta desceu 10.9 mm desde a captura (critério observável) | lingueta 7.9 mm (só na simulação)
[INFO] [1790792737.446498, 792.423000]: [mission] fase "libera": modo whole-body/Fuzzy (YAML)
[INFO] [1790792737.652881, 792.624000]: [mission] plano de exclusão publicado: parede em [ 1.000e-03  2.994e+00 -0.000e+00], normal segura [ 0.009 -1.     0.   ]
[INFO] [1790792737.961249, 792.929000]: [mission] fase "libera": whole-body assumiu (base livre, restrita pelo plano de exclusão)
[INFO] [1790792738.667825, 793.631000]: [mission] fase "libera": whole-body a 0.0233 m do alvo — eixo=+6.4 prof=+21.3 alt=+6.9 mm
[INFO] [1790792740.811081, 795.730000]: [mission] fase "libera": whole-body a 0.0135 m do alvo — eixo=+6.3 prof=+8.3 alt=+8.6 mm
[INFO] [1790792742.928691, 797.830000]: [mission] fase "libera": whole-body a 0.0083 m do alvo — eixo=+6.2 prof=-0.5 alt=-5.5 mm
[INFO] [1790792743.334080, 798.230000]: [mission] fase "libera" alcançada por whole-body em 5.3s (0.0065 m) — no frame da parede eixo=+6.2 prof=+0.2 alt=-1.9 mm (tolerância 40/8/6)
[INFO] [1790792744.048988, 798.935000]: [mission] fase "arco1"/puxa: RECUANDO 0.022 m só com as rodas
[INFO] [1790792744.510303, 799.387000]: [mission] fase "arco1"/puxa: concluído (0.023 m)
[INFO] [1790792744.512362, 799.389000]: [mission] fase "arco1": modo whole-body/Fuzzy (YAML)
[INFO] [1790792744.716598, 799.593000]: [mission] plano de exclusão publicado: parede em [ 1.000e-03  2.994e+00 -0.000e+00], normal segura [ 0.009 -1.     0.   ]
[INFO] [1790792745.021420, 799.897000]: [mission] fase "arco1": whole-body assumiu (base livre, restrita pelo plano de exclusão)
[INFO] [1790792745.023327, 799.898000]: [mission] fase "arco1": whole-body a 0.0079 m do alvo — eixo=+6.0 prof=-1.9 alt=-4.8 mm
[INFO] [1790792745.428616, 800.298000]: [mission] fase "arco1" alcançada por whole-body em 0.4s (0.0083 m) — no frame da parede eixo=+6.0 prof=-2.6 alt=-5.2 mm (tolerância 40/10/15)
[INFO] [1790792745.429663, 800.299000]: [mission] arco1: SOLTURA observável — recuo 58.1 mm desde a captura (mín 40) com deriva de eixo +0.6 mm → SOLTA
[INFO] [1790792745.647431, 800.511000]: [mission] waypoint de 15° — lâmina medida em 16.2° (abertura por CONTATO)
[INFO] [1790792746.157960, 801.012000]: [mission] fase "arco2"/puxa: RECUANDO 0.048 m só com as rodas
[INFO] [1790792747.096115, 801.913000]: [mission] fase "arco2"/puxa: concluído (0.051 m)
[INFO] [1790792747.098690, 801.915000]: [mission] fase "arco2": modo whole-body/Fuzzy (YAML)
[INFO] [1790792747.302844, 802.118000]: [mission] plano de exclusão publicado: parede em [ 1.000e-03  2.994e+00 -0.000e+00], normal segura [ 0.009 -1.     0.   ]
[INFO] [1790792747.607264, 802.420000]: [mission] fase "arco2": whole-body assumiu (base livre, restrita pelo plano de exclusão)
[INFO] [1790792747.608439, 802.421000]: [mission] fase "arco2": whole-body a 0.0155 m do alvo — eixo=+5.7 prof=+5.0 alt=-13.6 mm
[INFO] [1790792748.015710, 802.820000]: [mission] fase "arco2" alcançada por whole-body em 0.4s (0.0132 m) — no frame da parede eixo=+5.6 prof=+1.2 alt=-11.9 mm (tolerância 40/10/15)
[INFO] [1790792748.234583, 803.036000]: [mission] waypoint de 30° — lâmina medida em 29.8° (abertura por CONTATO)
[INFO] [1790792748.745465, 803.538000]: [mission] fase "desengata": modo IK iterativa (YAML)
[INFO] [1790792748.752156, 803.544000]: [mission] âncora engatada (fase "desengata")
[INFO] [1790792750.788014, 805.549000]: [mission] fase "desengata" it0: ponta (0.295, 2.773, 0.748) erro=0.0080 | degrau eixo 4.3° | rolagem 4.5° | IK pediu [-16.5 -21.1  -0.   84.6  81.2] | faltou [ 0.1  0.2 -1.3  0.1  0. ] graus
[INFO] [1790792750.791804, 805.553000]: [mission] fase "desengata" alcançada em 1 iteração(ões) (0.0080 m)
[INFO] [1790792751.314891, 806.064000]: [mission] MANIPULATE concluída — chave ABERTA, lâmina medida em 30.3°
[INFO] [1790792751.316882, 806.066000]: State machine transitioning 'MANIPULATE':'done'-->'RETRACT'
[INFO] [1790792751.735411, 806.476000]: [mission] âncora engatada (fase "saida_sobe")
[INFO] [1790792753.311975, 808.030000]: [mission] fase "saida_sobe" it0: ponta (0.297, 2.780, 0.773) erro=0.0075 | degrau eixo 4.3° | rolagem 4.4° | IK pediu [-16.4 -18.1  -0.   82.7  80.8] | faltou [ 0.  -0.3 -0.2 -0.2  0. ] graus
[INFO] [1790792753.316398, 808.035000]: [mission] fase "saida_sobe" it0: no frame da parede eixo=+1.2 prof=+5.6 alt=+4.8 mm (tolerância 30/20/10)
[INFO] [1790792753.318818, 808.038000]: [mission] fase "saida_sobe" alcançada em 1 iteração(ões) (0.0075 m)
[INFO] [1790792753.323105, 808.042000]: [mission] âncora engatada (fase "saida_eixo")
[INFO] [1790792755.288759, 809.971000]: [mission] fase "saida_eixo" it0: ponta (0.416, 2.782, 0.772) erro=0.0088 | degrau eixo 10.1° | rolagem 10.6° | IK pediu [-26.1 -16.3   0.   75.3  72.7] | faltou [ 0.2 -0.3 -0.4 -0.5  0. ] graus
[INFO] [1790792755.291606, 809.974000]: [mission] fase "saida_eixo" it0: no frame da parede eixo=+0.8 prof=+6.4 alt=+6.0 mm (tolerância 20/20/15)
[INFO] [1790792755.293363, 809.976000]: [mission] fase "saida_eixo" alcançada em 1 iteração(ões) (0.0088 m)
[INFO] [1790792755.297474, 809.980000]: [mission] âncora engatada (fase "saida_fora")
[INFO] [1790792758.077464, 812.736000]: [mission] fase "saida_fora" it0: ponta (0.416, 2.680, 0.775) erro=0.0052 | degrau eixo 4.8° | rolagem 5.7° | IK pediu [-29.4 -20.9   0.   98.5  67.1] | faltou [ 0.   0.  -0.7 -1.3  0. ] graus
[INFO] [1790792758.080370, 812.739000]: [mission] fase "saida_fora" it0: no frame da parede eixo=-0.1 prof=+4.5 alt=+2.4 mm (tolerância 30/20/20)
[INFO] [1790792758.082973, 812.741000]: [mission] âncora solta — 1 correções de deriva
[INFO] [1790792758.084845, 812.743000]: [mission] fase "saida_fora" alcançada em 1 iteração(ões) (0.0052 m) — âncora corrigiu 1 vez(es)
[INFO] [1790792758.086992, 812.745000]: [mission] RETRACT/afasta: RECUANDO 0.250 m só com as rodas
[INFO] [1790792762.570488, 817.148000]: [mission] RETRACT/afasta: concluído (0.250 m)
[INFO] [1790792762.571678, 817.149000]: [mission] postura "stow_home" comandada: [0.0, 1.13, -1.04, -1.8, 0.0]
[INFO] [1790792774.559369, 828.950000]: State machine transitioning 'RETRACT':'ok'-->'RETURN'
[INFO] [1790792774.561562, 828.952000]: [mission] RETURN — voltando a (0.01, 1.00, -0.00 rad)
[INFO] [1790792787.314549, 841.503000]: [mission] RETURN: alinhado, avançando (1.16 m)
[INFO] [1790792787.365668, 841.553000]: [mission] teto por postura ativo no drive: v<=0.22 w<=0.50 rampa 0.51/1.52
[INFO] [1790792796.270467, 850.303000]: [mission] RETURN: chegou, ajustando heading final
[INFO] [1790792796.320548, 850.353000]: [mission] teto por postura ativo no drive: v<=0.23 w<=0.50 rampa 0.51/1.52
[INFO] [1790792802.374918, 856.303000]: [mission] RETURN: concluído
[INFO] [1790792802.377266, 856.305000]: State machine terminating 'RETURN':'home':'MISSION_OK'
[INFO] [1790792802.379620, 856.307000]: [mission] resultado: MISSION_OK
... logging to /home/marco/.ros/log/6face59e-bcfa-11f1-b39b-b025aa85b2a2/roslaunch-shiroi-2092766.log
Checking log directory for disk usage. This may take a while.
Press Ctrl-C to interrupt
]2;/home/marco/b166er/src/b166er_whole_body_control/launch/chave_mission.launch
[1mstarted roslaunch server http://shiroi:37069/[0m

SUMMARY
========

PARAMETERS
 * /chave_mission/estado_final: 
 * /chave_mission/estado_inicial: STOW_INIT
 * /chave_mission/pausa_por_fase: False
 * /chave_mission/search_omega: 0.35
 * /chave_mission/standoff_distance: 0.62
 * /chave_mission/use_wholebody: False
 * /chave_seccionadora_task/aproxima_lateral/modo: ik
 * /chave_seccionadora_task/aproxima_lateral/offset_xyz_m: [-0.09, 0.0, 0.01]
 * /chave_seccionadora_task/aproxima_lateral/tol_xyz_m: [0.04, 0.008, 0.005]
 * /chave_seccionadora_task/arco1/blade_angle_deg: 15
 * /chave_seccionadora_task/arco1/deriva_eixo_max_m: 0.015
 * /chave_seccionadora_task/arco1/modo: wb
 * /chave_seccionadora_task/arco1/offset_xyz_m: [0.0, 0.0518, -0....
 * /chave_seccionadora_task/arco1/soltura_recuo_min_m: 0.04
 * /chave_seccionadora_task/arco1/tol_xyz_m: [0.04, 0.01, 0.015]
 * /chave_seccionadora_task/arco2/blade_angle_deg: 30
 * /chave_seccionadora_task/arco2/deriva_eixo_max_m: 0.015
 * /chave_seccionadora_task/arco2/modo: wb
 * /chave_seccionadora_task/arco2/offset_xyz_m: [0.0, 0.1, -0.0518]
 * /chave_seccionadora_task/arco2/tol_xyz_m: [0.04, 0.01, 0.015]
 * /chave_seccionadora_task/atravessa/modo: ik
 * /chave_seccionadora_task/atravessa/offset_xyz_m: [-0.008, 0.0, 0.01]
 * /chave_seccionadora_task/atravessa/tol_xyz_m: [0.008, 0.006, 0....
 * /chave_seccionadora_task/captura/modo: ik
 * /chave_seccionadora_task/captura/offset_xyz_m: [0.0, 0.0, -0.01]
 * /chave_seccionadora_task/captura/tol_xyz_m: [0.04, 0.006, 0.01]
 * /chave_seccionadora_task/desengata/modo: ik
 * /chave_seccionadora_task/desengata/offset_xyz_m: [-0.09, 0.1, -0.0...
 * /chave_seccionadora_task/destrava/curso_estagna_m: 0.01
 * /chave_seccionadora_task/destrava/curso_margem_m: 0.002
 * /chave_seccionadora_task/destrava/curso_min_m: 0.018
 * /chave_seccionadora_task/destrava/modo: wb
 * /chave_seccionadora_task/destrava/offset_xyz_m: [0.0, 0.0, -0.025]
 * /chave_seccionadora_task/destrava/tol_xyz_m: [0.04, 0.006, 0.004]
 * /chave_seccionadora_task/libera/deriva_eixo_max_m: 0.015
 * /chave_seccionadora_task/libera/modo: wb
 * /chave_seccionadora_task/libera/offset_xyz_m: [0.0, 0.03, -0.025]
 * /chave_seccionadora_task/libera/tol_xyz_m: [0.04, 0.008, 0.006]
 * /chave_seccionadora_task/orienta/modo: ik
 * /chave_seccionadora_task/orienta/offset_xyz_m: [-0.09, 0.15, 0.0...
 * /chave_seccionadora_task/reassenta_sobe/tol_xyz_m: [0.03, 0.02, 0.005]
 * /chave_seccionadora_task/saida_eixo/tol_xyz_m: [0.02, 0.02, 0.015]
 * /chave_seccionadora_task/saida_fora/tol_xyz_m: [0.03, 0.02, 0.02]
 * /chave_seccionadora_task/saida_sobe/tol_xyz_m: [0.03, 0.02, 0.01]
 * /chave_seccionadora_task/target_frame: chave_olhal_link
 * /fuzzy_wb_controller/fixed_gains: []
 * /rosdistro: noetic
 * /rosversion: 1.17.4

NODES
  /
    chave_mission (b166er_whole_body_control/chave_mission.py)

[1mROS_MASTER_URI=http://localhost:11311[0m
]2;/home/marco/b166er/src/b166er_whole_body_control/launch/chave_mission.launch http://localhost:11311
[1mprocess[chave_mission-1]: started with pid [2092810][0m
[1m[chave_mission-1] process has finished cleanly
log file: /home/marco/.ros/log/6face59e-bcfa-11f1-b39b-b025aa85b2a2/chave_mission-1*.log[0m
all processes on machine have died, roslaunch will exit
shutting down processing monitor...
... shutting down processing monitor complete
[1mdone[0m
