[  0%] Built target std_msgs_generate_messages_eus
[  0%] Built target std_msgs_generate_messages_lisp
[  0%] Built target std_msgs_generate_messages_cpp
[  0%] Built target std_msgs_generate_messages_nodejs
[  0%] Built target std_msgs_generate_messages_py
[  0%] Built target _movemaster_msg_generate_messages_check_deps_setpoint
[  0%] Built target _movemaster_msg_generate_messages_check_deps_status
[ 16%] [1m[34mGenerating EusLisp code from movemaster_msg/status.msg[0m
[ 16%] [1m[34mGenerating EusLisp code from movemaster_msg/setpoint.msg[0m
[ 25%] [1m[34mGenerating Python from MSG movemaster_msg/setpoint[0m
[ 41%] [1m[34mGenerating EusLisp manifest code for movemaster_msg[0m
[ 41%] [1m[34mGenerating Python from MSG movemaster_msg/status[0m
[ 50%] [1m[34mGenerating Javascript code from movemaster_msg/setpoint.msg[0m
[ 58%] [1m[34mGenerating Javascript code from movemaster_msg/status.msg[0m
[ 66%] [1m[34mGenerating Lisp code from movemaster_msg/setpoint.msg[0m
[ 75%] [1m[34mGenerating C++ code from movemaster_msg/setpoint.msg[0m
[ 91%] [1m[34mGenerating C++ code from movemaster_msg/status.msg[0m
[ 91%] [1m[34mGenerating Lisp code from movemaster_msg/status.msg[0m
[ 91%] Built target movemaster_msg_generate_messages_nodejs
[ 91%] Built target movemaster_msg_generate_messages_lisp
[ 91%] Built target movemaster_msg_generate_messages_cpp
[100%] [1m[34mGenerating Python msg __init__.py for movemaster_msg[0m
[100%] Built target movemaster_msg_generate_messages_py
[100%] Built target movemaster_msg_generate_messages_eus
[100%] Built target movemaster_msg_generate_messages
