Linked: (/Users/marcoreis/b166er/devel/.private/movemaster_msg/include/movemaster_msg/status.h, /Users/marcoreis/b166er/devel/include/movemaster_msg/status.h)
Linked: (/Users/marcoreis/b166er/devel/.private/movemaster_msg/include/movemaster_msg/setpoint.h, /Users/marcoreis/b166er/devel/include/movemaster_msg/setpoint.h)
Linked: (/Users/marcoreis/b166er/devel/.private/movemaster_msg/lib/pkgconfig/movemaster_msg.pc, /Users/marcoreis/b166er/devel/lib/pkgconfig/movemaster_msg.pc)
Linked: (/Users/marcoreis/b166er/devel/.private/movemaster_msg/lib/python3.11/site-packages/movemaster_msg/__init__.py, /Users/marcoreis/b166er/devel/lib/python3.11/site-packages/movemaster_msg/__init__.py)
Linked: (/Users/marcoreis/b166er/devel/.private/movemaster_msg/lib/python3.11/site-packages/movemaster_msg/msg/_status.py, /Users/marcoreis/b166er/devel/lib/python3.11/site-packages/movemaster_msg/msg/_status.py)
Linked: (/Users/marcoreis/b166er/devel/.private/movemaster_msg/lib/python3.11/site-packages/movemaster_msg/msg/__init__.py, /Users/marcoreis/b166er/devel/lib/python3.11/site-packages/movemaster_msg/msg/__init__.py)
Linked: (/Users/marcoreis/b166er/devel/.private/movemaster_msg/lib/python3.11/site-packages/movemaster_msg/msg/_setpoint.py, /Users/marcoreis/b166er/devel/lib/python3.11/site-packages/movemaster_msg/msg/_setpoint.py)
Linked: (/Users/marcoreis/b166er/devel/.private/movemaster_msg/share/movemaster_msg/cmake/movemaster_msgConfig.cmake, /Users/marcoreis/b166er/devel/share/movemaster_msg/cmake/movemaster_msgConfig.cmake)
Linked: (/Users/marcoreis/b166er/devel/.private/movemaster_msg/share/movemaster_msg/cmake/movemaster_msgConfig-version.cmake, /Users/marcoreis/b166er/devel/share/movemaster_msg/cmake/movemaster_msgConfig-version.cmake)
Linked: (/Users/marcoreis/b166er/devel/.private/movemaster_msg/share/movemaster_msg/cmake/movemaster_msg-msg-extras.cmake, /Users/marcoreis/b166er/devel/share/movemaster_msg/cmake/movemaster_msg-msg-extras.cmake)
Linked: (/Users/marcoreis/b166er/devel/.private/movemaster_msg/share/movemaster_msg/cmake/movemaster_msg-msg-paths.cmake, /Users/marcoreis/b166er/devel/share/movemaster_msg/cmake/movemaster_msg-msg-paths.cmake)
Linked: (/Users/marcoreis/b166er/devel/.private/movemaster_msg/share/roseus/ros/movemaster_msg/manifest.l, /Users/marcoreis/b166er/devel/share/roseus/ros/movemaster_msg/manifest.l)
Linked: (/Users/marcoreis/b166er/devel/.private/movemaster_msg/share/roseus/ros/movemaster_msg/msg/setpoint.l, /Users/marcoreis/b166er/devel/share/roseus/ros/movemaster_msg/msg/setpoint.l)
Linked: (/Users/marcoreis/b166er/devel/.private/movemaster_msg/share/roseus/ros/movemaster_msg/msg/status.l, /Users/marcoreis/b166er/devel/share/roseus/ros/movemaster_msg/msg/status.l)
Linked: (/Users/marcoreis/b166er/devel/.private/movemaster_msg/share/common-lisp/ros/movemaster_msg/msg/_package_status.lisp, /Users/marcoreis/b166er/devel/share/common-lisp/ros/movemaster_msg/msg/_package_status.lisp)
Linked: (/Users/marcoreis/b166er/devel/.private/movemaster_msg/share/common-lisp/ros/movemaster_msg/msg/status.lisp, /Users/marcoreis/b166er/devel/share/common-lisp/ros/movemaster_msg/msg/status.lisp)
Linked: (/Users/marcoreis/b166er/devel/.private/movemaster_msg/share/common-lisp/ros/movemaster_msg/msg/_package.lisp, /Users/marcoreis/b166er/devel/share/common-lisp/ros/movemaster_msg/msg/_package.lisp)
Linked: (/Users/marcoreis/b166er/devel/.private/movemaster_msg/share/common-lisp/ros/movemaster_msg/msg/_package_setpoint.lisp, /Users/marcoreis/b166er/devel/share/common-lisp/ros/movemaster_msg/msg/_package_setpoint.lisp)
Linked: (/Users/marcoreis/b166er/devel/.private/movemaster_msg/share/common-lisp/ros/movemaster_msg/msg/setpoint.lisp, /Users/marcoreis/b166er/devel/share/common-lisp/ros/movemaster_msg/msg/setpoint.lisp)
Linked: (/Users/marcoreis/b166er/devel/.private/movemaster_msg/share/common-lisp/ros/movemaster_msg/msg/movemaster_msg-msg.asd, /Users/marcoreis/b166er/devel/share/common-lisp/ros/movemaster_msg/msg/movemaster_msg-msg.asd)
Linked: (/Users/marcoreis/b166er/devel/.private/movemaster_msg/share/gennodejs/ros/movemaster_msg/_index.js, /Users/marcoreis/b166er/devel/share/gennodejs/ros/movemaster_msg/_index.js)
Linked: (/Users/marcoreis/b166er/devel/.private/movemaster_msg/share/gennodejs/ros/movemaster_msg/msg/_index.js, /Users/marcoreis/b166er/devel/share/gennodejs/ros/movemaster_msg/msg/_index.js)
Linked: (/Users/marcoreis/b166er/devel/.private/movemaster_msg/share/gennodejs/ros/movemaster_msg/msg/status.js, /Users/marcoreis/b166er/devel/share/gennodejs/ros/movemaster_msg/msg/status.js)
Linked: (/Users/marcoreis/b166er/devel/.private/movemaster_msg/share/gennodejs/ros/movemaster_msg/msg/setpoint.js, /Users/marcoreis/b166er/devel/share/gennodejs/ros/movemaster_msg/msg/setpoint.js)
