Symlinking /Users/marcoreis/b166er/devel/include/movemaster_msg/status.h
Symlinking /Users/marcoreis/b166er/devel/include/movemaster_msg/setpoint.h
Symlinking /Users/marcoreis/b166er/devel/lib/pkgconfig/movemaster_msg.pc
Symlinking /Users/marcoreis/b166er/devel/lib/python3.11/site-packages/movemaster_msg/__init__.py
Symlinking /Users/marcoreis/b166er/devel/lib/python3.11/site-packages/movemaster_msg/msg/_status.py
Symlinking /Users/marcoreis/b166er/devel/lib/python3.11/site-packages/movemaster_msg/msg/__init__.py
Symlinking /Users/marcoreis/b166er/devel/lib/python3.11/site-packages/movemaster_msg/msg/_setpoint.py
Symlinking /Users/marcoreis/b166er/devel/share/movemaster_msg/cmake/movemaster_msgConfig.cmake
Symlinking /Users/marcoreis/b166er/devel/share/movemaster_msg/cmake/movemaster_msgConfig-version.cmake
Symlinking /Users/marcoreis/b166er/devel/share/movemaster_msg/cmake/movemaster_msg-msg-extras.cmake
Symlinking /Users/marcoreis/b166er/devel/share/movemaster_msg/cmake/movemaster_msg-msg-paths.cmake
Symlinking /Users/marcoreis/b166er/devel/share/roseus/ros/movemaster_msg/manifest.l
Symlinking /Users/marcoreis/b166er/devel/share/roseus/ros/movemaster_msg/msg/setpoint.l
Symlinking /Users/marcoreis/b166er/devel/share/roseus/ros/movemaster_msg/msg/status.l
Symlinking /Users/marcoreis/b166er/devel/share/common-lisp/ros/movemaster_msg/msg/_package_status.lisp
Symlinking /Users/marcoreis/b166er/devel/share/common-lisp/ros/movemaster_msg/msg/status.lisp
Symlinking /Users/marcoreis/b166er/devel/share/common-lisp/ros/movemaster_msg/msg/_package.lisp
Symlinking /Users/marcoreis/b166er/devel/share/common-lisp/ros/movemaster_msg/msg/_package_setpoint.lisp
Symlinking /Users/marcoreis/b166er/devel/share/common-lisp/ros/movemaster_msg/msg/setpoint.lisp
Symlinking /Users/marcoreis/b166er/devel/share/common-lisp/ros/movemaster_msg/msg/movemaster_msg-msg.asd
Symlinking /Users/marcoreis/b166er/devel/share/gennodejs/ros/movemaster_msg/_index.js
Symlinking /Users/marcoreis/b166er/devel/share/gennodejs/ros/movemaster_msg/msg/_index.js
Symlinking /Users/marcoreis/b166er/devel/share/gennodejs/ros/movemaster_msg/msg/status.js
Symlinking /Users/marcoreis/b166er/devel/share/gennodejs/ros/movemaster_msg/msg/setpoint.js
