[31mWARNING: disk usage in log directory [/home/marco/.ros/log] is over 1GB.
It's recommended that you use the 'rosclean' command.[0m
the rosdep view is empty: call 'sudo rosdep init' and 'rosdep update'
[WARN] [1791376300.410410, 130.379000]: [mission] SEARCH: 7 de 25 amostras descartadas como outlier (>0.15 m ou >0.20 rad da mediana)
[WARN] [1791376300.466252, 130.438000]: [mission] SEARCH: laser com só 20 pontos de parede (mín 30) — parede fica pela tag
[INFO] [1791376274.822982, 105.208000]: garra_dx = 0.000 m (fechada)
[INFO] [1791376274.962192, 105.344000]: State machine starting in initial state 'STOW_INIT' with userdata: 
	[]
[INFO] [1791376275.266935, 105.646000]: [mission] pose de partida registrada: (-0.01, 1.00, -0.01 rad)
[INFO] [1791376275.268392, 105.647000]: [mission] postura "stow_home" comandada: [0.0, 1.13, -1.04, -1.8, 0.0]
[INFO] [1791376275.873026, 106.248000]: State machine transitioning 'STOW_INIT':'ok'-->'SEARCH'
[INFO] [1791376275.875046, 106.250000]: [mission] postura "search" comandada: [0.0, 1.0, -1.0, 0.0, 0.0]
[INFO] [1791376283.309830, 113.551000]: [mission] SEARCH — girando à procura da tag...
[INFO] [1791376283.311460, 113.552000]: [mission] SEARCH: amostra quando a tag estiver a raio 0.35-0.50 do quadro (vista oblíqua; omega fina 0.15 rad/s)
[INFO] [1791376284.639660, 114.854000]: [mission] SEARCH: tag a raio 0.96 — girando até <= 0.50
[INFO] [1791376292.161079, 122.255000]: [mission] SEARCH: tag a raio 0.50 — parando
[INFO] [1791376292.162380, 122.256000]: [mission] tag avistada — parando para medir
[INFO] [1791376293.184354, 123.263000]: [mission] âncora engatada (coleta do SEARCH)
[INFO] [1791376293.186227, 123.265000]: [mission] SEARCH: coleta com dither ±0.05 rad/s (período 3.0 s)
[INFO] [1791376300.384043, 130.357000]: [mission] âncora solta — 12 correções de deriva
[INFO] [1791376300.386098, 130.359000]: [mission] SEARCH: âncora corrigiu a deriva 12 vez(es) durante a coleta
[INFO] [1791376300.413103, 130.384000]: [mission] SEARCH: 18 amostras — parede (0.021, 3.087, -0.003) yaw=2.930
[INFO] [1791376300.467338, 130.439000]: [mission] parede localizada em (0.021, 3.087, -0.003)
[INFO] [1791376300.470833, 130.442000]: State machine transitioning 'SEARCH':'found'-->'APPROACH'
[INFO] [1791376300.471750, 130.443000]: [mission] APPROACH etapa 1/2 — 1.30 m do olhal, alvo (-0.08, 1.65, 1.36 rad)
[INFO] [1791376304.779249, 134.694000]: [mission] APPROACH: alinhado, avançando (0.80 m)
[INFO] [1791376304.831719, 134.744000]: [mission] teto por postura ativo no drive: v<=0.17 w<=0.50 rampa 0.45/1.50
[INFO] [1791376311.215503, 140.994000]: [mission] APPROACH: chegou, ajustando heading final
[INFO] [1791376311.267503, 141.044000]: [mission] teto por postura ativo no drive: v<=0.17 w<=0.50 rampa 0.45/1.52
[INFO] [1791376314.724089, 144.444000]: [mission] APPROACH: concluído
[INFO] [1791376315.739681, 145.449000]: [mission] âncora engatada (coleta do APPROACH/remedida)
[INFO] [1791376315.741855, 145.451000]: [mission] APPROACH/remedida: coleta com dither ±0.05 rad/s (período 3.0 s)
[INFO] [1791376316.890646, 146.586000]: [mission] âncora solta — 1 correções de deriva
[INFO] [1791376316.892656, 146.588000]: [mission] APPROACH/remedida: âncora corrigiu a deriva 1 vez(es) durante a coleta
[INFO] [1791376316.894295, 146.589000]: [mission] APPROACH/remedida: 10 amostras — parede (0.004, 3.002, -0.002) yaw=3.136
[INFO] [1791376316.948358, 146.642000]: [mission] APPROACH/remedida: parede pelo LASER — 83 pontos, resíduo 5.1 mm: profundidade +2.1 mm e yaw +0.25° em relação à tag → parede (0.004, 3.000, -0.002) yaw=3.140
[INFO] [1791376316.950777, 146.645000]: [mission] APPROACH etapa 2/2 — 0.88 m do olhal, alvo (0.37, 1.99, 1.57 rad)
[INFO] [1791376321.775301, 151.397000]: [mission] APPROACH: alinhado, avançando (0.66 m)
[INFO] [1791376321.825478, 151.447000]: [mission] teto por postura ativo no drive: v<=0.17 w<=0.50 rampa 0.45/1.51
[INFO] [1791376327.041512, 156.597000]: [mission] APPROACH: chegou, ajustando heading final
[INFO] [1791376327.090954, 156.647000]: [mission] teto por postura ativo no drive: v<=0.17 w<=0.50 rampa 0.45/1.51
[INFO] [1791376331.651964, 161.147000]: [mission] APPROACH: concluído
[INFO] [1791376331.657158, 161.152000]: State machine transitioning 'APPROACH':'arrived'-->'REFINE'
[INFO] [1791376331.658376, 161.153000]: [mission] REFINE — remedindo a parede de perto (10 amostras)
[INFO] [1791376331.660643, 161.155000]: [mission] âncora engatada (coleta do REFINE)
[INFO] [1791376331.661816, 161.156000]: [mission] REFINE: coleta com dither ±0.05 rad/s (período 3.0 s)
[INFO] [1791376332.807453, 162.286000]: [mission] âncora solta — 2 correções de deriva
[INFO] [1791376332.810171, 162.289000]: [mission] REFINE: âncora corrigiu a deriva 2 vez(es) durante a coleta
[INFO] [1791376332.813387, 162.291000]: [mission] REFINE: 10 amostras — parede (0.003, 3.006, 0.000) yaw=3.122
[INFO] [1791376332.864626, 162.343000]: [mission] REFINE: parede pelo LASER — 82 pontos, resíduo 4.7 mm: profundidade +7.8 mm e yaw +0.92° em relação à tag → parede (0.003, 2.998, 0.000) yaw=3.138
[INFO] [1791376332.866539, 162.345000]: [mission] REFINE: deslocou 0.003 m da estimativa anterior
[INFO] [1791376332.867866, 162.346000]: [mission] olhal estimado em (0.202, 2.867, 0.805)
[INFO] [1791376332.873416, 162.352000]: State machine transitioning 'REFINE':'ok'-->'DEPLOY'
[INFO] [1791376332.874720, 162.353000]: [mission] DEPLOY: IK resolvida para a POSE DE MANIPULAÇÃO (0.20, 2.25, 1.57 rad), não para a atual
[INFO] [1791376337.603294, 166.031000]: [mission] DEPLOY: IK nivelada 0.0708 m, só eixo 0.0014 m — a MISSÃO INTEIRA usa "eixo"
[INFO] [1791376337.607906, 167.081000]: [mission] DEPLOY: IK da ponta resolvida (resíduo 0.0014 m, degrau 0.4°) — pré-posicionando em [-10.9 -46.4  60.   78.4  79.1] graus
[INFO] [1791376344.494546, 173.885000]: [mission] plano de exclusão publicado: parede em [0.003 2.998 0.   ], normal segura [-0.003 -1.     0.   ]
[INFO] [1791376344.708288, 174.095000]: [mission] teto por postura ativo no drive: v<=0.21 w<=0.50 rampa 0.50/1.66
[INFO] [1791376349.259173, 178.594000]: [mission] DEPLOY/aproxima: alinhado, avançando (0.43 m)
[INFO] [1791376353.726382, 182.994000]: [mission] DEPLOY/aproxima: chegou, ajustando heading final
[INFO] [1791376359.012425, 188.194000]: [mission] DEPLOY/aproxima: concluído
[INFO] [1791376359.014211, 188.196000]: State machine transitioning 'DEPLOY':'ok'-->'MANIPULATE'
[INFO] [1791376359.016533, 188.198000]: [mission] fase "orienta": modo IK iterativa (YAML)
[INFO] [1791376359.023296, 188.204000]: [mission] âncora engatada (fase "orienta")
[INFO] [1791376362.590225, 191.711000]: [mission] fase "orienta" it0: ponta (0.280, 2.709, 0.815) erro=0.0144 | degrau eixo 0.1° | rolagem 0.5° | IK pediu [-20.9 -22.7  12.3  99.9  73. ] | faltou [ 0.8 -1.1  3.2  0.4  0.9] graus
[INFO] [1791376362.592484, 191.713000]: [mission] âncora solta — 2 correções de deriva
[INFO] [1791376362.593834, 191.715000]: [mission] fase "orienta" alcançada em 1 iteração(ões) (0.0144 m) — âncora corrigiu 2 vez(es)
[INFO] [1791376363.107707, 192.221000]: [mission] fase "aproxima_lateral": modo IK iterativa (YAML)
[INFO] [1791376363.110383, 192.223000]: [mission] âncora engatada (fase "aproxima_lateral")
[INFO] [1791376365.877256, 194.938000]: [mission] fase "aproxima_lateral" it0: ponta (0.299, 2.859, 0.800) erro=0.0167 | degrau eixo 6.0° | rolagem 6.4° | IK pediu [-17.6 -13.    0.   76.7  77.8] | faltou [-0.8 -1.5  0.1  1.4 -0.8] graus
[INFO] [1791376365.881228, 194.942000]: [mission] fase "aproxima_lateral" it0: no frame da parede eixo=+7.0 prof=-0.1 alt=+15.2 mm (tolerância 40/8/5)
[INFO] [1791376367.820616, 196.852000]: [mission] fase "aproxima_lateral" it1: ponta (0.296, 2.863, 0.804) erro=0.0124 | degrau eixo 5.5° | rolagem 6.5° | IK pediu [-17.4 -11.8   0.   77.1  78. ] | faltou [-0.6 -1.7 -0.6  0.3 -1. ] graus
[INFO] [1791376367.823547, 196.855000]: [mission] fase "aproxima_lateral" it1: no frame da parede eixo=+3.5 prof=+4.5 alt=+11.1 mm (tolerância 40/8/5)
[INFO] [1791376369.806994, 198.809000]: [mission] fase "aproxima_lateral" it2: ponta (0.296, 2.860, 0.811) erro=0.0055 | degrau eixo 5.1° | rolagem 5.8° | IK pediu [-17.2 -10.9   0.   77.6  78. ] | faltou [-0.9 -1.9 -0.8  0.1 -0.1] graus
[INFO] [1791376369.810657, 198.814000]: [mission] fase "aproxima_lateral" it2: no frame da parede eixo=+3.4 prof=+1.4 alt=+4.1 mm (tolerância 40/8/5)
[INFO] [1791376369.812465, 198.816000]: [mission] âncora solta — 3 correções de deriva
[INFO] [1791376369.814081, 198.817000]: [mission] fase "aproxima_lateral" alcançada em 3 iteração(ões) (0.0055 m) — âncora corrigiu 3 vez(es)
[ERROR] [1791376419.061741, 247.488000]: [mission] fase "destrava": whole-body não fechou em 40s (melhor 0.0147 m; régua por eixo da fase)
[WARN] [1791376419.273079, 247.697000]: [mission] ABORT — parando base e recolhendo braço
[WARN] [1791376419.681832, 248.099000]: [mission] ABORT: ponta a 0.024 m do olhal — saindo em degraus: sobe 30 mm, 120 mm pelo eixo do furo, 100 mm para fora, antes de recolher
[INFO] [1791376370.337612, 199.329000]: [mission] fase "atravessa": modo IK iterativa (YAML)
[INFO] [1791376370.342383, 199.333000]: [mission] âncora engatada (fase "atravessa")
[INFO] [1791376372.987397, 201.938000]: [mission] fase "atravessa" it0: ponta (0.220, 2.866, 0.811) erro=0.0131 | degrau eixo 2.6° | rolagem 3.0° | IK pediu [-11.  -14.    0.   81.3  83.8] | faltou [-0.9  0.  -0.4 -0.7 -0.6] graus
[INFO] [1791376372.990093, 201.941000]: [mission] fase "atravessa" it0: no frame da parede eixo=+10.2 prof=+7.3 alt=+3.7 mm (tolerância 8/6/5)
[INFO] [1791376375.027999, 203.948000]: [mission] fase "atravessa" it1: ponta (0.217, 2.865, 0.812) erro=0.0096 | degrau eixo 2.1° | rolagem 2.6° | IK pediu [-10.5 -14.    0.1  83.6  84.2] | faltou [-1.1  0.1 -0.4 -2.9 -0.1] graus
[INFO] [1791376375.032864, 203.952000]: [mission] fase "atravessa" it1: no frame da parede eixo=+7.1 prof=+5.6 alt=+3.1 mm (tolerância 8/6/5)
[INFO] [1791376375.035759, 203.956000]: [mission] âncora solta — 1 correções de deriva
[INFO] [1791376375.037296, 203.957000]: [mission] fase "atravessa" alcançada em 2 iteração(ões) (0.0096 m) — âncora corrigiu 1 vez(es)
[INFO] [1791376375.553210, 204.465000]: [mission] fase "captura": modo IK iterativa (YAML)
[INFO] [1791376375.559357, 204.471000]: [mission] âncora engatada (fase "captura")
[INFO] [1791376377.491302, 206.375000]: [mission] fase "captura" it0: ponta (0.213, 2.873, 0.793) erro=0.0125 | degrau eixo 2.5° | rolagem 2.8° | IK pediu [-10.4 -16.   -0.   81.6  84.5] | faltou [-0.9  0.3 -0.5 -1.  -0.4] graus
[INFO] [1791376377.492949, 206.376000]: [mission] fase "captura" it0: no frame da parede eixo=+10.9 prof=+5.6 alt=+2.4 mm (tolerância 40/6/10)
[INFO] [1791376377.494385, 206.378000]: [mission] fase "captura" alcançada em 1 iteração(ões) (0.0125 m)
[INFO] [1791376377.499117, 206.383000]: [mission] captura: ponta registrada em eixo=-10.9 prof=-5.6 alt=-12.4 mm (zero da descida do destrava e da deriva de eixo)
[INFO] [1791376378.006876, 206.884000]: [mission] fase "destrava": alvo em altura relativo à captura: -32.4 mm (captura -12.4 − curso 18 − margem 2)
[INFO] [1791376378.007618, 206.884000]: [mission] fase "destrava": modo whole-body/Fuzzy (YAML)
[INFO] [1791376378.209550, 207.085000]: [mission] plano de exclusão publicado: parede em [0.003 2.998 0.   ], normal segura [-0.003 -1.     0.   ]
[INFO] [1791376378.511984, 207.387000]: [mission] fase "destrava": whole-body assumiu (base livre, restrita pelo plano de exclusão)
[INFO] [1791376378.513386, 207.388000]: [mission] fase "destrava": whole-body a 0.0189 m do alvo — eixo=+10.4 prof=+5.1 alt=-15.0 mm
[INFO] [1791376380.632663, 209.488000]: [mission] fase "destrava": whole-body a 0.0155 m do alvo — eixo=+10.2 prof=-5.4 alt=-10.3 mm
[INFO] [1791376382.753385, 211.588000]: [mission] fase "destrava": whole-body a 0.0167 m do alvo — eixo=+9.2 prof=-5.5 alt=-12.8 mm
[INFO] [1791376384.877145, 213.689000]: [mission] fase "destrava": whole-body a 0.0167 m do alvo — eixo=+9.6 prof=-5.0 alt=-12.7 mm
[INFO] [1791376386.988978, 215.788000]: [mission] fase "destrava": whole-body a 0.0169 m do alvo — eixo=+10.0 prof=-5.6 alt=-12.4 mm
[INFO] [1791376389.103382, 217.888000]: [mission] fase "destrava": whole-body a 0.0169 m do alvo — eixo=+10.2 prof=-5.5 alt=-12.3 mm
[INFO] [1791376391.237268, 219.988000]: [mission] fase "destrava": whole-body a 0.0176 m do alvo — eixo=+10.7 prof=-5.4 alt=-12.8 mm
[INFO] [1791376393.354853, 222.088000]: [mission] fase "destrava": whole-body a 0.0168 m do alvo — eixo=+11.1 prof=-4.9 alt=-11.7 mm
[INFO] [1791376395.472296, 224.188000]: [mission] fase "destrava": whole-body a 0.0179 m do alvo — eixo=+11.5 prof=-5.1 alt=-12.8 mm
[INFO] [1791376397.597331, 226.288000]: [mission] fase "destrava": whole-body a 0.0174 m do alvo — eixo=+11.6 prof=-5.3 alt=-11.9 mm
[INFO] [1791376399.718716, 228.388000]: [mission] fase "destrava": whole-body a 0.0183 m do alvo — eixo=+11.8 prof=-5.3 alt=-12.9 mm
[INFO] [1791376401.838824, 230.488000]: [mission] fase "destrava": whole-body a 0.0184 m do alvo — eixo=+12.0 prof=-5.3 alt=-12.8 mm
[INFO] [1791376403.962802, 232.588000]: [mission] fase "destrava": whole-body a 0.0180 m do alvo — eixo=+12.2 prof=-5.2 alt=-12.1 mm
[INFO] [1791376406.085185, 234.688000]: [mission] fase "destrava": whole-body a 0.0191 m do alvo — eixo=+12.4 prof=-5.3 alt=-13.5 mm
[INFO] [1791376408.108171, 236.689000]: [mission] fase "destrava": whole-body a 0.0181 m do alvo — eixo=+12.6 prof=-5.5 alt=-11.7 mm
[INFO] [1791376410.238369, 238.788000]: [mission] fase "destrava": whole-body a 0.0190 m do alvo — eixo=+12.8 prof=-5.2 alt=-13.0 mm
[INFO] [1791376412.364373, 240.888000]: [mission] fase "destrava": whole-body a 0.0189 m do alvo — eixo=+13.1 prof=-5.5 alt=-12.5 mm
[INFO] [1791376414.492277, 242.988000]: [mission] fase "destrava": whole-body a 0.0189 m do alvo — eixo=+13.4 prof=-5.4 alt=-12.2 mm
[INFO] [1791376416.635645, 245.088000]: [mission] fase "destrava": whole-body a 0.0194 m do alvo — eixo=+13.7 prof=-5.4 alt=-12.7 mm
[INFO] [1791376418.761811, 247.188000]: [mission] fase "destrava": whole-body a 0.0191 m do alvo — eixo=+14.1 prof=-5.4 alt=-11.8 mm
[INFO] [1791376419.265843, 247.689000]: [mission] plano de exclusão publicado: parede em [0.003 2.998 0.   ], normal segura [-0.003 -1.     0.   ]
[INFO] [1791376419.271613, 247.695000]: State machine transitioning 'MANIPULATE':'failed'-->'ABORT_SAFE'
[INFO] [1791376419.685340, 248.103000]: [mission] âncora engatada (fase "saida_sobe")
[INFO] [1791376421.614575, 250.007000]: [mission] fase "saida_sobe" it0: ponta (0.217, 2.862, 0.792) erro=0.0242 | degrau eixo 2.9° | rolagem 2.7° | IK pediu [-11.3 -13.3  -0.   79.1  83.4] | faltou [-0.   0.9 -8.3  6.7  0.8] graus
[INFO] [1791376421.616251, 250.009000]: [mission] fase "saida_sobe" it0: no frame da parede eixo=+1.0 prof=-0.1 alt=+24.2 mm (tolerância 30/20/10)
[INFO] [1791376423.958220, 252.311000]: [mission] fase "saida_sobe" it1: ponta (0.218, 2.871, 0.810) erro=0.0114 | degrau eixo 2.8° | rolagem 2.7° | IK pediu [-11.1 -11.   -0.2  78.1  83.4] | faltou [-0.1  1.4 -8.2  4.2  0.9] graus
[INFO] [1791376423.961101, 252.314000]: [mission] fase "saida_sobe" it1: no frame da parede eixo=+2.0 prof=+9.5 alt=+5.9 mm (tolerância 30/20/10)
[INFO] [1791376423.962989, 252.316000]: [mission] âncora solta — 1 correções de deriva
[INFO] [1791376423.964251, 252.318000]: [mission] fase "saida_sobe" alcançada em 2 iteração(ões) (0.0114 m) — âncora corrigiu 1 vez(es)
[INFO] [1791376423.967524, 252.321000]: [mission] âncora engatada (fase "saida_eixo")
[INFO] [1791376426.721291, 255.026000]: [mission] fase "saida_eixo" it0: ponta (0.328, 2.868, 0.804) erro=0.0163 | degrau eixo 8.2° | rolagem 7.9° | IK pediu [-21.  -11.9  -0.   72.6  75. ] | faltou [ 0.7 -0.9 -0.2  0.3  1.1] graus
[INFO] [1791376426.724999, 255.030000]: [mission] fase "saida_eixo" it0: no frame da parede eixo=-8.6 prof=+6.4 alt=+12.3 mm (tolerância 20/20/15)
[INFO] [1791376426.729539, 255.034000]: [mission] fase "saida_eixo" alcançada em 1 iteração(ões) (0.0163 m)
[INFO] [1791376426.735464, 255.040000]: [mission] âncora engatada (fase "saida_fora")
[INFO] [1791376429.377573, 257.647000]: [mission] fase "saida_fora" it0: ponta (0.335, 2.787, 0.806) erro=0.0271 | degrau eixo 3.4° | rolagem 5.0° | IK pediu [-23.9 -16.1   0.   96.1  70.3] | faltou [ 0.8 -2.6  4.9 -7.7  0.9] graus
[INFO] [1791376429.381510, 257.651000]: [mission] fase "saida_fora" it0: no frame da parede eixo=-1.2 prof=+25.0 alt=+10.3 mm (tolerância 30/20/20)
[INFO] [1791376431.324221, 259.559000]: [mission] fase "saida_fora" it1: ponta (0.336, 2.762, 0.809) erro=0.0070 | degrau eixo 2.1° | rolagem 3.4° | IK pediu [-24.7 -15.5   0.   99.6  69.5] | faltou [ 0.8 -0.7 -1.4 -2.   0.9] graus
[INFO] [1791376431.328343, 259.563000]: [mission] fase "saida_fora" it1: no frame da parede eixo=-0.4 prof=+0.0 alt=+7.0 mm (tolerância 30/20/20)
[INFO] [1791376431.331949, 259.567000]: [mission] âncora solta — 1 correções de deriva
[INFO] [1791376431.335016, 259.570000]: [mission] fase "saida_fora" alcançada em 2 iteração(ões) (0.0070 m) — âncora corrigiu 1 vez(es)
[WARN] [1791376447.626931, 275.626000]: [mission] ABORT — voltando à pose de partida (-0.01, 1.00, -0.01 rad)
[INFO] [1791376431.337493, 259.572000]: [mission] ABORT/afasta: RECUANDO 0.250 m só com as rodas
[INFO] [1791376435.851113, 264.024000]: [mission] ABORT/afasta: concluído (0.251 m)
[INFO] [1791376435.852384, 264.025000]: [mission] postura "stow_home" comandada: [0.0, 1.13, -1.04, -1.8, 0.0]
[INFO] [1791376461.220194, 289.028000]: [mission] ABORT/retorno: alinhado, avançando (1.17 m)
[INFO] [1791376461.270979, 289.078000]: [mission] teto por postura ativo no drive: v<=0.23 w<=0.50 rampa 0.52/1.50
[INFO] [1791376470.151230, 297.878000]: [mission] ABORT/retorno: chegou, ajustando heading final
[INFO] [1791376470.200869, 297.928000]: [mission] teto por postura ativo no drive: v<=0.23 w<=0.50 rampa 0.52/1.49
[INFO] [1791376476.229523, 303.878000]: [mission] ABORT/retorno: concluído
[INFO] [1791376476.231606, 303.880000]: State machine terminating 'ABORT_SAFE':'aborted':'MISSION_ABORTED'
[INFO] [1791376476.233431, 303.882000]: [mission] resultado: MISSION_ABORTED
... logging to /home/marco/.ros/log/b986a448-c24a-11f1-9831-b025aa85b2a2/roslaunch-shiroi-3015999.log
Checking log directory for disk usage. This may take a while.
Press Ctrl-C to interrupt
]2;/home/marco/b166er/src/b166er_whole_body_control/launch/chave_mission.launch
[1mstarted roslaunch server http://shiroi:46093/[0m

SUMMARY
========

PARAMETERS
 * /chave_mission/estado_final: 
 * /chave_mission/estado_inicial: STOW_INIT
 * /chave_mission/pausa_por_fase: False
 * /chave_mission/search_omega: 0.35
 * /chave_mission/standoff_distance: 0.62
 * /chave_mission/use_wholebody: False
 * /chave_seccionadora_task/aproxima_lateral/modo: ik
 * /chave_seccionadora_task/aproxima_lateral/offset_xyz_m: [-0.09, 0.008, 0.01]
 * /chave_seccionadora_task/aproxima_lateral/tol_xyz_m: [0.04, 0.008, 0.005]
 * /chave_seccionadora_task/arco1/blade_angle_deg: 15
 * /chave_seccionadora_task/arco1/deriva_eixo_max_m: 0.015
 * /chave_seccionadora_task/arco1/modo: wb
 * /chave_seccionadora_task/arco1/offset_xyz_m: [0.0, 0.0518, -0....
 * /chave_seccionadora_task/arco1/soltura_recuo_min_m: 0.04
 * /chave_seccionadora_task/arco1/tol_xyz_m: [0.04, 0.01, 0.015]
 * /chave_seccionadora_task/arco2/blade_angle_deg: 30
 * /chave_seccionadora_task/arco2/deriva_eixo_max_m: 0.015
 * /chave_seccionadora_task/arco2/modo: wb
 * /chave_seccionadora_task/arco2/offset_xyz_m: [0.0, 0.1, -0.0518]
 * /chave_seccionadora_task/arco2/tol_xyz_m: [0.04, 0.01, 0.015]
 * /chave_seccionadora_task/atravessa/modo: ik
 * /chave_seccionadora_task/atravessa/offset_xyz_m: [-0.008, 0.008, 0...
 * /chave_seccionadora_task/atravessa/tol_xyz_m: [0.008, 0.006, 0....
 * /chave_seccionadora_task/captura/modo: ik
 * /chave_seccionadora_task/captura/offset_xyz_m: [0.0, 0.0, -0.01]
 * /chave_seccionadora_task/captura/tol_xyz_m: [0.04, 0.006, 0.01]
 * /chave_seccionadora_task/desengata/modo: ik
 * /chave_seccionadora_task/desengata/offset_xyz_m: [-0.09, 0.1, -0.0...
 * /chave_seccionadora_task/destrava/curso_estagna_m: 0.01
 * /chave_seccionadora_task/destrava/curso_margem_m: 0.002
 * /chave_seccionadora_task/destrava/curso_min_m: 0.018
 * /chave_seccionadora_task/destrava/curso_teto_m: 0.022
 * /chave_seccionadora_task/destrava/modo: wb
 * /chave_seccionadora_task/destrava/offset_xyz_m: [0.0, 0.0, -0.025]
 * /chave_seccionadora_task/destrava/tol_xyz_m: [0.04, 0.006, 0.004]
 * /chave_seccionadora_task/libera/deriva_eixo_max_m: 0.015
 * /chave_seccionadora_task/libera/modo: wb
 * /chave_seccionadora_task/libera/offset_xyz_m: [0.0, 0.03, -0.025]
 * /chave_seccionadora_task/libera/tol_xyz_m: [0.04, 0.008, 0.006]
 * /chave_seccionadora_task/orienta/modo: ik
 * /chave_seccionadora_task/orienta/offset_xyz_m: [-0.09, 0.15, 0.0...
 * /chave_seccionadora_task/reassenta_sobe/tol_xyz_m: [0.03, 0.02, 0.005]
 * /chave_seccionadora_task/saida_eixo/tol_xyz_m: [0.02, 0.02, 0.015]
 * /chave_seccionadora_task/saida_fora/tol_xyz_m: [0.03, 0.02, 0.02]
 * /chave_seccionadora_task/saida_sobe/tol_xyz_m: [0.03, 0.02, 0.01]
 * /chave_seccionadora_task/target_frame: chave_olhal_link
 * /fuzzy_wb_controller/fixed_gains: []
 * /rosdistro: noetic
 * /rosversion: 1.17.4

NODES
  /
    chave_mission (b166er_whole_body_control/chave_mission.py)

[1mROS_MASTER_URI=http://localhost:11311[0m
]2;/home/marco/b166er/src/b166er_whole_body_control/launch/chave_mission.launch http://localhost:11311
[1mprocess[chave_mission-1]: started with pid [3016045][0m
[1m[chave_mission-1] process has finished cleanly
log file: /home/marco/.ros/log/b986a448-c24a-11f1-9831-b025aa85b2a2/chave_mission-1*.log[0m
all processes on machine have died, roslaunch will exit
shutting down processing monitor...
... shutting down processing monitor complete
[1mdone[0m
