[31mWARNING: disk usage in log directory [/home/marco/.ros/log] is over 1GB.
It's recommended that you use the 'rosclean' command.[0m
the rosdep view is empty: call 'sudo rosdep init' and 'rosdep update'
[WARN] [1791377546.786383, 666.102000]: [mission] SEARCH: ajuste não convergiu em 8s (raio 0.61) — amostrando assim mesmo
[WARN] [1791377558.145824, 677.404000]: [mission] SEARCH: 5 de 25 amostras descartadas como outlier (>0.15 m ou >0.20 rad da mediana)
[WARN] [1791377558.197416, 677.456000]: [mission] SEARCH: laser discorda demais da tag (profundidade -27 mm, yaw -9.1°) — parede fica pela tag
[INFO] [1791377528.490078, 648.131000]: garra_dx = 0.000 m (fechada)
[INFO] [1791377528.542529, 648.178000]: State machine starting in initial state 'STOW_INIT' with userdata: 
	[]
[INFO] [1791377528.849504, 648.488000]: [mission] pose de partida registrada: (0.00, 1.00, -0.01 rad)
[INFO] [1791377528.851982, 648.491000]: [mission] postura "stow_home" comandada: [0.0, 1.13, -1.04, -1.8, 0.0]
[INFO] [1791377529.471509, 649.093000]: State machine transitioning 'STOW_INIT':'ok'-->'SEARCH'
[INFO] [1791377529.472931, 649.094000]: [mission] postura "search" comandada: [0.0, 1.0, -1.0, 0.0, 0.0]
[INFO] [1791377536.840663, 656.295000]: [mission] SEARCH — girando à procura da tag...
[INFO] [1791377536.843224, 656.297000]: [mission] SEARCH: amostra quando a tag estiver a raio 0.35-0.50 do quadro (vista oblíqua; omega fina 0.15 rad/s)
[INFO] [1791377538.622046, 658.049000]: [mission] SEARCH: tag a raio 0.95 — girando até <= 0.50
[INFO] [1791377546.788935, 666.104000]: [mission] tag avistada — parando para medir
[INFO] [1791377547.809029, 667.114000]: [mission] âncora engatada (coleta do SEARCH)
[INFO] [1791377547.810236, 667.115000]: [mission] SEARCH: coleta com dither ±0.05 rad/s (período 3.0 s)
[INFO] [1791377558.138054, 677.397000]: [mission] âncora solta — 8 correções de deriva
[INFO] [1791377558.138914, 677.398000]: [mission] SEARCH: âncora corrigiu a deriva 8 vez(es) durante a coleta
[INFO] [1791377558.146703, 677.405000]: [mission] SEARCH: 20 amostras — parede (0.011, 2.975, -0.004) yaw=-2.983
[INFO] [1791377558.198497, 677.457000]: [mission] parede localizada em (0.011, 2.975, -0.004)
[INFO] [1791377558.201445, 677.460000]: State machine transitioning 'SEARCH':'found'-->'APPROACH'
[INFO] [1791377558.202205, 677.461000]: [mission] APPROACH etapa 1/2 — 1.30 m do olhal, alvo (0.43, 1.59, 1.73 rad)
[INFO] [1791377559.987846, 679.212000]: [mission] APPROACH: alinhado, avançando (0.78 m)
[INFO] [1791377560.038036, 679.262000]: [mission] teto por postura ativo no drive: v<=0.18 w<=0.50 rampa 0.46/1.48
[INFO] [1791377567.336284, 686.412000]: [mission] APPROACH: chegou, ajustando heading final
[INFO] [1791377567.387617, 686.463000]: [mission] teto por postura ativo no drive: v<=0.17 w<=0.50 rampa 0.45/1.51
[INFO] [1791377567.642763, 686.712000]: [mission] APPROACH: concluído
[INFO] [1791377568.681666, 687.717000]: [mission] âncora engatada (coleta do APPROACH/remedida)
[INFO] [1791377568.683247, 687.719000]: [mission] APPROACH/remedida: coleta com dither ±0.05 rad/s (período 3.0 s)
[INFO] [1791377569.933174, 688.938000]: [mission] âncora solta — 1 correções de deriva
[INFO] [1791377569.936050, 688.941000]: [mission] APPROACH/remedida: âncora corrigiu a deriva 1 vez(es) durante a coleta
[INFO] [1791377569.940703, 688.945000]: [mission] APPROACH/remedida: 10 amostras — parede (0.007, 3.025, -0.000) yaw=3.060
[INFO] [1791377569.995059, 688.999000]: [mission] APPROACH/remedida: parede pelo LASER — 71 pontos, resíduo 4.7 mm: profundidade +23.7 mm e yaw +4.70° em relação à tag → parede (0.007, 3.001, -0.000) yaw=-3.141
[INFO] [1791377569.998982, 689.002000]: [mission] APPROACH etapa 2/2 — 0.88 m do olhal, alvo (0.38, 1.99, 1.57 rad)
[INFO] [1791377570.365603, 689.355000]: [mission] APPROACH: alinhado, avançando (0.45 m)
[INFO] [1791377575.284395, 694.155000]: [mission] APPROACH: chegou, ajustando heading final
[INFO] [1791377575.335676, 694.205000]: [mission] teto por postura ativo no drive: v<=0.18 w<=0.50 rampa 0.45/1.50
[INFO] [1791377579.635108, 698.405000]: [mission] APPROACH: concluído
[INFO] [1791377579.645048, 698.414000]: State machine transitioning 'APPROACH':'arrived'-->'REFINE'
[INFO] [1791377579.647931, 698.417000]: [mission] REFINE — remedindo a parede de perto (10 amostras)
[INFO] [1791377579.655984, 698.425000]: [mission] âncora engatada (coleta do REFINE)
[INFO] [1791377579.658701, 698.427000]: [mission] REFINE: coleta com dither ±0.05 rad/s (período 3.0 s)
[INFO] [1791377580.810437, 699.554000]: [mission] REFINE: 10 amostras — parede (0.004, 3.004, 0.001) yaw=3.119
[INFO] [1791377580.861948, 699.605000]: [mission] REFINE: parede pelo LASER — 86 pontos, resíduo 4.9 mm: profundidade +3.7 mm e yaw +1.30° em relação à tag → parede (0.004, 3.000, 0.001) yaw=3.141
[INFO] [1791377580.863167, 699.606000]: [mission] REFINE: deslocou 0.003 m da estimativa anterior
[INFO] [1791377580.864043, 699.607000]: [mission] olhal estimado em (0.204, 2.870, 0.806)
[INFO] [1791377580.868180, 699.611000]: State machine transitioning 'REFINE':'ok'-->'DEPLOY'
[INFO] [1791377580.869983, 699.613000]: [mission] DEPLOY: IK resolvida para a POSE DE MANIPULAÇÃO (0.20, 2.25, 1.57 rad), não para a atual
[INFO] [1791377585.622725, 703.556000]: [mission] DEPLOY: IK nivelada 0.0706 m, só eixo 0.0015 m — a MISSÃO INTEIRA usa "eixo"
[INFO] [1791377585.626233, 704.351000]: [mission] DEPLOY: IK da ponta resolvida (resíduo 0.0015 m, degrau 0.4°) — pré-posicionando em [-10.9 -46.3  60.   78.4  79.1] graus
[INFO] [1791377592.552512, 711.153000]: [mission] plano de exclusão publicado: parede em [4.e-03 3.e+00 1.e-03], normal segura [-0. -1.  0.]
[INFO] [1791377592.761560, 711.360000]: [mission] teto por postura ativo no drive: v<=0.21 w<=0.50 rampa 0.50/1.66
[INFO] [1791377595.356641, 713.910000]: [mission] DEPLOY/aproxima: alinhado, avançando (0.33 m)
[INFO] [1791377598.582601, 717.060000]: [mission] DEPLOY/aproxima: chegou, ajustando heading final
[INFO] [1791377602.501457, 720.910000]: [mission] DEPLOY/aproxima: concluído
[INFO] [1791377602.502590, 720.911000]: State machine transitioning 'DEPLOY':'ok'-->'MANIPULATE'
[INFO] [1791377602.503776, 720.912000]: [mission] fase "orienta": modo IK iterativa (YAML)
[INFO] [1791377602.507058, 720.915000]: [mission] âncora engatada (fase "orienta")
[INFO] [1791377605.365041, 723.704000]: [mission] fase "orienta" it0: ponta (0.289, 2.709, 0.812) erro=0.0124 | degrau eixo 0.1° | rolagem 0.2° | IK pediu [-18.1 -30.4  28.9  90.8  76.6] | faltou [ 0.7 -2.   3.6 -0.3  0.9] graus
[INFO] [1791377605.370740, 723.709000]: [mission] fase "orienta" alcançada em 1 iteração(ões) (0.0124 m)
[INFO] [1791377605.886640, 724.217000]: [mission] fase "aproxima_lateral": modo IK iterativa (YAML)
[INFO] [1791377605.894121, 724.224000]: [mission] âncora engatada (fase "aproxima_lateral")
[INFO] [1791377608.925243, 727.167000]: [mission] fase "aproxima_lateral" it0: ponta (0.299, 2.842, 0.827) erro=0.0241 | degrau eixo 4.5° | rolagem 4.1° | IK pediu [-14.8 -13.4   0.   78.   80.3] | faltou [-0.8 -0.2  1.4  2.7 -0.8] graus
[INFO] [1791377608.926573, 727.168000]: [mission] fase "aproxima_lateral" it0: no frame da parede eixo=+5.0 prof=-20.5 alt=-11.6 mm (tolerância 40/8/5)
[INFO] [1791377610.859753, 729.073000]: [mission] fase "aproxima_lateral" it1: ponta (0.297, 2.864, 0.816) erro=0.0033 | degrau eixo 4.8° | rolagem 4.6° | IK pediu [-14.3 -13.7  -0.   75.2  81.1] | faltou [-0.7 -0.1  1.   1.9 -0.7] graus
[INFO] [1791377610.862424, 729.077000]: [mission] fase "aproxima_lateral" it1: no frame da parede eixo=+3.0 prof=+1.4 alt=-0.4 mm (tolerância 40/8/5)
[INFO] [1791377610.863807, 729.078000]: [mission] âncora solta — 1 correções de deriva
[INFO] [1791377610.864780, 729.079000]: [mission] fase "aproxima_lateral" alcançada em 2 iteração(ões) (0.0033 m) — âncora corrigiu 1 vez(es)
[INFO] [1791377611.378404, 729.583000]: [mission] fase "atravessa": modo IK iterativa (YAML)
[INFO] [1791377611.384073, 729.587000]: [mission] âncora engatada (fase "atravessa")
[INFO] [1791377614.056471, 732.195000]: [mission] fase "atravessa" it0: ponta (0.225, 2.866, 0.810) erro=0.0144 | degrau eixo 1.5° | rolagem 1.9° | IK pediu [ -7.9 -14.3   0.7  80.7  86.5] | faltou [-1.2 -1.7  3.2 -2.2 -0.8] graus
[INFO] [1791377614.058879, 732.197000]: [mission] fase "atravessa" it0: no frame da parede eixo=+12.9 prof=+3.7 alt=+5.3 mm (tolerância 8/6/5)
[INFO] [1791377616.032829, 734.147000]: [mission] fase "atravessa" it1: ponta (0.213, 2.864, 0.809) erro=0.0064 | degrau eixo 1.1° | rolagem 1.4° | IK pediu [ -7.1 -14.9   2.6  80.6  87.3] | faltou [-1.  -1.3  1.3 -1.6 -0.6] graus
[INFO] [1791377616.037246, 734.151000]: [mission] fase "atravessa" it1: no frame da parede eixo=+0.9 prof=+1.8 alt=+6.1 mm (tolerância 8/6/5)
[WARN] [1791377622.554327, 740.521000]: [mission] destrava: lingueta em 3.5 mm (esperado ≥ 12) — o gatilho pode não ter soltado
[WARN] [1791377643.869550, 761.695000]: [mission] RETRACT: ponta a 0.139 m do olhal — saindo em degraus: sobe 30 mm, 120 mm pelo eixo do furo, 100 mm para fora, antes de recolher
[INFO] [1791377617.997631, 736.061000]: [mission] fase "atravessa" it2: ponta (0.209, 2.865, 0.811) erro=0.0065 | degrau eixo 1.0° | rolagem 1.4° | IK pediu [ -7.  -14.4   2.6  80.5  87.3] | faltou [-0.7 -1.  -0.5 -0.4 -0.7] graus
[INFO] [1791377618.001005, 736.065000]: [mission] fase "atravessa" it2: no frame da parede eixo=-3.2 prof=+2.9 alt=+4.9 mm (tolerância 8/6/5)
[INFO] [1791377618.003134, 736.067000]: [mission] âncora solta — 1 correções de deriva
[INFO] [1791377618.006061, 736.069000]: [mission] fase "atravessa" alcançada em 3 iteração(ões) (0.0065 m) — âncora corrigiu 1 vez(es)
[INFO] [1791377618.525265, 736.576000]: [mission] fase "captura": modo IK iterativa (YAML)
[INFO] [1791377618.530703, 736.580000]: [mission] âncora engatada (fase "captura")
[INFO] [1791377620.476408, 738.486000]: [mission] fase "captura" it0: ponta (0.209, 2.870, 0.802) erro=0.0085 | degrau eixo 1.3° | rolagem 1.5° | IK pediu [ -7.2 -16.4   0.7  80.7  87.2] | faltou [-0.4  0.7  0.1 -0.4 -0.6] graus
[INFO] [1791377620.480042, 738.491000]: [mission] fase "captura" it0: no frame da parede eixo=+4.8 prof=-0.2 alt=-7.0 mm (tolerância 40/6/10)
[INFO] [1791377620.481594, 738.491000]: [mission] fase "captura" alcançada em 1 iteração(ões) (0.0085 m)
[INFO] [1791377620.490250, 738.500000]: [mission] captura: ponta registrada em eixo=-4.8 prof=+0.2 alt=-3.0 mm (zero da descida do destrava e da deriva de eixo)
[INFO] [1791377621.024943, 739.005000]: [mission] fase "destrava": alvo em altura relativo à captura: -23.0 mm (captura -3.0 − curso 18 − margem 2)
[INFO] [1791377621.026185, 739.006000]: [mission] fase "destrava": modo whole-body/Fuzzy (YAML)
[INFO] [1791377621.228013, 739.207000]: [mission] plano de exclusão publicado: parede em [4.e-03 3.e+00 1.e-03], normal segura [-0. -1.  0.]
[INFO] [1791377621.533976, 739.511000]: [mission] fase "destrava": whole-body assumiu (base livre, restrita pelo plano de exclusão)
[INFO] [1791377621.538513, 739.515000]: [mission] fase "destrava": whole-body a 0.0149 m do alvo — eixo=+4.9 prof=-0.4 alt=-14.1 mm
[INFO] [1791377622.345703, 740.314000]: [mission] fase "destrava" alcançada por whole-body em 0.8s (0.0045 m) — no frame da parede eixo=+4.3 prof=-1.2 alt=-0.8 mm (tolerância 40/6/4)
[INFO] [1791377622.553299, 740.520000]: [mission] destrava: ponta desceu 19.2 mm desde a captura (critério observável) | lingueta 3.5 mm (só na simulação)
[INFO] [1791377623.056905, 741.022000]: [mission] fase "libera": modo whole-body/Fuzzy (YAML)
[INFO] [1791377623.261426, 741.223000]: [mission] plano de exclusão publicado: parede em [4.e-03 3.e+00 1.e-03], normal segura [-0. -1.  0.]
[INFO] [1791377623.568644, 741.528000]: [mission] fase "libera": whole-body assumiu (base livre, restrita pelo plano de exclusão)
[INFO] [1791377623.569849, 741.529000]: [mission] fase "libera": whole-body a 0.0289 m do alvo — eixo=+4.3 prof=+28.5 alt=+0.6 mm
[INFO] [1791377625.678974, 743.628000]: [mission] fase "libera": whole-body a 0.0264 m do alvo — eixo=+4.4 prof=+24.6 alt=+8.6 mm
[INFO] [1791377627.784175, 745.728000]: [mission] fase "libera": whole-body a 0.0203 m do alvo — eixo=+5.9 prof=+18.2 alt=+7.0 mm
[INFO] [1791377629.885678, 747.828000]: [mission] fase "libera": whole-body a 0.0186 m do alvo — eixo=+7.5 prof=+15.6 alt=+6.9 mm
[INFO] [1791377631.988425, 749.928000]: [mission] fase "libera": whole-body a 0.0154 m do alvo — eixo=+8.6 prof=+11.3 alt=+5.9 mm
[INFO] [1791377632.588512, 750.528000]: [mission] fase "libera" alcançada por whole-body em 9.0s (0.0096 m) — no frame da parede eixo=+8.0 prof=+4.8 alt=+2.1 mm (tolerância 40/8/6)
[INFO] [1791377633.324509, 751.231000]: [mission] fase "arco1"/puxa: RECUANDO 0.022 m só com as rodas
[INFO] [1791377633.775140, 751.681000]: [mission] fase "arco1"/puxa: concluído (0.023 m)
[INFO] [1791377633.787587, 751.693000]: [mission] fase "arco1": modo whole-body/Fuzzy (YAML)
[INFO] [1791377633.988754, 751.894000]: [mission] plano de exclusão publicado: parede em [4.e-03 3.e+00 1.e-03], normal segura [-0. -1.  0.]
[INFO] [1791377634.289884, 752.196000]: [mission] fase "arco1": whole-body assumiu (base livre, restrita pelo plano de exclusão)
[INFO] [1791377634.291040, 752.197000]: [mission] fase "arco1": whole-body a 0.0142 m do alvo — eixo=+8.0 prof=-8.6 alt=-7.9 mm
[INFO] [1791377636.392462, 754.296000]: [mission] fase "arco1": whole-body a 0.0152 m do alvo — eixo=+4.9 prof=-12.5 alt=-7.1 mm
[INFO] [1791377636.993389, 754.896000]: [mission] fase "arco1" alcançada por whole-body em 2.7s (0.0100 m) — no frame da parede eixo=+4.3 prof=-7.4 alt=-5.1 mm (tolerância 40/10/15)
[INFO] [1791377636.994477, 754.897000]: [mission] arco1: SOLTURA observável — recuo 59.1 mm desde a captura (mín 40) com deriva de eixo +0.4 mm → SOLTA
[INFO] [1791377637.199210, 755.102000]: [mission] waypoint de 15° — lâmina medida em 17.1° (abertura por CONTATO)
[INFO] [1791377637.699915, 755.603000]: [mission] fase "arco2"/puxa: RECUANDO 0.048 m só com as rodas
[INFO] [1791377638.601357, 756.503000]: [mission] fase "arco2"/puxa: concluído (0.049 m)
[INFO] [1791377638.602181, 756.504000]: [mission] fase "arco2": modo whole-body/Fuzzy (YAML)
[INFO] [1791377638.804288, 756.705000]: [mission] plano de exclusão publicado: parede em [4.e-03 3.e+00 1.e-03], normal segura [-0. -1.  0.]
[INFO] [1791377639.105167, 757.006000]: [mission] fase "arco2": whole-body assumiu (base livre, restrita pelo plano de exclusão)
[INFO] [1791377639.106545, 757.007000]: [mission] fase "arco2": whole-body a 0.0176 m do alvo — eixo=+6.8 prof=-3.0 alt=-15.9 mm
[INFO] [1791377639.610242, 757.508000]: [mission] fase "arco2" alcançada por whole-body em 0.5s (0.0098 m) — no frame da parede eixo=+5.6 prof=-7.8 alt=-1.8 mm (tolerância 40/10/15)
[INFO] [1791377639.832454, 757.723000]: [mission] waypoint de 30° — lâmina medida em 32.0° (abertura por CONTATO)
[INFO] [1791377640.341624, 758.225000]: [mission] fase "desengata": modo IK iterativa (YAML)
[INFO] [1791377640.347657, 758.231000]: [mission] âncora engatada (fase "desengata")
[INFO] [1791377642.925942, 760.767000]: [mission] fase "desengata" it0: ponta (0.283, 2.770, 0.747) erro=0.0127 | degrau eixo 5.1° | rolagem 4.5° | IK pediu [-14.2 -19.   -0.   76.5  81.9] | faltou [ 0.7 -1.1  0.4  1.5  0.8] graus
[INFO] [1791377642.930641, 760.772000]: [mission] âncora solta — 1 correções de deriva
[INFO] [1791377642.933470, 760.775000]: [mission] fase "desengata" alcançada em 1 iteração(ões) (0.0127 m) — âncora corrigiu 1 vez(es)
[INFO] [1791377643.459226, 761.291000]: [mission] MANIPULATE concluída — chave ABERTA, lâmina medida em 32.1°
[INFO] [1791377643.461511, 761.293000]: State machine transitioning 'MANIPULATE':'done'-->'RETRACT'
[INFO] [1791377643.875848, 761.701000]: [mission] âncora engatada (fase "saida_sobe")
[INFO] [1791377645.881984, 763.669000]: [mission] fase "saida_sobe" it0: ponta (0.283, 2.775, 0.757) erro=0.0206 | degrau eixo 4.3° | rolagem 4.3° | IK pediu [-13.4 -16.8   0.   77.   82.4] | faltou [ 0.  -1.9 -0.1  1.4  0.4] graus
[INFO] [1791377645.884547, 763.672000]: [mission] fase "saida_sobe" it0: no frame da parede eixo=-0.6 prof=+2.9 alt=+20.4 mm (tolerância 30/20/10)
[INFO] [1791377648.022842, 765.778000]: [mission] fase "saida_sobe" it1: ponta (0.281, 2.768, 0.778) erro=0.0037 | degrau eixo 4.1° | rolagem 3.9° | IK pediu [-13.5 -15.3   0.   77.8  82.1] | faltou [ 0.2  2.1 -8.2  5.1  0.7] graus
[INFO] [1791377648.025968, 765.781000]: [mission] fase "saida_sobe" it1: no frame da parede eixo=-1.7 prof=-3.3 alt=-0.4 mm (tolerância 30/20/10)
[INFO] [1791377648.027719, 765.783000]: [mission] âncora solta — 1 correções de deriva
[INFO] [1791377648.029209, 765.785000]: [mission] fase "saida_sobe" alcançada em 2 iteração(ões) (0.0037 m) — âncora corrigiu 1 vez(es)
[INFO] [1791377648.033455, 765.789000]: [mission] âncora engatada (fase "saida_eixo")
[INFO] [1791377650.772714, 768.494000]: [mission] fase "saida_eixo" it0: ponta (0.389, 2.778, 0.769) erro=0.0173 | degrau eixo 10.3° | rolagem 9.6° | IK pediu [-23.  -15.1   0.   70.5  74.7] | faltou [ 1.  -0.8  0.   0.7  1.2] graus
[INFO] [1791377650.775311, 768.496000]: [mission] fase "saida_eixo" it0: no frame da parede eixo=-13.8 prof=+6.5 alt=+8.1 mm (tolerância 20/20/15)
[INFO] [1791377650.779807, 768.501000]: [mission] âncora solta — 1 correções de deriva
[INFO] [1791377650.783641, 768.505000]: [mission] fase "saida_eixo" alcançada em 1 iteração(ões) (0.0173 m) — âncora corrigiu 1 vez(es)
[INFO] [1791377650.790397, 768.511000]: [mission] âncora engatada (fase "saida_fora")
[INFO] [1791377653.432990, 771.118000]: [mission] fase "saida_fora" it0: ponta (0.402, 2.699, 0.767) erro=0.0291 | degrau eixo 5.6° | rolagem 7.2° | IK pediu [-26.1 -20.5  -0.   95.   69.2] | faltou [ 0.8 -2.4  4.9 -7.7  1.1] graus
[INFO] [1791377653.435465, 771.121000]: [mission] fase "saida_fora" it0: no frame da parede eixo=-1.5 prof=+27.1 alt=+10.5 mm (tolerância 30/20/20)
[INFO] [1791377655.379802, 773.036000]: [mission] fase "saida_fora" it1: ponta (0.402, 2.673, 0.773) erro=0.0050 | degrau eixo 4.0° | rolagem 5.4° | IK pediu [-27.1 -20.1   0.   99.7  67.8] | faltou [ 1.  -0.2 -1.6 -2.8  1.3] graus
[INFO] [1791377655.383337, 773.040000]: [mission] fase "saida_fora" it1: no frame da parede eixo=-1.4 prof=+1.7 alt=+4.5 mm (tolerância 30/20/20)
[INFO] [1791377655.385751, 773.043000]: [mission] âncora solta — 2 correções de deriva
[INFO] [1791377655.387280, 773.044000]: [mission] fase "saida_fora" alcançada em 2 iteração(ões) (0.0050 m) — âncora corrigiu 2 vez(es)
[INFO] [1791377655.388494, 773.046000]: [mission] RETRACT/afasta: RECUANDO 0.250 m só com as rodas
[INFO] [1791377659.923512, 777.497000]: [mission] RETRACT/afasta: concluído (0.250 m)
[INFO] [1791377659.926715, 777.499000]: [mission] postura "stow_home" comandada: [0.0, 1.13, -1.04, -1.8, 0.0]
[INFO] [1791377671.826918, 789.202000]: State machine transitioning 'RETRACT':'ok'-->'RETURN'
[INFO] [1791377671.828249, 789.203000]: [mission] RETURN — voltando a (0.00, 1.00, -0.01 rad)
[INFO] [1791377685.847561, 802.954000]: [mission] RETURN: alinhado, avançando (1.15 m)
[INFO] [1791377685.897519, 803.004000]: [mission] teto por postura ativo no drive: v<=0.23 w<=0.50 rampa 0.52/1.50
[INFO] [1791377694.653715, 811.604000]: [mission] RETURN: chegou, ajustando heading final
[INFO] [1791377694.704455, 811.654000]: [mission] teto por postura ativo no drive: v<=0.23 w<=0.50 rampa 0.51/1.49
[INFO] [1791377701.456783, 818.304000]: [mission] RETURN: concluído
[INFO] [1791377701.459078, 818.306000]: State machine terminating 'RETURN':'home':'MISSION_OK'
[INFO] [1791377701.460835, 818.307000]: [mission] resultado: MISSION_OK
... logging to /home/marco/.ros/log/58cd2ff8-c24c-11f1-bbd5-b025aa85b2a2/roslaunch-shiroi-3047003.log
Checking log directory for disk usage. This may take a while.
Press Ctrl-C to interrupt
]2;/home/marco/b166er/src/b166er_whole_body_control/launch/chave_mission.launch
[1mstarted roslaunch server http://shiroi:33303/[0m

SUMMARY
========

PARAMETERS
 * /chave_mission/estado_final: 
 * /chave_mission/estado_inicial: STOW_INIT
 * /chave_mission/pausa_por_fase: False
 * /chave_mission/search_omega: 0.35
 * /chave_mission/standoff_distance: 0.62
 * /chave_mission/use_wholebody: False
 * /chave_seccionadora_task/aproxima_lateral/modo: ik
 * /chave_seccionadora_task/aproxima_lateral/offset_xyz_m: [-0.09, 0.008, 0.01]
 * /chave_seccionadora_task/aproxima_lateral/tol_xyz_m: [0.04, 0.008, 0.005]
 * /chave_seccionadora_task/arco1/blade_angle_deg: 15
 * /chave_seccionadora_task/arco1/deriva_eixo_max_m: 0.015
 * /chave_seccionadora_task/arco1/modo: wb
 * /chave_seccionadora_task/arco1/offset_xyz_m: [0.0, 0.0518, -0....
 * /chave_seccionadora_task/arco1/soltura_recuo_min_m: 0.04
 * /chave_seccionadora_task/arco1/tol_xyz_m: [0.04, 0.01, 0.015]
 * /chave_seccionadora_task/arco2/blade_angle_deg: 30
 * /chave_seccionadora_task/arco2/deriva_eixo_max_m: 0.015
 * /chave_seccionadora_task/arco2/modo: wb
 * /chave_seccionadora_task/arco2/offset_xyz_m: [0.0, 0.1, -0.0518]
 * /chave_seccionadora_task/arco2/tol_xyz_m: [0.04, 0.01, 0.015]
 * /chave_seccionadora_task/atravessa/modo: ik
 * /chave_seccionadora_task/atravessa/offset_xyz_m: [-0.008, 0.008, 0...
 * /chave_seccionadora_task/atravessa/tol_xyz_m: [0.008, 0.006, 0....
 * /chave_seccionadora_task/captura/modo: ik
 * /chave_seccionadora_task/captura/offset_xyz_m: [0.0, 0.0, -0.01]
 * /chave_seccionadora_task/captura/tol_xyz_m: [0.04, 0.006, 0.01]
 * /chave_seccionadora_task/desengata/modo: ik
 * /chave_seccionadora_task/desengata/offset_xyz_m: [-0.09, 0.1, -0.0...
 * /chave_seccionadora_task/destrava/curso_estagna_m: 0.01
 * /chave_seccionadora_task/destrava/curso_margem_m: 0.002
 * /chave_seccionadora_task/destrava/curso_min_m: 0.018
 * /chave_seccionadora_task/destrava/curso_teto_m: 0.022
 * /chave_seccionadora_task/destrava/modo: wb
 * /chave_seccionadora_task/destrava/offset_xyz_m: [0.0, 0.0, -0.025]
 * /chave_seccionadora_task/destrava/tol_xyz_m: [0.04, 0.006, 0.004]
 * /chave_seccionadora_task/libera/deriva_eixo_max_m: 0.015
 * /chave_seccionadora_task/libera/modo: wb
 * /chave_seccionadora_task/libera/offset_xyz_m: [0.0, 0.03, -0.025]
 * /chave_seccionadora_task/libera/tol_xyz_m: [0.04, 0.008, 0.006]
 * /chave_seccionadora_task/orienta/modo: ik
 * /chave_seccionadora_task/orienta/offset_xyz_m: [-0.09, 0.15, 0.0...
 * /chave_seccionadora_task/reassenta_sobe/tol_xyz_m: [0.03, 0.02, 0.005]
 * /chave_seccionadora_task/saida_eixo/tol_xyz_m: [0.02, 0.02, 0.015]
 * /chave_seccionadora_task/saida_fora/tol_xyz_m: [0.03, 0.02, 0.02]
 * /chave_seccionadora_task/saida_sobe/tol_xyz_m: [0.03, 0.02, 0.01]
 * /chave_seccionadora_task/target_frame: chave_olhal_link
 * /fuzzy_wb_controller/fixed_gains: []
 * /rosdistro: noetic
 * /rosversion: 1.17.4

NODES
  /
    chave_mission (b166er_whole_body_control/chave_mission.py)

[1mROS_MASTER_URI=http://localhost:11311[0m
]2;/home/marco/b166er/src/b166er_whole_body_control/launch/chave_mission.launch http://localhost:11311
[1mprocess[chave_mission-1]: started with pid [3047047][0m
[1m[chave_mission-1] process has finished cleanly
log file: /home/marco/.ros/log/58cd2ff8-c24c-11f1-bbd5-b025aa85b2a2/chave_mission-1*.log[0m
all processes on machine have died, roslaunch will exit
shutting down processing monitor...
... shutting down processing monitor complete
[1mdone[0m
