[31mWARNING: disk usage in log directory [/home/marco/.ros/log] is over 1GB.
It's recommended that you use the 'rosclean' command.[0m
the rosdep view is empty: call 'sudo rosdep init' and 'rosdep update'
[WARN] [1791392223.429818, 557.385000]: [mission] SEARCH: 16 de 25 amostras descartadas como outlier (>0.15 m ou >0.20 rad da mediana)
[INFO] [1791392193.250840, 527.677000]: garra_dx = 0.000 m (fechada)
[INFO] [1791392193.296023, 527.715000]: State machine starting in initial state 'STOW_INIT' with userdata: 
	[]
[INFO] [1791392193.598017, 528.024000]: [mission] pose de partida registrada: (-0.00, 1.00, 0.01 rad)
[INFO] [1791392193.599634, 528.025000]: [mission] postura "stow_home" comandada: [0.0, 1.13, -1.04, -1.8, 0.0]
[INFO] [1791392197.367924, 531.726000]: State machine transitioning 'STOW_INIT':'ok'-->'SEARCH'
[INFO] [1791392197.369802, 531.727000]: [mission] postura "search" comandada: [0.0, 1.0, -1.0, 0.0, 0.0]
[INFO] [1791392209.379994, 543.529000]: [mission] SEARCH — girando à procura da tag...
[INFO] [1791392209.382352, 543.531000]: [mission] SEARCH: amostra quando a tag estiver a raio 0.35-0.50 do quadro (vista oblíqua; omega fina 0.15 rad/s)
[INFO] [1791392210.806144, 544.932000]: [mission] SEARCH: tag a raio 0.92 — girando até <= 0.50
[INFO] [1791392217.687877, 551.733000]: [mission] SEARCH: tag a raio 0.50 — parando
[INFO] [1791392217.689502, 551.734000]: [mission] tag avistada — parando para medir
[INFO] [1791392218.713974, 552.742000]: [mission] âncora engatada (coleta do SEARCH)
[INFO] [1791392218.715022, 552.743000]: [mission] SEARCH: coleta com dither ±0.05 rad/s (período 3.0 s)
[INFO] [1791392223.411243, 557.370000]: [mission] âncora solta — 8 correções de deriva
[INFO] [1791392223.414052, 557.373000]: [mission] SEARCH: âncora corrigiu a deriva 8 vez(es) durante a coleta
[INFO] [1791392223.431291, 557.390000]: [mission] SEARCH: 9 amostras — parede (0.010, 3.060, -0.005) yaw=3.070
[INFO] [1791392223.484861, 557.443000]: [mission] SEARCH: parede pelo LASER — 56 pontos, resíduo 4.7 mm: profundidade +59.6 mm e yaw +4.19° em relação à tag → parede (0.010, 3.000, -0.005) yaw=-3.140
[INFO] [1791392223.487357, 557.445000]: [mission] parede localizada em (0.010, 3.000, -0.005)
[INFO] [1791392223.494056, 557.452000]: State machine transitioning 'SEARCH':'found'-->'APPROACH'
[INFO] [1791392223.496881, 557.455000]: [mission] APPROACH etapa 1/2 — 1.30 m do olhal, alvo (0.21, 1.57, 1.57 rad)
[INFO] [1791392226.000391, 559.907000]: [mission] APPROACH: alinhado, avançando (0.68 m)
[INFO] [1791392226.050272, 559.957000]: [mission] teto por postura ativo no drive: v<=0.16 w<=0.50 rampa 0.44/1.52
[INFO] [1791392231.928625, 565.757000]: [mission] APPROACH: chegou, ajustando heading final
[INFO] [1791392231.978663, 565.807000]: [mission] teto por postura ativo no drive: v<=0.16 w<=0.50 rampa 0.44/1.52
[INFO] [1791392232.232081, 566.057000]: [mission] APPROACH: concluído
[INFO] [1791392233.252828, 567.060000]: [mission] âncora engatada (coleta do APPROACH/remedida)
[INFO] [1791392233.256109, 567.064000]: [mission] APPROACH/remedida: coleta com dither ±0.05 rad/s (período 3.0 s)
[INFO] [1791392234.629745, 568.413000]: [mission] âncora solta — 3 correções de deriva
[INFO] [1791392234.631266, 568.414000]: [mission] APPROACH/remedida: âncora corrigiu a deriva 3 vez(es) durante a coleta
[INFO] [1791392234.633038, 568.416000]: [mission] APPROACH/remedida: 10 amostras — parede (0.002, 2.986, -0.002) yaw=-3.112
[INFO] [1791392234.684753, 568.467000]: [mission] APPROACH/remedida: parede pelo LASER — 67 pontos, resíduo 5.0 mm: profundidade -11.9 mm e yaw -1.84° em relação à tag → parede (0.002, 2.998, -0.002) yaw=3.140
[INFO] [1791392234.686506, 568.469000]: [mission] APPROACH etapa 2/2 — 0.88 m do olhal, alvo (0.37, 1.99, 1.57 rad)
[INFO] [1791392235.910937, 569.671000]: [mission] APPROACH: alinhado, avançando (0.48 m)
[INFO] [1791392240.142863, 573.821000]: [mission] APPROACH: chegou, ajustando heading final
[INFO] [1791392240.194730, 573.871000]: [mission] teto por postura ativo no drive: v<=0.16 w<=0.50 rampa 0.44/1.52
[INFO] [1791392241.779242, 575.421000]: [mission] APPROACH: concluído
[INFO] [1791392241.788720, 575.430000]: State machine transitioning 'APPROACH':'arrived'-->'REFINE'
[INFO] [1791392241.790265, 575.431000]: [mission] REFINE — remedindo a parede de perto (10 amostras)
[INFO] [1791392241.797339, 575.438000]: [mission] âncora engatada (coleta do REFINE)
[INFO] [1791392241.800131, 575.441000]: [mission] REFINE: coleta com dither ±0.05 rad/s (período 3.0 s)
[INFO] [1791392242.856749, 576.472000]: [mission] âncora solta — 1 correções de deriva
[INFO] [1791392242.858510, 576.474000]: [mission] REFINE: âncora corrigiu a deriva 1 vez(es) durante a coleta
[INFO] [1791392242.860972, 576.476000]: [mission] REFINE: 10 amostras — parede (0.002, 2.996, 0.000) yaw=-3.139
[INFO] [1791392242.914479, 576.527000]: [mission] REFINE: parede pelo LASER — 92 pontos, resíduo 5.1 mm: profundidade -5.3 mm e yaw -0.06° em relação à tag → parede (0.002, 3.001, 0.000) yaw=-3.140
[INFO] [1791392242.916079, 576.529000]: [mission] REFINE: deslocou 0.004 m da estimativa anterior
[INFO] [1791392242.917168, 576.530000]: [mission] olhal estimado em (0.202, 2.871, 0.805)
[INFO] [1791392242.922219, 576.535000]: State machine transitioning 'REFINE':'ok'-->'DEPLOY'
[INFO] [1791392242.923741, 576.536000]: [mission] DEPLOY: IK resolvida para a POSE DE MANIPULAÇÃO (0.20, 2.25, 1.57 rad), não para a atual
[INFO] [1791392247.803572, 580.770000]: [mission] DEPLOY: IK nivelada 0.0707 m, só eixo 0.0014 m — a MISSÃO INTEIRA usa "eixo"
[INFO] [1791392247.809339, 581.416000]: [mission] DEPLOY: IK da ponta resolvida (resíduo 0.0014 m, degrau 0.4°) — pré-posicionando em [-10.9 -46.4  60.   78.4 -10.9] graus
[INFO] [1791392256.896182, 590.319000]: [mission] plano de exclusão publicado: parede em [2.000e-03 3.001e+00 0.000e+00], normal segura [ 0.001 -1.     0.   ]
[INFO] [1791392257.104795, 590.526000]: [mission] teto por postura ativo no drive: v<=0.25 w<=0.50 rampa 0.54/1.62
[INFO] [1791392260.006195, 593.376000]: [mission] DEPLOY/aproxima: alinhado, avançando (0.33 m)
[INFO] [1791392263.263961, 596.576000]: [mission] DEPLOY/aproxima: chegou, ajustando heading final
[INFO] [1791392266.744008, 599.977000]: [mission] DEPLOY/aproxima: concluído
[INFO] [1791392266.747041, 599.980000]: State machine transitioning 'DEPLOY':'ok'-->'MANIPULATE'
[INFO] [1791392266.750558, 599.983000]: [mission] fase "orienta": modo IK iterativa (YAML)
[INFO] [1791392266.757209, 599.989000]: [mission] âncora engatada (fase "orienta")
[INFO] [1791392270.030436, 603.194000]: [mission] fase "orienta" it0: ponta (0.296, 2.727, 0.811) erro=0.0068 | degrau eixo 0.1° | rolagem 0.1° | IK pediu [-15.2 -39.9  48.2  80.9 -10.2] | faltou [0. 0. 0. 0. 0.] graus
[INFO] [1791392270.033639, 603.198000]: [mission] âncora solta — 1 correções de deriva
[INFO] [1791392270.035707, 603.200000]: [mission] fase "orienta" alcançada em 1 iteração(ões) (0.0068 m) — âncora corrigiu 1 vez(es)
[INFO] [1791392270.555161, 603.709000]: [mission] fase "aproxima_lateral": modo IK iterativa (YAML)
[INFO] [1791392270.559753, 603.713000]: [mission] âncora engatada (fase "aproxima_lateral")
[INFO] [1791392274.843063, 607.918000]: [mission] fase "aproxima_lateral" it0: ponta (0.287, 2.875, 0.811) erro=0.0129 | degrau eixo 2.8° | rolagem 3.1° | IK pediu [-12.2 -14.7   0.5  84.5  -7.8] | faltou [ 0.5  0.1 -0.6 -1.9  0.1] graus
[INFO] [1791392274.845280, 607.921000]: [mission] fase "aproxima_lateral" it0: no frame da parede eixo=-4.7 prof=+11.2 alt=+4.5 mm (tolerância 40/8/5)
[INFO] [1791392277.483182, 610.525000]: [mission] fase "aproxima_lateral" it1: ponta (0.292, 2.859, 0.810) erro=0.0070 | degrau eixo 2.6° | rolagem 2.8° | IK pediu [-12.7 -14.5   0.   87.   -8.4] | faltou [ 0.4 -5.5 11.  -6.8  0. ] graus
[INFO] [1791392277.484857, 610.526000]: [mission] fase "aproxima_lateral" it1: no frame da parede eixo=-0.2 prof=-4.5 alt=+5.3 mm (tolerância 40/8/5)
[INFO] [1791392280.367361, 613.354000]: [mission] fase "aproxima_lateral" it2: ponta (0.292, 2.862, 0.815) erro=0.0011 | degrau eixo 2.7° | rolagem 2.9° | IK pediu [-12.7 -14.    0.1  86.   -8.4] | faltou [ 0.3  2.8 -7.3  3.1  0. ] graus
[INFO] [1791392280.370517, 613.357000]: [mission] fase "aproxima_lateral" it2: no frame da parede eixo=+0.1 prof=-1.1 alt=-0.2 mm (tolerância 40/8/5)
[INFO] [1791392280.371887, 613.359000]: [mission] âncora solta — 4 correções de deriva
[WARN] [1791392328.365247, 660.551000]: [mission] fase "destrava": descida estagnou CURTA em 4.6 mm (mín 10; prof +8.8 mm, tol 6) — a ponta parou de empurrar; devolvendo para reassentar
[WARN] [1791392328.572394, 660.754000]: [mission] destrava: REASSENTANDO (1/1) — sobe 12 mm, recaptura, destrava de novo
[INFO] [1791392280.373072, 613.360000]: [mission] fase "aproxima_lateral" alcançada em 3 iteração(ões) (0.0011 m) — âncora corrigiu 4 vez(es)
[INFO] [1791392280.888804, 613.865000]: [mission] fase "atravessa": modo IK iterativa (YAML)
[INFO] [1791392280.894020, 613.870000]: [mission] âncora engatada (fase "atravessa")
[INFO] [1791392286.180848, 619.076000]: [mission] fase "atravessa" it0: ponta (0.208, 2.871, 0.813) erro=0.0078 | degrau eixo 0.3° | rolagem 0.2° | IK pediu [ -5.1 -12.2  -6.2  90.7  -1. ] | faltou [ 0.2  0.5 -1.3 -0.8  0.5] graus
[INFO] [1791392286.183722, 619.079000]: [mission] fase "atravessa" it0: no frame da parede eixo=-1.7 prof=+7.3 alt=+2.1 mm (tolerância 8/6/5)
[INFO] [1791392289.195338, 622.007000]: [mission] fase "atravessa" it1: ponta (0.208, 2.869, 0.814) erro=0.0056 | degrau eixo 0.3° | rolagem 0.3° | IK pediu [ -5.3 -12.3  -6.   92.2  -1.2] | faltou [  0.2  -7.5  17.1 -12.4   0.4] graus
[INFO] [1791392289.199052, 622.011000]: [mission] fase "atravessa" it1: no frame da parede eixo=-1.7 prof=+5.2 alt=+1.3 mm (tolerância 8/6/5)
[INFO] [1791392289.201933, 622.014000]: [mission] âncora solta — 3 correções de deriva
[INFO] [1791392289.204702, 622.016000]: [mission] fase "atravessa" alcançada em 2 iteração(ões) (0.0056 m) — âncora corrigiu 3 vez(es)
[INFO] [1791392289.719870, 622.522000]: [mission] fase "captura": modo IK iterativa (YAML)
[INFO] [1791392289.725107, 622.527000]: [mission] âncora engatada (fase "captura")
[INFO] [1791392292.603998, 625.334000]: [mission] fase "captura" it0: ponta (0.208, 2.872, 0.795) erro=0.0063 | degrau eixo 0.1° | rolagem 0.2° | IK pediu [ -4.6 -22.   10.9  80.9  -0.3] | faltou [-0.6 -0.4  0.8  0.3 -0.2] graus
[INFO] [1791392292.606004, 625.336000]: [mission] fase "captura" it0: no frame da parede eixo=+6.3 prof=+0.6 alt=+0.1 mm (tolerância 40/6/10)
[INFO] [1791392292.607064, 625.337000]: [mission] fase "captura" alcançada em 1 iteração(ões) (0.0063 m)
[INFO] [1791392292.611300, 625.341000]: [mission] captura: ponta registrada em eixo=-6.3 prof=-0.6 alt=-10.1 mm (zero da descida do destrava e da deriva de eixo)
[INFO] [1791392293.126095, 625.842000]: [mission] fase "destrava": alvo em altura relativo à captura: -30.1 mm (captura -10.1 − curso 18 − margem 2)
[INFO] [1791392293.127232, 625.843000]: [mission] fase "destrava": modo whole-body/Fuzzy (YAML)
[INFO] [1791392293.331346, 626.045000]: [mission] plano de exclusão publicado: parede em [2.000e-03 3.001e+00 0.000e+00], normal segura [ 0.001 -1.     0.   ]
[INFO] [1791392293.638141, 626.350000]: [mission] fase "destrava": whole-body assumiu (base livre, restrita pelo plano de exclusão)
[INFO] [1791392293.640748, 626.352000]: [mission] fase "destrava": whole-body a 0.0188 m do alvo — eixo=+6.3 prof=-0.3 alt=-17.7 mm
[INFO] [1791392295.776717, 628.451000]: [mission] fase "destrava": whole-body a 0.0096 m do alvo — eixo=+6.2 prof=-7.1 alt=-1.8 mm
[INFO] [1791392297.931036, 630.551000]: [mission] fase "destrava": whole-body a 0.0108 m do alvo — eixo=+6.3 prof=-8.2 alt=-3.1 mm
[INFO] [1791392300.056961, 632.651000]: [mission] fase "destrava": whole-body a 0.0120 m do alvo — eixo=+6.3 prof=-10.1 alt=-1.4 mm
[INFO] [1791392302.198432, 634.751000]: [mission] fase "destrava": whole-body a 0.0164 m do alvo — eixo=+6.2 prof=-14.8 alt=-3.4 mm
[INFO] [1791392304.326463, 636.851000]: [mission] fase "destrava": whole-body a 0.0339 m do alvo — eixo=+6.1 prof=-33.4 alt=-1.3 mm
[INFO] [1791392306.457997, 638.951000]: [mission] fase "destrava": whole-body a 0.0842 m do alvo — eixo=+12.0 prof=-83.0 alt=-7.9 mm
[INFO] [1791392308.583662, 641.051000]: [mission] fase "destrava": whole-body a 0.0436 m do alvo — eixo=+10.1 prof=-20.1 alt=-37.4 mm
[INFO] [1791392310.713802, 643.151000]: [mission] fase "destrava": whole-body a 0.0442 m do alvo — eixo=+7.2 prof=-21.4 alt=-38.0 mm
[INFO] [1791392312.834318, 645.251000]: [mission] fase "destrava": whole-body a 0.0430 m do alvo — eixo=+5.7 prof=-20.0 alt=-37.6 mm
[INFO] [1791392314.960691, 647.351000]: [mission] fase "destrava": whole-body a 0.0363 m do alvo — eixo=+5.9 prof=-14.6 alt=-32.7 mm
[INFO] [1791392317.097256, 649.451000]: [mission] fase "destrava": whole-body a 0.0219 m do alvo — eixo=+6.0 prof=-12.4 alt=-17.1 mm
[INFO] [1791392319.224661, 651.551000]: [mission] fase "destrava": whole-body a 0.0179 m do alvo — eixo=+6.3 prof=+8.5 alt=-14.5 mm
[INFO] [1791392321.358763, 653.651000]: [mission] fase "destrava": whole-body a 0.0186 m do alvo — eixo=+6.4 prof=+8.4 alt=-15.3 mm
[INFO] [1791392323.502999, 655.751000]: [mission] fase "destrava": whole-body a 0.0197 m do alvo — eixo=+8.2 prof=+9.3 alt=-15.3 mm
[INFO] [1791392325.627784, 657.851000]: [mission] fase "destrava": whole-body a 0.0206 m do alvo — eixo=+10.6 prof=+8.9 alt=-15.3 mm
[INFO] [1791392327.753615, 659.951000]: [mission] fase "destrava": whole-body a 0.0204 m do alvo — eixo=+9.4 prof=+9.3 alt=-15.5 mm
[INFO] [1791392328.570404, 660.752000]: [mission] plano de exclusão publicado: parede em [2.000e-03 3.001e+00 0.000e+00], normal segura [ 0.001 -1.     0.   ]
[INFO] [1791392328.575340, 660.757000]: [mission] âncora engatada (fase "reassenta_sobe")
[INFO] [1791392345.020847, 677.060000]: [mission] fase "reassenta_sobe" it0: ponta (0.216, 2.802, 0.815) erro=0.0797 | degrau eixo 0.4° | rolagem 0.2° | IK pediu [ -7.9 -30.4  31.7  95.1  -0.4] | faltou [-0.2  5.  -9.  14.9 -0.1] graus
[INFO] [1791392345.026079, 677.065000]: [mission] fase "reassenta_sobe" it0: no frame da parede eixo=+6.4 prof=-78.5 alt=-12.2 mm (tolerância 30/20/5)
[INFO] [1791392349.667615, 681.614000]: [mission] fase "reassenta_sobe" it1: ponta (0.201, 2.946, 0.791) erro=0.0670 | degrau eixo 0.2° | rolagem 0.1° | IK pediu [ -6.7 -23.6  10.5  90.7   0.6] | faltou [ 0.3  0.4 -1.4  0.7 -0. ] graus
[INFO] [1791392349.670405, 681.618000]: [mission] fase "reassenta_sobe" it1: no frame da parede eixo=-8.5 prof=+65.4 alt=+11.8 mm (tolerância 30/20/5)
[INFO] [1791392355.993305, 687.826000]: [mission] fase "reassenta_sobe" it2: ponta (0.210, 2.898, 0.802) erro=0.0174 | degrau eixo 0.0° | rolagem 0.0° | IK pediu [ -7.4 -24.6  13.6  99.7  -0.1] | faltou [ -0.   -6.4  13.8 -11.   -0.3] graus
[INFO] [1791392355.996466, 687.829000]: [mission] fase "reassenta_sobe" it2: no frame da parede eixo=+0.5 prof=+17.4 alt=+0.3 mm (tolerância 30/20/5)
[INFO] [1791392355.998268, 687.831000]: [mission] âncora solta — 37 correções de deriva
[INFO] [1791392356.000093, 687.833000]: [mission] fase "reassenta_sobe" alcançada em 3 iteração(ões) (0.0174 m) — âncora corrigiu 37 vez(es)
[INFO] [1791392356.006384, 687.839000]: [mission] âncora engatada (fase "captura")
[INFO] [1791392361.541578, 693.246000]: [mission] fase "captura" it0: ponta (0.202, 2.827, 0.782) erro=0.0462 | degrau eixo 0.1° | rolagem 0.0° | IK pediu [ -6.5 -33.2  29.5  93.1   0.9] | faltou [ 0.1  1.3 -5.  14.  -0.9] graus
[INFO] [1791392361.546545, 693.251000]: [mission] fase "captura" it0: no frame da parede eixo=-0.2 prof=-44.4 alt=+12.8 mm (tolerância 40/6/10)
[INFO] [1791392373.417152, 704.859000]: [mission] fase "captura" it1: ponta (0.202, 2.884, 0.807) erro=0.0170 | degrau eixo 0.1° | rolagem 0.0° | IK pediu [ -6.6 -26.2  18.2  93.9   0.8] | faltou [ 0.2  4.5 -9.6 10.5  0. ] graus
[INFO] [1791392373.421012, 704.863000]: [mission] fase "captura" it1: no frame da parede eixo=-0.6 prof=+12.6 alt=-11.5 mm (tolerância 40/6/10)
[INFO] [1791392375.366407, 706.771000]: [mission] fase "captura" it2: ponta (0.202, 2.884, 0.795) erro=0.0126 | degrau eixo 0.1° | rolagem 0.0° | IK pediu [ -6.6 -22.6   7.4 103.1   0.8] | faltou [ 0.1 -0.2  0.1  2.4  0. ] graus
[INFO] [1791392375.369819, 706.774000]: [mission] fase "captura" it2: no frame da parede eixo=-0.5 prof=+12.6 alt=+0.1 mm (tolerância 40/6/10)
[INFO] [1791392377.218033, 708.585000]: [mission] fase "captura" it3: ponta (0.202, 2.884, 0.793) erro=0.0128 | degrau eixo 0.0° | rolagem 0.0° | IK pediu [ -6.6 -22.7   7.5 105.4   0.8] | faltou [ 0.2 -0.2 -0.4  0.6  0.1] graus
[INFO] [1791392377.221395, 708.589000]: [mission] fase "captura" it3: no frame da parede eixo=-0.4 prof=+12.6 alt=+1.8 mm (tolerância 40/6/10)
[ERROR] [1791392379.068564, 710.406000]: [mission] fase "captura": 5 iterações sem fechar (0.0127 m, tolerância 0.020)
[ERROR] [1791392379.070449, 710.408000]: [mission] destrava/reassenta: recaptura não fechou
[WARN] [1791392379.077230, 710.415000]: [mission] ABORT — parando base e recolhendo braço
[WARN] [1791392379.486555, 710.816000]: [mission] ABORT: ponta a 0.017 m do olhal — saindo em degraus: sobe 30 mm, 120 mm pelo eixo do furo, 100 mm para fora, antes de recolher
[WARN] [1791392428.933799, 759.363000]: [mission] ABORT — voltando à pose de partida (-0.00, 1.00, 0.01 rad)
[INFO] [1791392379.059680, 710.397000]: [mission] fase "captura" it4: ponta (0.202, 2.884, 0.794) erro=0.0127 | degrau eixo 0.0° | rolagem 0.0° | IK pediu [ -6.7 -22.6   7.9 107.1   0.7] | faltou [ 0.2 -0.2 -1.  -1.1  0.1] graus
[INFO] [1791392379.064145, 710.400000]: [mission] fase "captura" it4: no frame da parede eixo=-0.3 prof=+12.6 alt=+1.1 mm (tolerância 40/6/10)
[INFO] [1791392379.066925, 710.405000]: [mission] âncora solta — 17 correções de deriva
[INFO] [1791392379.076236, 710.414000]: State machine transitioning 'MANIPULATE':'failed'-->'ABORT_SAFE'
[INFO] [1791392379.490203, 710.820000]: [mission] âncora engatada (fase "saida_sobe")
[INFO] [1791392390.421628, 721.523000]: [mission] fase "saida_sobe" it0: ponta (0.200, 2.891, 0.819) erro=0.0091 | degrau eixo 0.0° | rolagem 0.0° | IK pediu [ -6.5 -18.9   7.5 104.    0.9] | faltou [ 0.  -1.   0.8 -0.8 -0. ] graus
[INFO] [1791392390.423965, 721.526000]: [mission] fase "saida_sobe" it0: no frame da parede eixo=-1.5 prof=+6.8 alt=+5.8 mm (tolerância 30/20/10)
[INFO] [1791392390.425145, 721.527000]: [mission] âncora solta — 7 correções de deriva
[INFO] [1791392390.426006, 721.528000]: [mission] fase "saida_sobe" alcançada em 1 iteração(ões) (0.0091 m) — âncora corrigiu 7 vez(es)
[INFO] [1791392390.428768, 721.530000]: [mission] âncora engatada (fase "saida_eixo")
[INFO] [1791392405.788373, 736.634000]: [mission] fase "saida_eixo" it0: ponta (0.078, 2.896, 0.811) erro=0.0185 | degrau eixo 0.1° | rolagem 1.0° | IK pediu [  6.  -19.    7.6 101.5  13.3] | faltou [  0.1  -8.   13.8 -10.    0.2] graus
[INFO] [1791392405.790244, 736.636000]: [mission] fase "saida_eixo" it0: no frame da parede eixo=-4.0 prof=+12.2 alt=+13.3 mm (tolerância 20/20/15)
[INFO] [1791392405.791629, 736.637000]: [mission] âncora solta — 10 correções de deriva
[INFO] [1791392405.793362, 736.639000]: [mission] fase "saida_eixo" alcançada em 1 iteração(ões) (0.0185 m) — âncora corrigiu 10 vez(es)
[INFO] [1791392405.800425, 736.645000]: [mission] âncora engatada (fase "saida_fora")
[INFO] [1791392410.985844, 741.752000]: [mission] fase "saida_fora" it0: ponta (0.077, 2.799, 0.816) erro=0.0178 | degrau eixo 1.6° | rolagem 1.2° | IK pediu [  8.9 -44.8  60.   80.7  16.3] | faltou [ 0.  -0.  -2.   0.6 -0.1] graus
[INFO] [1791392410.988646, 741.755000]: [mission] fase "saida_fora" it0: no frame da parede eixo=-4.9 prof=+15.2 alt=+8.1 mm (tolerância 30/20/20)
[INFO] [1791392410.989860, 741.756000]: [mission] âncora solta — 2 correções de deriva
[INFO] [1791392410.990806, 741.757000]: [mission] fase "saida_fora" alcançada em 1 iteração(ões) (0.0178 m) — âncora corrigiu 2 vez(es)
[INFO] [1791392410.991758, 741.758000]: [mission] ABORT/afasta: RECUANDO 0.250 m só com as rodas
[INFO] [1791392415.466665, 746.159000]: [mission] ABORT/afasta: concluído (0.251 m)
[INFO] [1791392415.468769, 746.161000]: [mission] postura "stow_home" comandada: [0.0, 1.13, -1.04, -1.8, 0.0]
[INFO] [1791392440.229097, 770.464000]: [mission] ABORT/retorno: alinhado, avançando (1.37 m)
[INFO] [1791392440.281198, 770.514000]: [mission] teto por postura ativo no drive: v<=0.25 w<=0.50 rampa 0.54/1.50
[INFO] [1791392450.617742, 780.664000]: [mission] ABORT/retorno: chegou, ajustando heading final
[INFO] [1791392450.668365, 780.714000]: [mission] teto por postura ativo no drive: v<=0.24 w<=0.50 rampa 0.53/1.51
[INFO] [1791392457.281611, 787.214000]: [mission] ABORT/retorno: concluído
[INFO] [1791392457.283295, 787.216000]: State machine terminating 'ABORT_SAFE':'aborted':'MISSION_ABORTED'
[INFO] [1791392457.284500, 787.217000]: [mission] resultado: MISSION_ABORTED
... logging to /home/marco/.ros/log/c81f68fe-c26e-11f1-ad44-b025aa85b2a2/roslaunch-shiroi-3353418.log
Checking log directory for disk usage. This may take a while.
Press Ctrl-C to interrupt
]2;/home/marco/b166er/src/b166er_whole_body_control/launch/chave_mission.launch
[1mstarted roslaunch server http://shiroi:43915/[0m

SUMMARY
========

PARAMETERS
 * /chave_mission/estado_final: 
 * /chave_mission/estado_inicial: STOW_INIT
 * /chave_mission/pausa_por_fase: False
 * /chave_mission/search_omega: 0.35
 * /chave_mission/standoff_distance: 0.62
 * /chave_mission/use_wholebody: False
 * /chave_seccionadora_task/aproxima_lateral/modo: ik
 * /chave_seccionadora_task/aproxima_lateral/offset_xyz_m: [-0.09, 0.008, 0.01]
 * /chave_seccionadora_task/aproxima_lateral/tol_xyz_m: [0.04, 0.008, 0.005]
 * /chave_seccionadora_task/arco1/blade_angle_deg: 15
 * /chave_seccionadora_task/arco1/deriva_eixo_max_m: 0.015
 * /chave_seccionadora_task/arco1/modo: wb
 * /chave_seccionadora_task/arco1/offset_xyz_m: [0.0, 0.0518, -0....
 * /chave_seccionadora_task/arco1/soltura_recuo_min_m: 0.04
 * /chave_seccionadora_task/arco1/tol_xyz_m: [0.04, 0.01, 0.015]
 * /chave_seccionadora_task/arco2/blade_angle_deg: 30
 * /chave_seccionadora_task/arco2/deriva_eixo_max_m: 0.015
 * /chave_seccionadora_task/arco2/modo: wb
 * /chave_seccionadora_task/arco2/offset_xyz_m: [0.0, 0.1, -0.0518]
 * /chave_seccionadora_task/arco2/tol_xyz_m: [0.04, 0.01, 0.015]
 * /chave_seccionadora_task/atravessa/modo: ik
 * /chave_seccionadora_task/atravessa/offset_xyz_m: [-0.008, 0.008, 0...
 * /chave_seccionadora_task/atravessa/tol_xyz_m: [0.008, 0.006, 0....
 * /chave_seccionadora_task/captura/modo: ik
 * /chave_seccionadora_task/captura/offset_xyz_m: [0.0, 0.0, -0.01]
 * /chave_seccionadora_task/captura/tol_xyz_m: [0.04, 0.006, 0.01]
 * /chave_seccionadora_task/desengata/modo: ik
 * /chave_seccionadora_task/desengata/offset_xyz_m: [-0.09, 0.1, -0.0...
 * /chave_seccionadora_task/destrava/curso_estagna_m: 0.01
 * /chave_seccionadora_task/destrava/curso_margem_m: 0.002
 * /chave_seccionadora_task/destrava/curso_min_m: 0.018
 * /chave_seccionadora_task/destrava/curso_teto_m: 0.022
 * /chave_seccionadora_task/destrava/modo: wb
 * /chave_seccionadora_task/destrava/offset_xyz_m: [0.0, 0.0, -0.025]
 * /chave_seccionadora_task/destrava/tol_xyz_m: [0.04, 0.006, 0.004]
 * /chave_seccionadora_task/libera/deriva_eixo_max_m: 0.015
 * /chave_seccionadora_task/libera/modo: wb
 * /chave_seccionadora_task/libera/offset_xyz_m: [0.0, 0.03, -0.025]
 * /chave_seccionadora_task/libera/tol_xyz_m: [0.04, 0.008, 0.006]
 * /chave_seccionadora_task/orienta/modo: ik
 * /chave_seccionadora_task/orienta/offset_xyz_m: [-0.09, 0.15, 0.0...
 * /chave_seccionadora_task/reassenta_sobe/tol_xyz_m: [0.03, 0.02, 0.005]
 * /chave_seccionadora_task/saida_eixo/tol_xyz_m: [0.02, 0.02, 0.015]
 * /chave_seccionadora_task/saida_fora/tol_xyz_m: [0.03, 0.02, 0.02]
 * /chave_seccionadora_task/saida_sobe/tol_xyz_m: [0.03, 0.02, 0.01]
 * /chave_seccionadora_task/target_frame: chave_olhal_link
 * /fuzzy_wb_controller/fixed_gains: []
 * /rosdistro: noetic
 * /rosversion: 1.17.4

NODES
  /
    chave_mission (b166er_whole_body_control/chave_mission.py)

[1mROS_MASTER_URI=http://localhost:11311[0m
]2;/home/marco/b166er/src/b166er_whole_body_control/launch/chave_mission.launch http://localhost:11311
[1mprocess[chave_mission-1]: started with pid [3353462][0m
[1m[chave_mission-1] process has finished cleanly
log file: /home/marco/.ros/log/c81f68fe-c26e-11f1-ad44-b025aa85b2a2/chave_mission-1*.log[0m
all processes on machine have died, roslaunch will exit
shutting down processing monitor...
... shutting down processing monitor complete
[1mdone[0m
