[31mWARNING: disk usage in log directory [/home/marco/.ros/log] is over 1GB.
It's recommended that you use the 'rosclean' command.[0m
the rosdep view is empty: call 'sudo rosdep init' and 'rosdep update'
[WARN] [1791467382.922976, 1078.376000]: [mission] SEARCH: 8 de 25 amostras descartadas como outlier (>0.15 m ou >0.20 rad da mediana)
[WARN] [1791467382.977022, 1078.431000]: [mission] SEARCH: laser discorda demais da tag (profundidade +82 mm, yaw +6.9°) — parede fica pela tag
[INFO] [1791467357.314866, 1053.158000]: garra_dx = 0.000 m (fechada)
[INFO] [1791467357.389935, 1053.234000]: State machine starting in initial state 'HOME' with userdata: 
	[]
[INFO] [1791467357.696826, 1053.535000]: [mission] pose de partida registrada: (0.00, 1.00, 0.01 rad)
[INFO] [1791467357.701685, 1053.540000]: [mission] HOME: homing pelos fins de curso (J4, J3, J2)
[INFO] [1791467359.635961, 1055.444000]: [mission] HOME: braço nos fins de curso — partindo daqui para o SEARCH
[INFO] [1791467359.638986, 1055.446000]: State machine transitioning 'HOME':'ok'-->'SEARCH'
[INFO] [1791467359.642950, 1055.450000]: [mission] postura "search" comandada: [0.0, 1.0, -1.0, 0.0, 0.0]
[INFO] [1791467367.689335, 1063.353000]: [mission] SEARCH — girando à procura da tag...
[INFO] [1791467367.691793, 1063.355000]: [mission] SEARCH: amostra quando a tag estiver a raio 0.35-0.50 do quadro (vista oblíqua; omega fina 0.15 rad/s)
[INFO] [1791467368.911917, 1064.557000]: [mission] SEARCH: tag a raio 0.97 — girando até <= 0.50
[INFO] [1791467375.433083, 1071.008000]: [mission] SEARCH: tag a raio 0.50 — parando
[INFO] [1791467375.434423, 1071.009000]: [mission] tag avistada — parando para medir
[INFO] [1791467376.453878, 1072.015000]: [mission] âncora engatada (coleta do SEARCH)
[INFO] [1791467376.455313, 1072.016000]: [mission] SEARCH: coleta com dither ±0.05 rad/s (período 3.0 s)
[INFO] [1791467382.904558, 1078.360000]: [mission] âncora solta — 9 correções de deriva
[INFO] [1791467382.906127, 1078.361000]: [mission] SEARCH: âncora corrigiu a deriva 9 vez(es) durante a coleta
[INFO] [1791467382.924830, 1078.379000]: [mission] SEARCH: 17 amostras — parede (0.012, 3.081, -0.006) yaw=3.019
[INFO] [1791467382.978884, 1078.433000]: [mission] parede localizada em (0.012, 3.081, -0.006)
[INFO] [1791467382.985836, 1078.440000]: State machine transitioning 'SEARCH':'found'-->'APPROACH'
[INFO] [1791467382.987844, 1078.442000]: [mission] APPROACH etapa 1/2 — 1.30 m do olhal, alvo (0.04, 1.64, 1.45 rad)
[INFO] [1791467386.779213, 1082.194000]: [mission] APPROACH: alinhado, avançando (0.73 m)
[INFO] [1791467386.832623, 1082.245000]: [mission] teto por postura ativo no drive: v<=0.18 w<=0.50 rampa 0.46/1.51
[INFO] [1791467392.880733, 1088.194000]: [mission] APPROACH: chegou, ajustando heading final
[INFO] [1791467392.933005, 1088.244000]: [mission] teto por postura ativo no drive: v<=0.18 w<=0.50 rampa 0.46/1.51
[INFO] [1791467394.303707, 1089.594000]: [mission] APPROACH: concluído
[INFO] [1791467395.328688, 1090.600000]: [mission] âncora engatada (coleta do APPROACH/remedida)
[INFO] [1791467395.332018, 1090.603000]: [mission] APPROACH/remedida: coleta com dither ±0.05 rad/s (período 3.0 s)
[INFO] [1791467396.477761, 1091.731000]: [mission] âncora solta — 1 correções de deriva
[INFO] [1791467396.478920, 1091.732000]: [mission] APPROACH/remedida: âncora corrigiu a deriva 1 vez(es) durante a coleta
[INFO] [1791467396.480703, 1091.733000]: [mission] APPROACH/remedida: 10 amostras — parede (0.001, 2.987, -0.001) yaw=-3.120
[INFO] [1791467396.536083, 1091.788000]: [mission] APPROACH/remedida: parede pelo LASER — 83 pontos, resíduo 5.1 mm: profundidade -11.4 mm e yaw -1.23° em relação à tag → parede (0.001, 2.999, -0.001) yaw=3.141
[INFO] [1791467396.539017, 1091.791000]: [mission] APPROACH etapa 2/2 — 0.88 m do olhal, alvo (0.37, 1.99, 1.57 rad)
[INFO] [1791467401.014401, 1096.193000]: [mission] APPROACH: alinhado, avançando (0.56 m)
[INFO] [1791467401.065784, 1096.243000]: [mission] teto por postura ativo no drive: v<=0.18 w<=0.50 rampa 0.46/1.51
[INFO] [1791467406.137645, 1101.243000]: [mission] APPROACH: chegou, ajustando heading final
[INFO] [1791467406.189098, 1101.293000]: [mission] teto por postura ativo no drive: v<=0.18 w<=0.50 rampa 0.46/1.51
[INFO] [1791467412.234221, 1107.243000]: [mission] APPROACH: concluído
[INFO] [1791467412.239842, 1107.249000]: State machine transitioning 'APPROACH':'arrived'-->'REFINE'
[INFO] [1791467412.241714, 1107.250000]: [mission] REFINE — remedindo a parede de perto (10 amostras)
[INFO] [1791467412.245467, 1107.254000]: [mission] âncora engatada (coleta do REFINE)
[INFO] [1791467412.246960, 1107.255000]: [mission] REFINE: coleta com dither ±0.05 rad/s (período 3.0 s)
[INFO] [1791467413.395801, 1108.386000]: [mission] âncora solta — 2 correções de deriva
[INFO] [1791467413.398242, 1108.389000]: [mission] REFINE: âncora corrigiu a deriva 2 vez(es) durante a coleta
[INFO] [1791467413.401430, 1108.391000]: [mission] REFINE: 10 amostras — parede (-0.001, 2.982, -0.003) yaw=-3.067
[INFO] [1791467413.454237, 1108.444000]: [mission] REFINE: parede pelo LASER — 85 pontos, resíduo 5.0 mm: profundidade -17.1 mm e yaw -4.25° em relação à tag → parede (-0.001, 2.999, -0.003) yaw=-3.141
[INFO] [1791467413.455115, 1108.445000]: [mission] REFINE: deslocou 0.002 m da estimativa anterior
[INFO] [1791467413.455659, 1108.445000]: [mission] olhal estimado em (0.200, 2.869, 0.802)
[INFO] [1791467413.458769, 1108.448000]: State machine transitioning 'REFINE':'ok'-->'DEPLOY'
[INFO] [1791467413.460017, 1108.450000]: [mission] DEPLOY: IK resolvida para a POSE DE MANIPULAÇÃO (0.20, 2.25, 1.57 rad), não para a atual
[INFO] [1791467418.438647, 1113.216000]: [mission] DEPLOY: IK nivelada 0.0715 m, só eixo 0.0013 m — a MISSÃO INTEIRA usa "eixo"
[INFO] [1791467418.441324, 1113.408000]: [mission] DEPLOY: IK da ponta resolvida (resíduo 0.0013 m, degrau 0.3°) — pré-posicionando em [-10.9 -46.8  60.   78.7 -10.9] graus
[INFO] [1791467429.412943, 1124.210000]: [mission] plano de exclusão publicado: parede em [-1.000e-03  2.999e+00 -3.000e-03], normal segura [ 0. -1.  0.]
[INFO] [1791467429.626043, 1124.419000]: [mission] teto por postura ativo no drive: v<=0.26 w<=0.50 rampa 0.55/1.61
[INFO] [1791467434.214945, 1128.919000]: [mission] DEPLOY/aproxima: alinhado, avançando (0.44 m)
[INFO] [1791467438.918887, 1133.519000]: [mission] DEPLOY/aproxima: chegou, ajustando heading final
[INFO] [1791467444.647445, 1139.169000]: [mission] DEPLOY/aproxima: concluído
[INFO] [1791467444.648557, 1139.170000]: State machine transitioning 'DEPLOY':'ok'-->'MANIPULATE'
[INFO] [1791467444.649687, 1139.171000]: [mission] fase "orienta": modo IK iterativa (YAML)
[INFO] [1791467444.652452, 1139.174000]: [mission] âncora engatada (fase "orienta")
[INFO] [1791467452.735925, 1147.077000]: [mission] fase "orienta" it0: ponta (0.291, 2.722, 0.811) erro=0.0029 | degrau eixo 0.1° | rolagem 0.1° | IK pediu [-23.2 -26.9  20.3  96.2 -18.7] | faltou [ 0.3 -0.1  0.2 -0.1  0. ] graus
[INFO] [1791467452.738412, 1147.080000]: [mission] âncora solta — 3 correções de deriva
[INFO] [1791467452.739525, 1147.081000]: [mission] fase "orienta" alcançada em 1 iteração(ões) (0.0029 m) — âncora corrigiu 3 vez(es)
[INFO] [1791467453.254269, 1147.588000]: [mission] fase "aproxima_lateral": modo IK iterativa (YAML)
[INFO] [1791467453.257656, 1147.591000]: [mission] âncora engatada (fase "aproxima_lateral")
[INFO] [1791467460.314425, 1154.537000]: [mission] fase "aproxima_lateral" it0: ponta (0.286, 2.864, 0.813) erro=0.0051 | degrau eixo 6.3° | rolagem 6.3° | IK pediu [-19.1 -13.8   0.   78.7 -13.6] | faltou [ 0.4 -1.5  3.5 -2.   0. ] graus
[INFO] [1791467460.317357, 1154.541000]: [mission] fase "aproxima_lateral" it0: no frame da parede eixo=-4.0 prof=+3.1 alt=-0.4 mm (tolerância 40/8/5)
[INFO] [1791467460.318778, 1154.542000]: [mission] âncora solta — 2 correções de deriva
[INFO] [1791467460.319907, 1154.543000]: [mission] fase "aproxima_lateral" alcançada em 1 iteração(ões) (0.0051 m) — âncora corrigiu 2 vez(es)
[INFO] [1791467460.828554, 1155.048000]: [mission] fase "atravessa": modo IK iterativa (YAML)
[INFO] [1791467460.836508, 1155.055000]: [mission] âncora engatada (fase "atravessa")
[INFO] [1791467468.358085, 1162.362000]: [mission] fase "atravessa" it0: ponta (0.210, 2.863, 0.812) erro=0.0027 | degrau eixo 3.0° | rolagem 2.9° | IK pediu [-12.4 -14.8   0.1  83.4  -7.6] | faltou [-0.6 -1.1  3.  -1.7  0. ] graus
[INFO] [1791467468.361106, 1162.366000]: [mission] fase "atravessa" it0: no frame da parede eixo=+2.1 prof=+1.5 alt=+0.7 mm (tolerância 8/6/5)
[ERROR] [1791467494.595430, 1188.057000]: [mission] fase "captura": 5 iterações sem fechar (0.0099 m, tolerância 0.020)
[WARN] [1791467494.597236, 1188.059000]: [mission] captura: REASSENTANDO (1/1) — sobe 12 mm, recaptura, destrava de novo
[ERROR] [1791467529.522575, 1222.175000]: [mission] fase "captura": 5 iterações sem fechar (0.0376 m, tolerância 0.020)
[ERROR] [1791467529.525256, 1222.180000]: [mission] captura/reassenta: recaptura não fechou
[WARN] [1791467529.536056, 1222.190000]: [mission] ABORT — parando base e recolhendo braço
[WARN] [1791467529.946265, 1222.592000]: [mission] ABORT: ponta a 0.039 m do olhal — saindo em degraus: sobe 30 mm, 120 mm pelo eixo do furo, 100 mm para fora, antes de recolher
[WARN] [1791467570.871639, 1262.855000]: [mission] ABORT — voltando à pose de partida (0.00, 1.00, 0.01 rad)
[INFO] [1791467468.362778, 1162.367000]: [mission] âncora solta — 1 correções de deriva
[INFO] [1791467468.364485, 1162.369000]: [mission] fase "atravessa" alcançada em 1 iteração(ões) (0.0027 m) — âncora corrigiu 1 vez(es)
[INFO] [1791467468.884542, 1162.879000]: [mission] fase "captura": modo IK iterativa (YAML)
[INFO] [1791467468.889636, 1162.884000]: [mission] âncora engatada (fase "captura")
[INFO] [1791467475.388413, 1169.246000]: [mission] fase "captura" it0: ponta (0.209, 2.865, 0.795) erro=0.0105 | degrau eixo 2.9° | rolagem 2.8° | IK pediu [-12.1 -16.6   0.1  83.2  -6.6] | faltou [-0.9 -0.8  2.1 -1.3  0.2] graus
[INFO] [1791467475.393010, 1169.250000]: [mission] fase "captura" it0: no frame da parede eixo=+9.4 prof=-4.0 alt=-2.3 mm (tolerância 8/6/10)
[INFO] [1791467480.339871, 1174.107000]: [mission] fase "captura" it1: ponta (0.209, 2.869, 0.792) erro=0.0095 | degrau eixo 2.7° | rolagem 2.4° | IK pediu [-11.4 -16.9   0.1  82.5  -5.9] | faltou [-1.5 -0.8  1.9 -1.   0.6] graus
[INFO] [1791467480.343382, 1174.111000]: [mission] fase "captura" it1: no frame da parede eixo=+9.5 prof=-0.1 alt=+0.4 mm (tolerância 8/6/10)
[INFO] [1791467485.060622, 1178.721000]: [mission] fase "captura" it2: ponta (0.209, 2.870, 0.791) erro=0.0097 | degrau eixo 2.4° | rolagem 2.4° | IK pediu [-10.7 -17.    0.1  82.7  -5.4] | faltou [-2.1 -0.7  1.8 -1.2  0. ] graus
[INFO] [1791467485.065566, 1178.726000]: [mission] fase "captura" it2: no frame da parede eixo=+9.6 prof=+0.6 alt=+1.0 mm (tolerância 8/6/10)
[INFO] [1791467489.785440, 1183.336000]: [mission] fase "captura" it3: ponta (0.209, 2.869, 0.794) erro=0.0099 | degrau eixo 2.1° | rolagem 1.7° | IK pediu [-10.1 -17.    0.3  82.9  -4.8] | faltou [-2.9 -0.9  2.1 -0.7  0.9] graus
[INFO] [1791467489.788018, 1183.338000]: [mission] fase "captura" it3: no frame da parede eixo=+9.8 prof=-0.7 alt=-1.7 mm (tolerância 8/6/10)
[INFO] [1791467494.585861, 1188.047000]: [mission] fase "captura" it4: ponta (0.209, 2.868, 0.791) erro=0.0099 | degrau eixo 1.9° | rolagem 1.3° | IK pediu [ -9.4 -17.3   0.5  82.9  -4.2] | faltou [-3.5 -0.7  1.9 -1.1  1.2] graus
[INFO] [1791467494.590930, 1188.051000]: [mission] fase "captura" it4: no frame da parede eixo=+9.7 prof=-1.4 alt=+1.8 mm (tolerância 8/6/10)
[INFO] [1791467494.593348, 1188.055000]: [mission] âncora solta — 11 correções de deriva
[INFO] [1791467494.603490, 1188.064000]: [mission] âncora engatada (fase "reassenta_sobe")
[INFO] [1791467497.204442, 1190.598000]: [mission] fase "reassenta_sobe" it0: ponta (0.209, 2.864, 0.805) erro=0.0047 | degrau eixo 3.2° | rolagem 2.9° | IK pediu [-12.9 -15.6   0.   82.3  -7.4] | faltou [-0.1 -0.2  0.4  1.   0.2] graus
[INFO] [1791467497.205845, 1190.599000]: [mission] fase "reassenta_sobe" it0: no frame da parede eixo=+0.2 prof=-4.1 alt=-2.3 mm (tolerância 30/20/5)
[INFO] [1791467497.206867, 1190.600000]: [mission] fase "reassenta_sobe" alcançada em 1 iteração(ões) (0.0047 m)
[INFO] [1791467497.208934, 1190.602000]: [mission] âncora engatada (fase "atravessa")
[INFO] [1791467499.399128, 1192.705000]: [mission] fase "atravessa" it0: ponta (0.210, 2.863, 0.812) erro=0.0027 | degrau eixo 2.9° | rolagem 2.9° | IK pediu [-12.9 -14.9   0.   83.8  -7.5] | faltou [0. 0. 0. 0. 0.] graus
[INFO] [1791467499.403377, 1192.709000]: [mission] fase "atravessa" it0: no frame da parede eixo=+2.1 prof=+1.5 alt=+0.7 mm (tolerância 8/6/5)
[INFO] [1791467499.404938, 1192.711000]: [mission] fase "atravessa" alcançada em 1 iteração(ões) (0.0027 m)
[INFO] [1791467499.408440, 1192.714000]: [mission] âncora engatada (fase "captura")
[INFO] [1791467505.213060, 1198.390000]: [mission] fase "captura" it0: ponta (0.209, 2.871, 0.792) erro=0.0097 | degrau eixo 2.9° | rolagem 2.7° | IK pediu [-12.1 -17.   -0.   83.8  -6.7] | faltou [-0.8  0.4 -0.8  0.3  0.3] graus
[INFO] [1791467505.215095, 1198.392000]: [mission] fase "captura" it0: no frame da parede eixo=+9.5 prof=+1.6 alt=+0.3 mm (tolerância 8/6/10)
[INFO] [1791467509.990742, 1203.039000]: [mission] fase "captura" it1: ponta (0.209, 2.866, 0.792) erro=0.0101 | degrau eixo 2.6° | rolagem 2.3° | IK pediu [-11.5 -17.1  -0.   84.6  -6.1] | faltou [-1.5  0.4 -0.5  0.3  0.5] graus
[INFO] [1791467509.992897, 1203.041000]: [mission] fase "captura" it1: no frame da parede eixo=+9.4 prof=-3.6 alt=+0.6 mm (tolerância 8/6/10)
[INFO] [1791467516.932170, 1209.847000]: [mission] fase "captura" it2: ponta (0.209, 2.872, 0.790) erro=0.0103 | degrau eixo 2.3° | rolagem 2.3° | IK pediu [-10.8 -17.   -0.1  84.3  -5.5] | faltou [-1.9  0.4 -1.2  0.2  0.2] graus
[INFO] [1791467516.937219, 1209.851000]: [mission] fase "captura" it2: no frame da parede eixo=+9.5 prof=+2.9 alt=+2.5 mm (tolerância 8/6/10)
[INFO] [1791467522.579265, 1215.365000]: [mission] fase "captura" it3: ponta (0.209, 2.864, 0.795) erro=0.0115 | degrau eixo 2.0° | rolagem 1.6° | IK pediu [ -9.6 -16.9  -0.1  85.   -4.9] | faltou [-3.3  0.7 -1.9  0.7  1. ] graus
[INFO] [1791467522.581185, 1215.367000]: [mission] fase "captura" it3: no frame da parede eixo=+9.6 prof=-5.5 alt=-3.0 mm (tolerância 8/6/10)
[INFO] [1791467529.515376, 1222.170000]: [mission] fase "captura" it4: ponta (0.163, 2.876, 0.791) erro=0.0376 | degrau eixo 1.8° | rolagem 1.7° | IK pediu [ -9.2 -16.7  -0.5  83.9  -4.2] | faltou [ 0.4  1.3 -3.2  1.5  0.4] graus
[INFO] [1791467529.518418, 1222.173000]: [mission] fase "captura" it4: no frame da parede eixo=-36.9 prof=+6.6 alt=+1.6 mm (tolerância 8/6/10)
[INFO] [1791467529.520727, 1222.175000]: [mission] âncora solta — 12 correções de deriva
[INFO] [1791467529.533819, 1222.188000]: State machine transitioning 'MANIPULATE':'failed'-->'ABORT_SAFE'
[INFO] [1791467529.953002, 1222.599000]: [mission] âncora engatada (fase "saida_sobe")
[INFO] [1791467532.654530, 1225.251000]: [mission] fase "saida_sobe" it0: ponta (0.162, 2.877, 0.821) erro=0.0012 | degrau eixo 1.5° | rolagem 1.5° | IK pediu [ -8.9 -13.1  -1.   82.   -3.7] | faltou [0. 0. 0. 0. 0.] graus
[INFO] [1791467532.659974, 1225.256000]: [mission] fase "saida_sobe" it0: no frame da parede eixo=-0.1 prof=+1.2 alt=-0.1 mm (tolerância 30/20/10)
[INFO] [1791467532.663726, 1225.260000]: [mission] fase "saida_sobe" alcançada em 1 iteração(ões) (0.0012 m)
[INFO] [1791467532.673159, 1225.269000]: [mission] âncora engatada (fase "saida_eixo")
[INFO] [1791467538.700982, 1231.177000]: [mission] fase "saida_eixo" it0: ponta (0.046, 2.877, 0.822) erro=0.0034 | degrau eixo 2.4° | rolagem 2.4° | IK pediu [  1.5 -13.5  -0.1  81.2   5.8] | faltou [-0.2  0.6 -1.1  0.6  0.1] graus
[INFO] [1791467538.703100, 1231.180000]: [mission] fase "saida_eixo" it0: no frame da parede eixo=+3.2 prof=+0.9 alt=-0.8 mm (tolerância 20/20/15)
[INFO] [1791467538.704032, 1231.181000]: [mission] âncora solta — 1 correções de deriva
[INFO] [1791467538.704893, 1231.182000]: [mission] fase "saida_eixo" alcançada em 1 iteração(ões) (0.0034 m) — âncora corrigiu 1 vez(es)
[INFO] [1791467538.707109, 1231.184000]: [mission] âncora engatada (fase "saida_fora")
[INFO] [1791467549.487133, 1241.787000]: [mission] fase "saida_fora" it0: ponta (0.039, 2.779, 0.820) erro=0.0048 | degrau eixo 0.3° | rolagem 0.4° | IK pediu [  2.6 -18.    3.9 101.5   7.4] | faltou [ 0.2 -1.5  3.1 -2.   0. ] graus
[INFO] [1791467549.490796, 1241.791000]: [mission] fase "saida_fora" it0: no frame da parede eixo=-3.8 prof=+2.7 alt=+1.1 mm (tolerância 30/20/20)
[INFO] [1791467549.493265, 1241.793000]: [mission] âncora solta — 1 correções de deriva
[INFO] [1791467549.495073, 1241.795000]: [mission] fase "saida_fora" alcançada em 1 iteração(ões) (0.0048 m) — âncora corrigiu 1 vez(es)
[INFO] [1791467549.497367, 1241.797000]: [mission] ABORT/afasta: RECUANDO 0.250 m só com as rodas
[INFO] [1791467554.022526, 1246.250000]: [mission] ABORT/afasta: concluído (0.252 m)
[INFO] [1791467554.024949, 1246.253000]: [mission] postura "stow_home" comandada: [0.0, 1.1, -1.04, -1.8, 0.0]
[INFO] [1791467583.736534, 1275.508000]: [mission] ABORT/retorno: alinhado, avançando (1.30 m)
[INFO] [1791467583.788003, 1275.558000]: [mission] teto por postura ativo no drive: v<=0.24 w<=0.50 rampa 0.53/1.50
[INFO] [1791467593.570663, 1285.208000]: [mission] ABORT/retorno: chegou, ajustando heading final
[INFO] [1791467593.621801, 1285.258000]: [mission] teto por postura ativo no drive: v<=0.24 w<=0.50 rampa 0.53/1.51
[INFO] [1791467601.101354, 1292.608000]: [mission] ABORT/retorno: concluído
[INFO] [1791467601.104659, 1292.612000]: State machine terminating 'ABORT_SAFE':'aborted':'MISSION_ABORTED'
[INFO] [1791467601.106220, 1292.613000]: [mission] resultado: MISSION_ABORTED
... logging to /home/marco/.ros/log/899e01fe-c31c-11f1-ac84-b025aa85b2a2/roslaunch-shiroi-3711081.log
Checking log directory for disk usage. This may take a while.
Press Ctrl-C to interrupt
]2;/home/marco/b166er/src/b166er_whole_body_control/launch/chave_mission.launch
[1mstarted roslaunch server http://shiroi:42299/[0m

SUMMARY
========

PARAMETERS
 * /chave_mission/estado_final: 
 * /chave_mission/estado_inicial: HOME
 * /chave_mission/pausa_por_fase: False
 * /chave_mission/search_omega: 0.35
 * /chave_mission/standoff_distance: 0.62
 * /chave_mission/use_wholebody: False
 * /chave_seccionadora_task/aproxima_lateral/modo: ik
 * /chave_seccionadora_task/aproxima_lateral/offset_xyz_m: [-0.09, 0.008, 0.01]
 * /chave_seccionadora_task/aproxima_lateral/tol_xyz_m: [0.04, 0.008, 0.005]
 * /chave_seccionadora_task/arco1/blade_angle_deg: 15
 * /chave_seccionadora_task/arco1/deriva_eixo_max_m: 0.015
 * /chave_seccionadora_task/arco1/modo: wb
 * /chave_seccionadora_task/arco1/offset_xyz_m: [0.0, 0.0518, -0....
 * /chave_seccionadora_task/arco1/soltura_recuo_min_m: 0.04
 * /chave_seccionadora_task/arco1/tol_xyz_m: [0.04, 0.01, 0.015]
 * /chave_seccionadora_task/arco2/blade_angle_deg: 30
 * /chave_seccionadora_task/arco2/deriva_eixo_max_m: 0.015
 * /chave_seccionadora_task/arco2/modo: wb
 * /chave_seccionadora_task/arco2/offset_xyz_m: [0.0, 0.1, -0.0518]
 * /chave_seccionadora_task/arco2/tol_xyz_m: [0.04, 0.01, 0.015]
 * /chave_seccionadora_task/atravessa/modo: ik
 * /chave_seccionadora_task/atravessa/offset_xyz_m: [-0.008, 0.008, 0...
 * /chave_seccionadora_task/atravessa/tol_xyz_m: [0.008, 0.006, 0....
 * /chave_seccionadora_task/captura/modo: ik
 * /chave_seccionadora_task/captura/offset_xyz_m: [0.0, 0.0, -0.01]
 * /chave_seccionadora_task/captura/tol_xyz_m: [0.008, 0.006, 0.01]
 * /chave_seccionadora_task/desengata/modo: ik
 * /chave_seccionadora_task/desengata/offset_xyz_m: [-0.09, 0.1, -0.0...
 * /chave_seccionadora_task/destrava/curso_estagna_m: 0.01
 * /chave_seccionadora_task/destrava/curso_margem_m: 0.002
 * /chave_seccionadora_task/destrava/curso_min_m: 0.018
 * /chave_seccionadora_task/destrava/curso_teto_m: 0.022
 * /chave_seccionadora_task/destrava/modo: wb
 * /chave_seccionadora_task/destrava/offset_xyz_m: [0.0, 0.0, -0.025]
 * /chave_seccionadora_task/destrava/tol_xyz_m: [0.01, 0.006, 0.004]
 * /chave_seccionadora_task/libera/deriva_eixo_max_m: 0.015
 * /chave_seccionadora_task/libera/modo: wb
 * /chave_seccionadora_task/libera/offset_xyz_m: [0.0, 0.03, -0.025]
 * /chave_seccionadora_task/libera/tol_xyz_m: [0.04, 0.008, 0.006]
 * /chave_seccionadora_task/orienta/modo: ik
 * /chave_seccionadora_task/orienta/offset_xyz_m: [-0.09, 0.15, 0.0...
 * /chave_seccionadora_task/reassenta_sobe/tol_xyz_m: [0.03, 0.02, 0.005]
 * /chave_seccionadora_task/saida_eixo/tol_xyz_m: [0.02, 0.02, 0.015]
 * /chave_seccionadora_task/saida_fora/tol_xyz_m: [0.03, 0.02, 0.02]
 * /chave_seccionadora_task/saida_sobe/tol_xyz_m: [0.03, 0.02, 0.01]
 * /chave_seccionadora_task/target_frame: chave_olhal_link
 * /fuzzy_wb_controller/fixed_gains: []
 * /rosdistro: noetic
 * /rosversion: 1.17.4

NODES
  /
    chave_mission (b166er_whole_body_control/chave_mission.py)

[1mROS_MASTER_URI=http://localhost:11311[0m
]2;/home/marco/b166er/src/b166er_whole_body_control/launch/chave_mission.launch http://localhost:11311
[1mprocess[chave_mission-1]: started with pid [3711125][0m
[1m[chave_mission-1] process has finished cleanly
log file: /home/marco/.ros/log/899e01fe-c31c-11f1-ac84-b025aa85b2a2/chave_mission-1*.log[0m
all processes on machine have died, roslaunch will exit
shutting down processing monitor...
... shutting down processing monitor complete
[1mdone[0m
