Not searching for unused variables given on the command line.
[36m--[0m The C compiler identification is GNU 14.3.0
[36m--[0m The CXX compiler identification is GNU 14.3.0
[36m--[0m Detecting C compiler ABI info
[36m--[0m Detecting C compiler ABI info - done
[36m--[0m Check for working C compiler: /home/marco/miniforge3/envs/ros_env/bin/x86_64-conda-linux-gnu-cc - skipped
[36m--[0m Detecting C compile features
[36m--[0m Detecting C compile features - done
[36m--[0m Detecting CXX compiler ABI info
[36m--[0m Detecting CXX compiler ABI info - done
[36m--[0m Check for working CXX compiler: /home/marco/miniforge3/envs/ros_env/bin/x86_64-conda-linux-gnu-c++ - skipped
[36m--[0m Detecting CXX compile features
[36m--[0m Detecting CXX compile features - done
[36m--[0m Using CATKIN_DEVEL_PREFIX: /home/marco/b166er/devel/.private/catkin_tools_prebuild
[36m--[0m Using CMAKE_PREFIX_PATH: /home/marco/miniforge3/envs/ros_env;/home/marco/miniforge3/envs/ros_env/x86_64-conda-linux-gnu/sysroot/usr
[36m--[0m This workspace overlays: /home/marco/miniforge3/envs/ros_env
[33mCMake Warning (dev) at /home/marco/miniforge3/envs/ros_env/share/catkin/cmake/python.cmake:4 (find_package):
  Policy CMP0148 is not set: The FindPythonInterp and FindPythonLibs modules
  are removed.  Run "cmake --help-policy CMP0148" for policy details.  Use
  the cmake_policy command to set the policy and suppress this warning.

[36mCall Stack (most recent call first):[0m
  /home/marco/miniforge3/envs/ros_env/share/catkin/cmake/all.cmake:164 (include)
  /home/marco/miniforge3/envs/ros_env/share/catkin/cmake/catkinConfig.cmake:20 (include)
  CMakeLists.txt:4 (find_package)
This warning is for project developers.  Use -Wno-dev to suppress it.
[0m
[36m--[0m Found PythonInterp: /home/marco/miniforge3/envs/ros_env/bin/python3.11 (found suitable version "3.11.14", minimum required is "3.11")
[36m--[0m Using PYTHON_EXECUTABLE: /home/marco/miniforge3/envs/ros_env/bin/python3.11
[36m--[0m Using default Python package layout
[36m--[0m Found PY_em: /home/marco/miniforge3/envs/ros_env/lib/python3.11/site-packages/em.py
[36m--[0m Using empy: /home/marco/miniforge3/envs/ros_env/lib/python3.11/site-packages/em.py
[36m--[0m Using CATKIN_ENABLE_TESTING: ON
[36m--[0m Call enable_testing()
[36m--[0m Using CATKIN_TEST_RESULTS_DIR: /home/marco/b166er/build/catkin_tools_prebuild/test_results
[36m--[0m Found gtest: gtests will be built
[36m--[0m Using Python nosetests: /home/marco/miniforge3/envs/ros_env/bin/nosetests
[36m--[0m catkin 0.8.10
[36m--[0m BUILD_SHARED_LIBS is on
[36m--[0m Configuring done (2.0s)
[36m--[0m Generating done (0.0s)
[36m--[0m Build files have been written to: /home/marco/b166er/build/catkin_tools_prebuild
