Symlinking /home/marco/b166er/devel/./setup.zsh
Symlinking /home/marco/b166er/devel/./cmake.lock
Symlinking /home/marco/b166er/devel/./setup.sh
Symlinking /home/marco/b166er/devel/./local_setup.sh
Symlinking /home/marco/b166er/devel/./_setup_util.py
Symlinking /home/marco/b166er/devel/./setup.bash
Symlinking /home/marco/b166er/devel/./local_setup.bash
Symlinking /home/marco/b166er/devel/./env.sh
Symlinking /home/marco/b166er/devel/./local_setup.zsh
Symlinking /home/marco/b166er/devel/share/catkin_tools_prebuild/cmake/catkin_tools_prebuildConfig.cmake
Symlinking /home/marco/b166er/devel/share/catkin_tools_prebuild/cmake/catkin_tools_prebuildConfig-version.cmake
Symlinking /home/marco/b166er/devel/lib/pkgconfig/catkin_tools_prebuild.pc
Cleaning: (/Users/marcoreis/b166er/devel/.private/catkin_tools_prebuild/setup.sh, /Users/marcoreis/b166er/devel/./setup.sh)
Cleaning: (/Users/marcoreis/b166er/devel/.private/catkin_tools_prebuild/setup.zsh, /Users/marcoreis/b166er/devel/./setup.zsh)
Cleaning: (/Users/marcoreis/b166er/devel/.private/catkin_tools_prebuild/local_setup.sh, /Users/marcoreis/b166er/devel/./local_setup.sh)
Cleaning: (/Users/marcoreis/b166er/devel/.private/catkin_tools_prebuild/local_setup.zsh, /Users/marcoreis/b166er/devel/./local_setup.zsh)
Cleaning: (/Users/marcoreis/b166er/devel/.private/catkin_tools_prebuild/_setup_util.py, /Users/marcoreis/b166er/devel/./_setup_util.py)
Cleaning: (/Users/marcoreis/b166er/devel/.private/catkin_tools_prebuild/env.sh, /Users/marcoreis/b166er/devel/./env.sh)
Cleaning: (/Users/marcoreis/b166er/devel/.private/catkin_tools_prebuild/setup.bash, /Users/marcoreis/b166er/devel/./setup.bash)
Cleaning: (/Users/marcoreis/b166er/devel/.private/catkin_tools_prebuild/local_setup.bash, /Users/marcoreis/b166er/devel/./local_setup.bash)
Cleaning: (/Users/marcoreis/b166er/devel/.private/catkin_tools_prebuild/cmake.lock, /Users/marcoreis/b166er/devel/./cmake.lock)
Cleaning: (/Users/marcoreis/b166er/devel/.private/catkin_tools_prebuild/lib/pkgconfig/catkin_tools_prebuild.pc, /Users/marcoreis/b166er/devel/lib/pkgconfig/catkin_tools_prebuild.pc)
Cleaning: (/Users/marcoreis/b166er/devel/.private/catkin_tools_prebuild/share/catkin_tools_prebuild/cmake/catkin_tools_prebuildConfig-version.cmake, /Users/marcoreis/b166er/devel/share/catkin_tools_prebuild/cmake/catkin_tools_prebuildConfig-version.cmake)
Cleaning: (/Users/marcoreis/b166er/devel/.private/catkin_tools_prebuild/share/catkin_tools_prebuild/cmake/catkin_tools_prebuildConfig.cmake, /Users/marcoreis/b166er/devel/share/catkin_tools_prebuild/cmake/catkin_tools_prebuildConfig.cmake)
Unlinking: /Users/marcoreis/b166er/devel/./setup.sh
Already unlinked: {}
Unlinking: /Users/marcoreis/b166er/devel/./setup.zsh
Already unlinked: {}
Unlinking: /Users/marcoreis/b166er/devel/./local_setup.sh
Already unlinked: {}
Unlinking: /Users/marcoreis/b166er/devel/./local_setup.zsh
Already unlinked: {}
Unlinking: /Users/marcoreis/b166er/devel/./_setup_util.py
Already unlinked: {}
Unlinking: /Users/marcoreis/b166er/devel/./env.sh
Already unlinked: {}
Unlinking: /Users/marcoreis/b166er/devel/./setup.bash
Already unlinked: {}
Unlinking: /Users/marcoreis/b166er/devel/./local_setup.bash
Already unlinked: {}
Unlinking: /Users/marcoreis/b166er/devel/lib/pkgconfig/catkin_tools_prebuild.pc
Already unlinked: {}
Unlinking: /Users/marcoreis/b166er/devel/share/catkin_tools_prebuild/cmake/catkin_tools_prebuildConfig-version.cmake
Already unlinked: {}
Unlinking: /Users/marcoreis/b166er/devel/share/catkin_tools_prebuild/cmake/catkin_tools_prebuildConfig.cmake
Already unlinked: {}
