[31mWARNING: disk usage in log directory [/home/marco/.ros/log] is over 1GB.
It's recommended that you use the 'rosclean' command.[0m
the rosdep view is empty: call 'sudo rosdep init' and 'rosdep update'
[WARN] [1790811886.766370, 87.381000]: [mission] SEARCH: 4 de 25 amostras descartadas como outlier (>0.15 m ou >0.20 rad da mediana)
[INFO] [1790811865.126002, 66.054000]: garra_dx = 0.000 m (fechada)
[INFO] [1790811865.169631, 66.099000]: State machine starting in initial state 'STOW_INIT' with userdata: 
	[]
[INFO] [1790811865.372416, 66.301000]: [mission] pose de partida registrada: (0.00, 1.00, 0.00 rad)
[INFO] [1790811865.374003, 66.302000]: [mission] postura "stow_home" comandada: [0.0, 1.13, -1.04, -1.8, 0.0]
[INFO] [1790811865.475066, 66.403000]: State machine transitioning 'STOW_INIT':'ok'-->'SEARCH'
[INFO] [1790811865.478156, 66.406000]: [mission] postura "search" comandada: [0.0, 1.0, -1.0, 0.0, 0.0]
[INFO] [1790811871.575643, 72.408000]: [mission] SEARCH — girando à procura da tag...
[INFO] [1790811871.578598, 72.410000]: [mission] SEARCH: amostra quando a tag estiver a raio 0.35-0.50 do quadro (vista oblíqua; omega fina 0.15 rad/s)
[INFO] [1790811872.906592, 73.712000]: [mission] SEARCH: tag a raio 0.94 — girando até <= 0.50
[INFO] [1790811880.614482, 81.313000]: [mission] SEARCH: tag a raio 0.50 — parando
[INFO] [1790811880.616824, 81.315000]: [mission] tag avistada — parando para medir
[INFO] [1790811881.636395, 82.323000]: [mission] âncora engatada (coleta do SEARCH)
[INFO] [1790811881.637717, 82.324000]: [mission] SEARCH: coleta com dither ±0.05 rad/s (período 3.0 s)
[INFO] [1790811886.744629, 87.361000]: [mission] âncora solta — 9 correções de deriva
[INFO] [1790811886.747868, 87.364000]: [mission] SEARCH: âncora corrigiu a deriva 9 vez(es) durante a coleta
[INFO] [1790811886.767931, 87.384000]: [mission] SEARCH: 21 amostras — parede (0.029, 3.097, -0.001) yaw=2.860
[INFO] [1790811886.769013, 87.385000]: [mission] parede localizada em (0.029, 3.097, -0.001)
[INFO] [1790811886.772990, 87.389000]: State machine transitioning 'SEARCH':'found'-->'APPROACH'
[INFO] [1790811886.774629, 87.391000]: [mission] APPROACH etapa 1/2 — 1.30 m do olhal, alvo (-0.18, 1.67, 1.29 rad)
[INFO] [1790811886.776504, 87.393000]: [mission] teto por postura ativo no drive: v<=0.17 w<=0.50 rampa 0.45/1.52
[INFO] [1790811891.817766, 92.342000]: [mission] APPROACH: alinhado, avançando (0.86 m)
[INFO] [1790811891.919000, 92.442000]: [mission] teto por postura ativo no drive: v<=0.17 w<=0.50 rampa 0.45/1.52
[INFO] [1790811898.579938, 98.992000]: [mission] APPROACH: chegou, ajustando heading final
[INFO] [1790811898.631041, 99.042000]: [mission] teto por postura ativo no drive: v<=0.17 w<=0.50 rampa 0.45/1.52
[INFO] [1790811901.847722, 102.192000]: [mission] APPROACH: concluído
[INFO] [1790811902.874087, 103.196000]: [mission] âncora engatada (coleta do APPROACH/remedida)
[INFO] [1790811902.875111, 103.197000]: [mission] APPROACH/remedida: coleta com dither ±0.05 rad/s (período 3.0 s)
[INFO] [1790811904.019768, 104.323000]: [mission] âncora solta — 1 correções de deriva
[INFO] [1790811904.022120, 104.325000]: [mission] APPROACH/remedida: âncora corrigiu a deriva 1 vez(es) durante a coleta
[INFO] [1790811904.024707, 104.327000]: [mission] APPROACH/remedida: 10 amostras — parede (0.007, 3.002, -0.003) yaw=-3.130
[INFO] [1790811904.026615, 104.330000]: [mission] APPROACH etapa 2/2 — 0.88 m do olhal, alvo (0.39, 2.00, 1.58 rad)
[INFO] [1790811904.028430, 104.331000]: [mission] teto por postura ativo no drive: v<=0.17 w<=0.50 rampa 0.45/1.52
[INFO] [1790811908.819472, 109.031000]: [mission] APPROACH: alinhado, avançando (0.74 m)
[INFO] [1790811915.115082, 115.231000]: [mission] APPROACH: chegou, ajustando heading final
[INFO] [1790811915.164851, 115.281000]: [mission] teto por postura ativo no drive: v<=0.17 w<=0.50 rampa 0.45/1.52
[INFO] [1790811921.264354, 121.281000]: [mission] APPROACH: concluído
[INFO] [1790811921.267276, 121.284000]: State machine transitioning 'APPROACH':'arrived'-->'REFINE'
[INFO] [1790811921.268010, 121.284000]: [mission] REFINE — remedindo a parede de perto (10 amostras)
[INFO] [1790811921.269899, 121.286000]: [mission] âncora engatada (coleta do REFINE)
[INFO] [1790811921.270460, 121.287000]: [mission] REFINE: coleta com dither ±0.05 rad/s (período 3.0 s)
[INFO] [1790811922.420110, 122.404000]: [mission] âncora solta — 2 correções de deriva
[INFO] [1790811922.422668, 122.406000]: [mission] REFINE: âncora corrigiu a deriva 2 vez(es) durante a coleta
[INFO] [1790811922.426140, 122.408000]: [mission] REFINE: 10 amostras — parede (0.003, 3.005, -0.000) yaw=3.122
[INFO] [1790811922.428700, 122.412000]: [mission] REFINE: deslocou 0.005 m da estimativa anterior
[INFO] [1790811922.430332, 122.413000]: [mission] olhal estimado em (0.201, 2.871, 0.805)
[INFO] [1790811922.438719, 122.422000]: State machine transitioning 'REFINE':'ok'-->'DEPLOY'
[INFO] [1790811922.440763, 122.422000]: [mission] DEPLOY: IK resolvida para a POSE DE MANIPULAÇÃO (0.19, 2.25, 1.55 rad), não para a atual
[INFO] [1790811927.230286, 125.922000]: [mission] DEPLOY: IK nivelada 0.0710 m, só eixo 0.0014 m — a MISSÃO INTEIRA usa "eixo"
[INFO] [1790811927.233118, 127.209000]: [mission] DEPLOY: IK da ponta resolvida (resíduo 0.0014 m, degrau 0.4°) — pré-posicionando em [-10.9 -46.5  60.   78.5  79.1] graus
[INFO] [1790811934.240196, 134.110000]: [mission] plano de exclusão publicado: parede em [ 3.000e-03  3.005e+00 -0.000e+00], normal segura [-0.019 -1.     0.   ]
[INFO] [1790811934.453397, 134.318000]: [mission] teto por postura ativo no drive: v<=0.23 w<=0.50 rampa 0.52/1.64
[INFO] [1790811938.275609, 138.067000]: [mission] DEPLOY/aproxima: alinhado, avançando (0.44 m)
[INFO] [1790811942.339413, 142.067000]: [mission] DEPLOY/aproxima: chegou, ajustando heading final
[INFO] [1790811946.725694, 146.367000]: [mission] DEPLOY/aproxima: concluído
[INFO] [1790811946.727013, 146.367000]: State machine transitioning 'DEPLOY':'ok'-->'MANIPULATE'
[INFO] [1790811946.729267, 146.370000]: [mission] fase "orienta": modo IK iterativa (YAML)
[INFO] [1790811946.735371, 146.376000]: [mission] âncora engatada (fase "orienta")
[INFO] [1790811951.214403, 150.792000]: [mission] fase "orienta" it0: ponta (0.293, 2.719, 0.812) erro=0.0055 | degrau eixo 0.3° | rolagem 0.3° | IK pediu [-20.4 -21.    8.6 101.2  74.4] | faltou [0. 0. 0. 0. 0.] graus
[INFO] [1790811951.217200, 150.796000]: [mission] âncora solta — 1 correções de deriva
[INFO] [1790811951.218720, 150.797000]: [mission] fase "orienta" alcançada em 1 iteração(ões) (0.0055 m) — âncora corrigiu 1 vez(es)
[INFO] [1790811951.734867, 151.305000]: [mission] fase "aproxima_lateral": modo IK iterativa (YAML)
[INFO] [1790811951.740686, 151.310000]: [mission] âncora engatada (fase "aproxima_lateral")
[INFO] [1790811954.694706, 154.217000]: [mission] fase "aproxima_lateral" it0: ponta (0.291, 2.867, 0.809) erro=0.0081 | degrau eixo 5.9° | rolagem 5.9° | IK pediu [-16.6 -12.6  -0.   74.2  78.9] | faltou [ 0.  -0.4  0.1  0.6  0. ] graus
[INFO] [1790811954.698531, 154.221000]: [mission] fase "aproxima_lateral" it0: no frame da parede eixo=+0.6 prof=+5.9 alt=+5.6 mm (tolerância 40/8/5)
[INFO] [1790811956.156324, 155.654000]: [mission] fase "aproxima_lateral" it1: ponta (0.290, 2.859, 0.814) erro=0.0025 | degrau eixo 5.7° | rolagem 6.1° | IK pediu [-16.7 -12.5   0.   75.7  78.7] | faltou [ 0.  -0.1 -0.7 -1.2  0.1] graus
[INFO] [1790811956.159710, 155.657000]: [mission] fase "aproxima_lateral" it1: no frame da parede eixo=-0.1 prof=-2.4 alt=+0.8 mm (tolerância 40/8/5)
[INFO] [1790811956.160795, 155.659000]: [mission] âncora solta — 1 correções de deriva
[INFO] [1790811956.161724, 155.660000]: [mission] fase "aproxima_lateral" alcançada em 2 iteração(ões) (0.0025 m) — âncora corrigiu 1 vez(es)
[INFO] [1790811956.670748, 156.164000]: [mission] fase "atravessa": modo IK iterativa (YAML)
[INFO] [1790811956.676868, 156.169000]: [mission] âncora engatada (fase "atravessa")
[INFO] [1790811958.471874, 157.902000]: [mission] fase "atravessa" it0: ponta (0.210, 2.868, 0.810) erro=0.0069 | degrau eixo 2.5° | rolagem 2.8° | IK pediu [ -9.9 -13.5   0.   78.   84.8] | faltou [-0.1 -0.2 -0.4 -0.5 -0.3] graus
[INFO] [1790811958.476453, 157.906000]: [mission] fase "atravessa" it0: no frame da parede eixo=+1.1 prof=+4.7 alt=+4.9 mm (tolerância 8/6/5)
[INFO] [1790811958.479448, 157.909000]: [mission] fase "atravessa" alcançada em 1 iteração(ões) (0.0069 m)
[WARN] [1790811963.896460, 163.246000]: [mission] fase "destrava": descida estagnou em 13.2 mm (mín 10 para aceitar; alvo 18) — fim de curso do mecanismo, fechando a fase
[WARN] [1790811964.107864, 163.452000]: [mission] destrava: lingueta em 10.5 mm (esperado ≥ 12) — o gatilho pode não ter soltado
[WARN] [1790811978.900969, 177.947000]: [mission] RETRACT: ponta a 0.141 m do olhal — saindo em degraus: sobe 30 mm, 120 mm pelo eixo do furo, 100 mm para fora, antes de recolher
[INFO] [1790811959.000684, 158.417000]: [mission] fase "captura": modo IK iterativa (YAML)
[INFO] [1790811959.003888, 158.420000]: [mission] âncora engatada (fase "captura")
[INFO] [1790811960.429347, 159.824000]: [mission] fase "captura" it0: ponta (0.209, 2.873, 0.790) erro=0.0097 | degrau eixo 2.4° | rolagem 2.6° | IK pediu [ -9.2 -15.5  -0.1  78.   85.5] | faltou [-0.7 -0.3 -0.3 -0.3 -0.2] graus
[INFO] [1790811960.432454, 159.827000]: [mission] fase "captura" it0: no frame da parede eixo=+8.4 prof=+2.2 alt=+4.2 mm (tolerância 40/6/10)
[INFO] [1790811960.434121, 159.829000]: [mission] fase "captura" alcançada em 1 iteração(ões) (0.0097 m)
[INFO] [1790811960.442148, 159.837000]: [mission] captura: ponta registrada em eixo=-8.4 prof=-2.2 alt=-14.2 mm (zero da descida do destrava e da deriva de eixo)
[INFO] [1790811960.957912, 160.340000]: [mission] fase "destrava": alvo em altura relativo à captura: -34.2 mm (captura -14.2 − curso 18 − margem 2)
[INFO] [1790811960.958998, 160.341000]: [mission] fase "destrava": modo whole-body/Fuzzy (YAML)
[INFO] [1790811961.160919, 160.542000]: [mission] plano de exclusão publicado: parede em [ 3.000e-03  3.005e+00 -0.000e+00], normal segura [-0.019 -1.     0.   ]
[INFO] [1790811961.464221, 160.845000]: [mission] fase "destrava": whole-body assumiu (base livre, restrita pelo plano de exclusão)
[INFO] [1790811961.466353, 160.847000]: [mission] fase "destrava": whole-body a 0.0193 m do alvo — eixo=+8.5 prof=+2.4 alt=-17.1 mm
[INFO] [1790811963.592084, 162.946000]: [mission] fase "destrava": whole-body a 0.0109 m do alvo — eixo=+8.2 prof=-2.7 alt=-6.6 mm
[INFO] [1790811964.107107, 163.451000]: [mission] destrava: ponta desceu 13.5 mm desde a captura (critério observável) | lingueta 10.5 mm (só na simulação)
[INFO] [1790811964.635486, 163.953000]: [mission] fase "libera": modo whole-body/Fuzzy (YAML)
[INFO] [1790811964.847743, 164.156000]: [mission] plano de exclusão publicado: parede em [ 3.000e-03  3.005e+00 -0.000e+00], normal segura [-0.019 -1.     0.   ]
[INFO] [1790811965.160519, 164.461000]: [mission] fase "libera": whole-body assumiu (base livre, restrita pelo plano de exclusão)
[INFO] [1790811965.673060, 164.962000]: [mission] fase "libera": whole-body a 0.0234 m do alvo — eixo=+8.2 prof=+21.6 alt=+3.8 mm
[INFO] [1790811967.788946, 167.062000]: [mission] fase "libera": whole-body a 0.0218 m do alvo — eixo=+8.2 prof=+19.9 alt=+3.4 mm
[INFO] [1790811969.942230, 169.162000]: [mission] fase "libera": whole-body a 0.0123 m do alvo — eixo=+8.8 prof=-8.3 alt=-1.9 mm
[INFO] [1790811970.447395, 169.662000]: [mission] fase "libera" alcançada por whole-body em 5.2s (0.0092 m) — no frame da parede eixo=+8.7 prof=-2.2 alt=-2.0 mm (tolerância 40/8/6)
[INFO] [1790811971.173472, 170.369000]: [mission] fase "arco1"/puxa: RECUANDO 0.022 m só com as rodas
[INFO] [1790811971.636936, 170.820000]: [mission] fase "arco1"/puxa: concluído (0.024 m)
[INFO] [1790811971.637961, 170.821000]: [mission] fase "arco1": modo whole-body/Fuzzy (YAML)
[INFO] [1790811971.849865, 171.022000]: [mission] plano de exclusão publicado: parede em [ 3.000e-03  3.005e+00 -0.000e+00], normal segura [-0.019 -1.     0.   ]
[INFO] [1790811972.159146, 171.328000]: [mission] fase "arco1": whole-body assumiu (base livre, restrita pelo plano de exclusão)
[INFO] [1790811972.160719, 171.329000]: [mission] fase "arco1": whole-body a 0.0115 m do alvo — eixo=+9.0 prof=+7.2 alt=-1.0 mm
[INFO] [1790811972.563915, 171.729000]: [mission] fase "arco1" alcançada por whole-body em 0.4s (0.0096 m) — no frame da parede eixo=+9.1 prof=+3.0 alt=-0.9 mm (tolerância 40/10/15)
[INFO] [1790811972.564981, 171.730000]: [mission] arco1: SOLTURA observável — recuo 50.9 mm desde a captura (mín 40) com deriva de eixo -0.6 mm → SOLTA
[INFO] [1790811972.776158, 171.940000]: [mission] waypoint de 15° — lâmina medida em 15.2° (abertura por CONTATO)
[INFO] [1790811973.288119, 172.443000]: [mission] fase "arco2"/puxa: RECUANDO 0.048 m só com as rodas
[INFO] [1790811974.263262, 173.394000]: [mission] fase "arco2"/puxa: concluído (0.050 m)
[INFO] [1790811974.265174, 173.395000]: [mission] fase "arco2": modo whole-body/Fuzzy (YAML)
[INFO] [1790811974.474288, 173.599000]: [mission] plano de exclusão publicado: parede em [ 3.000e-03  3.005e+00 -0.000e+00], normal segura [-0.019 -1.     0.   ]
[INFO] [1790811974.787086, 173.905000]: [mission] fase "arco2": whole-body assumiu (base livre, restrita pelo plano de exclusão)
[INFO] [1790811974.789128, 173.907000]: [mission] fase "arco2": whole-body a 0.0152 m do alvo — eixo=+10.2 prof=-3.0 alt=-10.9 mm
[INFO] [1790811975.193584, 174.306000]: [mission] fase "arco2" alcançada por whole-body em 0.4s (0.0168 m) — no frame da parede eixo=+10.2 prof=-5.7 alt=-12.1 mm (tolerância 40/10/15)
[INFO] [1790811975.403365, 174.511000]: [mission] waypoint de 30° — lâmina medida em 30.8° (abertura por CONTATO)
[INFO] [1790811975.914417, 175.012000]: [mission] fase "desengata": modo IK iterativa (YAML)
[INFO] [1790811975.920707, 175.018000]: [mission] âncora engatada (fase "desengata")
[INFO] [1790811977.965908, 177.025000]: [mission] fase "desengata" it0: ponta (0.289, 2.777, 0.747) erro=0.0093 | degrau eixo 6.3° | rolagem 6.6° | IK pediu [-15.6 -19.5  -0.   78.   79.6] | faltou [-0.1  0.3 -1.6  0.2  0. ] graus
[INFO] [1790811977.969075, 177.029000]: [mission] fase "desengata" alcançada em 1 iteração(ões) (0.0093 m)
[INFO] [1790811978.491442, 177.542000]: [mission] MANIPULATE concluída — chave ABERTA, lâmina medida em 30.6°
[INFO] [1790811978.493848, 177.544000]: State machine transitioning 'MANIPULATE':'done'-->'RETRACT'
[INFO] [1790811978.906152, 177.952000]: [mission] âncora engatada (fase "saida_sobe")
[INFO] [1790811980.545366, 179.580000]: [mission] fase "saida_sobe" it0: ponta (0.290, 2.785, 0.771) erro=0.0088 | degrau eixo 6.2° | rolagem 6.4° | IK pediu [-15.6 -16.6  -0.   76.1  79.4] | faltou [ 0.  -0.3 -0.3 -0.4  0. ] graus
[INFO] [1790811980.548198, 179.583000]: [mission] fase "saida_sobe" it0: no frame da parede eixo=+0.7 prof=+6.5 alt=+5.9 mm (tolerância 30/20/10)
[INFO] [1790811980.549736, 179.585000]: [mission] fase "saida_sobe" alcançada em 1 iteração(ões) (0.0088 m)
[INFO] [1790811980.552304, 179.587000]: [mission] âncora engatada (fase "saida_eixo")
[INFO] [1790811982.489641, 181.492000]: [mission] fase "saida_eixo" it0: ponta (0.410, 2.783, 0.770) erro=0.0103 | degrau eixo 12.8° | rolagem 13.4° | IK pediu [-24.9 -14.2   0.   67.1  72.5] | faltou [ 0.  -0.3 -0.4 -0.5  0. ] graus
[INFO] [1790811982.494067, 181.496000]: [mission] fase "saida_eixo" it0: no frame da parede eixo=+0.3 prof=+7.3 alt=+7.3 mm (tolerância 20/20/15)
[INFO] [1790811982.497284, 181.500000]: [mission] fase "saida_eixo" alcançada em 1 iteração(ões) (0.0103 m)
[INFO] [1790811982.503441, 181.506000]: [mission] âncora engatada (fase "saida_fora")
[INFO] [1790811985.338669, 184.311000]: [mission] fase "saida_fora" it0: ponta (0.407, 2.683, 0.774) erro=0.0073 | degrau eixo 7.6° | rolagem 7.9° | IK pediu [-28.4 -20.   -0.   91.9  66. ] | faltou [ 0.1 -0.2 -0.3 -0.4  0. ] graus
[INFO] [1790811985.343860, 184.317000]: [mission] fase "saida_fora" it0: no frame da parede eixo=-0.4 prof=+6.5 alt=+3.3 mm (tolerância 30/20/20)
[INFO] [1790811985.346906, 184.320000]: [mission] âncora solta — 1 correções de deriva
[INFO] [1790811985.350570, 184.323000]: [mission] fase "saida_fora" alcançada em 1 iteração(ões) (0.0073 m) — âncora corrigiu 1 vez(es)
[INFO] [1790811985.353027, 184.325000]: [mission] RETRACT/afasta: RECUANDO 0.250 m só com as rodas
[INFO] [1790811989.831753, 188.728000]: [mission] RETRACT/afasta: concluído (0.250 m)
[INFO] [1790811989.834428, 188.730000]: [mission] postura "stow_home" comandada: [0.0, 1.13, -1.04, -1.8, 0.0]
[INFO] [1790812001.412328, 200.132000]: State machine transitioning 'RETRACT':'ok'-->'RETURN'
[INFO] [1790812001.415223, 200.135000]: [mission] RETURN — voltando a (0.00, 1.00, 0.00 rad)
[INFO] [1790812015.863292, 214.337000]: [mission] RETURN: alinhado, avançando (1.15 m)
[INFO] [1790812015.915564, 214.387000]: [mission] teto por postura ativo no drive: v<=0.23 w<=0.50 rampa 0.51/1.52
[INFO] [1790812024.653997, 222.987000]: [mission] RETURN: chegou, ajustando heading final
[INFO] [1790812024.705254, 223.037000]: [mission] teto por postura ativo no drive: v<=0.23 w<=0.50 rampa 0.51/1.52
[INFO] [1790812031.499324, 229.737000]: [mission] RETURN: concluído
[INFO] [1790812031.500997, 229.739000]: State machine terminating 'RETURN':'home':'MISSION_OK'
[INFO] [1790812031.502211, 229.740000]: [mission] resultado: MISSION_OK
... logging to /home/marco/.ros/log/b2d0ab7a-bd28-11f1-88a8-b025aa85b2a2/roslaunch-shiroi-2266652.log
Checking log directory for disk usage. This may take a while.
Press Ctrl-C to interrupt
]2;/home/marco/b166er/src/b166er_whole_body_control/launch/chave_mission.launch
[1mstarted roslaunch server http://shiroi:37857/[0m

SUMMARY
========

PARAMETERS
 * /chave_mission/estado_final: 
 * /chave_mission/estado_inicial: STOW_INIT
 * /chave_mission/pausa_por_fase: False
 * /chave_mission/search_omega: 0.35
 * /chave_mission/standoff_distance: 0.62
 * /chave_mission/use_wholebody: False
 * /chave_seccionadora_task/aproxima_lateral/modo: ik
 * /chave_seccionadora_task/aproxima_lateral/offset_xyz_m: [-0.09, 0.008, 0.01]
 * /chave_seccionadora_task/aproxima_lateral/tol_xyz_m: [0.04, 0.008, 0.005]
 * /chave_seccionadora_task/arco1/blade_angle_deg: 15
 * /chave_seccionadora_task/arco1/deriva_eixo_max_m: 0.015
 * /chave_seccionadora_task/arco1/modo: wb
 * /chave_seccionadora_task/arco1/offset_xyz_m: [0.0, 0.0518, -0....
 * /chave_seccionadora_task/arco1/soltura_recuo_min_m: 0.04
 * /chave_seccionadora_task/arco1/tol_xyz_m: [0.04, 0.01, 0.015]
 * /chave_seccionadora_task/arco2/blade_angle_deg: 30
 * /chave_seccionadora_task/arco2/deriva_eixo_max_m: 0.015
 * /chave_seccionadora_task/arco2/modo: wb
 * /chave_seccionadora_task/arco2/offset_xyz_m: [0.0, 0.1, -0.0518]
 * /chave_seccionadora_task/arco2/tol_xyz_m: [0.04, 0.01, 0.015]
 * /chave_seccionadora_task/atravessa/modo: ik
 * /chave_seccionadora_task/atravessa/offset_xyz_m: [-0.008, 0.008, 0...
 * /chave_seccionadora_task/atravessa/tol_xyz_m: [0.008, 0.006, 0....
 * /chave_seccionadora_task/captura/modo: ik
 * /chave_seccionadora_task/captura/offset_xyz_m: [0.0, 0.0, -0.01]
 * /chave_seccionadora_task/captura/tol_xyz_m: [0.04, 0.006, 0.01]
 * /chave_seccionadora_task/desengata/modo: ik
 * /chave_seccionadora_task/desengata/offset_xyz_m: [-0.09, 0.1, -0.0...
 * /chave_seccionadora_task/destrava/curso_estagna_m: 0.01
 * /chave_seccionadora_task/destrava/curso_margem_m: 0.002
 * /chave_seccionadora_task/destrava/curso_min_m: 0.018
 * /chave_seccionadora_task/destrava/curso_teto_m: 0.022
 * /chave_seccionadora_task/destrava/modo: wb
 * /chave_seccionadora_task/destrava/offset_xyz_m: [0.0, 0.0, -0.025]
 * /chave_seccionadora_task/destrava/tol_xyz_m: [0.04, 0.006, 0.004]
 * /chave_seccionadora_task/libera/deriva_eixo_max_m: 0.015
 * /chave_seccionadora_task/libera/modo: wb
 * /chave_seccionadora_task/libera/offset_xyz_m: [0.0, 0.03, -0.025]
 * /chave_seccionadora_task/libera/tol_xyz_m: [0.04, 0.008, 0.006]
 * /chave_seccionadora_task/orienta/modo: ik
 * /chave_seccionadora_task/orienta/offset_xyz_m: [-0.09, 0.15, 0.0...
 * /chave_seccionadora_task/reassenta_sobe/tol_xyz_m: [0.03, 0.02, 0.005]
 * /chave_seccionadora_task/saida_eixo/tol_xyz_m: [0.02, 0.02, 0.015]
 * /chave_seccionadora_task/saida_fora/tol_xyz_m: [0.03, 0.02, 0.02]
 * /chave_seccionadora_task/saida_sobe/tol_xyz_m: [0.03, 0.02, 0.01]
 * /chave_seccionadora_task/target_frame: chave_olhal_link
 * /fuzzy_wb_controller/fixed_gains: []
 * /rosdistro: noetic
 * /rosversion: 1.17.4

NODES
  /
    chave_mission (b166er_whole_body_control/chave_mission.py)

[1mROS_MASTER_URI=http://localhost:11311[0m
]2;/home/marco/b166er/src/b166er_whole_body_control/launch/chave_mission.launch http://localhost:11311
[1mprocess[chave_mission-1]: started with pid [2266698][0m
[1m[chave_mission-1] process has finished cleanly
log file: /home/marco/.ros/log/b2d0ab7a-bd28-11f1-88a8-b025aa85b2a2/chave_mission-1*.log[0m
all processes on machine have died, roslaunch will exit
shutting down processing monitor...
... shutting down processing monitor complete
[1mdone[0m
