Not searching for unused variables given on the command line.
[33mCMake Warning (dev) at CMakeLists.txt:1 (project):
  cmake_minimum_required() should be called prior to this top-level project()
  call.  Please see the cmake-commands(7) manual for usage documentation of
  both commands.
This warning is for project developers.  Use -Wno-dev to suppress it.
[0m
[36m--[0m The C compiler identification is Clang 18.1.8
[36m--[0m The CXX compiler identification is Clang 18.1.8
[36m--[0m Detecting C compiler ABI info
[36m--[0m Detecting C compiler ABI info - done
[36m--[0m Check for working C compiler: /Users/marcoreis/miniforge3/envs/ros_env11/bin/arm64-apple-darwin20.0.0-clang - skipped
[36m--[0m Detecting C compile features
[36m--[0m Detecting C compile features - done
[36m--[0m Detecting CXX compiler ABI info
[36m--[0m Detecting CXX compiler ABI info - done
[36m--[0m Check for working CXX compiler: /Users/marcoreis/miniforge3/envs/ros_env11/bin/arm64-apple-darwin20.0.0-clang++ - skipped
[36m--[0m Detecting CXX compile features
[36m--[0m Detecting CXX compile features - done
[36m--[0m Configuring done (1.3s)
[36m--[0m Generating done (0.0s)
[36m--[0m Build files have been written to: /Users/marcoreis/b166er/build/amr_robots_gazebo
