[31mWARNING: disk usage in log directory [/home/marco/.ros/log] is over 1GB.
It's recommended that you use the 'rosclean' command.[0m
the rosdep view is empty: call 'sudo rosdep init' and 'rosdep update'
[WARN] [1791383593.902758, 1607.913000]: [mission] SEARCH: 6 de 25 amostras descartadas como outlier (>0.15 m ou >0.20 rad da mediana)
[WARN] [1791383593.955234, 1607.966000]: [mission] SEARCH: laser discorda demais da tag (profundidade +85 mm, yaw +7.7°) — parede fica pela tag
[INFO] [1791383559.399711, 1573.847000]: garra_dx = 0.000 m (fechada)
[INFO] [1791383559.493372, 1573.941000]: State machine starting in initial state 'STOW_INIT' with userdata: 
	[]
[INFO] [1791383559.695395, 1574.142000]: [mission] pose de partida registrada: (0.01, 1.00, 0.00 rad)
[INFO] [1791383559.696831, 1574.143000]: [mission] postura "stow_home" comandada: [0.0, 1.13, -1.04, -1.8, 0.0]
[INFO] [1791383561.822089, 1576.244000]: State machine transitioning 'STOW_INIT':'ok'-->'SEARCH'
[INFO] [1791383561.823401, 1576.245000]: [mission] postura "search" comandada: [0.0, 1.0, -1.0, 0.0, 0.0]
[INFO] [1791383578.338918, 1592.546000]: [mission] SEARCH — girando à procura da tag...
[INFO] [1791383578.340896, 1592.548000]: [mission] SEARCH: amostra quando a tag estiver a raio 0.35-0.50 do quadro (vista oblíqua; omega fina 0.15 rad/s)
[INFO] [1791383580.232674, 1594.399000]: [mission] SEARCH: tag a raio 0.89 — girando até <= 0.50
[INFO] [1791383586.512754, 1600.601000]: [mission] SEARCH: tag a raio 0.50 — parando
[INFO] [1791383586.515641, 1600.604000]: [mission] tag avistada — parando para medir
[INFO] [1791383587.531010, 1601.611000]: [mission] âncora engatada (coleta do SEARCH)
[INFO] [1791383587.532267, 1601.613000]: [mission] SEARCH: coleta com dither ±0.05 rad/s (período 3.0 s)
[INFO] [1791383593.884390, 1607.896000]: [mission] âncora solta — 11 correções de deriva
[INFO] [1791383593.886729, 1607.898000]: [mission] SEARCH: âncora corrigiu a deriva 11 vez(es) durante a coleta
[INFO] [1791383593.904057, 1607.915000]: [mission] SEARCH: 19 amostras — parede (0.013, 3.091, -0.005) yaw=3.000
[INFO] [1791383593.956849, 1607.968000]: [mission] parede localizada em (0.013, 3.091, -0.005)
[INFO] [1791383593.964180, 1607.975000]: State machine transitioning 'SEARCH':'found'-->'APPROACH'
[INFO] [1791383593.967223, 1607.978000]: [mission] APPROACH etapa 1/2 — 1.30 m do olhal, alvo (0.01, 1.65, 1.43 rad)
[INFO] [1791383597.925753, 1611.880000]: [mission] APPROACH: alinhado, avançando (0.79 m)
[INFO] [1791383597.976300, 1611.930000]: [mission] teto por postura ativo no drive: v<=0.16 w<=0.50 rampa 0.44/1.51
[INFO] [1791383604.437284, 1618.280000]: [mission] APPROACH: chegou, ajustando heading final
[INFO] [1791383604.487976, 1618.330000]: [mission] teto por postura ativo no drive: v<=0.16 w<=0.50 rampa 0.44/1.52
[INFO] [1791383606.817531, 1620.630000]: [mission] APPROACH: concluído
[INFO] [1791383607.836329, 1621.635000]: [mission] âncora engatada (coleta do APPROACH/remedida)
[INFO] [1791383607.839219, 1621.638000]: [mission] APPROACH/remedida: coleta com dither ±0.05 rad/s (período 3.0 s)
[INFO] [1791383608.880342, 1622.667000]: [mission] âncora solta — 1 correções de deriva
[INFO] [1791383608.882564, 1622.669000]: [mission] APPROACH/remedida: âncora corrigiu a deriva 1 vez(es) durante a coleta
[INFO] [1791383608.884351, 1622.670000]: [mission] APPROACH/remedida: 10 amostras — parede (-0.002, 2.988, -0.001) yaw=-3.129
[INFO] [1791383608.938123, 1622.723000]: [mission] APPROACH/remedida: parede pelo LASER — 92 pontos, resíduo 5.3 mm: profundidade -9.5 mm e yaw -0.93° em relação à tag → parede (-0.002, 2.998, -0.001) yaw=3.138
[INFO] [1791383608.940026, 1622.725000]: [mission] APPROACH etapa 2/2 — 0.88 m do olhal, alvo (0.36, 1.99, 1.57 rad)
[INFO] [1791383613.405486, 1627.127000]: [mission] APPROACH: alinhado, avançando (0.54 m)
[INFO] [1791383613.455986, 1627.177000]: [mission] teto por postura ativo no drive: v<=0.17 w<=0.50 rampa 0.44/1.51
[INFO] [1791383618.377467, 1632.027000]: [mission] APPROACH: chegou, ajustando heading final
[INFO] [1791383624.504047, 1638.077000]: [mission] APPROACH: concluído
[INFO] [1791383624.508942, 1638.082000]: State machine transitioning 'APPROACH':'arrived'-->'REFINE'
[INFO] [1791383624.510278, 1638.083000]: [mission] REFINE — remedindo a parede de perto (10 amostras)
[INFO] [1791383624.512984, 1638.086000]: [mission] âncora engatada (coleta do REFINE)
[INFO] [1791383624.513954, 1638.087000]: [mission] REFINE: coleta com dither ±0.05 rad/s (período 3.0 s)
[INFO] [1791383625.658002, 1639.209000]: [mission] âncora solta — 1 correções de deriva
[INFO] [1791383625.660115, 1639.211000]: [mission] REFINE: âncora corrigiu a deriva 1 vez(es) durante a coleta
[INFO] [1791383625.662174, 1639.212000]: [mission] REFINE: 10 amostras — parede (0.002, 3.006, -0.000) yaw=3.119
[INFO] [1791383625.718745, 1639.265000]: [mission] REFINE: parede pelo LASER — 85 pontos, resíduo 4.6 mm: profundidade +5.3 mm e yaw +1.29° em relação à tag → parede (0.002, 3.001, -0.000) yaw=3.141
[INFO] [1791383625.721423, 1639.268000]: [mission] REFINE: deslocou 0.005 m da estimativa anterior
[INFO] [1791383625.724002, 1639.271000]: [mission] olhal estimado em (0.202, 2.871, 0.805)
[INFO] [1791383625.730914, 1639.278000]: State machine transitioning 'REFINE':'ok'-->'DEPLOY'
[INFO] [1791383625.734214, 1639.281000]: [mission] DEPLOY: IK resolvida para a POSE DE MANIPULAÇÃO (0.20, 2.25, 1.57 rad), não para a atual
[INFO] [1791383630.806816, 1644.136000]: [mission] DEPLOY: IK nivelada 0.0708 m, só eixo 0.0014 m — a MISSÃO INTEIRA usa "eixo"
[INFO] [1791383630.809134, 1644.336000]: [mission] DEPLOY: IK da ponta resolvida (resíduo 0.0014 m, degrau 0.4°) — pré-posicionando em [-10.9 -46.4  60.   78.4 -10.9] graus
[INFO] [1791383640.163807, 1653.537000]: [mission] plano de exclusão publicado: parede em [ 2.000e-03  3.001e+00 -0.000e+00], normal segura [-0. -1.  0.]
[INFO] [1791383640.372760, 1653.745000]: [mission] teto por postura ativo no drive: v<=0.26 w<=0.50 rampa 0.55/1.61
[INFO] [1791383645.229212, 1658.545000]: [mission] DEPLOY/aproxima: alinhado, avançando (0.40 m)
[INFO] [1791383649.278567, 1662.545000]: [mission] DEPLOY/aproxima: chegou, ajustando heading final
[INFO] [1791383653.676259, 1666.895000]: [mission] DEPLOY/aproxima: concluído
[INFO] [1791383653.678528, 1666.898000]: State machine transitioning 'DEPLOY':'ok'-->'MANIPULATE'
[INFO] [1791383653.680039, 1666.899000]: [mission] fase "orienta": modo IK iterativa (YAML)
[INFO] [1791383653.685330, 1666.904000]: [mission] âncora engatada (fase "orienta")
[INFO] [1791383658.263553, 1671.411000]: [mission] fase "orienta" it0: ponta (0.293, 2.731, 0.802) erro=0.0156 | degrau eixo 0.3° | rolagem 0.7° | IK pediu [-19.9 -21.2   9.  101.2 -15.7] | faltou [ 0.2 -0.9 -0.3 -0.3 -0.1] graus
[INFO] [1791383658.266741, 1671.414000]: [mission] âncora solta — 3 correções de deriva
[INFO] [1791383658.268870, 1671.417000]: [mission] fase "orienta" alcançada em 1 iteração(ões) (0.0156 m) — âncora corrigiu 3 vez(es)
[INFO] [1791383658.785253, 1671.923000]: [mission] fase "aproxima_lateral": modo IK iterativa (YAML)
[INFO] [1791383658.790190, 1671.928000]: [mission] âncora engatada (fase "aproxima_lateral")
[INFO] [1791383663.039505, 1676.118000]: [mission] fase "aproxima_lateral" it0: ponta (0.289, 2.871, 0.802) erro=0.0152 | degrau eixo 5.7° | rolagem 6.0° | IK pediu [-16.6 -12.7  -0.   75.9 -11.4] | faltou [ 0.2 -0.7 -0.5 -0.4  0.3] graus
[INFO] [1791383663.043203, 1676.122000]: [mission] fase "aproxima_lateral" it0: no frame da parede eixo=-3.4 prof=+8.1 alt=+12.5 mm (tolerância 40/8/5)
[INFO] [1791383668.538838, 1681.531000]: [mission] fase "aproxima_lateral" it1: ponta (0.294, 2.851, 0.824) erro=0.0151 | degrau eixo 5.4° | rolagem 5.1° | IK pediu [-17.1 -12.1   0.   77.4 -11.9] | faltou [-0.  -0.3  0.4  1.   0.2] graus
[INFO] [1791383668.541862, 1681.535000]: [mission] fase "aproxima_lateral" it1: no frame da parede eixo=+1.9 prof=-12.2 alt=-8.7 mm (tolerância 40/8/5)
[INFO] [1791383670.943284, 1683.916000]: [mission] fase "aproxima_lateral" it2: ponta (0.291, 2.870, 0.815) erro=0.0076 | degrau eixo 5.7° | rolagem 5.8° | IK pediu [-16.8 -12.3  -0.   75.3 -11.4] | faltou [0. 0. 0. 0. 0.] graus
[INFO] [1791383670.945925, 1683.919000]: [mission] fase "aproxima_lateral" it2: no frame da parede eixo=-1.4 prof=+7.4 alt=-0.1 mm (tolerância 40/8/5)
[INFO] [1791383670.947661, 1683.921000]: [mission] âncora solta — 7 correções de deriva
[INFO] [1791383670.949398, 1683.923000]: [mission] fase "aproxima_lateral" alcançada em 3 iteração(ões) (0.0076 m) — âncora corrigiu 7 vez(es)
[WARN] [1791383686.095734, 1698.814000]: [mission] fase "destrava": descida estagnou em 16.3 mm (mín 10 para aceitar; alvo 18) — fim de curso do mecanismo, fechando a fase
[WARN] [1791383686.304350, 1699.022000]: [mission] destrava: lingueta em 10.7 mm (esperado ≥ 12) — o gatilho pode não ter soltado
[WARN] [1791383733.417459, 1745.519000]: [mission] RETRACT: ponta a 0.146 m do olhal — saindo em degraus: sobe 30 mm, 120 mm pelo eixo do furo, 100 mm para fora, antes de recolher
[ERROR] [1791383763.938243, 1775.627000]: [mission] postura não atingida em 30s
[WARN] [1791383763.940524, 1775.629000]: [mission] RETRACT: degrau "saida_sobe" não fechou — seguindo para o próximo
[INFO] [1791383671.460819, 1684.427000]: [mission] fase "atravessa": modo IK iterativa (YAML)
[INFO] [1791383671.467041, 1684.433000]: [mission] âncora engatada (fase "atravessa")
[INFO] [1791383674.554435, 1687.468000]: [mission] fase "atravessa" it0: ponta (0.209, 2.868, 0.808) erro=0.0093 | degrau eixo 2.3° | rolagem 2.3° | IK pediu [-10.  -13.8   0.1  80.3  -5.4] | faltou [ 0.1 -0.3 -0.3 -0.3  0.2] graus
[INFO] [1791383674.557702, 1687.472000]: [mission] fase "atravessa" it0: no frame da parede eixo=-1.1 prof=+5.6 alt=+7.3 mm (tolerância 8/6/5)
[INFO] [1791383677.011659, 1689.877000]: [mission] fase "atravessa" it1: ponta (0.209, 2.867, 0.811) erro=0.0063 | degrau eixo 2.2° | rolagem 2.7° | IK pediu [-10.1 -13.4   0.1  81.5  -5.6] | faltou [ 0.2 -0.2 -0.7 -1.2 -0.4] graus
[INFO] [1791383677.013776, 1689.879000]: [mission] fase "atravessa" it1: no frame da parede eixo=-1.0 prof=+4.5 alt=+4.3 mm (tolerância 8/6/5)
[INFO] [1791383677.015298, 1689.881000]: [mission] âncora solta — 2 correções de deriva
[INFO] [1791383677.017430, 1689.883000]: [mission] fase "atravessa" alcançada em 2 iteração(ões) (0.0063 m) — âncora corrigiu 2 vez(es)
[INFO] [1791383677.534112, 1690.388000]: [mission] fase "captura": modo IK iterativa (YAML)
[INFO] [1791383677.537444, 1690.391000]: [mission] âncora engatada (fase "captura")
[INFO] [1791383682.943534, 1695.694000]: [mission] fase "captura" it0: ponta (0.209, 2.872, 0.792) erro=0.0071 | degrau eixo 2.2° | rolagem 2.2° | IK pediu [ -9.3 -15.8  -0.1  80.7  -4.7] | faltou [-0.6 -0.   0.   0.   0.1] graus
[INFO] [1791383682.945353, 1695.696000]: [mission] fase "captura" it0: no frame da parede eixo=+6.4 prof=+1.5 alt=+2.7 mm (tolerância 40/6/10)
[INFO] [1791383682.946590, 1695.697000]: [mission] âncora solta — 2 correções de deriva
[INFO] [1791383682.947599, 1695.698000]: [mission] fase "captura" alcançada em 1 iteração(ões) (0.0071 m) — âncora corrigiu 2 vez(es)
[INFO] [1791383682.952609, 1695.703000]: [mission] captura: ponta registrada em eixo=-6.4 prof=-1.6 alt=-12.7 mm (zero da descida do destrava e da deriva de eixo)
[INFO] [1791383683.461649, 1696.204000]: [mission] fase "destrava": alvo em altura relativo à captura: -32.7 mm (captura -12.7 − curso 18 − margem 2)
[INFO] [1791383683.463299, 1696.205000]: [mission] fase "destrava": modo whole-body/Fuzzy (YAML)
[INFO] [1791383683.673936, 1696.408000]: [mission] plano de exclusão publicado: parede em [ 2.000e-03  3.001e+00 -0.000e+00], normal segura [-0. -1.  0.]
[INFO] [1791383683.983449, 1696.713000]: [mission] fase "destrava": whole-body assumiu (base livre, restrita pelo plano de exclusão)
[INFO] [1791383683.985125, 1696.714000]: [mission] fase "destrava": whole-body a 0.0172 m do alvo — eixo=+6.4 prof=+1.5 alt=-15.9 mm
[INFO] [1791383686.303332, 1699.021000]: [mission] destrava: ponta desceu 16.2 mm desde a captura (critério observável) | lingueta 10.7 mm (só na simulação)
[INFO] [1791383686.821254, 1699.523000]: [mission] fase "libera": modo whole-body/Fuzzy (YAML)
[INFO] [1791383687.030266, 1699.725000]: [mission] plano de exclusão publicado: parede em [ 2.000e-03  3.001e+00 -0.000e+00], normal segura [-0. -1.  0.]
[INFO] [1791383687.336933, 1700.028000]: [mission] fase "libera": whole-body assumiu (base livre, restrita pelo plano de exclusão)
[INFO] [1791383687.338128, 1700.029000]: [mission] fase "libera": whole-body a 0.0261 m do alvo — eixo=+6.1 prof=+25.1 alt=+4.0 mm
[INFO] [1791383689.490484, 1702.128000]: [mission] fase "libera": whole-body a 0.0264 m do alvo — eixo=+6.1 prof=+24.7 alt=+6.9 mm
[INFO] [1791383691.615920, 1704.228000]: [mission] fase "libera": whole-body a 0.0267 m do alvo — eixo=+6.1 prof=+25.0 alt=+7.3 mm
[INFO] [1791383693.724646, 1706.328000]: [mission] fase "libera": whole-body a 0.0239 m do alvo — eixo=+6.1 prof=+21.6 alt=+8.1 mm
[INFO] [1791383695.844390, 1708.428000]: [mission] fase "libera": whole-body a 0.0172 m do alvo — eixo=+7.8 prof=+13.7 alt=+6.9 mm
[INFO] [1791383697.958505, 1710.528000]: [mission] fase "libera": whole-body a 0.0127 m do alvo — eixo=+7.6 prof=+8.6 alt=+5.3 mm
[INFO] [1791383698.863117, 1711.428000]: [mission] fase "libera" alcançada por whole-body em 11.4s (0.0104 m) — no frame da parede eixo=+6.6 prof=+6.8 alt=+4.4 mm (tolerância 40/8/6)
[INFO] [1791383699.584726, 1712.134000]: [mission] fase "arco1"/puxa: RECUANDO 0.022 m só com as rodas
[INFO] [1791383700.061631, 1712.586000]: [mission] fase "arco1"/puxa: concluído (0.024 m)
[INFO] [1791383700.062617, 1712.587000]: [mission] fase "arco1": modo whole-body/Fuzzy (YAML)
[INFO] [1791383700.261889, 1712.789000]: [mission] plano de exclusão publicado: parede em [ 2.000e-03  3.001e+00 -0.000e+00], normal segura [-0. -1.  0.]
[INFO] [1791383700.570668, 1713.094000]: [mission] fase "arco1": whole-body assumiu (base livre, restrita pelo plano de exclusão)
[INFO] [1791383700.572080, 1713.095000]: [mission] fase "arco1": whole-body a 0.0107 m do alvo — eixo=+6.2 prof=-6.3 alt=-6.1 mm
[INFO] [1791383700.973843, 1713.495000]: [mission] fase "arco1" alcançada por whole-body em 0.4s (0.0102 m) — no frame da parede eixo=+6.2 prof=-7.3 alt=-3.3 mm (tolerância 40/10/15)
[INFO] [1791383700.974963, 1713.496000]: [mission] arco1: SOLTURA observável — recuo 60.7 mm desde a captura (mín 40) com deriva de eixo +0.2 mm → SOLTA
[INFO] [1791383701.188871, 1713.707000]: [mission] waypoint de 15° — lâmina medida em 15.2° (abertura por CONTATO)
[INFO] [1791383701.698276, 1714.208000]: [mission] fase "arco2"/puxa: RECUANDO 0.048 m só com as rodas
[INFO] [1791383702.668777, 1715.160000]: [mission] fase "arco2"/puxa: concluído (0.052 m)
[INFO] [1791383702.670953, 1715.162000]: [mission] fase "arco2": modo whole-body/Fuzzy (YAML)
[INFO] [1791383702.882102, 1715.366000]: [mission] plano de exclusão publicado: parede em [ 2.000e-03  3.001e+00 -0.000e+00], normal segura [-0. -1.  0.]
[INFO] [1791383703.194510, 1715.672000]: [mission] fase "arco2": whole-body assumiu (base livre, restrita pelo plano de exclusão)
[INFO] [1791383703.196063, 1715.673000]: [mission] fase "arco2": whole-body a 0.0196 m do alvo — eixo=+7.1 prof=-10.1 alt=-15.2 mm
[INFO] [1791383705.311204, 1717.773000]: [mission] fase "arco2": whole-body a 0.0122 m do alvo — eixo=+6.1 prof=-9.5 alt=-4.5 mm
[INFO] [1791383705.713304, 1718.173000]: [mission] fase "arco2" alcançada por whole-body em 2.5s (0.0126 m) — no frame da parede eixo=+6.1 prof=-9.9 alt=-5.1 mm (tolerância 40/10/15)
[INFO] [1791383705.922276, 1718.380000]: [mission] waypoint de 30° — lâmina medida em 31.6° (abertura por CONTATO)
[INFO] [1791383706.429768, 1718.881000]: [mission] fase "desengata": modo IK iterativa (YAML)
[INFO] [1791383706.437835, 1718.889000]: [mission] âncora engatada (fase "desengata")
[INFO] [1791383732.477985, 1744.595000]: [mission] fase "desengata" it0: ponta (0.292, 2.771, 0.744) erro=0.0088 | degrau eixo 6.5° | rolagem 6.6° | IK pediu [-15.1 -18.6  -0.   74.9  -9.9] | faltou [ -0.1   4.3 -12.    6.7   0.2] graus
[INFO] [1791383732.483000, 1744.599000]: [mission] âncora solta — 23 correções de deriva
[INFO] [1791383732.485069, 1744.602000]: [mission] fase "desengata" alcançada em 1 iteração(ões) (0.0088 m) — âncora corrigiu 23 vez(es)
[INFO] [1791383733.005739, 1745.115000]: [mission] MANIPULATE concluída — chave ABERTA, lâmina medida em 31.7°
[INFO] [1791383733.007158, 1745.117000]: State machine transitioning 'MANIPULATE':'done'-->'RETRACT'
[INFO] [1791383733.422628, 1745.524000]: [mission] âncora engatada (fase "saida_sobe")
[INFO] [1791383763.944692, 1775.633000]: [mission] âncora engatada (fase "saida_eixo")
[INFO] [1791383778.925692, 1790.437000]: [mission] fase "saida_eixo" it0: ponta (0.410, 2.769, 0.770) erro=0.0062 | degrau eixo 13.0° | rolagem 12.7° | IK pediu [-24.5 -14.    0.   65.3 -16.8] | faltou [ 0.1  3.  -8.6  6.   0.1] graus
[INFO] [1791383778.927341, 1790.439000]: [mission] fase "saida_eixo" it0: no frame da parede eixo=-2.5 prof=-3.8 alt=+4.3 mm (tolerância 20/20/15)
[INFO] [1791383778.928284, 1790.440000]: [mission] âncora solta — 7 correções de deriva
[INFO] [1791383778.929161, 1790.441000]: [mission] fase "saida_eixo" alcançada em 1 iteração(ões) (0.0062 m) — âncora corrigiu 7 vez(es)
[INFO] [1791383778.931680, 1790.443000]: [mission] âncora engatada (fase "saida_fora")
[INFO] [1791383782.069884, 1793.546000]: [mission] fase "saida_fora" it0: ponta (0.411, 2.670, 0.770) erro=0.0047 | degrau eixo 8.3° | rolagem 8.2° | IK pediu [-27.8 -20.1   0.   89.6 -22.9] | faltou [-0.1 -0.4  0.1  0.6 -0.2] graus
[INFO] [1791383782.072605, 1793.549000]: [mission] fase "saida_fora" it0: no frame da parede eixo=-0.8 prof=-2.5 alt=+3.9 mm (tolerância 30/20/20)
[INFO] [1791383782.074633, 1793.551000]: [mission] fase "saida_fora" alcançada em 1 iteração(ões) (0.0047 m)
[INFO] [1791383782.075869, 1793.552000]: [mission] RETRACT/afasta: RECUANDO 0.250 m só com as rodas
[INFO] [1791383786.798669, 1798.203000]: [mission] RETRACT/afasta: concluído (0.251 m)
[INFO] [1791383786.800670, 1798.205000]: [mission] postura "stow_home" comandada: [0.0, 1.13, -1.04, -1.8, 0.0]
[INFO] [1791383799.811324, 1811.007000]: State machine transitioning 'RETRACT':'ok'-->'RETURN'
[INFO] [1791383799.813308, 1811.009000]: [mission] RETURN — voltando a (0.01, 1.00, 0.00 rad)
[INFO] [1791383814.756223, 1825.761000]: [mission] RETURN: alinhado, avançando (0.97 m)
[INFO] [1791383814.807261, 1825.811000]: [mission] teto por postura ativo no drive: v<=0.25 w<=0.50 rampa 0.54/1.49
[INFO] [1791383822.457923, 1833.361000]: [mission] RETURN: chegou, ajustando heading final
[INFO] [1791383822.508316, 1833.411000]: [mission] teto por postura ativo no drive: v<=0.25 w<=0.50 rampa 0.54/1.50
[INFO] [1791383829.130404, 1839.961000]: [mission] RETURN: concluído
[INFO] [1791383829.134201, 1839.964000]: State machine terminating 'RETURN':'home':'MISSION_OK'
[INFO] [1791383829.136883, 1839.967000]: [mission] resultado: MISSION_OK
... logging to /home/marco/.ros/log/35efb684-c258-11f1-a7ee-b025aa85b2a2/roslaunch-shiroi-3144814.log
Checking log directory for disk usage. This may take a while.
Press Ctrl-C to interrupt
]2;/home/marco/b166er/src/b166er_whole_body_control/launch/chave_mission.launch
[1mstarted roslaunch server http://shiroi:34007/[0m

SUMMARY
========

PARAMETERS
 * /chave_mission/estado_final: 
 * /chave_mission/estado_inicial: STOW_INIT
 * /chave_mission/pausa_por_fase: False
 * /chave_mission/search_omega: 0.35
 * /chave_mission/standoff_distance: 0.62
 * /chave_mission/use_wholebody: False
 * /chave_seccionadora_task/aproxima_lateral/modo: ik
 * /chave_seccionadora_task/aproxima_lateral/offset_xyz_m: [-0.09, 0.008, 0.01]
 * /chave_seccionadora_task/aproxima_lateral/tol_xyz_m: [0.04, 0.008, 0.005]
 * /chave_seccionadora_task/arco1/blade_angle_deg: 15
 * /chave_seccionadora_task/arco1/deriva_eixo_max_m: 0.015
 * /chave_seccionadora_task/arco1/modo: wb
 * /chave_seccionadora_task/arco1/offset_xyz_m: [0.0, 0.0518, -0....
 * /chave_seccionadora_task/arco1/soltura_recuo_min_m: 0.04
 * /chave_seccionadora_task/arco1/tol_xyz_m: [0.04, 0.01, 0.015]
 * /chave_seccionadora_task/arco2/blade_angle_deg: 30
 * /chave_seccionadora_task/arco2/deriva_eixo_max_m: 0.015
 * /chave_seccionadora_task/arco2/modo: wb
 * /chave_seccionadora_task/arco2/offset_xyz_m: [0.0, 0.1, -0.0518]
 * /chave_seccionadora_task/arco2/tol_xyz_m: [0.04, 0.01, 0.015]
 * /chave_seccionadora_task/atravessa/modo: ik
 * /chave_seccionadora_task/atravessa/offset_xyz_m: [-0.008, 0.008, 0...
 * /chave_seccionadora_task/atravessa/tol_xyz_m: [0.008, 0.006, 0....
 * /chave_seccionadora_task/captura/modo: ik
 * /chave_seccionadora_task/captura/offset_xyz_m: [0.0, 0.0, -0.01]
 * /chave_seccionadora_task/captura/tol_xyz_m: [0.04, 0.006, 0.01]
 * /chave_seccionadora_task/desengata/modo: ik
 * /chave_seccionadora_task/desengata/offset_xyz_m: [-0.09, 0.1, -0.0...
 * /chave_seccionadora_task/destrava/curso_estagna_m: 0.01
 * /chave_seccionadora_task/destrava/curso_margem_m: 0.002
 * /chave_seccionadora_task/destrava/curso_min_m: 0.018
 * /chave_seccionadora_task/destrava/curso_teto_m: 0.022
 * /chave_seccionadora_task/destrava/modo: wb
 * /chave_seccionadora_task/destrava/offset_xyz_m: [0.0, 0.0, -0.025]
 * /chave_seccionadora_task/destrava/tol_xyz_m: [0.04, 0.006, 0.004]
 * /chave_seccionadora_task/libera/deriva_eixo_max_m: 0.015
 * /chave_seccionadora_task/libera/modo: wb
 * /chave_seccionadora_task/libera/offset_xyz_m: [0.0, 0.03, -0.025]
 * /chave_seccionadora_task/libera/tol_xyz_m: [0.04, 0.008, 0.006]
 * /chave_seccionadora_task/orienta/modo: ik
 * /chave_seccionadora_task/orienta/offset_xyz_m: [-0.09, 0.15, 0.0...
 * /chave_seccionadora_task/reassenta_sobe/tol_xyz_m: [0.03, 0.02, 0.005]
 * /chave_seccionadora_task/saida_eixo/tol_xyz_m: [0.02, 0.02, 0.015]
 * /chave_seccionadora_task/saida_fora/tol_xyz_m: [0.03, 0.02, 0.02]
 * /chave_seccionadora_task/saida_sobe/tol_xyz_m: [0.03, 0.02, 0.01]
 * /chave_seccionadora_task/target_frame: chave_olhal_link
 * /fuzzy_wb_controller/fixed_gains: []
 * /rosdistro: noetic
 * /rosversion: 1.17.4

NODES
  /
    chave_mission (b166er_whole_body_control/chave_mission.py)

[1mROS_MASTER_URI=http://localhost:11311[0m
]2;/home/marco/b166er/src/b166er_whole_body_control/launch/chave_mission.launch http://localhost:11311
[1mprocess[chave_mission-1]: started with pid [3144858][0m
[1m[chave_mission-1] process has finished cleanly
log file: /home/marco/.ros/log/35efb684-c258-11f1-a7ee-b025aa85b2a2/chave_mission-1*.log[0m
all processes on machine have died, roslaunch will exit
shutting down processing monitor...
... shutting down processing monitor complete
[1mdone[0m
