[31mWARNING: disk usage in log directory [/home/marco/.ros/log] is over 1GB.
It's recommended that you use the 'rosclean' command.[0m
the rosdep view is empty: call 'sudo rosdep init' and 'rosdep update'
[WARN] [1790816431.527599, 303.462000]: [mission] SEARCH: 5 de 25 amostras descartadas como outlier (>0.15 m ou >0.20 rad da mediana)
[WARN] [1790816431.580420, 303.516000]: [mission] SEARCH: laser com só 15 pontos de parede (mín 30) — parede fica pela tag
[INFO] [1790816411.064883, 283.310000]: garra_dx = 0.000 m (fechada)
[INFO] [1790816411.189084, 283.432000]: State machine starting in initial state 'STOW_INIT' with userdata: 
	[]
[INFO] [1790816411.493238, 283.732000]: [mission] pose de partida registrada: (0.00, 1.00, 0.01 rad)
[INFO] [1790816411.495773, 283.734000]: [mission] postura "stow_home" comandada: [0.0, 1.13, -1.04, -1.8, 0.0]
[INFO] [1790816411.600175, 283.837000]: State machine transitioning 'STOW_INIT':'ok'-->'SEARCH'
[INFO] [1790816411.603725, 283.840000]: [mission] postura "search" comandada: [0.0, 1.0, -1.0, 0.0, 0.0]
[INFO] [1790816417.693666, 289.845000]: [mission] SEARCH — girando à procura da tag...
[INFO] [1790816417.695011, 289.846000]: [mission] SEARCH: amostra quando a tag estiver a raio 0.35-0.50 do quadro (vista oblíqua; omega fina 0.15 rad/s)
[INFO] [1790816418.963329, 291.097000]: [mission] SEARCH: tag a raio 0.94 — girando até <= 0.50
[INFO] [1790816427.037236, 299.049000]: [mission] SEARCH: tag a raio 0.50 — parando
[INFO] [1790816427.040868, 299.052000]: [mission] tag avistada — parando para medir
[INFO] [1790816428.067487, 300.064000]: [mission] âncora engatada (coleta do SEARCH)
[INFO] [1790816428.070444, 300.067000]: [mission] SEARCH: coleta com dither ±0.05 rad/s (período 3.0 s)
[INFO] [1790816431.511976, 303.447000]: [mission] âncora solta — 6 correções de deriva
[INFO] [1790816431.513470, 303.449000]: [mission] SEARCH: âncora corrigiu a deriva 6 vez(es) durante a coleta
[INFO] [1790816431.529210, 303.465000]: [mission] SEARCH: 20 amostras — parede (0.027, 3.101, -0.001) yaw=2.868
[INFO] [1790816431.582320, 303.518000]: [mission] parede localizada em (0.027, 3.101, -0.001)
[INFO] [1790816431.590436, 303.526000]: State machine transitioning 'SEARCH':'found'-->'APPROACH'
[INFO] [1790816431.593114, 303.529000]: [mission] APPROACH etapa 1/2 — 1.30 m do olhal, alvo (-0.17, 1.67, 1.30 rad)
[INFO] [1790816436.877638, 308.731000]: [mission] APPROACH: alinhado, avançando (0.88 m)
[INFO] [1790816436.928997, 308.781000]: [mission] teto por postura ativo no drive: v<=0.17 w<=0.50 rampa 0.45/1.52
[INFO] [1790816443.647229, 315.381000]: [mission] APPROACH: chegou, ajustando heading final
[INFO] [1790816443.697939, 315.431000]: [mission] teto por postura ativo no drive: v<=0.17 w<=0.50 rampa 0.45/1.52
[INFO] [1790816446.740844, 318.431000]: [mission] APPROACH: concluído
[INFO] [1790816447.754275, 319.435000]: [mission] âncora engatada (coleta do APPROACH/remedida)
[INFO] [1790816447.756035, 319.437000]: [mission] APPROACH/remedida: coleta com dither ±0.05 rad/s (período 3.0 s)
[INFO] [1790816448.910367, 320.578000]: [mission] âncora solta — 3 correções de deriva
[INFO] [1790816448.912988, 320.580000]: [mission] APPROACH/remedida: âncora corrigiu a deriva 3 vez(es) durante a coleta
[INFO] [1790816448.917864, 320.584000]: [mission] APPROACH/remedida: 10 amostras — parede (0.003, 3.000, -0.003) yaw=-3.133
[INFO] [1790816448.970505, 320.637000]: [mission] APPROACH/remedida: parede pelo LASER — 97 pontos, resíduo 4.9 mm: profundidade +1.0 mm e yaw -0.47° em relação à tag → parede (0.003, 2.999, -0.003) yaw=-3.141
[INFO] [1790816448.972879, 320.640000]: [mission] APPROACH etapa 2/2 — 0.88 m do olhal, alvo (0.37, 1.99, 1.57 rad)
[INFO] [1790816454.468875, 326.042000]: [mission] APPROACH: alinhado, avançando (0.73 m)
[INFO] [1790816454.519750, 326.092000]: [mission] teto por postura ativo no drive: v<=0.17 w<=0.50 rampa 0.45/1.52
[INFO] [1790816460.654837, 332.142000]: [mission] APPROACH: chegou, ajustando heading final
[INFO] [1790816460.706561, 332.192000]: [mission] teto por postura ativo no drive: v<=0.17 w<=0.50 rampa 0.45/1.52
[INFO] [1790816467.412013, 338.792000]: [mission] APPROACH: concluído
[INFO] [1790816467.419962, 338.798000]: State machine transitioning 'APPROACH':'arrived'-->'REFINE'
[INFO] [1790816467.421044, 338.799000]: [mission] REFINE — remedindo a parede de perto (10 amostras)
[INFO] [1790816467.426926, 338.802000]: [mission] âncora engatada (coleta do REFINE)
[INFO] [1790816467.427592, 338.803000]: [mission] REFINE: coleta com dither ±0.05 rad/s (período 3.0 s)
[INFO] [1790816468.566335, 339.934000]: [mission] âncora solta — 2 correções de deriva
[INFO] [1790816468.568390, 339.936000]: [mission] REFINE: âncora corrigiu a deriva 2 vez(es) durante a coleta
[INFO] [1790816468.570771, 339.938000]: [mission] REFINE: 10 amostras — parede (0.001, 3.005, -0.001) yaw=3.136
[INFO] [1790816468.626486, 339.992000]: [mission] REFINE: parede pelo LASER — 82 pontos, resíduo 5.2 mm: profundidade +6.2 mm e yaw +0.29° em relação à tag → parede (0.001, 2.999, -0.001) yaw=3.141
[INFO] [1790816468.629102, 339.995000]: [mission] REFINE: deslocou 0.002 m da estimativa anterior
[INFO] [1790816468.631026, 339.997000]: [mission] olhal estimado em (0.201, 2.869, 0.804)
[INFO] [1790816468.638254, 340.004000]: State machine transitioning 'REFINE':'ok'-->'DEPLOY'
[INFO] [1790816468.640860, 340.006000]: [mission] DEPLOY: IK resolvida para a POSE DE MANIPULAÇÃO (0.20, 2.25, 1.57 rad), não para a atual
[INFO] [1790816473.464040, 343.430000]: [mission] DEPLOY: IK nivelada 0.0711 m, só eixo 0.0014 m — a MISSÃO INTEIRA usa "eixo"
[INFO] [1790816473.470906, 344.831000]: [mission] DEPLOY: IK da ponta resolvida (resíduo 0.0014 m, degrau 0.4°) — pré-posicionando em [-10.9 -46.6  60.   78.5  79.1] graus
[INFO] [1790816480.498107, 351.735000]: [mission] plano de exclusão publicado: parede em [ 1.000e-03  2.999e+00 -1.000e-03], normal segura [-0.001 -1.     0.   ]
[INFO] [1790816480.714450, 351.948000]: [mission] teto por postura ativo no drive: v<=0.23 w<=0.50 rampa 0.52/1.64
[INFO] [1790816485.698307, 356.847000]: [mission] DEPLOY/aproxima: alinhado, avançando (0.43 m)
[INFO] [1790816485.852754, 356.997000]: [mission] teto por postura ativo no drive: v<=0.23 w<=0.50 rampa 0.52/1.64
[INFO] [1790816490.253289, 361.347000]: [mission] DEPLOY/aproxima: chegou, ajustando heading final
[INFO] [1790816496.160488, 367.148000]: [mission] DEPLOY/aproxima: concluído
[INFO] [1790816496.163187, 367.150000]: State machine transitioning 'DEPLOY':'ok'-->'MANIPULATE'
[INFO] [1790816496.165982, 367.153000]: [mission] fase "orienta": modo IK iterativa (YAML)
[INFO] [1790816496.171743, 367.159000]: [mission] âncora engatada (fase "orienta")
[INFO] [1790816500.052481, 370.975000]: [mission] fase "orienta" it0: ponta (0.291, 2.723, 0.810) erro=0.0052 | degrau eixo 0.1° | rolagem 0.2° | IK pediu [-20.9 -25.4  17.9  96.9  73.5] | faltou [0. 0. 0. 0. 0.] graus
[INFO] [1790816500.054998, 370.977000]: [mission] âncora solta — 2 correções de deriva
[INFO] [1790816500.056211, 370.979000]: [mission] fase "orienta" alcançada em 1 iteração(ões) (0.0052 m) — âncora corrigiu 2 vez(es)
[INFO] [1790816500.568220, 371.484000]: [mission] fase "aproxima_lateral": modo IK iterativa (YAML)
[INFO] [1790816500.573115, 371.488000]: [mission] âncora engatada (fase "aproxima_lateral")
[INFO] [1790816503.118166, 374.006000]: [mission] fase "aproxima_lateral" it0: ponta (0.282, 2.869, 0.809) erro=0.0134 | degrau eixo 5.6° | rolagem 5.8° | IK pediu [-17.8 -13.2   0.   77.5  78.2] | faltou [ 0.  -0.4 -0.2 -0.   0. ] graus
[INFO] [1790816503.122675, 374.011000]: [mission] fase "aproxima_lateral" it0: no frame da parede eixo=-9.2 prof=+8.3 alt=+5.1 mm (tolerância 40/8/5)
[INFO] [1790816504.670189, 375.519000]: [mission] fase "aproxima_lateral" it1: ponta (0.302, 2.855, 0.813) erro=0.0121 | degrau eixo 5.5° | rolagem 5.8° | IK pediu [-19.4 -13.1   0.   79.1  77.4] | faltou [-0.1 -0.2 -0.4 -0.5  0. ] graus
[INFO] [1790816504.672690, 375.522000]: [mission] fase "aproxima_lateral" it1: no frame da parede eixo=+10.8 prof=-5.3 alt=+0.6 mm (tolerância 40/8/5)
[INFO] [1790816504.673812, 375.523000]: [mission] âncora solta — 1 correções de deriva
[INFO] [1790816504.675460, 375.525000]: [mission] fase "aproxima_lateral" alcançada em 2 iteração(ões) (0.0121 m) — âncora corrigiu 1 vez(es)
[INFO] [1790816505.188272, 376.030000]: [mission] fase "atravessa": modo IK iterativa (YAML)
[INFO] [1790816505.198115, 376.039000]: [mission] âncora engatada (fase "atravessa")
[WARN] [1790816514.728336, 385.388000]: [mission] fase "destrava": descida estagnou em 14.6 mm (mín 10 para aceitar; alvo 18) — fim de curso do mecanismo, fechando a fase
[WARN] [1790816514.939729, 385.598000]: [mission] destrava: lingueta em 11.1 mm (esperado ≥ 12) — o gatilho pode não ter soltado
[WARN] [1790816527.482022, 397.934000]: [mission] RETRACT: ponta a 0.141 m do olhal — saindo em degraus: sobe 30 mm, 120 mm pelo eixo do furo, 100 mm para fora, antes de recolher
[INFO] [1790816507.156462, 377.947000]: [mission] fase "atravessa" it0: ponta (0.209, 2.865, 0.810) erro=0.0063 | degrau eixo 2.3° | rolagem 2.5° | IK pediu [-11.6 -14.    0.   81.4  84.4] | faltou [-0.5 -0.2 -0.3 -0.4 -0.2] graus
[INFO] [1790816507.159116, 377.950000]: [mission] fase "atravessa" it0: no frame da parede eixo=-0.0 prof=+4.7 alt=+4.3 mm (tolerância 8/6/5)
[INFO] [1790816507.161670, 377.952000]: [mission] fase "atravessa" alcançada em 1 iteração(ões) (0.0063 m)
[INFO] [1790816507.684652, 378.461000]: [mission] fase "captura": modo IK iterativa (YAML)
[INFO] [1790816507.689316, 378.465000]: [mission] âncora engatada (fase "captura")
[INFO] [1790816509.213381, 379.970000]: [mission] fase "captura" it0: ponta (0.209, 2.872, 0.789) erro=0.0093 | degrau eixo 2.1° | rolagem 2.3° | IK pediu [-11.5 -16.1  -0.1  81.6  85.2] | faltou [-0.7 -0.2 -0.3 -0.3 -0.2] graus
[INFO] [1790816509.217183, 379.975000]: [mission] fase "captura" it0: no frame da parede eixo=+7.4 prof=+3.3 alt=+4.4 mm (tolerância 40/6/10)
[INFO] [1790816509.218834, 379.976000]: [mission] fase "captura" alcançada em 1 iteração(ões) (0.0093 m)
[INFO] [1790816509.223334, 379.981000]: [mission] captura: ponta registrada em eixo=-7.4 prof=-3.3 alt=-14.4 mm (zero da descida do destrava e da deriva de eixo)
[INFO] [1790816509.733091, 380.482000]: [mission] fase "destrava": alvo em altura relativo à captura: -34.4 mm (captura -14.4 − curso 18 − margem 2)
[INFO] [1790816509.735201, 380.484000]: [mission] fase "destrava": modo whole-body/Fuzzy (YAML)
[INFO] [1790816509.938015, 380.685000]: [mission] plano de exclusão publicado: parede em [ 1.000e-03  2.999e+00 -1.000e-03], normal segura [-0.001 -1.     0.   ]
[INFO] [1790816510.252676, 380.988000]: [mission] fase "destrava": whole-body assumiu (base livre, restrita pelo plano de exclusão)
[INFO] [1790816510.253875, 380.989000]: [mission] fase "destrava": whole-body a 0.0192 m do alvo — eixo=+7.4 prof=+3.5 alt=-17.3 mm
[INFO] [1790816512.403504, 383.088000]: [mission] fase "destrava": whole-body a 0.0111 m do alvo — eixo=+7.2 prof=-3.8 alt=-7.6 mm
[INFO] [1790816514.527278, 385.188000]: [mission] fase "destrava": whole-body a 0.0090 m do alvo — eixo=+7.2 prof=-2.2 alt=-4.9 mm
[INFO] [1790816514.938171, 385.596000]: [mission] destrava: ponta desceu 13.9 mm desde a captura (critério observável) | lingueta 11.1 mm (só na simulação)
[INFO] [1790816515.464172, 386.099000]: [mission] fase "libera": modo whole-body/Fuzzy (YAML)
[INFO] [1790816515.661902, 386.300000]: [mission] plano de exclusão publicado: parede em [ 1.000e-03  2.999e+00 -1.000e-03], normal segura [-0.001 -1.     0.   ]
[INFO] [1790816515.965745, 386.604000]: [mission] fase "libera": whole-body assumiu (base livre, restrita pelo plano de exclusão)
[INFO] [1790816516.571671, 387.206000]: [mission] fase "libera": whole-body a 0.0276 m do alvo — eixo=+7.2 prof=+25.0 alt=+9.2 mm
[INFO] [1790816518.598074, 389.207000]: [mission] fase "libera": whole-body a 0.0087 m do alvo — eixo=+7.1 prof=+2.0 alt=+4.6 mm
[INFO] [1790816519.000595, 389.606000]: [mission] fase "libera" alcançada por whole-body em 3.0s (0.0072 m) — no frame da parede eixo=+7.1 prof=-0.8 alt=+0.7 mm (tolerância 40/8/6)
[INFO] [1790816519.728611, 390.315000]: [mission] fase "arco1"/puxa: RECUANDO 0.022 m só com as rodas
[INFO] [1790816520.197776, 390.766000]: [mission] fase "arco1"/puxa: concluído (0.025 m)
[INFO] [1790816520.200653, 390.769000]: [mission] fase "arco1": modo whole-body/Fuzzy (YAML)
[INFO] [1790816520.415048, 390.973000]: [mission] plano de exclusão publicado: parede em [ 1.000e-03  2.999e+00 -1.000e-03], normal segura [-0.001 -1.     0.   ]
[INFO] [1790816520.725664, 391.277000]: [mission] fase "arco1": whole-body assumiu (base livre, restrita pelo plano de exclusão)
[INFO] [1790816520.727055, 391.278000]: [mission] fase "arco1": whole-body a 0.0082 m do alvo — eixo=+7.1 prof=-0.0 alt=-4.0 mm
[INFO] [1790816521.133790, 391.678000]: [mission] fase "arco1" alcançada por whole-body em 0.4s (0.0083 m) — no frame da parede eixo=+7.1 prof=-2.1 alt=-3.8 mm (tolerância 40/10/15)
[INFO] [1790816521.134758, 391.679000]: [mission] arco1: SOLTURA observável — recuo 57.2 mm desde a captura (mín 40) com deriva de eixo +0.3 mm → SOLTA
[INFO] [1790816521.344495, 391.888000]: [mission] waypoint de 15° — lâmina medida em 15.5° (abertura por CONTATO)
[INFO] [1790816521.858897, 392.389000]: [mission] fase "arco2"/puxa: RECUANDO 0.048 m só com as rodas
[INFO] [1790816522.784041, 393.290000]: [mission] fase "arco2"/puxa: concluído (0.048 m)
[INFO] [1790816522.785665, 393.291000]: [mission] fase "arco2": modo whole-body/Fuzzy (YAML)
[INFO] [1790816522.990308, 393.493000]: [mission] plano de exclusão publicado: parede em [ 1.000e-03  2.999e+00 -1.000e-03], normal segura [-0.001 -1.     0.   ]
[INFO] [1790816523.294298, 393.796000]: [mission] fase "arco2": whole-body assumiu (base livre, restrita pelo plano de exclusão)
[INFO] [1790816523.297361, 393.799000]: [mission] fase "arco2": whole-body a 0.0149 m do alvo — eixo=+7.2 prof=+3.6 alt=-12.6 mm
[INFO] [1790816523.700123, 394.197000]: [mission] fase "arco2" alcançada por whole-body em 0.4s (0.0130 m) — no frame da parede eixo=+7.2 prof=+0.1 alt=-10.9 mm (tolerância 40/10/15)
[INFO] [1790816523.915548, 394.411000]: [mission] waypoint de 30° — lâmina medida em 30.0° (abertura por CONTATO)
[INFO] [1790816524.423169, 394.912000]: [mission] fase "desengata": modo IK iterativa (YAML)
[INFO] [1790816524.425663, 394.914000]: [mission] âncora engatada (fase "desengata")
[INFO] [1790816526.554045, 397.017000]: [mission] fase "desengata" it0: ponta (0.292, 2.776, 0.747) erro=0.0089 | degrau eixo 5.3° | rolagem 5.5° | IK pediu [-19.9 -20.4  -0.   81.2  80.4] | faltou [ 0.2 -0.2 -0.4 -0.4 -0. ] graus
[INFO] [1790816526.555826, 397.019000]: [mission] fase "desengata" alcançada em 1 iteração(ões) (0.0089 m)
[INFO] [1790816527.068920, 397.527000]: [mission] MANIPULATE concluída — chave ABERTA, lâmina medida em 30.5°
[INFO] [1790816527.071988, 397.529000]: State machine transitioning 'MANIPULATE':'done'-->'RETRACT'
[INFO] [1790816527.489986, 397.936000]: [mission] âncora engatada (fase "saida_sobe")
[INFO] [1790816529.155449, 399.571000]: [mission] fase "saida_sobe" it0: ponta (0.292, 2.784, 0.771) erro=0.0084 | degrau eixo 5.2° | rolagem 5.4° | IK pediu [-19.8 -17.4   0.   79.3  80.2] | faltou [ 0.1 -0.3 -0.3 -0.3  0. ] graus
[INFO] [1790816529.160420, 399.577000]: [mission] fase "saida_sobe" it0: no frame da parede eixo=+0.2 prof=+6.5 alt=+5.4 mm (tolerância 30/20/10)
[INFO] [1790816529.163118, 399.579000]: [mission] fase "saida_sobe" alcançada em 1 iteração(ões) (0.0084 m)
[INFO] [1790816529.170159, 399.585000]: [mission] âncora engatada (fase "saida_eixo")
[INFO] [1790816531.139664, 401.529000]: [mission] fase "saida_eixo" it0: ponta (0.411, 2.784, 0.770) erro=0.0099 | degrau eixo 11.4° | rolagem 11.9° | IK pediu [-29.4 -15.4  -0.   71.2  72.6] | faltou [ 0.2  0.7 -2.5  0.7  0. ] graus
[INFO] [1790816531.142222, 401.531000]: [mission] fase "saida_eixo" it0: no frame da parede eixo=-0.5 prof=+7.3 alt=+6.7 mm (tolerância 20/20/15)
[INFO] [1790816531.143914, 401.533000]: [mission] fase "saida_eixo" alcançada em 1 iteração(ões) (0.0099 m)
[INFO] [1790816531.147520, 401.537000]: [mission] âncora engatada (fase "saida_fora")
[INFO] [1790816533.989565, 404.331000]: [mission] fase "saida_fora" it0: ponta (0.411, 2.683, 0.774) erro=0.0064 | degrau eixo 6.2° | rolagem 7.0° | IK pediu [-32.8 -20.6   0.   95.2  66.6] | faltou [ 0.1 -2.2  4.3 -4.   0. ] graus
[INFO] [1790816533.994550, 404.336000]: [mission] fase "saida_fora" it0: no frame da parede eixo=-0.8 prof=+5.6 alt=+2.9 mm (tolerância 30/20/20)
[INFO] [1790816533.996578, 404.338000]: [mission] âncora solta — 1 correções de deriva
[INFO] [1790816533.998340, 404.340000]: [mission] fase "saida_fora" alcançada em 1 iteração(ões) (0.0064 m) — âncora corrigiu 1 vez(es)
[INFO] [1790816534.000419, 404.342000]: [mission] RETRACT/afasta: RECUANDO 0.250 m só com as rodas
[INFO] [1790816538.535310, 408.793000]: [mission] RETRACT/afasta: concluído (0.252 m)
[INFO] [1790816538.536973, 408.795000]: [mission] postura "stow_home" comandada: [0.0, 1.13, -1.04, -1.8, 0.0]
[INFO] [1790816550.299749, 420.396000]: State machine transitioning 'RETRACT':'ok'-->'RETURN'
[INFO] [1790816550.300687, 420.397000]: [mission] RETURN — voltando a (0.00, 1.00, 0.01 rad)
[INFO] [1790816563.605158, 433.447000]: [mission] RETURN: alinhado, avançando (1.11 m)
[INFO] [1790816563.659589, 433.497000]: [mission] teto por postura ativo no drive: v<=0.23 w<=0.50 rampa 0.51/1.52
[INFO] [1790816572.042693, 441.797000]: [mission] RETURN: chegou, ajustando heading final
[INFO] [1790816572.093309, 441.847000]: [mission] teto por postura ativo no drive: v<=0.23 w<=0.50 rampa 0.51/1.52
[INFO] [1790816578.327565, 447.997000]: [mission] RETURN: concluído
[INFO] [1790816578.328576, 447.998000]: State machine terminating 'RETURN':'home':'MISSION_OK'
[INFO] [1790816578.329431, 447.999000]: [mission] resultado: MISSION_OK
... logging to /home/marco/.ros/log/c4528f1c-bd32-11f1-ade7-b025aa85b2a2/roslaunch-shiroi-2310885.log
Checking log directory for disk usage. This may take a while.
Press Ctrl-C to interrupt
]2;/home/marco/b166er/src/b166er_whole_body_control/launch/chave_mission.launch
[1mstarted roslaunch server http://shiroi:41913/[0m

SUMMARY
========

PARAMETERS
 * /chave_mission/estado_final: 
 * /chave_mission/estado_inicial: STOW_INIT
 * /chave_mission/pausa_por_fase: False
 * /chave_mission/search_omega: 0.35
 * /chave_mission/standoff_distance: 0.62
 * /chave_mission/use_wholebody: False
 * /chave_seccionadora_task/aproxima_lateral/modo: ik
 * /chave_seccionadora_task/aproxima_lateral/offset_xyz_m: [-0.09, 0.008, 0.01]
 * /chave_seccionadora_task/aproxima_lateral/tol_xyz_m: [0.04, 0.008, 0.005]
 * /chave_seccionadora_task/arco1/blade_angle_deg: 15
 * /chave_seccionadora_task/arco1/deriva_eixo_max_m: 0.015
 * /chave_seccionadora_task/arco1/modo: wb
 * /chave_seccionadora_task/arco1/offset_xyz_m: [0.0, 0.0518, -0....
 * /chave_seccionadora_task/arco1/soltura_recuo_min_m: 0.04
 * /chave_seccionadora_task/arco1/tol_xyz_m: [0.04, 0.01, 0.015]
 * /chave_seccionadora_task/arco2/blade_angle_deg: 30
 * /chave_seccionadora_task/arco2/deriva_eixo_max_m: 0.015
 * /chave_seccionadora_task/arco2/modo: wb
 * /chave_seccionadora_task/arco2/offset_xyz_m: [0.0, 0.1, -0.0518]
 * /chave_seccionadora_task/arco2/tol_xyz_m: [0.04, 0.01, 0.015]
 * /chave_seccionadora_task/atravessa/modo: ik
 * /chave_seccionadora_task/atravessa/offset_xyz_m: [-0.008, 0.008, 0...
 * /chave_seccionadora_task/atravessa/tol_xyz_m: [0.008, 0.006, 0....
 * /chave_seccionadora_task/captura/modo: ik
 * /chave_seccionadora_task/captura/offset_xyz_m: [0.0, 0.0, -0.01]
 * /chave_seccionadora_task/captura/tol_xyz_m: [0.04, 0.006, 0.01]
 * /chave_seccionadora_task/desengata/modo: ik
 * /chave_seccionadora_task/desengata/offset_xyz_m: [-0.09, 0.1, -0.0...
 * /chave_seccionadora_task/destrava/curso_estagna_m: 0.01
 * /chave_seccionadora_task/destrava/curso_margem_m: 0.002
 * /chave_seccionadora_task/destrava/curso_min_m: 0.018
 * /chave_seccionadora_task/destrava/modo: wb
 * /chave_seccionadora_task/destrava/offset_xyz_m: [0.0, 0.0, -0.025]
 * /chave_seccionadora_task/destrava/tol_xyz_m: [0.04, 0.006, 0.004]
 * /chave_seccionadora_task/libera/deriva_eixo_max_m: 0.015
 * /chave_seccionadora_task/libera/modo: wb
 * /chave_seccionadora_task/libera/offset_xyz_m: [0.0, 0.03, -0.025]
 * /chave_seccionadora_task/libera/tol_xyz_m: [0.04, 0.008, 0.006]
 * /chave_seccionadora_task/orienta/modo: ik
 * /chave_seccionadora_task/orienta/offset_xyz_m: [-0.09, 0.15, 0.0...
 * /chave_seccionadora_task/reassenta_sobe/tol_xyz_m: [0.03, 0.02, 0.005]
 * /chave_seccionadora_task/saida_eixo/tol_xyz_m: [0.02, 0.02, 0.015]
 * /chave_seccionadora_task/saida_fora/tol_xyz_m: [0.03, 0.02, 0.02]
 * /chave_seccionadora_task/saida_sobe/tol_xyz_m: [0.03, 0.02, 0.01]
 * /chave_seccionadora_task/target_frame: chave_olhal_link
 * /fuzzy_wb_controller/fixed_gains: []
 * /rosdistro: noetic
 * /rosversion: 1.17.4

NODES
  /
    chave_mission (b166er_whole_body_control/chave_mission.py)

[1mROS_MASTER_URI=http://localhost:11311[0m
]2;/home/marco/b166er/src/b166er_whole_body_control/launch/chave_mission.launch http://localhost:11311
[1mprocess[chave_mission-1]: started with pid [2310931][0m
[1m[chave_mission-1] process has finished cleanly
log file: /home/marco/.ros/log/c4528f1c-bd32-11f1-ade7-b025aa85b2a2/chave_mission-1*.log[0m
all processes on machine have died, roslaunch will exit
shutting down processing monitor...
... shutting down processing monitor complete
[1mdone[0m
