[31mWARNING: disk usage in log directory [/home/marco/.ros/log] is over 1GB.
It's recommended that you use the 'rosclean' command.[0m
the rosdep view is empty: call 'sudo rosdep init' and 'rosdep update'
[WARN] [1791467658.451269, 1348.064000]: [mission] SEARCH: 6 de 25 amostras descartadas como outlier (>0.15 m ou >0.20 rad da mediana)
[WARN] [1791467658.505214, 1348.119000]: [mission] SEARCH: laser com só 17 pontos de parede (mín 30) — parede fica pela tag
[INFO] [1791467631.889039, 0.000000]: garra_dx = 0.000 m (fechada)
[INFO] [1791467631.951549, 1321.936000]: State machine starting in initial state 'HOME' with userdata: 
	[]
[INFO] [1791467632.256050, 1322.237000]: [mission] pose de partida registrada: (0.00, 1.00, -0.00 rad)
[INFO] [1791467632.261387, 1322.242000]: [mission] HOME: homing pelos fins de curso (J4, J3, J2)
[INFO] [1791467634.197761, 1324.143000]: [mission] HOME: braço nos fins de curso — partindo daqui para o SEARCH
[INFO] [1791467634.199451, 1324.144000]: State machine transitioning 'HOME':'ok'-->'SEARCH'
[INFO] [1791467634.201064, 1324.146000]: [mission] postura "search" comandada: [0.0, 1.0, -1.0, 0.0, 0.0]
[INFO] [1791467642.128946, 1331.947000]: [mission] SEARCH — girando à procura da tag...
[INFO] [1791467642.130468, 1331.948000]: [mission] SEARCH: amostra quando a tag estiver a raio 0.35-0.50 do quadro (vista oblíqua; omega fina 0.15 rad/s)
[INFO] [1791467643.802658, 1333.600000]: [mission] SEARCH: tag a raio 0.93 — girando até <= 0.50
[INFO] [1791467650.418627, 1340.151000]: [mission] SEARCH: tag a raio 0.50 — parando
[INFO] [1791467650.420883, 1340.153000]: [mission] tag avistada — parando para medir
[INFO] [1791467651.446976, 1341.160000]: [mission] âncora engatada (coleta do SEARCH)
[INFO] [1791467651.449533, 1341.162000]: [mission] SEARCH: coleta com dither ±0.05 rad/s (período 3.0 s)
[INFO] [1791467658.431619, 1348.044000]: [mission] âncora solta — 6 correções de deriva
[INFO] [1791467658.433694, 1348.048000]: [mission] SEARCH: âncora corrigiu a deriva 6 vez(es) durante a coleta
[INFO] [1791467658.453162, 1348.067000]: [mission] SEARCH: 19 amostras — parede (0.017, 3.111, -0.006) yaw=2.964
[INFO] [1791467658.506509, 1348.120000]: [mission] parede localizada em (0.017, 3.111, -0.006)
[INFO] [1791467658.511225, 1348.125000]: State machine transitioning 'SEARCH':'found'-->'APPROACH'
[INFO] [1791467658.512537, 1348.126000]: [mission] APPROACH etapa 1/2 — 1.30 m do olhal, alvo (-0.04, 1.67, 1.39 rad)
[INFO] [1791467661.812017, 1351.378000]: [mission] APPROACH: alinhado, avançando (0.82 m)
[INFO] [1791467661.863442, 1351.428000]: [mission] teto por postura ativo no drive: v<=0.18 w<=0.50 rampa 0.46/1.51
[INFO] [1791467668.638615, 1358.078000]: [mission] APPROACH: chegou, ajustando heading final
[INFO] [1791467668.689259, 1358.128000]: [mission] teto por postura ativo no drive: v<=0.18 w<=0.50 rampa 0.46/1.51
[INFO] [1791467671.726781, 1361.128000]: [mission] APPROACH: concluído
[INFO] [1791467672.741879, 1362.132000]: [mission] âncora engatada (coleta do APPROACH/remedida)
[INFO] [1791467672.743454, 1362.133000]: [mission] APPROACH/remedida: coleta com dither ±0.05 rad/s (período 3.0 s)
[INFO] [1791467673.898057, 1363.274000]: [mission] âncora solta — 2 correções de deriva
[INFO] [1791467673.899312, 1363.276000]: [mission] APPROACH/remedida: âncora corrigiu a deriva 2 vez(es) durante a coleta
[INFO] [1791467673.901249, 1363.277000]: [mission] APPROACH/remedida: 10 amostras — parede (-0.003, 2.974, 0.000) yaw=-3.103
[INFO] [1791467673.955136, 1363.329000]: [mission] APPROACH/remedida: parede pelo LASER — 88 pontos, resíduo 4.7 mm: profundidade -24.4 mm e yaw -2.29° em relação à tag → parede (-0.003, 2.999, 0.000) yaw=3.141
[INFO] [1791467673.957422, 1363.332000]: [mission] APPROACH etapa 2/2 — 0.88 m do olhal, alvo (0.37, 1.99, 1.57 rad)
[INFO] [1791467677.670582, 1366.984000]: [mission] APPROACH: alinhado, avançando (0.62 m)
[INFO] [1791467677.720782, 1367.034000]: [mission] teto por postura ativo no drive: v<=0.18 w<=0.50 rampa 0.46/1.51
[INFO] [1791467683.095769, 1372.335000]: [mission] APPROACH: chegou, ajustando heading final
[INFO] [1791467683.146290, 1372.384000]: [mission] teto por postura ativo no drive: v<=0.18 w<=0.50 rampa 0.46/1.51
[INFO] [1791467688.112625, 1377.284000]: [mission] APPROACH: concluído
[INFO] [1791467688.115420, 1377.287000]: State machine transitioning 'APPROACH':'arrived'-->'REFINE'
[INFO] [1791467688.116199, 1377.288000]: [mission] REFINE — remedindo a parede de perto (10 amostras)
[INFO] [1791467688.117919, 1377.289000]: [mission] âncora engatada (coleta do REFINE)
[INFO] [1791467688.118618, 1377.290000]: [mission] REFINE: coleta com dither ±0.05 rad/s (período 3.0 s)
[INFO] [1791467689.361273, 1378.513000]: [mission] âncora solta — 2 correções de deriva
[INFO] [1791467689.364890, 1378.517000]: [mission] REFINE: âncora corrigiu a deriva 2 vez(es) durante a coleta
[INFO] [1791467689.367965, 1378.519000]: [mission] REFINE: 10 amostras — parede (0.002, 3.001, -0.001) yaw=-3.141
[INFO] [1791467689.422721, 1378.574000]: [mission] REFINE: parede pelo LASER — 81 pontos, resíduo 4.7 mm: profundidade +3.4 mm e yaw -0.14° em relação à tag → parede (0.002, 2.998, -0.001) yaw=3.140
[INFO] [1791467689.424551, 1378.575000]: [mission] REFINE: deslocou 0.005 m da estimativa anterior
[INFO] [1791467689.425781, 1378.577000]: [mission] olhal estimado em (0.201, 2.867, 0.804)
[INFO] [1791467689.434103, 1378.584000]: State machine transitioning 'REFINE':'ok'-->'DEPLOY'
[INFO] [1791467689.437173, 1378.587000]: [mission] DEPLOY: IK resolvida para a POSE DE MANIPULAÇÃO (0.20, 2.25, 1.57 rad), não para a atual
[INFO] [1791467694.272274, 1382.952000]: [mission] DEPLOY: IK nivelada 0.0711 m, só eixo 0.0014 m — a MISSÃO INTEIRA usa "eixo"
[INFO] [1791467694.275817, 1383.419000]: [mission] DEPLOY: IK da ponta resolvida (resíduo 0.0014 m, degrau 0.4°) — pré-posicionando em [-10.9 -46.6  60.   78.5 -10.9] graus
[INFO] [1791467705.256555, 1394.223000]: [mission] plano de exclusão publicado: parede em [ 2.000e-03  2.998e+00 -1.000e-03], normal segura [-0.002 -1.     0.   ]
[INFO] [1791467705.467640, 1394.432000]: [mission] teto por postura ativo no drive: v<=0.25 w<=0.50 rampa 0.55/1.61
[INFO] [1791467709.471622, 1398.382000]: [mission] DEPLOY/aproxima: alinhado, avançando (0.44 m)
[INFO] [1791467713.699595, 1402.532000]: [mission] DEPLOY/aproxima: chegou, ajustando heading final
[INFO] [1791467718.573195, 1407.332000]: [mission] DEPLOY/aproxima: concluído
[INFO] [1791467718.574481, 1407.333000]: State machine transitioning 'DEPLOY':'ok'-->'MANIPULATE'
[INFO] [1791467718.576324, 1407.335000]: [mission] fase "orienta": modo IK iterativa (YAML)
[INFO] [1791467718.578881, 1407.338000]: [mission] âncora engatada (fase "orienta")
[INFO] [1791467727.560667, 1416.141000]: [mission] fase "orienta" it0: ponta (0.295, 2.720, 0.814) erro=0.0050 | degrau eixo 0.1° | rolagem 0.2° | IK pediu [-21.2 -24.1  15.8  97.5 -16.1] | faltou [ 0.4 -0.1  0.  -0.1  0.1] graus
[INFO] [1791467727.562558, 1416.143000]: [mission] âncora solta — 14 correções de deriva
[INFO] [1791467727.563404, 1416.144000]: [mission] fase "orienta" alcançada em 1 iteração(ões) (0.0050 m) — âncora corrigiu 14 vez(es)
[INFO] [1791467728.071720, 1416.648000]: [mission] fase "aproxima_lateral": modo IK iterativa (YAML)
[INFO] [1791467728.076097, 1416.652000]: [mission] âncora engatada (fase "aproxima_lateral")
[INFO] [1791467736.095559, 1424.557000]: [mission] fase "aproxima_lateral" it0: ponta (0.294, 2.863, 0.814) erro=0.0047 | degrau eixo 5.7° | rolagem 5.7° | IK pediu [-17.4 -13.    0.   76.7 -11.7] | faltou [-0.1 -0.3  0.5 -0.3  0.1] graus
[INFO] [1791467736.101388, 1424.563000]: [mission] fase "aproxima_lateral" it0: no frame da parede eixo=+2.6 prof=+3.8 alt=+0.4 mm (tolerância 40/8/5)
[INFO] [1791467736.104183, 1424.566000]: [mission] âncora solta — 8 correções de deriva
[INFO] [1791467736.106760, 1424.568000]: [mission] fase "aproxima_lateral" alcançada em 1 iteração(ões) (0.0047 m) — âncora corrigiu 8 vez(es)
[INFO] [1791467736.655622, 1425.077000]: [mission] fase "atravessa": modo IK iterativa (YAML)
[INFO] [1791467736.660021, 1425.081000]: [mission] âncora engatada (fase "atravessa")
[INFO] [1791467741.961905, 1430.286000]: [mission] fase "atravessa" it0: ponta (0.209, 2.863, 0.812) erro=0.0040 | degrau eixo 2.4° | rolagem 2.4° | IK pediu [-10.5 -14.1   0.1  81.6  -5.8] | faltou [0. 0. 0. 0. 0.] graus
[INFO] [1791467741.966401, 1430.291000]: [mission] fase "atravessa" it0: no frame da parede eixo=-0.1 prof=+3.4 alt=+2.2 mm (tolerância 8/6/5)
[WARN] [1791467751.826568, 1439.949000]: [mission] destrava: lingueta em 11.8 mm (esperado ≥ 12) — o gatilho pode não ter soltado
[WARN] [1791467768.414141, 1456.264000]: [mission] RETRACT: ponta a 0.150 m do olhal — saindo em degraus: sobe 30 mm, 120 mm pelo eixo do furo, 100 mm para fora, antes de recolher
[INFO] [1791467741.969152, 1430.294000]: [mission] âncora solta — 4 correções de deriva
[INFO] [1791467741.971112, 1430.296000]: [mission] fase "atravessa" alcançada em 1 iteração(ões) (0.0040 m) — âncora corrigiu 4 vez(es)
[INFO] [1791467742.492677, 1430.804000]: [mission] fase "captura": modo IK iterativa (YAML)
[INFO] [1791467742.499420, 1430.810000]: [mission] âncora engatada (fase "captura")
[INFO] [1791467749.044816, 1437.213000]: [mission] fase "captura" it0: ponta (0.209, 2.871, 0.794) erro=0.0083 | degrau eixo 2.3° | rolagem 2.2° | IK pediu [ -9.7 -16.3  -0.   82.4  -5.1] | faltou [-0.7  0.1  0.2  0.3  0.1] graus
[INFO] [1791467749.049509, 1437.217000]: [mission] fase "captura" it0: no frame da parede eixo=+7.4 prof=+3.7 alt=+0.2 mm (tolerância 8/6/10)
[INFO] [1791467749.052000, 1437.220000]: [mission] âncora solta — 5 correções de deriva
[INFO] [1791467749.054719, 1437.222000]: [mission] fase "captura" alcançada em 1 iteração(ões) (0.0083 m) — âncora corrigiu 5 vez(es)
[INFO] [1791467749.062512, 1437.230000]: [mission] captura: ponta registrada em eixo=-7.4 prof=-3.7 alt=-10.2 mm (zero da descida do destrava e da deriva de eixo)
[INFO] [1791467749.571538, 1437.732000]: [mission] fase "destrava": alvo em altura relativo à captura: -30.2 mm (captura -10.2 − curso 18 − margem 2)
[INFO] [1791467749.572878, 1437.733000]: [mission] fase "destrava": modo whole-body/Fuzzy (YAML)
[INFO] [1791467749.779338, 1437.935000]: [mission] plano de exclusão publicado: parede em [ 2.000e-03  2.998e+00 -1.000e-03], normal segura [-0.002 -1.     0.   ]
[INFO] [1791467750.084052, 1438.238000]: [mission] fase "destrava": whole-body assumiu (base livre, restrita pelo plano de exclusão)
[INFO] [1791467750.085098, 1438.238000]: [mission] fase "destrava": whole-body a 0.0190 m do alvo — eixo=+7.5 prof=+5.5 alt=-16.5 mm
[INFO] [1791467751.601179, 1439.738000]: [mission] fase "destrava" alcançada por whole-body em 1.5s (0.0072 m) — no frame da parede eixo=+7.0 prof=-1.3 alt=-0.2 mm (tolerância 10/6/4)
[INFO] [1791467751.825072, 1439.948000]: [mission] destrava: ponta desceu 19.2 mm desde a captura (critério observável) | lingueta 11.8 mm (só na simulação)
[INFO] [1791467752.343238, 1440.452000]: [mission] fase "libera": modo whole-body/Fuzzy (YAML)
[INFO] [1791467752.555408, 1440.653000]: [mission] plano de exclusão publicado: parede em [ 2.000e-03  2.998e+00 -1.000e-03], normal segura [-0.002 -1.     0.   ]
[INFO] [1791467752.866369, 1440.959000]: [mission] fase "libera": whole-body assumiu (base livre, restrita pelo plano de exclusão)
[INFO] [1791467752.869076, 1440.961000]: [mission] fase "libera": whole-body a 0.0302 m do alvo — eixo=+7.1 prof=+29.2 alt=+3.3 mm
[INFO] [1791467754.990782, 1443.060000]: [mission] fase "libera": whole-body a 0.0211 m do alvo — eixo=+7.1 prof=+17.7 alt=+9.2 mm
[INFO] [1791467756.000114, 1444.060000]: [mission] fase "libera" alcançada por whole-body em 3.1s (0.0081 m) — no frame da parede eixo=+7.1 prof=-3.6 alt=-1.4 mm (tolerância 40/8/6)
[INFO] [1791467756.722865, 1444.768000]: [mission] fase "arco1"/puxa: RECUANDO 0.022 m só com as rodas
[INFO] [1791467757.182333, 1445.219000]: [mission] fase "arco1"/puxa: concluído (0.023 m)
[INFO] [1791467757.183923, 1445.220000]: [mission] fase "arco1": modo whole-body/Fuzzy (YAML)
[INFO] [1791467757.388829, 1445.423000]: [mission] plano de exclusão publicado: parede em [ 2.000e-03  2.998e+00 -1.000e-03], normal segura [-0.002 -1.     0.   ]
[INFO] [1791467757.691846, 1445.726000]: [mission] fase "arco1": whole-body assumiu (base livre, restrita pelo plano de exclusão)
[INFO] [1791467757.693085, 1445.727000]: [mission] fase "arco1": whole-body a 0.0090 m do alvo — eixo=+7.2 prof=-3.6 alt=-4.1 mm
[INFO] [1791467758.099381, 1446.126000]: [mission] fase "arco1" alcançada por whole-body em 0.4s (0.0085 m) — no frame da parede eixo=+7.2 prof=-2.9 alt=-3.4 mm (tolerância 40/10/15)
[INFO] [1791467758.100725, 1446.128000]: [mission] arco1: SOLTURA observável — recuo 58.4 mm desde a captura (mín 40) com deriva de eixo +0.3 mm → SOLTA
[INFO] [1791467758.318340, 1446.339000]: [mission] waypoint de 15° — lâmina medida em 16.0° (abertura por CONTATO)
[INFO] [1791467758.826258, 1446.841000]: [mission] fase "arco2"/puxa: RECUANDO 0.048 m só com as rodas
[INFO] [1791467759.799010, 1447.792000]: [mission] fase "arco2"/puxa: concluído (0.050 m)
[INFO] [1791467759.801724, 1447.795000]: [mission] fase "arco2": modo whole-body/Fuzzy (YAML)
[INFO] [1791467760.008147, 1447.997000]: [mission] plano de exclusão publicado: parede em [ 2.000e-03  2.998e+00 -1.000e-03], normal segura [-0.002 -1.     0.   ]
[INFO] [1791467760.313844, 1448.299000]: [mission] fase "arco2": whole-body assumiu (base livre, restrita pelo plano de exclusão)
[INFO] [1791467760.315102, 1448.300000]: [mission] fase "arco2": whole-body a 0.0152 m do alvo — eixo=+7.1 prof=+5.5 alt=-12.3 mm
[INFO] [1791467760.739951, 1448.699000]: [mission] fase "arco2" alcançada por whole-body em 0.4s (0.0102 m) — no frame da parede eixo=+7.2 prof=+1.8 alt=-7.1 mm (tolerância 40/10/15)
[INFO] [1791467760.951139, 1448.908000]: [mission] waypoint de 30° — lâmina medida em 30.6° (abertura por CONTATO)
[INFO] [1791467761.461339, 1449.409000]: [mission] fase "desengata": modo IK iterativa (YAML)
[INFO] [1791467761.466274, 1449.413000]: [mission] âncora engatada (fase "desengata")
[INFO] [1791467767.477158, 1455.342000]: [mission] fase "desengata" it0: ponta (0.301, 2.769, 0.752) erro=0.0097 | degrau eixo 6.1° | rolagem 6.3° | IK pediu [-15.1 -20.9  -0.   83.8 -12.1] | faltou [-0.6  1.9 -4.4  2.3 -0.1] graus
[INFO] [1791467767.480218, 1455.346000]: [mission] âncora solta — 5 correções de deriva
[INFO] [1791467767.481569, 1455.347000]: [mission] fase "desengata" alcançada em 1 iteração(ões) (0.0097 m) — âncora corrigiu 5 vez(es)
[INFO] [1791467768.000506, 1455.859000]: [mission] MANIPULATE concluída — chave ABERTA, lâmina medida em 30.6°
[INFO] [1791467768.003033, 1455.861000]: State machine transitioning 'MANIPULATE':'done'-->'RETRACT'
[INFO] [1791467768.416273, 1456.266000]: [mission] âncora engatada (fase "saida_sobe")
[INFO] [1791467771.064271, 1458.869000]: [mission] fase "saida_sobe" it0: ponta (0.307, 2.772, 0.781) erro=0.0042 | degrau eixo 6.2° | rolagem 6.2° | IK pediu [-15.4 -17.5  -0.   82.4 -13.5] | faltou [0. 0. 0. 0. 0.] graus
[INFO] [1791467771.068596, 1458.874000]: [mission] fase "saida_sobe" it0: no frame da parede eixo=+3.9 prof=+1.4 alt=+0.5 mm (tolerância 30/20/10)
[INFO] [1791467771.070277, 1458.876000]: [mission] âncora solta — 1 correções de deriva
[INFO] [1791467771.071861, 1458.877000]: [mission] fase "saida_sobe" alcançada em 1 iteração(ões) (0.0042 m) — âncora corrigiu 1 vez(es)
[INFO] [1791467771.075678, 1458.881000]: [mission] âncora engatada (fase "saida_eixo")
[INFO] [1791467777.883946, 1465.588000]: [mission] fase "saida_eixo" it0: ponta (0.425, 2.772, 0.782) erro=0.0024 | degrau eixo 12.9° | rolagem 12.9° | IK pediu [-24.5 -15.2  -0.   72.7 -20.9] | faltou [ 0.2  2.5 -5.5  2.9  0. ] graus
[INFO] [1791467777.887614, 1465.592000]: [mission] fase "saida_eixo" it0: no frame da parede eixo=+1.8 prof=+1.5 alt=-0.6 mm (tolerância 20/20/15)
[INFO] [1791467777.889779, 1465.594000]: [mission] âncora solta — 5 correções de deriva
[INFO] [1791467777.891178, 1465.596000]: [mission] fase "saida_eixo" alcançada em 1 iteração(ões) (0.0024 m) — âncora corrigiu 5 vez(es)
[INFO] [1791467777.895324, 1465.600000]: [mission] âncora engatada (fase "saida_fora")
[INFO] [1791467786.461076, 1474.029000]: [mission] fase "saida_fora" it0: ponta (0.423, 2.671, 0.782) erro=0.0007 | degrau eixo 6.8° | rolagem 7.1° | IK pediu [-28.2 -20.    0.   95.6 -27.8] | faltou [ 0.2 -3.8  8.3 -4.9 -0.3] graus
[INFO] [1791467786.465898, 1474.034000]: [mission] fase "saida_fora" it0: no frame da parede eixo=+0.1 prof=+0.7 alt=-0.1 mm (tolerância 30/20/20)
[INFO] [1791467786.468010, 1474.037000]: [mission] âncora solta — 6 correções de deriva
[INFO] [1791467786.469909, 1474.039000]: [mission] fase "saida_fora" alcançada em 1 iteração(ões) (0.0007 m) — âncora corrigiu 6 vez(es)
[INFO] [1791467786.471721, 1474.040000]: [mission] RETRACT/afasta: RECUANDO 0.250 m só com as rodas
[INFO] [1791467790.947436, 1478.443000]: [mission] RETRACT/afasta: concluído (0.251 m)
[INFO] [1791467790.949721, 1478.445000]: [mission] postura "stow_home" comandada: [0.0, 1.1, -1.04, -1.8, 0.0]
[INFO] [1791467804.950440, 1492.247000]: State machine transitioning 'RETRACT':'ok'-->'RETURN'
[INFO] [1791467804.952356, 1492.249000]: [mission] RETURN — voltando a (0.00, 1.00, -0.00 rad)
[INFO] [1791467818.494601, 1505.599000]: [mission] RETURN: alinhado, avançando (1.19 m)
[INFO] [1791467818.545035, 1505.649000]: [mission] teto por postura ativo no drive: v<=0.24 w<=0.50 rampa 0.53/1.51
[INFO] [1791467827.666188, 1514.599000]: [mission] RETURN: chegou, ajustando heading final
[INFO] [1791467827.717167, 1514.649000]: [mission] teto por postura ativo no drive: v<=0.24 w<=0.50 rampa 0.53/1.51
[INFO] [1791467833.801250, 1520.649000]: [mission] RETURN: concluído
[INFO] [1791467833.802598, 1520.651000]: State machine terminating 'RETURN':'home':'MISSION_OK'
[INFO] [1791467833.804193, 1520.652000]: [mission] resultado: MISSION_OK
... logging to /home/marco/.ros/log/899e01fe-c31c-11f1-ac84-b025aa85b2a2/roslaunch-shiroi-3716785.log
Checking log directory for disk usage. This may take a while.
Press Ctrl-C to interrupt
]2;/home/marco/b166er/src/b166er_whole_body_control/launch/chave_mission.launch
[1mstarted roslaunch server http://shiroi:45923/[0m

SUMMARY
========

PARAMETERS
 * /chave_mission/estado_final: 
 * /chave_mission/estado_inicial: HOME
 * /chave_mission/pausa_por_fase: False
 * /chave_mission/search_omega: 0.35
 * /chave_mission/standoff_distance: 0.62
 * /chave_mission/use_wholebody: False
 * /chave_seccionadora_task/aproxima_lateral/modo: ik
 * /chave_seccionadora_task/aproxima_lateral/offset_xyz_m: [-0.09, 0.008, 0.01]
 * /chave_seccionadora_task/aproxima_lateral/tol_xyz_m: [0.04, 0.008, 0.005]
 * /chave_seccionadora_task/arco1/blade_angle_deg: 15
 * /chave_seccionadora_task/arco1/deriva_eixo_max_m: 0.015
 * /chave_seccionadora_task/arco1/modo: wb
 * /chave_seccionadora_task/arco1/offset_xyz_m: [0.0, 0.0518, -0....
 * /chave_seccionadora_task/arco1/soltura_recuo_min_m: 0.04
 * /chave_seccionadora_task/arco1/tol_xyz_m: [0.04, 0.01, 0.015]
 * /chave_seccionadora_task/arco2/blade_angle_deg: 30
 * /chave_seccionadora_task/arco2/deriva_eixo_max_m: 0.015
 * /chave_seccionadora_task/arco2/modo: wb
 * /chave_seccionadora_task/arco2/offset_xyz_m: [0.0, 0.1, -0.0518]
 * /chave_seccionadora_task/arco2/tol_xyz_m: [0.04, 0.01, 0.015]
 * /chave_seccionadora_task/atravessa/modo: ik
 * /chave_seccionadora_task/atravessa/offset_xyz_m: [-0.008, 0.008, 0...
 * /chave_seccionadora_task/atravessa/tol_xyz_m: [0.008, 0.006, 0....
 * /chave_seccionadora_task/captura/modo: ik
 * /chave_seccionadora_task/captura/offset_xyz_m: [0.0, 0.0, -0.01]
 * /chave_seccionadora_task/captura/tol_xyz_m: [0.008, 0.006, 0.01]
 * /chave_seccionadora_task/desengata/modo: ik
 * /chave_seccionadora_task/desengata/offset_xyz_m: [-0.09, 0.1, -0.0...
 * /chave_seccionadora_task/destrava/curso_estagna_m: 0.01
 * /chave_seccionadora_task/destrava/curso_margem_m: 0.002
 * /chave_seccionadora_task/destrava/curso_min_m: 0.018
 * /chave_seccionadora_task/destrava/curso_teto_m: 0.022
 * /chave_seccionadora_task/destrava/modo: wb
 * /chave_seccionadora_task/destrava/offset_xyz_m: [0.0, 0.0, -0.025]
 * /chave_seccionadora_task/destrava/tol_xyz_m: [0.01, 0.006, 0.004]
 * /chave_seccionadora_task/libera/deriva_eixo_max_m: 0.015
 * /chave_seccionadora_task/libera/modo: wb
 * /chave_seccionadora_task/libera/offset_xyz_m: [0.0, 0.03, -0.025]
 * /chave_seccionadora_task/libera/tol_xyz_m: [0.04, 0.008, 0.006]
 * /chave_seccionadora_task/orienta/modo: ik
 * /chave_seccionadora_task/orienta/offset_xyz_m: [-0.09, 0.15, 0.0...
 * /chave_seccionadora_task/reassenta_sobe/tol_xyz_m: [0.03, 0.02, 0.005]
 * /chave_seccionadora_task/saida_eixo/tol_xyz_m: [0.02, 0.02, 0.015]
 * /chave_seccionadora_task/saida_fora/tol_xyz_m: [0.03, 0.02, 0.02]
 * /chave_seccionadora_task/saida_sobe/tol_xyz_m: [0.03, 0.02, 0.01]
 * /chave_seccionadora_task/target_frame: chave_olhal_link
 * /fuzzy_wb_controller/fixed_gains: []
 * /rosdistro: noetic
 * /rosversion: 1.17.4

NODES
  /
    chave_mission (b166er_whole_body_control/chave_mission.py)

[1mROS_MASTER_URI=http://localhost:11311[0m
]2;/home/marco/b166er/src/b166er_whole_body_control/launch/chave_mission.launch http://localhost:11311
[1mprocess[chave_mission-1]: started with pid [3716829][0m
[1m[chave_mission-1] process has finished cleanly
log file: /home/marco/.ros/log/899e01fe-c31c-11f1-ac84-b025aa85b2a2/chave_mission-1*.log[0m
all processes on machine have died, roslaunch will exit
shutting down processing monitor...
... shutting down processing monitor complete
[1mdone[0m
