[31mWARNING: disk usage in log directory [/home/marco/.ros/log] is over 1GB.
It's recommended that you use the 'rosclean' command.[0m
the rosdep view is empty: call 'sudo rosdep init' and 'rosdep update'
[WARN] [1791580761.592386, 163.567000]: [mission] SEARCH: 6 de 25 amostras descartadas como outlier (>0.15 m ou >0.20 rad da mediana)
[WARN] [1791580761.647784, 163.624000]: [mission] SEARCH: laser com só 27 pontos de parede (mín 30) — parede fica pela tag
[INFO] [1791580660.472305, 63.924000]: garra_dx = 0.000 m (fechada)
[INFO] [1791580660.582298, 64.035000]: State machine starting in initial state 'HOMING' with userdata: 
	[]
[INFO] [1791580660.785368, 64.236000]: [mission] pose de partida registrada: (0.00, 1.00, 0.07 rad)
[INFO] [1791580660.792968, 64.243000]: [mission] HOMING: procurando os fins de curso (J4, J3, J2, J5, J1)
[INFO] [1791580720.685867, 123.246000]: [mission] HOMING: cinco switches achados — referência das juntas estabelecida
[INFO] [1791580720.687936, 123.248000]: State machine transitioning 'HOMING':'ok'-->'HOME_POSITION'
[INFO] [1791580720.690334, 123.250000]: [mission] postura "home" comandada: [0.0, 1.108, -1.021, -1.894, 0.0]
[INFO] [1791580734.837396, 137.152000]: [mission] HOME_POSITION: braço em HOME POSITION (J1/J5 em zero, J2/J3/J4 nos switches)
[INFO] [1791580734.840201, 137.154000]: State machine transitioning 'HOME_POSITION':'ok'-->'SEARCH'
[INFO] [1791580734.842223, 137.157000]: [mission] postura "search" comandada: [0.0, 1.0, -1.0, 0.0, 0.0]
[INFO] [1791580746.587827, 148.758000]: [mission] SEARCH — girando à procura da tag...
[INFO] [1791580746.590119, 148.759000]: [mission] SEARCH: amostra quando a tag estiver a raio 0.35-0.50 do quadro (vista oblíqua; omega fina 0.15 rad/s)
[INFO] [1791580748.362325, 150.512000]: [mission] SEARCH: tag a raio 0.86 — girando até <= 0.50
[INFO] [1791580754.385580, 156.463000]: [mission] SEARCH: tag a raio 0.50 — parando
[INFO] [1791580754.388600, 156.466000]: [mission] tag avistada — parando para medir
[INFO] [1791580755.412782, 157.475000]: [mission] âncora engatada (coleta do SEARCH)
[INFO] [1791580755.415314, 157.477000]: [mission] SEARCH: coleta com dither ±0.05 rad/s (período 3.0 s)
[INFO] [1791580761.572382, 163.550000]: [mission] âncora solta — 11 correções de deriva
[INFO] [1791580761.573761, 163.552000]: [mission] SEARCH: âncora corrigiu a deriva 11 vez(es) durante a coleta
[INFO] [1791580761.595196, 163.572000]: [mission] SEARCH: 19 amostras — parede (0.015, 3.094, -0.006) yaw=2.983
[INFO] [1791580761.649448, 163.626000]: [mission] parede localizada em (0.015, 3.094, -0.006)
[INFO] [1791580761.654533, 163.631000]: State machine transitioning 'SEARCH':'found'-->'APPROACH'
[INFO] [1791580761.657237, 163.634000]: [mission] APPROACH etapa 1/2 — 1.30 m do olhal, alvo (-0.01, 1.65, 1.41 rad)
[INFO] [1791580765.866939, 167.787000]: [mission] APPROACH: alinhado, avançando (0.78 m)
[INFO] [1791580765.917453, 167.837000]: [mission] teto por postura ativo no drive: v<=0.18 w<=0.50 rampa 0.46/1.51
[INFO] [1791580772.107218, 173.937000]: [mission] APPROACH: chegou, ajustando heading final
[INFO] [1791580772.158216, 173.987000]: [mission] teto por postura ativo no drive: v<=0.18 w<=0.50 rampa 0.46/1.51
[INFO] [1791580775.014018, 176.787000]: [mission] APPROACH: concluído
[INFO] [1791580776.028578, 177.791000]: [mission] âncora engatada (coleta do APPROACH/remedida)
[INFO] [1791580776.031026, 177.794000]: [mission] APPROACH/remedida: coleta com dither ±0.05 rad/s (período 3.0 s)
[INFO] [1791580777.179689, 178.907000]: [mission] âncora solta — 1 correções de deriva
[INFO] [1791580777.182257, 178.909000]: [mission] APPROACH/remedida: âncora corrigiu a deriva 1 vez(es) durante a coleta
[INFO] [1791580777.185577, 178.912000]: [mission] APPROACH/remedida: 10 amostras — parede (0.005, 3.005, -0.003) yaw=-3.137
[INFO] [1791580777.241638, 178.966000]: [mission] APPROACH/remedida: parede pelo LASER — 81 pontos, resíduo 5.2 mm: profundidade +5.8 mm e yaw -0.36° em relação à tag → parede (0.005, 2.999, -0.003) yaw=3.140
[INFO] [1791580777.244385, 178.969000]: [mission] APPROACH etapa 2/2 — 0.88 m do olhal, alvo (0.37, 1.99, 1.57 rad)
[INFO] [1791580781.808135, 183.470000]: [mission] APPROACH: alinhado, avançando (0.62 m)
[INFO] [1791580781.858856, 183.520000]: [mission] teto por postura ativo no drive: v<=0.18 w<=0.50 rampa 0.46/1.51
[INFO] [1791580786.969211, 188.570000]: [mission] APPROACH: chegou, ajustando heading final
[INFO] [1791580787.019763, 188.620000]: [mission] teto por postura ativo no drive: v<=0.18 w<=0.50 rampa 0.46/1.51
[INFO] [1791580792.854332, 194.370000]: [mission] APPROACH: concluído
[INFO] [1791580792.859288, 194.375000]: State machine transitioning 'APPROACH':'arrived'-->'REFINE'
[INFO] [1791580792.861677, 194.377000]: [mission] REFINE — remedindo a parede de perto (10 amostras)
[INFO] [1791580792.865409, 194.381000]: [mission] âncora engatada (coleta do REFINE)
[INFO] [1791580792.867052, 194.383000]: [mission] REFINE: coleta com dither ±0.05 rad/s (período 3.0 s)
[INFO] [1791580795.778540, 197.251000]: [mission] âncora solta — 4 correções de deriva
[INFO] [1791580795.779813, 197.252000]: [mission] REFINE: âncora corrigiu a deriva 4 vez(es) durante a coleta
[INFO] [1791580795.781264, 197.253000]: [mission] REFINE: 10 amostras — parede (0.002, 3.014, -0.001) yaw=3.109
[INFO] [1791580795.833069, 197.305000]: [mission] REFINE: parede pelo LASER — 93 pontos, resíduo 4.6 mm: profundidade +14.5 mm e yaw +1.79° em relação à tag → parede (0.002, 2.999, -0.001) yaw=3.140
[INFO] [1791580795.834295, 197.306000]: [mission] REFINE: deslocou 0.003 m da estimativa anterior
[INFO] [1791580795.835249, 197.307000]: [mission] olhal estimado em (0.202, 2.869, 0.804)
[INFO] [1791580795.838508, 197.310000]: State machine transitioning 'REFINE':'ok'-->'DEPLOY'
[INFO] [1791580795.839816, 197.311000]: [mission] DEPLOY: IK resolvida para a POSE DE MANIPULAÇÃO (0.20, 2.25, 1.57 rad), não para a atual
[INFO] [1791580800.493052, 200.383000]: [mission] DEPLOY: IK nivelada 0.0711 m, só eixo 0.0014 m — a MISSÃO INTEIRA usa "eixo"
[INFO] [1791580800.496875, 201.964000]: [mission] DEPLOY: IK da ponta resolvida (resíduo 0.0014 m, degrau 0.4°) — pré-posicionando em [-10.9 -46.6  60.   78.5 -10.9] graus
[INFO] [1791580811.374094, 212.667000]: [mission] plano de exclusão publicado: parede em [ 2.000e-03  2.999e+00 -1.000e-03], normal segura [-0.002 -1.     0.   ]
[INFO] [1791580811.580012, 212.873000]: [mission] teto por postura ativo no drive: v<=0.25 w<=0.50 rampa 0.55/1.61
[INFO] [1791580814.212694, 215.473000]: [mission] DEPLOY/aproxima: alinhado, avançando (0.35 m)
[INFO] [1791580817.809420, 219.023000]: [mission] DEPLOY/aproxima: chegou, ajustando heading final
[INFO] [1791580821.019873, 222.173000]: [mission] DEPLOY/aproxima: concluído
[INFO] [1791580821.021688, 222.175000]: State machine transitioning 'DEPLOY':'ok'-->'MANIPULATE'
[INFO] [1791580821.023017, 222.176000]: [mission] fase "orienta": modo IK iterativa (YAML)
[INFO] [1791580821.026721, 222.180000]: [mission] âncora engatada (fase "orienta")
[INFO] [1791580830.088141, 231.085000]: [mission] fase "orienta" it0: ponta (0.294, 2.721, 0.813) erro=0.0029 | degrau eixo 0.1° | rolagem 0.1° | IK pediu [-18.7 -32.7  33.3  88.8 -14.2] | faltou [-0.4  0.   0.  -0.  -0. ] graus
[INFO] [1791580830.092133, 231.088000]: [mission] âncora solta — 5 correções de deriva
[INFO] [1791580830.094738, 231.091000]: [mission] fase "orienta" alcançada em 1 iteração(ões) (0.0029 m) — âncora corrigiu 5 vez(es)
[INFO] [1791580830.608195, 231.600000]: [mission] fase "aproxima_lateral": modo IK iterativa (YAML)
[INFO] [1791580830.615377, 231.607000]: [mission] âncora engatada (fase "aproxima_lateral")
[INFO] [1791580837.427571, 238.313000]: [mission] fase "aproxima_lateral" it0: ponta (0.288, 2.864, 0.812) erro=0.0049 | degrau eixo 4.4° | rolagem 4.5° | IK pediu [-16.  -13.8   0.   80.4 -10.4] | faltou [ 0.1 -4.   8.9 -5.5  0.1] graus
[INFO] [1791580837.430369, 238.316000]: [mission] fase "aproxima_lateral" it0: no frame da parede eixo=-3.6 prof=+3.1 alt=+1.2 mm (tolerância 40/8/5)
[INFO] [1791580837.432183, 238.318000]: [mission] âncora solta — 3 correções de deriva
[INFO] [1791580837.434132, 238.320000]: [mission] fase "aproxima_lateral" alcançada em 1 iteração(ões) (0.0049 m) — âncora corrigiu 3 vez(es)
[INFO] [1791580837.948947, 238.827000]: [mission] fase "atravessa": modo IK iterativa (YAML)
[INFO] [1791580837.956616, 238.834000]: [mission] âncora engatada (fase "atravessa")
[INFO] [1791580842.570632, 243.341000]: [mission] fase "atravessa" it0: ponta (0.209, 2.863, 0.811) erro=0.0035 | degrau eixo 1.5° | rolagem 1.5° | IK pediu [ -9.3 -15.9   3.2  81.8  -3.9] | faltou [0. 0. 0. 0. 0.] graus
[WARN] [1791580849.412518, 250.015000]: [mission] fase "destrava": descida estagnou em 15.4 mm (mín 10 para aceitar; alvo 18) — fim de curso do mecanismo, fechando a fase
[WARN] [1791580849.628392, 250.228000]: [mission] destrava: lingueta em 8.5 mm (esperado ≥ 12) — o gatilho pode não ter soltado
[WARN] [1791580867.992732, 268.262000]: [mission] RETRACT: ponta a 0.150 m do olhal — saindo em degraus: sobe 30 mm, 120 mm pelo eixo do furo, 100 mm para fora, antes de recolher
[INFO] [1791580842.574225, 243.344000]: [mission] fase "atravessa" it0: no frame da parede eixo=-1.0 prof=+2.1 alt=+2.6 mm (tolerância 8/6/5)
[INFO] [1791580842.576617, 243.347000]: [mission] âncora solta — 1 correções de deriva
[INFO] [1791580842.578275, 243.349000]: [mission] fase "atravessa" alcançada em 1 iteração(ões) (0.0035 m) — âncora corrigiu 1 vez(es)
[INFO] [1791580843.097553, 243.855000]: [mission] fase "captura": modo IK iterativa (YAML)
[INFO] [1791580843.102205, 243.859000]: [mission] âncora engatada (fase "captura")
[INFO] [1791580845.892454, 246.587000]: [mission] fase "captura" it0: ponta (0.209, 2.874, 0.794) erro=0.0053 | degrau eixo 1.6° | rolagem 1.6° | IK pediu [ -9.4 -16.9   0.7  83.1  -3.8] | faltou [0. 0. 0. 0. 0.] graus
[INFO] [1791580845.895935, 246.591000]: [mission] fase "captura" it0: no frame da parede eixo=-1.3 prof=+5.2 alt=-0.2 mm (tolerância 8/6/10)
[INFO] [1791580845.897901, 246.593000]: [mission] fase "captura" alcançada em 1 iteração(ões) (0.0053 m)
[INFO] [1791580845.908965, 246.603000]: [mission] captura: ponta registrada em eixo=-6.7 prof=-5.2 alt=-9.8 mm (zero da descida do destrava e da deriva de eixo)
[INFO] [1791580846.425126, 247.106000]: [mission] fase "destrava": alvo em altura relativo à captura: -29.8 mm (captura -9.8 − curso 18 − margem 2)
[INFO] [1791580846.426916, 247.107000]: [mission] fase "destrava": modo whole-body/Fuzzy (YAML)
[INFO] [1791580846.637855, 247.310000]: [mission] plano de exclusão publicado: parede em [ 2.000e-03  2.999e+00 -1.000e-03], normal segura [-0.002 -1.     0.   ]
[INFO] [1791580846.953187, 247.615000]: [mission] fase "destrava": whole-body assumiu (base livre, restrita pelo plano de exclusão)
[INFO] [1791580846.955027, 247.616000]: [mission] fase "destrava": whole-body a 0.0211 m do alvo — eixo=+6.7 prof=+5.0 alt=-19.3 mm
[INFO] [1791580849.092717, 249.716000]: [mission] fase "destrava": whole-body a 0.0081 m do alvo — eixo=+6.4 prof=-2.1 alt=-4.4 mm
[INFO] [1791580849.626715, 250.227000]: [mission] destrava: ponta desceu 15.6 mm desde a captura (critério observável) | lingueta 8.5 mm (só na simulação)
[INFO] [1791580850.157056, 250.730000]: [mission] fase "libera": modo whole-body/Fuzzy (YAML)
[INFO] [1791580850.362736, 250.931000]: [mission] plano de exclusão publicado: parede em [ 2.000e-03  2.999e+00 -1.000e-03], normal segura [-0.002 -1.     0.   ]
[INFO] [1791580850.668927, 251.233000]: [mission] fase "libera": whole-body assumiu (base livre, restrita pelo plano de exclusão)
[INFO] [1791580851.176410, 251.733000]: [mission] fase "libera": whole-body a 0.0261 m do alvo — eixo=+6.4 prof=+24.8 alt=+4.8 mm
[INFO] [1791580853.310577, 253.833000]: [mission] fase "libera" alcançada por whole-body em 2.6s (0.0068 m) — no frame da parede eixo=+6.4 prof=-1.0 alt=-1.8 mm (tolerância 40/8/6)
[INFO] [1791580854.039304, 254.539000]: [mission] fase "arco1"/puxa: RECUANDO 0.022 m só com as rodas
[INFO] [1791580854.498033, 254.990000]: [mission] fase "arco1"/puxa: concluído (0.023 m)
[INFO] [1791580854.499689, 254.991000]: [mission] fase "arco1": modo whole-body/Fuzzy (YAML)
[INFO] [1791580854.705763, 255.193000]: [mission] plano de exclusão publicado: parede em [ 2.000e-03  2.999e+00 -1.000e-03], normal segura [-0.002 -1.     0.   ]
[INFO] [1791580855.008478, 255.495000]: [mission] fase "arco1": whole-body assumiu (base livre, restrita pelo plano de exclusão)
[INFO] [1791580855.010568, 255.497000]: [mission] fase "arco1": whole-body a 0.0073 m do alvo — eixo=+6.5 prof=-0.2 alt=-3.3 mm
[INFO] [1791580855.415082, 255.896000]: [mission] fase "arco1" alcançada por whole-body em 0.4s (0.0069 m) — no frame da parede eixo=+6.4 prof=-1.8 alt=-1.6 mm (tolerância 40/10/15)
[INFO] [1791580855.415859, 255.897000]: [mission] arco1: SOLTURA observável — recuo 58.8 mm desde a captura (mín 40) com deriva de eixo +0.3 mm → SOLTA
[INFO] [1791580855.627849, 256.107000]: [mission] waypoint de 15° — lâmina medida em 15.6° (abertura por CONTATO)
[INFO] [1791580856.135449, 256.610000]: [mission] fase "arco2"/puxa: RECUANDO 0.048 m só com as rodas
[INFO] [1791580857.057150, 257.511000]: [mission] fase "arco2"/puxa: concluído (0.050 m)
[INFO] [1791580857.059637, 257.513000]: [mission] fase "arco2": modo whole-body/Fuzzy (YAML)
[INFO] [1791580857.269104, 257.716000]: [mission] plano de exclusão publicado: parede em [ 2.000e-03  2.999e+00 -1.000e-03], normal segura [-0.002 -1.     0.   ]
[INFO] [1791580857.577700, 258.020000]: [mission] fase "arco2": whole-body assumiu (base livre, restrita pelo plano de exclusão)
[INFO] [1791580857.579610, 258.021000]: [mission] fase "arco2": whole-body a 0.0138 m do alvo — eixo=+6.6 prof=+2.7 alt=-11.8 mm
[INFO] [1791580857.980881, 258.421000]: [mission] fase "arco2" alcançada por whole-body em 0.4s (0.0105 m) — no frame da parede eixo=+6.5 prof=-3.1 alt=-7.6 mm (tolerância 40/10/15)
[INFO] [1791580858.193156, 258.630000]: [mission] waypoint de 30° — lâmina medida em 31.6° (abertura por CONTATO)
[INFO] [1791580858.703949, 259.133000]: [mission] fase "desengata": modo IK iterativa (YAML)
[INFO] [1791580858.710461, 259.139000]: [mission] âncora engatada (fase "desengata")
[INFO] [1791580867.065103, 267.347000]: [mission] fase "desengata" it0: ponta (0.302, 2.770, 0.752) erro=0.0097 | degrau eixo 4.4° | rolagem 4.4° | IK pediu [-15.9 -21.9   0.   87.4  -9.8] | faltou [-0.7 -0.8  1.9 -1.   0. ] graus
[INFO] [1791580867.067432, 267.350000]: [mission] âncora solta — 5 correções de deriva
[INFO] [1791580867.068702, 267.351000]: [mission] fase "desengata" alcançada em 1 iteração(ões) (0.0097 m) — âncora corrigiu 5 vez(es)
[INFO] [1791580867.581078, 267.859000]: [mission] MANIPULATE concluída — chave ABERTA, lâmina medida em 31.5°
[INFO] [1791580867.582495, 267.860000]: State machine transitioning 'MANIPULATE':'done'-->'RETRACT'
[INFO] [1791580867.997139, 268.267000]: [mission] âncora engatada (fase "saida_sobe")
[INFO] [1791580870.687093, 270.928000]: [mission] fase "saida_sobe" it0: ponta (0.305, 2.772, 0.782) erro=0.0020 | degrau eixo 4.4° | rolagem 4.5° | IK pediu [-16.5 -18.3   0.   86.1 -11. ] | faltou [0. 0. 0. 0. 0.] graus
[INFO] [1791580870.690502, 270.932000]: [mission] fase "saida_sobe" it0: no frame da parede eixo=+1.9 prof=+0.7 alt=-0.1 mm (tolerância 30/20/10)
[INFO] [1791580870.692745, 270.934000]: [mission] âncora solta — 1 correções de deriva
[INFO] [1791580870.694708, 270.936000]: [mission] fase "saida_sobe" alcançada em 1 iteração(ões) (0.0020 m) — âncora corrigiu 1 vez(es)
[INFO] [1791580870.698178, 270.940000]: [mission] âncora engatada (fase "saida_eixo")
[INFO] [1791580877.739635, 277.846000]: [mission] fase "saida_eixo" it0: ponta (0.418, 2.775, 0.783) erro=0.0065 | degrau eixo 10.2° | rolagem 10.2° | IK pediu [-26.2 -16.5  -0.   77.9 -19.4] | faltou [ 0.7 -0.   0.   0.   0. ] graus
[INFO] [1791580877.742863, 277.850000]: [mission] fase "saida_eixo" it0: no frame da parede eixo=-5.0 prof=+4.3 alt=-0.4 mm (tolerância 20/20/15)
[INFO] [1791580877.745315, 277.852000]: [mission] âncora solta — 4 correções de deriva
[INFO] [1791580877.747232, 277.854000]: [mission] fase "saida_eixo" alcançada em 1 iteração(ões) (0.0065 m) — âncora corrigiu 4 vez(es)
[INFO] [1791580877.751955, 277.858000]: [mission] âncora engatada (fase "saida_fora")
[INFO] [1791580881.345310, 281.389000]: [mission] fase "saida_fora" it0: ponta (0.422, 2.675, 0.782) erro=0.0044 | degrau eixo 4.4° | rolagem 4.4° | IK pediu [-29.7 -20.6   0.  100.3 -25.3] | faltou [0. 0. 0. 0. 0.] graus
[INFO] [1791580881.347990, 281.393000]: [mission] fase "saida_fora" it0: no frame da parede eixo=-0.8 prof=+4.2 alt=+0.8 mm (tolerância 30/20/20)
[INFO] [1791580881.349863, 281.395000]: [mission] âncora solta — 1 correções de deriva
[INFO] [1791580881.351266, 281.396000]: [mission] fase "saida_fora" alcançada em 1 iteração(ões) (0.0044 m) — âncora corrigiu 1 vez(es)
[INFO] [1791580881.352693, 281.397000]: [mission] RETRACT/afasta: RECUANDO 0.250 m só com as rodas
[INFO] [1791580885.829252, 285.799000]: [mission] RETRACT/afasta: concluído (0.251 m)
[INFO] [1791580885.831532, 285.801000]: [mission] postura "stow_home" comandada: [0.0, 1.1, -1.04, -1.8, 0.0]
[INFO] [1791580906.290859, 305.903000]: State machine transitioning 'RETRACT':'ok'-->'RETURN'
[INFO] [1791580906.292937, 305.905000]: [mission] RETURN — voltando a (0.00, 1.00, 0.07 rad)
[INFO] [1791580920.666288, 320.056000]: [mission] RETURN: alinhado, avançando (1.14 m)
[INFO] [1791580920.717497, 320.106000]: [mission] teto por postura ativo no drive: v<=0.24 w<=0.50 rampa 0.53/1.51
[INFO] [1791580929.388879, 328.656000]: [mission] RETURN: chegou, ajustando heading final
[INFO] [1791580929.440647, 328.706000]: [mission] teto por postura ativo no drive: v<=0.24 w<=0.50 rampa 0.53/1.51
[INFO] [1791580936.532393, 335.706000]: [mission] RETURN: concluído
[INFO] [1791580936.539706, 335.713000]: [mission] RETURN/home: procurando os fins de curso (J4, J3, J2, J5, J1)
[INFO] [1791580971.640259, 370.216000]: [mission] RETURN/home: cinco switches achados — referência das juntas estabelecida
[INFO] [1791580971.642370, 370.218000]: [mission] postura "home" comandada: [0.0, 1.108, -1.021, -1.894, 0.0]
[INFO] [1791580988.435552, 386.720000]: [mission] RETURN/home: braço em HOME POSITION (J1/J5 em zero, J2/J3/J4 nos switches)
[INFO] [1791580988.436765, 386.721000]: State machine terminating 'RETURN':'home':'MISSION_OK'
[INFO] [1791580988.437933, 386.722000]: [mission] resultado: MISSION_OK
... logging to /home/marco/.ros/log/b1b629ea-c426-11f1-9fda-b025aa85b2a2/roslaunch-shiroi-165853.log
Checking log directory for disk usage. This may take a while.
Press Ctrl-C to interrupt
]2;/home/marco/b166er/src/b166er_whole_body_control/launch/chave_mission.launch
[1mstarted roslaunch server http://shiroi:38555/[0m

SUMMARY
========

PARAMETERS
 * /chave_mission/estado_final: 
 * /chave_mission/estado_inicial: HOMING
 * /chave_mission/pausa_por_fase: False
 * /chave_mission/search_omega: 0.35
 * /chave_mission/standoff_distance: 0.62
 * /chave_mission/use_wholebody: False
 * /chave_seccionadora_task/aproxima_lateral/modo: ik
 * /chave_seccionadora_task/aproxima_lateral/offset_xyz_m: [-0.09, 0.008, 0.01]
 * /chave_seccionadora_task/aproxima_lateral/tol_xyz_m: [0.04, 0.008, 0.005]
 * /chave_seccionadora_task/arco1/blade_angle_deg: 15
 * /chave_seccionadora_task/arco1/deriva_eixo_max_m: 0.015
 * /chave_seccionadora_task/arco1/modo: wb
 * /chave_seccionadora_task/arco1/offset_xyz_m: [0.0, 0.0518, -0....
 * /chave_seccionadora_task/arco1/soltura_recuo_min_m: 0.04
 * /chave_seccionadora_task/arco1/tol_xyz_m: [0.04, 0.01, 0.015]
 * /chave_seccionadora_task/arco2/blade_angle_deg: 30
 * /chave_seccionadora_task/arco2/deriva_eixo_max_m: 0.015
 * /chave_seccionadora_task/arco2/modo: wb
 * /chave_seccionadora_task/arco2/offset_xyz_m: [0.0, 0.1, -0.0518]
 * /chave_seccionadora_task/arco2/tol_xyz_m: [0.04, 0.01, 0.015]
 * /chave_seccionadora_task/atravessa/modo: ik
 * /chave_seccionadora_task/atravessa/offset_xyz_m: [-0.008, 0.008, 0...
 * /chave_seccionadora_task/atravessa/tol_xyz_m: [0.008, 0.006, 0....
 * /chave_seccionadora_task/captura/modo: ik
 * /chave_seccionadora_task/captura/offset_xyz_m: [-0.008, 0.0, -0.01]
 * /chave_seccionadora_task/captura/tol_xyz_m: [0.008, 0.006, 0.01]
 * /chave_seccionadora_task/desengata/modo: ik
 * /chave_seccionadora_task/desengata/offset_xyz_m: [-0.09, 0.1, -0.0...
 * /chave_seccionadora_task/destrava/curso_estagna_m: 0.01
 * /chave_seccionadora_task/destrava/curso_margem_m: 0.002
 * /chave_seccionadora_task/destrava/curso_min_m: 0.018
 * /chave_seccionadora_task/destrava/curso_teto_m: 0.022
 * /chave_seccionadora_task/destrava/modo: wb
 * /chave_seccionadora_task/destrava/offset_xyz_m: [0.0, 0.0, -0.025]
 * /chave_seccionadora_task/destrava/tol_xyz_m: [0.01, 0.006, 0.004]
 * /chave_seccionadora_task/libera/deriva_eixo_max_m: 0.015
 * /chave_seccionadora_task/libera/modo: wb
 * /chave_seccionadora_task/libera/offset_xyz_m: [0.0, 0.03, -0.025]
 * /chave_seccionadora_task/libera/tol_xyz_m: [0.04, 0.008, 0.006]
 * /chave_seccionadora_task/orienta/modo: ik
 * /chave_seccionadora_task/orienta/offset_xyz_m: [-0.09, 0.15, 0.0...
 * /chave_seccionadora_task/reassenta_sobe/tol_xyz_m: [0.03, 0.02, 0.005]
 * /chave_seccionadora_task/saida_eixo/tol_xyz_m: [0.02, 0.02, 0.015]
 * /chave_seccionadora_task/saida_fora/tol_xyz_m: [0.03, 0.02, 0.02]
 * /chave_seccionadora_task/saida_sobe/tol_xyz_m: [0.03, 0.02, 0.01]
 * /chave_seccionadora_task/target_frame: chave_olhal_link
 * /fuzzy_wb_controller/fixed_gains: []
 * /rosdistro: noetic
 * /rosversion: 1.17.4

NODES
  /
    chave_mission (b166er_whole_body_control/chave_mission.py)

[1mROS_MASTER_URI=http://localhost:11311[0m
]2;/home/marco/b166er/src/b166er_whole_body_control/launch/chave_mission.launch http://localhost:11311
[1mprocess[chave_mission-1]: started with pid [165902][0m
[1m[chave_mission-1] process has finished cleanly
log file: /home/marco/.ros/log/b1b629ea-c426-11f1-9fda-b025aa85b2a2/chave_mission-1*.log[0m
all processes on machine have died, roslaunch will exit
shutting down processing monitor...
... shutting down processing monitor complete
[1mdone[0m
