[31mWARNING: disk usage in log directory [/home/marco/.ros/log] is over 1GB.
It's recommended that you use the 'rosclean' command.[0m
the rosdep view is empty: call 'sudo rosdep init' and 'rosdep update'
[WARN] [1791377366.495091, 490.408000]: [mission] SEARCH: 4 de 25 amostras descartadas como outlier (>0.15 m ou >0.20 rad da mediana)
[WARN] [1791377366.549687, 490.463000]: [mission] SEARCH: laser discorda demais da tag (profundidade +64 mm, yaw +6.3°) — parede fica pela tag
[INFO] [1791377344.203366, 468.576000]: garra_dx = 0.000 m (fechada)
[INFO] [1791377344.259560, 468.627000]: State machine starting in initial state 'STOW_INIT' with userdata: 
	[]
[INFO] [1791377344.567118, 468.935000]: [mission] pose de partida registrada: (0.01, 1.00, 0.01 rad)
[INFO] [1791377344.568837, 468.936000]: [mission] postura "stow_home" comandada: [0.0, 1.13, -1.04, -1.8, 0.0]
[INFO] [1791377345.182663, 469.538000]: State machine transitioning 'STOW_INIT':'ok'-->'SEARCH'
[INFO] [1791377345.185166, 469.540000]: [mission] postura "search" comandada: [0.0, 1.0, -1.0, 0.0, 0.0]
[INFO] [1791377352.443304, 476.643000]: [mission] SEARCH — girando à procura da tag...
[INFO] [1791377352.444101, 476.643000]: [mission] SEARCH: amostra quando a tag estiver a raio 0.35-0.50 do quadro (vista oblíqua; omega fina 0.15 rad/s)
[INFO] [1791377353.890456, 478.044000]: [mission] SEARCH: tag a raio 0.95 — girando até <= 0.50
[INFO] [1791377360.108570, 484.145000]: [mission] SEARCH: tag a raio 0.49 — parando
[INFO] [1791377360.111937, 484.148000]: [mission] tag avistada — parando para medir
[INFO] [1791377361.149788, 485.158000]: [mission] âncora engatada (coleta do SEARCH)
[INFO] [1791377361.152730, 485.161000]: [mission] SEARCH: coleta com dither ±0.05 rad/s (período 3.0 s)
[INFO] [1791377366.472476, 490.387000]: [mission] âncora solta — 9 correções de deriva
[INFO] [1791377366.475181, 490.389000]: [mission] SEARCH: âncora corrigiu a deriva 9 vez(es) durante a coleta
[INFO] [1791377366.496576, 490.411000]: [mission] SEARCH: 21 amostras — parede (0.012, 3.063, -0.004) yaw=3.030
[INFO] [1791377366.552136, 490.465000]: [mission] parede localizada em (0.012, 3.063, -0.004)
[INFO] [1791377366.558263, 490.471000]: State machine transitioning 'SEARCH':'found'-->'APPROACH'
[INFO] [1791377366.559872, 490.473000]: [mission] APPROACH etapa 1/2 — 1.30 m do olhal, alvo (0.05, 1.62, 1.46 rad)
[INFO] [1791377369.727982, 493.574000]: [mission] APPROACH: alinhado, avançando (0.72 m)
[INFO] [1791377369.779804, 493.625000]: [mission] teto por postura ativo no drive: v<=0.18 w<=0.50 rampa 0.46/1.50
[INFO] [1791377375.708222, 499.424000]: [mission] APPROACH: chegou, ajustando heading final
[INFO] [1791377375.760830, 499.474000]: [mission] teto por postura ativo no drive: v<=0.18 w<=0.50 rampa 0.45/1.50
[INFO] [1791377377.403792, 501.074000]: [mission] APPROACH: concluído
[INFO] [1791377378.418479, 502.079000]: [mission] âncora engatada (coleta do APPROACH/remedida)
[INFO] [1791377378.419647, 502.080000]: [mission] APPROACH/remedida: coleta com dither ±0.05 rad/s (período 3.0 s)
[INFO] [1791377379.572952, 503.210000]: [mission] âncora solta — 2 correções de deriva
[INFO] [1791377379.574878, 503.212000]: [mission] APPROACH/remedida: âncora corrigiu a deriva 2 vez(es) durante a coleta
[INFO] [1791377379.577631, 503.214000]: [mission] APPROACH/remedida: 10 amostras — parede (0.003, 3.007, -0.002) yaw=3.123
[INFO] [1791377379.631307, 503.267000]: [mission] APPROACH/remedida: parede pelo LASER — 82 pontos, resíduo 5.5 mm: profundidade +10.6 mm e yaw +0.85° em relação à tag → parede (0.003, 2.997, -0.002) yaw=3.138
[INFO] [1791377379.633162, 503.269000]: [mission] APPROACH etapa 2/2 — 0.88 m do olhal, alvo (0.37, 1.99, 1.57 rad)
[INFO] [1791377382.394622, 505.971000]: [mission] APPROACH: alinhado, avançando (0.57 m)
[INFO] [1791377382.445055, 506.021000]: [mission] teto por postura ativo no drive: v<=0.17 w<=0.50 rampa 0.45/1.52
[INFO] [1791377387.643486, 511.121000]: [mission] APPROACH: chegou, ajustando heading final
[INFO] [1791377387.694129, 511.171000]: [mission] teto por postura ativo no drive: v<=0.17 w<=0.50 rampa 0.45/1.51
[INFO] [1791377392.340027, 515.721000]: [mission] APPROACH: concluído
[INFO] [1791377392.348106, 515.730000]: State machine transitioning 'APPROACH':'arrived'-->'REFINE'
[INFO] [1791377392.349708, 515.731000]: [mission] REFINE — remedindo a parede de perto (10 amostras)
[INFO] [1791377392.352156, 515.734000]: [mission] âncora engatada (coleta do REFINE)
[INFO] [1791377392.352914, 515.735000]: [mission] REFINE: coleta com dither ±0.05 rad/s (período 3.0 s)
[INFO] [1791377393.822117, 517.173000]: [mission] âncora solta — 2 correções de deriva
[INFO] [1791377393.827869, 517.178000]: [mission] REFINE: âncora corrigiu a deriva 2 vez(es) durante a coleta
[INFO] [1791377393.830116, 517.180000]: [mission] REFINE: 10 amostras — parede (0.002, 3.004, 0.000) yaw=3.124
[INFO] [1791377393.884486, 517.234000]: [mission] REFINE: parede pelo LASER — 86 pontos, resíduo 4.7 mm: profundidade +6.2 mm e yaw +0.94° em relação à tag → parede (0.002, 2.998, 0.000) yaw=3.141
[INFO] [1791377393.886525, 517.236000]: [mission] REFINE: deslocou 0.003 m da estimativa anterior
[INFO] [1791377393.888022, 517.237000]: [mission] olhal estimado em (0.201, 2.868, 0.805)
[INFO] [1791377393.897545, 517.246000]: State machine transitioning 'REFINE':'ok'-->'DEPLOY'
[INFO] [1791377393.900838, 517.249000]: [mission] DEPLOY: IK resolvida para a POSE DE MANIPULAÇÃO (0.20, 2.25, 1.57 rad), não para a atual
[INFO] [1791377398.695820, 522.018000]: [mission] DEPLOY: IK nivelada 0.0708 m, só eixo 0.0014 m — a MISSÃO INTEIRA usa "eixo"
[INFO] [1791377398.698315, 522.042000]: [mission] DEPLOY: IK da ponta resolvida (resíduo 0.0014 m, degrau 0.4°) — pré-posicionando em [-10.9 -46.4  60.   78.4  79.1] graus
[INFO] [1791377405.530640, 528.743000]: [mission] plano de exclusão publicado: parede em [2.000e-03 2.998e+00 0.000e+00], normal segura [-0.001 -1.     0.   ]
[INFO] [1791377405.746918, 528.956000]: [mission] teto por postura ativo no drive: v<=0.22 w<=0.50 rampa 0.51/1.65
[INFO] [1791377410.482295, 533.606000]: [mission] DEPLOY/aproxima: alinhado, avançando (0.40 m)
[INFO] [1791377415.118004, 538.156000]: [mission] DEPLOY/aproxima: chegou, ajustando heading final
[INFO] [1791377422.318539, 545.206000]: [mission] DEPLOY/aproxima: concluído
[INFO] [1791377422.320523, 545.208000]: State machine transitioning 'DEPLOY':'ok'-->'MANIPULATE'
[INFO] [1791377422.322304, 545.210000]: [mission] fase "orienta": modo IK iterativa (YAML)
[INFO] [1791377422.326522, 545.214000]: [mission] âncora engatada (fase "orienta")
[INFO] [1791377426.906361, 549.675000]: [mission] fase "orienta" it0: ponta (0.277, 2.718, 0.815) erro=0.0144 | degrau eixo 1.3° | rolagem 1.1° | IK pediu [-17.9 -17.2   1.2 100.3  77. ] | faltou [ 1.7 -0.1  0.5  0.3  1. ] graus
[INFO] [1791377426.909632, 549.678000]: [mission] âncora solta — 3 correções de deriva
[INFO] [1791377426.911502, 549.681000]: [mission] fase "orienta" alcançada em 1 iteração(ões) (0.0144 m) — âncora corrigiu 3 vez(es)
[INFO] [1791377427.425754, 550.187000]: [mission] fase "aproxima_lateral": modo IK iterativa (YAML)
[INFO] [1791377427.431468, 550.192000]: [mission] âncora engatada (fase "aproxima_lateral")
[INFO] [1791377430.410468, 553.100000]: [mission] fase "aproxima_lateral" it0: ponta (0.292, 2.836, 0.820) erro=0.0241 | degrau eixo 5.8° | rolagem 4.9° | IK pediu [-14.9 -10.7  -0.   67.8  80.9] | faltou [-0.2 -2.   2.1  5.4 -0.5] graus
[INFO] [1791377430.415957, 553.105000]: [mission] fase "aproxima_lateral" it0: no frame da parede eixo=+0.8 prof=-23.7 alt=-4.3 mm (tolerância 40/8/5)
[INFO] [1791377432.359726, 555.019000]: [mission] fase "aproxima_lateral" it1: ponta (0.298, 2.866, 0.804) erro=0.0145 | degrau eixo 6.2° | rolagem 6.1° | IK pediu [-14.3  -9.9  -0.   63.5  81.4] | faltou [-0.8 -1.9  0.8  3.  -0.4] graus
[INFO] [1791377432.364892, 555.024000]: [mission] fase "aproxima_lateral" it1: no frame da parede eixo=+6.4 prof=+6.0 alt=+11.6 mm (tolerância 40/8/5)
[INFO] [1791377434.316175, 556.932000]: [mission] fase "aproxima_lateral" it2: ponta (0.289, 2.875, 0.803) erro=0.0197 | degrau eixo 5.8° | rolagem 6.4° | IK pediu [-14.   -9.3   0.   64.5  81.6] | faltou [-0.2 -1.5 -0.2  0.8 -0.6] graus
[INFO] [1791377434.321722, 556.938000]: [mission] fase "aproxima_lateral" it2: no frame da parede eixo=-2.8 prof=+15.4 alt=+12.0 mm (tolerância 40/8/5)
[INFO] [1791377436.279233, 558.849000]: [mission] fase "aproxima_lateral" it3: ponta (0.287, 2.872, 0.805) erro=0.0165 | degrau eixo 5.6° | rolagem 6.2° | IK pediu [-14.4  -9.1   0.   67.2  81. ] | faltou [ 0.1 -1.5 -0.9 -0.4  0. ] graus
[ERROR] [1791377438.253561, 560.769000]: [mission] fase "aproxima_lateral": 5 iterações sem fechar (0.0117 m, tolerância 0.020)
[WARN] [1791377438.264154, 560.780000]: [mission] ABORT — parando base e recolhendo braço
[WARN] [1791377438.672738, 561.182000]: [mission] ABORT: ponta a 0.085 m do olhal — saindo em degraus: sobe 30 mm, 120 mm pelo eixo do furo, 100 mm para fora, antes de recolher
[WARN] [1791377469.061397, 590.930000]: [mission] ABORT — voltando à pose de partida (0.01, 1.00, 0.01 rad)
[INFO] [1791377436.281988, 558.852000]: [mission] fase "aproxima_lateral" it3: no frame da parede eixo=-4.0 prof=+12.1 alt=+10.5 mm (tolerância 40/8/5)
[INFO] [1791377438.242449, 560.759000]: [mission] fase "aproxima_lateral" it4: ponta (0.286, 2.867, 0.808) erro=0.0117 | degrau eixo 5.4° | rolagem 5.9° | IK pediu [-14.8  -8.7   0.   69.1  80.4] | faltou [ 0.6 -1.7 -1.2 -0.8  0.6] graus
[INFO] [1791377438.247973, 560.763000]: [mission] fase "aproxima_lateral" it4: no frame da parede eixo=-5.3 prof=+7.4 alt=+7.3 mm (tolerância 40/8/5)
[INFO] [1791377438.250843, 560.767000]: [mission] âncora solta — 5 correções de deriva
[INFO] [1791377438.262839, 560.779000]: State machine transitioning 'MANIPULATE':'failed'-->'ABORT_SAFE'
[INFO] [1791377438.679103, 561.188000]: [mission] âncora engatada (fase "saida_sobe")
[INFO] [1791377440.616710, 563.094000]: [mission] fase "saida_sobe" it0: ponta (0.288, 2.874, 0.815) erro=0.0238 | degrau eixo 5.6° | rolagem 6.1° | IK pediu [-14.2  -7.9  -0.   65.1  81.2] | faltou [-0.  -1.9 -0.3  0.9 -0.3] graus
[INFO] [1791377440.621635, 563.099000]: [mission] fase "saida_sobe" it0: no frame da parede eixo=+1.5 prof=+6.2 alt=+22.9 mm (tolerância 30/20/10)
[INFO] [1791377442.779789, 565.211000]: [mission] fase "saida_sobe" it1: ponta (0.286, 2.870, 0.830) erro=0.0083 | degrau eixo 5.2° | rolagem 5.8° | IK pediu [-14.2  -6.3   0.   65.9  81. ] | faltou [-0.1 -2.1 -0.8  0.4  0. ] graus
[INFO] [1791377442.783372, 565.216000]: [mission] fase "saida_sobe" it1: no frame da parede eixo=-0.1 prof=+2.6 alt=+7.9 mm (tolerância 30/20/10)
[INFO] [1791377442.785001, 565.217000]: [mission] âncora solta — 1 correções de deriva
[INFO] [1791377442.787179, 565.220000]: [mission] fase "saida_sobe" alcançada em 2 iteração(ões) (0.0083 m) — âncora corrigiu 1 vez(es)
[INFO] [1791377442.795638, 565.228000]: [mission] âncora engatada (fase "saida_eixo")
[INFO] [1791377445.777489, 568.142000]: [mission] fase "saida_eixo" it0: ponta (0.381, 2.878, 0.824) erro=0.0305 | degrau eixo 12.2° | rolagem 12.2° | IK pediu [-23.4  -5.5  -0.   56.3  74.6] | faltou [ 1.8 -7.6 14.2 -8.   0.7] graus
[INFO] [1791377445.782633, 568.148000]: [mission] fase "saida_eixo" it0: no frame da parede eixo=-24.9 prof=+10.1 alt=+14.4 mm (tolerância 20/20/15)
[INFO] [1791377448.247235, 570.560000]: [mission] fase "saida_eixo" it1: ponta (0.406, 2.872, 0.833) erro=0.0067 | degrau eixo 12.9° | rolagem 12.9° | IK pediu [-25.3  -4.4   0.   56.2  73. ] | faltou [ 1.5 -1.4 -0.4  0.4  0.9] graus
[INFO] [1791377448.250823, 570.564000]: [mission] fase "saida_eixo" it1: no frame da parede eixo=-0.6 prof=+4.2 alt=+5.1 mm (tolerância 20/20/15)
[INFO] [1791377448.253906, 570.567000]: [mission] âncora solta — 2 correções de deriva
[INFO] [1791377448.257439, 570.570000]: [mission] fase "saida_eixo" alcançada em 2 iteração(ões) (0.0067 m) — âncora corrigiu 2 vez(es)
[INFO] [1791377448.264414, 570.577000]: [mission] âncora engatada (fase "saida_fora")
[INFO] [1791377451.142150, 573.382000]: [mission] fase "saida_fora" it0: ponta (0.401, 2.800, 0.822) erro=0.0359 | degrau eixo 6.9° | rolagem 8.8° | IK pediu [-26.9 -11.8  -0.   83.6  68.5] | faltou [ 1.   0.4 -2.  -3.9  0.9] graus
[INFO] [1791377451.143788, 573.384000]: [mission] fase "saida_fora" it0: no frame da parede eixo=-4.9 prof=+31.8 alt=+15.8 mm (tolerância 30/20/20)
[INFO] [1791377453.320792, 575.512000]: [mission] fase "saida_fora" it1: ponta (0.399, 2.760, 0.839) erro=0.0109 | degrau eixo 5.2° | rolagem 6.0° | IK pediu [-28.4 -11.1   0.   88.1  66.8] | faltou [ 1.5 -0.7 -0.9 -1.   0.9] graus
[INFO] [1791377453.325207, 575.517000]: [mission] fase "saida_fora" it1: no frame da parede eixo=-7.5 prof=-7.8 alt=-1.0 mm (tolerância 30/20/20)
[INFO] [1791377453.328207, 575.519000]: [mission] âncora solta — 2 correções de deriva
[INFO] [1791377453.329994, 575.521000]: [mission] fase "saida_fora" alcançada em 2 iteração(ões) (0.0109 m) — âncora corrigiu 2 vez(es)
[INFO] [1791377453.333502, 575.524000]: [mission] ABORT/afasta: RECUANDO 0.250 m só com as rodas
[INFO] [1791377457.830681, 579.926000]: [mission] ABORT/afasta: concluído (0.250 m)
[INFO] [1791377457.832965, 579.928000]: [mission] postura "stow_home" comandada: [0.0, 1.13, -1.04, -1.8, 0.0]
[INFO] [1791377482.495368, 604.081000]: [mission] ABORT/retorno: alinhado, avançando (1.20 m)
[INFO] [1791377482.546889, 604.131000]: [mission] teto por postura ativo no drive: v<=0.23 w<=0.50 rampa 0.52/1.48
[INFO] [1791377491.739665, 613.131000]: [mission] ABORT/retorno: chegou, ajustando heading final
[INFO] [1791377491.790604, 613.181000]: [mission] teto por postura ativo no drive: v<=0.23 w<=0.50 rampa 0.52/1.50
[INFO] [1791377498.685251, 619.931000]: [mission] ABORT/retorno: concluído
[INFO] [1791377498.687676, 619.934000]: State machine terminating 'ABORT_SAFE':'aborted':'MISSION_ABORTED'
[INFO] [1791377498.688946, 619.935000]: [mission] resultado: MISSION_ABORTED
... logging to /home/marco/.ros/log/58cd2ff8-c24c-11f1-bbd5-b025aa85b2a2/roslaunch-shiroi-3043438.log
Checking log directory for disk usage. This may take a while.
Press Ctrl-C to interrupt
]2;/home/marco/b166er/src/b166er_whole_body_control/launch/chave_mission.launch
[1mstarted roslaunch server http://shiroi:44153/[0m

SUMMARY
========

PARAMETERS
 * /chave_mission/estado_final: 
 * /chave_mission/estado_inicial: STOW_INIT
 * /chave_mission/pausa_por_fase: False
 * /chave_mission/search_omega: 0.35
 * /chave_mission/standoff_distance: 0.62
 * /chave_mission/use_wholebody: False
 * /chave_seccionadora_task/aproxima_lateral/modo: ik
 * /chave_seccionadora_task/aproxima_lateral/offset_xyz_m: [-0.09, 0.008, 0.01]
 * /chave_seccionadora_task/aproxima_lateral/tol_xyz_m: [0.04, 0.008, 0.005]
 * /chave_seccionadora_task/arco1/blade_angle_deg: 15
 * /chave_seccionadora_task/arco1/deriva_eixo_max_m: 0.015
 * /chave_seccionadora_task/arco1/modo: wb
 * /chave_seccionadora_task/arco1/offset_xyz_m: [0.0, 0.0518, -0....
 * /chave_seccionadora_task/arco1/soltura_recuo_min_m: 0.04
 * /chave_seccionadora_task/arco1/tol_xyz_m: [0.04, 0.01, 0.015]
 * /chave_seccionadora_task/arco2/blade_angle_deg: 30
 * /chave_seccionadora_task/arco2/deriva_eixo_max_m: 0.015
 * /chave_seccionadora_task/arco2/modo: wb
 * /chave_seccionadora_task/arco2/offset_xyz_m: [0.0, 0.1, -0.0518]
 * /chave_seccionadora_task/arco2/tol_xyz_m: [0.04, 0.01, 0.015]
 * /chave_seccionadora_task/atravessa/modo: ik
 * /chave_seccionadora_task/atravessa/offset_xyz_m: [-0.008, 0.008, 0...
 * /chave_seccionadora_task/atravessa/tol_xyz_m: [0.008, 0.006, 0....
 * /chave_seccionadora_task/captura/modo: ik
 * /chave_seccionadora_task/captura/offset_xyz_m: [0.0, 0.0, -0.01]
 * /chave_seccionadora_task/captura/tol_xyz_m: [0.04, 0.006, 0.01]
 * /chave_seccionadora_task/desengata/modo: ik
 * /chave_seccionadora_task/desengata/offset_xyz_m: [-0.09, 0.1, -0.0...
 * /chave_seccionadora_task/destrava/curso_estagna_m: 0.01
 * /chave_seccionadora_task/destrava/curso_margem_m: 0.002
 * /chave_seccionadora_task/destrava/curso_min_m: 0.018
 * /chave_seccionadora_task/destrava/curso_teto_m: 0.022
 * /chave_seccionadora_task/destrava/modo: wb
 * /chave_seccionadora_task/destrava/offset_xyz_m: [0.0, 0.0, -0.025]
 * /chave_seccionadora_task/destrava/tol_xyz_m: [0.04, 0.006, 0.004]
 * /chave_seccionadora_task/libera/deriva_eixo_max_m: 0.015
 * /chave_seccionadora_task/libera/modo: wb
 * /chave_seccionadora_task/libera/offset_xyz_m: [0.0, 0.03, -0.025]
 * /chave_seccionadora_task/libera/tol_xyz_m: [0.04, 0.008, 0.006]
 * /chave_seccionadora_task/orienta/modo: ik
 * /chave_seccionadora_task/orienta/offset_xyz_m: [-0.09, 0.15, 0.0...
 * /chave_seccionadora_task/reassenta_sobe/tol_xyz_m: [0.03, 0.02, 0.005]
 * /chave_seccionadora_task/saida_eixo/tol_xyz_m: [0.02, 0.02, 0.015]
 * /chave_seccionadora_task/saida_fora/tol_xyz_m: [0.03, 0.02, 0.02]
 * /chave_seccionadora_task/saida_sobe/tol_xyz_m: [0.03, 0.02, 0.01]
 * /chave_seccionadora_task/target_frame: chave_olhal_link
 * /fuzzy_wb_controller/fixed_gains: []
 * /rosdistro: noetic
 * /rosversion: 1.17.4

NODES
  /
    chave_mission (b166er_whole_body_control/chave_mission.py)

[1mROS_MASTER_URI=http://localhost:11311[0m
]2;/home/marco/b166er/src/b166er_whole_body_control/launch/chave_mission.launch http://localhost:11311
[1mprocess[chave_mission-1]: started with pid [3043482][0m
[1m[chave_mission-1] process has finished cleanly
log file: /home/marco/.ros/log/58cd2ff8-c24c-11f1-bbd5-b025aa85b2a2/chave_mission-1*.log[0m
all processes on machine have died, roslaunch will exit
shutting down processing monitor...
... shutting down processing monitor complete
[1mdone[0m
