[31mWARNING: disk usage in log directory [/home/marco/.ros/log] is over 1GB.
It's recommended that you use the 'rosclean' command.[0m
the rosdep view is empty: call 'sudo rosdep init' and 'rosdep update'
[WARN] [1790790892.984273, 90.118000]: [mission] SEARCH: 2 de 25 amostras descartadas como outlier (>0.15 m ou >0.20 rad da mediana)
[INFO] [1790790869.400665, 0.000000]: garra_dx = 0.030 m (aberta)
[INFO] [1790790869.449922, 66.964000]: State machine starting in initial state 'STOW_INIT' with userdata: 
	[]
[INFO] [1790790869.650283, 67.165000]: [mission] pose de partida registrada: (0.01, 1.00, 0.00 rad)
[INFO] [1790790869.651634, 67.166000]: [mission] postura "stow_home" comandada: [0.0, 1.13, -1.04, -1.8, 0.0]
[INFO] [1790790869.752250, 67.267000]: State machine transitioning 'STOW_INIT':'ok'-->'SEARCH'
[INFO] [1790790869.753506, 67.268000]: [mission] postura "search" comandada: [0.0, 1.0, -1.0, 0.0, 0.0]
[INFO] [1790790875.856264, 73.268000]: [mission] SEARCH — girando à procura da tag...
[INFO] [1790790875.857438, 73.269000]: [mission] SEARCH: amostra quando a tag estiver a raio 0.35-0.50 do quadro (vista oblíqua; omega fina 0.15 rad/s)
[INFO] [1790790877.182306, 74.570000]: [mission] SEARCH: tag a raio 0.94 — girando até <= 0.50
[INFO] [1790790884.861977, 82.121000]: [mission] SEARCH: tag a raio 0.50 — parando
[INFO] [1790790884.866214, 82.125000]: [mission] tag avistada — parando para medir
[INFO] [1790790885.891672, 83.131000]: [mission] âncora engatada (coleta do SEARCH)
[INFO] [1790790885.893329, 83.133000]: [mission] SEARCH: coleta com dither ±0.05 rad/s (período 3.0 s)
[INFO] [1790790892.968495, 90.103000]: [mission] âncora solta — 12 correções de deriva
[INFO] [1790790892.971362, 90.106000]: [mission] SEARCH: âncora corrigiu a deriva 12 vez(es) durante a coleta
[INFO] [1790790892.985295, 90.120000]: [mission] SEARCH: 23 amostras — parede (0.026, 3.111, -0.004) yaw=2.884
[INFO] [1790790892.985947, 90.121000]: [mission] parede localizada em (0.026, 3.111, -0.004)
[INFO] [1790790892.989235, 90.124000]: State machine transitioning 'SEARCH':'found'-->'APPROACH'
[INFO] [1790790892.990059, 90.125000]: [mission] APPROACH etapa 1/2 — 1.30 m do olhal, alvo (-0.15, 1.68, 1.31 rad)
[INFO] [1790790892.991070, 90.126000]: [mission] teto por postura ativo no drive: v<=0.17 w<=0.50 rampa 0.45/1.52
[INFO] [1790790897.669333, 94.726000]: [mission] APPROACH: alinhado, avançando (0.86 m)
[INFO] [1790790904.480422, 101.426000]: [mission] APPROACH: chegou, ajustando heading final
[INFO] [1790790904.530881, 101.476000]: [mission] teto por postura ativo no drive: v<=0.17 w<=0.50 rampa 0.45/1.52
[INFO] [1790790907.624832, 104.526000]: [mission] APPROACH: concluído
[INFO] [1790790908.639145, 105.530000]: [mission] âncora engatada (coleta do APPROACH/remedida)
[INFO] [1790790908.640518, 105.531000]: [mission] APPROACH/remedida: coleta com dither ±0.05 rad/s (período 3.0 s)
[INFO] [1790790909.781677, 106.657000]: [mission] âncora solta — 1 correções de deriva
[INFO] [1790790909.783487, 106.659000]: [mission] APPROACH/remedida: âncora corrigiu a deriva 1 vez(es) durante a coleta
[INFO] [1790790909.785048, 106.660000]: [mission] APPROACH/remedida: 10 amostras — parede (0.008, 3.010, -0.003) yaw=3.132
[INFO] [1790790909.786720, 106.662000]: [mission] APPROACH etapa 2/2 — 0.88 m do olhal, alvo (0.37, 2.00, 1.56 rad)
[INFO] [1790790909.788126, 106.663000]: [mission] teto por postura ativo no drive: v<=0.17 w<=0.50 rampa 0.45/1.52
[INFO] [1790790914.495331, 111.263000]: [mission] APPROACH: alinhado, avançando (0.69 m)
[INFO] [1790790920.609490, 117.263000]: [mission] APPROACH: chegou, ajustando heading final
[INFO] [1790790920.661109, 117.313000]: [mission] teto por postura ativo no drive: v<=0.17 w<=0.50 rampa 0.45/1.51
[INFO] [1790790926.601523, 123.163000]: [mission] APPROACH: concluído
[INFO] [1790790926.605304, 123.167000]: State machine transitioning 'APPROACH':'arrived'-->'REFINE'
[INFO] [1790790926.606225, 123.168000]: [mission] REFINE — remedindo a parede de perto (10 amostras)
[INFO] [1790790926.608611, 123.170000]: [mission] âncora engatada (coleta do REFINE)
[INFO] [1790790926.609381, 123.171000]: [mission] REFINE: coleta com dither ±0.05 rad/s (período 3.0 s)
[INFO] [1790790927.751454, 124.303000]: [mission] âncora solta — 1 correções de deriva
[INFO] [1790790927.754241, 124.305000]: [mission] REFINE: âncora corrigiu a deriva 1 vez(es) durante a coleta
[INFO] [1790790927.757257, 124.308000]: [mission] REFINE: 10 amostras — parede (0.003, 3.007, -0.001) yaw=3.124
[INFO] [1790790927.758578, 124.310000]: [mission] REFINE: deslocou 0.007 m da estimativa anterior
[INFO] [1790790927.761026, 124.312000]: [mission] olhal estimado em (0.200, 2.873, 0.804)
[INFO] [1790790927.765563, 124.317000]: State machine transitioning 'REFINE':'ok'-->'DEPLOY'
[INFO] [1790790927.767873, 124.319000]: [mission] DEPLOY: IK resolvida para a POSE DE MANIPULAÇÃO (0.19, 2.25, 1.55 rad), não para a atual
[INFO] [1790790932.556294, 127.082000]: [mission] DEPLOY: IK nivelada 0.0553 m, só eixo 0.0000 m — a MISSÃO INTEIRA usa "eixo"
[INFO] [1790790932.559737, 129.105000]: [mission] DEPLOY: IK da ponta resolvida (resíduo 0.0000 m, degrau 0.1°) — pré-posicionando em [-10.3 -42.3  51.9  79.8  79.7] graus
[INFO] [1790790939.054743, 135.506000]: [mission] plano de exclusão publicado: parede em [ 3.000e-03  3.007e+00 -1.000e-03], normal segura [-0.017 -1.     0.   ]
[INFO] [1790790939.263860, 135.716000]: [mission] teto por postura ativo no drive: v<=0.18 w<=0.50 rampa 0.46/1.64
[INFO] [1790790943.407436, 139.815000]: [mission] DEPLOY/aproxima: alinhado, avançando (0.44 m)
[INFO] [1790790948.120215, 144.465000]: [mission] DEPLOY/aproxima: chegou, ajustando heading final
[INFO] [1790790953.321892, 149.615000]: [mission] DEPLOY/aproxima: concluído
[INFO] [1790790953.322875, 149.616000]: State machine transitioning 'DEPLOY':'ok'-->'MANIPULATE'
[INFO] [1790790953.323766, 149.617000]: [mission] fase "orienta": modo IK iterativa (YAML)
[INFO] [1790790953.325942, 149.619000]: [mission] âncora engatada (fase "orienta")
[INFO] [1790790957.780647, 154.022000]: [mission] fase "orienta" it0: ponta (0.286, 2.730, 0.810) erro=0.0086 | degrau eixo 1.5° | rolagem 1.6° | IK pediu [-20.7 -17.6   0.2 101.8  74. ] | faltou [ 0.  -2.1  3.8 -2.1  0. ] graus
[INFO] [1790790957.784641, 154.025000]: [mission] âncora solta — 1 correções de deriva
[INFO] [1790790957.786623, 154.029000]: [mission] fase "orienta" alcançada em 1 iteração(ões) (0.0086 m) — âncora corrigiu 1 vez(es)
[INFO] [1790790958.299836, 154.538000]: [mission] fase "aproxima_lateral": modo IK iterativa (YAML)
[INFO] [1790790958.304319, 154.542000]: [mission] âncora engatada (fase "aproxima_lateral")
[INFO] [1790790961.554923, 157.747000]: [mission] fase "aproxima_lateral" it0: ponta (0.287, 2.879, 0.808) erro=0.0099 | degrau eixo 7.0° | rolagem 7.0° | IK pediu [-17.9 -13.1  -0.   70.3  78.9] | faltou [ 0.  -0.5  0.2  0.7 -0. ] graus
[INFO] [1790790961.558715, 157.750000]: [mission] fase "aproxima_lateral" it0: no frame da parede eixo=-3.5 prof=+7.2 alt=+5.8 mm (tolerância 40/8/5)
[INFO] [1790790963.110730, 159.275000]: [mission] fase "aproxima_lateral" it1: ponta (0.294, 2.869, 0.813) erro=0.0043 | degrau eixo 6.8° | rolagem 7.3° | IK pediu [-18.6 -12.9   0.   71.9  78.4] | faltou [ 0.2 -0.2 -0.5 -0.8  0.1] graus
[INFO] [1790790963.113439, 159.278000]: [mission] fase "aproxima_lateral" it1: no frame da parede eixo=+3.5 prof=-2.3 alt=+0.8 mm (tolerância 40/8/5)
[INFO] [1790790963.115268, 159.280000]: [mission] âncora solta — 2 correções de deriva
[INFO] [1790790963.116583, 159.281000]: [mission] fase "aproxima_lateral" alcançada em 2 iteração(ões) (0.0043 m) — âncora corrigiu 2 vez(es)
[INFO] [1790790963.631579, 159.785000]: [mission] fase "atravessa": modo IK iterativa (YAML)
[INFO] [1790790963.637023, 159.790000]: [mission] âncora engatada (fase "atravessa")
[INFO] [1790790965.460767, 161.596000]: [mission] fase "atravessa" it0: ponta (0.228, 2.876, 0.809) erro=0.0205 | degrau eixo 3.1° | rolagem 4.0° | IK pediu [-11.7 -14.    0.   74.5  84.4] | faltou [-1.7 -0.2 -0.5 -0.6 -1.1] graus
[INFO] [1790790965.462290, 161.597000]: [mission] fase "atravessa" it0: no frame da parede eixo=+19.5 prof=+3.2 alt=+5.5 mm (tolerância 8/6/5)
[INFO] [1790790966.882826, 163.003000]: [mission] fase "atravessa" it1: ponta (0.210, 2.872, 0.811) erro=0.0036 | degrau eixo 2.4° | rolagem 2.6° | IK pediu [-10.8 -13.8   0.1  75.8  85.5] | faltou [-1.3 -0.5 -0.4 -0.4 -0.2] graus
[WARN] [1790790972.177076, 168.240000]: [mission] fase "destrava": descida estagnou em 11.6 mm (mín 10 para aceitar; alvo 18) — fim de curso do mecanismo, fechando a fase
[WARN] [1790790972.398442, 168.455000]: [mission] destrava: lingueta em 8.0 mm (esperado ≥ 12) — o gatilho pode não ter soltado
[WARN] [1790790990.300004, 186.139000]: [mission] RETRACT: ponta a 0.141 m do olhal — saindo em degraus: sobe 30 mm, 120 mm pelo eixo do furo, 100 mm para fora, antes de recolher
[INFO] [1790790966.884604, 163.005000]: [mission] fase "atravessa" it1: no frame da parede eixo=+1.8 prof=-1.3 alt=+2.8 mm (tolerância 8/6/5)
[INFO] [1790790966.885493, 163.006000]: [mission] âncora solta — 1 correções de deriva
[INFO] [1790790966.886137, 163.006000]: [mission] fase "atravessa" alcançada em 2 iteração(ões) (0.0036 m) — âncora corrigiu 1 vez(es)
[INFO] [1790790967.394172, 163.509000]: [mission] fase "captura": modo IK iterativa (YAML)
[INFO] [1790790967.397870, 163.512000]: [mission] âncora engatada (fase "captura")
[INFO] [1790790968.922162, 165.017000]: [mission] fase "captura" it0: ponta (0.209, 2.874, 0.791) erro=0.0094 | degrau eixo 2.8° | rolagem 3.0° | IK pediu [-11.3 -16.5  -0.   76.5  85. ] | faltou [-0.9 -0.3 -0.2 -0.2 -0. ] graus
[INFO] [1790790968.924711, 165.020000]: [mission] fase "captura" it0: no frame da parede eixo=+8.9 prof=+1.2 alt=+2.9 mm (tolerância 40/6/10)
[INFO] [1790790968.926717, 165.022000]: [mission] fase "captura" alcançada em 1 iteração(ões) (0.0094 m)
[INFO] [1790790968.936837, 165.031000]: [mission] captura: ponta registrada em eixo=-8.9 prof=-1.2 alt=-12.9 mm (zero da descida do destrava e da deriva de eixo)
[INFO] [1790790969.444848, 165.533000]: [mission] fase "destrava": alvo em altura relativo à captura: -32.9 mm (captura -12.9 − curso 18 − margem 2)
[INFO] [1790790969.446251, 165.534000]: [mission] fase "destrava": modo whole-body/Fuzzy (YAML)
[INFO] [1790790969.649089, 165.735000]: [mission] plano de exclusão publicado: parede em [ 3.000e-03  3.007e+00 -1.000e-03], normal segura [-0.017 -1.     0.   ]
[INFO] [1790790969.955852, 166.039000]: [mission] fase "destrava": whole-body assumiu (base livre, restrita pelo plano de exclusão)
[INFO] [1790790969.957525, 166.040000]: [mission] fase "destrava": whole-body a 0.0196 m do alvo — eixo=+8.9 prof=+1.1 alt=-17.4 mm
[INFO] [1790790972.076594, 168.140000]: [mission] fase "destrava": whole-body a 0.0122 m do alvo — eixo=+8.6 prof=-3.5 alt=-7.9 mm
[INFO] [1790790972.395411, 168.452000]: [mission] destrava: ponta desceu 11.3 mm desde a captura (critério observável) | lingueta 8.0 mm (só na simulação)
[INFO] [1790790972.911471, 168.957000]: [mission] fase "libera": modo whole-body/Fuzzy (YAML)
[INFO] [1790790973.115530, 169.159000]: [mission] plano de exclusão publicado: parede em [ 3.000e-03  3.007e+00 -1.000e-03], normal segura [-0.017 -1.     0.   ]
[INFO] [1790790973.418394, 169.461000]: [mission] fase "libera": whole-body assumiu (base livre, restrita pelo plano de exclusão)
[INFO] [1790790974.141603, 170.162000]: [mission] fase "libera": whole-body a 0.0259 m do alvo — eixo=+8.6 prof=+24.2 alt=+3.5 mm
[INFO] [1790790976.264110, 172.262000]: [mission] fase "libera": whole-body a 0.0201 m do alvo — eixo=+8.4 prof=+18.0 alt=+3.1 mm
[INFO] [1790790978.279279, 174.263000]: [mission] fase "libera": whole-body a 0.0198 m do alvo — eixo=+8.4 prof=+17.6 alt=+3.4 mm
[INFO] [1790790980.388580, 176.363000]: [mission] fase "libera": whole-body a 0.0243 m do alvo — eixo=+9.5 prof=-22.1 alt=-3.4 mm
[INFO] [1790790981.706524, 177.662000]: [mission] fase "libera" alcançada por whole-body em 8.2s (0.0096 m) — no frame da parede eixo=+9.2 prof=-1.5 alt=-2.3 mm (tolerância 40/8/6)
[INFO] [1790790982.412521, 178.365000]: [mission] fase "arco1"/puxa: RECUANDO 0.022 m só com as rodas
[INFO] [1790790982.865205, 178.817000]: [mission] fase "arco1"/puxa: concluído (0.023 m)
[INFO] [1790790982.867388, 178.819000]: [mission] fase "arco1": modo whole-body/Fuzzy (YAML)
[INFO] [1790790983.071434, 179.022000]: [mission] plano de exclusão publicado: parede em [ 3.000e-03  3.007e+00 -1.000e-03], normal segura [-0.017 -1.     0.   ]
[INFO] [1790790983.377241, 179.324000]: [mission] fase "arco1": whole-body assumiu (base livre, restrita pelo plano de exclusão)
[INFO] [1790790983.378386, 179.325000]: [mission] fase "arco1": whole-body a 0.0128 m do alvo — eixo=+9.2 prof=+8.6 alt=-2.0 mm
[INFO] [1790790983.780643, 179.724000]: [mission] fase "arco1" alcançada por whole-body em 0.4s (0.0104 m) — no frame da parede eixo=+9.3 prof=+4.3 alt=-1.6 mm (tolerância 40/10/15)
[INFO] [1790790983.781848, 179.725000]: [mission] arco1: SOLTURA observável — recuo 48.6 mm desde a captura (mín 40) com deriva de eixo -0.4 mm → SOLTA
[INFO] [1790790983.992226, 179.934000]: [mission] waypoint de 15° — lâmina medida em 15.3° (abertura por CONTATO)
[INFO] [1790790984.502110, 180.436000]: [mission] fase "arco2"/puxa: RECUANDO 0.048 m só com as rodas
[INFO] [1790790985.472893, 181.387000]: [mission] fase "arco2"/puxa: concluído (0.051 m)
[INFO] [1790790985.474302, 181.388000]: [mission] fase "arco2": modo whole-body/Fuzzy (YAML)
[INFO] [1790790985.682342, 181.590000]: [mission] plano de exclusão publicado: parede em [ 3.000e-03  3.007e+00 -1.000e-03], normal segura [-0.017 -1.     0.   ]
[INFO] [1790790985.999577, 181.894000]: [mission] fase "arco2": whole-body assumiu (base livre, restrita pelo plano de exclusão)
[INFO] [1790790986.001230, 181.895000]: [mission] fase "arco2": whole-body a 0.0168 m do alvo — eixo=+9.9 prof=-3.0 alt=-13.2 mm
[INFO] [1790790986.398480, 182.295000]: [mission] fase "arco2" alcançada por whole-body em 0.4s (0.0176 m) — no frame da parede eixo=+9.9 prof=-6.4 alt=-13.1 mm (tolerância 40/10/15)
[INFO] [1790790986.615579, 182.506000]: [mission] waypoint de 30° — lâmina medida em 29.3° (abertura por CONTATO)
[INFO] [1790790987.126105, 183.007000]: [mission] fase "desengata": modo IK iterativa (YAML)
[INFO] [1790790987.130724, 183.011000]: [mission] âncora engatada (fase "desengata")
[INFO] [1790790989.372230, 185.219000]: [mission] fase "desengata" it0: ponta (0.290, 2.779, 0.747) erro=0.0093 | degrau eixo 6.6° | rolagem 7.0° | IK pediu [-18.5 -21.1  -0.   77.5  79.7] | faltou [ 0.1 -0.2 -0.4 -0.5 -0. ] graus
[INFO] [1790790989.375363, 185.221000]: [mission] fase "desengata" alcançada em 1 iteração(ões) (0.0093 m)
[INFO] [1790790989.892518, 185.735000]: [mission] MANIPULATE concluída — chave ABERTA, lâmina medida em 29.1°
[INFO] [1790790989.894493, 185.737000]: State machine transitioning 'MANIPULATE':'done'-->'RETRACT'
[INFO] [1790790990.304566, 186.144000]: [mission] âncora engatada (fase "saida_sobe")
[INFO] [1790790991.894724, 187.719000]: [mission] fase "saida_sobe" it0: ponta (0.291, 2.787, 0.771) erro=0.0086 | degrau eixo 6.5° | rolagem 6.9° | IK pediu [-18.5 -18.1   0.   75.5  79.5] | faltou [ 0.1 -0.4 -0.3 -0.2  0. ] graus
[INFO] [1790790991.897530, 187.722000]: [mission] fase "saida_sobe" it0: no frame da parede eixo=+0.6 prof=+6.6 alt=+5.6 mm (tolerância 30/20/10)
[INFO] [1790790991.899309, 187.724000]: [mission] fase "saida_sobe" alcançada em 1 iteração(ões) (0.0086 m)
[INFO] [1790790991.903364, 187.728000]: [mission] âncora engatada (fase "saida_eixo")
[INFO] [1790790993.878744, 189.687000]: [mission] fase "saida_eixo" it0: ponta (0.410, 2.786, 0.770) erro=0.0102 | degrau eixo 13.3° | rolagem 14.3° | IK pediu [-27.7 -15.9   0.   67.   72.5] | faltou [ 0.2 -0.3 -0.4 -0.6 -0. ] graus
[INFO] [1790790993.884048, 189.689000]: [mission] fase "saida_eixo" it0: no frame da parede eixo=+0.2 prof=+7.4 alt=+6.9 mm (tolerância 20/20/15)
[INFO] [1790790993.887245, 189.695000]: [mission] fase "saida_eixo" alcançada em 1 iteração(ões) (0.0102 m)
[INFO] [1790790993.894917, 189.701000]: [mission] âncora engatada (fase "saida_fora")
[INFO] [1790790996.624287, 192.410000]: [mission] fase "saida_fora" it0: ponta (0.408, 2.684, 0.773) erro=0.0066 | degrau eixo 8.4° | rolagem 9.5° | IK pediu [-31.1 -20.9   0.   90.6  66.2] | faltou [ 0.1 -0.  -0.8 -1.4 -0. ] graus
[INFO] [1790790996.626939, 192.413000]: [mission] fase "saida_fora" it0: no frame da parede eixo=-0.5 prof=+5.8 alt=+3.1 mm (tolerância 30/20/20)
[INFO] [1790790996.628443, 192.415000]: [mission] âncora solta — 1 correções de deriva
[INFO] [1790790996.630053, 192.416000]: [mission] fase "saida_fora" alcançada em 1 iteração(ões) (0.0066 m) — âncora corrigiu 1 vez(es)
[INFO] [1790790996.631552, 192.418000]: [mission] RETRACT/afasta: RECUANDO 0.250 m só com as rodas
[INFO] [1790791001.150125, 196.869000]: [mission] RETRACT/afasta: concluído (0.251 m)
[INFO] [1790791001.151879, 196.870000]: [mission] postura "stow_home" comandada: [0.0, 1.13, -1.04, -1.8, 0.0]
[INFO] [1790791012.594182, 208.172000]: State machine transitioning 'RETRACT':'ok'-->'RETURN'
[INFO] [1790791012.595745, 208.173000]: [mission] RETURN — voltando a (0.01, 1.00, 0.00 rad)
[INFO] [1790791026.320751, 221.724000]: [mission] RETURN: alinhado, avançando (1.19 m)
[INFO] [1790791026.372838, 221.774000]: [mission] teto por postura ativo no drive: v<=0.23 w<=0.50 rampa 0.51/1.52
[INFO] [1790791035.427601, 230.724000]: [mission] RETURN: chegou, ajustando heading final
[INFO] [1790791035.478974, 230.774000]: [mission] teto por postura ativo no drive: v<=0.23 w<=0.50 rampa 0.51/1.52
[INFO] [1790791042.401349, 237.624000]: [mission] RETURN: concluído
[INFO] [1790791042.402154, 237.625000]: State machine terminating 'RETURN':'home':'MISSION_OK'
[INFO] [1790791042.402744, 237.625000]: [mission] resultado: MISSION_OK
... logging to /home/marco/.ros/log/cfdb7cbc-bcf7-11f1-bfd5-b025aa85b2a2/roslaunch-shiroi-2057003.log
Checking log directory for disk usage. This may take a while.
Press Ctrl-C to interrupt
]2;/home/marco/b166er/src/b166er_whole_body_control/launch/chave_mission.launch
[1mstarted roslaunch server http://shiroi:44597/[0m

SUMMARY
========

PARAMETERS
 * /chave_mission/estado_final: 
 * /chave_mission/estado_inicial: STOW_INIT
 * /chave_mission/pausa_por_fase: False
 * /chave_mission/search_omega: 0.35
 * /chave_mission/standoff_distance: 0.62
 * /chave_mission/use_wholebody: False
 * /chave_seccionadora_task/aproxima_lateral/modo: ik
 * /chave_seccionadora_task/aproxima_lateral/offset_xyz_m: [-0.09, 0.0, 0.01]
 * /chave_seccionadora_task/aproxima_lateral/tol_xyz_m: [0.04, 0.008, 0.005]
 * /chave_seccionadora_task/arco1/blade_angle_deg: 15
 * /chave_seccionadora_task/arco1/deriva_eixo_max_m: 0.015
 * /chave_seccionadora_task/arco1/modo: wb
 * /chave_seccionadora_task/arco1/offset_xyz_m: [0.0, 0.0518, -0....
 * /chave_seccionadora_task/arco1/soltura_recuo_min_m: 0.04
 * /chave_seccionadora_task/arco1/tol_xyz_m: [0.04, 0.01, 0.015]
 * /chave_seccionadora_task/arco2/blade_angle_deg: 30
 * /chave_seccionadora_task/arco2/deriva_eixo_max_m: 0.015
 * /chave_seccionadora_task/arco2/modo: wb
 * /chave_seccionadora_task/arco2/offset_xyz_m: [0.0, 0.1, -0.0518]
 * /chave_seccionadora_task/arco2/tol_xyz_m: [0.04, 0.01, 0.015]
 * /chave_seccionadora_task/atravessa/modo: ik
 * /chave_seccionadora_task/atravessa/offset_xyz_m: [-0.008, 0.0, 0.01]
 * /chave_seccionadora_task/atravessa/tol_xyz_m: [0.008, 0.006, 0....
 * /chave_seccionadora_task/captura/modo: ik
 * /chave_seccionadora_task/captura/offset_xyz_m: [0.0, 0.0, -0.01]
 * /chave_seccionadora_task/captura/tol_xyz_m: [0.04, 0.006, 0.01]
 * /chave_seccionadora_task/desengata/modo: ik
 * /chave_seccionadora_task/desengata/offset_xyz_m: [-0.09, 0.1, -0.0...
 * /chave_seccionadora_task/destrava/curso_estagna_m: 0.01
 * /chave_seccionadora_task/destrava/curso_margem_m: 0.002
 * /chave_seccionadora_task/destrava/curso_min_m: 0.018
 * /chave_seccionadora_task/destrava/modo: wb
 * /chave_seccionadora_task/destrava/offset_xyz_m: [0.0, 0.0, -0.025]
 * /chave_seccionadora_task/destrava/tol_xyz_m: [0.04, 0.006, 0.004]
 * /chave_seccionadora_task/libera/deriva_eixo_max_m: 0.015
 * /chave_seccionadora_task/libera/modo: wb
 * /chave_seccionadora_task/libera/offset_xyz_m: [0.0, 0.03, -0.025]
 * /chave_seccionadora_task/libera/tol_xyz_m: [0.04, 0.008, 0.006]
 * /chave_seccionadora_task/orienta/modo: ik
 * /chave_seccionadora_task/orienta/offset_xyz_m: [-0.09, 0.15, 0.0...
 * /chave_seccionadora_task/reassenta_sobe/tol_xyz_m: [0.03, 0.02, 0.005]
 * /chave_seccionadora_task/saida_eixo/tol_xyz_m: [0.02, 0.02, 0.015]
 * /chave_seccionadora_task/saida_fora/tol_xyz_m: [0.03, 0.02, 0.02]
 * /chave_seccionadora_task/saida_sobe/tol_xyz_m: [0.03, 0.02, 0.01]
 * /chave_seccionadora_task/target_frame: chave_olhal_link
 * /fuzzy_wb_controller/fixed_gains: []
 * /rosdistro: noetic
 * /rosversion: 1.17.4

NODES
  /
    chave_mission (b166er_whole_body_control/chave_mission.py)

[1mROS_MASTER_URI=http://localhost:11311[0m
]2;/home/marco/b166er/src/b166er_whole_body_control/launch/chave_mission.launch http://localhost:11311
[1mprocess[chave_mission-1]: started with pid [2057060][0m
[1m[chave_mission-1] process has finished cleanly
log file: /home/marco/.ros/log/cfdb7cbc-bcf7-11f1-bfd5-b025aa85b2a2/chave_mission-1*.log[0m
all processes on machine have died, roslaunch will exit
shutting down processing monitor...
... shutting down processing monitor complete
[1mdone[0m
