[31mWARNING: disk usage in log directory [/home/marco/.ros/log] is over 1GB.
It's recommended that you use the 'rosclean' command.[0m
the rosdep view is empty: call 'sudo rosdep init' and 'rosdep update'
[WARN] [1791390559.357242, 307.736000]: [mission] SEARCH: ajuste não convergiu em 8s (raio 0.51) — amostrando assim mesmo
[WARN] [1791390582.886111, 330.922000]: [mission] SEARCH: 20 de 25 amostras descartadas como outlier (>0.15 m ou >0.20 rad da mediana)
[INFO] [1791390537.487148, 286.267000]: garra_dx = 0.000 m (fechada)
[INFO] [1791390537.539944, 286.322000]: State machine starting in initial state 'STOW_INIT' with userdata: 
	[]
[INFO] [1791390537.742364, 286.522000]: [mission] pose de partida registrada: (0.01, 1.00, 0.00 rad)
[INFO] [1791390537.745388, 286.525000]: [mission] postura "stow_home" comandada: [0.0, 1.13, -1.04, -1.8, 0.0]
[INFO] [1791390538.358149, 287.128000]: State machine transitioning 'STOW_INIT':'ok'-->'SEARCH'
[INFO] [1791390538.360533, 287.130000]: [mission] postura "search" comandada: [0.0, 1.0, -1.0, 0.0, 0.0]
[INFO] [1791390549.784609, 298.332000]: [mission] SEARCH — girando à procura da tag...
[INFO] [1791390549.785661, 298.333000]: [mission] SEARCH: amostra quando a tag estiver a raio 0.35-0.50 do quadro (vista oblíqua; omega fina 0.15 rad/s)
[INFO] [1791390551.154331, 299.684000]: [mission] SEARCH: tag a raio 0.93 — girando até <= 0.50
[INFO] [1791390559.359096, 307.738000]: [mission] tag avistada — parando para medir
[INFO] [1791390560.387434, 308.747000]: [mission] âncora engatada (coleta do SEARCH)
[INFO] [1791390560.389218, 308.749000]: [mission] SEARCH: coleta com dither ±0.05 rad/s (período 3.0 s)
[INFO] [1791390582.859772, 330.900000]: [mission] âncora solta — 42 correções de deriva
[INFO] [1791390582.863699, 330.903000]: [mission] SEARCH: âncora corrigiu a deriva 42 vez(es) durante a coleta
[INFO] [1791390582.888692, 330.928000]: [mission] SEARCH: 5 amostras — parede (0.008, 3.061, -0.006) yaw=3.099
[INFO] [1791390582.943614, 330.982000]: [mission] SEARCH: parede pelo LASER — 64 pontos, resíduo 5.0 mm: profundidade +61.2 mm e yaw +2.45° em relação à tag → parede (0.008, 3.000, -0.006) yaw=3.142
[INFO] [1791390582.946637, 330.986000]: [mission] parede localizada em (0.008, 3.000, -0.006)
[INFO] [1791390582.953670, 330.993000]: State machine transitioning 'SEARCH':'found'-->'APPROACH'
[INFO] [1791390582.954964, 330.994000]: [mission] APPROACH etapa 1/2 — 1.30 m do olhal, alvo (0.21, 1.57, 1.57 rad)
[INFO] [1791390585.397429, 333.396000]: [mission] APPROACH: alinhado, avançando (0.68 m)
[INFO] [1791390585.447924, 333.446000]: [mission] teto por postura ativo no drive: v<=0.15 w<=0.50 rampa 0.43/1.52
[INFO] [1791390591.112416, 338.996000]: [mission] APPROACH: chegou, ajustando heading final
[INFO] [1791390591.164793, 339.046000]: [mission] APPROACH: concluído
[INFO] [1791390592.187994, 340.052000]: [mission] âncora engatada (coleta do APPROACH/remedida)
[INFO] [1791390592.190307, 340.054000]: [mission] APPROACH/remedida: coleta com dither ±0.05 rad/s (período 3.0 s)
[INFO] [1791390593.454739, 341.290000]: [mission] âncora solta — 2 correções de deriva
[INFO] [1791390593.456424, 341.292000]: [mission] APPROACH/remedida: âncora corrigiu a deriva 2 vez(es) durante a coleta
[INFO] [1791390593.458415, 341.293000]: [mission] APPROACH/remedida: 10 amostras — parede (0.006, 3.031, -0.003) yaw=3.065
[INFO] [1791390593.513046, 341.347000]: [mission] APPROACH/remedida: parede pelo LASER — 68 pontos, resíduo 4.6 mm: profundidade +32.6 mm e yaw +4.27° em relação à tag → parede (0.006, 2.998, -0.003) yaw=3.140
[INFO] [1791390593.515611, 341.350000]: [mission] APPROACH etapa 2/2 — 0.88 m do olhal, alvo (0.37, 1.99, 1.57 rad)
[INFO] [1791390595.565690, 343.353000]: [mission] APPROACH: alinhado, avançando (0.51 m)
[INFO] [1791390595.617460, 343.403000]: [mission] teto por postura ativo no drive: v<=0.16 w<=0.50 rampa 0.44/1.52
[INFO] [1791390600.522140, 348.203000]: [mission] APPROACH: chegou, ajustando heading final
[INFO] [1791390603.799029, 351.403000]: [mission] APPROACH: concluído
[INFO] [1791390603.809207, 351.413000]: State machine transitioning 'APPROACH':'arrived'-->'REFINE'
[INFO] [1791390603.811845, 351.416000]: [mission] REFINE — remedindo a parede de perto (10 amostras)
[INFO] [1791390603.816255, 351.420000]: [mission] âncora engatada (coleta do REFINE)
[INFO] [1791390603.817939, 351.422000]: [mission] REFINE: coleta com dither ±0.05 rad/s (período 3.0 s)
[INFO] [1791390604.984030, 352.565000]: [mission] âncora solta — 5 correções de deriva
[INFO] [1791390604.986212, 352.567000]: [mission] REFINE: âncora corrigiu a deriva 5 vez(es) durante a coleta
[INFO] [1791390604.988402, 352.569000]: [mission] REFINE: 10 amostras — parede (0.002, 2.998, 0.000) yaw=3.140
[INFO] [1791390605.039885, 352.620000]: [mission] REFINE: parede pelo LASER — 83 pontos, resíduo 5.3 mm: profundidade -0.1 mm e yaw +0.12° em relação à tag → parede (0.002, 2.998, 0.000) yaw=-3.141
[INFO] [1791390605.042346, 352.623000]: [mission] REFINE: deslocou 0.005 m da estimativa anterior
[INFO] [1791390605.043721, 352.624000]: [mission] olhal estimado em (0.202, 2.868, 0.805)
[INFO] [1791390605.051522, 352.631000]: State machine transitioning 'REFINE':'ok'-->'DEPLOY'
[INFO] [1791390605.056042, 352.635000]: [mission] DEPLOY: IK resolvida para a POSE DE MANIPULAÇÃO (0.20, 2.25, 1.57 rad), não para a atual
[INFO] [1791390609.975039, 356.641000]: [mission] DEPLOY: IK nivelada 0.0709 m, só eixo 0.0014 m — a MISSÃO INTEIRA usa "eixo"
[INFO] [1791390609.980071, 357.536000]: [mission] DEPLOY: IK da ponta resolvida (resíduo 0.0014 m, degrau 0.4°) — pré-posicionando em [-10.9 -46.4  60.   78.5 -10.9] graus
[INFO] [1791390618.663033, 366.039000]: [mission] plano de exclusão publicado: parede em [2.000e-03 2.998e+00 0.000e+00], normal segura [ 0.001 -1.     0.   ]
[INFO] [1791390618.871858, 366.247000]: [mission] teto por postura ativo no drive: v<=0.25 w<=0.50 rampa 0.54/1.61
[INFO] [1791390623.883837, 371.147000]: [mission] DEPLOY/aproxima: alinhado, avançando (0.40 m)
[INFO] [1791390624.036727, 371.297000]: [mission] teto por postura ativo no drive: v<=0.24 w<=0.50 rampa 0.53/1.61
[INFO] [1791390627.695310, 374.897000]: [mission] DEPLOY/aproxima: chegou, ajustando heading final
[INFO] [1791390632.048782, 379.147000]: [mission] DEPLOY/aproxima: concluído
[INFO] [1791390632.050128, 379.148000]: State machine transitioning 'DEPLOY':'ok'-->'MANIPULATE'
[INFO] [1791390632.052008, 379.150000]: [mission] fase "orienta": modo IK iterativa (YAML)
[INFO] [1791390632.055649, 379.154000]: [mission] âncora engatada (fase "orienta")
[INFO] [1791390640.631921, 387.558000]: [mission] fase "orienta" it0: ponta (0.261, 2.731, 0.810) erro=0.0338 | degrau eixo 0.1° | rolagem 0.6° | IK pediu [-19.  -24.4  16.6  97.2 -14.8] | faltou [ 2.7 -2.1  3.2 -2.7 -1.1] graus
[INFO] [1791390650.218389, 396.971000]: [mission] fase "orienta" it1: ponta (0.316, 2.710, 0.813) erro=0.0256 | degrau eixo 0.0° | rolagem 0.2° | IK pediu [-22.7 -26.   20.6  95.3 -17.3] | faltou [ 0.3 -0.4 -0.1  0.  -0.5] graus
[INFO] [1791390652.884629, 399.581000]: [mission] fase "orienta" it2: ponta (0.291, 2.717, 0.813) erro=0.0021 | degrau eixo 0.1° | rolagem 0.1° | IK pediu [-20.2 -25.9  20.6  95.2 -15.4] | faltou [ 0.5 -0.3  0.1  0.2 -0.2] graus
[INFO] [1791390652.888410, 399.586000]: [mission] âncora solta — 14 correções de deriva
[INFO] [1791390652.890454, 399.587000]: [mission] fase "orienta" alcançada em 3 iteração(ões) (0.0021 m) — âncora corrigiu 14 vez(es)
[INFO] [1791390653.409564, 400.097000]: [mission] fase "aproxima_lateral": modo IK iterativa (YAML)
[INFO] [1791390653.414293, 400.101000]: [mission] âncora engatada (fase "aproxima_lateral")
[INFO] [1791390657.365385, 403.960000]: [mission] fase "aproxima_lateral" it0: ponta (0.283, 2.867, 0.812) erro=0.0117 | degrau eixo 5.2° | rolagem 5.2° | IK pediu [-16.7 -12.7   0.   76.1 -10.4] | faltou [0. 0. 0. 0. 0.] graus
[INFO] [1791390657.367157, 403.962000]: [mission] fase "aproxima_lateral" it0: no frame da parede eixo=-9.1 prof=+6.6 alt=+3.1 mm (tolerância 40/8/5)
[INFO] [1791390657.368161, 403.963000]: [mission] âncora solta — 1 correções de deriva
[INFO] [1791390657.368963, 403.964000]: [mission] fase "aproxima_lateral" alcançada em 1 iteração(ões) (0.0117 m) — âncora corrigiu 1 vez(es)
[INFO] [1791390657.879773, 404.467000]: [mission] fase "atravessa": modo IK iterativa (YAML)
[INFO] [1791390657.889154, 404.476000]: [mission] âncora engatada (fase "atravessa")
[INFO] [1791390660.644475, 407.172000]: [mission] fase "atravessa" it0: ponta (0.209, 2.866, 0.814) erro=0.0064 | degrau eixo 1.9° | rolagem 1.9° | IK pediu [-10.4 -13.6   0.2  79.5  -4.3] | faltou [0. 0. 0. 0. 0.] graus
[WARN] [1791390670.867499, 417.159000]: [mission] fase "destrava": descida estagnou em 15.8 mm (mín 10 para aceitar; alvo 18) — fim de curso do mecanismo, fechando a fase
[WARN] [1791390702.689317, 448.421000]: [mission] RETRACT: ponta a 0.142 m do olhal — saindo em degraus: sobe 30 mm, 120 mm pelo eixo do furo, 100 mm para fora, antes de recolher
[INFO] [1791390660.649162, 407.177000]: [mission] fase "atravessa" it0: no frame da parede eixo=-0.8 prof=+6.2 alt=+1.6 mm (tolerância 8/6/5)
[INFO] [1791390663.053113, 409.528000]: [mission] fase "atravessa" it1: ponta (0.209, 2.862, 0.811) erro=0.0047 | degrau eixo 1.8° | rolagem 2.0° | IK pediu [-10.9 -13.8   0.2  81.2  -4.4] | faltou [ 0.4 -5.2 11.4 -8.9  0.1] graus
[INFO] [1791390663.055741, 409.531000]: [mission] fase "atravessa" it1: no frame da parede eixo=-0.9 prof=+1.8 alt=+4.2 mm (tolerância 8/6/5)
[INFO] [1791390663.057267, 409.532000]: [mission] âncora solta — 1 correções de deriva
[INFO] [1791390663.058478, 409.533000]: [mission] fase "atravessa" alcançada em 2 iteração(ões) (0.0047 m) — âncora corrigiu 1 vez(es)
[INFO] [1791390663.571938, 410.039000]: [mission] fase "captura": modo IK iterativa (YAML)
[INFO] [1791390663.578724, 410.045000]: [mission] âncora engatada (fase "captura")
[INFO] [1791390667.775217, 414.137000]: [mission] fase "captura" it0: ponta (0.209, 2.871, 0.789) erro=0.0097 | degrau eixo 1.7° | rolagem 1.8° | IK pediu [-10.  -17.1   3.4  77.6  -3.5] | faltou [-0.5 -0.8  0.7 -0.7 -0. ] graus
[INFO] [1791390667.777464, 414.139000]: [mission] fase "captura" it0: no frame da parede eixo=+6.6 prof=+2.9 alt=+6.5 mm (tolerância 40/6/10)
[INFO] [1791390667.778922, 414.141000]: [mission] âncora solta — 1 correções de deriva
[INFO] [1791390667.779937, 414.142000]: [mission] fase "captura" alcançada em 1 iteração(ões) (0.0097 m) — âncora corrigiu 1 vez(es)
[INFO] [1791390667.784379, 414.146000]: [mission] captura: ponta registrada em eixo=-6.6 prof=-2.9 alt=-16.5 mm (zero da descida do destrava e da deriva de eixo)
[INFO] [1791390668.298162, 414.647000]: [mission] fase "destrava": alvo em altura relativo à captura: -36.5 mm (captura -16.5 − curso 18 − margem 2)
[INFO] [1791390668.301872, 414.651000]: [mission] fase "destrava": modo whole-body/Fuzzy (YAML)
[INFO] [1791390668.511339, 414.856000]: [mission] plano de exclusão publicado: parede em [2.000e-03 2.998e+00 0.000e+00], normal segura [ 0.001 -1.     0.   ]
[INFO] [1791390668.813962, 415.158000]: [mission] fase "destrava": whole-body assumiu (base livre, restrita pelo plano de exclusão)
[INFO] [1791390668.815696, 415.159000]: [mission] fase "destrava": whole-body a 0.0152 m do alvo — eixo=+6.6 prof=+2.5 alt=-13.5 mm
[INFO] [1791390671.090633, 417.373000]: [mission] destrava: ponta desceu 15.8 mm desde a captura (critério observável) | lingueta 14.1 mm (só na simulação)
[INFO] [1791390671.093483, 417.376000]: [mission] destrava: lingueta em 14.1 mm — gatilho solto
[INFO] [1791390671.616065, 417.878000]: [mission] fase "libera": modo whole-body/Fuzzy (YAML)
[INFO] [1791390671.822909, 418.081000]: [mission] plano de exclusão publicado: parede em [2.000e-03 2.998e+00 0.000e+00], normal segura [ 0.001 -1.     0.   ]
[INFO] [1791390672.125973, 418.384000]: [mission] fase "libera": whole-body assumiu (base livre, restrita pelo plano de exclusão)
[INFO] [1791390672.127251, 418.385000]: [mission] fase "libera": whole-body a 0.0274 m do alvo — eixo=+6.4 prof=+25.5 alt=+7.7 mm
[INFO] [1791390674.252710, 420.484000]: [mission] fase "libera": whole-body a 0.0283 m do alvo — eixo=+6.4 prof=+26.3 alt=+8.5 mm
[INFO] [1791390676.378533, 422.584000]: [mission] fase "libera": whole-body a 0.0268 m do alvo — eixo=+6.5 prof=+24.4 alt=+8.9 mm
[INFO] [1791390678.524395, 424.684000]: [mission] fase "libera": whole-body a 0.0265 m do alvo — eixo=+6.5 prof=+23.7 alt=+10.1 mm
[INFO] [1791390680.651107, 426.784000]: [mission] fase "libera": whole-body a 0.0313 m do alvo — eixo=+14.9 prof=+24.6 alt=+12.3 mm
[INFO] [1791390682.777139, 428.885000]: [mission] fase "libera": whole-body a 0.0295 m do alvo — eixo=+13.8 prof=+23.0 alt=+12.3 mm
[INFO] [1791390684.922090, 430.985000]: [mission] fase "libera": whole-body a 0.0162 m do alvo — eixo=+6.6 prof=+13.0 alt=+7.1 mm
[INFO] [1791390687.051916, 433.084000]: [mission] fase "libera": whole-body a 0.0115 m do alvo — eixo=+6.5 prof=+7.3 alt=+6.1 mm
[INFO] [1791390689.167840, 435.184000]: [mission] fase "libera": whole-body a 0.0134 m do alvo — eixo=+6.5 prof=-9.0 alt=-7.5 mm
[INFO] [1791390691.322701, 437.284000]: [mission] fase "libera": whole-body a 0.0114 m do alvo — eixo=+6.5 prof=-7.4 alt=-5.6 mm
[INFO] [1791390691.726996, 437.684000]: [mission] fase "libera" alcançada por whole-body em 19.3s (0.0105 m) — no frame da parede eixo=+6.5 prof=-7.0 alt=-4.2 mm (tolerância 40/8/6)
[INFO] [1791390692.443560, 438.389000]: [mission] fase "arco1"/puxa: RECUANDO 0.022 m só com as rodas
[INFO] [1791390692.954863, 438.890000]: [mission] fase "arco1"/puxa: concluído (0.024 m)
[INFO] [1791390692.956643, 438.892000]: [mission] fase "arco1": modo whole-body/Fuzzy (YAML)
[INFO] [1791390693.165324, 439.093000]: [mission] plano de exclusão publicado: parede em [2.000e-03 2.998e+00 0.000e+00], normal segura [ 0.001 -1.     0.   ]
[INFO] [1791390693.473538, 439.397000]: [mission] fase "arco1": whole-body assumiu (base livre, restrita pelo plano de exclusão)
[INFO] [1791390693.476185, 439.399000]: [mission] fase "arco1": whole-body a 0.0069 m do alvo — eixo=+6.4 prof=-2.2 alt=-1.3 mm
[INFO] [1791390693.877809, 439.799000]: [mission] fase "arco1" alcançada por whole-body em 0.4s (0.0076 m) — no frame da parede eixo=+6.4 prof=-2.3 alt=-3.2 mm (tolerância 40/10/15)
[INFO] [1791390693.879341, 439.801000]: [mission] arco1: SOLTURA observável — recuo 57.0 mm desde a captura (mín 40) com deriva de eixo +0.2 mm → SOLTA
[INFO] [1791390694.090753, 440.008000]: [mission] waypoint de 15° — lâmina medida em 14.4° (abertura por CONTATO)
[INFO] [1791390694.597843, 440.509000]: [mission] fase "arco2"/puxa: RECUANDO 0.048 m só com as rodas
[INFO] [1791390695.460044, 441.360000]: [mission] fase "arco2"/puxa: concluído (0.049 m)
[INFO] [1791390695.462323, 441.362000]: [mission] fase "arco2": modo whole-body/Fuzzy (YAML)
[INFO] [1791390695.671767, 441.565000]: [mission] plano de exclusão publicado: parede em [2.000e-03 2.998e+00 0.000e+00], normal segura [ 0.001 -1.     0.   ]
[INFO] [1791390695.981222, 441.869000]: [mission] fase "arco2": whole-body assumiu (base livre, restrita pelo plano de exclusão)
[INFO] [1791390695.983567, 441.871000]: [mission] fase "arco2": whole-body a 0.0125 m do alvo — eixo=+6.5 prof=+6.3 alt=-8.7 mm
[INFO] [1791390696.385271, 442.270000]: [mission] fase "arco2" alcançada por whole-body em 0.4s (0.0067 m) — no frame da parede eixo=+6.4 prof=+0.5 alt=+2.0 mm (tolerância 40/10/15)
[INFO] [1791390696.597197, 442.480000]: [mission] waypoint de 30° — lâmina medida em 32.4° (abertura por CONTATO)
[INFO] [1791390697.117745, 442.981000]: [mission] fase "desengata": modo IK iterativa (YAML)
[INFO] [1791390697.124812, 442.988000]: [mission] âncora engatada (fase "desengata")
[INFO] [1791390701.729887, 447.493000]: [mission] fase "desengata" it0: ponta (0.291, 2.772, 0.749) erro=0.0057 | degrau eixo 6.8° | rolagem 6.9° | IK pediu [-13.1 -14.9   0.   62.   -7.4] | faltou [ 0.2 -0.3 -0.1  0.   0. ] graus
[INFO] [1791390701.734827, 447.499000]: [mission] âncora solta — 2 correções de deriva
[INFO] [1791390701.738400, 447.503000]: [mission] fase "desengata" alcançada em 1 iteração(ões) (0.0057 m) — âncora corrigiu 2 vez(es)
[INFO] [1791390702.280826, 448.017000]: [mission] MANIPULATE concluída — chave ABERTA, lâmina medida em 31.1°
[INFO] [1791390702.282877, 448.019000]: State machine transitioning 'MANIPULATE':'done'-->'RETRACT'
[INFO] [1791390702.692379, 448.424000]: [mission] âncora engatada (fase "saida_sobe")
[INFO] [1791390705.871482, 451.529000]: [mission] fase "saida_sobe" it0: ponta (0.295, 2.778, 0.772) erro=0.0093 | degrau eixo 6.7° | rolagem 6.7° | IK pediu [-13.1 -12.1   0.   60.6  -7.6] | faltou [-0.1 -0.3 -0.3 -0.4  0.3] graus
[INFO] [1791390705.874752, 451.532000]: [mission] fase "saida_sobe" it0: no frame da parede eixo=+2.3 prof=+5.0 alt=+7.4 mm (tolerância 30/20/10)
[INFO] [1791390705.877524, 451.535000]: [mission] âncora solta — 1 correções de deriva
[INFO] [1791390705.880275, 451.538000]: [mission] fase "saida_sobe" alcançada em 1 iteração(ões) (0.0093 m) — âncora corrigiu 1 vez(es)
[INFO] [1791390705.885125, 451.543000]: [mission] âncora engatada (fase "saida_eixo")
[INFO] [1791390709.249426, 454.850000]: [mission] fase "saida_eixo" it0: ponta (0.415, 2.778, 0.771) erro=0.0092 | degrau eixo 14.0° | rolagem 14.2° | IK pediu [-21.8  -9.2  -0.   51.2 -13. ] | faltou [-0.1 -0.3 -0.4 -0.5  0.4] graus
[INFO] [1791390709.251784, 454.852000]: [mission] fase "saida_eixo" it0: no frame da parede eixo=+2.4 prof=+4.5 alt=+7.7 mm (tolerância 20/20/15)
[INFO] [1791390709.253240, 454.854000]: [mission] âncora solta — 1 correções de deriva
[INFO] [1791390709.254954, 454.856000]: [mission] fase "saida_eixo" alcançada em 1 iteração(ões) (0.0092 m) — âncora corrigiu 1 vez(es)
[INFO] [1791390709.259487, 454.860000]: [mission] âncora engatada (fase "saida_fora")
[INFO] [1791390713.076005, 458.606000]: [mission] fase "saida_fora" it0: ponta (0.414, 2.677, 0.771) erro=0.0093 | degrau eixo 9.7° | rolagem 10.0° | IK pediu [-24.6 -17.5   0.   80.8 -19.8] | faltou [-0.1 -0.4 -0.3 -0.3  0.2] graus
[INFO] [1791390713.079832, 458.611000]: [mission] fase "saida_fora" it0: no frame da parede eixo=+1.6 prof=+3.9 alt=+8.3 mm (tolerância 30/20/20)
[INFO] [1791390713.081689, 458.612000]: [mission] âncora solta — 2 correções de deriva
[INFO] [1791390713.082673, 458.613000]: [mission] fase "saida_fora" alcançada em 1 iteração(ões) (0.0093 m) — âncora corrigiu 2 vez(es)
[INFO] [1791390713.084625, 458.615000]: [mission] RETRACT/afasta: RECUANDO 0.250 m só com as rodas
[INFO] [1791390717.560319, 463.017000]: [mission] RETRACT/afasta: concluído (0.252 m)
[INFO] [1791390717.562108, 463.019000]: [mission] postura "stow_home" comandada: [0.0, 1.13, -1.04, -1.8, 0.0]
[INFO] [1791390731.748994, 476.921000]: State machine transitioning 'RETRACT':'ok'-->'RETURN'
[INFO] [1791390731.751224, 476.923000]: [mission] RETURN — voltando a (0.01, 1.00, 0.00 rad)
[INFO] [1791390745.824580, 490.725000]: [mission] RETURN: alinhado, avançando (1.09 m)
[INFO] [1791390745.874820, 490.775000]: [mission] teto por postura ativo no drive: v<=0.25 w<=0.50 rampa 0.54/1.49
[INFO] [1791390754.346025, 499.075000]: [mission] RETURN: chegou, ajustando heading final
[INFO] [1791390754.395797, 499.125000]: [mission] teto por postura ativo no drive: v<=0.25 w<=0.50 rampa 0.54/1.51
[INFO] [1791390760.645507, 505.275000]: [mission] RETURN: concluído
[INFO] [1791390760.646760, 505.276000]: State machine terminating 'RETURN':'home':'MISSION_OK'
[INFO] [1791390760.648440, 505.278000]: [mission] resultado: MISSION_OK
... logging to /home/marco/.ros/log/7fefeb10-c26b-11f1-831b-b025aa85b2a2/roslaunch-shiroi-3314825.log
Checking log directory for disk usage. This may take a while.
Press Ctrl-C to interrupt
]2;/home/marco/b166er/src/b166er_whole_body_control/launch/chave_mission.launch
[1mstarted roslaunch server http://shiroi:45431/[0m

SUMMARY
========

PARAMETERS
 * /chave_mission/estado_final: 
 * /chave_mission/estado_inicial: STOW_INIT
 * /chave_mission/pausa_por_fase: False
 * /chave_mission/search_omega: 0.35
 * /chave_mission/standoff_distance: 0.62
 * /chave_mission/use_wholebody: False
 * /chave_seccionadora_task/aproxima_lateral/modo: ik
 * /chave_seccionadora_task/aproxima_lateral/offset_xyz_m: [-0.09, 0.008, 0.01]
 * /chave_seccionadora_task/aproxima_lateral/tol_xyz_m: [0.04, 0.008, 0.005]
 * /chave_seccionadora_task/arco1/blade_angle_deg: 15
 * /chave_seccionadora_task/arco1/deriva_eixo_max_m: 0.015
 * /chave_seccionadora_task/arco1/modo: wb
 * /chave_seccionadora_task/arco1/offset_xyz_m: [0.0, 0.0518, -0....
 * /chave_seccionadora_task/arco1/soltura_recuo_min_m: 0.04
 * /chave_seccionadora_task/arco1/tol_xyz_m: [0.04, 0.01, 0.015]
 * /chave_seccionadora_task/arco2/blade_angle_deg: 30
 * /chave_seccionadora_task/arco2/deriva_eixo_max_m: 0.015
 * /chave_seccionadora_task/arco2/modo: wb
 * /chave_seccionadora_task/arco2/offset_xyz_m: [0.0, 0.1, -0.0518]
 * /chave_seccionadora_task/arco2/tol_xyz_m: [0.04, 0.01, 0.015]
 * /chave_seccionadora_task/atravessa/modo: ik
 * /chave_seccionadora_task/atravessa/offset_xyz_m: [-0.008, 0.008, 0...
 * /chave_seccionadora_task/atravessa/tol_xyz_m: [0.008, 0.006, 0....
 * /chave_seccionadora_task/captura/modo: ik
 * /chave_seccionadora_task/captura/offset_xyz_m: [0.0, 0.0, -0.01]
 * /chave_seccionadora_task/captura/tol_xyz_m: [0.04, 0.006, 0.01]
 * /chave_seccionadora_task/desengata/modo: ik
 * /chave_seccionadora_task/desengata/offset_xyz_m: [-0.09, 0.1, -0.0...
 * /chave_seccionadora_task/destrava/curso_estagna_m: 0.01
 * /chave_seccionadora_task/destrava/curso_margem_m: 0.002
 * /chave_seccionadora_task/destrava/curso_min_m: 0.018
 * /chave_seccionadora_task/destrava/curso_teto_m: 0.022
 * /chave_seccionadora_task/destrava/modo: wb
 * /chave_seccionadora_task/destrava/offset_xyz_m: [0.0, 0.0, -0.025]
 * /chave_seccionadora_task/destrava/tol_xyz_m: [0.04, 0.006, 0.004]
 * /chave_seccionadora_task/libera/deriva_eixo_max_m: 0.015
 * /chave_seccionadora_task/libera/modo: wb
 * /chave_seccionadora_task/libera/offset_xyz_m: [0.0, 0.03, -0.025]
 * /chave_seccionadora_task/libera/tol_xyz_m: [0.04, 0.008, 0.006]
 * /chave_seccionadora_task/orienta/modo: ik
 * /chave_seccionadora_task/orienta/offset_xyz_m: [-0.09, 0.15, 0.0...
 * /chave_seccionadora_task/reassenta_sobe/tol_xyz_m: [0.03, 0.02, 0.005]
 * /chave_seccionadora_task/saida_eixo/tol_xyz_m: [0.02, 0.02, 0.015]
 * /chave_seccionadora_task/saida_fora/tol_xyz_m: [0.03, 0.02, 0.02]
 * /chave_seccionadora_task/saida_sobe/tol_xyz_m: [0.03, 0.02, 0.01]
 * /chave_seccionadora_task/target_frame: chave_olhal_link
 * /fuzzy_wb_controller/fixed_gains: []
 * /rosdistro: noetic
 * /rosversion: 1.17.4

NODES
  /
    chave_mission (b166er_whole_body_control/chave_mission.py)

[1mROS_MASTER_URI=http://localhost:11311[0m
]2;/home/marco/b166er/src/b166er_whole_body_control/launch/chave_mission.launch http://localhost:11311
[1mprocess[chave_mission-1]: started with pid [3314869][0m
[1m[chave_mission-1] process has finished cleanly
log file: /home/marco/.ros/log/7fefeb10-c26b-11f1-831b-b025aa85b2a2/chave_mission-1*.log[0m
all processes on machine have died, roslaunch will exit
shutting down processing monitor...
... shutting down processing monitor complete
[1mdone[0m
