[31mWARNING: disk usage in log directory [/home/marco/.ros/log] is over 1GB.
It's recommended that you use the 'rosclean' command.[0m
the rosdep view is empty: call 'sudo rosdep init' and 'rosdep update'
[WARN] [1791466514.008138, 229.163000]: [mission] SEARCH: 5 de 25 amostras descartadas como outlier (>0.15 m ou >0.20 rad da mediana)
[WARN] [1791466514.064918, 229.221000]: [mission] SEARCH: laser com só 16 pontos de parede (mín 30) — parede fica pela tag
[ERROR] [1791466562.646699, 276.956000]: [mission] REFINE: só 0 amostras da tag
[WARN] [1791466562.699297, 277.009000]: [mission] REFINE: tag não visível no standoff — seguindo com a estimativa da aproximação (erro típico ~13 mm com a tag de 220 mm)
[INFO] [1791466488.066888, 203.626000]: garra_dx = 0.000 m (fechada)
[INFO] [1791466488.155391, 203.716000]: State machine starting in initial state 'HOME' with userdata: 
	[]
[INFO] [1791466488.358138, 203.916000]: [mission] pose de partida registrada: (-0.01, 1.00, -0.00 rad)
[INFO] [1791466488.362128, 203.920000]: [mission] HOME: homing pelos fins de curso (J4, J3, J2)
[INFO] [1791466490.297849, 205.821000]: [mission] HOME: braço nos fins de curso — partindo daqui para o SEARCH
[INFO] [1791466490.300325, 205.823000]: State machine transitioning 'HOME':'ok'-->'SEARCH'
[INFO] [1791466490.302330, 205.825000]: [mission] postura "search" comandada: [0.0, 1.0, -1.0, 0.0, 0.0]
[INFO] [1791466498.730192, 214.126000]: [mission] SEARCH — girando à procura da tag...
[INFO] [1791466498.731571, 214.127000]: [mission] SEARCH: amostra quando a tag estiver a raio 0.35-0.50 do quadro (vista oblíqua; omega fina 0.15 rad/s)
[INFO] [1791466500.199023, 215.578000]: [mission] SEARCH: tag a raio 0.92 — girando até <= 0.50
[INFO] [1791466507.189384, 222.479000]: [mission] SEARCH: tag a raio 0.50 — parando
[INFO] [1791466507.191039, 222.481000]: [mission] tag avistada — parando para medir
[INFO] [1791466508.234752, 223.498000]: [mission] âncora engatada (coleta do SEARCH)
[INFO] [1791466508.236307, 223.500000]: [mission] SEARCH: coleta com dither ±0.05 rad/s (período 3.0 s)
[INFO] [1791466513.983010, 229.141000]: [mission] âncora solta — 10 correções de deriva
[INFO] [1791466513.984923, 229.143000]: [mission] SEARCH: âncora corrigiu a deriva 10 vez(es) durante a coleta
[INFO] [1791466514.011414, 229.169000]: [mission] SEARCH: 20 amostras — parede (0.021, 3.123, -0.006) yaw=2.922
[INFO] [1791466514.068772, 229.225000]: [mission] parede localizada em (0.021, 3.123, -0.006)
[INFO] [1791466514.078322, 229.233000]: State machine transitioning 'SEARCH':'found'-->'APPROACH'
[INFO] [1791466514.081639, 229.236000]: [mission] APPROACH etapa 1/2 — 1.30 m do olhal, alvo (-0.10, 1.68, 1.35 rad)
[INFO] [1791466518.461288, 233.539000]: [mission] APPROACH: alinhado, avançando (0.83 m)
[INFO] [1791466518.511705, 233.589000]: [mission] teto por postura ativo no drive: v<=0.18 w<=0.50 rampa 0.46/1.51
[INFO] [1791466525.179178, 240.139000]: [mission] APPROACH: chegou, ajustando heading final
[INFO] [1791466525.229196, 240.189000]: [mission] teto por postura ativo no drive: v<=0.18 w<=0.50 rampa 0.46/1.52
[INFO] [1791466527.823362, 242.739000]: [mission] APPROACH: concluído
[INFO] [1791466528.836945, 243.742000]: [mission] âncora engatada (coleta do APPROACH/remedida)
[INFO] [1791466528.838345, 243.744000]: [mission] APPROACH/remedida: coleta com dither ±0.05 rad/s (período 3.0 s)
[INFO] [1791466529.993736, 244.871000]: [mission] âncora solta — 1 correções de deriva
[INFO] [1791466529.996432, 244.874000]: [mission] APPROACH/remedida: âncora corrigiu a deriva 1 vez(es) durante a coleta
[INFO] [1791466529.998476, 244.876000]: [mission] APPROACH/remedida: 10 amostras — parede (0.005, 2.999, -0.002) yaw=-3.130
[INFO] [1791466530.052130, 244.928000]: [mission] APPROACH/remedida: parede pelo LASER — 90 pontos, resíduo 4.9 mm: profundidade +0.6 mm e yaw -0.65° em relação à tag → parede (0.005, 2.998, -0.002) yaw=-3.142
[INFO] [1791466530.054819, 244.931000]: [mission] APPROACH etapa 2/2 — 0.88 m do olhal, alvo (0.37, 1.99, 1.57 rad)
[INFO] [1791466534.847049, 249.633000]: [mission] APPROACH: alinhado, avançando (0.64 m)
[INFO] [1791466534.896290, 249.683000]: [mission] teto por postura ativo no drive: v<=0.18 w<=0.50 rampa 0.46/1.52
[INFO] [1791466540.530768, 255.233000]: [mission] APPROACH: chegou, ajustando heading final
[INFO] [1791466540.581639, 255.283000]: [mission] teto por postura ativo no drive: v<=0.18 w<=0.50 rampa 0.46/1.51
[INFO] [1791466547.340709, 261.933000]: [mission] APPROACH: concluído
[INFO] [1791466547.350823, 261.943000]: State machine transitioning 'APPROACH':'arrived'-->'REFINE'
[INFO] [1791466547.353930, 261.946000]: [mission] REFINE — remedindo a parede de perto (10 amostras)
[INFO] [1791466547.360583, 261.953000]: [mission] âncora engatada (coleta do REFINE)
[INFO] [1791466547.362795, 261.955000]: [mission] REFINE: coleta com dither ±0.05 rad/s (período 3.0 s)
[INFO] [1791466562.644024, 276.954000]: [mission] âncora solta — 16 correções de deriva
[INFO] [1791466562.645598, 276.955000]: [mission] REFINE: âncora corrigiu a deriva 16 vez(es) durante a coleta
[INFO] [1791466562.697978, 277.007000]: [mission] REFINE (sem tag): parede pelo LASER — 84 pontos, resíduo 4.7 mm: profundidade -1.9 mm e yaw +0.05° em relação à tag → parede (0.005, 3.000, -0.002) yaw=-3.141
[INFO] [1791466562.700338, 277.010000]: [mission] olhal estimado em (0.205, 2.871, 0.803)
[INFO] [1791466562.703741, 277.013000]: State machine transitioning 'REFINE':'ok'-->'DEPLOY'
[INFO] [1791466562.704743, 277.014000]: [mission] DEPLOY: IK resolvida para a POSE DE MANIPULAÇÃO (0.21, 2.25, 1.57 rad), não para a atual
[INFO] [1791466567.705922, 281.864000]: [mission] DEPLOY: IK nivelada 0.0713 m, só eixo 0.0013 m — a MISSÃO INTEIRA usa "eixo"
[INFO] [1791466567.708090, 282.013000]: [mission] DEPLOY: IK da ponta resolvida (resíduo 0.0013 m, degrau 0.4°) — pré-posicionando em [-10.9 -46.7  60.   78.6 -10.9] graus
[INFO] [1791466578.507347, 292.614000]: [mission] plano de exclusão publicado: parede em [ 5.e-03  3.e+00 -2.e-03], normal segura [ 0.001 -1.     0.   ]
[INFO] [1791466578.723213, 292.824000]: [mission] teto por postura ativo no drive: v<=0.25 w<=0.50 rampa 0.55/1.61
[INFO] [1791466581.442004, 295.474000]: [mission] DEPLOY/aproxima: alinhado, avançando (0.39 m)
[INFO] [1791466585.342359, 299.324000]: [mission] DEPLOY/aproxima: chegou, ajustando heading final
[INFO] [1791466588.721177, 302.624000]: [mission] DEPLOY/aproxima: concluído
[INFO] [1791466588.723155, 302.626000]: State machine transitioning 'DEPLOY':'ok'-->'MANIPULATE'
[INFO] [1791466588.725403, 302.629000]: [mission] fase "orienta": modo IK iterativa (YAML)
[INFO] [1791466588.728503, 302.632000]: [mission] âncora engatada (fase "orienta")
[INFO] [1791466597.811437, 311.534000]: [mission] fase "orienta" it0: ponta (0.301, 2.723, 0.811) erro=0.0063 | degrau eixo 0.1° | rolagem 0.2° | IK pediu [-18.9 -26.1  19.4  96.1 -14. ] | faltou [ 0.1 -0.1  0.1 -0.2  0. ] graus
[INFO] [1791466597.815090, 311.538000]: [mission] âncora solta — 8 correções de deriva
[INFO] [1791466597.818307, 311.541000]: [mission] fase "orienta" alcançada em 1 iteração(ões) (0.0063 m) — âncora corrigiu 8 vez(es)
[INFO] [1791466598.342032, 312.048000]: [mission] fase "aproxima_lateral": modo IK iterativa (YAML)
[INFO] [1791466598.350735, 312.056000]: [mission] âncora engatada (fase "aproxima_lateral")
[INFO] [1791466605.401998, 318.998000]: [mission] fase "aproxima_lateral" it0: ponta (0.302, 2.865, 0.813) erro=0.0074 | degrau eixo 4.9° | rolagem 4.9° | IK pediu [-15.5 -13.2   0.   77.3 -10.2] | faltou [-0.7 -1.1  2.4 -1.4  0. ] graus
[INFO] [1791466605.404642, 319.000000]: [mission] fase "aproxima_lateral" it0: no frame da parede eixo=+6.9 prof=+2.5 alt=-0.2 mm (tolerância 40/8/5)
[INFO] [1791466605.408461, 319.004000]: [mission] âncora solta — 5 correções de deriva
[INFO] [1791466605.411226, 319.007000]: [mission] fase "aproxima_lateral" alcançada em 1 iteração(ões) (0.0074 m) — âncora corrigiu 5 vez(es)
[INFO] [1791466605.924319, 319.513000]: [mission] fase "atravessa": modo IK iterativa (YAML)
[INFO] [1791466605.931943, 319.520000]: [mission] âncora engatada (fase "atravessa")
[INFO] [1791466609.320361, 322.826000]: [mission] fase "atravessa" it0: ponta (0.210, 2.865, 0.813) erro=0.0036 | degrau eixo 1.7° | rolagem 1.7° | IK pediu [ -8.5 -14.5   0.9  81.   -4.2] | faltou [0. 0. 0. 0. 0.] graus
[INFO] [1791466609.323062, 322.829000]: [mission] fase "atravessa" it0: no frame da parede eixo=-3.0 prof=+1.9 alt=+0.5 mm (tolerância 8/6/5)
[INFO] [1791466609.326813, 322.833000]: [mission] âncora solta — 2 correções de deriva
[INFO] [1791466609.329407, 322.836000]: [mission] fase "atravessa" alcançada em 1 iteração(ões) (0.0036 m) — âncora corrigiu 2 vez(es)
[WARN] [1791466630.061132, 343.160000]: [mission] RETRACT: ponta a 0.135 m do olhal — saindo em degraus: sobe 30 mm, 120 mm pelo eixo do furo, 100 mm para fora, antes de recolher
[INFO] [1791466609.854366, 323.344000]: [mission] fase "captura": modo IK iterativa (YAML)
[INFO] [1791466609.858251, 323.348000]: [mission] âncora engatada (fase "captura")
[INFO] [1791466613.076705, 326.501000]: [mission] fase "captura" it0: ponta (0.209, 2.874, 0.792) erro=0.0053 | degrau eixo 1.6° | rolagem 1.6° | IK pediu [ -7.8 -16.3   0.1  81.7  -3.5] | faltou [0. 0. 0. 0. 0.] graus
[INFO] [1791466613.080752, 326.505000]: [mission] fase "captura" it0: no frame da parede eixo=+3.8 prof=+3.6 alt=+0.6 mm (tolerância 8/6/10)
[INFO] [1791466613.083311, 326.508000]: [mission] âncora solta — 1 correções de deriva
[INFO] [1791466613.086492, 326.510000]: [mission] fase "captura" alcançada em 1 iteração(ões) (0.0053 m) — âncora corrigiu 1 vez(es)
[INFO] [1791466613.092383, 326.517000]: [mission] captura: ponta registrada em eixo=-3.8 prof=-3.6 alt=-10.5 mm (zero da descida do destrava e da deriva de eixo)
[INFO] [1791466613.604511, 327.019000]: [mission] fase "destrava": alvo em altura relativo à captura: -30.5 mm (captura -10.5 − curso 18 − margem 2)
[INFO] [1791466613.606120, 327.020000]: [mission] fase "destrava": modo whole-body/Fuzzy (YAML)
[INFO] [1791466613.809820, 327.223000]: [mission] plano de exclusão publicado: parede em [ 5.e-03  3.e+00 -2.e-03], normal segura [ 0.001 -1.     0.   ]
[INFO] [1791466614.114904, 327.526000]: [mission] fase "destrava": whole-body assumiu (base livre, restrita pelo plano de exclusão)
[INFO] [1791466614.119884, 327.531000]: [mission] fase "destrava": whole-body a 0.0205 m do alvo — eixo=+3.9 prof=+3.5 alt=-19.8 mm
[INFO] [1791466616.241353, 329.629000]: [mission] fase "destrava": whole-body a 0.0072 m do alvo — eixo=+3.5 prof=-5.9 alt=-2.0 mm
[INFO] [1791466616.664451, 330.029000]: [mission] fase "destrava" alcançada por whole-body em 2.5s (0.0069 m) — no frame da parede eixo=+3.5 prof=-5.6 alt=-1.8 mm (tolerância 10/6/4)
[INFO] [1791466616.886260, 330.245000]: [mission] destrava: ponta desceu 18.2 mm desde a captura (critério observável) | lingueta 13.0 mm (só na simulação)
[INFO] [1791466616.887714, 330.247000]: [mission] destrava: lingueta em 13.0 mm — gatilho solto
[INFO] [1791466617.403970, 330.748000]: [mission] fase "libera": modo whole-body/Fuzzy (YAML)
[INFO] [1791466617.612682, 330.950000]: [mission] plano de exclusão publicado: parede em [ 5.e-03  3.e+00 -2.e-03], normal segura [ 0.001 -1.     0.   ]
[INFO] [1791466617.924873, 331.254000]: [mission] fase "libera": whole-body assumiu (base livre, restrita pelo plano de exclusão)
[INFO] [1791466618.339682, 331.655000]: [mission] fase "libera": whole-body a 0.0240 m do alvo — eixo=+3.6 prof=+23.3 alt=+4.7 mm
[INFO] [1791466620.364429, 333.655000]: [mission] fase "libera" alcançada por whole-body em 2.4s (0.0052 m) — no frame da parede eixo=+3.5 prof=-1.2 alt=-3.6 mm (tolerância 40/8/6)
[INFO] [1791466621.099617, 334.365000]: [mission] fase "arco1"/puxa: RECUANDO 0.022 m só com as rodas
[INFO] [1791466621.557969, 334.816000]: [mission] fase "arco1"/puxa: concluído (0.024 m)
[INFO] [1791466621.559096, 334.817000]: [mission] fase "arco1": modo whole-body/Fuzzy (YAML)
[INFO] [1791466621.762271, 335.018000]: [mission] plano de exclusão publicado: parede em [ 5.e-03  3.e+00 -2.e-03], normal segura [ 0.001 -1.     0.   ]
[INFO] [1791466622.063902, 335.320000]: [mission] fase "arco1": whole-body assumiu (base livre, restrita pelo plano de exclusão)
[INFO] [1791466622.065052, 335.321000]: [mission] fase "arco1": whole-body a 0.0072 m do alvo — eixo=+3.5 prof=-4.2 alt=-4.6 mm
[INFO] [1791466622.466156, 335.720000]: [mission] fase "arco1" alcançada por whole-body em 0.4s (0.0036 m) — no frame da parede eixo=+3.5 prof=-0.4 alt=+0.6 mm (tolerância 40/10/15)
[INFO] [1791466622.478713, 335.732000]: [mission] arco1: SOLTURA observável — recuo 55.8 mm desde a captura (mín 40) com deriva de eixo +0.3 mm → SOLTA
[INFO] [1791466622.690731, 335.940000]: [mission] waypoint de 15° — lâmina medida em 14.2° (abertura por CONTATO)
[INFO] [1791466623.198353, 336.441000]: [mission] fase "arco2"/puxa: RECUANDO 0.048 m só com as rodas
[INFO] [1791466624.179484, 337.394000]: [mission] fase "arco2"/puxa: concluído (0.050 m)
[INFO] [1791466624.181064, 337.395000]: [mission] fase "arco2": modo whole-body/Fuzzy (YAML)
[INFO] [1791466624.387523, 337.597000]: [mission] plano de exclusão publicado: parede em [ 5.e-03  3.e+00 -2.e-03], normal segura [ 0.001 -1.     0.   ]
[INFO] [1791466624.696502, 337.900000]: [mission] fase "arco2": whole-body assumiu (base livre, restrita pelo plano de exclusão)
[INFO] [1791466624.698992, 337.902000]: [mission] fase "arco2": whole-body a 0.0146 m do alvo — eixo=+3.4 prof=+7.7 alt=-11.9 mm
[INFO] [1791466625.106766, 338.302000]: [mission] fase "arco2" alcançada por whole-body em 0.4s (0.0076 m) — no frame da parede eixo=+3.5 prof=+4.4 alt=-5.1 mm (tolerância 40/10/15)
[INFO] [1791466625.331338, 338.517000]: [mission] waypoint de 30° — lâmina medida em 31.0° (abertura por CONTATO)
[INFO] [1791466625.845494, 339.020000]: [mission] fase "desengata": modo IK iterativa (YAML)
[INFO] [1791466625.851439, 339.025000]: [mission] âncora engatada (fase "desengata")
[INFO] [1791466629.121849, 342.230000]: [mission] fase "desengata" it0: ponta (0.290, 2.778, 0.750) erro=0.0086 | degrau eixo 4.8° | rolagem 5.0° | IK pediu [-14.1 -22.1   0.   88.8 -11.3] | faltou [ 0.4 -0.1 -0.1 -0.2 -0.2] graus
[INFO] [1791466629.127305, 342.235000]: [mission] âncora solta — 2 correções de deriva
[INFO] [1791466629.130230, 342.239000]: [mission] fase "desengata" alcançada em 1 iteração(ões) (0.0086 m) — âncora corrigiu 2 vez(es)
[INFO] [1791466629.650134, 342.755000]: [mission] MANIPULATE concluída — chave ABERTA, lâmina medida em 32.7°
[INFO] [1791466629.652333, 342.757000]: State machine transitioning 'MANIPULATE':'done'-->'RETRACT'
[INFO] [1791466630.065664, 343.165000]: [mission] âncora engatada (fase "saida_sobe")
[INFO] [1791466632.722158, 345.771000]: [mission] fase "saida_sobe" it0: ponta (0.291, 2.786, 0.779) erro=0.0055 | degrau eixo 4.3° | rolagem 4.3° | IK pediu [-13.8 -18.7   0.   87.3 -11. ] | faltou [0. 0. 0. 0. 0.] graus
[INFO] [1791466632.724045, 345.773000]: [mission] fase "saida_sobe" it0: no frame da parede eixo=+0.5 prof=+5.3 alt=+1.3 mm (tolerância 30/20/10)
[INFO] [1791466632.725256, 345.774000]: [mission] âncora solta — 1 correções de deriva
[INFO] [1791466632.726168, 345.775000]: [mission] fase "saida_sobe" alcançada em 1 iteração(ões) (0.0055 m) — âncora corrigiu 1 vez(es)
[INFO] [1791466632.729106, 345.778000]: [mission] âncora engatada (fase "saida_eixo")
[INFO] [1791466635.882329, 348.882000]: [mission] fase "saida_eixo" it0: ponta (0.413, 2.782, 0.781) erro=0.0030 | degrau eixo 9.8° | rolagem 9.8° | IK pediu [-23.8 -17.1  -0.   80.  -19.7] | faltou [0. 0. 0. 0. 0.] graus
[INFO] [1791466635.886882, 348.886000]: [mission] fase "saida_eixo" it0: no frame da parede eixo=+2.7 prof=+0.9 alt=-0.8 mm (tolerância 20/20/15)
[INFO] [1791466635.889347, 348.889000]: [mission] âncora solta — 2 correções de deriva
[INFO] [1791466635.891855, 348.892000]: [mission] fase "saida_eixo" alcançada em 1 iteração(ões) (0.0030 m) — âncora corrigiu 2 vez(es)
[INFO] [1791466635.898678, 348.898000]: [mission] âncora engatada (fase "saida_fora")
[INFO] [1791466642.415468, 355.305000]: [mission] fase "saida_fora" it0: ponta (0.410, 2.684, 0.781) erro=0.0034 | degrau eixo 3.7° | rolagem 3.8° | IK pediu [-27.5 -20.9   0.  102.3 -25.6] | faltou [ 0.4 -1.2  2.6 -1.5 -0.1] graus
[INFO] [1791466642.420401, 355.310000]: [mission] fase "saida_fora" it0: no frame da parede eixo=-0.4 prof=+3.3 alt=-0.4 mm (tolerância 30/20/20)
[INFO] [1791466642.423262, 355.314000]: [mission] âncora solta — 6 correções de deriva
[INFO] [1791466642.424582, 355.315000]: [mission] fase "saida_fora" alcançada em 1 iteração(ões) (0.0034 m) — âncora corrigiu 6 vez(es)
[INFO] [1791466642.425369, 355.316000]: [mission] RETRACT/afasta: RECUANDO 0.250 m só com as rodas
[INFO] [1791466647.278384, 360.067000]: [mission] RETRACT/afasta: concluído (0.252 m)
[INFO] [1791466647.279741, 360.068000]: [mission] postura "stow_home" comandada: [0.0, 1.1, -1.04, -1.8, 0.0]
[INFO] [1791466664.257193, 376.770000]: State machine transitioning 'RETRACT':'ok'-->'RETURN'
[INFO] [1791466664.260439, 376.773000]: [mission] RETURN — voltando a (-0.01, 1.00, -0.00 rad)
[INFO] [1791466678.705094, 390.925000]: [mission] RETURN: alinhado, avançando (1.23 m)
[INFO] [1791466678.755575, 390.975000]: [mission] teto por postura ativo no drive: v<=0.24 w<=0.50 rampa 0.53/1.51
[INFO] [1791466687.990167, 400.075000]: [mission] RETURN: chegou, ajustando heading final
[INFO] [1791466688.042443, 400.126000]: [mission] teto por postura ativo no drive: v<=0.24 w<=0.50 rampa 0.53/1.51
[INFO] [1791466697.285850, 409.175000]: [mission] RETURN: concluído
[INFO] [1791466697.287263, 409.176000]: State machine terminating 'RETURN':'home':'MISSION_OK'
[INFO] [1791466697.288647, 409.178000]: [mission] resultado: MISSION_OK
... logging to /home/marco/.ros/log/899e01fe-c31c-11f1-ac84-b025aa85b2a2/roslaunch-shiroi-3686477.log
Checking log directory for disk usage. This may take a while.
Press Ctrl-C to interrupt
]2;/home/marco/b166er/src/b166er_whole_body_control/launch/chave_mission.launch
[1mstarted roslaunch server http://shiroi:42413/[0m

SUMMARY
========

PARAMETERS
 * /chave_mission/estado_final: 
 * /chave_mission/estado_inicial: HOME
 * /chave_mission/pausa_por_fase: False
 * /chave_mission/search_omega: 0.35
 * /chave_mission/standoff_distance: 0.62
 * /chave_mission/use_wholebody: False
 * /chave_seccionadora_task/aproxima_lateral/modo: ik
 * /chave_seccionadora_task/aproxima_lateral/offset_xyz_m: [-0.09, 0.008, 0.01]
 * /chave_seccionadora_task/aproxima_lateral/tol_xyz_m: [0.04, 0.008, 0.005]
 * /chave_seccionadora_task/arco1/blade_angle_deg: 15
 * /chave_seccionadora_task/arco1/deriva_eixo_max_m: 0.015
 * /chave_seccionadora_task/arco1/modo: wb
 * /chave_seccionadora_task/arco1/offset_xyz_m: [0.0, 0.0518, -0....
 * /chave_seccionadora_task/arco1/soltura_recuo_min_m: 0.04
 * /chave_seccionadora_task/arco1/tol_xyz_m: [0.04, 0.01, 0.015]
 * /chave_seccionadora_task/arco2/blade_angle_deg: 30
 * /chave_seccionadora_task/arco2/deriva_eixo_max_m: 0.015
 * /chave_seccionadora_task/arco2/modo: wb
 * /chave_seccionadora_task/arco2/offset_xyz_m: [0.0, 0.1, -0.0518]
 * /chave_seccionadora_task/arco2/tol_xyz_m: [0.04, 0.01, 0.015]
 * /chave_seccionadora_task/atravessa/modo: ik
 * /chave_seccionadora_task/atravessa/offset_xyz_m: [-0.008, 0.008, 0...
 * /chave_seccionadora_task/atravessa/tol_xyz_m: [0.008, 0.006, 0....
 * /chave_seccionadora_task/captura/modo: ik
 * /chave_seccionadora_task/captura/offset_xyz_m: [0.0, 0.0, -0.01]
 * /chave_seccionadora_task/captura/tol_xyz_m: [0.008, 0.006, 0.01]
 * /chave_seccionadora_task/desengata/modo: ik
 * /chave_seccionadora_task/desengata/offset_xyz_m: [-0.09, 0.1, -0.0...
 * /chave_seccionadora_task/destrava/curso_estagna_m: 0.01
 * /chave_seccionadora_task/destrava/curso_margem_m: 0.002
 * /chave_seccionadora_task/destrava/curso_min_m: 0.018
 * /chave_seccionadora_task/destrava/curso_teto_m: 0.022
 * /chave_seccionadora_task/destrava/modo: wb
 * /chave_seccionadora_task/destrava/offset_xyz_m: [0.0, 0.0, -0.025]
 * /chave_seccionadora_task/destrava/tol_xyz_m: [0.01, 0.006, 0.004]
 * /chave_seccionadora_task/libera/deriva_eixo_max_m: 0.015
 * /chave_seccionadora_task/libera/modo: wb
 * /chave_seccionadora_task/libera/offset_xyz_m: [0.0, 0.03, -0.025]
 * /chave_seccionadora_task/libera/tol_xyz_m: [0.04, 0.008, 0.006]
 * /chave_seccionadora_task/orienta/modo: ik
 * /chave_seccionadora_task/orienta/offset_xyz_m: [-0.09, 0.15, 0.0...
 * /chave_seccionadora_task/reassenta_sobe/tol_xyz_m: [0.03, 0.02, 0.005]
 * /chave_seccionadora_task/saida_eixo/tol_xyz_m: [0.02, 0.02, 0.015]
 * /chave_seccionadora_task/saida_fora/tol_xyz_m: [0.03, 0.02, 0.02]
 * /chave_seccionadora_task/saida_sobe/tol_xyz_m: [0.03, 0.02, 0.01]
 * /chave_seccionadora_task/target_frame: chave_olhal_link
 * /fuzzy_wb_controller/fixed_gains: []
 * /rosdistro: noetic
 * /rosversion: 1.17.4

NODES
  /
    chave_mission (b166er_whole_body_control/chave_mission.py)

[1mROS_MASTER_URI=http://localhost:11311[0m
]2;/home/marco/b166er/src/b166er_whole_body_control/launch/chave_mission.launch http://localhost:11311
[1mprocess[chave_mission-1]: started with pid [3686528][0m
[1m[chave_mission-1] process has finished cleanly
log file: /home/marco/.ros/log/899e01fe-c31c-11f1-ac84-b025aa85b2a2/chave_mission-1*.log[0m
all processes on machine have died, roslaunch will exit
shutting down processing monitor...
... shutting down processing monitor complete
[1mdone[0m
