[31mWARNING: disk usage in log directory [/home/marco/.ros/log] is over 1GB.
It's recommended that you use the 'rosclean' command.[0m
the rosdep view is empty: call 'sudo rosdep init' and 'rosdep update'
[WARN] [1791585273.280286, 1575.855000]: [mission] SEARCH: 8 de 25 amostras descartadas como outlier (>0.15 m ou >0.20 rad da mediana)
[WARN] [1791585273.334601, 1575.907000]: [mission] SEARCH: laser com só 19 pontos de parede (mín 30) — parede fica pela tag
[INFO] [1791585177.181098, 1481.128000]: garra_dx = 0.000 m (fechada)
[INFO] [1791585177.257357, 1481.205000]: State machine starting in initial state 'HOMING' with userdata: 
	[]
[INFO] [1791585177.458360, 1481.405000]: [mission] pose de partida registrada: (0.01, 1.01, 0.09 rad)
[INFO] [1791585177.463625, 1481.410000]: [mission] HOMING: procurando os fins de curso (J4, J3, J2, J5, J1)
[INFO] [1791585237.336941, 1540.412000]: [mission] HOMING: cinco switches achados — referência das juntas estabelecida
[INFO] [1791585237.337696, 1540.412000]: State machine transitioning 'HOMING':'ok'-->'HOME_POSITION'
[INFO] [1791585237.338479, 1540.413000]: [mission] postura "home" comandada: [0.0, 1.108, -1.021, -1.894, 0.0]
[INFO] [1791585251.738217, 1554.614000]: [mission] HOME_POSITION: braço em HOME POSITION (J1/J5 em zero, J2/J3/J4 nos switches)
[INFO] [1791585251.739385, 1554.615000]: State machine transitioning 'HOME_POSITION':'ok'-->'SEARCH'
[INFO] [1791585251.740780, 1554.616000]: [mission] postura "search" comandada: [0.0, 1.0, -1.0, 0.0, 0.0]
[INFO] [1791585259.572826, 1562.317000]: [mission] SEARCH — girando à procura da tag...
[INFO] [1791585259.574979, 1562.319000]: [mission] SEARCH: amostra quando a tag estiver a raio 0.35-0.50 do quadro (vista oblíqua; omega fina 0.15 rad/s)
[INFO] [1791585261.405447, 1564.121000]: [mission] SEARCH: tag a raio 0.88 — girando até <= 0.50
[INFO] [1791585266.921314, 1569.573000]: [mission] SEARCH: tag a raio 0.50 — parando
[INFO] [1791585266.923523, 1569.575000]: [mission] tag avistada — parando para medir
[INFO] [1791585267.935822, 1570.576000]: [mission] SEARCH: coleta com dither ±0.05 rad/s (período 3.0 s)
[INFO] [1791585273.281411, 1575.856000]: [mission] SEARCH: 17 amostras — parede (0.017, 3.106, -0.004) yaw=2.940
[INFO] [1791585273.337361, 1575.910000]: [mission] parede localizada em (0.017, 3.106, -0.004)
[INFO] [1791585273.346545, 1575.919000]: State machine transitioning 'SEARCH':'found'-->'APPROACH'
[INFO] [1791585273.348432, 1575.920000]: [mission] APPROACH etapa 1/2 — 1.30 m do olhal, alvo (-0.07, 1.67, 1.37 rad)
[INFO] [1791585276.744857, 1579.274000]: [mission] APPROACH: alinhado, avançando (0.75 m)
[INFO] [1791585276.795993, 1579.324000]: [mission] teto por postura ativo no drive: v<=0.18 w<=0.50 rampa 0.46/1.51
[INFO] [1791585282.990326, 1585.424000]: [mission] APPROACH: chegou, ajustando heading final
[INFO] [1791585283.041160, 1585.474000]: [mission] teto por postura ativo no drive: v<=0.18 w<=0.50 rampa 0.46/1.51
[INFO] [1791585285.873284, 1588.274000]: [mission] APPROACH: concluído
[INFO] [1791585286.890857, 1589.277000]: [mission] APPROACH/remedida: coleta com dither ±0.05 rad/s (período 3.0 s)
[INFO] [1791585288.000196, 1590.369000]: [mission] APPROACH/remedida: 10 amostras — parede (0.002, 2.993, -0.001) yaw=-3.126
[INFO] [1791585288.052722, 1590.422000]: [mission] APPROACH/remedida: parede pelo LASER — 90 pontos, resíduo 5.5 mm: profundidade -5.9 mm e yaw -0.76° em relação à tag → parede (0.002, 2.999, -0.001) yaw=-3.140
[INFO] [1791585288.055347, 1590.423000]: [mission] APPROACH etapa 2/2 — 0.88 m do olhal, alvo (0.37, 1.99, 1.57 rad)
[INFO] [1791585291.910136, 1594.226000]: [mission] APPROACH: alinhado, avançando (0.65 m)
[INFO] [1791585291.961236, 1594.276000]: [mission] teto por postura ativo no drive: v<=0.18 w<=0.50 rampa 0.46/1.51
[INFO] [1791585297.358602, 1599.576000]: [mission] APPROACH: chegou, ajustando heading final
[INFO] [1791585297.408560, 1599.626000]: [mission] teto por postura ativo no drive: v<=0.18 w<=0.50 rampa 0.46/1.51
[INFO] [1791585301.937003, 1604.076000]: [mission] APPROACH: concluído
[INFO] [1791585301.943599, 1604.083000]: State machine transitioning 'APPROACH':'arrived'-->'REFINE'
[INFO] [1791585301.945641, 1604.085000]: [mission] REFINE — remedindo a parede de perto (10 amostras)
[INFO] [1791585301.947458, 1604.087000]: [mission] REFINE: coleta com dither ±0.05 rad/s (período 3.0 s)
[INFO] [1791585303.057665, 1605.172000]: [mission] REFINE: 10 amostras — parede (0.003, 3.004, -0.000) yaw=3.124
[INFO] [1791585303.112063, 1605.227000]: [mission] REFINE: parede pelo LASER — 85 pontos, resíduo 5.1 mm: profundidade +5.6 mm e yaw +0.92° em relação à tag → parede (0.003, 2.998, -0.000) yaw=3.140
[INFO] [1791585303.115787, 1605.230000]: [mission] REFINE: deslocou 0.001 m da estimativa anterior
[INFO] [1791585303.118436, 1605.233000]: [mission] olhal estimado em (0.203, 2.868, 0.805)
[INFO] [1791585303.127934, 1605.242000]: State machine transitioning 'REFINE':'ok'-->'DEPLOY'
[INFO] [1791585303.132242, 1605.246000]: [mission] DEPLOY: IK resolvida para a POSE DE MANIPULAÇÃO (0.20, 2.25, 1.57 rad), não para a atual
[INFO] [1791585308.018079, 1607.775000]: [mission] DEPLOY: IK nivelada 0.0709 m, só eixo 0.0014 m — a MISSÃO INTEIRA usa "eixo"
[INFO] [1791585308.023751, 1610.105000]: [mission] DEPLOY: IK da ponta resolvida (resíduo 0.0014 m, degrau 0.4°) — pré-posicionando em [-10.9 -46.5  60.   78.5 -10.9] graus
[INFO] [1791585318.879518, 1620.809000]: [mission] plano de exclusão publicado: parede em [ 0.003  2.998 -0.   ], normal segura [-0.002 -1.     0.   ]
[INFO] [1791585319.092331, 1621.020000]: [mission] teto por postura ativo no drive: v<=0.25 w<=0.50 rampa 0.55/1.61
[INFO] [1791585322.234222, 1624.119000]: [mission] DEPLOY/aproxima: alinhado, avançando (0.43 m)
[INFO] [1791585326.737484, 1628.569000]: [mission] DEPLOY/aproxima: chegou, ajustando heading final
[INFO] [1791585331.896526, 1633.669000]: [mission] DEPLOY/aproxima: concluído
[INFO] [1791585331.897972, 1633.670000]: State machine transitioning 'DEPLOY':'ok'-->'MANIPULATE'
[INFO] [1791585331.900042, 1633.672000]: [mission] fase "orienta": modo IK iterativa (YAML)
[INFO] [1791585344.782006, 1646.375000]: [mission] fase "orienta" it0: ponta (0.310, 2.737, 0.812) erro=0.0255 | degrau eixo 0.2° | rolagem 0.3° | IK pediu [-22.6 -20.9   8.5 101.6 -17.9] | faltou [-0.4 -1.   2.1 -1.4 -0.1] graus
[INFO] [1791585354.048094, 1655.497000]: [mission] fase "orienta" it1: ponta (0.281, 2.718, 0.814) erro=0.0111 | degrau eixo 0.1° | rolagem 0.1° | IK pediu [-21.  -38.9  46.1  83.  -18.6] | faltou [-0.3  0.  -0.1  0.1 -0. ] graus
[INFO] [1791585354.053380, 1655.502000]: [mission] fase "orienta" alcançada em 2 iteração(ões) (0.0111 m)
[INFO] [1791585354.570529, 1656.012000]: [mission] fase "aproxima_lateral": modo IK iterativa (YAML)
[INFO] [1791585359.326663, 1660.701000]: [mission] fase "aproxima_lateral" it0: ponta (0.295, 2.867, 0.812) erro=0.0075 | degrau eixo 5.2° | rolagem 5.2° | IK pediu [-18.  -14.7   0.   85.3 -15.1] | faltou [0. 0. 0. 0. 0.] graus
[INFO] [1791585359.332500, 1660.707000]: [mission] fase "aproxima_lateral" it0: no frame da parede eixo=+1.7 prof=+6.8 alt=+2.7 mm (tolerância 40/8/5)
[INFO] [1791585359.335537, 1660.710000]: [mission] fase "aproxima_lateral" alcançada em 1 iteração(ões) (0.0075 m)
[INFO] [1791585359.844354, 1661.217000]: [mission] fase "atravessa": modo IK iterativa (YAML)
[INFO] [1791585363.705506, 1665.019000]: [mission] fase "atravessa" it0: ponta (0.215, 2.866, 0.813) erro=0.0073 | degrau eixo 2.2° | rolagem 2.2° | IK pediu [-10.7 -15.6   0.   91.2  -8.7] | faltou [0. 0. 0. 0. 0.] graus
[INFO] [1791585363.708688, 1665.023000]: [mission] fase "atravessa" it0: no frame da parede eixo=+4.3 prof=+5.6 alt=+1.7 mm (tolerância 8/6/5)
[INFO] [1791585363.709966, 1665.024000]: [mission] fase "atravessa" alcançada em 1 iteração(ões) (0.0073 m)
[INFO] [1791585364.223428, 1665.530000]: [mission] fase "captura": modo IK iterativa (YAML)
[INFO] [1791585367.608276, 1668.855000]: [mission] fase "captura" it0: ponta (0.209, 2.870, 0.799) erro=0.0050 | degrau eixo 2.5° | rolagem 2.5° | IK pediu [-10.3 -18.   -0.   92.1  -8.7] | faltou [ 0.3  0.2  0.1 -0.  -0.2] graus
[INFO] [1791585367.611453, 1668.859000]: [mission] fase "captura" it0: no frame da parede eixo=-1.8 prof=+1.7 alt=-4.3 mm (tolerância 8/6/10)
[INFO] [1791585367.612927, 1668.860000]: [mission] fase "captura" alcançada em 1 iteração(ões) (0.0050 m)
[INFO] [1791585367.619086, 1668.867000]: [mission] captura: ponta registrada em eixo=-6.2 prof=-1.7 alt=-5.7 mm (zero da descida do destrava e da deriva de eixo)
[WARN] [1791585371.362253, 1672.573000]: [mission] fase "destrava": descida estagnou em 17.4 mm (mín 10 para aceitar; alvo 18) — fim de curso do mecanismo, fechando a fase
[WARN] [1791585371.579337, 1672.783000]: [mission] destrava: lingueta em 6.8 mm (esperado ≥ 12) — o gatilho pode não ter soltado
[WARN] [1791585388.398555, 1689.312000]: [mission] RETRACT: ponta a 0.137 m do olhal — saindo em degraus: sobe 30 mm, 120 mm pelo eixo do furo, 100 mm para fora, antes de recolher
[INFO] [1791585368.124285, 1669.368000]: [mission] fase "destrava": alvo em altura relativo à captura: -25.7 mm (captura -5.7 − curso 18 − margem 2)
[INFO] [1791585368.125591, 1669.369000]: [mission] fase "destrava": modo whole-body/Fuzzy (YAML)
[INFO] [1791585368.327549, 1669.570000]: [mission] plano de exclusão publicado: parede em [ 0.003  2.998 -0.   ], normal segura [-0.002 -1.     0.   ]
[INFO] [1791585368.630034, 1669.872000]: [mission] fase "destrava": whole-body assumiu (base livre, restrita pelo plano de exclusão)
[INFO] [1791585368.631676, 1669.873000]: [mission] fase "destrava": whole-body a 0.0215 m do alvo — eixo=+6.3 prof=+2.1 alt=-20.4 mm
[INFO] [1791585370.756695, 1671.973000]: [mission] fase "destrava": whole-body a 0.0070 m do alvo — eixo=+5.7 prof=-2.9 alt=-2.8 mm
[INFO] [1791585371.578271, 1672.782000]: [mission] destrava: ponta desceu 17.5 mm desde a captura (critério observável) | lingueta 6.8 mm (só na simulação)
[INFO] [1791585372.089728, 1673.284000]: [mission] fase "libera": modo whole-body/Fuzzy (YAML)
[INFO] [1791585372.297799, 1673.486000]: [mission] plano de exclusão publicado: parede em [ 0.003  2.998 -0.   ], normal segura [-0.002 -1.     0.   ]
[INFO] [1791585372.607639, 1673.790000]: [mission] fase "libera": whole-body assumiu (base livre, restrita pelo plano de exclusão)
[INFO] [1791585372.812404, 1673.990000]: [mission] fase "libera": whole-body a 0.0266 m do alvo — eixo=+5.7 prof=+26.0 alt=+0.3 mm
[INFO] [1791585374.934277, 1676.091000]: [mission] fase "libera": whole-body a 0.0127 m do alvo — eixo=+5.7 prof=+4.5 alt=+10.4 mm
[INFO] [1791585376.052357, 1677.190000]: [mission] fase "libera" alcançada por whole-body em 3.4s (0.0060 m) — no frame da parede eixo=+5.7 prof=-1.8 alt=-0.3 mm (tolerância 40/8/6)
[INFO] [1791585376.780064, 1677.894000]: [mission] fase "arco1"/puxa: RECUANDO 0.022 m só com as rodas
[INFO] [1791585377.247349, 1678.345000]: [mission] fase "arco1"/puxa: concluído (0.022 m)
[INFO] [1791585377.250156, 1678.348000]: [mission] fase "arco1": modo whole-body/Fuzzy (YAML)
[INFO] [1791585377.458914, 1678.551000]: [mission] plano de exclusão publicado: parede em [ 0.003  2.998 -0.   ], normal segura [-0.002 -1.     0.   ]
[INFO] [1791585377.764976, 1678.854000]: [mission] fase "arco1": whole-body assumiu (base livre, restrita pelo plano de exclusão)
[INFO] [1791585377.766325, 1678.855000]: [mission] fase "arco1": whole-body a 0.0075 m do alvo — eixo=+5.7 prof=-3.0 alt=-3.9 mm
[INFO] [1791585378.193535, 1679.255000]: [mission] fase "arco1" alcançada por whole-body em 0.4s (0.0066 m) — no frame da parede eixo=+5.7 prof=-2.5 alt=-2.0 mm (tolerância 40/10/15)
[INFO] [1791585378.195616, 1679.257000]: [mission] arco1: SOLTURA observável — recuo 56.0 mm desde a captura (mín 40) com deriva de eixo +0.5 mm → SOLTA
[INFO] [1791585378.408378, 1679.468000]: [mission] waypoint de 15° — lâmina medida em 16.0° (abertura por CONTATO)
[INFO] [1791585378.920156, 1679.970000]: [mission] fase "arco2"/puxa: RECUANDO 0.048 m só com as rodas
[INFO] [1791585379.841412, 1680.872000]: [mission] fase "arco2"/puxa: concluído (0.050 m)
[INFO] [1791585379.843185, 1680.874000]: [mission] fase "arco2": modo whole-body/Fuzzy (YAML)
[INFO] [1791585380.046494, 1681.076000]: [mission] plano de exclusão publicado: parede em [ 0.003  2.998 -0.   ], normal segura [-0.002 -1.     0.   ]
[INFO] [1791585380.348198, 1681.378000]: [mission] fase "arco2": whole-body assumiu (base livre, restrita pelo plano de exclusão)
[INFO] [1791585380.349913, 1681.379000]: [mission] fase "arco2": whole-body a 0.0135 m do alvo — eixo=+5.8 prof=+5.2 alt=-11.0 mm
[INFO] [1791585380.751339, 1681.779000]: [mission] fase "arco2" alcançada por whole-body em 0.4s (0.0090 m) — no frame da parede eixo=+5.8 prof=-1.9 alt=-6.6 mm (tolerância 40/10/15)
[INFO] [1791585380.963378, 1681.987000]: [mission] waypoint de 30° — lâmina medida em 31.6° (abertura por CONTATO)
[INFO] [1791585381.478805, 1682.489000]: [mission] fase "desengata": modo IK iterativa (YAML)
[INFO] [1791585387.462376, 1688.391000]: [mission] fase "desengata" it0: ponta (0.295, 2.786, 0.745) erro=0.0195 | degrau eixo 5.5° | rolagem 6.2° | IK pediu [-17.1 -23.   -0.   93.6 -15.9] | faltou [  0.5   7.1 -17.2   7.9  -0.1] graus
[INFO] [1791585387.464882, 1688.394000]: [mission] fase "desengata" alcançada em 1 iteração(ões) (0.0195 m)
[INFO] [1791585387.987924, 1688.907000]: [mission] MANIPULATE concluída — chave ABERTA, lâmina medida em 31.7°
[INFO] [1791585387.990952, 1688.910000]: State machine transitioning 'MANIPULATE':'done'-->'RETRACT'
[INFO] [1791585393.572292, 1694.415000]: [mission] fase "saida_sobe" it0: ponta (0.295, 2.784, 0.775) erro=0.0039 | degrau eixo 5.4° | rolagem 8.5° | IK pediu [-16.7 -20.2  -0.   91.7 -16.4] | faltou [ -0.   19.5 -45.9  18.3  -1. ] graus
[INFO] [1791585393.573506, 1694.416000]: [mission] fase "saida_sobe" it0: no frame da parede eixo=-1.4 prof=-3.6 alt=+0.0 mm (tolerância 30/20/10)
[INFO] [1791585393.574258, 1694.417000]: [mission] fase "saida_sobe" alcançada em 1 iteração(ões) (0.0039 m)
[INFO] [1791585406.066518, 1706.743000]: [mission] fase "saida_eixo" it0: ponta (0.409, 2.819, 0.776) erro=0.0331 | degrau eixo 11.3° | rolagem 11.5° | IK pediu [-26.6 -18.5   0.   83.4 -25.2] | faltou [ 0.4 -3.9  9.  -5.3 -0.3] graus
[INFO] [1791585406.070574, 1706.747000]: [mission] fase "saida_eixo" it0: no frame da parede eixo=-7.3 prof=+32.2 alt=-1.4 mm (tolerância 20/20/15)
[INFO] [1791585411.967025, 1712.550000]: [mission] fase "saida_eixo" it1: ponta (0.422, 2.776, 0.774) erro=0.0127 | degrau eixo 8.2° | rolagem 8.3° | IK pediu [-29.8 -20.8   0.   94.4 -29.1] | faltou [-0.6 -3.   6.8 -4.  -0. ] graus
[INFO] [1791585411.971409, 1712.554000]: [mission] fase "saida_eixo" it1: no frame da parede eixo=+5.6 prof=-11.4 alt=+0.7 mm (tolerância 20/20/15)
[INFO] [1791585411.974695, 1712.557000]: [mission] fase "saida_eixo" alcançada em 2 iteração(ões) (0.0127 m)
[INFO] [1791585419.416631, 1719.859000]: [mission] fase "saida_fora" it0: ponta (0.404, 2.716, 0.774) erro=0.0307 | degrau eixo 0.7° | rolagem 0.8° | IK pediu [-34.6 -23.1   1.9 110.  -34.1] | faltou [ 0.5 -2.1  4.6 -2.7 -0.1] graus
[INFO] [1791585419.420347, 1719.864000]: [mission] fase "saida_fora" it0: no frame da parede eixo=-11.9 prof=+28.3 alt=+0.6 mm (tolerância 30/20/20)
[INFO] [1791585427.898967, 1728.208000]: [mission] fase "saida_fora" it1: ponta (0.424, 2.680, 0.776) erro=0.0109 | degrau eixo 0.1° | rolagem 0.1° | IK pediu [-39.2 -39.1  35.4  93.9 -37.2] | faltou [-0.5 -0.1  0.1 -0.  -0. ] graus
[INFO] [1791585427.901991, 1728.211000]: [mission] fase "saida_fora" it1: no frame da parede eixo=+8.0 prof=-7.2 alt=-1.2 mm (tolerância 30/20/20)
[INFO] [1791585427.904336, 1728.214000]: [mission] fase "saida_fora" alcançada em 2 iteração(ões) (0.0109 m)
[INFO] [1791585427.907017, 1728.217000]: [mission] RETRACT/afasta: RECUANDO 0.250 m só com as rodas
[INFO] [1791585432.428443, 1732.668000]: [mission] RETRACT/afasta: concluído (0.254 m)
[INFO] [1791585432.430271, 1732.670000]: [mission] postura "stow_home" comandada: [0.0, 1.1, -1.04, -1.8, 0.0]
[INFO] [1791585448.885269, 1748.871000]: State machine transitioning 'RETRACT':'ok'-->'RETURN'
[INFO] [1791585448.886816, 1748.872000]: [mission] RETURN — voltando a (0.01, 1.01, 0.09 rad)
[INFO] [1791585461.653497, 1761.473000]: [mission] RETURN: alinhado, avançando (1.25 m)
[INFO] [1791585461.703968, 1761.523000]: [mission] teto por postura ativo no drive: v<=0.24 w<=0.50 rampa 0.53/1.50
[INFO] [1791585471.236865, 1770.923000]: [mission] RETURN: chegou, ajustando heading final
[INFO] [1791585471.289540, 1770.973000]: [mission] teto por postura ativo no drive: v<=0.23 w<=0.50 rampa 0.52/1.51
[INFO] [1791585478.731703, 1778.323000]: [mission] RETURN: concluído
[INFO] [1791585478.735313, 1778.327000]: [mission] RETURN/home: procurando os fins de curso (J4, J3, J2, J5, J1)
[INFO] [1791585513.603077, 1812.728000]: [mission] RETURN/home: cinco switches achados — referência das juntas estabelecida
[INFO] [1791585513.605363, 1812.730000]: [mission] postura "home" comandada: [0.0, 1.108, -1.021, -1.894, 0.0]
[INFO] [1791585527.088414, 1826.031000]: [mission] RETURN/home: braço em HOME POSITION (J1/J5 em zero, J2/J3/J4 nos switches)
[INFO] [1791585527.090775, 1826.033000]: State machine terminating 'RETURN':'home':'MISSION_OK'
[INFO] [1791585527.092871, 1826.035000]: [mission] resultado: MISSION_OK
... logging to /home/marco/.ros/log/d86e8abc-c42d-11f1-bbb4-b025aa85b2a2/roslaunch-shiroi-236660.log
Checking log directory for disk usage. This may take a while.
Press Ctrl-C to interrupt
]2;/home/marco/b166er/src/b166er_whole_body_control/launch/chave_mission.launch
[1mstarted roslaunch server http://shiroi:37329/[0m

SUMMARY
========

PARAMETERS
 * /chave_mission/ancora_base: False
 * /chave_mission/estado_final: 
 * /chave_mission/estado_inicial: HOMING
 * /chave_mission/pausa_por_fase: False
 * /chave_mission/search_omega: 0.35
 * /chave_mission/standoff_distance: 0.62
 * /chave_mission/use_wholebody: False
 * /chave_seccionadora_task/aproxima_lateral/modo: ik
 * /chave_seccionadora_task/aproxima_lateral/offset_xyz_m: [-0.09, 0.008, 0.01]
 * /chave_seccionadora_task/aproxima_lateral/tol_xyz_m: [0.04, 0.008, 0.005]
 * /chave_seccionadora_task/arco1/blade_angle_deg: 15
 * /chave_seccionadora_task/arco1/deriva_eixo_max_m: 0.015
 * /chave_seccionadora_task/arco1/modo: wb
 * /chave_seccionadora_task/arco1/offset_xyz_m: [0.0, 0.0518, -0....
 * /chave_seccionadora_task/arco1/soltura_recuo_min_m: 0.04
 * /chave_seccionadora_task/arco1/tol_xyz_m: [0.04, 0.01, 0.015]
 * /chave_seccionadora_task/arco2/blade_angle_deg: 30
 * /chave_seccionadora_task/arco2/deriva_eixo_max_m: 0.015
 * /chave_seccionadora_task/arco2/modo: wb
 * /chave_seccionadora_task/arco2/offset_xyz_m: [0.0, 0.1, -0.0518]
 * /chave_seccionadora_task/arco2/tol_xyz_m: [0.04, 0.01, 0.015]
 * /chave_seccionadora_task/atravessa/modo: ik
 * /chave_seccionadora_task/atravessa/offset_xyz_m: [-0.008, 0.008, 0...
 * /chave_seccionadora_task/atravessa/tol_xyz_m: [0.008, 0.006, 0....
 * /chave_seccionadora_task/captura/modo: ik
 * /chave_seccionadora_task/captura/offset_xyz_m: [-0.008, 0.0, -0.01]
 * /chave_seccionadora_task/captura/tol_xyz_m: [0.008, 0.006, 0.01]
 * /chave_seccionadora_task/desengata/modo: ik
 * /chave_seccionadora_task/desengata/offset_xyz_m: [-0.09, 0.1, -0.0...
 * /chave_seccionadora_task/destrava/curso_estagna_m: 0.01
 * /chave_seccionadora_task/destrava/curso_margem_m: 0.002
 * /chave_seccionadora_task/destrava/curso_min_m: 0.018
 * /chave_seccionadora_task/destrava/curso_teto_m: 0.022
 * /chave_seccionadora_task/destrava/modo: wb
 * /chave_seccionadora_task/destrava/offset_xyz_m: [0.0, 0.0, -0.025]
 * /chave_seccionadora_task/destrava/tol_xyz_m: [0.01, 0.006, 0.004]
 * /chave_seccionadora_task/libera/deriva_eixo_max_m: 0.015
 * /chave_seccionadora_task/libera/modo: wb
 * /chave_seccionadora_task/libera/offset_xyz_m: [0.0, 0.03, -0.025]
 * /chave_seccionadora_task/libera/tol_xyz_m: [0.04, 0.008, 0.006]
 * /chave_seccionadora_task/orienta/modo: ik
 * /chave_seccionadora_task/orienta/offset_xyz_m: [-0.09, 0.15, 0.0...
 * /chave_seccionadora_task/reassenta_sobe/tol_xyz_m: [0.03, 0.02, 0.005]
 * /chave_seccionadora_task/saida_eixo/tol_xyz_m: [0.02, 0.02, 0.015]
 * /chave_seccionadora_task/saida_fora/tol_xyz_m: [0.03, 0.02, 0.02]
 * /chave_seccionadora_task/saida_sobe/tol_xyz_m: [0.03, 0.02, 0.01]
 * /chave_seccionadora_task/target_frame: chave_olhal_link
 * /fuzzy_wb_controller/fixed_gains: []
 * /rosdistro: noetic
 * /rosversion: 1.17.4

NODES
  /
    chave_mission (b166er_whole_body_control/chave_mission.py)

[1mROS_MASTER_URI=http://localhost:11311[0m
]2;/home/marco/b166er/src/b166er_whole_body_control/launch/chave_mission.launch http://localhost:11311
[1mprocess[chave_mission-1]: started with pid [236704][0m
[1m[chave_mission-1] process has finished cleanly
log file: /home/marco/.ros/log/d86e8abc-c42d-11f1-bbb4-b025aa85b2a2/chave_mission-1*.log[0m
all processes on machine have died, roslaunch will exit
shutting down processing monitor...
... shutting down processing monitor complete
[1mdone[0m
