[31mWARNING: disk usage in log directory [/home/marco/.ros/log] is over 1GB.
It's recommended that you use the 'rosclean' command.[0m
the rosdep view is empty: call 'sudo rosdep init' and 'rosdep update'
[WARN] [1791464562.685503, 302.320000]: [mission] SEARCH: 7 de 25 amostras descartadas como outlier (>0.15 m ou >0.20 rad da mediana)
[WARN] [1791464562.737754, 302.373000]: [mission] SEARCH: laser com só 14 pontos de parede (mín 30) — parede fica pela tag
[INFO] [1791464534.227311, 274.402000]: garra_dx = 0.000 m (fechada)
[INFO] [1791464534.328086, 274.502000]: State machine starting in initial state 'HOME' with userdata: 
	[]
[INFO] [1791464534.533106, 274.703000]: [mission] pose de partida registrada: (0.01, 1.00, 0.01 rad)
[INFO] [1791464534.540824, 274.709000]: [mission] HOME: homing pelos fins de curso (J4, J3, J2)
[INFO] [1791464536.383115, 276.514000]: [mission] HOME: braço nos fins de curso — partindo daqui para o SEARCH
[INFO] [1791464536.385998, 276.517000]: State machine transitioning 'HOME':'ok'-->'SEARCH'
[INFO] [1791464536.389196, 276.520000]: [mission] postura "search" comandada: [0.0, 1.0, -1.0, 0.0, 0.0]
[INFO] [1791464544.876211, 284.823000]: [mission] SEARCH — girando à procura da tag...
[INFO] [1791464544.877665, 284.824000]: [mission] SEARCH: amostra quando a tag estiver a raio 0.35-0.50 do quadro (vista oblíqua; omega fina 0.15 rad/s)
[INFO] [1791464546.306544, 286.225000]: [mission] SEARCH: tag a raio 0.93 — girando até <= 0.50
[INFO] [1791464553.992306, 293.777000]: [mission] SEARCH: tag a raio 0.50 — parando
[INFO] [1791464553.994265, 293.779000]: [mission] tag avistada — parando para medir
[INFO] [1791464555.029719, 294.786000]: [mission] âncora engatada (coleta do SEARCH)
[INFO] [1791464555.031948, 294.788000]: [mission] SEARCH: coleta com dither ±0.05 rad/s (período 3.0 s)
[INFO] [1791464562.670668, 302.306000]: [mission] âncora solta — 13 correções de deriva
[INFO] [1791464562.673019, 302.308000]: [mission] SEARCH: âncora corrigiu a deriva 13 vez(es) durante a coleta
[INFO] [1791464562.686829, 302.322000]: [mission] SEARCH: 18 amostras — parede (0.033, 3.118, -0.001) yaw=2.821
[INFO] [1791464562.739408, 302.375000]: [mission] parede localizada em (0.033, 3.118, -0.001)
[INFO] [1791464562.744450, 302.380000]: State machine transitioning 'SEARCH':'found'-->'APPROACH'
[INFO] [1791464562.746007, 302.381000]: [mission] APPROACH etapa 1/2 — 1.30 m do olhal, alvo (-0.23, 1.70, 1.25 rad)
[INFO] [1791464567.956473, 307.482000]: [mission] APPROACH: alinhado, avançando (0.91 m)
[INFO] [1791464568.008533, 307.532000]: [mission] teto por postura ativo no drive: v<=0.18 w<=0.50 rampa 0.46/1.51
[INFO] [1791464575.375724, 314.732000]: [mission] APPROACH: chegou, ajustando heading final
[INFO] [1791464575.427395, 314.782000]: [mission] teto por postura ativo no drive: v<=0.18 w<=0.50 rampa 0.46/1.51
[INFO] [1791464580.053473, 319.282000]: [mission] APPROACH: concluído
[INFO] [1791464581.081039, 320.288000]: [mission] âncora engatada (coleta do APPROACH/remedida)
[INFO] [1791464581.082891, 320.288000]: [mission] APPROACH/remedida: coleta com dither ±0.05 rad/s (período 3.0 s)
[INFO] [1791464582.247733, 321.433000]: [mission] âncora solta — 2 correções de deriva
[INFO] [1791464582.250250, 321.436000]: [mission] APPROACH/remedida: âncora corrigiu a deriva 2 vez(es) durante a coleta
[INFO] [1791464582.253480, 321.438000]: [mission] APPROACH/remedida: 10 amostras — parede (-0.002, 2.971, 0.001) yaw=-3.096
[INFO] [1791464582.307312, 321.492000]: [mission] APPROACH/remedida: parede pelo LASER — 96 pontos, resíduo 5.5 mm: profundidade -27.1 mm e yaw -2.65° em relação à tag → parede (-0.002, 2.998, 0.001) yaw=3.141
[INFO] [1791464582.309691, 321.495000]: [mission] APPROACH etapa 2/2 — 0.88 m do olhal, alvo (0.37, 1.99, 1.57 rad)
[INFO] [1791464587.410612, 326.496000]: [mission] APPROACH: alinhado, avançando (0.81 m)
[INFO] [1791464587.462778, 326.546000]: [mission] teto por postura ativo no drive: v<=0.18 w<=0.50 rampa 0.46/1.51
[INFO] [1791464594.035698, 332.946000]: [mission] APPROACH: chegou, ajustando heading final
[INFO] [1791464594.087150, 332.996000]: [mission] teto por postura ativo no drive: v<=0.18 w<=0.50 rampa 0.46/1.51
[INFO] [1791464599.335659, 338.146000]: [mission] APPROACH: concluído
[INFO] [1791464599.348487, 338.158000]: State machine transitioning 'APPROACH':'arrived'-->'REFINE'
[INFO] [1791464599.352568, 338.162000]: [mission] REFINE — remedindo a parede de perto (10 amostras)
[INFO] [1791464599.357857, 338.168000]: [mission] âncora engatada (coleta do REFINE)
[INFO] [1791464599.359168, 338.169000]: [mission] REFINE: coleta com dither ±0.05 rad/s (período 3.0 s)
[INFO] [1791464600.510898, 339.295000]: [mission] âncora solta — 2 correções de deriva
[INFO] [1791464600.513545, 339.298000]: [mission] REFINE: âncora corrigiu a deriva 2 vez(es) durante a coleta
[INFO] [1791464600.516413, 339.299000]: [mission] REFINE: 10 amostras — parede (0.004, 3.001, 0.000) yaw=3.130
[INFO] [1791464600.574368, 339.354000]: [mission] REFINE: parede pelo LASER — 83 pontos, resíduo 4.6 mm: profundidade +2.3 mm e yaw +0.68° em relação à tag → parede (0.004, 2.998, 0.000) yaw=-3.141
[INFO] [1791464600.577254, 339.357000]: [mission] REFINE: deslocou 0.006 m da estimativa anterior
[INFO] [1791464600.578364, 339.358000]: [mission] olhal estimado em (0.204, 2.868, 0.805)
[INFO] [1791464600.583901, 339.364000]: State machine transitioning 'REFINE':'ok'-->'DEPLOY'
[INFO] [1791464600.585484, 339.365000]: [mission] DEPLOY: IK resolvida para a POSE DE MANIPULAÇÃO (0.20, 2.25, 1.57 rad), não para a atual
[INFO] [1791464605.784284, 344.434000]: [mission] DEPLOY: IK nivelada 0.0709 m, só eixo 0.0014 m — a MISSÃO INTEIRA usa "eixo"
[INFO] [1791464605.786241, 344.540000]: [mission] DEPLOY: IK da ponta resolvida (resíduo 0.0014 m, degrau 0.4°) — pré-posicionando em [-10.9 -46.4  60.   78.5 -10.9] graus
[INFO] [1791464616.615203, 355.141000]: [mission] plano de exclusão publicado: parede em [0.004 2.998 0.   ], normal segura [ 0. -1.  0.]
[INFO] [1791464616.831045, 355.353000]: [mission] teto por postura ativo no drive: v<=0.25 w<=0.50 rampa 0.54/1.61
[INFO] [1791464621.127454, 359.552000]: [mission] DEPLOY/aproxima: alinhado, avançando (0.43 m)
[INFO] [1791464625.710886, 364.002000]: [mission] DEPLOY/aproxima: chegou, ajustando heading final
[INFO] [1791464630.833421, 369.002000]: [mission] DEPLOY/aproxima: concluído
[INFO] [1791464630.835683, 369.004000]: State machine transitioning 'DEPLOY':'ok'-->'MANIPULATE'
[INFO] [1791464630.838393, 369.007000]: [mission] fase "orienta": modo IK iterativa (YAML)
[INFO] [1791464630.843221, 369.012000]: [mission] âncora engatada (fase "orienta")
[INFO] [1791464652.819458, 390.476000]: [mission] fase "orienta" it0: ponta (0.289, 2.720, 0.816) erro=0.0063 | degrau eixo 0.3° | rolagem 0.2° | IK pediu [-22.2 -20.4   7.8 101.7 -17.1] | faltou [ 0.4 -0.3  1.  -0.5  0.1] graus
[INFO] [1791464652.820622, 390.477000]: [mission] âncora solta — 39 correções de deriva
[INFO] [1791464652.821171, 390.478000]: [mission] fase "orienta" alcançada em 1 iteração(ões) (0.0063 m) — âncora corrigiu 39 vez(es)
[INFO] [1791464653.335567, 390.980000]: [mission] fase "aproxima_lateral": modo IK iterativa (YAML)
[INFO] [1791464653.342966, 390.987000]: [mission] âncora engatada (fase "aproxima_lateral")
[INFO] [1791464662.919672, 400.294000]: [mission] fase "aproxima_lateral" it0: ponta (0.291, 2.863, 0.815) erro=0.0037 | degrau eixo 6.4° | rolagem 6.4° | IK pediu [-18.8 -12.6  -0.   74.7 -12.1] | faltou [ 0.2  1.8 -4.   2.2 -0. ] graus
[INFO] [1791464662.921868, 400.296000]: [mission] fase "aproxima_lateral" it0: no frame da parede eixo=-3.0 prof=+2.2 alt=-0.4 mm (tolerância 40/8/5)
[INFO] [1791464662.923199, 400.298000]: [mission] âncora solta — 1 correções de deriva
[INFO] [1791464662.924225, 400.299000]: [mission] fase "aproxima_lateral" alcançada em 1 iteração(ões) (0.0037 m) — âncora corrigiu 1 vez(es)
[INFO] [1791464663.433018, 400.805000]: [mission] fase "atravessa": modo IK iterativa (YAML)
[INFO] [1791464663.437501, 400.809000]: [mission] âncora engatada (fase "atravessa")
[INFO] [1791464670.712429, 407.841000]: [mission] fase "atravessa" it0: ponta (0.213, 2.864, 0.813) erro=0.0041 | degrau eixo 2.9° | rolagem 2.8° | IK pediu [-12.  -13.6  -0.1  79.1  -6.4] | faltou [-0.4 -0.1  0.1  0.2  0.2] graus
[INFO] [1791464670.715166, 407.845000]: [mission] fase "atravessa" it0: no frame da parede eixo=+0.6 prof=+3.7 alt=+1.8 mm (tolerância 8/6/5)
[INFO] [1791464670.718688, 407.849000]: [mission] âncora solta — 2 correções de deriva
[WARN] [1791464676.851708, 413.797000]: [mission] destrava: lingueta em 9.5 mm (esperado ≥ 12) — o gatilho pode não ter soltado
[WARN] [1791464696.504720, 432.939000]: [mission] RETRACT: ponta a 0.144 m do olhal — saindo em degraus: sobe 30 mm, 120 mm pelo eixo do furo, 100 mm para fora, antes de recolher
[INFO] [1791464670.721573, 407.851000]: [mission] fase "atravessa" alcançada em 1 iteração(ões) (0.0041 m) — âncora corrigiu 2 vez(es)
[INFO] [1791464671.242273, 408.359000]: [mission] fase "captura": modo IK iterativa (YAML)
[INFO] [1791464671.248111, 408.364000]: [mission] âncora engatada (fase "captura")
[INFO] [1791464674.551800, 411.570000]: [mission] fase "captura" it0: ponta (0.209, 2.867, 0.796) erro=0.0053 | degrau eixo 2.7° | rolagem 2.7° | IK pediu [-11.8 -15.6  -0.   79.7  -5.6] | faltou [0. 0. 0. 0. 0.] graus
[INFO] [1791464674.554018, 411.572000]: [mission] fase "captura" it0: no frame da parede eixo=+4.8 prof=-1.8 alt=-1.1 mm (tolerância 8/6/10)
[INFO] [1791464674.555051, 411.573000]: [mission] fase "captura" alcançada em 1 iteração(ões) (0.0053 m)
[INFO] [1791464674.559481, 411.577000]: [mission] captura: ponta registrada em eixo=-4.8 prof=+1.8 alt=-8.9 mm (zero da descida do destrava e da deriva de eixo)
[INFO] [1791464675.089681, 412.079000]: [mission] fase "destrava": alvo em altura relativo à captura: -28.9 mm (captura -8.9 − curso 18 − margem 2)
[INFO] [1791464675.091524, 412.080000]: [mission] fase "destrava": modo whole-body/Fuzzy (YAML)
[INFO] [1791464675.301755, 412.284000]: [mission] plano de exclusão publicado: parede em [0.004 2.998 0.   ], normal segura [ 0. -1.  0.]
[INFO] [1791464675.608877, 412.587000]: [mission] fase "destrava": whole-body assumiu (base livre, restrita pelo plano de exclusão)
[INFO] [1791464675.610034, 412.588000]: [mission] fase "destrava": whole-body a 0.0168 m do alvo — eixo=+4.6 prof=-2.9 alt=-15.8 mm
[INFO] [1791464676.638142, 413.587000]: [mission] fase "destrava" alcançada por whole-body em 1.0s (0.0048 m) — no frame da parede eixo=+4.5 prof=-0.1 alt=-1.7 mm (tolerância 10/6/4)
[INFO] [1791464676.850472, 413.796000]: [mission] destrava: ponta desceu 18.6 mm desde a captura (critério observável) | lingueta 9.5 mm (só na simulação)
[INFO] [1791464677.372954, 414.298000]: [mission] fase "libera": modo whole-body/Fuzzy (YAML)
[INFO] [1791464677.579409, 414.499000]: [mission] plano de exclusão publicado: parede em [0.004 2.998 0.   ], normal segura [ 0. -1.  0.]
[INFO] [1791464677.890491, 414.804000]: [mission] fase "libera": whole-body assumiu (base livre, restrita pelo plano de exclusão)
[INFO] [1791464677.892952, 414.806000]: [mission] fase "libera": whole-body a 0.0304 m do alvo — eixo=+4.5 prof=+29.9 alt=+2.9 mm
[INFO] [1791464680.051783, 416.905000]: [mission] fase "libera": whole-body a 0.0239 m do alvo — eixo=+4.3 prof=+23.0 alt=+4.9 mm
[INFO] [1791464682.201576, 419.006000]: [mission] fase "libera": whole-body a 0.0049 m do alvo — eixo=+4.6 prof=+1.6 alt=+0.7 mm
[INFO] [1791464682.406914, 419.206000]: [mission] fase "libera" alcançada por whole-body em 4.4s (0.0048 m) — no frame da parede eixo=+4.6 prof=+1.2 alt=+0.4 mm (tolerância 40/8/6)
[INFO] [1791464683.139100, 419.914000]: [mission] fase "arco1"/puxa: RECUANDO 0.022 m só com as rodas
[INFO] [1791464683.555184, 420.314000]: [mission] fase "arco1"/puxa: concluído (0.022 m)
[INFO] [1791464683.556510, 420.315000]: [mission] fase "arco1": modo whole-body/Fuzzy (YAML)
[INFO] [1791464683.764818, 420.516000]: [mission] plano de exclusão publicado: parede em [0.004 2.998 0.   ], normal segura [ 0. -1.  0.]
[INFO] [1791464684.070696, 420.820000]: [mission] fase "arco1": whole-body assumiu (base livre, restrita pelo plano de exclusão)
[INFO] [1791464684.272898, 421.021000]: [mission] fase "arco1": whole-body a 0.0153 m do alvo — eixo=+4.5 prof=-7.3 alt=-12.6 mm
[INFO] [1791464684.581164, 421.320000]: [mission] fase "arco1" alcançada por whole-body em 0.5s (0.0074 m) — no frame da parede eixo=+4.5 prof=-3.4 alt=-4.9 mm (tolerância 40/10/15)
[INFO] [1791464684.581960, 421.321000]: [mission] arco1: SOLTURA observável — recuo 53.5 mm desde a captura (mín 40) com deriva de eixo +0.3 mm → SOLTA
[INFO] [1791464684.797864, 421.534000]: [mission] waypoint de 15° — lâmina medida em 14.4° (abertura por CONTATO)
[INFO] [1791464685.323021, 422.037000]: [mission] fase "arco2"/puxa: RECUANDO 0.048 m só com as rodas
[INFO] [1791464686.302038, 422.988000]: [mission] fase "arco2"/puxa: concluído (0.053 m)
[INFO] [1791464686.303822, 422.990000]: [mission] fase "arco2": modo whole-body/Fuzzy (YAML)
[INFO] [1791464686.513200, 423.192000]: [mission] plano de exclusão publicado: parede em [0.004 2.998 0.   ], normal segura [ 0. -1.  0.]
[INFO] [1791464686.820099, 423.496000]: [mission] fase "arco2": whole-body assumiu (base livre, restrita pelo plano de exclusão)
[INFO] [1791464686.829803, 423.503000]: [mission] fase "arco2": whole-body a 0.0108 m do alvo — eixo=+4.3 prof=+2.5 alt=-9.6 mm
[INFO] [1791464687.242919, 423.901000]: [mission] fase "arco2" alcançada por whole-body em 0.4s (0.0056 m) — no frame da parede eixo=+4.3 prof=-1.4 alt=-3.2 mm (tolerância 40/10/15)
[INFO] [1791464687.463506, 424.115000]: [mission] waypoint de 30° — lâmina medida em 32.6° (abertura por CONTATO)
[INFO] [1791464687.975403, 424.617000]: [mission] fase "desengata": modo IK iterativa (YAML)
[INFO] [1791464687.978612, 424.620000]: [mission] âncora engatada (fase "desengata")
[INFO] [1791464695.568990, 432.023000]: [mission] fase "desengata" it0: ponta (0.298, 2.771, 0.752) erro=0.0051 | degrau eixo 7.3° | rolagem 7.3° | IK pediu [-16.6 -18.4  -0.   74.1 -10.8] | faltou [-0.3  1.2 -3.   1.5  0.1] graus
[INFO] [1791464695.571688, 432.026000]: [mission] âncora solta — 6 correções de deriva
[INFO] [1791464695.572741, 432.027000]: [mission] fase "desengata" alcançada em 1 iteração(ões) (0.0051 m) — âncora corrigiu 6 vez(es)
[INFO] [1791464696.095222, 432.536000]: [mission] MANIPULATE concluída — chave ABERTA, lâmina medida em 31.8°
[INFO] [1791464696.096562, 432.537000]: State machine transitioning 'MANIPULATE':'done'-->'RETRACT'
[INFO] [1791464696.510670, 432.945000]: [mission] âncora engatada (fase "saida_sobe")
[INFO] [1791464699.175310, 435.551000]: [mission] fase "saida_sobe" it0: ponta (0.300, 2.777, 0.780) erro=0.0045 | degrau eixo 7.2° | rolagem 7.2° | IK pediu [-16.9 -15.2  -0.   72.6 -11.4] | faltou [0. 0. 0. 0. 0.] graus
[INFO] [1791464699.180901, 435.556000]: [mission] fase "saida_sobe" it0: no frame da parede eixo=+0.9 prof=+4.0 alt=+1.9 mm (tolerância 30/20/10)
[INFO] [1791464699.183795, 435.560000]: [mission] âncora solta — 1 correções de deriva
[INFO] [1791464699.186342, 435.562000]: [mission] fase "saida_sobe" alcançada em 1 iteração(ões) (0.0045 m) — âncora corrigiu 1 vez(es)
[INFO] [1791464699.191726, 435.568000]: [mission] âncora engatada (fase "saida_eixo")
[INFO] [1791464705.541748, 441.774000]: [mission] fase "saida_eixo" it0: ponta (0.418, 2.777, 0.783) erro=0.0042 | degrau eixo 14.3° | rolagem 14.3° | IK pediu [-26.  -12.4  -0.   62.6 -17.8] | faltou [-0.1  1.3 -2.9  1.7 -0. ] graus
[INFO] [1791464705.546531, 441.780000]: [mission] fase "saida_eixo" it0: no frame da parede eixo=-1.2 prof=+4.0 alt=-0.4 mm (tolerância 20/20/15)
[INFO] [1791464705.548686, 441.781000]: [mission] âncora solta — 4 correções de deriva
[INFO] [1791464705.551123, 441.784000]: [mission] fase "saida_eixo" alcançada em 1 iteração(ões) (0.0042 m) — âncora corrigiu 4 vez(es)
[INFO] [1791464705.556619, 441.789000]: [mission] âncora engatada (fase "saida_fora")
[INFO] [1791464713.742925, 449.795000]: [mission] fase "saida_fora" it0: ponta (0.413, 2.680, 0.781) erro=0.0090 | degrau eixo 8.9° | rolagem 9.1° | IK pediu [-29.6 -18.8   0.   88.3 -24.8] | faltou [ 0.5 -3.5  7.9 -4.6 -0.1] graus
[INFO] [1791464713.745303, 449.798000]: [mission] fase "saida_fora" it0: no frame da parede eixo=-5.6 prof=+7.0 alt=+1.1 mm (tolerância 30/20/20)
[INFO] [1791464713.747408, 449.800000]: [mission] âncora solta — 6 correções de deriva
[INFO] [1791464713.749824, 449.803000]: [mission] fase "saida_fora" alcançada em 1 iteração(ões) (0.0090 m) — âncora corrigiu 6 vez(es)
[INFO] [1791464713.752503, 449.805000]: [mission] RETRACT/afasta: RECUANDO 0.250 m só com as rodas
[INFO] [1791464718.307928, 454.256000]: [mission] RETRACT/afasta: concluído (0.255 m)
[INFO] [1791464718.309731, 454.257000]: [mission] postura "stow_home" comandada: [0.0, 1.1, -1.04, -1.8, 0.0]
[INFO] [1791464732.231747, 467.859000]: State machine transitioning 'RETRACT':'ok'-->'RETURN'
[INFO] [1791464732.234870, 467.862000]: [mission] RETURN — voltando a (0.01, 1.00, 0.01 rad)
[INFO] [1791464744.526230, 479.913000]: [mission] RETURN: alinhado, avançando (1.13 m)
[INFO] [1791464744.577079, 479.963000]: [mission] teto por postura ativo no drive: v<=0.24 w<=0.50 rampa 0.52/1.51
[INFO] [1791464753.275362, 488.463000]: [mission] RETURN: chegou, ajustando heading final
[INFO] [1791464753.329522, 488.514000]: [mission] teto por postura ativo no drive: v<=0.24 w<=0.50 rampa 0.52/1.51
[INFO] [1791464759.560434, 494.613000]: [mission] RETURN: concluído
[INFO] [1791464759.562719, 494.616000]: State machine terminating 'RETURN':'home':'MISSION_OK'
[INFO] [1791464759.564478, 494.617000]: [mission] resultado: MISSION_OK
... logging to /home/marco/.ros/log/d0a0a55c-c317-11f1-b768-b025aa85b2a2/roslaunch-shiroi-3646468.log
Checking log directory for disk usage. This may take a while.
Press Ctrl-C to interrupt
]2;/home/marco/b166er/src/b166er_whole_body_control/launch/chave_mission.launch
[1mstarted roslaunch server http://shiroi:39069/[0m

SUMMARY
========

PARAMETERS
 * /chave_mission/estado_final: 
 * /chave_mission/estado_inicial: HOME
 * /chave_mission/pausa_por_fase: False
 * /chave_mission/search_omega: 0.35
 * /chave_mission/standoff_distance: 0.62
 * /chave_mission/use_wholebody: False
 * /chave_seccionadora_task/aproxima_lateral/modo: ik
 * /chave_seccionadora_task/aproxima_lateral/offset_xyz_m: [-0.09, 0.008, 0.01]
 * /chave_seccionadora_task/aproxima_lateral/tol_xyz_m: [0.04, 0.008, 0.005]
 * /chave_seccionadora_task/arco1/blade_angle_deg: 15
 * /chave_seccionadora_task/arco1/deriva_eixo_max_m: 0.015
 * /chave_seccionadora_task/arco1/modo: wb
 * /chave_seccionadora_task/arco1/offset_xyz_m: [0.0, 0.0518, -0....
 * /chave_seccionadora_task/arco1/soltura_recuo_min_m: 0.04
 * /chave_seccionadora_task/arco1/tol_xyz_m: [0.04, 0.01, 0.015]
 * /chave_seccionadora_task/arco2/blade_angle_deg: 30
 * /chave_seccionadora_task/arco2/deriva_eixo_max_m: 0.015
 * /chave_seccionadora_task/arco2/modo: wb
 * /chave_seccionadora_task/arco2/offset_xyz_m: [0.0, 0.1, -0.0518]
 * /chave_seccionadora_task/arco2/tol_xyz_m: [0.04, 0.01, 0.015]
 * /chave_seccionadora_task/atravessa/modo: ik
 * /chave_seccionadora_task/atravessa/offset_xyz_m: [-0.008, 0.008, 0...
 * /chave_seccionadora_task/atravessa/tol_xyz_m: [0.008, 0.006, 0....
 * /chave_seccionadora_task/captura/modo: ik
 * /chave_seccionadora_task/captura/offset_xyz_m: [0.0, 0.0, -0.01]
 * /chave_seccionadora_task/captura/tol_xyz_m: [0.008, 0.006, 0.01]
 * /chave_seccionadora_task/desengata/modo: ik
 * /chave_seccionadora_task/desengata/offset_xyz_m: [-0.09, 0.1, -0.0...
 * /chave_seccionadora_task/destrava/curso_estagna_m: 0.01
 * /chave_seccionadora_task/destrava/curso_margem_m: 0.002
 * /chave_seccionadora_task/destrava/curso_min_m: 0.018
 * /chave_seccionadora_task/destrava/curso_teto_m: 0.022
 * /chave_seccionadora_task/destrava/modo: wb
 * /chave_seccionadora_task/destrava/offset_xyz_m: [0.0, 0.0, -0.025]
 * /chave_seccionadora_task/destrava/tol_xyz_m: [0.01, 0.006, 0.004]
 * /chave_seccionadora_task/libera/deriva_eixo_max_m: 0.015
 * /chave_seccionadora_task/libera/modo: wb
 * /chave_seccionadora_task/libera/offset_xyz_m: [0.0, 0.03, -0.025]
 * /chave_seccionadora_task/libera/tol_xyz_m: [0.04, 0.008, 0.006]
 * /chave_seccionadora_task/orienta/modo: ik
 * /chave_seccionadora_task/orienta/offset_xyz_m: [-0.09, 0.15, 0.0...
 * /chave_seccionadora_task/reassenta_sobe/tol_xyz_m: [0.03, 0.02, 0.005]
 * /chave_seccionadora_task/saida_eixo/tol_xyz_m: [0.02, 0.02, 0.015]
 * /chave_seccionadora_task/saida_fora/tol_xyz_m: [0.03, 0.02, 0.02]
 * /chave_seccionadora_task/saida_sobe/tol_xyz_m: [0.03, 0.02, 0.01]
 * /chave_seccionadora_task/target_frame: chave_olhal_link
 * /fuzzy_wb_controller/fixed_gains: []
 * /rosdistro: noetic
 * /rosversion: 1.17.4

NODES
  /
    chave_mission (b166er_whole_body_control/chave_mission.py)

[1mROS_MASTER_URI=http://localhost:11311[0m
]2;/home/marco/b166er/src/b166er_whole_body_control/launch/chave_mission.launch http://localhost:11311
[1mprocess[chave_mission-1]: started with pid [3646512][0m
[1m[chave_mission-1] process has finished cleanly
log file: /home/marco/.ros/log/d0a0a55c-c317-11f1-b768-b025aa85b2a2/chave_mission-1*.log[0m
all processes on machine have died, roslaunch will exit
shutting down processing monitor...
... shutting down processing monitor complete
[1mdone[0m
