[31mWARNING: disk usage in log directory [/home/marco/.ros/log] is over 1GB.
It's recommended that you use the 'rosclean' command.[0m
the rosdep view is empty: call 'sudo rosdep init' and 'rosdep update'
[WARN] [1790793580.401671, 89.716000]: [mission] SEARCH: 4 de 25 amostras descartadas como outlier (>0.15 m ou >0.20 rad da mediana)
[INFO] [1790793555.986229, 65.688000]: garra_dx = 0.000 m (fechada)
[INFO] [1790793556.081566, 65.784000]: State machine starting in initial state 'STOW_INIT' with userdata: 
	[]
[INFO] [1790793556.388628, 66.086000]: [mission] pose de partida registrada: (0.00, 1.00, 0.00 rad)
[INFO] [1790793556.389766, 66.087000]: [mission] postura "stow_home" comandada: [0.0, 1.13, -1.04, -1.8, 0.0]
[INFO] [1790793556.492746, 66.188000]: State machine transitioning 'STOW_INIT':'ok'-->'SEARCH'
[INFO] [1790793556.494734, 66.190000]: [mission] postura "search" comandada: [0.0, 1.0, -1.0, 0.0, 0.0]
[INFO] [1790793562.581933, 72.191000]: [mission] SEARCH — girando à procura da tag...
[INFO] [1790793562.583460, 72.192000]: [mission] SEARCH: amostra quando a tag estiver a raio 0.35-0.50 do quadro (vista oblíqua; omega fina 0.15 rad/s)
[INFO] [1790793563.959684, 73.544000]: [mission] SEARCH: tag a raio 0.94 — girando até <= 0.50
[INFO] [1790793571.536906, 80.995000]: [mission] SEARCH: tag a raio 0.50 — parando
[INFO] [1790793571.538226, 80.996000]: [mission] tag avistada — parando para medir
[INFO] [1790793572.557846, 82.004000]: [mission] âncora engatada (coleta do SEARCH)
[INFO] [1790793572.559281, 82.006000]: [mission] SEARCH: coleta com dither ±0.05 rad/s (período 3.0 s)
[INFO] [1790793580.379894, 89.696000]: [mission] âncora solta — 15 correções de deriva
[INFO] [1790793580.381934, 89.699000]: [mission] SEARCH: âncora corrigiu a deriva 15 vez(es) durante a coleta
[INFO] [1790793580.404076, 89.720000]: [mission] SEARCH: 21 amostras — parede (0.032, 3.107, -0.001) yaw=2.838
[INFO] [1790793580.405766, 89.722000]: [mission] parede localizada em (0.032, 3.107, -0.001)
[INFO] [1790793580.412086, 89.729000]: State machine transitioning 'SEARCH':'found'-->'APPROACH'
[INFO] [1790793580.413753, 89.730000]: [mission] APPROACH etapa 1/2 — 1.30 m do olhal, alvo (-0.21, 1.68, 1.27 rad)
[INFO] [1790793580.415915, 89.732000]: [mission] teto por postura ativo no drive: v<=0.17 w<=0.50 rampa 0.45/1.52
[INFO] [1790793585.397482, 94.632000]: [mission] APPROACH: alinhado, avançando (0.89 m)
[INFO] [1790793585.548481, 94.782000]: [mission] teto por postura ativo no drive: v<=0.17 w<=0.50 rampa 0.45/1.52
[INFO] [1790793592.496299, 101.632000]: [mission] APPROACH: chegou, ajustando heading final
[INFO] [1790793592.547086, 101.682000]: [mission] teto por postura ativo no drive: v<=0.17 w<=0.50 rampa 0.45/1.52
[INFO] [1790793596.045525, 105.132000]: [mission] APPROACH: concluído
[INFO] [1790793597.067672, 106.135000]: [mission] âncora engatada (coleta do APPROACH/remedida)
[INFO] [1790793597.068487, 106.136000]: [mission] APPROACH/remedida: coleta com dither ±0.05 rad/s (período 3.0 s)
[INFO] [1790793598.201946, 107.264000]: [mission] âncora solta — 1 correções de deriva
[INFO] [1790793598.204269, 107.266000]: [mission] APPROACH/remedida: âncora corrigiu a deriva 1 vez(es) durante a coleta
[INFO] [1790793598.206421, 107.267000]: [mission] APPROACH/remedida: 10 amostras — parede (0.008, 3.004, -0.003) yaw=-3.132
[INFO] [1790793598.207143, 107.268000]: [mission] APPROACH etapa 2/2 — 0.88 m do olhal, alvo (0.39, 2.00, 1.58 rad)
[INFO] [1790793598.208079, 107.269000]: [mission] teto por postura ativo no drive: v<=0.17 w<=0.50 rampa 0.45/1.52
[INFO] [1790793602.926676, 111.919000]: [mission] APPROACH: alinhado, avançando (0.79 m)
[INFO] [1790793609.130714, 118.019000]: [mission] APPROACH: chegou, ajustando heading final
[INFO] [1790793609.180739, 118.069000]: [mission] teto por postura ativo no drive: v<=0.17 w<=0.50 rampa 0.45/1.52
[INFO] [1790793616.499007, 125.269000]: [mission] APPROACH: concluído
[INFO] [1790793616.505135, 125.275000]: State machine transitioning 'APPROACH':'arrived'-->'REFINE'
[INFO] [1790793616.507123, 125.277000]: [mission] REFINE — remedindo a parede de perto (10 amostras)
[INFO] [1790793616.510085, 125.280000]: [mission] âncora engatada (coleta do REFINE)
[INFO] [1790793616.512452, 125.283000]: [mission] REFINE: coleta com dither ±0.05 rad/s (período 3.0 s)
[INFO] [1790793618.193743, 126.939000]: [mission] âncora solta — 5 correções de deriva
[INFO] [1790793618.195653, 126.941000]: [mission] REFINE: âncora corrigiu a deriva 5 vez(es) durante a coleta
[INFO] [1790793618.198480, 126.943000]: [mission] REFINE: 10 amostras — parede (0.000, 3.009, -0.002) yaw=3.129
[INFO] [1790793618.200233, 126.946000]: [mission] REFINE: deslocou 0.009 m da estimativa anterior
[INFO] [1790793618.201838, 126.947000]: [mission] olhal estimado em (0.199, 2.877, 0.803)
[INFO] [1790793618.208544, 126.954000]: State machine transitioning 'REFINE':'ok'-->'DEPLOY'
[INFO] [1790793618.211456, 126.956000]: [mission] DEPLOY: IK resolvida para a POSE DE MANIPULAÇÃO (0.19, 2.26, 1.56 rad), não para a atual
[INFO] [1790793623.067719, 127.585000]: [mission] DEPLOY: IK nivelada 0.0714 m, só eixo 0.0013 m — a MISSÃO INTEIRA usa "eixo"
[INFO] [1790793623.070465, 131.811000]: [mission] DEPLOY: IK da ponta resolvida (resíduo 0.0013 m, degrau 0.4°) — pré-posicionando em [-10.9 -46.8  60.   78.7  79.1] graus
[INFO] [1790793630.070590, 138.713000]: [mission] plano de exclusão publicado: parede em [ 0.000e+00  3.009e+00 -2.000e-03], normal segura [-0.013 -1.     0.   ]
[INFO] [1790793630.277756, 138.919000]: [mission] teto por postura ativo no drive: v<=0.23 w<=0.50 rampa 0.52/1.64
[INFO] [1790793633.471717, 142.069000]: [mission] DEPLOY/aproxima: alinhado, avançando (0.44 m)
[INFO] [1790793637.608762, 146.119000]: [mission] DEPLOY/aproxima: chegou, ajustando heading final
[INFO] [1790793640.871448, 149.319000]: [mission] DEPLOY/aproxima: concluído
[INFO] [1790793640.872655, 149.320000]: State machine transitioning 'DEPLOY':'ok'-->'MANIPULATE'
[INFO] [1790793640.874023, 149.321000]: [mission] fase "orienta": modo IK iterativa (YAML)
[INFO] [1790793640.878619, 149.326000]: [mission] âncora engatada (fase "orienta")
[INFO] [1790793644.146581, 152.531000]: [mission] fase "orienta" it0: ponta (0.288, 2.726, 0.812) erro=0.0018 | degrau eixo 0.1° | rolagem 0.1° | IK pediu [-19.  -29.8  27.4  92.1  75.9] | faltou [0. 0. 0. 0. 0.] graus
[INFO] [1790793644.148683, 152.534000]: [mission] âncora solta — 3 correções de deriva
[INFO] [1790793644.149927, 152.535000]: [mission] fase "orienta" alcançada em 1 iteração(ões) (0.0018 m) — âncora corrigiu 3 vez(es)
[INFO] [1790793644.666636, 153.040000]: [mission] fase "aproxima_lateral": modo IK iterativa (YAML)
[INFO] [1790793644.671369, 153.044000]: [mission] âncora engatada (fase "aproxima_lateral")
[INFO] [1790793647.744989, 156.059000]: [mission] fase "aproxima_lateral" it0: ponta (0.289, 2.882, 0.808) erro=0.0079 | degrau eixo 5.0° | rolagem 5.2° | IK pediu [-15.7 -13.2   0.   76.2  80. ] | faltou [ 0.  -0.4 -0.2 -0.2  0. ] graus
[INFO] [1790793647.751600, 156.066000]: [mission] fase "aproxima_lateral" it0: no frame da parede eixo=+0.1 prof=+6.1 alt=+5.1 mm (tolerância 40/8/5)
[INFO] [1790793649.333445, 157.599000]: [mission] fase "aproxima_lateral" it1: ponta (0.289, 2.873, 0.812) erro=0.0029 | degrau eixo 4.8° | rolagem 5.2° | IK pediu [-15.9 -13.2   0.   77.9  79.8] | faltou [ 0.1 -0.1 -0.7 -1.1  0.1] graus
[INFO] [1790793649.335135, 157.601000]: [mission] fase "aproxima_lateral" it1: no frame da parede eixo=+0.4 prof=-2.7 alt=+1.0 mm (tolerância 40/8/5)
[INFO] [1790793649.336177, 157.602000]: [mission] âncora solta — 1 correções de deriva
[INFO] [1790793649.336802, 157.602000]: [mission] fase "aproxima_lateral" alcançada em 2 iteração(ões) (0.0029 m) — âncora corrigiu 1 vez(es)
[INFO] [1790793649.851570, 158.106000]: [mission] fase "atravessa": modo IK iterativa (YAML)
[INFO] [1790793649.857168, 158.112000]: [mission] âncora engatada (fase "atravessa")
[INFO] [1790793651.628630, 159.853000]: [mission] fase "atravessa" it0: ponta (0.228, 2.879, 0.808) erro=0.0222 | degrau eixo 1.8° | rolagem 2.3° | IK pediu [ -8.9 -14.    0.1  79.5  86. ] | faltou [-1.8 -0.2 -0.4 -0.5 -0.9] graus
[INFO] [1790793651.632261, 159.856000]: [mission] fase "atravessa" it0: no frame da parede eixo=+21.5 prof=+2.6 alt=+5.0 mm (tolerância 8/6/5)
[INFO] [1790793653.183614, 161.362000]: [mission] fase "atravessa" it1: ponta (0.228, 2.876, 0.811) erro=0.0215 | degrau eixo 1.1° | rolagem 1.5° | IK pediu [ -7.5 -13.8   0.3  80.3  87.3] | faltou [-3.3 -0.4 -0.6 -0.8 -0.5] graus
[ERROR] [1790793657.534277, 165.645000]: [mission] fase "atravessa": 5 iterações sem fechar (0.0217 m, tolerância 0.020)
[WARN] [1790793657.540287, 165.651000]: [mission] ABORT — parando base e recolhendo braço
[WARN] [1790793657.947530, 166.052000]: [mission] ABORT: ponta a 0.031 m do olhal — saindo em degraus: sobe 30 mm, 120 mm pelo eixo do furo, 100 mm para fora, antes de recolher
[WARN] [1790793680.918418, 188.565000]: [mission] ABORT — voltando à pose de partida (0.00, 1.00, 0.00 rad)
[INFO] [1790793653.188620, 161.368000]: [mission] fase "atravessa" it1: no frame da parede eixo=+21.4 prof=+0.1 alt=+2.3 mm (tolerância 8/6/5)
[INFO] [1790793654.667656, 162.821000]: [mission] fase "atravessa" it2: ponta (0.228, 2.873, 0.813) erro=0.0214 | degrau eixo 0.6° | rolagem 0.8° | IK pediu [ -6.  -13.8   0.4  80.5  88.7] | faltou [-4.8 -0.5 -0.4 -0.6 -0.5] graus
[INFO] [1790793654.669806, 162.824000]: [mission] fase "atravessa" it2: no frame da parede eixo=+21.1 prof=-3.4 alt=+0.0 mm (tolerância 8/6/5)
[INFO] [1790793655.997862, 164.128000]: [mission] fase "atravessa" it3: ponta (0.228, 2.877, 0.811) erro=0.0215 | degrau eixo 0.0° | rolagem 0.2° | IK pediu [ -4.6 -13.5   0.2  79.6  90. ] | faltou [-6.2 -0.7 -0.   0.2 -0.5] graus
[INFO] [1790793655.999704, 164.130000]: [mission] fase "atravessa" it3: no frame da parede eixo=+21.4 prof=+0.5 alt=+1.6 mm (tolerância 8/6/5)
[INFO] [1790793657.523400, 165.633000]: [mission] fase "atravessa" it4: ponta (0.228, 2.878, 0.811) erro=0.0217 | degrau eixo 0.6° | rolagem 0.3° | IK pediu [ -3.1 -13.4   0.3  79.6  91.4] | faltou [-7.7 -0.8 -0.2 -0.3 -0.6] graus
[INFO] [1790793657.529566, 165.639000]: [mission] fase "atravessa" it4: no frame da parede eixo=+21.5 prof=+1.3 alt=+2.1 mm (tolerância 8/6/5)
[INFO] [1790793657.531748, 165.642000]: [mission] âncora solta — 1 correções de deriva
[INFO] [1790793657.538528, 165.649000]: State machine transitioning 'MANIPULATE':'failed'-->'ABORT_SAFE'
[INFO] [1790793657.950552, 166.055000]: [mission] âncora engatada (fase "saida_sobe")
[INFO] [1790793659.797004, 167.859000]: [mission] fase "saida_sobe" it0: ponta (0.229, 2.883, 0.836) erro=0.0069 | degrau eixo 2.5° | rolagem 2.5° | IK pediu [-10.7 -10.6   0.   77.   84.3] | faltou [-0.  -0.3 -0.3 -0.3  0.2] graus
[INFO] [1790793659.801571, 167.864000]: [mission] fase "saida_sobe" it0: no frame da parede eixo=+0.4 prof=+4.9 alt=+4.8 mm (tolerância 30/20/10)
[INFO] [1790793659.803955, 167.867000]: [mission] fase "saida_sobe" alcançada em 1 iteração(ões) (0.0069 m)
[INFO] [1790793659.808380, 167.871000]: [mission] âncora engatada (fase "saida_eixo")
[INFO] [1790793661.865245, 169.878000]: [mission] fase "saida_eixo" it0: ponta (0.349, 2.881, 0.835) erro=0.0075 | degrau eixo 7.5° | rolagem 7.8° | IK pediu [-20.6  -9.3   0.   71.3  75.7] | faltou [ 0.1 -0.3 -0.4 -0.4  0. ] graus
[INFO] [1790793661.867593, 169.881000]: [mission] fase "saida_eixo" it0: no frame da parede eixo=+0.9 prof=+4.9 alt=+5.5 mm (tolerância 20/20/15)
[INFO] [1790793661.869709, 169.882000]: [mission] fase "saida_eixo" alcançada em 1 iteração(ões) (0.0075 m)
[INFO] [1790793661.874469, 169.887000]: [mission] âncora engatada (fase "saida_fora")
[INFO] [1790793664.694436, 172.647000]: [mission] fase "saida_fora" it0: ponta (0.347, 2.779, 0.839) erro=0.0036 | degrau eixo 2.7° | rolagem 3.3° | IK pediu [-23.3 -13.2   0.   94.8  71.4] | faltou [ 0.   0.  -0.7 -1.2  0. ] graus
[INFO] [1790793664.699982, 172.652000]: [mission] fase "saida_fora" it0: no frame da parede eixo=+0.2 prof=+2.9 alt=+2.1 mm (tolerância 30/20/20)
[INFO] [1790793664.703012, 172.656000]: [mission] fase "saida_fora" alcançada em 1 iteração(ões) (0.0036 m)
[INFO] [1790793664.705732, 172.658000]: [mission] ABORT/afasta: RECUANDO 0.250 m só com as rodas
[INFO] [1790793669.185239, 177.061000]: [mission] ABORT/afasta: concluído (0.250 m)
[INFO] [1790793669.187388, 177.063000]: [mission] postura "stow_home" comandada: [0.0, 1.13, -1.04, -1.8, 0.0]
[INFO] [1790793694.593770, 202.065000]: [mission] ABORT/retorno: alinhado, avançando (1.19 m)
[INFO] [1790793694.644730, 202.115000]: [mission] teto por postura ativo no drive: v<=0.23 w<=0.50 rampa 0.51/1.51
[INFO] [1790793703.710070, 211.065000]: [mission] ABORT/retorno: chegou, ajustando heading final
[INFO] [1790793703.760815, 211.115000]: [mission] teto por postura ativo no drive: v<=0.22 w<=0.50 rampa 0.51/1.52
[INFO] [1790793710.395537, 217.665000]: [mission] ABORT/retorno: concluído
[INFO] [1790793710.396854, 217.666000]: State machine terminating 'ABORT_SAFE':'aborted':'MISSION_ABORTED'
[INFO] [1790793710.397908, 217.667000]: [mission] resultado: MISSION_ABORTED
... logging to /home/marco/.ros/log/11e1488e-bcfe-11f1-8eb4-b025aa85b2a2/roslaunch-shiroi-2108521.log
Checking log directory for disk usage. This may take a while.
Press Ctrl-C to interrupt
]2;/home/marco/b166er/src/b166er_whole_body_control/launch/chave_mission.launch
[1mstarted roslaunch server http://shiroi:40349/[0m

SUMMARY
========

PARAMETERS
 * /chave_mission/estado_final: 
 * /chave_mission/estado_inicial: STOW_INIT
 * /chave_mission/pausa_por_fase: False
 * /chave_mission/search_omega: 0.35
 * /chave_mission/standoff_distance: 0.62
 * /chave_mission/use_wholebody: False
 * /chave_seccionadora_task/aproxima_lateral/modo: ik
 * /chave_seccionadora_task/aproxima_lateral/offset_xyz_m: [-0.09, 0.0, 0.01]
 * /chave_seccionadora_task/aproxima_lateral/tol_xyz_m: [0.04, 0.008, 0.005]
 * /chave_seccionadora_task/arco1/blade_angle_deg: 15
 * /chave_seccionadora_task/arco1/deriva_eixo_max_m: 0.015
 * /chave_seccionadora_task/arco1/modo: wb
 * /chave_seccionadora_task/arco1/offset_xyz_m: [0.0, 0.0518, -0....
 * /chave_seccionadora_task/arco1/soltura_recuo_min_m: 0.04
 * /chave_seccionadora_task/arco1/tol_xyz_m: [0.04, 0.01, 0.015]
 * /chave_seccionadora_task/arco2/blade_angle_deg: 30
 * /chave_seccionadora_task/arco2/deriva_eixo_max_m: 0.015
 * /chave_seccionadora_task/arco2/modo: wb
 * /chave_seccionadora_task/arco2/offset_xyz_m: [0.0, 0.1, -0.0518]
 * /chave_seccionadora_task/arco2/tol_xyz_m: [0.04, 0.01, 0.015]
 * /chave_seccionadora_task/atravessa/modo: ik
 * /chave_seccionadora_task/atravessa/offset_xyz_m: [-0.008, 0.0, 0.01]
 * /chave_seccionadora_task/atravessa/tol_xyz_m: [0.008, 0.006, 0....
 * /chave_seccionadora_task/captura/modo: ik
 * /chave_seccionadora_task/captura/offset_xyz_m: [0.0, 0.0, -0.01]
 * /chave_seccionadora_task/captura/tol_xyz_m: [0.04, 0.006, 0.01]
 * /chave_seccionadora_task/desengata/modo: ik
 * /chave_seccionadora_task/desengata/offset_xyz_m: [-0.09, 0.1, -0.0...
 * /chave_seccionadora_task/destrava/curso_estagna_m: 0.01
 * /chave_seccionadora_task/destrava/curso_margem_m: 0.002
 * /chave_seccionadora_task/destrava/curso_min_m: 0.018
 * /chave_seccionadora_task/destrava/modo: wb
 * /chave_seccionadora_task/destrava/offset_xyz_m: [0.0, 0.0, -0.025]
 * /chave_seccionadora_task/destrava/tol_xyz_m: [0.04, 0.006, 0.004]
 * /chave_seccionadora_task/libera/deriva_eixo_max_m: 0.015
 * /chave_seccionadora_task/libera/modo: wb
 * /chave_seccionadora_task/libera/offset_xyz_m: [0.0, 0.03, -0.025]
 * /chave_seccionadora_task/libera/tol_xyz_m: [0.04, 0.008, 0.006]
 * /chave_seccionadora_task/orienta/modo: ik
 * /chave_seccionadora_task/orienta/offset_xyz_m: [-0.09, 0.15, 0.0...
 * /chave_seccionadora_task/reassenta_sobe/tol_xyz_m: [0.03, 0.02, 0.005]
 * /chave_seccionadora_task/saida_eixo/tol_xyz_m: [0.02, 0.02, 0.015]
 * /chave_seccionadora_task/saida_fora/tol_xyz_m: [0.03, 0.02, 0.02]
 * /chave_seccionadora_task/saida_sobe/tol_xyz_m: [0.03, 0.02, 0.01]
 * /chave_seccionadora_task/target_frame: chave_olhal_link
 * /fuzzy_wb_controller/fixed_gains: []
 * /rosdistro: noetic
 * /rosversion: 1.17.4

NODES
  /
    chave_mission (b166er_whole_body_control/chave_mission.py)

[1mROS_MASTER_URI=http://localhost:11311[0m
]2;/home/marco/b166er/src/b166er_whole_body_control/launch/chave_mission.launch http://localhost:11311
[1mprocess[chave_mission-1]: started with pid [2108569][0m
[1m[chave_mission-1] process has finished cleanly
log file: /home/marco/.ros/log/11e1488e-bcfe-11f1-8eb4-b025aa85b2a2/chave_mission-1*.log[0m
all processes on machine have died, roslaunch will exit
shutting down processing monitor...
... shutting down processing monitor complete
[1mdone[0m
