Linked: (/Users/marcoreis/b166er/devel/.private/rosserial_arduino/include/rosserial_arduino/Adc.h, /Users/marcoreis/b166er/devel/include/rosserial_arduino/Adc.h)
Linked: (/Users/marcoreis/b166er/devel/.private/rosserial_arduino/include/rosserial_arduino/TestRequest.h, /Users/marcoreis/b166er/devel/include/rosserial_arduino/TestRequest.h)
Linked: (/Users/marcoreis/b166er/devel/.private/rosserial_arduino/include/rosserial_arduino/TestResponse.h, /Users/marcoreis/b166er/devel/include/rosserial_arduino/TestResponse.h)
Linked: (/Users/marcoreis/b166er/devel/.private/rosserial_arduino/include/rosserial_arduino/Test.h, /Users/marcoreis/b166er/devel/include/rosserial_arduino/Test.h)
Linked: (/Users/marcoreis/b166er/devel/.private/rosserial_arduino/lib/pkgconfig/rosserial_arduino.pc, /Users/marcoreis/b166er/devel/lib/pkgconfig/rosserial_arduino.pc)
Linked: (/Users/marcoreis/b166er/devel/.private/rosserial_arduino/lib/python3.11/site-packages/rosserial_arduino/__init__.py, /Users/marcoreis/b166er/devel/lib/python3.11/site-packages/rosserial_arduino/__init__.py)
Linked: (/Users/marcoreis/b166er/devel/.private/rosserial_arduino/lib/python3.11/site-packages/rosserial_arduino/msg/_Adc.py, /Users/marcoreis/b166er/devel/lib/python3.11/site-packages/rosserial_arduino/msg/_Adc.py)
Linked: (/Users/marcoreis/b166er/devel/.private/rosserial_arduino/lib/python3.11/site-packages/rosserial_arduino/msg/__init__.py, /Users/marcoreis/b166er/devel/lib/python3.11/site-packages/rosserial_arduino/msg/__init__.py)
Linked: (/Users/marcoreis/b166er/devel/.private/rosserial_arduino/lib/python3.11/site-packages/rosserial_arduino/srv/__init__.py, /Users/marcoreis/b166er/devel/lib/python3.11/site-packages/rosserial_arduino/srv/__init__.py)
Linked: (/Users/marcoreis/b166er/devel/.private/rosserial_arduino/lib/python3.11/site-packages/rosserial_arduino/srv/_Test.py, /Users/marcoreis/b166er/devel/lib/python3.11/site-packages/rosserial_arduino/srv/_Test.py)
Linked: (/Users/marcoreis/b166er/devel/.private/rosserial_arduino/lib/rosserial_arduino/serial_node.py, /Users/marcoreis/b166er/devel/lib/rosserial_arduino/serial_node.py)
Linked: (/Users/marcoreis/b166er/devel/.private/rosserial_arduino/lib/rosserial_arduino/make_libraries.py, /Users/marcoreis/b166er/devel/lib/rosserial_arduino/make_libraries.py)
Linked: (/Users/marcoreis/b166er/devel/.private/rosserial_arduino/lib/rosserial_arduino/cmake.lock, /Users/marcoreis/b166er/devel/lib/rosserial_arduino/cmake.lock)
Linked: (/Users/marcoreis/b166er/devel/.private/rosserial_arduino/share/roseus/ros/rosserial_arduino/manifest.l, /Users/marcoreis/b166er/devel/share/roseus/ros/rosserial_arduino/manifest.l)
Linked: (/Users/marcoreis/b166er/devel/.private/rosserial_arduino/share/roseus/ros/rosserial_arduino/msg/Adc.l, /Users/marcoreis/b166er/devel/share/roseus/ros/rosserial_arduino/msg/Adc.l)
Linked: (/Users/marcoreis/b166er/devel/.private/rosserial_arduino/share/roseus/ros/rosserial_arduino/srv/Test.l, /Users/marcoreis/b166er/devel/share/roseus/ros/rosserial_arduino/srv/Test.l)
Linked: (/Users/marcoreis/b166er/devel/.private/rosserial_arduino/share/rosserial_arduino/cmake/rosserial_arduino-extras.cmake, /Users/marcoreis/b166er/devel/share/rosserial_arduino/cmake/rosserial_arduino-extras.cmake)
Linked: (/Users/marcoreis/b166er/devel/.private/rosserial_arduino/share/rosserial_arduino/cmake/rosserial_arduinoConfig.cmake, /Users/marcoreis/b166er/devel/share/rosserial_arduino/cmake/rosserial_arduinoConfig.cmake)
Linked: (/Users/marcoreis/b166er/devel/.private/rosserial_arduino/share/rosserial_arduino/cmake/rosserial_arduinoConfig-version.cmake, /Users/marcoreis/b166er/devel/share/rosserial_arduino/cmake/rosserial_arduinoConfig-version.cmake)
Linked: (/Users/marcoreis/b166er/devel/.private/rosserial_arduino/share/rosserial_arduino/cmake/rosserial_arduino-msg-extras.cmake, /Users/marcoreis/b166er/devel/share/rosserial_arduino/cmake/rosserial_arduino-msg-extras.cmake)
Linked: (/Users/marcoreis/b166er/devel/.private/rosserial_arduino/share/rosserial_arduino/cmake/rosserial_arduino-msg-paths.cmake, /Users/marcoreis/b166er/devel/share/rosserial_arduino/cmake/rosserial_arduino-msg-paths.cmake)
Linked: (/Users/marcoreis/b166er/devel/.private/rosserial_arduino/share/common-lisp/ros/rosserial_arduino/msg/Adc.lisp, /Users/marcoreis/b166er/devel/share/common-lisp/ros/rosserial_arduino/msg/Adc.lisp)
Linked: (/Users/marcoreis/b166er/devel/.private/rosserial_arduino/share/common-lisp/ros/rosserial_arduino/msg/rosserial_arduino-msg.asd, /Users/marcoreis/b166er/devel/share/common-lisp/ros/rosserial_arduino/msg/rosserial_arduino-msg.asd)
Linked: (/Users/marcoreis/b166er/devel/.private/rosserial_arduino/share/common-lisp/ros/rosserial_arduino/msg/_package.lisp, /Users/marcoreis/b166er/devel/share/common-lisp/ros/rosserial_arduino/msg/_package.lisp)
Linked: (/Users/marcoreis/b166er/devel/.private/rosserial_arduino/share/common-lisp/ros/rosserial_arduino/msg/_package_Adc.lisp, /Users/marcoreis/b166er/devel/share/common-lisp/ros/rosserial_arduino/msg/_package_Adc.lisp)
Linked: (/Users/marcoreis/b166er/devel/.private/rosserial_arduino/share/common-lisp/ros/rosserial_arduino/srv/rosserial_arduino-srv.asd, /Users/marcoreis/b166er/devel/share/common-lisp/ros/rosserial_arduino/srv/rosserial_arduino-srv.asd)
Linked: (/Users/marcoreis/b166er/devel/.private/rosserial_arduino/share/common-lisp/ros/rosserial_arduino/srv/_package_Test.lisp, /Users/marcoreis/b166er/devel/share/common-lisp/ros/rosserial_arduino/srv/_package_Test.lisp)
Linked: (/Users/marcoreis/b166er/devel/.private/rosserial_arduino/share/common-lisp/ros/rosserial_arduino/srv/_package.lisp, /Users/marcoreis/b166er/devel/share/common-lisp/ros/rosserial_arduino/srv/_package.lisp)
Linked: (/Users/marcoreis/b166er/devel/.private/rosserial_arduino/share/common-lisp/ros/rosserial_arduino/srv/Test.lisp, /Users/marcoreis/b166er/devel/share/common-lisp/ros/rosserial_arduino/srv/Test.lisp)
Linked: (/Users/marcoreis/b166er/devel/.private/rosserial_arduino/share/gennodejs/ros/rosserial_arduino/_index.js, /Users/marcoreis/b166er/devel/share/gennodejs/ros/rosserial_arduino/_index.js)
Linked: (/Users/marcoreis/b166er/devel/.private/rosserial_arduino/share/gennodejs/ros/rosserial_arduino/msg/_index.js, /Users/marcoreis/b166er/devel/share/gennodejs/ros/rosserial_arduino/msg/_index.js)
Linked: (/Users/marcoreis/b166er/devel/.private/rosserial_arduino/share/gennodejs/ros/rosserial_arduino/msg/Adc.js, /Users/marcoreis/b166er/devel/share/gennodejs/ros/rosserial_arduino/msg/Adc.js)
Linked: (/Users/marcoreis/b166er/devel/.private/rosserial_arduino/share/gennodejs/ros/rosserial_arduino/srv/_index.js, /Users/marcoreis/b166er/devel/share/gennodejs/ros/rosserial_arduino/srv/_index.js)
Linked: (/Users/marcoreis/b166er/devel/.private/rosserial_arduino/share/gennodejs/ros/rosserial_arduino/srv/Test.js, /Users/marcoreis/b166er/devel/share/gennodejs/ros/rosserial_arduino/srv/Test.js)
