[31mWARNING: disk usage in log directory [/home/marco/.ros/log] is over 1GB.
It's recommended that you use the 'rosclean' command.[0m
the rosdep view is empty: call 'sudo rosdep init' and 'rosdep update'
[WARN] [1790794314.938182, 814.393000]: [mission] SEARCH: ajuste não convergiu em 8s (raio 0.50) — amostrando assim mesmo
[WARN] [1790794321.360118, 820.714000]: [mission] SEARCH: 3 de 25 amostras descartadas como outlier (>0.15 m ou >0.20 rad da mediana)
[INFO] [1790794298.651520, 798.332000]: garra_dx = 0.000 m (fechada)
[INFO] [1790794298.698443, 798.380000]: State machine starting in initial state 'STOW_INIT' with userdata: 
	[]
[INFO] [1790794299.006695, 798.681000]: [mission] pose de partida registrada: (0.03, 1.00, 0.01 rad)
[INFO] [1790794299.008866, 798.683000]: [mission] postura "stow_home" comandada: [0.0, 1.13, -1.04, -1.8, 0.0]
[INFO] [1790794299.112377, 798.784000]: State machine transitioning 'STOW_INIT':'ok'-->'SEARCH'
[INFO] [1790794299.115993, 798.787000]: [mission] postura "search" comandada: [0.0, 1.0, -1.0, 0.0, 0.0]
[INFO] [1790794305.196389, 804.790000]: [mission] SEARCH — girando à procura da tag...
[INFO] [1790794305.197860, 804.791000]: [mission] SEARCH: amostra quando a tag estiver a raio 0.35-0.50 do quadro (vista oblíqua; omega fina 0.15 rad/s)
[INFO] [1790794306.765342, 806.342000]: [mission] SEARCH: tag a raio 0.93 — girando até <= 0.50
[INFO] [1790794314.939860, 814.394000]: [mission] tag avistada — parando para medir
[INFO] [1790794315.961753, 815.400000]: [mission] âncora engatada (coleta do SEARCH)
[INFO] [1790794315.962688, 815.401000]: [mission] SEARCH: coleta com dither ±0.05 rad/s (período 3.0 s)
[INFO] [1790794321.342727, 820.698000]: [mission] âncora solta — 5 correções de deriva
[INFO] [1790794321.344762, 820.700000]: [mission] SEARCH: âncora corrigiu a deriva 5 vez(es) durante a coleta
[INFO] [1790794321.362167, 820.717000]: [mission] SEARCH: 22 amostras — parede (0.013, 3.069, -0.002) yaw=3.000
[INFO] [1790794321.363225, 820.718000]: [mission] parede localizada em (0.013, 3.069, -0.002)
[INFO] [1790794321.366328, 820.721000]: State machine transitioning 'SEARCH':'found'-->'APPROACH'
[INFO] [1790794321.367293, 820.722000]: [mission] APPROACH etapa 1/2 — 1.30 m do olhal, alvo (0.01, 1.63, 1.43 rad)
[INFO] [1790794321.368355, 820.723000]: [mission] teto por postura ativo no drive: v<=0.17 w<=0.50 rampa 0.45/1.52
[INFO] [1790794326.437060, 825.723000]: [mission] APPROACH: alinhado, avançando (0.74 m)
[INFO] [1790794326.487329, 825.773000]: [mission] teto por postura ativo no drive: v<=0.17 w<=0.50 rampa 0.45/1.51
[INFO] [1790794332.365811, 831.573000]: [mission] APPROACH: chegou, ajustando heading final
[INFO] [1790794332.415719, 831.623000]: [mission] teto por postura ativo no drive: v<=0.17 w<=0.50 rampa 0.45/1.52
[INFO] [1790794334.996552, 834.173000]: [mission] APPROACH: concluído
[INFO] [1790794336.013085, 835.176000]: [mission] âncora engatada (coleta do APPROACH/remedida)
[INFO] [1790794336.014586, 835.178000]: [mission] APPROACH/remedida: coleta com dither ±0.05 rad/s (período 3.0 s)
[INFO] [1790794337.164150, 836.316000]: [mission] âncora solta — 2 correções de deriva
[INFO] [1790794337.166008, 836.318000]: [mission] APPROACH/remedida: âncora corrigiu a deriva 2 vez(es) durante a coleta
[INFO] [1790794337.167563, 836.319000]: [mission] APPROACH/remedida: 10 amostras — parede (0.005, 3.003, -0.003) yaw=-3.136
[INFO] [1790794337.168942, 836.320000]: [mission] APPROACH etapa 2/2 — 0.88 m do olhal, alvo (0.38, 2.00, 1.58 rad)
[INFO] [1790794340.468165, 839.572000]: [mission] APPROACH: alinhado, avançando (0.63 m)
[INFO] [1790794340.520807, 839.623000]: [mission] teto por postura ativo no drive: v<=0.17 w<=0.50 rampa 0.45/1.52
[INFO] [1790794346.017764, 845.022000]: [mission] APPROACH: chegou, ajustando heading final
[INFO] [1790794346.069410, 845.072000]: [mission] teto por postura ativo no drive: v<=0.17 w<=0.50 rampa 0.45/1.52
[INFO] [1790794352.079050, 851.022000]: [mission] APPROACH: concluído
[INFO] [1790794352.088237, 851.031000]: State machine transitioning 'APPROACH':'arrived'-->'REFINE'
[INFO] [1790794352.090931, 851.034000]: [mission] REFINE — remedindo a parede de perto (10 amostras)
[INFO] [1790794352.097697, 851.040000]: [mission] âncora engatada (coleta do REFINE)
[INFO] [1790794352.099627, 851.042000]: [mission] REFINE: coleta com dither ±0.05 rad/s (período 3.0 s)
[INFO] [1790794353.249524, 852.168000]: [mission] âncora solta — 2 correções de deriva
[INFO] [1790794353.250982, 852.170000]: [mission] REFINE: âncora corrigiu a deriva 2 vez(es) durante a coleta
[INFO] [1790794353.253377, 852.172000]: [mission] REFINE: 10 amostras — parede (0.000, 3.004, -0.002) yaw=-3.136
[INFO] [1790794353.255818, 852.174000]: [mission] REFINE: deslocou 0.005 m da estimativa anterior
[INFO] [1790794353.258628, 852.177000]: [mission] olhal estimado em (0.201, 2.876, 0.803)
[INFO] [1790794353.267494, 852.186000]: State machine transitioning 'REFINE':'ok'-->'DEPLOY'
[INFO] [1790794353.271633, 852.189000]: [mission] DEPLOY: IK resolvida para a POSE DE MANIPULAÇÃO (0.20, 2.26, 1.58 rad), não para a atual
[INFO] [1790794358.179927, 855.536000]: [mission] DEPLOY: IK nivelada 0.0715 m, só eixo 0.0013 m — a MISSÃO INTEIRA usa "eixo"
[INFO] [1790794358.182470, 857.080000]: [mission] DEPLOY: IK da ponta resolvida (resíduo 0.0013 m, degrau 0.4°) — pré-posicionando em [-10.9 -46.8  60.   78.7  79.1] graus
[INFO] [1790794365.175263, 863.981000]: [mission] plano de exclusão publicado: parede em [ 0.000e+00  3.004e+00 -2.000e-03], normal segura [ 0.006 -1.     0.   ]
[INFO] [1790794365.386840, 864.190000]: [mission] teto por postura ativo no drive: v<=0.23 w<=0.50 rampa 0.52/1.64
[INFO] [1790794369.155614, 867.889000]: [mission] DEPLOY/aproxima: alinhado, avançando (0.44 m)
[INFO] [1790794373.457719, 872.139000]: [mission] DEPLOY/aproxima: chegou, ajustando heading final
[INFO] [1790794378.223513, 876.839000]: [mission] DEPLOY/aproxima: concluído
[INFO] [1790794378.224839, 876.840000]: State machine transitioning 'DEPLOY':'ok'-->'MANIPULATE'
[INFO] [1790794378.227063, 876.842000]: [mission] fase "orienta": modo IK iterativa (YAML)
[INFO] [1790794378.231445, 876.847000]: [mission] âncora engatada (fase "orienta")
[INFO] [1790794382.893025, 881.451000]: [mission] fase "orienta" it0: ponta (0.301, 2.726, 0.810) erro=0.0091 | degrau eixo 0.6° | rolagem 0.6° | IK pediu [-21.7 -19.    3.9 103.1  73.4] | faltou [0. 0. 0. 0. 0.] graus
[INFO] [1790794382.896167, 881.454000]: [mission] âncora solta — 3 correções de deriva
[INFO] [1790794382.897449, 881.456000]: [mission] fase "orienta" alcançada em 1 iteração(ões) (0.0091 m) — âncora corrigiu 3 vez(es)
[INFO] [1790794383.409174, 881.960000]: [mission] fase "aproxima_lateral": modo IK iterativa (YAML)
[INFO] [1790794383.411342, 881.962000]: [mission] âncora engatada (fase "aproxima_lateral")
[INFO] [1790794386.659955, 885.164000]: [mission] fase "aproxima_lateral" it0: ponta (0.294, 2.883, 0.807) erro=0.0098 | degrau eixo 6.7° | rolagem 7.0° | IK pediu [-17.1 -12.   -0.   71.9  78.3] | faltou [ 0.  -0.3 -0.3 -0.4  0. ] graus
[INFO] [1790794386.662465, 885.167000]: [mission] fase "aproxima_lateral" it0: no frame da parede eixo=+3.3 prof=+7.1 alt=+6.0 mm (tolerância 40/8/5)
[INFO] [1790794388.199772, 886.676000]: [mission] fase "aproxima_lateral" it1: ponta (0.287, 2.873, 0.812) erro=0.0048 | degrau eixo 6.3° | rolagem 6.6° | IK pediu [-16.8 -12.1   0.   74.3  78. ] | faltou [ 0.1 -0.2 -0.4 -0.5  0. ] graus
[INFO] [1790794388.201990, 886.678000]: [mission] fase "aproxima_lateral" it1: no frame da parede eixo=-3.4 prof=-3.2 alt=+0.7 mm (tolerância 40/8/5)
[INFO] [1790794388.203601, 886.680000]: [mission] âncora solta — 2 correções de deriva
[INFO] [1790794388.205111, 886.682000]: [mission] fase "aproxima_lateral" alcançada em 2 iteração(ões) (0.0048 m) — âncora corrigiu 2 vez(es)
[INFO] [1790794388.715134, 887.186000]: [mission] fase "atravessa": modo IK iterativa (YAML)
[INFO] [1790794388.717355, 887.188000]: [mission] âncora engatada (fase "atravessa")
[INFO] [1790794390.474622, 888.925000]: [mission] fase "atravessa" it0: ponta (0.228, 2.879, 0.807) erro=0.0206 | degrau eixo 3.1° | rolagem 3.6° | IK pediu [-10.2 -13.2   0.   76.8  83.8] | faltou [-1.6 -0.2 -0.4 -0.6 -0.7] graus
[INFO] [1790794390.478352, 888.929000]: [mission] fase "atravessa" it0: no frame da parede eixo=+19.5 prof=+3.3 alt=+5.5 mm (tolerância 8/6/5)
[INFO] [1790794391.935029, 890.364000]: [mission] fase "atravessa" it1: ponta (0.210, 2.872, 0.811) erro=0.0038 | degrau eixo 2.4° | rolagem 2.5° | IK pediu [ -8.7 -13.1   0.   78.4  84.8] | faltou [-1.6 -0.5 -0.3 -0.2 -0. ] graus
[WARN] [1790794398.129461, 896.272000]: [mission] fase "destrava": descida estagnou em 10.4 mm (mín 10 para aceitar; alvo 18) — fim de curso do mecanismo, fechando a fase
[WARN] [1790794398.355884, 896.482000]: [mission] destrava: lingueta em 5.1 mm (esperado ≥ 12) — o gatilho pode não ter soltado
[WARN] [1790794412.004722, 909.439000]: [mission] RETRACT: ponta a 0.142 m do olhal — saindo em degraus: sobe 30 mm, 120 mm pelo eixo do furo, 100 mm para fora, antes de recolher
[INFO] [1790794391.940041, 890.369000]: [mission] fase "atravessa" it1: no frame da parede eixo=+1.0 prof=-3.3 alt=+1.7 mm (tolerância 8/6/5)
[INFO] [1790794391.942518, 890.371000]: [mission] âncora solta — 1 correções de deriva
[INFO] [1790794391.944654, 890.372000]: [mission] fase "atravessa" alcançada em 2 iteração(ões) (0.0038 m) — âncora corrigiu 1 vez(es)
[INFO] [1790794392.459670, 890.881000]: [mission] fase "captura": modo IK iterativa (YAML)
[INFO] [1790794392.466892, 890.888000]: [mission] âncora engatada (fase "captura")
[INFO] [1790794394.124535, 892.455000]: [mission] fase "captura" it0: ponta (0.209, 2.876, 0.793) erro=0.0084 | degrau eixo 2.8° | rolagem 2.8° | IK pediu [ -9.3 -15.7  -0.   79.2  84.3] | faltou [-0.8 -0.1 -0.   0.   0.1] graus
[INFO] [1790794394.127855, 892.459000]: [mission] fase "captura" it0: no frame da parede eixo=+8.4 prof=+0.1 alt=-0.7 mm (tolerância 40/6/10)
[INFO] [1790794394.128858, 892.460000]: [mission] fase "captura" alcançada em 1 iteração(ões) (0.0084 m)
[INFO] [1790794394.132406, 892.463000]: [mission] captura: ponta registrada em eixo=-8.4 prof=-0.1 alt=-9.3 mm (zero da descida do destrava e da deriva de eixo)
[INFO] [1790794394.662277, 892.964000]: [mission] fase "destrava": alvo em altura relativo à captura: -29.3 mm (captura -9.3 − curso 18 − margem 2)
[INFO] [1790794394.665185, 892.966000]: [mission] fase "destrava": modo whole-body/Fuzzy (YAML)
[INFO] [1790794394.879450, 893.169000]: [mission] plano de exclusão publicado: parede em [ 0.000e+00  3.004e+00 -2.000e-03], normal segura [ 0.006 -1.     0.   ]
[INFO] [1790794395.184391, 893.471000]: [mission] fase "destrava": whole-body assumiu (base livre, restrita pelo plano de exclusão)
[INFO] [1790794395.188068, 893.472000]: [mission] fase "destrava": whole-body a 0.0212 m do alvo — eixo=+8.3 prof=-0.2 alt=-19.5 mm
[INFO] [1790794397.386803, 895.572000]: [mission] fase "destrava": whole-body a 0.0149 m do alvo — eixo=+8.0 prof=-4.2 alt=-11.8 mm
[INFO] [1790794398.354967, 896.481000]: [mission] destrava: ponta desceu 10.5 mm desde a captura (critério observável) | lingueta 5.1 mm (só na simulação)
[INFO] [1790794398.890683, 896.983000]: [mission] fase "libera": modo whole-body/Fuzzy (YAML)
[INFO] [1790794399.105085, 897.185000]: [mission] plano de exclusão publicado: parede em [ 0.000e+00  3.004e+00 -2.000e-03], normal segura [ 0.006 -1.     0.   ]
[INFO] [1790794399.431959, 897.489000]: [mission] fase "libera": whole-body assumiu (base livre, restrita pelo plano de exclusão)
[INFO] [1790794399.538521, 897.591000]: [mission] fase "libera": whole-body a 0.0257 m do alvo — eixo=+7.9 prof=+24.2 alt=-3.6 mm
[INFO] [1790794401.731819, 899.690000]: [mission] fase "libera": whole-body a 0.0132 m do alvo — eixo=+7.7 prof=+7.1 alt=+8.1 mm
[INFO] [1790794403.080939, 900.990000]: [mission] fase "libera" alcançada por whole-body em 3.5s (0.0084 m) — no frame da parede eixo=+7.7 prof=+0.6 alt=+3.4 mm (tolerância 40/8/6)
[INFO] [1790794403.834270, 901.695000]: [mission] fase "arco1"/puxa: RECUANDO 0.022 m só com as rodas
[INFO] [1790794404.369926, 902.196000]: [mission] fase "arco1"/puxa: concluído (0.024 m)
[INFO] [1790794404.371436, 902.198000]: [mission] fase "arco1": modo whole-body/Fuzzy (YAML)
[INFO] [1790794404.589695, 902.400000]: [mission] plano de exclusão publicado: parede em [ 0.000e+00  3.004e+00 -2.000e-03], normal segura [ 0.006 -1.     0.   ]
[INFO] [1790794404.912532, 902.704000]: [mission] fase "arco1": whole-body assumiu (base livre, restrita pelo plano de exclusão)
[INFO] [1790794404.916527, 902.707000]: [mission] fase "arco1": whole-body a 0.0094 m do alvo — eixo=+7.5 prof=-4.8 alt=-2.9 mm
[INFO] [1790794405.326441, 903.105000]: [mission] fase "arco1" alcançada por whole-body em 0.4s (0.0096 m) — no frame da parede eixo=+7.6 prof=-4.1 alt=-4.3 mm (tolerância 40/10/15)
[INFO] [1790794405.327369, 903.106000]: [mission] arco1: SOLTURA observável — recuo 56.0 mm desde a captura (mín 40) com deriva de eixo +0.8 mm → SOLTA
[INFO] [1790794405.553676, 903.319000]: [mission] waypoint de 15° — lâmina medida em 15.2° (abertura por CONTATO)
[INFO] [1790794406.080645, 903.821000]: [mission] fase "arco2"/puxa: RECUANDO 0.048 m só com as rodas
[INFO] [1790794407.084396, 904.773000]: [mission] fase "arco2"/puxa: concluído (0.050 m)
[INFO] [1790794407.085447, 904.774000]: [mission] fase "arco2": modo whole-body/Fuzzy (YAML)
[INFO] [1790794407.298596, 904.975000]: [mission] plano de exclusão publicado: parede em [ 0.000e+00  3.004e+00 -2.000e-03], normal segura [ 0.006 -1.     0.   ]
[INFO] [1790794407.610352, 905.276000]: [mission] fase "arco2": whole-body assumiu (base livre, restrita pelo plano de exclusão)
[INFO] [1790794407.614211, 905.279000]: [mission] fase "arco2": whole-body a 0.0181 m do alvo — eixo=+7.2 prof=+2.7 alt=-16.4 mm
[INFO] [1790794408.237183, 905.878000]: [mission] fase "arco2" alcançada por whole-body em 0.6s (0.0136 m) — no frame da parede eixo=+7.1 prof=-2.4 alt=-11.3 mm (tolerância 40/10/15)
[INFO] [1790794408.461467, 906.091000]: [mission] waypoint de 30° — lâmina medida em 28.7° (abertura por CONTATO)
[INFO] [1790794408.987820, 906.593000]: [mission] fase "desengata": modo IK iterativa (YAML)
[INFO] [1790794408.989822, 906.595000]: [mission] âncora engatada (fase "desengata")
[INFO] [1790794411.026762, 908.517000]: [mission] fase "desengata" it0: ponta (0.292, 2.781, 0.745) erro=0.0079 | degrau eixo 7.4° | rolagem 7.8° | IK pediu [-14.9 -19.4  -0.   76.9  78.2] | faltou [ 0.1 -0.3 -0.4 -0.5  0. ] graus
[INFO] [1790794411.031756, 908.521000]: [mission] fase "desengata" alcançada em 1 iteração(ões) (0.0079 m)
[INFO] [1790794411.580991, 909.036000]: [mission] MANIPULATE concluída — chave ABERTA, lâmina medida em 28.7°
[INFO] [1790794411.582729, 909.038000]: State machine transitioning 'MANIPULATE':'done'-->'RETRACT'
[INFO] [1790794412.012964, 909.446000]: [mission] âncora engatada (fase "saida_sobe")
[INFO] [1790794413.592307, 910.951000]: [mission] fase "saida_sobe" it0: ponta (0.292, 2.787, 0.769) erro=0.0078 | degrau eixo 7.2° | rolagem 7.5° | IK pediu [-14.9 -16.5  -0.   74.9  78. ] | faltou [ 0.  -0.4 -0.2 -0.3  0. ] graus
[INFO] [1790794413.597746, 910.956000]: [mission] fase "saida_sobe" it0: no frame da parede eixo=+0.7 prof=+4.8 alt=+6.1 mm (tolerância 30/20/10)
[INFO] [1790794413.600643, 910.959000]: [mission] fase "saida_sobe" alcançada em 1 iteração(ões) (0.0078 m)
[INFO] [1790794413.609044, 910.967000]: [mission] âncora engatada (fase "saida_eixo")
[INFO] [1790794415.708035, 912.959000]: [mission] fase "saida_eixo" it0: ponta (0.412, 2.787, 0.768) erro=0.0080 | degrau eixo 14.3° | rolagem 15.0° | IK pediu [-24.  -13.7  -0.   64.4  71.7] | faltou [ 0.2 -0.3 -0.4 -0.6 -0. ] graus
[INFO] [1790794415.715241, 912.966000]: [mission] fase "saida_eixo" it0: no frame da parede eixo=+0.8 prof=+4.2 alt=+6.8 mm (tolerância 20/20/15)
[INFO] [1790794415.721189, 912.971000]: [mission] fase "saida_eixo" alcançada em 1 iteração(ões) (0.0080 m)
[INFO] [1790794415.727909, 912.977000]: [mission] âncora engatada (fase "saida_fora")
[INFO] [1790794418.749735, 915.853000]: [mission] fase "saida_fora" it0: ponta (0.413, 2.687, 0.772) erro=0.0046 | degrau eixo 9.2° | rolagem 10.3° | IK pediu [-27.5 -19.8   0.   89.   64.9] | faltou [ 0.  -0.  -0.8 -1.5  0. ] graus
[INFO] [1790794418.751487, 915.855000]: [mission] fase "saida_fora" it0: no frame da parede eixo=+0.9 prof=+3.6 alt=+2.8 mm (tolerância 30/20/20)
[INFO] [1790794418.752839, 915.857000]: [mission] fase "saida_fora" alcançada em 1 iteração(ões) (0.0046 m)
[INFO] [1790794418.753567, 915.858000]: [mission] RETRACT/afasta: RECUANDO 0.250 m só com as rodas
[INFO] [1790794423.291488, 920.208000]: [mission] RETRACT/afasta: concluído (0.252 m)
[INFO] [1790794423.293193, 920.210000]: [mission] postura "stow_home" comandada: [0.0, 1.13, -1.04, -1.8, 0.0]
[INFO] [1790794434.824954, 931.410000]: State machine transitioning 'RETRACT':'ok'-->'RETURN'
[INFO] [1790794434.826513, 931.411000]: [mission] RETURN — voltando a (0.03, 1.00, 0.01 rad)
[INFO] [1790794448.759465, 945.112000]: [mission] RETURN: alinhado, avançando (1.20 m)
[INFO] [1790794448.810258, 945.162000]: [mission] teto por postura ativo no drive: v<=0.23 w<=0.50 rampa 0.51/1.52
[INFO] [1790794457.906017, 954.112000]: [mission] RETURN: chegou, ajustando heading final
[INFO] [1790794457.957205, 954.162000]: [mission] teto por postura ativo no drive: v<=0.23 w<=0.50 rampa 0.51/1.52
[INFO] [1790794464.879409, 961.012000]: [mission] RETURN: concluído
[INFO] [1790794464.880133, 961.013000]: State machine terminating 'RETURN':'home':'MISSION_OK'
[INFO] [1790794464.880718, 961.013000]: [mission] resultado: MISSION_OK
... logging to /home/marco/.ros/log/11e1488e-bcfe-11f1-8eb4-b025aa85b2a2/roslaunch-shiroi-2118583.log
Checking log directory for disk usage. This may take a while.
Press Ctrl-C to interrupt
]2;/home/marco/b166er/src/b166er_whole_body_control/launch/chave_mission.launch
[1mstarted roslaunch server http://shiroi:38071/[0m

SUMMARY
========

PARAMETERS
 * /chave_mission/estado_final: 
 * /chave_mission/estado_inicial: STOW_INIT
 * /chave_mission/pausa_por_fase: False
 * /chave_mission/search_omega: 0.35
 * /chave_mission/standoff_distance: 0.62
 * /chave_mission/use_wholebody: False
 * /chave_seccionadora_task/aproxima_lateral/modo: ik
 * /chave_seccionadora_task/aproxima_lateral/offset_xyz_m: [-0.09, 0.0, 0.01]
 * /chave_seccionadora_task/aproxima_lateral/tol_xyz_m: [0.04, 0.008, 0.005]
 * /chave_seccionadora_task/arco1/blade_angle_deg: 15
 * /chave_seccionadora_task/arco1/deriva_eixo_max_m: 0.015
 * /chave_seccionadora_task/arco1/modo: wb
 * /chave_seccionadora_task/arco1/offset_xyz_m: [0.0, 0.0518, -0....
 * /chave_seccionadora_task/arco1/soltura_recuo_min_m: 0.04
 * /chave_seccionadora_task/arco1/tol_xyz_m: [0.04, 0.01, 0.015]
 * /chave_seccionadora_task/arco2/blade_angle_deg: 30
 * /chave_seccionadora_task/arco2/deriva_eixo_max_m: 0.015
 * /chave_seccionadora_task/arco2/modo: wb
 * /chave_seccionadora_task/arco2/offset_xyz_m: [0.0, 0.1, -0.0518]
 * /chave_seccionadora_task/arco2/tol_xyz_m: [0.04, 0.01, 0.015]
 * /chave_seccionadora_task/atravessa/modo: ik
 * /chave_seccionadora_task/atravessa/offset_xyz_m: [-0.008, 0.0, 0.01]
 * /chave_seccionadora_task/atravessa/tol_xyz_m: [0.008, 0.006, 0....
 * /chave_seccionadora_task/captura/modo: ik
 * /chave_seccionadora_task/captura/offset_xyz_m: [0.0, 0.0, -0.01]
 * /chave_seccionadora_task/captura/tol_xyz_m: [0.04, 0.006, 0.01]
 * /chave_seccionadora_task/desengata/modo: ik
 * /chave_seccionadora_task/desengata/offset_xyz_m: [-0.09, 0.1, -0.0...
 * /chave_seccionadora_task/destrava/curso_estagna_m: 0.01
 * /chave_seccionadora_task/destrava/curso_margem_m: 0.002
 * /chave_seccionadora_task/destrava/curso_min_m: 0.018
 * /chave_seccionadora_task/destrava/modo: wb
 * /chave_seccionadora_task/destrava/offset_xyz_m: [0.0, 0.0, -0.025]
 * /chave_seccionadora_task/destrava/tol_xyz_m: [0.04, 0.006, 0.004]
 * /chave_seccionadora_task/libera/deriva_eixo_max_m: 0.015
 * /chave_seccionadora_task/libera/modo: wb
 * /chave_seccionadora_task/libera/offset_xyz_m: [0.0, 0.03, -0.025]
 * /chave_seccionadora_task/libera/tol_xyz_m: [0.04, 0.008, 0.006]
 * /chave_seccionadora_task/orienta/modo: ik
 * /chave_seccionadora_task/orienta/offset_xyz_m: [-0.09, 0.15, 0.0...
 * /chave_seccionadora_task/reassenta_sobe/tol_xyz_m: [0.03, 0.02, 0.005]
 * /chave_seccionadora_task/saida_eixo/tol_xyz_m: [0.02, 0.02, 0.015]
 * /chave_seccionadora_task/saida_fora/tol_xyz_m: [0.03, 0.02, 0.02]
 * /chave_seccionadora_task/saida_sobe/tol_xyz_m: [0.03, 0.02, 0.01]
 * /chave_seccionadora_task/target_frame: chave_olhal_link
 * /fuzzy_wb_controller/fixed_gains: []
 * /rosdistro: noetic
 * /rosversion: 1.17.4

NODES
  /
    chave_mission (b166er_whole_body_control/chave_mission.py)

[1mROS_MASTER_URI=http://localhost:11311[0m
]2;/home/marco/b166er/src/b166er_whole_body_control/launch/chave_mission.launch http://localhost:11311
[1mprocess[chave_mission-1]: started with pid [2118629][0m
[1m[chave_mission-1] process has finished cleanly
log file: /home/marco/.ros/log/11e1488e-bcfe-11f1-8eb4-b025aa85b2a2/chave_mission-1*.log[0m
all processes on machine have died, roslaunch will exit
shutting down processing monitor...
... shutting down processing monitor complete
[1mdone[0m
