[31mWARNING: disk usage in log directory [/home/marco/.ros/log] is over 1GB.
It's recommended that you use the 'rosclean' command.[0m
the rosdep view is empty: call 'sudo rosdep init' and 'rosdep update'
[WARN] [1791403863.530794, 718.968000]: [mission] SEARCH: 4 de 25 amostras descartadas como outlier (>0.15 m ou >0.20 rad da mediana)
[WARN] [1791403863.586357, 719.023000]: [mission] SEARCH: laser com só 17 pontos de parede (mín 30) — parede fica pela tag
[INFO] [1791403840.955581, 696.830000]: garra_dx = 0.000 m (fechada)
[INFO] [1791403841.027799, 696.891000]: State machine starting in initial state 'STOW_INIT' with userdata: 
	[]
[INFO] [1791403841.230697, 697.104000]: [mission] pose de partida registrada: (0.00, 1.00, -0.01 rad)
[INFO] [1791403841.231963, 697.105000]: [mission] postura "stow_home" comandada: [0.0, 1.1, -1.04, -1.8, 0.0]
[INFO] [1791403842.146598, 698.006000]: State machine transitioning 'STOW_INIT':'ok'-->'SEARCH'
[INFO] [1791403842.150335, 698.009000]: [mission] postura "search" comandada: [0.0, 1.0, -1.0, 0.0, 0.0]
[INFO] [1791403849.519451, 705.212000]: [mission] SEARCH — girando à procura da tag...
[INFO] [1791403849.522033, 705.214000]: [mission] SEARCH: amostra quando a tag estiver a raio 0.35-0.50 do quadro (vista oblíqua; omega fina 0.15 rad/s)
[INFO] [1791403850.749120, 706.417000]: [mission] SEARCH: tag a raio 0.94 — girando até <= 0.50
[INFO] [1791403857.476579, 713.019000]: [mission] SEARCH: tag a raio 0.50 — parando
[INFO] [1791403857.478036, 713.020000]: [mission] tag avistada — parando para medir
[INFO] [1791403858.504085, 714.027000]: [mission] âncora engatada (coleta do SEARCH)
[INFO] [1791403858.505297, 714.028000]: [mission] SEARCH: coleta com dither ±0.05 rad/s (período 3.0 s)
[INFO] [1791403863.516957, 718.956000]: [mission] âncora solta — 8 correções de deriva
[INFO] [1791403863.518204, 718.957000]: [mission] SEARCH: âncora corrigiu a deriva 8 vez(es) durante a coleta
[INFO] [1791403863.532253, 718.971000]: [mission] SEARCH: 21 amostras — parede (0.012, 3.132, -0.009) yaw=3.000
[INFO] [1791403863.587917, 719.025000]: [mission] parede localizada em (0.012, 3.132, -0.009)
[INFO] [1791403863.592776, 719.030000]: State machine transitioning 'SEARCH':'found'-->'APPROACH'
[INFO] [1791403863.593930, 719.031000]: [mission] APPROACH etapa 1/2 — 1.30 m do olhal, alvo (0.01, 1.69, 1.43 rad)
[INFO] [1791403867.040523, 722.432000]: [mission] APPROACH: alinhado, avançando (0.83 m)
[INFO] [1791403867.090911, 722.482000]: [mission] teto por postura ativo no drive: v<=0.18 w<=0.50 rampa 0.46/1.51
[INFO] [1791403873.966978, 729.232000]: [mission] APPROACH: chegou, ajustando heading final
[INFO] [1791403874.018869, 729.282000]: [mission] teto por postura ativo no drive: v<=0.18 w<=0.50 rampa 0.46/1.51
[INFO] [1791403876.205329, 731.432000]: [mission] APPROACH: concluído
[INFO] [1791403877.236138, 732.437000]: [mission] âncora engatada (coleta do APPROACH/remedida)
[INFO] [1791403877.238065, 732.439000]: [mission] APPROACH/remedida: coleta com dither ±0.05 rad/s (período 3.0 s)
[INFO] [1791403878.389490, 733.566000]: [mission] âncora solta — 1 correções de deriva
[INFO] [1791403878.390524, 733.567000]: [mission] APPROACH/remedida: âncora corrigiu a deriva 1 vez(es) durante a coleta
[INFO] [1791403878.391688, 733.568000]: [mission] APPROACH/remedida: 10 amostras — parede (0.002, 2.996, -0.002) yaw=-3.135
[INFO] [1791403878.444513, 733.620000]: [mission] APPROACH/remedida: parede pelo LASER — 89 pontos, resíduo 4.9 mm: profundidade -2.5 mm e yaw -0.36° em relação à tag → parede (0.002, 2.999, -0.002) yaw=-3.141
[INFO] [1791403878.448099, 733.623000]: [mission] APPROACH etapa 2/2 — 0.88 m do olhal, alvo (0.37, 1.99, 1.57 rad)
[INFO] [1791403882.365004, 737.476000]: [mission] APPROACH: alinhado, avançando (0.57 m)
[INFO] [1791403882.415612, 737.526000]: [mission] teto por postura ativo no drive: v<=0.18 w<=0.50 rampa 0.46/1.51
[INFO] [1791403887.787598, 742.776000]: [mission] APPROACH: chegou, ajustando heading final
[INFO] [1791403887.839179, 742.826000]: [mission] teto por postura ativo no drive: v<=0.18 w<=0.50 rampa 0.46/1.51
[INFO] [1791403894.005821, 748.876000]: [mission] APPROACH: concluído
[INFO] [1791403894.016655, 748.886000]: State machine transitioning 'APPROACH':'arrived'-->'REFINE'
[INFO] [1791403894.019945, 748.888000]: [mission] REFINE — remedindo a parede de perto (10 amostras)
[INFO] [1791403894.027277, 748.895000]: [mission] âncora engatada (coleta do REFINE)
[INFO] [1791403894.029942, 748.898000]: [mission] REFINE: coleta com dither ±0.05 rad/s (período 3.0 s)
[INFO] [1791403895.076670, 749.917000]: [mission] âncora solta — 1 correções de deriva
[INFO] [1791403895.078581, 749.919000]: [mission] REFINE: âncora corrigiu a deriva 1 vez(es) durante a coleta
[INFO] [1791403895.081252, 749.921000]: [mission] REFINE: 10 amostras — parede (0.004, 3.001, -0.000) yaw=3.131
[INFO] [1791403895.135682, 749.974000]: [mission] REFINE: parede pelo LASER — 83 pontos, resíduo 4.9 mm: profundidade +1.7 mm e yaw +0.66° em relação à tag → parede (0.004, 2.999, -0.000) yaw=-3.140
[INFO] [1791403895.137308, 749.976000]: [mission] REFINE: deslocou 0.002 m da estimativa anterior
[INFO] [1791403895.138726, 749.977000]: [mission] olhal estimado em (0.204, 2.869, 0.805)
[INFO] [1791403895.145989, 749.985000]: State machine transitioning 'REFINE':'ok'-->'DEPLOY'
[INFO] [1791403895.147919, 749.986000]: [mission] DEPLOY: IK resolvida para a POSE DE MANIPULAÇÃO (0.20, 2.25, 1.57 rad), não para a atual
[INFO] [1791403900.019170, 753.471000]: [mission] DEPLOY: IK nivelada 0.0708 m, só eixo 0.0014 m — a MISSÃO INTEIRA usa "eixo"
[INFO] [1791403900.022518, 754.833000]: [mission] DEPLOY: IK da ponta resolvida (resíduo 0.0014 m, degrau 0.4°) — pré-posicionando em [-10.9 -46.4  60.   78.4 -10.9] graus
[INFO] [1791403908.383108, 763.035000]: [mission] plano de exclusão publicado: parede em [ 0.004  2.999 -0.   ], normal segura [ 0.001 -1.     0.   ]
[INFO] [1791403908.592917, 763.242000]: [mission] teto por postura ativo no drive: v<=0.25 w<=0.50 rampa 0.54/1.61
[INFO] [1791403912.293331, 766.842000]: [mission] DEPLOY/aproxima: alinhado, avançando (0.46 m)
[INFO] [1791403916.887577, 771.343000]: [mission] DEPLOY/aproxima: chegou, ajustando heading final
[INFO] [1791403916.937740, 771.392000]: [mission] teto por postura ativo no drive: v<=0.26 w<=0.50 rampa 0.55/1.62
[INFO] [1791403922.289526, 776.642000]: [mission] DEPLOY/aproxima: concluído
[INFO] [1791403922.291204, 776.644000]: State machine transitioning 'DEPLOY':'ok'-->'MANIPULATE'
[INFO] [1791403922.292642, 776.645000]: [mission] fase "orienta": modo IK iterativa (YAML)
[INFO] [1791403922.295738, 776.648000]: [mission] âncora engatada (fase "orienta")
[INFO] [1791403926.673172, 780.952000]: [mission] fase "orienta" it0: ponta (0.295, 2.729, 0.811) erro=0.0099 | degrau eixo 0.1° | rolagem 0.1° | IK pediu [-19.5 -23.5  13.9  99.2 -16.2] | faltou [0. 0. 0. 0. 0.] graus
[INFO] [1791403926.677091, 780.956000]: [mission] âncora solta — 2 correções de deriva
[INFO] [1791403926.680047, 780.959000]: [mission] fase "orienta" alcançada em 1 iteração(ões) (0.0099 m) — âncora corrigiu 2 vez(es)
[INFO] [1791403927.202329, 781.467000]: [mission] fase "aproxima_lateral": modo IK iterativa (YAML)
[INFO] [1791403927.209867, 781.473000]: [mission] âncora engatada (fase "aproxima_lateral")
[INFO] [1791403930.507762, 784.711000]: [mission] fase "aproxima_lateral" it0: ponta (0.293, 2.866, 0.815) erro=0.0046 | degrau eixo 5.6° | rolagem 5.6° | IK pediu [-16.2 -13.2   0.   78.  -12. ] | faltou [0. 0. 0. 0. 0.] graus
[INFO] [1791403930.511500, 784.714000]: [mission] fase "aproxima_lateral" it0: no frame da parede eixo=-0.8 prof=+4.5 alt=-0.4 mm (tolerância 40/8/5)
[INFO] [1791403930.514576, 784.717000]: [mission] âncora solta — 1 correções de deriva
[INFO] [1791403930.516942, 784.719000]: [mission] fase "aproxima_lateral" alcançada em 1 iteração(ões) (0.0046 m) — âncora corrigiu 1 vez(es)
[INFO] [1791403931.034806, 785.228000]: [mission] fase "atravessa": modo IK iterativa (YAML)
[INFO] [1791403931.040006, 785.233000]: [mission] âncora engatada (fase "atravessa")
[INFO] [1791403936.902977, 790.950000]: [mission] fase "atravessa" it0: ponta (0.229, 2.856, 0.822) erro=0.0190 | degrau eixo 2.3° | rolagem 2.2° | IK pediu [ -9.2 -14.2   0.1  82.7  -5.9] | faltou [-1.5 -0.5  2.1 -0.7  0.1] graus
[INFO] [1791403936.908249, 790.956000]: [mission] fase "atravessa" it0: no frame da parede eixo=+16.9 prof=-5.2 alt=-7.0 mm (tolerância 8/6/5)
[INFO] [1791403942.624609, 796.567000]: [mission] fase "atravessa" it1: ponta (0.209, 2.866, 0.807) erro=0.0095 | degrau eixo 1.9° | rolagem 1.6° | IK pediu [ -7.9 -15.    0.3  83.   -4.9] | faltou [-1.1 -1.1  1.9 -1.3  1. ] graus
[ERROR] [1791403957.509429, 810.905000]: [mission] fase "atravessa": 5 iterações sem fechar (0.0109 m, tolerância 0.020)
[WARN] [1791403957.515423, 810.911000]: [mission] ABORT — parando base e recolhendo braço
[WARN] [1791403957.915440, 811.313000]: [mission] ABORT: ponta a 0.010 m do olhal — saindo em degraus: sobe 30 mm, 120 mm pelo eixo do furo, 100 mm para fora, antes de recolher
[ERROR] [1791404008.935296, 861.201000]: [mission] fase "saida_sobe": 5 iterações sem fechar (0.0429 m, tolerância 0.020)
[WARN] [1791404008.937373, 861.201000]: [mission] ABORT: degrau "saida_sobe" não fechou — seguindo para o próximo
[WARN] [1791404036.210874, 887.954000]: [mission] ABORT — voltando à pose de partida (0.00, 1.00, -0.01 rad)
[INFO] [1791403942.627001, 796.569000]: [mission] fase "atravessa" it1: no frame da parede eixo=-2.7 prof=+4.4 alt=+8.0 mm (tolerância 8/6/5)
[INFO] [1791403947.202082, 800.975000]: [mission] fase "atravessa" it2: ponta (0.209, 2.861, 0.809) erro=0.0062 | degrau eixo 1.9° | rolagem 1.8° | IK pediu [ -8.2 -14.5   0.4  83.6  -5.1] | faltou [-0.7 -1.7  2.4 -1.5  0.4] graus
[INFO] [1791403947.204177, 800.977000]: [mission] fase "atravessa" it2: no frame da parede eixo=-2.9 prof=-0.6 alt=+5.5 mm (tolerância 8/6/5)
[INFO] [1791403951.765160, 805.381000]: [mission] fase "atravessa" it3: ponta (0.209, 2.859, 0.808) erro=0.0080 | degrau eixo 2.0° | rolagem 1.8° | IK pediu [ -8.4 -13.8   0.4  82.8  -5.2] | faltou [-0.5 -3.2  4.  -1.3  0.5] graus
[INFO] [1791403951.768869, 805.385000]: [mission] fase "atravessa" it3: no frame da parede eixo=-3.0 prof=-2.6 alt=+7.0 mm (tolerância 8/6/5)
[INFO] [1791403957.495112, 810.890000]: [mission] fase "atravessa" it4: ponta (0.210, 2.872, 0.813) erro=0.0109 | degrau eixo 2.1° | rolagem 2.1° | IK pediu [ -8.6 -13.1   0.4  80.8  -5.3] | faltou [ 0.2 -2.1  2.3 -1.9  0.4] graus
[INFO] [1791403957.496999, 810.893000]: [mission] fase "atravessa" it4: no frame da parede eixo=-2.3 prof=+10.4 alt=+2.3 mm (tolerância 8/6/5)
[INFO] [1791403957.507704, 810.901000]: [mission] âncora solta — 15 correções de deriva
[INFO] [1791403957.514602, 810.910000]: State machine transitioning 'MANIPULATE':'failed'-->'ABORT_SAFE'
[INFO] [1791403957.921181, 811.318000]: [mission] âncora engatada (fase "saida_sobe")
[INFO] [1791403962.455497, 815.724000]: [mission] fase "saida_sobe" it0: ponta (0.210, 2.872, 0.812) erro=0.0303 | degrau eixo 2.4° | rolagem 3.1° | IK pediu [ -8.2 -10.4   0.2  78.3  -5.8] | faltou [ 1.  -6.4  6.1 -1.4 -1.2] graus
[INFO] [1791403962.458337, 815.727000]: [mission] fase "saida_sobe" it0: no frame da parede eixo=+0.1 prof=+0.4 alt=+30.3 mm (tolerância 30/20/10)
[INFO] [1791403969.637252, 822.764000]: [mission] fase "saida_sobe" it1: ponta (0.177, 2.881, 0.848) erro=0.0341 | degrau eixo 2.4° | rolagem 2.7° | IK pediu [-7.1 -7.7  0.3 76.4 -6.1] | faltou [ 2.1 -7.6 13.  -8.3  0.1] graus
[INFO] [1791403969.641333, 822.767000]: [mission] fase "saida_sobe" it1: no frame da parede eixo=-32.4 prof=+9.5 alt=-5.3 mm (tolerância 30/20/10)
[INFO] [1791403980.998872, 833.875000]: [mission] fase "saida_sobe" it2: ponta (0.193, 2.894, 0.844) erro=0.0280 | degrau eixo 3.0° | rolagem 4.6° | IK pediu [-10.1  -8.2   0.1  77.8  -8.2] | faltou [  3.5   7.9 -20.1   5.2  -0.8] graus
[INFO] [1791403981.001198, 833.878000]: [mission] fase "saida_sobe" it2: no frame da parede eixo=-16.7 prof=+22.4 alt=-1.5 mm (tolerância 30/20/10)
[INFO] [1791404002.893373, 855.285000]: [mission] fase "saida_sobe" it3: ponta (0.250, 2.849, 0.857) erro=0.0483 | degrau eixo 2.9° | rolagem 3.5° | IK pediu [-11.8  -9.   -0.1  82.3  -9.7] | faltou [ -0.2   8.7 -20.3   9.2  -0.4] graus
[INFO] [1791404002.895409, 855.287000]: [mission] fase "saida_sobe" it3: no frame da parede eixo=+40.1 prof=-22.7 alt=-14.6 mm (tolerância 30/20/10)
[INFO] [1791404008.925674, 861.192000]: [mission] fase "saida_sobe" it4: ponta (0.249, 2.857, 0.852) erro=0.0429 | degrau eixo 2.4° | rolagem 2.2° | IK pediu [-8.9 -9.6 -0.7 80.3 -6.6] | faltou [ -2.8   6.3 -14.6   7.6   0.6] graus
[INFO] [1791404008.930150, 861.197000]: [mission] fase "saida_sobe" it4: no frame da parede eixo=+39.0 prof=-15.1 alt=-9.7 mm (tolerância 30/20/10)
[INFO] [1791404008.932467, 861.199000]: [mission] âncora solta — 22 correções de deriva
[INFO] [1791404008.944067, 861.209000]: [mission] âncora engatada (fase "saida_eixo")
[INFO] [1791404012.212866, 864.417000]: [mission] fase "saida_eixo" it0: ponta (0.329, 2.871, 0.844) erro=0.0013 | degrau eixo 7.2° | rolagem 7.2° | IK pediu [-18.1  -9.3  -0.   72.7 -14.6] | faltou [0. 0. 0. 0. 0.] graus
[INFO] [1791404012.218496, 864.422000]: [mission] fase "saida_eixo" it0: no frame da parede eixo=-0.4 prof=-0.7 alt=-1.0 mm (tolerância 20/20/15)
[INFO] [1791404012.220973, 864.426000]: [mission] âncora solta — 1 correções de deriva
[INFO] [1791404012.223199, 864.428000]: [mission] fase "saida_eixo" alcançada em 1 iteração(ões) (0.0013 m) — âncora corrigiu 1 vez(es)
[INFO] [1791404012.229439, 864.434000]: [mission] âncora engatada (fase "saida_fora")
[INFO] [1791404015.592610, 867.738000]: [mission] fase "saida_fora" it0: ponta (0.330, 2.773, 0.843) erro=0.0011 | degrau eixo 2.4° | rolagem 2.4° | IK pediu [-20.8 -13.    0.   95.6 -18.8] | faltou [0. 0. 0. 0. 0.] graus
[INFO] [1791404015.598299, 867.744000]: [mission] fase "saida_fora" it0: no frame da parede eixo=+0.1 prof=+1.0 alt=-0.6 mm (tolerância 30/20/20)
[INFO] [1791404015.601483, 867.748000]: [mission] fase "saida_fora" alcançada em 1 iteração(ões) (0.0011 m)
[INFO] [1791404015.603720, 867.750000]: [mission] ABORT/afasta: RECUANDO 0.250 m só com as rodas
[INFO] [1791404020.085294, 872.152000]: [mission] ABORT/afasta: concluído (0.251 m)
[INFO] [1791404020.086599, 872.153000]: [mission] postura "stow_home" comandada: [0.0, 1.1, -1.04, -1.8, 0.0]
[INFO] [1791404049.351431, 900.806000]: [mission] ABORT/retorno: alinhado, avançando (1.10 m)
[INFO] [1791404049.403325, 900.856000]: [mission] teto por postura ativo no drive: v<=0.24 w<=0.50 rampa 0.53/1.50
[INFO] [1791404057.846173, 909.107000]: [mission] ABORT/retorno: chegou, ajustando heading final
[INFO] [1791404057.896015, 909.156000]: [mission] teto por postura ativo no drive: v<=0.24 w<=0.50 rampa 0.53/1.51
[INFO] [1791404065.186184, 916.307000]: [mission] ABORT/retorno: concluído
[INFO] [1791404065.190363, 916.310000]: State machine terminating 'ABORT_SAFE':'aborted':'MISSION_ABORTED'
[INFO] [1791404065.192467, 916.312000]: [mission] resultado: MISSION_ABORTED
... logging to /home/marco/.ros/log/7ed34c18-c289-11f1-b856-b025aa85b2a2/roslaunch-shiroi-3479392.log
Checking log directory for disk usage. This may take a while.
Press Ctrl-C to interrupt
]2;/home/marco/b166er/src/b166er_whole_body_control/launch/chave_mission.launch
[1mstarted roslaunch server http://shiroi:41313/[0m

SUMMARY
========

PARAMETERS
 * /chave_mission/estado_final: 
 * /chave_mission/estado_inicial: STOW_INIT
 * /chave_mission/pausa_por_fase: False
 * /chave_mission/search_omega: 0.35
 * /chave_mission/standoff_distance: 0.62
 * /chave_mission/use_wholebody: False
 * /chave_seccionadora_task/aproxima_lateral/modo: ik
 * /chave_seccionadora_task/aproxima_lateral/offset_xyz_m: [-0.09, 0.008, 0.01]
 * /chave_seccionadora_task/aproxima_lateral/tol_xyz_m: [0.04, 0.008, 0.005]
 * /chave_seccionadora_task/arco1/blade_angle_deg: 15
 * /chave_seccionadora_task/arco1/deriva_eixo_max_m: 0.015
 * /chave_seccionadora_task/arco1/modo: wb
 * /chave_seccionadora_task/arco1/offset_xyz_m: [0.0, 0.0518, -0....
 * /chave_seccionadora_task/arco1/soltura_recuo_min_m: 0.04
 * /chave_seccionadora_task/arco1/tol_xyz_m: [0.04, 0.01, 0.015]
 * /chave_seccionadora_task/arco2/blade_angle_deg: 30
 * /chave_seccionadora_task/arco2/deriva_eixo_max_m: 0.015
 * /chave_seccionadora_task/arco2/modo: wb
 * /chave_seccionadora_task/arco2/offset_xyz_m: [0.0, 0.1, -0.0518]
 * /chave_seccionadora_task/arco2/tol_xyz_m: [0.04, 0.01, 0.015]
 * /chave_seccionadora_task/atravessa/modo: ik
 * /chave_seccionadora_task/atravessa/offset_xyz_m: [-0.008, 0.008, 0...
 * /chave_seccionadora_task/atravessa/tol_xyz_m: [0.008, 0.006, 0....
 * /chave_seccionadora_task/captura/modo: ik
 * /chave_seccionadora_task/captura/offset_xyz_m: [0.0, 0.0, -0.01]
 * /chave_seccionadora_task/captura/tol_xyz_m: [0.04, 0.006, 0.01]
 * /chave_seccionadora_task/desengata/modo: ik
 * /chave_seccionadora_task/desengata/offset_xyz_m: [-0.09, 0.1, -0.0...
 * /chave_seccionadora_task/destrava/curso_estagna_m: 0.01
 * /chave_seccionadora_task/destrava/curso_margem_m: 0.002
 * /chave_seccionadora_task/destrava/curso_min_m: 0.018
 * /chave_seccionadora_task/destrava/curso_teto_m: 0.022
 * /chave_seccionadora_task/destrava/modo: wb
 * /chave_seccionadora_task/destrava/offset_xyz_m: [0.0, 0.0, -0.025]
 * /chave_seccionadora_task/destrava/tol_xyz_m: [0.04, 0.006, 0.004]
 * /chave_seccionadora_task/libera/deriva_eixo_max_m: 0.015
 * /chave_seccionadora_task/libera/modo: wb
 * /chave_seccionadora_task/libera/offset_xyz_m: [0.0, 0.03, -0.025]
 * /chave_seccionadora_task/libera/tol_xyz_m: [0.04, 0.008, 0.006]
 * /chave_seccionadora_task/orienta/modo: ik
 * /chave_seccionadora_task/orienta/offset_xyz_m: [-0.09, 0.15, 0.0...
 * /chave_seccionadora_task/reassenta_sobe/tol_xyz_m: [0.03, 0.02, 0.005]
 * /chave_seccionadora_task/saida_eixo/tol_xyz_m: [0.02, 0.02, 0.015]
 * /chave_seccionadora_task/saida_fora/tol_xyz_m: [0.03, 0.02, 0.02]
 * /chave_seccionadora_task/saida_sobe/tol_xyz_m: [0.03, 0.02, 0.01]
 * /chave_seccionadora_task/target_frame: chave_olhal_link
 * /fuzzy_wb_controller/fixed_gains: []
 * /rosdistro: noetic
 * /rosversion: 1.17.4

NODES
  /
    chave_mission (b166er_whole_body_control/chave_mission.py)

[1mROS_MASTER_URI=http://localhost:11311[0m
]2;/home/marco/b166er/src/b166er_whole_body_control/launch/chave_mission.launch http://localhost:11311
[1mprocess[chave_mission-1]: started with pid [3479436][0m
[1m[chave_mission-1] process has finished cleanly
log file: /home/marco/.ros/log/7ed34c18-c289-11f1-b856-b025aa85b2a2/chave_mission-1*.log[0m
all processes on machine have died, roslaunch will exit
shutting down processing monitor...
... shutting down processing monitor complete
[1mdone[0m
