[  0%] Built target rosgraph_msgs_generate_messages_py
[  0%] Built target std_msgs_generate_messages_eus
[  0%] Built target tf2_msgs_generate_messages_py
[  0%] Built target std_msgs_generate_messages_cpp
[  0%] Built target rosgraph_msgs_generate_messages_lisp
[  0%] Built target rosgraph_msgs_generate_messages_nodejs
[  0%] Built target std_msgs_generate_messages_lisp
[  0%] Built target std_msgs_generate_messages_py
[  0%] Built target movemaster_msg_generate_messages_eus
[  0%] Built target movemaster_msg_generate_messages_lisp
[  0%] Built target std_msgs_generate_messages_nodejs
[  0%] Built target movemaster_msg_generate_messages_cpp
[  0%] Built target movemaster_msg_generate_messages_nodejs
[  0%] Built target tf_generate_messages_eus
[  0%] Built target movemaster_msg_generate_messages_py
[  0%] Built target tf_generate_messages_cpp
[  0%] Built target tf_generate_messages_nodejs
[  0%] Built target tf_generate_messages_lisp
[  0%] Built target tf_generate_messages_py
[  0%] Built target geometry_msgs_generate_messages_nodejs
[  0%] Built target geometry_msgs_generate_messages_eus
[  0%] Built target geometry_msgs_generate_messages_cpp
[  0%] Built target geometry_msgs_generate_messages_lisp
[  0%] Built target geometry_msgs_generate_messages_py
[  0%] Built target sensor_msgs_generate_messages_cpp
[  0%] Built target sensor_msgs_generate_messages_eus
[  0%] Built target sensor_msgs_generate_messages_lisp
[  0%] Built target roscpp_generate_messages_cpp
[  0%] Built target sensor_msgs_generate_messages_nodejs
[  0%] Built target roscpp_generate_messages_eus
[  0%] Built target sensor_msgs_generate_messages_py
[  0%] Built target actionlib_generate_messages_cpp
[  0%] Built target roscpp_generate_messages_lisp
[  0%] Built target roscpp_generate_messages_nodejs
[  0%] Built target roscpp_generate_messages_py
[  0%] Built target rosgraph_msgs_generate_messages_cpp
[  0%] Built target rosgraph_msgs_generate_messages_eus
[  0%] Built target actionlib_generate_messages_eus
[  0%] Built target actionlib_generate_messages_py
[  0%] Built target actionlib_generate_messages_lisp
[  0%] Built target actionlib_msgs_generate_messages_cpp
[  0%] Built target actionlib_msgs_generate_messages_eus
[  0%] Built target actionlib_generate_messages_nodejs
[  0%] Built target actionlib_msgs_generate_messages_lisp
[  0%] Built target actionlib_msgs_generate_messages_nodejs
[  0%] Built target tf2_msgs_generate_messages_eus
[  0%] Built target tf2_msgs_generate_messages_cpp
[  0%] Built target actionlib_msgs_generate_messages_py
[  0%] Built target tf2_msgs_generate_messages_lisp
[  0%] Built target tf2_msgs_generate_messages_nodejs
[ 11%] Built target angles
[ 22%] Built target marker_publisherNOVO
[ 33%] Built target camera_launcher
[ 44%] Built target hanoi_tf
[ 55%] Built target state_publisher
[ 66%] Built target simulate_status_virtual
[ 77%] Built target simulate_status_real
[ 83%] [32mBuilding CXX object CMakeFiles/angles2.dir/src/angles2.cpp.o[0m
[ 94%] Built target draw_square_cpp
[1m/Users/marcoreis/b166er/src/movemaster_control/src/angles2.cpp:250:6: [0m[0;1;35mwarning: [0m[1mexpression result unused [-Wunused-value][0m
  250 |                                         exit;\[0m
      | [0;1;32m                                        ^~~~
[0m1 warning generated.
[100%] [1m[32mLinking CXX executable /Users/marcoreis/b166er/devel/.private/movemaster_control/lib/movemaster_control/angles2[0m
[100%] Built target angles2
