Symlinking /home/marco/b166er/devel/share/movemaster_control/cmake/movemaster_controlConfig-version.cmake
Symlinking /home/marco/b166er/devel/share/movemaster_control/cmake/movemaster_controlConfig.cmake
Symlinking /home/marco/b166er/devel/lib/movemaster_control/marker_publisherNOVO
Symlinking /home/marco/b166er/devel/lib/movemaster_control/angles2
Symlinking /home/marco/b166er/devel/lib/movemaster_control/camera_launcher
Symlinking /home/marco/b166er/devel/lib/movemaster_control/draw_square_cpp
Symlinking /home/marco/b166er/devel/lib/movemaster_control/state_publisher
Symlinking /home/marco/b166er/devel/lib/movemaster_control/angles
Symlinking /home/marco/b166er/devel/lib/movemaster_control/simulate_status_virtual
Symlinking /home/marco/b166er/devel/lib/movemaster_control/simulate_status_real
Symlinking /home/marco/b166er/devel/lib/movemaster_control/hanoi_tf
Symlinking /home/marco/b166er/devel/lib/pkgconfig/movemaster_control.pc
Cleaning: (/Users/marcoreis/b166er/devel/.private/movemaster_control/cmake.lock, /Users/marcoreis/b166er/devel/./cmake.lock)
Cleaning: (/Users/marcoreis/b166er/devel/.private/movemaster_control/lib/pkgconfig/movemaster_control.pc, /Users/marcoreis/b166er/devel/lib/pkgconfig/movemaster_control.pc)
Cleaning: (/Users/marcoreis/b166er/devel/.private/movemaster_control/lib/movemaster_control/simulate_status_virtual, /Users/marcoreis/b166er/devel/lib/movemaster_control/simulate_status_virtual)
Cleaning: (/Users/marcoreis/b166er/devel/.private/movemaster_control/lib/movemaster_control/hanoi_tf, /Users/marcoreis/b166er/devel/lib/movemaster_control/hanoi_tf)
Cleaning: (/Users/marcoreis/b166er/devel/.private/movemaster_control/lib/movemaster_control/simulate_status_real, /Users/marcoreis/b166er/devel/lib/movemaster_control/simulate_status_real)
Cleaning: (/Users/marcoreis/b166er/devel/.private/movemaster_control/lib/movemaster_control/marker_publisherNOVO, /Users/marcoreis/b166er/devel/lib/movemaster_control/marker_publisherNOVO)
Cleaning: (/Users/marcoreis/b166er/devel/.private/movemaster_control/lib/movemaster_control/angles2, /Users/marcoreis/b166er/devel/lib/movemaster_control/angles2)
Cleaning: (/Users/marcoreis/b166er/devel/.private/movemaster_control/lib/movemaster_control/state_publisher, /Users/marcoreis/b166er/devel/lib/movemaster_control/state_publisher)
Cleaning: (/Users/marcoreis/b166er/devel/.private/movemaster_control/lib/movemaster_control/angles, /Users/marcoreis/b166er/devel/lib/movemaster_control/angles)
Cleaning: (/Users/marcoreis/b166er/devel/.private/movemaster_control/lib/movemaster_control/draw_square_cpp, /Users/marcoreis/b166er/devel/lib/movemaster_control/draw_square_cpp)
Cleaning: (/Users/marcoreis/b166er/devel/.private/movemaster_control/lib/movemaster_control/camera_launcher, /Users/marcoreis/b166er/devel/lib/movemaster_control/camera_launcher)
Cleaning: (/Users/marcoreis/b166er/devel/.private/movemaster_control/share/movemaster_control/cmake/movemaster_controlConfig-version.cmake, /Users/marcoreis/b166er/devel/share/movemaster_control/cmake/movemaster_controlConfig-version.cmake)
Cleaning: (/Users/marcoreis/b166er/devel/.private/movemaster_control/share/movemaster_control/cmake/movemaster_controlConfig.cmake, /Users/marcoreis/b166er/devel/share/movemaster_control/cmake/movemaster_controlConfig.cmake)
Unlinking: /Users/marcoreis/b166er/devel/lib/pkgconfig/movemaster_control.pc
Already unlinked: {}
Unlinking: /Users/marcoreis/b166er/devel/lib/movemaster_control/simulate_status_virtual
Already unlinked: {}
Unlinking: /Users/marcoreis/b166er/devel/lib/movemaster_control/hanoi_tf
Already unlinked: {}
Unlinking: /Users/marcoreis/b166er/devel/lib/movemaster_control/simulate_status_real
Already unlinked: {}
Unlinking: /Users/marcoreis/b166er/devel/lib/movemaster_control/marker_publisherNOVO
Already unlinked: {}
Unlinking: /Users/marcoreis/b166er/devel/lib/movemaster_control/angles2
Already unlinked: {}
Unlinking: /Users/marcoreis/b166er/devel/lib/movemaster_control/state_publisher
Already unlinked: {}
Unlinking: /Users/marcoreis/b166er/devel/lib/movemaster_control/angles
Already unlinked: {}
Unlinking: /Users/marcoreis/b166er/devel/lib/movemaster_control/draw_square_cpp
Already unlinked: {}
Unlinking: /Users/marcoreis/b166er/devel/lib/movemaster_control/camera_launcher
Already unlinked: {}
Unlinking: /Users/marcoreis/b166er/devel/share/movemaster_control/cmake/movemaster_controlConfig-version.cmake
Already unlinked: {}
Unlinking: /Users/marcoreis/b166er/devel/share/movemaster_control/cmake/movemaster_controlConfig.cmake
Already unlinked: {}
