[  0%] Built target roscpp_generate_messages_cpp
[  0%] Built target tf2_msgs_generate_messages_py
[  0%] Built target roscpp_generate_messages_nodejs
[  0%] Built target roscpp_generate_messages_eus
[  0%] Built target roscpp_generate_messages_lisp
[  0%] Built target roscpp_generate_messages_py
[  0%] Built target rosgraph_msgs_generate_messages_nodejs
[  0%] Built target rosgraph_msgs_generate_messages_eus
[  0%] Built target rosgraph_msgs_generate_messages_py
[  0%] Built target rosgraph_msgs_generate_messages_cpp
[  0%] Built target rosgraph_msgs_generate_messages_lisp
[  0%] Built target std_msgs_generate_messages_eus
[  0%] Built target std_msgs_generate_messages_nodejs
[  0%] Built target std_msgs_generate_messages_py
[  0%] Built target movemaster_msg_generate_messages_cpp
[  0%] Built target movemaster_msg_generate_messages_eus
[  0%] Built target std_msgs_generate_messages_cpp
[  0%] Built target movemaster_msg_generate_messages_py
[  0%] Built target movemaster_msg_generate_messages_lisp
[  0%] Built target movemaster_msg_generate_messages_nodejs
[  0%] Built target tf_generate_messages_cpp
[  0%] Built target std_msgs_generate_messages_lisp
[  0%] Built target tf_generate_messages_nodejs
[  0%] Built target tf_generate_messages_lisp
[  0%] Built target tf_generate_messages_eus
[  0%] Built target tf_generate_messages_py
[  0%] Built target geometry_msgs_generate_messages_cpp
[  0%] Built target geometry_msgs_generate_messages_eus
[  0%] Built target geometry_msgs_generate_messages_lisp
[  0%] Built target geometry_msgs_generate_messages_py
[  0%] Built target geometry_msgs_generate_messages_nodejs
[  0%] Built target sensor_msgs_generate_messages_lisp
[  0%] Built target sensor_msgs_generate_messages_eus
[  0%] Built target actionlib_generate_messages_eus
[  0%] Built target actionlib_msgs_generate_messages_cpp
[  0%] Built target actionlib_generate_messages_lisp
[  0%] Built target sensor_msgs_generate_messages_py
[  0%] Built target sensor_msgs_generate_messages_cpp
[  0%] Built target sensor_msgs_generate_messages_nodejs
[  0%] Built target actionlib_generate_messages_py
[  0%] Built target actionlib_generate_messages_nodejs
[  0%] Built target actionlib_generate_messages_cpp
[  0%] Built target actionlib_msgs_generate_messages_eus
[  0%] Built target actionlib_msgs_generate_messages_lisp
[  0%] Built target actionlib_msgs_generate_messages_py
[  0%] Built target actionlib_msgs_generate_messages_nodejs
[  0%] Built target tf2_msgs_generate_messages_lisp
[  0%] Built target tf2_msgs_generate_messages_cpp
[  0%] Built target tf2_msgs_generate_messages_eus
[  0%] Built target tf2_msgs_generate_messages_nodejs
[  5%] [32mBuilding CXX object CMakeFiles/simulate_status_real.dir/src/simulate_status_real.cpp.o[0m
[ 11%] [32mBuilding CXX object CMakeFiles/simulate_status_virtual.dir/src/simulate_status_virtual.cpp.o[0m
[ 16%] [32mBuilding CXX object CMakeFiles/state_publisher.dir/src/state_publisher.cpp.o[0m
[ 22%] [32mBuilding CXX object CMakeFiles/angles.dir/src/angles.cpp.o[0m
[ 27%] [32mBuilding CXX object CMakeFiles/marker_publisherNOVO.dir/src/marker_publisherNOVO.cpp.o[0m
[ 33%] [32mBuilding CXX object CMakeFiles/hanoi_tf.dir/src/hanoi_tf.cpp.o[0m
[ 38%] [32mBuilding CXX object CMakeFiles/angles2.dir/src/angles2.cpp.o[0m
[ 44%] [32mBuilding CXX object CMakeFiles/camera_launcher.dir/src/camera_launcher.cpp.o[0m
[ 50%] [32mBuilding CXX object CMakeFiles/draw_square_cpp.dir/src/draw_square.cpp.o[0m
[ 55%] [1m[32mLinking CXX executable /home/marco/b166er/devel/.private/movemaster_control/lib/movemaster_control/draw_square_cpp[0m
[ 61%] [1m[32mLinking CXX executable /home/marco/b166er/devel/.private/movemaster_control/lib/movemaster_control/angles2[0m
[ 61%] Built target draw_square_cpp
[ 61%] Built target angles2
[ 66%] [1m[32mLinking CXX executable /home/marco/b166er/devel/.private/movemaster_control/lib/movemaster_control/camera_launcher[0m
[ 66%] Built target camera_launcher
[ 72%] [1m[32mLinking CXX executable /home/marco/b166er/devel/.private/movemaster_control/lib/movemaster_control/angles[0m
[ 72%] Built target angles
[ 77%] [1m[32mLinking CXX executable /home/marco/b166er/devel/.private/movemaster_control/lib/movemaster_control/marker_publisherNOVO[0m
[ 83%] [1m[32mLinking CXX executable /home/marco/b166er/devel/.private/movemaster_control/lib/movemaster_control/simulate_status_real[0m
[ 83%] Built target marker_publisherNOVO
[ 83%] Built target simulate_status_real
[ 88%] [1m[32mLinking CXX executable /home/marco/b166er/devel/.private/movemaster_control/lib/movemaster_control/hanoi_tf[0m
[ 94%] [1m[32mLinking CXX executable /home/marco/b166er/devel/.private/movemaster_control/lib/movemaster_control/state_publisher[0m
[100%] [1m[32mLinking CXX executable /home/marco/b166er/devel/.private/movemaster_control/lib/movemaster_control/simulate_status_virtual[0m
[100%] Built target hanoi_tf
[100%] Built target state_publisher
[100%] Built target simulate_status_virtual
