[1m/Users/marcoreis/b166er/src/movemaster_control/src/camera_launcher.cpp:26:5: [0m[0;1;35mwarning: [0m[1marray index 5 is past the end of the array (that has type 'bool[5]') [-Warray-bounds][0m
   26 |     J[5] = msg5->IsDone;[0m
      | [0;1;32m    ^ ~
[0m[1m/Users/marcoreis/b166er/src/movemaster_control/src/camera_launcher.cpp:7:1: [0m[0;1;36mnote: [0marray 'J' declared here[0m
    7 | bool J[5], checksum;[0m
      | [0;1;32m^
[0m[1m/Users/marcoreis/b166er/src/movemaster_control/src/angles2.cpp:250:6: [0m[0;1;35mwarning: [0m[1mexpression result unused [-Wunused-value][0m
  250 |                                         exit;\[0m
      | [0;1;32m                                        ^~~~
[0m[1m/Users/marcoreis/b166er/src/movemaster_control/src/camera_launcher.cpp:44:5: [0m[0;1;35mwarning: [0m[1marray index 5 is past the end of the array (that has type 'bool[5]') [-Warray-bounds][0m
   44 |     J[5] = false;[0m
      | [0;1;32m    ^ ~
[0m[1m/Users/marcoreis/b166er/src/movemaster_control/src/camera_launcher.cpp:7:1: [0m[0;1;36mnote: [0marray 'J' declared here[0m
    7 | bool J[5], checksum;[0m
      | [0;1;32m^
[0m[1m/Users/marcoreis/b166er/src/movemaster_control/src/camera_launcher.cpp:48:52: [0m[0;1;35mwarning: [0m[1marray index 5 is past the end of the array (that has type 'bool[5]') [-Warray-bounds][0m
   48 |         if(J[0] && J[1] && J[2] && J[3] && J[4] && J[5]){[0m
      | [0;1;32m                                                   ^ ~
[0m[1m/Users/marcoreis/b166er/src/movemaster_control/src/camera_launcher.cpp:7:1: [0m[0;1;36mnote: [0marray 'J' declared here[0m
    7 | bool J[5], checksum;[0m
      | [0;1;32m^
[0m[1m/Users/marcoreis/b166er/src/movemaster_control/src/angles.cpp:147:6: [0m[0;1;35mwarning: [0m[1mexpression result unused [-Wunused-value][0m
  147 |                                         exit;\[0m
      | [0;1;32m                                        ^~~~
[0m1 warning generated.
1 warning generated.
3 warnings generated.
