[31mWARNING: disk usage in log directory [/home/marco/.ros/log] is over 1GB.
It's recommended that you use the 'rosclean' command.[0m
the rosdep view is empty: call 'sudo rosdep init' and 'rosdep update'
[WARN] [1790791529.099952, 715.253000]: [mission] SEARCH: ajuste não convergiu em 8s (raio 0.62) — amostrando assim mesmo
[WARN] [1790791544.296233, 730.257000]: [mission] SEARCH: 13 de 25 amostras descartadas como outlier (>0.15 m ou >0.20 rad da mediana)
[WARN] [1790791573.483248, 759.078000]: [mission] REFINE: 1 de 10 amostras descartadas como outlier (>0.15 m ou >0.20 rad da mediana)
[INFO] [1790791513.362199, 699.730000]: garra_dx = 0.030 m (aberta)
[INFO] [1790791513.419255, 699.787000]: State machine starting in initial state 'STOW_INIT' with userdata: 
	[]
[INFO] [1790791513.623986, 699.989000]: [mission] pose de partida registrada: (0.01, 1.00, 0.01 rad)
[INFO] [1790791513.625814, 699.991000]: [mission] postura "stow_home" comandada: [0.0, 1.13, -1.04, -1.8, 0.0]
[INFO] [1790791513.728372, 700.092000]: State machine transitioning 'STOW_INIT':'ok'-->'SEARCH'
[INFO] [1790791513.732102, 700.095000]: [mission] postura "search" comandada: [0.0, 1.0, -1.0, 0.0, 0.0]
[INFO] [1790791519.809021, 706.098000]: [mission] SEARCH — girando à procura da tag...
[INFO] [1790791519.810920, 706.099000]: [mission] SEARCH: amostra quando a tag estiver a raio 0.35-0.50 do quadro (vista oblíqua; omega fina 0.15 rad/s)
[INFO] [1790791520.930113, 707.201000]: [mission] SEARCH: tag a raio 0.97 — girando até <= 0.50
[INFO] [1790791529.102477, 715.254000]: [mission] tag avistada — parando para medir
[INFO] [1790791530.125480, 716.265000]: [mission] âncora engatada (coleta do SEARCH)
[INFO] [1790791530.127660, 716.267000]: [mission] SEARCH: coleta com dither ±0.05 rad/s (período 3.0 s)
[INFO] [1790791544.289715, 730.252000]: [mission] âncora solta — 25 correções de deriva
[INFO] [1790791544.290670, 730.253000]: [mission] SEARCH: âncora corrigiu a deriva 25 vez(es) durante a coleta
[INFO] [1790791544.297271, 730.259000]: [mission] SEARCH: 12 amostras — parede (0.010, 2.970, -0.005) yaw=-3.024
[INFO] [1790791544.297966, 730.260000]: [mission] parede localizada em (0.010, 2.970, -0.005)
[INFO] [1790791544.300891, 730.263000]: State machine transitioning 'SEARCH':'found'-->'APPROACH'
[INFO] [1790791544.301886, 730.264000]: [mission] APPROACH etapa 1/2 — 1.30 m do olhal, alvo (0.38, 1.57, 1.69 rad)
[INFO] [1790791544.302571, 730.264000]: [mission] teto por postura ativo no drive: v<=0.17 w<=0.50 rampa 0.45/1.52
[INFO] [1790791546.070636, 732.014000]: [mission] APPROACH: alinhado, avançando (0.74 m)
[INFO] [1790791552.306542, 738.164000]: [mission] APPROACH: chegou, ajustando heading final
[INFO] [1790791552.357539, 738.214000]: [mission] teto por postura ativo no drive: v<=0.17 w<=0.50 rampa 0.45/1.52
[INFO] [1790791553.316599, 739.164000]: [mission] APPROACH: concluído
[INFO] [1790791554.327384, 740.166000]: [mission] âncora engatada (coleta do APPROACH/remedida)
[INFO] [1790791554.328605, 740.167000]: [mission] APPROACH/remedida: coleta com dither ±0.05 rad/s (período 3.0 s)
[INFO] [1790791555.885739, 741.709000]: [mission] âncora solta — 1 correções de deriva
[INFO] [1790791555.887388, 741.711000]: [mission] APPROACH/remedida: âncora corrigiu a deriva 1 vez(es) durante a coleta
[INFO] [1790791555.889073, 741.712000]: [mission] APPROACH/remedida: 10 amostras — parede (0.006, 3.019, 0.000) yaw=3.078
[INFO] [1790791555.890980, 741.714000]: [mission] APPROACH etapa 2/2 — 0.88 m do olhal, alvo (0.31, 1.99, 1.51 rad)
[INFO] [1790791556.499778, 742.316000]: [mission] APPROACH: alinhado, avançando (0.49 m)
[INFO] [1790791561.505738, 747.266000]: [mission] APPROACH: chegou, ajustando heading final
[INFO] [1790791561.555775, 747.316000]: [mission] teto por postura ativo no drive: v<=0.17 w<=0.50 rampa 0.45/1.51
[INFO] [1790791565.562917, 751.266000]: [mission] APPROACH: concluído
[INFO] [1790791565.566180, 751.269000]: State machine transitioning 'APPROACH':'arrived'-->'REFINE'
[INFO] [1790791565.567110, 751.270000]: [mission] REFINE — remedindo a parede de perto (10 amostras)
[INFO] [1790791565.568976, 751.272000]: [mission] âncora engatada (coleta do REFINE)
[INFO] [1790791565.569883, 751.273000]: [mission] REFINE: coleta com dither ±0.05 rad/s (período 3.0 s)
[INFO] [1790791573.479409, 759.074000]: [mission] âncora solta — 14 correções de deriva
[INFO] [1790791573.481191, 759.076000]: [mission] REFINE: âncora corrigiu a deriva 14 vez(es) durante a coleta
[INFO] [1790791573.484699, 759.079000]: [mission] REFINE: 9 amostras — parede (0.004, 3.013, 0.001) yaw=3.098
[INFO] [1790791573.486434, 759.081000]: [mission] REFINE: deslocou 0.006 m da estimativa anterior
[INFO] [1790791573.488100, 759.083000]: [mission] olhal estimado em (0.198, 2.875, 0.806)
[INFO] [1790791573.494580, 759.089000]: State machine transitioning 'REFINE':'ok'-->'DEPLOY'
[INFO] [1790791573.497260, 759.091000]: [mission] DEPLOY: IK resolvida para a POSE DE MANIPULAÇÃO (0.17, 2.26, 1.53 rad), não para a atual
[INFO] [1790791578.157164, 762.221000]: [mission] DEPLOY: IK nivelada 0.0550 m, só eixo 0.0000 m — a MISSÃO INTEIRA usa "eixo"
[INFO] [1790791578.159472, 763.749000]: [mission] DEPLOY: IK da ponta resolvida (resíduo 0.0000 m, degrau 0.1°) — pré-posicionando em [-10.3 -42.2  52.4  79.2  79.7] graus
[INFO] [1790791584.741606, 770.251000]: [mission] plano de exclusão publicado: parede em [4.000e-03 3.013e+00 1.000e-03], normal segura [-0.043 -0.999  0.   ]
[INFO] [1790791584.949325, 770.458000]: [mission] teto por postura ativo no drive: v<=0.18 w<=0.50 rampa 0.46/1.64
[INFO] [1790791587.719237, 773.208000]: [mission] DEPLOY/aproxima: alinhado, avançando (0.29 m)
[INFO] [1790791591.320185, 776.758000]: [mission] DEPLOY/aproxima: chegou, ajustando heading final
[INFO] [1790791595.897993, 781.258000]: [mission] DEPLOY/aproxima: concluído
[INFO] [1790791595.899587, 781.260000]: State machine transitioning 'DEPLOY':'ok'-->'MANIPULATE'
[INFO] [1790791595.901384, 781.262000]: [mission] fase "orienta": modo IK iterativa (YAML)
[INFO] [1790791595.905430, 781.266000]: [mission] âncora engatada (fase "orienta")
[INFO] [1790791599.867343, 785.171000]: [mission] fase "orienta" it0: ponta (0.283, 2.727, 0.812) erro=0.0071 | degrau eixo 0.5° | rolagem 0.5° | IK pediu [-16.3 -21.3   9.   99.9  78.2] | faltou [0. 0. 0. 0. 0.] graus
[INFO] [1790791599.870677, 785.175000]: [mission] âncora solta — 2 correções de deriva
[INFO] [1790791599.873412, 785.177000]: [mission] fase "orienta" alcançada em 1 iteração(ões) (0.0071 m) — âncora corrigiu 2 vez(es)
[INFO] [1790791600.390692, 785.685000]: [mission] fase "aproxima_lateral": modo IK iterativa (YAML)
[INFO] [1790791600.395401, 785.688000]: [mission] âncora engatada (fase "aproxima_lateral")
[INFO] [1790791603.347438, 788.597000]: [mission] fase "aproxima_lateral" it0: ponta (0.288, 2.878, 0.811) erro=0.0090 | degrau eixo 4.7° | rolagem 4.8° | IK pediu [-13.9 -13.6  -0.   73.8  81.6] | faltou [ 0.  -0.4 -0.   0.2 -0. ] graus
[INFO] [1790791603.348642, 788.598000]: [mission] fase "aproxima_lateral" it0: no frame da parede eixo=-0.5 prof=+7.3 alt=+5.2 mm (tolerância 40/8/5)
[INFO] [1790791604.765554, 790.002000]: [mission] fase "aproxima_lateral" it1: ponta (0.289, 2.868, 0.815) erro=0.0032 | degrau eixo 4.5° | rolagem 4.9° | IK pediu [-14.1 -13.6   0.   75.8  81.3] | faltou [ 0.1 -0.1 -0.8 -1.3  0.1] graus
[INFO] [1790791604.768056, 790.004000]: [mission] fase "aproxima_lateral" it1: no frame da parede eixo=+0.9 prof=-3.0 alt=+0.6 mm (tolerância 40/8/5)
[INFO] [1790791604.769301, 790.006000]: [mission] âncora solta — 2 correções de deriva
[INFO] [1790791604.770242, 790.007000]: [mission] fase "aproxima_lateral" alcançada em 2 iteração(ões) (0.0032 m) — âncora corrigiu 2 vez(es)
[INFO] [1790791605.277502, 790.510000]: [mission] fase "atravessa": modo IK iterativa (YAML)
[INFO] [1790791605.281798, 790.514000]: [mission] âncora engatada (fase "atravessa")
[INFO] [1790791607.118933, 792.318000]: [mission] fase "atravessa" it0: ponta (0.228, 2.878, 0.812) erro=0.0227 | degrau eixo 1.3° | rolagem 2.0° | IK pediu [ -7.2 -14.3   0.1  76.9  87.5] | faltou [-1.8 -0.3 -0.4 -0.5 -1.2] graus
[INFO] [1790791607.121126, 792.320000]: [mission] fase "atravessa" it0: no frame da parede eixo=+21.8 prof=+4.6 alt=+4.5 mm (tolerância 8/6/5)
[INFO] [1790791608.575226, 793.752000]: [mission] fase "atravessa" it1: ponta (0.227, 2.871, 0.814) erro=0.0214 | degrau eixo 0.6° | rolagem 1.3° | IK pediu [ -5.7 -14.5   0.6  78.2  88.7] | faltou [-3.4 -0.2 -0.7 -1.4 -1.1] graus
[INFO] [1790791608.579396, 793.756000]: [mission] fase "atravessa" it1: no frame da parede eixo=+21.2 prof=-3.0 alt=+1.9 mm (tolerância 8/6/5)
[WARN] [1790791615.590649, 800.700000]: [mission] fase "destrava": descida estagnou em 12.2 mm (mín 10 para aceitar; alvo 18) — fim de curso do mecanismo, fechando a fase
[WARN] [1790791615.804561, 800.910000]: [mission] destrava: lingueta em 7.2 mm (esperado ≥ 12) — o gatilho pode não ter soltado
[WARN] [1790791634.436866, 819.290000]: [mission] RETRACT: ponta a 0.142 m do olhal — saindo em degraus: sobe 30 mm, 120 mm pelo eixo do furo, 100 mm para fora, antes de recolher
[INFO] [1790791609.910471, 795.065000]: [mission] fase "atravessa" it2: ponta (0.214, 2.871, 0.813) erro=0.0090 | degrau eixo 0.1° | rolagem 0.2° | IK pediu [ -4.2 -14.1   0.5  77.5  90. ] | faltou [-3.9 -1.   0.1  0.4 -0.4] graus
[INFO] [1790791609.913027, 795.068000]: [mission] fase "atravessa" it2: no frame da parede eixo=+7.6 prof=-3.6 alt=+3.2 mm (tolerância 8/6/5)
[INFO] [1790791609.914444, 795.070000]: [mission] âncora solta — 2 correções de deriva
[INFO] [1790791609.915494, 795.071000]: [mission] fase "atravessa" alcançada em 3 iteração(ões) (0.0090 m) — âncora corrigiu 2 vez(es)
[INFO] [1790791610.422403, 795.575000]: [mission] fase "captura": modo IK iterativa (YAML)
[INFO] [1790791610.425706, 795.578000]: [mission] âncora engatada (fase "captura")
[INFO] [1790791611.945343, 797.081000]: [mission] fase "captura" it0: ponta (0.210, 2.875, 0.794) erro=0.0118 | degrau eixo 1.0° | rolagem 1.1° | IK pediu [ -6.4 -16.9   0.2  78.8  88. ] | faltou [-1.1 -0.3 -0.1  0.1 -0.1] graus
[INFO] [1790791611.947083, 797.083000]: [mission] fase "captura" it0: no frame da parede eixo=+11.6 prof=+0.8 alt=+1.9 mm (tolerância 40/6/10)
[INFO] [1790791611.948205, 797.084000]: [mission] fase "captura" alcançada em 1 iteração(ões) (0.0118 m)
[INFO] [1790791611.954171, 797.090000]: [mission] captura: ponta registrada em eixo=-11.6 prof=-0.8 alt=-11.9 mm (zero da descida do destrava e da deriva de eixo)
[INFO] [1790791612.458199, 797.591000]: [mission] fase "destrava": alvo em altura relativo à captura: -31.9 mm (captura -11.9 − curso 18 − margem 2)
[INFO] [1790791612.459745, 797.592000]: [mission] fase "destrava": modo whole-body/Fuzzy (YAML)
[INFO] [1790791612.665907, 797.795000]: [mission] plano de exclusão publicado: parede em [4.000e-03 3.013e+00 1.000e-03], normal segura [-0.043 -0.999  0.   ]
[INFO] [1790791612.974668, 798.099000]: [mission] fase "destrava": whole-body assumiu (base livre, restrita pelo plano de exclusão)
[INFO] [1790791612.976443, 798.100000]: [mission] fase "destrava": whole-body a 0.0215 m do alvo — eixo=+10.9 prof=+0.9 alt=-18.5 mm
[INFO] [1790791615.089532, 800.200000]: [mission] fase "destrava": whole-body a 0.0142 m do alvo — eixo=+10.6 prof=-2.9 alt=-8.9 mm
[INFO] [1790791615.803707, 800.909000]: [mission] destrava: ponta desceu 12.6 mm desde a captura (critério observável) | lingueta 7.2 mm (só na simulação)
[INFO] [1790791616.311403, 801.411000]: [mission] fase "libera": modo whole-body/Fuzzy (YAML)
[INFO] [1790791616.518483, 801.612000]: [mission] plano de exclusão publicado: parede em [4.000e-03 3.013e+00 1.000e-03], normal segura [-0.043 -0.999  0.   ]
[INFO] [1790791616.826126, 801.915000]: [mission] fase "libera": whole-body assumiu (base livre, restrita pelo plano de exclusão)
[INFO] [1790791617.133708, 802.217000]: [mission] fase "libera": whole-body a 0.0268 m do alvo — eixo=+10.6 prof=+24.4 alt=+3.7 mm
[INFO] [1790791619.265773, 804.317000]: [mission] fase "libera": whole-body a 0.0250 m do alvo — eixo=+10.7 prof=+21.8 alt=+6.1 mm
[INFO] [1790791621.392545, 806.417000]: [mission] fase "libera": whole-body a 0.0248 m do alvo — eixo=+10.7 prof=+21.7 alt=+5.3 mm
[INFO] [1790791623.515388, 808.517000]: [mission] fase "libera": whole-body a 0.0558 m do alvo — eixo=+13.7 prof=-54.0 alt=+2.7 mm
[INFO] [1790791625.634299, 810.617000]: [mission] fase "libera": whole-body a 0.0138 m do alvo — eixo=+12.3 prof=-4.7 alt=-4.1 mm
[INFO] [1790791625.835542, 810.817000]: [mission] fase "libera" alcançada por whole-body em 8.9s (0.0128 m) — no frame da parede eixo=+12.1 prof=-1.9 alt=-3.5 mm (tolerância 40/8/6)
[INFO] [1790791626.551591, 811.525000]: [mission] fase "arco1"/puxa: RECUANDO 0.022 m só com as rodas
[INFO] [1790791627.011079, 811.977000]: [mission] fase "arco1"/puxa: concluído (0.024 m)
[INFO] [1790791627.013269, 811.979000]: [mission] fase "arco1": modo whole-body/Fuzzy (YAML)
[INFO] [1790791627.217210, 812.181000]: [mission] plano de exclusão publicado: parede em [4.000e-03 3.013e+00 1.000e-03], normal segura [-0.043 -0.999  0.   ]
[INFO] [1790791627.521292, 812.485000]: [mission] fase "arco1": whole-body assumiu (base livre, restrita pelo plano de exclusão)
[INFO] [1790791627.724486, 812.686000]: [mission] fase "arco1": whole-body a 0.0138 m do alvo — eixo=+12.2 prof=+6.2 alt=-1.7 mm
[INFO] [1790791627.927452, 812.886000]: [mission] fase "arco1" alcançada por whole-body em 0.4s (0.0133 m) — no frame da parede eixo=+12.3 prof=+5.1 alt=-1.0 mm (tolerância 40/10/15)
[INFO] [1790791627.928906, 812.888000]: [mission] arco1: SOLTURA observável — recuo 47.5 mm desde a captura (mín 40) com deriva de eixo -0.6 mm → SOLTA
[INFO] [1790791628.140084, 813.097000]: [mission] waypoint de 15° — lâmina medida em 12.6° (abertura por CONTATO)
[INFO] [1790791628.651340, 813.599000]: [mission] fase "arco2"/puxa: RECUANDO 0.048 m só com as rodas
[INFO] [1790791629.625595, 814.549000]: [mission] fase "arco2"/puxa: concluído (0.050 m)
[INFO] [1790791629.627841, 814.551000]: [mission] fase "arco2": modo whole-body/Fuzzy (YAML)
[INFO] [1790791629.863723, 814.752000]: [mission] plano de exclusão publicado: parede em [4.000e-03 3.013e+00 1.000e-03], normal segura [-0.043 -0.999  0.   ]
[INFO] [1790791630.162464, 815.057000]: [mission] fase "arco2": whole-body assumiu (base livre, restrita pelo plano de exclusão)
[INFO] [1790791630.164761, 815.059000]: [mission] fase "arco2": whole-body a 0.0191 m do alvo — eixo=+14.5 prof=-0.1 alt=-12.4 mm
[INFO] [1790791630.565577, 815.458000]: [mission] fase "arco2" alcançada por whole-body em 0.4s (0.0202 m) — no frame da parede eixo=+14.5 prof=-4.9 alt=-13.1 mm (tolerância 40/10/15)
[INFO] [1790791630.776756, 815.669000]: [mission] waypoint de 30° — lâmina medida em 28.1° (abertura por CONTATO)
[INFO] [1790791631.287270, 816.171000]: [mission] fase "desengata": modo IK iterativa (YAML)
[INFO] [1790791631.290899, 816.174000]: [mission] âncora engatada (fase "desengata")
[INFO] [1790791633.516355, 818.378000]: [mission] fase "desengata" it0: ponta (0.286, 2.778, 0.749) erro=0.0087 | degrau eixo 5.2° | rolagem 5.5° | IK pediu [-10.9 -21.4  -0.   79.8  81.3] | faltou [ 0.1 -0.2 -0.4 -0.5 -0. ] graus
[INFO] [1790791633.517472, 818.379000]: [mission] âncora solta — 1 correções de deriva
[INFO] [1790791633.518105, 818.380000]: [mission] fase "desengata" alcançada em 1 iteração(ões) (0.0087 m) — âncora corrigiu 1 vez(es)
[INFO] [1790791634.029922, 818.886000]: [mission] MANIPULATE concluída — chave ABERTA, lâmina medida em 28.3°
[INFO] [1790791634.032512, 818.889000]: State machine transitioning 'MANIPULATE':'done'-->'RETRACT'
[INFO] [1790791634.444046, 819.297000]: [mission] âncora engatada (fase "saida_sobe")
[INFO] [1790791636.063479, 820.905000]: [mission] fase "saida_sobe" it0: ponta (0.291, 2.787, 0.774) erro=0.0092 | degrau eixo 5.2° | rolagem 5.4° | IK pediu [-10.9 -18.3   0.   77.9  81. ] | faltou [ 0.  -0.5 -0.3 -0.1  0. ] graus
[INFO] [1790791636.066011, 820.908000]: [mission] fase "saida_sobe" it0: no frame da parede eixo=+2.5 prof=+7.2 alt=+5.1 mm (tolerância 30/20/10)
[INFO] [1790791636.067412, 820.909000]: [mission] fase "saida_sobe" alcançada em 1 iteração(ões) (0.0092 m)
[INFO] [1790791636.070677, 820.912000]: [mission] âncora engatada (fase "saida_eixo")
[INFO] [1790791637.993663, 822.815000]: [mission] fase "saida_eixo" it0: ponta (0.412, 2.781, 0.773) erro=0.0099 | degrau eixo 11.5° | rolagem 12.3° | IK pediu [-20.2 -16.6   0.   70.8  73.3] | faltou [ 0.1 -0.3 -0.4 -0.5 -0. ] graus
[INFO] [1790791637.997065, 822.819000]: [mission] fase "saida_eixo" it0: no frame da parede eixo=+3.9 prof=+6.7 alt=+6.2 mm (tolerância 20/20/15)
[INFO] [1790791637.999516, 822.821000]: [mission] fase "saida_eixo" alcançada em 1 iteração(ões) (0.0099 m)
[INFO] [1790791638.004247, 822.826000]: [mission] âncora engatada (fase "saida_fora")
[INFO] [1790791640.768597, 825.556000]: [mission] fase "saida_fora" it0: ponta (0.406, 2.679, 0.776) erro=0.0062 | degrau eixo 6.6° | rolagem 7.0° | IK pediu [-23.1 -21.   -0.   94.   67.6] | faltou [ 0.  -0.2 -0.2 -0.3 -0. ] graus
[INFO] [1790791640.773997, 825.561000]: [mission] fase "saida_fora" it0: no frame da parede eixo=+2.5 prof=+5.1 alt=+2.6 mm (tolerância 30/20/20)
[INFO] [1790791640.776538, 825.564000]: [mission] âncora solta — 1 correções de deriva
[INFO] [1790791640.778466, 825.566000]: [mission] fase "saida_fora" alcançada em 1 iteração(ões) (0.0062 m) — âncora corrigiu 1 vez(es)
[INFO] [1790791640.780565, 825.568000]: [mission] RETRACT/afasta: RECUANDO 0.250 m só com as rodas
[INFO] [1790791645.244107, 829.970000]: [mission] RETRACT/afasta: concluído (0.250 m)
[INFO] [1790791645.245224, 829.971000]: [mission] postura "stow_home" comandada: [0.0, 1.13, -1.04, -1.8, 0.0]
[INFO] [1790791656.909874, 841.472000]: State machine transitioning 'RETRACT':'ok'-->'RETURN'
[INFO] [1790791656.911905, 841.474000]: [mission] RETURN — voltando a (0.01, 1.00, 0.01 rad)
[INFO] [1790791671.186429, 855.575000]: [mission] RETURN: alinhado, avançando (1.12 m)
[INFO] [1790791671.236876, 855.625000]: [mission] teto por postura ativo no drive: v<=0.23 w<=0.50 rampa 0.51/1.51
[INFO] [1790791679.819488, 864.125000]: [mission] RETURN: chegou, ajustando heading final
[INFO] [1790791679.869570, 864.175000]: [mission] teto por postura ativo no drive: v<=0.22 w<=0.50 rampa 0.51/1.52
[INFO] [1790791686.634951, 870.875000]: [mission] RETURN: concluído
[INFO] [1790791686.636153, 870.876000]: State machine terminating 'RETURN':'home':'MISSION_OK'
[INFO] [1790791686.636891, 870.877000]: [mission] resultado: MISSION_OK
... logging to /home/marco/.ros/log/cfdb7cbc-bcf7-11f1-bfd5-b025aa85b2a2/roslaunch-shiroi-2069096.log
Checking log directory for disk usage. This may take a while.
Press Ctrl-C to interrupt
]2;/home/marco/b166er/src/b166er_whole_body_control/launch/chave_mission.launch
[1mstarted roslaunch server http://shiroi:42873/[0m

SUMMARY
========

PARAMETERS
 * /chave_mission/estado_final: 
 * /chave_mission/estado_inicial: STOW_INIT
 * /chave_mission/pausa_por_fase: False
 * /chave_mission/search_omega: 0.35
 * /chave_mission/standoff_distance: 0.62
 * /chave_mission/use_wholebody: False
 * /chave_seccionadora_task/aproxima_lateral/modo: ik
 * /chave_seccionadora_task/aproxima_lateral/offset_xyz_m: [-0.09, 0.0, 0.01]
 * /chave_seccionadora_task/aproxima_lateral/tol_xyz_m: [0.04, 0.008, 0.005]
 * /chave_seccionadora_task/arco1/blade_angle_deg: 15
 * /chave_seccionadora_task/arco1/deriva_eixo_max_m: 0.015
 * /chave_seccionadora_task/arco1/modo: wb
 * /chave_seccionadora_task/arco1/offset_xyz_m: [0.0, 0.0518, -0....
 * /chave_seccionadora_task/arco1/soltura_recuo_min_m: 0.04
 * /chave_seccionadora_task/arco1/tol_xyz_m: [0.04, 0.01, 0.015]
 * /chave_seccionadora_task/arco2/blade_angle_deg: 30
 * /chave_seccionadora_task/arco2/deriva_eixo_max_m: 0.015
 * /chave_seccionadora_task/arco2/modo: wb
 * /chave_seccionadora_task/arco2/offset_xyz_m: [0.0, 0.1, -0.0518]
 * /chave_seccionadora_task/arco2/tol_xyz_m: [0.04, 0.01, 0.015]
 * /chave_seccionadora_task/atravessa/modo: ik
 * /chave_seccionadora_task/atravessa/offset_xyz_m: [-0.008, 0.0, 0.01]
 * /chave_seccionadora_task/atravessa/tol_xyz_m: [0.008, 0.006, 0....
 * /chave_seccionadora_task/captura/modo: ik
 * /chave_seccionadora_task/captura/offset_xyz_m: [0.0, 0.0, -0.01]
 * /chave_seccionadora_task/captura/tol_xyz_m: [0.04, 0.006, 0.01]
 * /chave_seccionadora_task/desengata/modo: ik
 * /chave_seccionadora_task/desengata/offset_xyz_m: [-0.09, 0.1, -0.0...
 * /chave_seccionadora_task/destrava/curso_estagna_m: 0.01
 * /chave_seccionadora_task/destrava/curso_margem_m: 0.002
 * /chave_seccionadora_task/destrava/curso_min_m: 0.018
 * /chave_seccionadora_task/destrava/modo: wb
 * /chave_seccionadora_task/destrava/offset_xyz_m: [0.0, 0.0, -0.025]
 * /chave_seccionadora_task/destrava/tol_xyz_m: [0.04, 0.006, 0.004]
 * /chave_seccionadora_task/libera/deriva_eixo_max_m: 0.015
 * /chave_seccionadora_task/libera/modo: wb
 * /chave_seccionadora_task/libera/offset_xyz_m: [0.0, 0.03, -0.025]
 * /chave_seccionadora_task/libera/tol_xyz_m: [0.04, 0.008, 0.006]
 * /chave_seccionadora_task/orienta/modo: ik
 * /chave_seccionadora_task/orienta/offset_xyz_m: [-0.09, 0.15, 0.0...
 * /chave_seccionadora_task/reassenta_sobe/tol_xyz_m: [0.03, 0.02, 0.005]
 * /chave_seccionadora_task/saida_eixo/tol_xyz_m: [0.02, 0.02, 0.015]
 * /chave_seccionadora_task/saida_fora/tol_xyz_m: [0.03, 0.02, 0.02]
 * /chave_seccionadora_task/saida_sobe/tol_xyz_m: [0.03, 0.02, 0.01]
 * /chave_seccionadora_task/target_frame: chave_olhal_link
 * /fuzzy_wb_controller/fixed_gains: []
 * /rosdistro: noetic
 * /rosversion: 1.17.4

NODES
  /
    chave_mission (b166er_whole_body_control/chave_mission.py)

[1mROS_MASTER_URI=http://localhost:11311[0m
]2;/home/marco/b166er/src/b166er_whole_body_control/launch/chave_mission.launch http://localhost:11311
[1mprocess[chave_mission-1]: started with pid [2069140][0m
[1m[chave_mission-1] process has finished cleanly
log file: /home/marco/.ros/log/cfdb7cbc-bcf7-11f1-bfd5-b025aa85b2a2/chave_mission-1*.log[0m
all processes on machine have died, roslaunch will exit
shutting down processing monitor...
... shutting down processing monitor complete
[1mdone[0m
