[31mWARNING: disk usage in log directory [/home/marco/.ros/log] is over 1GB.
It's recommended that you use the 'rosclean' command.[0m
the rosdep view is empty: call 'sudo rosdep init' and 'rosdep update'
[WARN] [1790800126.818700, 90.771000]: [mission] SEARCH: 5 de 25 amostras descartadas como outlier (>0.15 m ou >0.20 rad da mediana)
[ERROR] [1790800179.044391, 142.388000]: [mission] REFINE: só 2 amostras da tag
[WARN] [1790800179.045595, 142.389000]: [mission] REFINE: tag não visível no standoff — seguindo com a estimativa da aproximação (erro típico ~13 mm com a tag de 220 mm)
[INFO] [1790800104.295168, 68.515000]: garra_dx = 0.000 m (fechada)
[INFO] [1790800104.336382, 68.556000]: State machine starting in initial state 'STOW_INIT' with userdata: 
	[]
[INFO] [1790800104.538893, 68.757000]: [mission] pose de partida registrada: (0.01, 1.00, 0.00 rad)
[INFO] [1790800104.540607, 68.759000]: [mission] postura "stow_home" comandada: [0.0, 1.13, -1.04, -1.8, 0.0]
[INFO] [1790800104.644020, 68.860000]: State machine transitioning 'STOW_INIT':'ok'-->'SEARCH'
[INFO] [1790800104.647892, 68.864000]: [mission] postura "search" comandada: [0.0, 1.0, -1.0, 0.0, 0.0]
[INFO] [1790800110.723323, 74.866000]: [mission] SEARCH — girando à procura da tag...
[INFO] [1790800110.724469, 74.867000]: [mission] SEARCH: amostra quando a tag estiver a raio 0.35-0.50 do quadro (vista oblíqua; omega fina 0.15 rad/s)
[INFO] [1790800112.040997, 76.168000]: [mission] SEARCH: tag a raio 0.94 — girando até <= 0.50
[INFO] [1790800119.623369, 83.670000]: [mission] SEARCH: tag a raio 0.50 — parando
[INFO] [1790800119.625581, 83.672000]: [mission] tag avistada — parando para medir
[INFO] [1790800120.639813, 84.680000]: [mission] âncora engatada (coleta do SEARCH)
[INFO] [1790800120.642766, 84.683000]: [mission] SEARCH: coleta com dither ±0.05 rad/s (período 3.0 s)
[INFO] [1790800126.804529, 90.758000]: [mission] âncora solta — 12 correções de deriva
[INFO] [1790800126.806286, 90.760000]: [mission] SEARCH: âncora corrigiu a deriva 12 vez(es) durante a coleta
[INFO] [1790800126.819793, 90.773000]: [mission] SEARCH: 20 amostras — parede (0.033, 3.104, -0.000) yaw=2.824
[INFO] [1790800126.820715, 90.774000]: [mission] parede localizada em (0.033, 3.104, -0.000)
[INFO] [1790800126.824970, 90.779000]: State machine transitioning 'SEARCH':'found'-->'APPROACH'
[INFO] [1790800126.826388, 90.780000]: [mission] APPROACH etapa 1/2 — 1.30 m do olhal, alvo (-0.22, 1.68, 1.25 rad)
[INFO] [1790800126.827978, 90.782000]: [mission] teto por postura ativo no drive: v<=0.17 w<=0.50 rampa 0.45/1.52
[INFO] [1790800131.978319, 95.881000]: [mission] APPROACH: alinhado, avançando (0.90 m)
[INFO] [1790800132.029640, 95.931000]: [mission] teto por postura ativo no drive: v<=0.17 w<=0.50 rampa 0.45/1.52
[INFO] [1790800139.169869, 102.981000]: [mission] APPROACH: chegou, ajustando heading final
[INFO] [1790800139.219851, 103.031000]: [mission] teto por postura ativo no drive: v<=0.17 w<=0.50 rampa 0.45/1.52
[INFO] [1790800142.956526, 106.731000]: [mission] APPROACH: concluído
[INFO] [1790800143.968997, 107.735000]: [mission] âncora engatada (coleta do APPROACH/remedida)
[INFO] [1790800143.971220, 107.737000]: [mission] APPROACH/remedida: coleta com dither ±0.05 rad/s (período 3.0 s)
[INFO] [1790800145.120065, 108.871000]: [mission] âncora solta — 2 correções de deriva
[INFO] [1790800145.122356, 108.873000]: [mission] APPROACH/remedida: âncora corrigiu a deriva 2 vez(es) durante a coleta
[INFO] [1790800145.125431, 108.876000]: [mission] APPROACH/remedida: 10 amostras — parede (0.002, 2.990, -0.002) yaw=-3.119
[INFO] [1790800145.127320, 108.878000]: [mission] APPROACH etapa 2/2 — 0.88 m do olhal, alvo (0.39, 1.99, 1.59 rad)
[INFO] [1790800145.129154, 108.880000]: [mission] teto por postura ativo no drive: v<=0.17 w<=0.50 rampa 0.45/1.52
[INFO] [1790800150.543353, 114.230000]: [mission] APPROACH: alinhado, avançando (0.82 m)
[INFO] [1790800150.593455, 114.280000]: [mission] teto por postura ativo no drive: v<=0.17 w<=0.50 rampa 0.45/1.52
[INFO] [1790800157.161151, 120.780000]: [mission] APPROACH: chegou, ajustando heading final
[INFO] [1790800157.210852, 120.830000]: [mission] teto por postura ativo no drive: v<=0.17 w<=0.50 rampa 0.45/1.52
[INFO] [1790800163.734092, 127.280000]: [mission] APPROACH: concluído
[INFO] [1790800163.743471, 127.289000]: State machine transitioning 'APPROACH':'arrived'-->'REFINE'
[INFO] [1790800163.747493, 127.293000]: [mission] REFINE — remedindo a parede de perto (10 amostras)
[INFO] [1790800163.753882, 127.299000]: [mission] âncora engatada (coleta do REFINE)
[INFO] [1790800163.756822, 127.302000]: [mission] REFINE: coleta com dither ±0.05 rad/s (período 3.0 s)
[INFO] [1790800179.041013, 142.384000]: [mission] âncora solta — 49 correções de deriva
[INFO] [1790800179.043033, 142.386000]: [mission] REFINE: âncora corrigiu a deriva 49 vez(es) durante a coleta
[INFO] [1790800179.047078, 142.390000]: [mission] olhal estimado em (0.205, 2.865, 0.803)
[INFO] [1790800179.051805, 142.395000]: State machine transitioning 'REFINE':'ok'-->'DEPLOY'
[INFO] [1790800179.052809, 142.396000]: [mission] DEPLOY: IK resolvida para a POSE DE MANIPULAÇÃO (0.22, 2.25, 1.59 rad), não para a atual
[INFO] [1790800183.699443, 146.691000]: [mission] DEPLOY: IK nivelada 0.0715 m, só eixo 0.0013 m — a MISSÃO INTEIRA usa "eixo"
[INFO] [1790800183.700821, 147.039000]: [mission] DEPLOY: IK da ponta resolvida (resíduo 0.0013 m, degrau 0.4°) — pré-posicionando em [-10.9 -46.8  60.   78.7  79.1] graus
[INFO] [1790800190.675415, 153.940000]: [mission] plano de exclusão publicado: parede em [ 2.00e-03  2.99e+00 -2.00e-03], normal segura [ 0.023 -1.     0.   ]
[INFO] [1790800190.888154, 154.149000]: [mission] teto por postura ativo no drive: v<=0.23 w<=0.50 rampa 0.52/1.64
[INFO] [1790800193.936311, 157.149000]: [mission] DEPLOY/aproxima: alinhado, avançando (0.44 m)
[INFO] [1790800198.302902, 161.449000]: [mission] DEPLOY/aproxima: chegou, ajustando heading final
[INFO] [1790800202.349082, 165.449000]: [mission] DEPLOY/aproxima: concluído
[INFO] [1790800202.351157, 165.451000]: State machine transitioning 'DEPLOY':'ok'-->'MANIPULATE'
[INFO] [1790800202.352938, 165.452000]: [mission] fase "orienta": modo IK iterativa (YAML)
[INFO] [1790800202.358583, 165.458000]: [mission] âncora engatada (fase "orienta")
[INFO] [1790800206.107138, 169.163000]: [mission] fase "orienta" it0: ponta (0.304, 2.718, 0.811) erro=0.0060 | degrau eixo 0.1° | rolagem 0.1° | IK pediu [-19.  -26.1  19.5  96.2  75.2] | faltou [0. 0. 0. 0. 0.] graus
[INFO] [1790800206.108551, 169.164000]: [mission] âncora solta — 2 correções de deriva
[INFO] [1790800206.109879, 169.166000]: [mission] fase "orienta" alcançada em 1 iteração(ões) (0.0060 m) — âncora corrigiu 2 vez(es)
[INFO] [1790800206.619335, 169.671000]: [mission] fase "aproxima_lateral": modo IK iterativa (YAML)
[INFO] [1790800206.623866, 169.675000]: [mission] âncora engatada (fase "aproxima_lateral")
[INFO] [1790800209.196893, 172.193000]: [mission] fase "aproxima_lateral" it0: ponta (0.297, 2.865, 0.808) erro=0.0085 | degrau eixo 5.2° | rolagem 5.5° | IK pediu [-15.1 -13.3   0.   77.5  79.1] | faltou [ 0.  -0.9  1.  -1.1  0. ] graus
[INFO] [1790800209.200733, 172.197000]: [mission] fase "aproxima_lateral" it0: no frame da parede eixo=+2.3 prof=+6.3 alt=+5.1 mm (tolerância 40/8/5)
[INFO] [1790800210.651122, 173.629000]: [mission] fase "aproxima_lateral" it1: ponta (0.293, 2.857, 0.812) erro=0.0031 | degrau eixo 4.9° | rolagem 5.3° | IK pediu [-14.9 -13.3   0.   79.4  78.9] | faltou [-0.1 -0.1 -0.8 -1.3  0.1] graus
[INFO] [1790800210.654402, 173.632000]: [mission] fase "aproxima_lateral" it1: no frame da parede eixo=-2.0 prof=-2.3 alt=+0.6 mm (tolerância 40/8/5)
[INFO] [1790800210.657581, 173.635000]: [mission] âncora solta — 2 correções de deriva
[INFO] [1790800210.659354, 173.636000]: [mission] fase "aproxima_lateral" alcançada em 2 iteração(ões) (0.0031 m) — âncora corrigiu 2 vez(es)
[INFO] [1790800211.171900, 174.144000]: [mission] fase "atravessa": modo IK iterativa (YAML)
[INFO] [1790800211.175319, 174.147000]: [mission] âncora engatada (fase "atravessa")
[INFO] [1790800212.893171, 175.851000]: [mission] fase "atravessa" it0: ponta (0.215, 2.864, 0.808) erro=0.0082 | degrau eixo 2.0° | rolagem 2.1° | IK pediu [ -8.1 -14.2   0.1  81.6  85.1] | faltou [-0.1 -0.2 -0.3 -0.4 -0. ] graus
[INFO] [1790800212.899297, 175.857000]: [mission] fase "atravessa" it0: no frame da parede eixo=+1.8 prof=+6.7 alt=+4.4 mm (tolerância 8/6/5)
[INFO] [1790800214.345649, 177.268000]: [mission] fase "atravessa" it1: ponta (0.212, 2.858, 0.808) erro=0.0052 | degrau eixo 1.9° | rolagem 2.1° | IK pediu [ -7.8 -14.2   0.1  83.6  85. ] | faltou [-0.2 -0.1 -0.9 -1.6  0. ] graus
[WARN] [1790800221.812838, 184.593000]: [mission] fase "destrava": descida estagnou em 15.8 mm (mín 10 para aceitar; alvo 18) — fim de curso do mecanismo, fechando a fase
[WARN] [1790800234.289576, 196.900000]: [mission] RETRACT: ponta a 0.140 m do olhal — saindo em degraus: sobe 30 mm, 120 mm pelo eixo do furo, 100 mm para fora, antes de recolher
[INFO] [1790800214.349189, 177.272000]: [mission] fase "atravessa" it1: no frame da parede eixo=-1.0 prof=+0.7 alt=+5.1 mm (tolerância 8/6/5)
[INFO] [1790800215.788255, 178.677000]: [mission] fase "atravessa" it2: ponta (0.211, 2.859, 0.809) erro=0.0046 | degrau eixo 1.9° | rolagem 2.1° | IK pediu [ -8.  -13.7   0.   83.3  85. ] | faltou [ 0.1 -0.6 -0.8 -1.   0.1] graus
[INFO] [1790800215.791909, 178.681000]: [mission] fase "atravessa" it2: no frame da parede eixo=-1.7 prof=+1.7 alt=+3.9 mm (tolerância 8/6/5)
[INFO] [1790800215.793394, 178.683000]: [mission] âncora solta — 2 correções de deriva
[INFO] [1790800215.794685, 178.684000]: [mission] fase "atravessa" alcançada em 3 iteração(ões) (0.0046 m) — âncora corrigiu 2 vez(es)
[INFO] [1790800216.303959, 179.188000]: [mission] fase "captura": modo IK iterativa (YAML)
[INFO] [1790800216.309178, 179.193000]: [mission] âncora engatada (fase "captura")
[INFO] [1790800217.820859, 180.675000]: [mission] fase "captura" it0: ponta (0.209, 2.870, 0.789) erro=0.0077 | degrau eixo 1.9° | rolagem 2.0° | IK pediu [ -7.2 -16.2  -0.2  82.1  85.8] | faltou [-0.2 -0.2 -0.3 -0.3 -0. ] graus
[INFO] [1790800217.822932, 180.677000]: [mission] fase "captura" it0: no frame da parede eixo=+3.9 prof=+5.1 alt=+4.2 mm (tolerância 40/6/10)
[INFO] [1790800217.825077, 180.679000]: [mission] fase "captura" alcançada em 1 iteração(ões) (0.0077 m)
[INFO] [1790800217.830415, 180.684000]: [mission] captura: ponta registrada em eixo=-3.9 prof=-5.1 alt=-14.2 mm (zero da descida do destrava e da deriva de eixo)
[INFO] [1790800218.342248, 181.185000]: [mission] fase "destrava": alvo em altura relativo à captura: -34.2 mm (captura -14.2 − curso 18 − margem 2)
[INFO] [1790800218.344123, 181.186000]: [mission] fase "destrava": modo whole-body/Fuzzy (YAML)
[INFO] [1790800218.552404, 181.389000]: [mission] plano de exclusão publicado: parede em [ 2.00e-03  2.99e+00 -2.00e-03], normal segura [ 0.023 -1.     0.   ]
[INFO] [1790800218.858333, 181.692000]: [mission] fase "destrava": whole-body assumiu (base livre, restrita pelo plano de exclusão)
[INFO] [1790800218.860219, 181.693000]: [mission] fase "destrava": whole-body a 0.0189 m do alvo — eixo=+3.9 prof=+5.3 alt=-17.7 mm
[INFO] [1790800221.007113, 183.793000]: [mission] fase "destrava": whole-body a 0.0060 m do alvo — eixo=+3.7 prof=-1.9 alt=-4.3 mm
[INFO] [1790800222.026267, 184.802000]: [mission] destrava: ponta desceu 14.2 mm desde a captura (critério observável) | lingueta 12.4 mm (só na simulação)
[INFO] [1790800222.027815, 184.803000]: [mission] destrava: lingueta em 12.4 mm — gatilho solto
[INFO] [1790800222.539271, 185.305000]: [mission] fase "libera": modo whole-body/Fuzzy (YAML)
[INFO] [1790800222.743911, 185.507000]: [mission] plano de exclusão publicado: parede em [ 2.00e-03  2.99e+00 -2.00e-03], normal segura [ 0.023 -1.     0.   ]
[INFO] [1790800223.051492, 185.809000]: [mission] fase "libera": whole-body assumiu (base livre, restrita pelo plano de exclusão)
[INFO] [1790800223.053767, 185.811000]: [mission] fase "libera": whole-body a 0.0309 m do alvo — eixo=+3.8 prof=+30.5 alt=+3.7 mm
[INFO] [1790800225.178056, 187.910000]: [mission] fase "libera": whole-body a 0.0053 m do alvo — eixo=+3.2 prof=+4.0 alt=+1.5 mm
[INFO] [1790800225.479292, 188.210000]: [mission] fase "libera" alcançada por whole-body em 2.4s (0.0032 m) — no frame da parede eixo=+3.1 prof=-0.4 alt=-0.6 mm (tolerância 40/8/6)
[INFO] [1790800226.189939, 188.916000]: [mission] fase "arco1"/puxa: RECUANDO 0.022 m só com as rodas
[INFO] [1790800226.648827, 189.367000]: [mission] fase "arco1"/puxa: concluído (0.023 m)
[INFO] [1790800226.651129, 189.369000]: [mission] fase "arco1": modo whole-body/Fuzzy (YAML)
[INFO] [1790800226.855505, 189.571000]: [mission] plano de exclusão publicado: parede em [ 2.00e-03  2.99e+00 -2.00e-03], normal segura [ 0.023 -1.     0.   ]
[INFO] [1790800227.158046, 189.874000]: [mission] fase "arco1": whole-body assumiu (base livre, restrita pelo plano de exclusão)
[INFO] [1790800227.259587, 189.975000]: [mission] fase "arco1": whole-body a 0.0078 m do alvo — eixo=+2.5 prof=-3.2 alt=-6.6 mm
[INFO] [1790800227.561433, 190.275000]: [mission] fase "arco1" alcançada por whole-body em 0.4s (0.0062 m) — no frame da parede eixo=+2.6 prof=-1.6 alt=-5.4 mm (tolerância 40/10/15)
[INFO] [1790800227.562161, 190.276000]: [mission] arco1: SOLTURA observável — recuo 58.5 mm desde a captura (mín 40) com deriva de eixo +1.4 mm → SOLTA
[INFO] [1790800227.774062, 190.486000]: [mission] waypoint de 15° — lâmina medida em 16.9° (abertura por CONTATO)
[INFO] [1790800228.283993, 190.987000]: [mission] fase "arco2"/puxa: RECUANDO 0.048 m só com as rodas
[INFO] [1790800229.255812, 191.938000]: [mission] fase "arco2"/puxa: concluído (0.048 m)
[INFO] [1790800229.258023, 191.940000]: [mission] fase "arco2": modo whole-body/Fuzzy (YAML)
[INFO] [1790800229.464521, 192.143000]: [mission] plano de exclusão publicado: parede em [ 2.00e-03  2.99e+00 -2.00e-03], normal segura [ 0.023 -1.     0.   ]
[INFO] [1790800229.768908, 192.446000]: [mission] fase "arco2": whole-body assumiu (base livre, restrita pelo plano de exclusão)
[INFO] [1790800229.771457, 192.448000]: [mission] fase "arco2": whole-body a 0.0170 m do alvo — eixo=+1.5 prof=-1.4 alt=-16.9 mm
[INFO] [1790800230.775589, 193.447000]: [mission] fase "arco2" alcançada por whole-body em 1.0s (0.0128 m) — no frame da parede eixo=+1.5 prof=-3.6 alt=-12.2 mm (tolerância 40/10/15)
[INFO] [1790800230.982155, 193.653000]: [mission] waypoint de 30° — lâmina medida em 31.2° (abertura por CONTATO)
[INFO] [1790800231.489230, 194.154000]: [mission] fase "desengata": modo IK iterativa (YAML)
[INFO] [1790800231.491775, 194.156000]: [mission] âncora engatada (fase "desengata")
[INFO] [1790800233.363344, 195.982000]: [mission] fase "desengata" it0: ponta (0.296, 2.773, 0.745) erro=0.0083 | degrau eixo 5.9° | rolagem 6.2° | IK pediu [-13.9 -20.5  -0.   81.2  79.3] | faltou [ 0.1 -0.2 -0.4 -0.5  0. ] graus
[INFO] [1790800233.365418, 195.984000]: [mission] fase "desengata" alcançada em 1 iteração(ões) (0.0083 m)
[INFO] [1790800233.880514, 196.494000]: [mission] MANIPULATE concluída — chave ABERTA, lâmina medida em 31.3°
[INFO] [1790800233.883167, 196.497000]: State machine transitioning 'MANIPULATE':'done'-->'RETRACT'
[INFO] [1790800234.295681, 196.906000]: [mission] âncora engatada (fase "saida_sobe")
[INFO] [1790800235.867625, 198.458000]: [mission] fase "saida_sobe" it0: ponta (0.294, 2.780, 0.770) erro=0.0079 | degrau eixo 5.6° | rolagem 5.8° | IK pediu [-13.9 -17.5   0.   79.3  79.4] | faltou [ 0.  -0.4 -0.3 -0.2  0. ] graus
[INFO] [1790800235.870414, 198.461000]: [mission] fase "saida_sobe" it0: no frame da parede eixo=-0.4 prof=+5.8 alt=+5.4 mm (tolerância 30/20/10)
[INFO] [1790800235.872452, 198.463000]: [mission] fase "saida_sobe" alcançada em 1 iteração(ões) (0.0079 m)
[INFO] [1790800235.876312, 198.467000]: [mission] âncora engatada (fase "saida_eixo")
[INFO] [1790800237.824002, 200.395000]: [mission] fase "saida_eixo" it0: ponta (0.414, 2.784, 0.769) erro=0.0096 | degrau eixo 12.0° | rolagem 12.5° | IK pediu [-23.4 -15.3   0.   70.7  72.1] | faltou [ 0.2 -0.3 -0.4 -0.5 -0. ] graus
[INFO] [1790800237.827304, 200.398000]: [mission] fase "saida_eixo" it0: no frame da parede eixo=-0.5 prof=+6.9 alt=+6.6 mm (tolerância 20/20/15)
[INFO] [1790800237.829767, 200.401000]: [mission] fase "saida_eixo" alcançada em 1 iteração(ões) (0.0096 m)
[INFO] [1790800237.834830, 200.406000]: [mission] âncora engatada (fase "saida_fora")
[INFO] [1790800240.575096, 203.111000]: [mission] fase "saida_fora" it0: ponta (0.417, 2.683, 0.773) erro=0.0059 | degrau eixo 6.7° | rolagem 7.7° | IK pediu [-27.  -20.6   0.   94.6  65.9] | faltou [ 0.   0.  -0.8 -1.6  0. ] graus
[INFO] [1790800240.578659, 203.115000]: [mission] fase "saida_fora" it0: no frame da parede eixo=-0.3 prof=+5.2 alt=+2.9 mm (tolerância 30/20/20)
[INFO] [1790800240.580144, 203.117000]: [mission] âncora solta — 1 correções de deriva
[INFO] [1790800240.581748, 203.118000]: [mission] fase "saida_fora" alcançada em 1 iteração(ões) (0.0059 m) — âncora corrigiu 1 vez(es)
[INFO] [1790800240.583217, 203.120000]: [mission] RETRACT/afasta: RECUANDO 0.250 m só com as rodas
[INFO] [1790800245.001758, 207.471000]: [mission] RETRACT/afasta: concluído (0.250 m)
[INFO] [1790800245.004371, 207.474000]: [mission] postura "stow_home" comandada: [0.0, 1.13, -1.04, -1.8, 0.0]
[INFO] [1790800256.642081, 218.976000]: State machine transitioning 'RETRACT':'ok'-->'RETURN'
[INFO] [1790800256.643184, 218.977000]: [mission] RETURN — voltando a (0.01, 1.00, 0.00 rad)
[INFO] [1790800271.232606, 233.377000]: [mission] RETURN: alinhado, avançando (1.15 m)
[INFO] [1790800271.285346, 233.427000]: [mission] teto por postura ativo no drive: v<=0.23 w<=0.50 rampa 0.51/1.52
[INFO] [1790800280.076558, 242.127000]: [mission] RETURN: chegou, ajustando heading final
[INFO] [1790800280.126852, 242.177000]: [mission] teto por postura ativo no drive: v<=0.23 w<=0.50 rampa 0.51/1.52
[INFO] [1790800286.624552, 248.577000]: [mission] RETURN: concluído
[INFO] [1790800286.626778, 248.579000]: State machine terminating 'RETURN':'home':'MISSION_OK'
[INFO] [1790800286.628728, 248.581000]: [mission] resultado: MISSION_OK
... logging to /home/marco/.ros/log/4f6ef64c-bd0d-11f1-a1a3-b025aa85b2a2/roslaunch-shiroi-2201493.log
Checking log directory for disk usage. This may take a while.
Press Ctrl-C to interrupt
]2;/home/marco/b166er/src/b166er_whole_body_control/launch/chave_mission.launch
[1mstarted roslaunch server http://shiroi:36945/[0m

SUMMARY
========

PARAMETERS
 * /chave_mission/estado_final: 
 * /chave_mission/estado_inicial: STOW_INIT
 * /chave_mission/pausa_por_fase: False
 * /chave_mission/search_omega: 0.35
 * /chave_mission/standoff_distance: 0.62
 * /chave_mission/use_wholebody: False
 * /chave_seccionadora_task/aproxima_lateral/modo: ik
 * /chave_seccionadora_task/aproxima_lateral/offset_xyz_m: [-0.09, 0.008, 0.01]
 * /chave_seccionadora_task/aproxima_lateral/tol_xyz_m: [0.04, 0.008, 0.005]
 * /chave_seccionadora_task/arco1/blade_angle_deg: 15
 * /chave_seccionadora_task/arco1/deriva_eixo_max_m: 0.015
 * /chave_seccionadora_task/arco1/modo: wb
 * /chave_seccionadora_task/arco1/offset_xyz_m: [0.0, 0.0518, -0....
 * /chave_seccionadora_task/arco1/soltura_recuo_min_m: 0.04
 * /chave_seccionadora_task/arco1/tol_xyz_m: [0.04, 0.01, 0.015]
 * /chave_seccionadora_task/arco2/blade_angle_deg: 30
 * /chave_seccionadora_task/arco2/deriva_eixo_max_m: 0.015
 * /chave_seccionadora_task/arco2/modo: wb
 * /chave_seccionadora_task/arco2/offset_xyz_m: [0.0, 0.1, -0.0518]
 * /chave_seccionadora_task/arco2/tol_xyz_m: [0.04, 0.01, 0.015]
 * /chave_seccionadora_task/atravessa/modo: ik
 * /chave_seccionadora_task/atravessa/offset_xyz_m: [-0.008, 0.008, 0...
 * /chave_seccionadora_task/atravessa/tol_xyz_m: [0.008, 0.006, 0....
 * /chave_seccionadora_task/captura/modo: ik
 * /chave_seccionadora_task/captura/offset_xyz_m: [0.0, 0.0, -0.01]
 * /chave_seccionadora_task/captura/tol_xyz_m: [0.04, 0.006, 0.01]
 * /chave_seccionadora_task/desengata/modo: ik
 * /chave_seccionadora_task/desengata/offset_xyz_m: [-0.09, 0.1, -0.0...
 * /chave_seccionadora_task/destrava/curso_estagna_m: 0.01
 * /chave_seccionadora_task/destrava/curso_margem_m: 0.002
 * /chave_seccionadora_task/destrava/curso_min_m: 0.018
 * /chave_seccionadora_task/destrava/modo: wb
 * /chave_seccionadora_task/destrava/offset_xyz_m: [0.0, 0.0, -0.025]
 * /chave_seccionadora_task/destrava/tol_xyz_m: [0.04, 0.006, 0.004]
 * /chave_seccionadora_task/libera/deriva_eixo_max_m: 0.015
 * /chave_seccionadora_task/libera/modo: wb
 * /chave_seccionadora_task/libera/offset_xyz_m: [0.0, 0.03, -0.025]
 * /chave_seccionadora_task/libera/tol_xyz_m: [0.04, 0.008, 0.006]
 * /chave_seccionadora_task/orienta/modo: ik
 * /chave_seccionadora_task/orienta/offset_xyz_m: [-0.09, 0.15, 0.0...
 * /chave_seccionadora_task/reassenta_sobe/tol_xyz_m: [0.03, 0.02, 0.005]
 * /chave_seccionadora_task/saida_eixo/tol_xyz_m: [0.02, 0.02, 0.015]
 * /chave_seccionadora_task/saida_fora/tol_xyz_m: [0.03, 0.02, 0.02]
 * /chave_seccionadora_task/saida_sobe/tol_xyz_m: [0.03, 0.02, 0.01]
 * /chave_seccionadora_task/target_frame: chave_olhal_link
 * /fuzzy_wb_controller/fixed_gains: []
 * /rosdistro: noetic
 * /rosversion: 1.17.4

NODES
  /
    chave_mission (b166er_whole_body_control/chave_mission.py)

[1mROS_MASTER_URI=http://localhost:11311[0m
]2;/home/marco/b166er/src/b166er_whole_body_control/launch/chave_mission.launch http://localhost:11311
[1mprocess[chave_mission-1]: started with pid [2201542][0m
[1m[chave_mission-1] process has finished cleanly
log file: /home/marco/.ros/log/4f6ef64c-bd0d-11f1-a1a3-b025aa85b2a2/chave_mission-1*.log[0m
all processes on machine have died, roslaunch will exit
shutting down processing monitor...
... shutting down processing monitor complete
[1mdone[0m
