[0mCMake Deprecation Warning at CMakeLists.txt:1 (cmake_minimum_required):
  Compatibility with CMake < 3.10 will be removed from a future version of
  CMake.

  Update the VERSION argument <min> value.  Or, use the <min>...<max> syntax
  to tell CMake that the project requires at least <min> but has been updated
  to work with policies introduced by <max> or earlier.

[0m
[33mCMake Warning (dev) at /Users/marcoreis/miniforge3/envs/ros_env11/share/catkin/cmake/python.cmake:4 (find_package):
  Policy CMP0148 is not set: The FindPythonInterp and FindPythonLibs modules
  are removed.  Run "cmake --help-policy CMP0148" for policy details.  Use
  the cmake_policy command to set the policy and suppress this warning.

[36mCall Stack (most recent call first):[0m
  /Users/marcoreis/miniforge3/envs/ros_env11/share/catkin/cmake/all.cmake:164 (include)
  /Users/marcoreis/miniforge3/envs/ros_env11/share/catkin/cmake/catkinConfig.cmake:20 (include)
  CMakeLists.txt:4 (find_package)
This warning is for project developers.  Use -Wno-dev to suppress it.
[0m
[0mCMake Deprecation Warning at /Users/marcoreis/b166er/src/rosserial/rosserial_client/cmake/rosserial_client-extras.cmake:1 (cmake_minimum_required):
  Compatibility with CMake < 3.10 will be removed from a future version of
  CMake.

  Update the VERSION argument <min> value.  Or, use the <min>...<max> syntax
  to tell CMake that the project requires at least <min> but has been updated
  to work with policies introduced by <max> or earlier.
[36mCall Stack (most recent call first):[0m
  /Users/marcoreis/b166er/devel/share/rosserial_client/cmake/rosserial_clientConfig.cmake:224 (include)
  /Users/marcoreis/miniforge3/envs/ros_env11/share/catkin/cmake/catkinConfig.cmake:76 (find_package)
  CMakeLists.txt:4 (find_package)

[0m
