[31mWARNING: disk usage in log directory [/home/marco/.ros/log] is over 1GB.
It's recommended that you use the 'rosclean' command.[0m
the rosdep view is empty: call 'sudo rosdep init' and 'rosdep update'
[WARN] [1791384497.255449, 77.387000]: [mission] SEARCH: ajuste não convergiu em 8s (raio 0.62) — amostrando assim mesmo
[WARN] [1791384505.524647, 85.497000]: [mission] SEARCH: 2 de 25 amostras descartadas como outlier (>0.15 m ou >0.20 rad da mediana)
[WARN] [1791384505.577380, 85.550000]: [mission] SEARCH: laser com só 14 pontos de parede (mín 30) — parede fica pela tag
[INFO] [1791384474.566827, 55.058000]: garra_dx = 0.000 m (fechada)
[INFO] [1791384474.683606, 55.174000]: State machine starting in initial state 'STOW_INIT' with userdata: 
	[]
[INFO] [1791384474.887631, 55.375000]: [mission] pose de partida registrada: (0.01, 1.00, 0.01 rad)
[INFO] [1791384474.890418, 55.378000]: [mission] postura "stow_home" comandada: [0.0, 1.13, -1.04, -1.8, 0.0]
[INFO] [1791384477.025355, 57.480000]: State machine transitioning 'STOW_INIT':'ok'-->'SEARCH'
[INFO] [1791384477.027207, 57.482000]: [mission] postura "search" comandada: [0.0, 1.0, -1.0, 0.0, 0.0]
[INFO] [1791384487.489959, 67.783000]: [mission] SEARCH — girando à procura da tag...
[INFO] [1791384487.491457, 67.784000]: [mission] SEARCH: amostra quando a tag estiver a raio 0.35-0.50 do quadro (vista oblíqua; omega fina 0.15 rad/s)
[INFO] [1791384489.078044, 69.335000]: [mission] SEARCH: tag a raio 0.93 — girando até <= 0.50
[INFO] [1791384497.257352, 77.389000]: [mission] tag avistada — parando para medir
[INFO] [1791384498.287933, 78.397000]: [mission] âncora engatada (coleta do SEARCH)
[INFO] [1791384498.289712, 78.399000]: [mission] SEARCH: coleta com dither ±0.05 rad/s (período 3.0 s)
[INFO] [1791384505.509207, 85.481000]: [mission] âncora solta — 9 correções de deriva
[INFO] [1791384505.512152, 85.484000]: [mission] SEARCH: âncora corrigiu a deriva 9 vez(es) durante a coleta
[INFO] [1791384505.526685, 85.499000]: [mission] SEARCH: 23 amostras — parede (0.016, 2.936, -0.005) yaw=-2.859
[INFO] [1791384505.578384, 85.551000]: [mission] parede localizada em (0.016, 2.936, -0.005)
[INFO] [1791384505.581486, 85.554000]: State machine transitioning 'SEARCH':'found'-->'APPROACH'
[INFO] [1791384505.582474, 85.555000]: [mission] APPROACH etapa 1/2 — 1.30 m do olhal, alvo (0.61, 1.62, 1.85 rad)
[INFO] [1791384505.936557, 85.906000]: [mission] APPROACH: alinhado, avançando (0.87 m)
[INFO] [1791384505.988405, 85.956000]: [mission] teto por postura ativo no drive: v<=0.16 w<=0.50 rampa 0.43/1.52
[INFO] [1791384513.072997, 92.906000]: [mission] APPROACH: chegou, ajustando heading final
[INFO] [1791384513.123354, 92.956000]: [mission] teto por postura ativo no drive: v<=0.16 w<=0.50 rampa 0.43/1.52
[INFO] [1791384516.370605, 96.156000]: [mission] APPROACH: concluído
[INFO] [1791384517.406483, 97.174000]: [mission] âncora engatada (coleta do APPROACH/remedida)
[INFO] [1791384517.409554, 97.176000]: [mission] APPROACH/remedida: coleta com dither ±0.05 rad/s (período 3.0 s)
[INFO] [1791384518.453705, 98.204000]: [mission] âncora solta — 2 correções de deriva
[INFO] [1791384518.454928, 98.205000]: [mission] APPROACH/remedida: âncora corrigiu a deriva 2 vez(es) durante a coleta
[INFO] [1791384518.457270, 98.206000]: [mission] APPROACH/remedida: 10 amostras — parede (0.000, 3.011, -0.003) yaw=3.130
[INFO] [1791384518.510006, 98.259000]: [mission] APPROACH/remedida: parede pelo LASER — 65 pontos, resíduo 4.6 mm: profundidade +12.6 mm e yaw +0.65° em relação à tag → parede (0.000, 2.999, -0.003) yaw=-3.141
[INFO] [1791384518.512444, 98.262000]: [mission] APPROACH etapa 2/2 — 0.88 m do olhal, alvo (0.37, 1.99, 1.57 rad)
[INFO] [1791384521.232704, 100.914000]: [mission] APPROACH: alinhado, avançando (0.52 m)
[INFO] [1791384521.283798, 100.964000]: [mission] teto por postura ativo no drive: v<=0.16 w<=0.50 rampa 0.43/1.52
[INFO] [1791384525.970376, 105.564000]: [mission] APPROACH: chegou, ajustando heading final
[INFO] [1791384530.055879, 109.564000]: [mission] APPROACH: concluído
[INFO] [1791384530.066158, 109.574000]: State machine transitioning 'APPROACH':'arrived'-->'REFINE'
[INFO] [1791384530.069830, 109.578000]: [mission] REFINE — remedindo a parede de perto (10 amostras)
[INFO] [1791384530.077474, 109.584000]: [mission] âncora engatada (coleta do REFINE)
[INFO] [1791384530.079896, 109.586000]: [mission] REFINE: coleta com dither ±0.05 rad/s (período 3.0 s)
[INFO] [1791384531.237286, 110.710000]: [mission] âncora solta — 2 correções de deriva
[INFO] [1791384531.240153, 110.713000]: [mission] REFINE: âncora corrigiu a deriva 2 vez(es) durante a coleta
[INFO] [1791384531.243079, 110.715000]: [mission] REFINE: 10 amostras — parede (0.001, 2.995, -0.000) yaw=-3.137
[INFO] [1791384531.298013, 110.770000]: [mission] REFINE: parede pelo LASER — 88 pontos, resíduo 4.9 mm: profundidade -4.7 mm e yaw -0.15° em relação à tag → parede (0.001, 3.000, -0.000) yaw=-3.139
[INFO] [1791384531.301025, 110.772000]: [mission] REFINE: deslocou 0.003 m da estimativa anterior
[INFO] [1791384531.303774, 110.775000]: [mission] olhal estimado em (0.201, 2.870, 0.805)
[INFO] [1791384531.316439, 110.787000]: State machine transitioning 'REFINE':'ok'-->'DEPLOY'
[INFO] [1791384531.318519, 110.789000]: [mission] DEPLOY: IK resolvida para a POSE DE MANIPULAÇÃO (0.20, 2.25, 1.57 rad), não para a atual
[INFO] [1791384536.416182, 115.690000]: [mission] DEPLOY: IK nivelada 0.0709 m, só eixo 0.0014 m — a MISSÃO INTEIRA usa "eixo"
[INFO] [1791384536.420527, 115.887000]: [mission] DEPLOY: IK da ponta resolvida (resíduo 0.0014 m, degrau 0.4°) — pré-posicionando em [-10.9 -46.4  60.   78.5 -10.9] graus
[INFO] [1791384545.053178, 124.388000]: [mission] plano de exclusão publicado: parede em [ 1.e-03  3.e+00 -0.e+00], normal segura [ 0.002 -1.     0.   ]
[INFO] [1791384545.263808, 124.597000]: [mission] teto por postura ativo no drive: v<=0.24 w<=0.50 rampa 0.53/1.61
[INFO] [1791384547.092856, 126.397000]: [mission] DEPLOY/aproxima: alinhado, avançando (0.31 m)
[INFO] [1791384550.658832, 129.897000]: [mission] DEPLOY/aproxima: chegou, ajustando heading final
[INFO] [1791384554.327171, 133.497000]: [mission] DEPLOY/aproxima: concluído
[INFO] [1791384554.329131, 133.499000]: State machine transitioning 'DEPLOY':'ok'-->'MANIPULATE'
[INFO] [1791384554.331132, 133.499000]: [mission] fase "orienta": modo IK iterativa (YAML)
[INFO] [1791384554.339551, 133.509000]: [mission] âncora engatada (fase "orienta")
[INFO] [1791384558.545594, 137.616000]: [mission] fase "orienta" it0: ponta (0.295, 2.727, 0.810) erro=0.0082 | degrau eixo 0.1° | rolagem 0.4° | IK pediu [-20.4 -38.4  45.   82.7 -15.9] | faltou [ 0.4 -0.5  0.2 -0.5 -0.3] graus
[INFO] [1791384558.547024, 137.617000]: [mission] âncora solta — 7 correções de deriva
[INFO] [1791384558.547752, 137.618000]: [mission] fase "orienta" alcançada em 1 iteração(ões) (0.0082 m) — âncora corrigiu 7 vez(es)
[INFO] [1791384559.059009, 138.122000]: [mission] fase "aproxima_lateral": modo IK iterativa (YAML)
[INFO] [1791384559.063663, 138.126000]: [mission] âncora engatada (fase "aproxima_lateral")
[INFO] [1791384563.029048, 142.032000]: [mission] fase "aproxima_lateral" it0: ponta (0.287, 2.875, 0.803) erro=0.0174 | degrau eixo 4.3° | rolagem 5.1° | IK pediu [-16.5 -14.6   0.   84.7 -11.9] | faltou [ 0.2 -0.2 -1.  -1.7 -0.4] graus
[INFO] [1791384563.033943, 142.037000]: [mission] fase "aproxima_lateral" it0: no frame da parede eixo=-4.1 prof=+12.4 alt=+11.5 mm (tolerância 40/8/5)
[INFO] [1791384565.552442, 144.505000]: [mission] fase "aproxima_lateral" it1: ponta (0.294, 2.854, 0.818) erro=0.0092 | degrau eixo 3.9° | rolagem 3.9° | IK pediu [-17.4 -13.9   0.   86.5 -12.5] | faltou [0. 0. 0. 0. 0.] graus
[INFO] [1791384565.557864, 144.510000]: [mission] fase "aproxima_lateral" it1: no frame da parede eixo=+3.1 prof=-7.9 alt=-3.6 mm (tolerância 40/8/5)
[INFO] [1791384565.560527, 144.513000]: [mission] âncora solta — 2 correções de deriva
[INFO] [1791384565.561697, 144.514000]: [mission] fase "aproxima_lateral" alcançada em 2 iteração(ões) (0.0092 m) — âncora corrigiu 2 vez(es)
[INFO] [1791384566.075198, 145.021000]: [mission] fase "atravessa": modo IK iterativa (YAML)
[INFO] [1791384566.080601, 145.026000]: [mission] âncora engatada (fase "atravessa")
[INFO] [1791384569.251720, 148.132000]: [mission] fase "atravessa" it0: ponta (0.209, 2.868, 0.808) erro=0.0090 | degrau eixo 1.5° | rolagem 1.7° | IK pediu [ -9.8 -15.1   0.   88.1  -5.1] | faltou [-0.4  1.8 -4.9  2.1 -0. ] graus
[INFO] [1791384569.255311, 148.136000]: [mission] fase "atravessa" it0: no frame da parede eixo=-0.0 prof=+5.9 alt=+6.8 mm (tolerância 8/6/5)
[WARN] [1791384591.501216, 169.834000]: [mission] fase "destrava": descida estagnou em 16.7 mm (mín 10 para aceitar; alvo 18) — fim de curso do mecanismo, fechando a fase
[WARN] [1791384591.724259, 170.052000]: [mission] destrava: lingueta em 9.6 mm (esperado ≥ 12) — o gatilho pode não ter soltado
[ERROR] [1791384633.531824, 211.161000]: [mission] fase "libera": whole-body não fechou em 40s (melhor 0.0100 m; régua por eixo da fase)
[WARN] [1791384633.738936, 211.367000]: [mission] ABORT — parando base e recolhendo braço
[WARN] [1791384634.141899, 211.767000]: [mission] ABORT: ponta a 0.065 m do olhal — saindo em degraus: sobe 30 mm, 120 mm pelo eixo do furo, 100 mm para fora, antes de recolher
[INFO] [1791384573.249823, 152.046000]: [mission] fase "atravessa" it1: ponta (0.212, 2.864, 0.812) erro=0.0048 | degrau eixo 1.4° | rolagem 1.8° | IK pediu [-10.4 -14.3  -1.   90.   -5.1] | faltou [  0.2   7.3 -18.1   7.3  -0. ] graus
[INFO] [1791384573.253362, 152.050000]: [mission] fase "atravessa" it1: no frame da parede eixo=+3.0 prof=+2.1 alt=+3.1 mm (tolerância 8/6/5)
[INFO] [1791384573.255732, 152.052000]: [mission] âncora solta — 2 correções de deriva
[INFO] [1791384573.258258, 152.055000]: [mission] fase "atravessa" alcançada em 2 iteração(ões) (0.0048 m) — âncora corrigiu 2 vez(es)
[INFO] [1791384573.772262, 152.562000]: [mission] fase "captura": modo IK iterativa (YAML)
[INFO] [1791384573.778543, 152.567000]: [mission] âncora engatada (fase "captura")
[INFO] [1791384577.668905, 156.374000]: [mission] fase "captura" it0: ponta (0.209, 2.857, 0.785) erro=0.0175 | degrau eixo 1.5° | rolagem 1.6° | IK pediu [ -9.5 -15.   -5.2  90.8  -4.2] | faltou [ -1.    8.8 -24.   14.2  -0. ] graus
[INFO] [1791384577.670524, 156.376000]: [mission] fase "captura" it0: no frame da parede eixo=+7.6 prof=-12.7 alt=+9.5 mm (tolerância 40/6/10)
[INFO] [1791384581.503502, 160.107000]: [mission] fase "captura" it1: ponta (0.209, 2.866, 0.780) erro=0.0170 | degrau eixo 1.4° | rolagem 2.1° | IK pediu [ -9.3 -11.6 -10.1  90.9  -3.5] | faltou [ -0.9 -30.5  64.  -41.8  -0.3] graus
[INFO] [1791384581.507251, 160.111000]: [mission] fase "captura" it1: no frame da parede eixo=+7.8 prof=-4.3 alt=+14.5 mm (tolerância 40/6/10)
[INFO] [1791384587.988658, 166.418000]: [mission] fase "captura" it2: ponta (0.209, 2.875, 0.794) erro=0.0097 | degrau eixo 1.3° | rolagem 1.5° | IK pediu [ -8.4 -26.1  26.2  66.5  -3. ] | faltou [ -1.8 -10.4  18.6 -12.1   0.1] graus
[INFO] [1791384587.990566, 166.420000]: [mission] fase "captura" it2: no frame da parede eixo=+8.0 prof=+5.4 alt=+0.8 mm (tolerância 40/6/10)
[INFO] [1791384587.991923, 166.421000]: [mission] âncora solta — 6 correções de deriva
[INFO] [1791384587.992791, 166.422000]: [mission] fase "captura" alcançada em 3 iteração(ões) (0.0097 m) — âncora corrigiu 6 vez(es)
[INFO] [1791384587.997651, 166.427000]: [mission] captura: ponta registrada em eixo=-8.0 prof=-5.4 alt=-10.8 mm (zero da descida do destrava e da deriva de eixo)
[INFO] [1791384588.510793, 166.928000]: [mission] fase "destrava": alvo em altura relativo à captura: -30.8 mm (captura -10.8 − curso 18 − margem 2)
[INFO] [1791384588.512091, 166.929000]: [mission] fase "destrava": modo whole-body/Fuzzy (YAML)
[INFO] [1791384588.720670, 167.130000]: [mission] plano de exclusão publicado: parede em [ 1.e-03  3.e+00 -0.e+00], normal segura [ 0.002 -1.     0.   ]
[INFO] [1791384589.035034, 167.433000]: [mission] fase "destrava": whole-body assumiu (base livre, restrita pelo plano de exclusão)
[INFO] [1791384589.036758, 167.434000]: [mission] fase "destrava": whole-body a 0.0187 m do alvo — eixo=+8.0 prof=+5.1 alt=-16.1 mm
[INFO] [1791384591.200078, 169.534000]: [mission] fase "destrava": whole-body a 0.0084 m do alvo — eixo=+7.5 prof=-1.5 alt=-3.4 mm
[INFO] [1791384591.721687, 170.049000]: [mission] destrava: ponta desceu 16.5 mm desde a captura (critério observável) | lingueta 9.6 mm (só na simulação)
[INFO] [1791384592.248954, 170.555000]: [mission] fase "libera": modo whole-body/Fuzzy (YAML)
[INFO] [1791384592.454039, 170.756000]: [mission] plano de exclusão publicado: parede em [ 1.e-03  3.e+00 -0.e+00], normal segura [ 0.002 -1.     0.   ]
[INFO] [1791384592.761101, 171.060000]: [mission] fase "libera": whole-body assumiu (base livre, restrita pelo plano de exclusão)
[INFO] [1791384593.270568, 171.561000]: [mission] fase "libera": whole-body a 0.0284 m do alvo — eixo=+7.6 prof=+27.1 alt=+3.5 mm
[INFO] [1791384595.408941, 173.661000]: [mission] fase "libera": whole-body a 0.0281 m do alvo — eixo=+7.5 prof=+25.0 alt=+10.3 mm
[INFO] [1791384597.545778, 175.761000]: [mission] fase "libera": whole-body a 0.0227 m do alvo — eixo=+7.5 prof=+17.5 alt=+12.3 mm
[INFO] [1791384599.664818, 177.861000]: [mission] fase "libera": whole-body a 0.0171 m do alvo — eixo=+7.4 prof=+9.2 alt=+12.3 mm
[INFO] [1791384601.808170, 179.961000]: [mission] fase "libera": whole-body a 0.0132 m do alvo — eixo=+7.4 prof=+6.5 alt=+8.8 mm
[INFO] [1791384603.962012, 182.061000]: [mission] fase "libera": whole-body a 0.0128 m do alvo — eixo=+7.4 prof=+5.6 alt=+8.8 mm
[INFO] [1791384606.109216, 184.161000]: [mission] fase "libera": whole-body a 0.0126 m do alvo — eixo=+7.4 prof=+5.4 alt=+8.7 mm
[INFO] [1791384608.230259, 186.261000]: [mission] fase "libera": whole-body a 0.0123 m do alvo — eixo=+7.5 prof=+6.5 alt=+7.3 mm
[INFO] [1791384610.361274, 188.361000]: [mission] fase "libera": whole-body a 0.0136 m do alvo — eixo=+7.5 prof=+8.3 alt=+7.8 mm
[INFO] [1791384612.395168, 190.362000]: [mission] fase "libera": whole-body a 0.0109 m do alvo — eixo=+7.5 prof=+4.5 alt=+6.5 mm
[INFO] [1791384614.510544, 192.461000]: [mission] fase "libera": whole-body a 0.0261 m do alvo — eixo=+7.5 prof=-12.9 alt=-21.3 mm
[INFO] [1791384616.557409, 194.462000]: [mission] fase "libera": whole-body a 0.0298 m do alvo — eixo=+7.5 prof=-20.9 alt=-19.9 mm
[INFO] [1791384618.680359, 196.561000]: [mission] fase "libera": whole-body a 0.0335 m do alvo — eixo=+7.4 prof=-26.7 alt=-18.7 mm
[INFO] [1791384620.703045, 198.562000]: [mission] fase "libera": whole-body a 0.0396 m do alvo — eixo=+7.1 prof=-35.5 alt=-16.2 mm
[INFO] [1791384622.847049, 200.661000]: [mission] fase "libera": whole-body a 0.0510 m do alvo — eixo=+6.8 prof=-49.8 alt=-8.7 mm
[INFO] [1791384624.974910, 202.761000]: [mission] fase "libera": whole-body a 0.0767 m do alvo — eixo=+6.3 prof=-75.4 alt=+12.6 mm
[INFO] [1791384627.136436, 204.862000]: [mission] fase "libera": whole-body a 0.0291 m do alvo — eixo=+7.3 prof=-27.7 alt=+5.2 mm
[INFO] [1791384629.287831, 206.961000]: [mission] fase "libera": whole-body a 0.0217 m do alvo — eixo=+7.2 prof=-19.1 alt=+7.3 mm
[INFO] [1791384631.413268, 209.061000]: [mission] fase "libera": whole-body a 0.0234 m do alvo — eixo=+8.4 prof=-17.8 alt=+12.6 mm
[INFO] [1791384633.430888, 211.062000]: [mission] fase "libera": whole-body a 0.0252 m do alvo — eixo=+8.7 prof=-16.6 alt=+16.9 mm
[INFO] [1791384633.734545, 211.362000]: [mission] plano de exclusão publicado: parede em [ 1.e-03  3.e+00 -0.e+00], normal segura [ 0.002 -1.     0.   ]
[INFO] [1791384633.737988, 211.366000]: State machine transitioning 'MANIPULATE':'failed'-->'ABORT_SAFE'
[INFO] [1791384634.146764, 211.772000]: [mission] âncora engatada (fase "saida_sobe")
[INFO] [1791384651.061175, 228.476000]: [mission] fase "saida_sobe" it0: ponta (0.208, 2.795, 0.797) erro=0.0294 | degrau eixo 0.2° | rolagem 0.9° | IK pediu [ -4.4 -44.6  49.2  86.9  -7.1] | faltou [-0.   0.2  2.4  2.4 -0.3] graus
[INFO] [1791384651.062288, 228.477000]: [mission] fase "saida_sobe" it0: no frame da parede eixo=-2.0 prof=-28.6 alt=-6.7 mm (tolerância 30/20/10)
[INFO] [1791384659.467989, 236.780000]: [mission] fase "saida_sobe" it1: ponta (0.210, 2.820, 0.766) erro=0.0244 | degrau eixo 0.1° | rolagem 0.7° | IK pediu [ -4.  -40.3  39.6  89.8  -6.9] | faltou [-0.5  1.1 -6.5 12.1  0.2] graus
[INFO] [1791384659.469841, 236.782000]: [mission] fase "saida_sobe" it1: no frame da parede eixo=-0.4 prof=-3.2 alt=+24.2 mm (tolerância 30/20/10)
[INFO] [1791384666.452515, 243.686000]: [mission] fase "saida_sobe" it2: ponta (0.208, 2.832, 0.796) erro=0.0108 | degrau eixo 0.1° | rolagem 0.3° | IK pediu [ -4.3 -38.3  41.9  87.4  -7. ] | faltou [ 0.3 -1.1 -1.   4.   0.3] graus
[INFO] [1791384666.454389, 243.688000]: [mission] fase "saida_sobe" it2: no frame da parede eixo=-1.9 prof=+9.0 alt=-5.7 mm (tolerância 30/20/10)
[INFO] [1791384666.455526, 243.689000]: [mission] âncora solta — 17 correções de deriva
[INFO] [1791384666.456326, 243.690000]: [mission] fase "saida_sobe" alcançada em 3 iteração(ões) (0.0108 m) — âncora corrigiu 17 vez(es)
[INFO] [1791384666.458785, 243.692000]: [mission] âncora engatada (fase "saida_eixo")
[INFO] [1791384687.966720, 264.997000]: [mission] fase "saida_eixo" it0: ponta (0.392, 2.976, 0.284) erro=0.5328 | degrau eixo 0.0° | rolagem 14.2° | IK pediu [-17.9 -39.2  39.7  89.5 -20.5] | faltou [-4.000e-01 -0.000e+00  1.000e-01 -1.441e+02  1.000e-01] graus
[WARN] [1791384688.100883, 265.002000]: [mission] fase "saida_eixo" it1: mira além ficou fora de alcance (0.044 m) — recuando para o alvo real
[WARN] [1791384704.643056, 281.369000]: [mission] fase "saida_fora" it0: IK não fechou (0.067 m) — alvo fora de alcance deste standoff
[WARN] [1791384704.644547, 281.458000]: [mission] ABORT: degrau "saida_fora" não fechou — seguindo para o próximo
[WARN] [1791384714.460038, 291.064000]: [mission] ABORT — voltando à pose de partida (0.01, 1.00, 0.01 rad)
[INFO] [1791384687.968596, 264.999000]: [mission] fase "saida_eixo" it0: no frame da parede eixo=+62.6 prof=+152.7 alt=+506.6 mm (tolerância 20/20/15)
[INFO] [1791384700.485488, 277.357000]: [mission] fase "saida_eixo" it1: ponta (0.332, 2.848, 0.788) erro=0.0247 | degrau eixo 10.4° | rolagem 11.0° | IK pediu [ -17.8   58.3   -7.4 -110.    17.8] | faltou [ 0.3  2.9 -8.5  7.   0.1] graus
[INFO] [1791384700.487907, 277.359000]: [mission] fase "saida_eixo" it1: no frame da parede eixo=+1.9 prof=+24.5 alt=+2.2 mm (tolerância 20/20/15)
[INFO] [1791384704.472520, 281.289000]: [mission] fase "saida_eixo" it2: ponta (0.332, 2.818, 0.793) erro=0.0065 | degrau eixo 10.5° | rolagem 10.3° | IK pediu [ -18.8   63.2  -13.1 -110.    18.7] | faltou [ 0.2 -0.6 -0.5  0.4  0.2] graus
[INFO] [1791384704.476196, 281.292000]: [mission] fase "saida_eixo" it2: no frame da parede eixo=+1.8 prof=-5.9 alt=-2.2 mm (tolerância 20/20/15)
[INFO] [1791384704.478351, 281.295000]: [mission] âncora solta — 14 correções de deriva
[INFO] [1791384704.480211, 281.297000]: [mission] fase "saida_eixo" alcançada em 3 iteração(ões) (0.0065 m) — âncora corrigiu 14 vez(es)
[INFO] [1791384704.483738, 281.300000]: [mission] âncora engatada (fase "saida_fora")
[INFO] [1791384704.645213, 281.459000]: [mission] ABORT/afasta: RECUANDO 0.250 m só com as rodas
[INFO] [1791384709.124079, 285.859000]: [mission] ABORT/afasta: concluído (0.251 m)
[INFO] [1791384709.126458, 285.861000]: [mission] postura "stow_home" comandada: [0.0, 1.13, -1.04, -1.8, 0.0]
[INFO] [1791384727.246662, 303.616000]: [mission] ABORT/retorno: alinhado, avançando (1.61 m)
[INFO] [1791384727.298877, 303.666000]: [mission] teto por postura ativo no drive: v<=0.23 w<=0.50 rampa 0.51/1.48
[INFO] [1791384739.187651, 315.316000]: [mission] ABORT/retorno: chegou, ajustando heading final
[INFO] [1791384739.238084, 315.366000]: [mission] teto por postura ativo no drive: v<=0.22 w<=0.50 rampa 0.51/1.48
[INFO] [1791384746.131970, 322.166000]: [mission] ABORT/retorno: concluído
[INFO] [1791384746.133612, 322.168000]: State machine terminating 'ABORT_SAFE':'aborted':'MISSION_ABORTED'
[INFO] [1791384746.134451, 322.169000]: [mission] resultado: MISSION_ABORTED
... logging to /home/marco/.ros/log/ef3b2c54-c25d-11f1-b091-b025aa85b2a2/roslaunch-shiroi-3170126.log
Checking log directory for disk usage. This may take a while.
Press Ctrl-C to interrupt
]2;/home/marco/b166er/src/b166er_whole_body_control/launch/chave_mission.launch
[1mstarted roslaunch server http://shiroi:34637/[0m

SUMMARY
========

PARAMETERS
 * /chave_mission/estado_final: 
 * /chave_mission/estado_inicial: STOW_INIT
 * /chave_mission/pausa_por_fase: False
 * /chave_mission/search_omega: 0.35
 * /chave_mission/standoff_distance: 0.62
 * /chave_mission/use_wholebody: False
 * /chave_seccionadora_task/aproxima_lateral/modo: ik
 * /chave_seccionadora_task/aproxima_lateral/offset_xyz_m: [-0.09, 0.008, 0.01]
 * /chave_seccionadora_task/aproxima_lateral/tol_xyz_m: [0.04, 0.008, 0.005]
 * /chave_seccionadora_task/arco1/blade_angle_deg: 15
 * /chave_seccionadora_task/arco1/deriva_eixo_max_m: 0.015
 * /chave_seccionadora_task/arco1/modo: wb
 * /chave_seccionadora_task/arco1/offset_xyz_m: [0.0, 0.0518, -0....
 * /chave_seccionadora_task/arco1/soltura_recuo_min_m: 0.04
 * /chave_seccionadora_task/arco1/tol_xyz_m: [0.04, 0.01, 0.015]
 * /chave_seccionadora_task/arco2/blade_angle_deg: 30
 * /chave_seccionadora_task/arco2/deriva_eixo_max_m: 0.015
 * /chave_seccionadora_task/arco2/modo: wb
 * /chave_seccionadora_task/arco2/offset_xyz_m: [0.0, 0.1, -0.0518]
 * /chave_seccionadora_task/arco2/tol_xyz_m: [0.04, 0.01, 0.015]
 * /chave_seccionadora_task/atravessa/modo: ik
 * /chave_seccionadora_task/atravessa/offset_xyz_m: [-0.008, 0.008, 0...
 * /chave_seccionadora_task/atravessa/tol_xyz_m: [0.008, 0.006, 0....
 * /chave_seccionadora_task/captura/modo: ik
 * /chave_seccionadora_task/captura/offset_xyz_m: [0.0, 0.0, -0.01]
 * /chave_seccionadora_task/captura/tol_xyz_m: [0.04, 0.006, 0.01]
 * /chave_seccionadora_task/desengata/modo: ik
 * /chave_seccionadora_task/desengata/offset_xyz_m: [-0.09, 0.1, -0.0...
 * /chave_seccionadora_task/destrava/curso_estagna_m: 0.01
 * /chave_seccionadora_task/destrava/curso_margem_m: 0.002
 * /chave_seccionadora_task/destrava/curso_min_m: 0.018
 * /chave_seccionadora_task/destrava/curso_teto_m: 0.022
 * /chave_seccionadora_task/destrava/modo: wb
 * /chave_seccionadora_task/destrava/offset_xyz_m: [0.0, 0.0, -0.025]
 * /chave_seccionadora_task/destrava/tol_xyz_m: [0.04, 0.006, 0.004]
 * /chave_seccionadora_task/libera/deriva_eixo_max_m: 0.015
 * /chave_seccionadora_task/libera/modo: wb
 * /chave_seccionadora_task/libera/offset_xyz_m: [0.0, 0.03, -0.025]
 * /chave_seccionadora_task/libera/tol_xyz_m: [0.04, 0.008, 0.006]
 * /chave_seccionadora_task/orienta/modo: ik
 * /chave_seccionadora_task/orienta/offset_xyz_m: [-0.09, 0.15, 0.0...
 * /chave_seccionadora_task/reassenta_sobe/tol_xyz_m: [0.03, 0.02, 0.005]
 * /chave_seccionadora_task/saida_eixo/tol_xyz_m: [0.02, 0.02, 0.015]
 * /chave_seccionadora_task/saida_fora/tol_xyz_m: [0.03, 0.02, 0.02]
 * /chave_seccionadora_task/saida_sobe/tol_xyz_m: [0.03, 0.02, 0.01]
 * /chave_seccionadora_task/target_frame: chave_olhal_link
 * /fuzzy_wb_controller/fixed_gains: []
 * /rosdistro: noetic
 * /rosversion: 1.17.4

NODES
  /
    chave_mission (b166er_whole_body_control/chave_mission.py)

[1mROS_MASTER_URI=http://localhost:11311[0m
]2;/home/marco/b166er/src/b166er_whole_body_control/launch/chave_mission.launch http://localhost:11311
[1mprocess[chave_mission-1]: started with pid [3170173][0m
[1m[chave_mission-1] process has finished cleanly
log file: /home/marco/.ros/log/ef3b2c54-c25d-11f1-b091-b025aa85b2a2/chave_mission-1*.log[0m
all processes on machine have died, roslaunch will exit
shutting down processing monitor...
... shutting down processing monitor complete
[1mdone[0m
