Not searching for unused variables given on the command line.
[0mCMake Deprecation Warning at CMakeLists.txt:1 (cmake_minimum_required):
  Compatibility with CMake < 3.10 will be removed from a future version of
  CMake.

  Update the VERSION argument <min> value.  Or, use the <min>...<max> syntax
  to tell CMake that the project requires at least <min> but has been updated
  to work with policies introduced by <max> or earlier.

[0m
[36m--[0m The C compiler identification is Clang 19.1.7
[36m--[0m The CXX compiler identification is Clang 19.1.7
[36m--[0m Detecting C compiler ABI info
[36m--[0m Detecting C compiler ABI info - done
[36m--[0m Check for working C compiler: /Users/marcoreis/miniforge3/envs/ros_env11/bin/arm64-apple-darwin20.0.0-clang - skipped
[36m--[0m Detecting C compile features
[36m--[0m Detecting C compile features - done
[36m--[0m Detecting CXX compiler ABI info
[36m--[0m Detecting CXX compiler ABI info - done
[36m--[0m Check for working CXX compiler: /Users/marcoreis/miniforge3/envs/ros_env11/bin/arm64-apple-darwin20.0.0-clang++ - skipped
[36m--[0m Detecting CXX compile features
[36m--[0m Detecting CXX compile features - done
[36m--[0m Using CATKIN_DEVEL_PREFIX: /Users/marcoreis/b166er/devel/.private/rosserial_python
[36m--[0m Using CMAKE_PREFIX_PATH: /Users/marcoreis/b166er/devel;/Users/marcoreis/miniforge3/envs/ros_env11
[36m--[0m This workspace overlays: /Users/marcoreis/b166er/devel;/Users/marcoreis/miniforge3/envs/ros_env11
[33mCMake Warning (dev) at /Users/marcoreis/miniforge3/envs/ros_env11/share/catkin/cmake/python.cmake:4 (find_package):
  Policy CMP0148 is not set: The FindPythonInterp and FindPythonLibs modules
  are removed.  Run "cmake --help-policy CMP0148" for policy details.  Use
  the cmake_policy command to set the policy and suppress this warning.

[36mCall Stack (most recent call first):[0m
  /Users/marcoreis/miniforge3/envs/ros_env11/share/catkin/cmake/all.cmake:164 (include)
  /Users/marcoreis/miniforge3/envs/ros_env11/share/catkin/cmake/catkinConfig.cmake:20 (include)
  CMakeLists.txt:4 (find_package)
This warning is for project developers.  Use -Wno-dev to suppress it.
[0m
[36m--[0m Found PythonInterp: /Users/marcoreis/miniforge3/envs/ros_env11/bin/python3.11 (found suitable version "3.11.13", minimum required is "3.11")
[36m--[0m Using PYTHON_EXECUTABLE: /Users/marcoreis/miniforge3/envs/ros_env11/bin/python3.11
[36m--[0m Using default Python package layout
[36m--[0m Found PY_em: /Users/marcoreis/miniforge3/envs/ros_env11/lib/python3.11/site-packages/em.py
[36m--[0m Using empy: /Users/marcoreis/miniforge3/envs/ros_env11/lib/python3.11/site-packages/em.py
[36m--[0m Using CATKIN_ENABLE_TESTING: ON
[36m--[0m Call enable_testing()
[36m--[0m Using CATKIN_TEST_RESULTS_DIR: /Users/marcoreis/b166er/build/rosserial_python/test_results
[36m--[0m Found gtest: gtests will be built
[36m--[0m Using Python nosetests: /Users/marcoreis/miniforge3/envs/ros_env11/bin/nosetests
[36m--[0m catkin 0.8.10
[36m--[0m BUILD_SHARED_LIBS is on
[36m--[0m Installing devel-space wrapper /Users/marcoreis/b166er/src/rosserial/rosserial_python/nodes/message_info_service.py to /Users/marcoreis/b166er/devel/.private/rosserial_python/lib/rosserial_python
[36m--[0m Installing devel-space wrapper /Users/marcoreis/b166er/src/rosserial/rosserial_python/nodes/serial_node.py to /Users/marcoreis/b166er/devel/.private/rosserial_python/lib/rosserial_python
[36m--[0m Configuring done (6.9s)
[36m--[0m Generating done (0.0s)
[36m--[0m Build files have been written to: /Users/marcoreis/b166er/build/rosserial_python
