[31mWARNING: disk usage in log directory [/home/marco/.ros/log] is over 1GB.
It's recommended that you use the 'rosclean' command.[0m
the rosdep view is empty: call 'sudo rosdep init' and 'rosdep update'
[WARN] [1790792450.830301, 511.306000]: [mission] SEARCH: ajuste não convergiu em 8s (raio 0.57) — amostrando assim mesmo
[WARN] [1790792461.931906, 522.250000]: [mission] SEARCH: 5 de 25 amostras descartadas como outlier (>0.15 m ou >0.20 rad da mediana)
[ERROR] [1790792504.184002, 563.814000]: [mission] REFINE: só 0 amostras da tag
[WARN] [1790792504.185352, 563.816000]: [mission] REFINE: tag não visível no standoff — seguindo com a estimativa da aproximação (erro típico ~13 mm com a tag de 220 mm)
[INFO] [1790792434.859409, 495.547000]: garra_dx = 0.000 m (fechada)
[INFO] [1790792434.956591, 495.645000]: State machine starting in initial state 'STOW_INIT' with userdata: 
	[]
[INFO] [1790792435.260377, 495.948000]: [mission] pose de partida registrada: (0.01, 1.00, -0.00 rad)
[INFO] [1790792435.261220, 495.949000]: [mission] postura "stow_home" comandada: [0.0, 1.13, -1.04, -1.8, 0.0]
[INFO] [1790792435.361915, 496.049000]: State machine transitioning 'STOW_INIT':'ok'-->'SEARCH'
[INFO] [1790792435.364365, 496.051000]: [mission] postura "search" comandada: [0.0, 1.0, -1.0, 0.0, 0.0]
[INFO] [1790792441.445058, 502.052000]: [mission] SEARCH — girando à procura da tag...
[INFO] [1790792441.446591, 502.053000]: [mission] SEARCH: amostra quando a tag estiver a raio 0.35-0.50 do quadro (vista oblíqua; omega fina 0.15 rad/s)
[INFO] [1790792442.656718, 503.254000]: [mission] SEARCH: tag a raio 0.97 — girando até <= 0.50
[INFO] [1790792450.834252, 511.310000]: [mission] tag avistada — parando para medir
[INFO] [1790792451.852626, 512.319000]: [mission] âncora engatada (coleta do SEARCH)
[INFO] [1790792451.854436, 512.321000]: [mission] SEARCH: coleta com dither ±0.05 rad/s (período 3.0 s)
[INFO] [1790792461.908166, 522.231000]: [mission] âncora solta — 21 correções de deriva
[INFO] [1790792461.911047, 522.234000]: [mission] SEARCH: âncora corrigiu a deriva 21 vez(es) durante a coleta
[INFO] [1790792461.935014, 522.256000]: [mission] SEARCH: 20 amostras — parede (0.016, 3.102, -0.006) yaw=3.001
[INFO] [1790792461.938026, 522.259000]: [mission] parede localizada em (0.016, 3.102, -0.006)
[INFO] [1790792461.946059, 522.267000]: State machine transitioning 'SEARCH':'found'-->'APPROACH'
[INFO] [1790792461.947732, 522.269000]: [mission] APPROACH etapa 1/2 — 1.30 m do olhal, alvo (0.01, 1.66, 1.43 rad)
[INFO] [1790792461.949009, 522.270000]: [mission] teto por postura ativo no drive: v<=0.17 w<=0.50 rampa 0.45/1.52
[INFO] [1790792465.909524, 526.170000]: [mission] APPROACH: alinhado, avançando (0.76 m)
[INFO] [1790792472.183546, 532.370000]: [mission] APPROACH: chegou, ajustando heading final
[INFO] [1790792472.234220, 532.420000]: [mission] teto por postura ativo no drive: v<=0.17 w<=0.50 rampa 0.45/1.52
[INFO] [1790792473.906295, 534.070000]: [mission] APPROACH: concluído
[INFO] [1790792474.933166, 535.076000]: [mission] âncora engatada (coleta do APPROACH/remedida)
[INFO] [1790792474.934590, 535.077000]: [mission] APPROACH/remedida: coleta com dither ±0.05 rad/s (período 3.0 s)
[INFO] [1790792476.077713, 536.211000]: [mission] âncora solta — 1 correções de deriva
[INFO] [1790792476.079062, 536.212000]: [mission] APPROACH/remedida: âncora corrigiu a deriva 1 vez(es) durante a coleta
[INFO] [1790792476.080803, 536.214000]: [mission] APPROACH/remedida: 10 amostras — parede (0.003, 2.997, -0.002) yaw=-3.124
[INFO] [1790792476.082389, 536.215000]: [mission] APPROACH etapa 2/2 — 0.88 m do olhal, alvo (0.39, 1.99, 1.59 rad)
[INFO] [1790792479.307584, 539.367000]: [mission] APPROACH: alinhado, avançando (0.57 m)
[INFO] [1790792479.354436, 539.417000]: [mission] teto por postura ativo no drive: v<=0.17 w<=0.50 rampa 0.45/1.52
[INFO] [1790792484.286650, 544.267000]: [mission] APPROACH: chegou, ajustando heading final
[INFO] [1790792488.844849, 548.767000]: [mission] APPROACH: concluído
[INFO] [1790792488.855822, 548.777000]: State machine transitioning 'APPROACH':'arrived'-->'REFINE'
[INFO] [1790792488.858851, 548.780000]: [mission] REFINE — remedindo a parede de perto (10 amostras)
[INFO] [1790792488.866992, 548.788000]: [mission] âncora engatada (coleta do REFINE)
[INFO] [1790792488.868969, 548.790000]: [mission] REFINE: coleta com dither ±0.05 rad/s (período 3.0 s)
[INFO] [1790792504.179938, 563.810000]: [mission] âncora solta — 18 correções de deriva
[INFO] [1790792504.182732, 563.813000]: [mission] REFINE: âncora corrigiu a deriva 18 vez(es) durante a coleta
[INFO] [1790792504.186683, 563.817000]: [mission] olhal estimado em (0.206, 2.871, 0.803)
[INFO] [1790792504.194092, 563.824000]: State machine transitioning 'REFINE':'ok'-->'DEPLOY'
[INFO] [1790792504.196213, 563.826000]: [mission] DEPLOY: IK resolvida para a POSE DE MANIPULAÇÃO (0.22, 2.25, 1.59 rad), não para a atual
[INFO] [1790792508.886030, 565.660000]: [mission] DEPLOY: IK nivelada 0.0714 m, só eixo 0.0013 m — a MISSÃO INTEIRA usa "eixo"
[INFO] [1790792508.889963, 568.514000]: [mission] DEPLOY: IK da ponta resolvida (resíduo 0.0013 m, degrau 0.4°) — pré-posicionando em [-10.9 -46.8  60.   78.6  79.1] graus
[INFO] [1790792515.937114, 575.415000]: [mission] plano de exclusão publicado: parede em [ 3.000e-03  2.997e+00 -2.000e-03], normal segura [ 0.018 -1.     0.   ]
[INFO] [1790792516.154441, 575.626000]: [mission] teto por postura ativo no drive: v<=0.23 w<=0.50 rampa 0.52/1.64
[INFO] [1790792520.150707, 579.575000]: [mission] DEPLOY/aproxima: alinhado, avançando (0.41 m)
[INFO] [1790792524.422997, 583.775000]: [mission] DEPLOY/aproxima: chegou, ajustando heading final
[INFO] [1790792529.571559, 588.825000]: [mission] DEPLOY/aproxima: concluído
[INFO] [1790792529.573269, 588.827000]: State machine transitioning 'DEPLOY':'ok'-->'MANIPULATE'
[INFO] [1790792529.575485, 588.829000]: [mission] fase "orienta": modo IK iterativa (YAML)
[INFO] [1790792529.580228, 588.834000]: [mission] âncora engatada (fase "orienta")
[INFO] [1790792531.715347, 590.937000]: [mission] fase "orienta" it0: ponta (0.304, 2.725, 0.810) erro=0.0061 | degrau eixo 0.1° | rolagem 0.1° | IK pediu [-16.2 -39.   45.8  82.5  78.8] | faltou [0. 0. 0. 0. 0.] graus
[INFO] [1790792531.719442, 590.941000]: [mission] fase "orienta" alcançada em 1 iteração(ões) (0.0061 m)
[INFO] [1790792532.239146, 591.449000]: [mission] fase "aproxima_lateral": modo IK iterativa (YAML)
[INFO] [1790792532.241496, 591.451000]: [mission] âncora engatada (fase "aproxima_lateral")
[INFO] [1790792536.314437, 595.477000]: [mission] fase "aproxima_lateral" it0: ponta (0.295, 2.879, 0.809) erro=0.0080 | degrau eixo 3.3° | rolagem 3.4° | IK pediu [-13.  -14.4   0.1  82.3  81.7] | faltou [ 0.  -0.3 -0.2 -0.1  0. ] graus
[INFO] [1790792536.316067, 595.478000]: [mission] fase "aproxima_lateral" it0: no frame da parede eixo=-1.0 prof=+6.6 alt=+4.4 mm (tolerância 40/8/5)
[INFO] [1790792536.316979, 595.479000]: [mission] âncora solta — 1 correções de deriva
[INFO] [1790792536.317780, 595.480000]: [mission] fase "aproxima_lateral" alcançada em 1 iteração(ões) (0.0080 m) — âncora corrigiu 1 vez(es)
[INFO] [1790792536.825959, 595.984000]: [mission] fase "atravessa": modo IK iterativa (YAML)
[INFO] [1790792536.832061, 595.989000]: [mission] âncora engatada (fase "atravessa")
[INFO] [1790792538.666775, 597.796000]: [mission] fase "atravessa" it0: ponta (0.217, 2.874, 0.810) erro=0.0057 | degrau eixo 0.6° | rolagem 0.7° | IK pediu [ -6.  -15.2   0.8  84.8  88.3] | faltou [-0.4 -0.3 -0.2 -0.1 -0.1] graus
[INFO] [1790792538.670357, 597.800000]: [mission] fase "atravessa" it0: no frame da parede eixo=+3.5 prof=+3.1 alt=+3.4 mm (tolerância 8/6/5)
[INFO] [1790792538.672812, 597.802000]: [mission] fase "atravessa" alcançada em 1 iteração(ões) (0.0057 m)
[INFO] [1790792539.193105, 598.309000]: [mission] fase "captura": modo IK iterativa (YAML)
[INFO] [1790792539.195241, 598.311000]: [mission] âncora engatada (fase "captura")
[INFO] [1790792540.771401, 599.843000]: [mission] fase "captura" it0: ponta (0.210, 2.874, 0.790) erro=0.0063 | degrau eixo 0.4° | rolagem 0.5° | IK pediu [ -5.4 -17.7   0.8  86.8  88.9] | faltou [-0.5 -0.1 -0.4 -0.7 -0.2] graus
[INFO] [1790792540.776368, 599.848000]: [mission] fase "captura" it0: no frame da parede eixo=+4.7 prof=+3.3 alt=+2.8 mm (tolerância 40/6/10)
[INFO] [1790792540.779539, 599.852000]: [mission] fase "captura" alcançada em 1 iteração(ões) (0.0063 m)
[INFO] [1790792540.789646, 599.861000]: [mission] captura: ponta registrada em eixo=-4.7 prof=-3.3 alt=-12.8 mm (zero da descida do destrava e da deriva de eixo)
[INFO] [1790792541.306090, 600.362000]: [mission] fase "destrava": alvo em altura relativo à captura: -32.8 mm (captura -12.8 − curso 18 − margem 2)
[WARN] [1790792559.874104, 618.618000]: [mission] RETRACT: ponta a 0.141 m do olhal — saindo em degraus: sobe 30 mm, 120 mm pelo eixo do furo, 100 mm para fora, antes de recolher
[INFO] [1790792541.307694, 600.363000]: [mission] fase "destrava": modo whole-body/Fuzzy (YAML)
[INFO] [1790792541.515270, 600.566000]: [mission] plano de exclusão publicado: parede em [ 3.000e-03  2.997e+00 -2.000e-03], normal segura [ 0.018 -1.     0.   ]
[INFO] [1790792541.828842, 600.871000]: [mission] fase "destrava": whole-body assumiu (base livre, restrita pelo plano de exclusão)
[INFO] [1790792541.833383, 600.875000]: [mission] fase "destrava": whole-body a 0.0190 m do alvo — eixo=+4.6 prof=+3.2 alt=-18.2 mm
[INFO] [1790792543.964379, 602.973000]: [mission] fase "destrava": whole-body a 0.0073 m do alvo — eixo=+4.5 prof=-2.2 alt=-5.3 mm
[INFO] [1790792546.100995, 605.073000]: [mission] fase "destrava": whole-body a 0.0056 m do alvo — eixo=+4.5 prof=-1.9 alt=-2.6 mm
[INFO] [1790792547.009204, 605.973000]: [mission] fase "destrava" alcançada por whole-body em 5.1s (0.0047 m) — no frame da parede eixo=+4.6 prof=+0.0 alt=-1.3 mm (tolerância 40/6/4)
[INFO] [1790792547.225561, 606.187000]: [mission] destrava: ponta desceu 19.0 mm desde a captura (critério observável) | lingueta 17.0 mm (só na simulação)
[INFO] [1790792547.227927, 606.189000]: [mission] destrava: lingueta em 17.0 mm — gatilho solto
[INFO] [1790792547.736364, 606.692000]: [mission] fase "libera": modo whole-body/Fuzzy (YAML)
[INFO] [1790792547.942620, 606.894000]: [mission] plano de exclusão publicado: parede em [ 3.000e-03  2.997e+00 -2.000e-03], normal segura [ 0.018 -1.     0.   ]
[INFO] [1790792548.247415, 607.198000]: [mission] fase "libera": whole-body assumiu (base livre, restrita pelo plano de exclusão)
[INFO] [1790792548.250478, 607.201000]: [mission] fase "libera": whole-body a 0.0286 m do alvo — eixo=+4.5 prof=+27.1 alt=+8.0 mm
[INFO] [1790792550.378349, 609.302000]: [mission] fase "libera": whole-body a 0.0094 m do alvo — eixo=+2.3 prof=+5.7 alt=+7.2 mm
[INFO] [1790792551.090624, 610.000000]: [mission] fase "libera" alcançada por whole-body em 2.8s (0.0031 m) — no frame da parede eixo=+2.2 prof=-2.0 alt=-0.9 mm (tolerância 40/8/6)
[INFO] [1790792551.826162, 610.705000]: [mission] fase "arco1"/puxa: RECUANDO 0.022 m só com as rodas
[INFO] [1790792552.292320, 611.156000]: [mission] fase "arco1"/puxa: concluído (0.023 m)
[INFO] [1790792552.293288, 611.157000]: [mission] fase "arco1": modo whole-body/Fuzzy (YAML)
[INFO] [1790792552.499433, 611.359000]: [mission] plano de exclusão publicado: parede em [ 3.000e-03  2.997e+00 -2.000e-03], normal segura [ 0.018 -1.     0.   ]
[INFO] [1790792552.805536, 611.664000]: [mission] fase "arco1": whole-body assumiu (base livre, restrita pelo plano de exclusão)
[INFO] [1790792552.806746, 611.665000]: [mission] fase "arco1": whole-body a 0.0056 m do alvo — eixo=+1.8 prof=-0.8 alt=-5.3 mm
[INFO] [1790792553.214432, 612.065000]: [mission] fase "arco1" alcançada por whole-body em 0.4s (0.0055 m) — no frame da parede eixo=+1.8 prof=-2.5 alt=-4.5 mm (tolerância 40/10/15)
[INFO] [1790792553.216939, 612.066000]: [mission] arco1: SOLTURA observável — recuo 57.6 mm desde a captura (mín 40) com deriva de eixo +2.9 mm → SOLTA
[INFO] [1790792553.425137, 612.274000]: [mission] waypoint de 15° — lâmina medida em 14.8° (abertura por CONTATO)
[INFO] [1790792553.935276, 612.774000]: [mission] fase "arco2"/puxa: RECUANDO 0.048 m só com as rodas
[INFO] [1790792554.858730, 613.675000]: [mission] fase "arco2"/puxa: concluído (0.050 m)
[INFO] [1790792554.860336, 613.676000]: [mission] fase "arco2": modo whole-body/Fuzzy (YAML)
[INFO] [1790792555.068913, 613.879000]: [mission] plano de exclusão publicado: parede em [ 3.000e-03  2.997e+00 -2.000e-03], normal segura [ 0.018 -1.     0.   ]
[INFO] [1790792555.376340, 614.182000]: [mission] fase "arco2": whole-body assumiu (base livre, restrita pelo plano de exclusão)
[INFO] [1790792555.379542, 614.185000]: [mission] fase "arco2": whole-body a 0.0182 m do alvo — eixo=+1.0 prof=+0.4 alt=-18.2 mm
[INFO] [1790792556.286270, 615.084000]: [mission] fase "arco2" alcançada por whole-body em 0.9s (0.0117 m) — no frame da parede eixo=+0.9 prof=-4.7 alt=-10.7 mm (tolerância 40/10/15)
[INFO] [1790792556.498030, 615.292000]: [mission] waypoint de 30° — lâmina medida em 30.0° (abertura por CONTATO)
[INFO] [1790792557.002609, 615.794000]: [mission] fase "desengata": modo IK iterativa (YAML)
[INFO] [1790792557.009539, 615.800000]: [mission] âncora engatada (fase "desengata")
[INFO] [1790792558.945558, 617.708000]: [mission] fase "desengata" it0: ponta (0.299, 2.780, 0.747) erro=0.0089 | degrau eixo 3.4° | rolagem 3.6° | IK pediu [-12.3 -22.   -0.   88.1  82.2] | faltou [-0.1 -0.2 -0.3 -0.4  0. ] graus
[INFO] [1790792558.947190, 617.710000]: [mission] fase "desengata" alcançada em 1 iteração(ões) (0.0089 m)
[INFO] [1790792559.463154, 618.216000]: [mission] MANIPULATE concluída — chave ABERTA, lâmina medida em 30.1°
[INFO] [1790792559.464390, 618.217000]: State machine transitioning 'MANIPULATE':'done'-->'RETRACT'
[INFO] [1790792559.880699, 618.625000]: [mission] âncora engatada (fase "saida_sobe")
[INFO] [1790792561.518358, 620.232000]: [mission] fase "saida_sobe" it0: ponta (0.300, 2.789, 0.773) erro=0.0080 | degrau eixo 3.4° | rolagem 3.5° | IK pediu [-12.3 -18.9   0.   86.2  81.9] | faltou [ 0.  -0.4 -0.2 -0.   0. ] graus
[INFO] [1790792561.520499, 620.234000]: [mission] fase "saida_sobe" it0: no frame da parede eixo=+0.8 prof=+6.8 alt=+4.3 mm (tolerância 30/20/10)
[INFO] [1790792561.521813, 620.235000]: [mission] fase "saida_sobe" alcançada em 1 iteração(ões) (0.0080 m)
[INFO] [1790792561.524539, 620.238000]: [mission] âncora engatada (fase "saida_eixo")
[INFO] [1790792563.573927, 622.242000]: [mission] fase "saida_eixo" it0: ponta (0.420, 2.792, 0.772) erro=0.0094 | degrau eixo 8.6° | rolagem 9.0° | IK pediu [-22.3 -17.5   0.   80.1  73.1] | faltou [ 0.  -0.2 -0.3 -0.4  0. ] graus
[INFO] [1790792563.576530, 622.244000]: [mission] fase "saida_eixo" it0: no frame da parede eixo=+0.6 prof=+7.8 alt=+5.2 mm (tolerância 20/20/15)
[INFO] [1790792563.578212, 622.246000]: [mission] fase "saida_eixo" alcançada em 1 iteração(ões) (0.0094 m)
[INFO] [1790792563.585317, 622.253000]: [mission] âncora engatada (fase "saida_fora")
[INFO] [1790792566.326931, 624.961000]: [mission] fase "saida_fora" it0: ponta (0.421, 2.690, 0.775) erro=0.0060 | degrau eixo 3.2° | rolagem 3.6° | IK pediu [-25.7 -21.5   0.  103.   67.9] | faltou [ 0.1 -0.1 -0.3 -0.5  0. ] graus
[INFO] [1790792566.329819, 624.964000]: [mission] fase "saida_fora" it0: no frame da parede eixo=-0.3 prof=+5.7 alt=+1.9 mm (tolerância 30/20/20)
[INFO] [1790792566.331757, 624.966000]: [mission] âncora solta — 1 correções de deriva
[INFO] [1790792566.333414, 624.968000]: [mission] fase "saida_fora" alcançada em 1 iteração(ões) (0.0060 m) — âncora corrigiu 1 vez(es)
[INFO] [1790792566.335001, 624.969000]: [mission] RETRACT/afasta: RECUANDO 0.250 m só com as rodas
[INFO] [1790792570.893860, 629.471000]: [mission] RETRACT/afasta: concluído (0.250 m)
[INFO] [1790792570.896193, 629.473000]: [mission] postura "stow_home" comandada: [0.0, 1.13, -1.04, -1.8, 0.0]
[INFO] [1790792583.096893, 641.475000]: State machine transitioning 'RETRACT':'ok'-->'RETURN'
[INFO] [1790792583.098518, 641.476000]: [mission] RETURN — voltando a (0.01, 1.00, -0.00 rad)
[INFO] [1790792595.786255, 653.977000]: [mission] RETURN: alinhado, avançando (1.18 m)
[INFO] [1790792595.838274, 654.027000]: [mission] teto por postura ativo no drive: v<=0.23 w<=0.50 rampa 0.51/1.51
[INFO] [1790792604.924906, 662.977000]: [mission] RETURN: chegou, ajustando heading final
[INFO] [1790792604.975403, 663.027000]: [mission] teto por postura ativo no drive: v<=0.22 w<=0.50 rampa 0.51/1.52
[INFO] [1790792611.864124, 669.827000]: [mission] RETURN: concluído
[INFO] [1790792611.866045, 669.829000]: State machine terminating 'RETURN':'home':'MISSION_OK'
[INFO] [1790792611.867779, 669.831000]: [mission] resultado: MISSION_OK
... logging to /home/marco/.ros/log/6face59e-bcfa-11f1-b39b-b025aa85b2a2/roslaunch-shiroi-2088457.log
Checking log directory for disk usage. This may take a while.
Press Ctrl-C to interrupt
]2;/home/marco/b166er/src/b166er_whole_body_control/launch/chave_mission.launch
[1mstarted roslaunch server http://shiroi:40983/[0m

SUMMARY
========

PARAMETERS
 * /chave_mission/estado_final: 
 * /chave_mission/estado_inicial: STOW_INIT
 * /chave_mission/pausa_por_fase: False
 * /chave_mission/search_omega: 0.35
 * /chave_mission/standoff_distance: 0.62
 * /chave_mission/use_wholebody: False
 * /chave_seccionadora_task/aproxima_lateral/modo: ik
 * /chave_seccionadora_task/aproxima_lateral/offset_xyz_m: [-0.09, 0.0, 0.01]
 * /chave_seccionadora_task/aproxima_lateral/tol_xyz_m: [0.04, 0.008, 0.005]
 * /chave_seccionadora_task/arco1/blade_angle_deg: 15
 * /chave_seccionadora_task/arco1/deriva_eixo_max_m: 0.015
 * /chave_seccionadora_task/arco1/modo: wb
 * /chave_seccionadora_task/arco1/offset_xyz_m: [0.0, 0.0518, -0....
 * /chave_seccionadora_task/arco1/soltura_recuo_min_m: 0.04
 * /chave_seccionadora_task/arco1/tol_xyz_m: [0.04, 0.01, 0.015]
 * /chave_seccionadora_task/arco2/blade_angle_deg: 30
 * /chave_seccionadora_task/arco2/deriva_eixo_max_m: 0.015
 * /chave_seccionadora_task/arco2/modo: wb
 * /chave_seccionadora_task/arco2/offset_xyz_m: [0.0, 0.1, -0.0518]
 * /chave_seccionadora_task/arco2/tol_xyz_m: [0.04, 0.01, 0.015]
 * /chave_seccionadora_task/atravessa/modo: ik
 * /chave_seccionadora_task/atravessa/offset_xyz_m: [-0.008, 0.0, 0.01]
 * /chave_seccionadora_task/atravessa/tol_xyz_m: [0.008, 0.006, 0....
 * /chave_seccionadora_task/captura/modo: ik
 * /chave_seccionadora_task/captura/offset_xyz_m: [0.0, 0.0, -0.01]
 * /chave_seccionadora_task/captura/tol_xyz_m: [0.04, 0.006, 0.01]
 * /chave_seccionadora_task/desengata/modo: ik
 * /chave_seccionadora_task/desengata/offset_xyz_m: [-0.09, 0.1, -0.0...
 * /chave_seccionadora_task/destrava/curso_estagna_m: 0.01
 * /chave_seccionadora_task/destrava/curso_margem_m: 0.002
 * /chave_seccionadora_task/destrava/curso_min_m: 0.018
 * /chave_seccionadora_task/destrava/modo: wb
 * /chave_seccionadora_task/destrava/offset_xyz_m: [0.0, 0.0, -0.025]
 * /chave_seccionadora_task/destrava/tol_xyz_m: [0.04, 0.006, 0.004]
 * /chave_seccionadora_task/libera/deriva_eixo_max_m: 0.015
 * /chave_seccionadora_task/libera/modo: wb
 * /chave_seccionadora_task/libera/offset_xyz_m: [0.0, 0.03, -0.025]
 * /chave_seccionadora_task/libera/tol_xyz_m: [0.04, 0.008, 0.006]
 * /chave_seccionadora_task/orienta/modo: ik
 * /chave_seccionadora_task/orienta/offset_xyz_m: [-0.09, 0.15, 0.0...
 * /chave_seccionadora_task/reassenta_sobe/tol_xyz_m: [0.03, 0.02, 0.005]
 * /chave_seccionadora_task/saida_eixo/tol_xyz_m: [0.02, 0.02, 0.015]
 * /chave_seccionadora_task/saida_fora/tol_xyz_m: [0.03, 0.02, 0.02]
 * /chave_seccionadora_task/saida_sobe/tol_xyz_m: [0.03, 0.02, 0.01]
 * /chave_seccionadora_task/target_frame: chave_olhal_link
 * /fuzzy_wb_controller/fixed_gains: []
 * /rosdistro: noetic
 * /rosversion: 1.17.4

NODES
  /
    chave_mission (b166er_whole_body_control/chave_mission.py)

[1mROS_MASTER_URI=http://localhost:11311[0m
]2;/home/marco/b166er/src/b166er_whole_body_control/launch/chave_mission.launch http://localhost:11311
[1mprocess[chave_mission-1]: started with pid [2088501][0m
[1m[chave_mission-1] process has finished cleanly
log file: /home/marco/.ros/log/6face59e-bcfa-11f1-b39b-b025aa85b2a2/chave_mission-1*.log[0m
all processes on machine have died, roslaunch will exit
shutting down processing monitor...
... shutting down processing monitor complete
[1mdone[0m
