[31mWARNING: disk usage in log directory [/home/marco/.ros/log] is over 1GB.
It's recommended that you use the 'rosclean' command.[0m
the rosdep view is empty: call 'sudo rosdep init' and 'rosdep update'
[WARN] [1790803980.102261, 718.186000]: [mission] SEARCH: 6 de 25 amostras descartadas como outlier (>0.15 m ou >0.20 rad da mediana)
[ERROR] [1790804033.615239, 771.111000]: [mission] REFINE: só 0 amostras da tag
[WARN] [1790804033.616924, 771.113000]: [mission] REFINE: tag não visível no standoff — seguindo com a estimativa da aproximação (erro típico ~13 mm com a tag de 220 mm)
[INFO] [1790803959.375642, 697.693000]: garra_dx = 0.000 m (fechada)
[INFO] [1790803959.477145, 697.796000]: State machine starting in initial state 'STOW_INIT' with userdata: 
	[]
[INFO] [1790803959.780143, 698.097000]: [mission] pose de partida registrada: (0.00, 1.00, 0.01 rad)
[INFO] [1790803959.783103, 698.099000]: [mission] postura "stow_home" comandada: [0.0, 1.13, -1.04, -1.8, 0.0]
[INFO] [1790803959.886297, 698.203000]: State machine transitioning 'STOW_INIT':'ok'-->'SEARCH'
[INFO] [1790803959.888460, 698.205000]: [mission] postura "search" comandada: [0.0, 1.0, -1.0, 0.0, 0.0]
[INFO] [1790803965.953211, 704.207000]: [mission] SEARCH — girando à procura da tag...
[INFO] [1790803965.955173, 704.209000]: [mission] SEARCH: amostra quando a tag estiver a raio 0.35-0.50 do quadro (vista oblíqua; omega fina 0.15 rad/s)
[INFO] [1790803967.172211, 705.410000]: [mission] SEARCH: tag a raio 0.93 — girando até <= 0.50
[INFO] [1790803975.319890, 713.461000]: [mission] SEARCH: tag a raio 0.50 — parando
[INFO] [1790803975.322775, 713.464000]: [mission] tag avistada — parando para medir
[INFO] [1790803976.335472, 714.470000]: [mission] âncora engatada (coleta do SEARCH)
[INFO] [1790803976.337608, 714.472000]: [mission] SEARCH: coleta com dither ±0.05 rad/s (período 3.0 s)
[INFO] [1790803980.086386, 718.172000]: [mission] âncora solta — 6 correções de deriva
[INFO] [1790803980.088357, 718.174000]: [mission] SEARCH: âncora corrigiu a deriva 6 vez(es) durante a coleta
[INFO] [1790803980.103550, 718.189000]: [mission] SEARCH: 19 amostras — parede (0.029, 3.101, -0.001) yaw=2.852
[INFO] [1790803980.104500, 718.190000]: [mission] parede localizada em (0.029, 3.101, -0.001)
[INFO] [1790803980.109363, 718.195000]: State machine transitioning 'SEARCH':'found'-->'APPROACH'
[INFO] [1790803980.110778, 718.196000]: [mission] APPROACH etapa 1/2 — 1.30 m do olhal, alvo (-0.19, 1.67, 1.28 rad)
[INFO] [1790803980.112377, 718.198000]: [mission] teto por postura ativo no drive: v<=0.17 w<=0.50 rampa 0.45/1.52
[INFO] [1790803985.669460, 723.697000]: [mission] APPROACH: alinhado, avançando (0.89 m)
[INFO] [1790803985.720032, 723.747000]: [mission] teto por postura ativo no drive: v<=0.17 w<=0.50 rampa 0.45/1.51
[INFO] [1790803992.685891, 730.647000]: [mission] APPROACH: chegou, ajustando heading final
[INFO] [1790803992.736832, 730.697000]: [mission] teto por postura ativo no drive: v<=0.17 w<=0.50 rampa 0.45/1.52
[INFO] [1790803996.522752, 734.447000]: [mission] APPROACH: concluído
[INFO] [1790803997.541441, 735.450000]: [mission] âncora engatada (coleta do APPROACH/remedida)
[INFO] [1790803997.543210, 735.452000]: [mission] APPROACH/remedida: coleta com dither ±0.05 rad/s (período 3.0 s)
[INFO] [1790803998.689575, 736.584000]: [mission] âncora solta — 2 correções de deriva
[INFO] [1790803998.691190, 736.586000]: [mission] APPROACH/remedida: âncora corrigiu a deriva 2 vez(es) durante a coleta
[INFO] [1790803998.693053, 736.587000]: [mission] APPROACH/remedida: 10 amostras — parede (0.005, 2.995, -0.003) yaw=-3.120
[INFO] [1790803998.695389, 736.590000]: [mission] APPROACH etapa 2/2 — 0.88 m do olhal, alvo (0.40, 1.99, 1.59 rad)
[INFO] [1790803998.698170, 736.592000]: [mission] teto por postura ativo no drive: v<=0.17 w<=0.50 rampa 0.45/1.52
[INFO] [1790804003.699392, 741.542000]: [mission] APPROACH: alinhado, avançando (0.78 m)
[INFO] [1790804003.805864, 741.642000]: [mission] teto por postura ativo no drive: v<=0.17 w<=0.50 rampa 0.45/1.52
[INFO] [1790804010.124888, 747.892000]: [mission] APPROACH: chegou, ajustando heading final
[INFO] [1790804010.174864, 747.942000]: [mission] teto por postura ativo no drive: v<=0.17 w<=0.50 rampa 0.45/1.52
[INFO] [1790804018.403715, 756.092000]: [mission] APPROACH: concluído
[INFO] [1790804018.413925, 756.101000]: State machine transitioning 'APPROACH':'arrived'-->'REFINE'
[INFO] [1790804018.417239, 756.104000]: [mission] REFINE — remedindo a parede de perto (10 amostras)
[INFO] [1790804018.422264, 756.109000]: [mission] âncora engatada (coleta do REFINE)
[INFO] [1790804018.423115, 756.110000]: [mission] REFINE: coleta com dither ±0.05 rad/s (período 3.0 s)
[INFO] [1790804033.611426, 771.107000]: [mission] âncora solta — 28 correções de deriva
[INFO] [1790804033.613189, 771.109000]: [mission] REFINE: âncora corrigiu a deriva 28 vez(es) durante a coleta
[INFO] [1790804033.618131, 771.114000]: [mission] olhal estimado em (0.207, 2.869, 0.802)
[INFO] [1790804033.623982, 771.120000]: State machine transitioning 'REFINE':'ok'-->'DEPLOY'
[INFO] [1790804033.626438, 771.122000]: [mission] DEPLOY: IK resolvida para a POSE DE MANIPULAÇÃO (0.22, 2.25, 1.59 rad), não para a atual
[INFO] [1790804038.258741, 774.778000]: [mission] DEPLOY: IK nivelada 0.0716 m, só eixo 0.0013 m — a MISSÃO INTEIRA usa "eixo"
[INFO] [1790804038.261444, 775.752000]: [mission] DEPLOY: IK da ponta resolvida (resíduo 0.0013 m, degrau 0.3°) — pré-posicionando em [-10.9 -46.9  60.   78.7  79.1] graus
[INFO] [1790804045.259808, 782.654000]: [mission] plano de exclusão publicado: parede em [ 0.005  2.995 -0.003], normal segura [ 0.022 -1.     0.   ]
[INFO] [1790804045.471948, 782.864000]: [mission] teto por postura ativo no drive: v<=0.23 w<=0.50 rampa 0.52/1.64
[INFO] [1790804048.668963, 786.014000]: [mission] DEPLOY/aproxima: alinhado, avançando (0.42 m)
[INFO] [1790804052.654390, 789.964000]: [mission] DEPLOY/aproxima: chegou, ajustando heading final
[INFO] [1790804055.879536, 793.164000]: [mission] DEPLOY/aproxima: concluído
[INFO] [1790804055.882174, 793.167000]: State machine transitioning 'DEPLOY':'ok'-->'MANIPULATE'
[INFO] [1790804055.884484, 793.169000]: [mission] fase "orienta": modo IK iterativa (YAML)
[INFO] [1790804055.888398, 793.173000]: [mission] âncora engatada (fase "orienta")
[INFO] [1790804058.734884, 795.976000]: [mission] fase "orienta" it0: ponta (0.302, 2.725, 0.810) erro=0.0038 | degrau eixo 0.1° | rolagem 0.1° | IK pediu [-18.7 -33.3  34.2  88.6  76.2] | faltou [0. 0. 0. 0. 0.] graus
[INFO] [1790804058.737709, 795.979000]: [mission] fase "orienta" alcançada em 1 iteração(ões) (0.0038 m)
[INFO] [1790804059.246269, 796.485000]: [mission] fase "aproxima_lateral": modo IK iterativa (YAML)
[INFO] [1790804059.249616, 796.488000]: [mission] âncora engatada (fase "aproxima_lateral")
[INFO] [1790804062.696071, 799.894000]: [mission] fase "aproxima_lateral" it0: ponta (0.297, 2.868, 0.808) erro=0.0068 | degrau eixo 4.3° | rolagem 4.5° | IK pediu [-15.6 -14.1   0.   80.9  79.8] | faltou [ 0.  -0.3 -0.2 -0.1  0. ] graus
[INFO] [1790804062.699816, 799.898000]: [mission] fase "aproxima_lateral" it0: no frame da parede eixo=-0.5 prof=+5.0 alt=+4.6 mm (tolerância 40/8/5)
[INFO] [1790804062.701229, 799.899000]: [mission] âncora solta — 1 correções de deriva
[INFO] [1790804062.702600, 799.901000]: [mission] fase "aproxima_lateral" alcançada em 1 iteração(ões) (0.0068 m) — âncora corrigiu 1 vez(es)
[INFO] [1790804063.218539, 800.407000]: [mission] fase "atravessa": modo IK iterativa (YAML)
[INFO] [1790804063.222937, 800.411000]: [mission] âncora engatada (fase "atravessa")
[INFO] [1790804064.969696, 802.143000]: [mission] fase "atravessa" it0: ponta (0.215, 2.866, 0.808) erro=0.0064 | degrau eixo 1.4° | rolagem 1.5° | IK pediu [ -8.7 -14.8   0.3  83.9  86.2] | faltou [-0.  -0.2 -0.3 -0.3 -0. ] graus
[INFO] [1790804064.971370, 802.145000]: [mission] fase "atravessa" it0: no frame da parede eixo=-0.8 prof=+4.8 alt=+4.0 mm (tolerância 8/6/5)
[INFO] [1790804064.972436, 802.146000]: [mission] fase "atravessa" alcançada em 1 iteração(ões) (0.0064 m)
[INFO] [1790804065.481698, 802.649000]: [mission] fase "captura": modo IK iterativa (YAML)
[INFO] [1790804065.487339, 802.654000]: [mission] âncora engatada (fase "captura")
[INFO] [1790804067.003276, 804.158000]: [mission] fase "captura" it0: ponta (0.211, 2.872, 0.789) erro=0.0057 | degrau eixo 1.3° | rolagem 1.4° | IK pediu [ -8.  -16.8  -0.1  84.1  86.9] | faltou [-0.3 -0.3 -0.3 -0.3 -0.1] graus
[INFO] [1790804067.007689, 804.162000]: [mission] fase "captura" it0: no frame da parede eixo=+3.5 prof=+3.1 alt=+3.3 mm (tolerância 40/6/10)
[WARN] [1790804070.567578, 807.681000]: [mission] fase "destrava": descida estagnou em 12.2 mm (mín 10 para aceitar; alvo 18) — fim de curso do mecanismo, fechando a fase
[WARN] [1790804070.783777, 807.891000]: [mission] destrava: lingueta em 9.8 mm (esperado ≥ 12) — o gatilho pode não ter soltado
[WARN] [1790804082.886424, 819.876000]: [mission] RETRACT: ponta a 0.144 m do olhal — saindo em degraus: sobe 30 mm, 120 mm pelo eixo do furo, 100 mm para fora, antes de recolher
[INFO] [1790804067.010022, 804.165000]: [mission] fase "captura" alcançada em 1 iteração(ões) (0.0057 m)
[INFO] [1790804067.016528, 804.171000]: [mission] captura: ponta registrada em eixo=-3.5 prof=-3.1 alt=-13.3 mm (zero da descida do destrava e da deriva de eixo)
[INFO] [1790804067.523036, 804.673000]: [mission] fase "destrava": alvo em altura relativo à captura: -33.3 mm (captura -13.3 − curso 18 − margem 2)
[INFO] [1790804067.524631, 804.674000]: [mission] fase "destrava": modo whole-body/Fuzzy (YAML)
[INFO] [1790804067.731976, 804.876000]: [mission] plano de exclusão publicado: parede em [ 0.005  2.995 -0.003], normal segura [ 0.022 -1.     0.   ]
[INFO] [1790804068.042161, 805.179000]: [mission] fase "destrava": whole-body assumiu (base livre, restrita pelo plano de exclusão)
[INFO] [1790804068.045975, 805.181000]: [mission] fase "destrava": whole-body a 0.0182 m do alvo — eixo=+3.4 prof=+2.7 alt=-17.7 mm
[INFO] [1790804070.162937, 807.281000]: [mission] fase "destrava": whole-body a 0.0072 m do alvo — eixo=+2.7 prof=-3.0 alt=-6.0 mm
[INFO] [1790804070.781270, 807.889000]: [mission] destrava: ponta desceu 12.0 mm desde a captura (critério observável) | lingueta 9.8 mm (só na simulação)
[INFO] [1790804071.297038, 808.395000]: [mission] fase "libera": modo whole-body/Fuzzy (YAML)
[INFO] [1790804071.500000, 808.596000]: [mission] plano de exclusão publicado: parede em [ 0.005  2.995 -0.003], normal segura [ 0.022 -1.     0.   ]
[INFO] [1790804071.802115, 808.898000]: [mission] fase "libera": whole-body assumiu (base livre, restrita pelo plano de exclusão)
[INFO] [1790804072.205214, 809.299000]: [mission] fase "libera": whole-body a 0.0248 m do alvo — eixo=+2.1 prof=+24.0 alt=+5.9 mm
[INFO] [1790804074.313279, 811.399000]: [mission] fase "libera": whole-body a 0.0018 m do alvo — eixo=+0.5 prof=-1.7 alt=-0.1 mm
[INFO] [1790804074.413634, 811.499000]: [mission] fase "libera" alcançada por whole-body em 2.6s (0.0020 m) — no frame da parede eixo=+0.5 prof=-2.0 alt=-0.4 mm (tolerância 40/8/6)
[INFO] [1790804075.134220, 812.205000]: [mission] fase "arco1"/puxa: RECUANDO 0.022 m só com as rodas
[INFO] [1790804075.591481, 812.656000]: [mission] fase "arco1"/puxa: concluído (0.024 m)
[INFO] [1790804075.593385, 812.658000]: [mission] fase "arco1": modo whole-body/Fuzzy (YAML)
[INFO] [1790804075.795589, 812.859000]: [mission] plano de exclusão publicado: parede em [ 0.005  2.995 -0.003], normal segura [ 0.022 -1.     0.   ]
[INFO] [1790804076.111638, 813.161000]: [mission] fase "arco1": whole-body assumiu (base livre, restrita pelo plano de exclusão)
[INFO] [1790804076.411582, 813.462000]: [mission] fase "arco1": whole-body a 0.0061 m do alvo — eixo=+0.2 prof=-1.5 alt=-5.9 mm
[INFO] [1790804076.512775, 813.563000]: [mission] fase "arco1" alcançada por whole-body em 0.4s (0.0055 m) — no frame da parede eixo=+0.2 prof=-1.0 alt=-5.4 mm (tolerância 40/10/15)
[INFO] [1790804076.515126, 813.565000]: [mission] arco1: SOLTURA observável — recuo 55.9 mm desde a captura (mín 40) com deriva de eixo +3.2 mm → SOLTA
[INFO] [1790804076.727703, 813.774000]: [mission] waypoint de 15° — lâmina medida em 15.9° (abertura por CONTATO)
[INFO] [1790804077.231145, 814.276000]: [mission] fase "arco2"/puxa: RECUANDO 0.048 m só com as rodas
[INFO] [1790804078.192822, 815.227000]: [mission] fase "arco2"/puxa: concluído (0.050 m)
[INFO] [1790804078.195145, 815.229000]: [mission] fase "arco2": modo whole-body/Fuzzy (YAML)
[INFO] [1790804078.399243, 815.432000]: [mission] plano de exclusão publicado: parede em [ 0.005  2.995 -0.003], normal segura [ 0.022 -1.     0.   ]
[INFO] [1790804078.702196, 815.736000]: [mission] fase "arco2": whole-body assumiu (base livre, restrita pelo plano de exclusão)
[INFO] [1790804078.704341, 815.738000]: [mission] fase "arco2": whole-body a 0.0172 m do alvo — eixo=+2.2 prof=-3.5 alt=-16.7 mm
[INFO] [1790804079.406757, 816.437000]: [mission] fase "arco2" alcançada por whole-body em 0.7s (0.0117 m) — no frame da parede eixo=+3.4 prof=-3.6 alt=-10.6 mm (tolerância 40/10/15)
[INFO] [1790804079.621150, 816.648000]: [mission] waypoint de 30° — lâmina medida em 30.5° (abertura por CONTATO)
[INFO] [1790804080.127130, 817.149000]: [mission] fase "desengata": modo IK iterativa (YAML)
[INFO] [1790804080.130206, 817.152000]: [mission] âncora engatada (fase "desengata")
[INFO] [1790804081.958683, 818.955000]: [mission] fase "desengata" it0: ponta (0.301, 2.776, 0.745) erro=0.0076 | degrau eixo 4.9° | rolagem 5.1° | IK pediu [-14.4 -20.9  -0.   82.6  80.8] | faltou [ 0.1 -0.2 -0.4 -0.4  0. ] graus
[INFO] [1790804081.962137, 818.959000]: [mission] fase "desengata" alcançada em 1 iteração(ões) (0.0076 m)
[INFO] [1790804082.478513, 819.472000]: [mission] MANIPULATE concluída — chave ABERTA, lâmina medida em 30.8°
[INFO] [1790804082.480597, 819.474000]: State machine transitioning 'MANIPULATE':'done'-->'RETRACT'
[INFO] [1790804082.888620, 819.878000]: [mission] âncora engatada (fase "saida_sobe")
[INFO] [1790804084.515580, 821.480000]: [mission] fase "saida_sobe" it0: ponta (0.304, 2.783, 0.770) erro=0.0075 | degrau eixo 4.9° | rolagem 5.0° | IK pediu [-14.4 -17.9   0.   80.7  80.4] | faltou [ 0.  -0.3 -0.3 -0.2  0. ] graus
[INFO] [1790804084.519206, 821.484000]: [mission] fase "saida_sobe" it0: no frame da parede eixo=+2.0 prof=+5.1 alt=+5.2 mm (tolerância 30/20/10)
[INFO] [1790804084.520763, 821.485000]: [mission] fase "saida_sobe" alcançada em 1 iteração(ões) (0.0075 m)
[INFO] [1790804084.525889, 821.490000]: [mission] âncora engatada (fase "saida_eixo")
[INFO] [1790804086.467493, 823.416000]: [mission] fase "saida_eixo" it0: ponta (0.423, 2.785, 0.769) erro=0.0077 | degrau eixo 11.0° | rolagem 11.5° | IK pediu [-23.8 -15.9   0.   72.7  72.7] | faltou [ 0.2 -0.3 -0.4 -0.5 -0. ] graus
[INFO] [1790804086.470472, 823.419000]: [mission] fase "saida_eixo" it0: no frame da parede eixo=+1.3 prof=+4.8 alt=+5.9 mm (tolerância 20/20/15)
[INFO] [1790804086.472206, 823.421000]: [mission] fase "saida_eixo" alcançada em 1 iteração(ões) (0.0077 m)
[INFO] [1790804086.477956, 823.427000]: [mission] âncora engatada (fase "saida_fora")
[INFO] [1790804089.231561, 826.131000]: [mission] fase "saida_fora" it0: ponta (0.425, 2.683, 0.774) erro=0.0034 | degrau eixo 5.9° | rolagem 6.2° | IK pediu [-27.1 -20.9   0.   96.1  67. ] | faltou [-0.  -0.2 -0.3 -0.4  0. ] graus
[INFO] [1790804089.234834, 826.135000]: [mission] fase "saida_fora" it0: no frame da parede eixo=+0.5 prof=+2.9 alt=+1.7 mm (tolerância 30/20/20)
[INFO] [1790804089.237527, 826.138000]: [mission] fase "saida_fora" alcançada em 1 iteração(ões) (0.0034 m)
[INFO] [1790804089.238906, 826.139000]: [mission] RETRACT/afasta: RECUANDO 0.250 m só com as rodas
[INFO] [1790804093.751213, 830.590000]: [mission] RETRACT/afasta: concluído (0.254 m)
[INFO] [1790804093.753437, 830.592000]: [mission] postura "stow_home" comandada: [0.0, 1.13, -1.04, -1.8, 0.0]
[INFO] [1790804105.492625, 842.193000]: State machine transitioning 'RETRACT':'ok'-->'RETURN'
[INFO] [1790804105.495187, 842.195000]: [mission] RETURN — voltando a (0.00, 1.00, 0.01 rad)
[INFO] [1790804119.075682, 855.597000]: [mission] RETURN: alinhado, avançando (1.14 m)
[INFO] [1790804119.125909, 855.647000]: [mission] teto por postura ativo no drive: v<=0.23 w<=0.50 rampa 0.51/1.51
[INFO] [1790804127.707542, 864.147000]: [mission] RETURN: chegou, ajustando heading final
[INFO] [1790804127.758127, 864.197000]: [mission] teto por postura ativo no drive: v<=0.23 w<=0.50 rampa 0.51/1.52
[INFO] [1790804134.790249, 871.147000]: [mission] RETURN: concluído
[INFO] [1790804134.792615, 871.150000]: State machine terminating 'RETURN':'home':'MISSION_OK'
[INFO] [1790804134.794348, 871.151000]: [mission] resultado: MISSION_OK
... logging to /home/marco/.ros/log/cc1c093a-bd14-11f1-87aa-b025aa85b2a2/roslaunch-shiroi-2246231.log
Checking log directory for disk usage. This may take a while.
Press Ctrl-C to interrupt
]2;/home/marco/b166er/src/b166er_whole_body_control/launch/chave_mission.launch
[1mstarted roslaunch server http://shiroi:34973/[0m

SUMMARY
========

PARAMETERS
 * /chave_mission/estado_final: 
 * /chave_mission/estado_inicial: STOW_INIT
 * /chave_mission/pausa_por_fase: False
 * /chave_mission/search_omega: 0.35
 * /chave_mission/standoff_distance: 0.62
 * /chave_mission/use_wholebody: False
 * /chave_seccionadora_task/aproxima_lateral/modo: ik
 * /chave_seccionadora_task/aproxima_lateral/offset_xyz_m: [-0.09, 0.008, 0.01]
 * /chave_seccionadora_task/aproxima_lateral/tol_xyz_m: [0.04, 0.008, 0.005]
 * /chave_seccionadora_task/arco1/blade_angle_deg: 15
 * /chave_seccionadora_task/arco1/deriva_eixo_max_m: 0.015
 * /chave_seccionadora_task/arco1/modo: wb
 * /chave_seccionadora_task/arco1/offset_xyz_m: [0.0, 0.0518, -0....
 * /chave_seccionadora_task/arco1/soltura_recuo_min_m: 0.04
 * /chave_seccionadora_task/arco1/tol_xyz_m: [0.04, 0.01, 0.015]
 * /chave_seccionadora_task/arco2/blade_angle_deg: 30
 * /chave_seccionadora_task/arco2/deriva_eixo_max_m: 0.015
 * /chave_seccionadora_task/arco2/modo: wb
 * /chave_seccionadora_task/arco2/offset_xyz_m: [0.0, 0.1, -0.0518]
 * /chave_seccionadora_task/arco2/tol_xyz_m: [0.04, 0.01, 0.015]
 * /chave_seccionadora_task/atravessa/modo: ik
 * /chave_seccionadora_task/atravessa/offset_xyz_m: [-0.008, 0.008, 0...
 * /chave_seccionadora_task/atravessa/tol_xyz_m: [0.008, 0.006, 0....
 * /chave_seccionadora_task/captura/modo: ik
 * /chave_seccionadora_task/captura/offset_xyz_m: [0.0, 0.0, -0.01]
 * /chave_seccionadora_task/captura/tol_xyz_m: [0.04, 0.006, 0.01]
 * /chave_seccionadora_task/desengata/modo: ik
 * /chave_seccionadora_task/desengata/offset_xyz_m: [-0.09, 0.1, -0.0...
 * /chave_seccionadora_task/destrava/curso_estagna_m: 0.01
 * /chave_seccionadora_task/destrava/curso_margem_m: 0.002
 * /chave_seccionadora_task/destrava/curso_min_m: 0.018
 * /chave_seccionadora_task/destrava/modo: wb
 * /chave_seccionadora_task/destrava/offset_xyz_m: [0.0, 0.0, -0.025]
 * /chave_seccionadora_task/destrava/tol_xyz_m: [0.04, 0.006, 0.004]
 * /chave_seccionadora_task/libera/deriva_eixo_max_m: 0.015
 * /chave_seccionadora_task/libera/modo: wb
 * /chave_seccionadora_task/libera/offset_xyz_m: [0.0, 0.03, -0.025]
 * /chave_seccionadora_task/libera/tol_xyz_m: [0.04, 0.008, 0.006]
 * /chave_seccionadora_task/orienta/modo: ik
 * /chave_seccionadora_task/orienta/offset_xyz_m: [-0.09, 0.15, 0.0...
 * /chave_seccionadora_task/reassenta_sobe/tol_xyz_m: [0.03, 0.02, 0.005]
 * /chave_seccionadora_task/saida_eixo/tol_xyz_m: [0.02, 0.02, 0.015]
 * /chave_seccionadora_task/saida_fora/tol_xyz_m: [0.03, 0.02, 0.02]
 * /chave_seccionadora_task/saida_sobe/tol_xyz_m: [0.03, 0.02, 0.01]
 * /chave_seccionadora_task/target_frame: chave_olhal_link
 * /fuzzy_wb_controller/fixed_gains: []
 * /rosdistro: noetic
 * /rosversion: 1.17.4

NODES
  /
    chave_mission (b166er_whole_body_control/chave_mission.py)

[1mROS_MASTER_URI=http://localhost:11311[0m
]2;/home/marco/b166er/src/b166er_whole_body_control/launch/chave_mission.launch http://localhost:11311
[1mprocess[chave_mission-1]: started with pid [2246275][0m
[1m[chave_mission-1] process has finished cleanly
log file: /home/marco/.ros/log/cc1c093a-bd14-11f1-87aa-b025aa85b2a2/chave_mission-1*.log[0m
all processes on machine have died, roslaunch will exit
shutting down processing monitor...
... shutting down processing monitor complete
[1mdone[0m
