[31mWARNING: disk usage in log directory [/home/marco/.ros/log] is over 1GB.
It's recommended that you use the 'rosclean' command.[0m
the rosdep view is empty: call 'sudo rosdep init' and 'rosdep update'
[WARN] [1790798432.125127, 4873.848000]: [mission] SEARCH: ajuste não convergiu em 8s (raio 0.62) — amostrando assim mesmo
[WARN] [1790798440.664620, 4882.282000]: [mission] SEARCH: 1 de 25 amostras descartadas como outlier (>0.15 m ou >0.20 rad da mediana)
[INFO] [1790798415.841519, 0.000000]: garra_dx = 0.000 m (fechada)
[INFO] [1790798415.868903, 4857.783000]: State machine starting in initial state 'STOW_INIT' with userdata: 
	[]
[INFO] [1790798416.172623, 4858.084000]: [mission] pose de partida registrada: (0.01, 1.00, -0.00 rad)
[INFO] [1790798416.174955, 4858.086000]: [mission] postura "stow_home" comandada: [0.0, 1.13, -1.04, -1.8, 0.0]
[INFO] [1790798416.276881, 4858.188000]: State machine transitioning 'STOW_INIT':'ok'-->'SEARCH'
[INFO] [1790798416.279184, 4858.190000]: [mission] postura "search" comandada: [0.0, 1.0, -1.0, 0.0, 0.0]
[INFO] [1790798422.354360, 4864.192000]: [mission] SEARCH — girando à procura da tag...
[INFO] [1790798422.356823, 4864.194000]: [mission] SEARCH: amostra quando a tag estiver a raio 0.35-0.50 do quadro (vista oblíqua; omega fina 0.15 rad/s)
[INFO] [1790798423.977255, 4865.796000]: [mission] SEARCH: tag a raio 0.97 — girando até <= 0.50
[INFO] [1790798432.127320, 4873.850000]: [mission] tag avistada — parando para medir
[INFO] [1790798433.145595, 4874.859000]: [mission] âncora engatada (coleta do SEARCH)
[INFO] [1790798433.147600, 4874.861000]: [mission] SEARCH: coleta com dither ±0.05 rad/s (período 3.0 s)
[INFO] [1790798440.648382, 4882.266000]: [mission] âncora solta — 10 correções de deriva
[INFO] [1790798440.650273, 4882.268000]: [mission] SEARCH: âncora corrigiu a deriva 10 vez(es) durante a coleta
[INFO] [1790798440.666251, 4882.284000]: [mission] SEARCH: 24 amostras — parede (0.009, 2.980, -0.004) yaw=-2.961
[INFO] [1790798440.667418, 4882.285000]: [mission] parede localizada em (0.009, 2.980, -0.004)
[INFO] [1790798440.672314, 4882.290000]: State machine transitioning 'SEARCH':'found'-->'APPROACH'
[INFO] [1790798440.674095, 4882.292000]: [mission] APPROACH etapa 1/2 — 1.30 m do olhal, alvo (0.46, 1.61, 1.75 rad)
[INFO] [1790798440.675314, 4882.292000]: [mission] teto por postura ativo no drive: v<=0.17 w<=0.50 rampa 0.45/1.52
[INFO] [1790798442.141630, 4883.742000]: [mission] APPROACH: alinhado, avançando (0.78 m)
[INFO] [1790798448.265694, 4889.792000]: [mission] APPROACH: chegou, ajustando heading final
[INFO] [1790798448.315274, 4889.842000]: [mission] teto por postura ativo no drive: v<=0.17 w<=0.50 rampa 0.45/1.52
[INFO] [1790798450.942564, 4892.442000]: [mission] APPROACH: concluído
[INFO] [1790798451.961805, 4893.447000]: [mission] âncora engatada (coleta do APPROACH/remedida)
[INFO] [1790798451.963553, 4893.449000]: [mission] APPROACH/remedida: coleta com dither ±0.05 rad/s (período 3.0 s)
[INFO] [1790798453.739829, 4895.204000]: [mission] âncora solta — 3 correções de deriva
[INFO] [1790798453.742373, 4895.207000]: [mission] APPROACH/remedida: âncora corrigiu a deriva 3 vez(es) durante a coleta
[INFO] [1790798453.746113, 4895.210000]: [mission] APPROACH/remedida: 10 amostras — parede (0.008, 3.035, 0.000) yaw=3.029
[INFO] [1790798453.748572, 4895.212000]: [mission] APPROACH etapa 2/2 — 0.88 m do olhal, alvo (0.26, 1.99, 1.46 rad)
[INFO] [1790798453.750337, 4895.214000]: [mission] teto por postura ativo no drive: v<=0.17 w<=0.50 rampa 0.45/1.52
[INFO] [1790798454.866863, 4896.314000]: [mission] APPROACH: alinhado, avançando (0.49 m)
[INFO] [1790798459.988520, 4901.364000]: [mission] APPROACH: chegou, ajustando heading final
[INFO] [1790798460.038835, 4901.414000]: [mission] teto por postura ativo no drive: v<=0.17 w<=0.50 rampa 0.45/1.52
[INFO] [1790798464.143956, 4905.464000]: [mission] APPROACH: concluído
[INFO] [1790798464.150426, 4905.471000]: State machine transitioning 'APPROACH':'arrived'-->'REFINE'
[INFO] [1790798464.151855, 4905.472000]: [mission] REFINE — remedindo a parede de perto (10 amostras)
[INFO] [1790798464.153985, 4905.474000]: [mission] âncora engatada (coleta do REFINE)
[INFO] [1790798464.154662, 4905.475000]: [mission] REFINE: coleta com dither ±0.05 rad/s (período 3.0 s)
[INFO] [1790798465.297222, 4906.604000]: [mission] âncora solta — 1 correções de deriva
[INFO] [1790798465.298944, 4906.606000]: [mission] REFINE: âncora corrigiu a deriva 1 vez(es) durante a coleta
[INFO] [1790798465.300942, 4906.607000]: [mission] REFINE: 10 amostras — parede (0.001, 2.997, -0.000) yaw=-3.140
[INFO] [1790798465.303096, 4906.610000]: [mission] REFINE: deslocou 0.039 m da estimativa anterior
[INFO] [1790798465.304143, 4906.611000]: [mission] olhal estimado em (0.201, 2.867, 0.805)
[INFO] [1790798465.311357, 4906.618000]: State machine transitioning 'REFINE':'ok'-->'DEPLOY'
[INFO] [1790798465.313530, 4906.620000]: [mission] DEPLOY: IK resolvida para a POSE DE MANIPULAÇÃO (0.20, 2.25, 1.57 rad), não para a atual
[INFO] [1790798470.243979, 4911.480000]: [mission] DEPLOY: IK nivelada 0.0710 m, só eixo 0.0014 m — a MISSÃO INTEIRA usa "eixo"
[INFO] [1790798470.245546, 4911.548000]: [mission] DEPLOY: IK da ponta resolvida (resíduo 0.0014 m, degrau 0.4°) — pré-posicionando em [-10.9 -46.5  60.   78.5  79.1] graus
[INFO] [1790798477.236055, 4918.449000]: [mission] plano de exclusão publicado: parede em [ 1.000e-03  2.997e+00 -0.000e+00], normal segura [ 0.001 -1.     0.   ]
[INFO] [1790798477.448077, 4918.658000]: [mission] DEPLOY/aproxima: alinhado, avançando (0.27 m)
[INFO] [1790798477.498899, 4918.708000]: [mission] teto por postura ativo no drive: v<=0.23 w<=0.50 rampa 0.52/1.64
[INFO] [1790798480.449652, 4921.608000]: [mission] DEPLOY/aproxima: chegou, ajustando heading final
[INFO] [1790798480.500524, 4921.658000]: [mission] DEPLOY/aproxima: concluído
[INFO] [1790798480.503250, 4921.661000]: State machine transitioning 'DEPLOY':'ok'-->'MANIPULATE'
[INFO] [1790798480.506804, 4921.664000]: [mission] fase "orienta": modo IK iterativa (YAML)
[INFO] [1790798480.512138, 4921.670000]: [mission] âncora engatada (fase "orienta")
[INFO] [1790798482.833504, 4923.962000]: [mission] fase "orienta" it0: ponta (0.293, 2.722, 0.812) erro=0.0049 | degrau eixo 0.1° | rolagem 0.1° | IK pediu [-13.2 -37.5  43.5  83.   81.8] | faltou [0. 0. 0. 0. 0.] graus
[INFO] [1790798482.836304, 4923.965000]: [mission] âncora solta — 1 correções de deriva
[INFO] [1790798482.838717, 4923.967000]: [mission] fase "orienta" alcançada em 1 iteração(ões) (0.0049 m) — âncora corrigiu 1 vez(es)
[INFO] [1790798483.353253, 4924.475000]: [mission] fase "aproxima_lateral": modo IK iterativa (YAML)
[INFO] [1790798483.356567, 4924.478000]: [mission] âncora engatada (fase "aproxima_lateral")
[INFO] [1790798487.198122, 4928.281000]: [mission] fase "aproxima_lateral" it0: ponta (0.296, 2.865, 0.811) erro=0.0079 | degrau eixo 2.4° | rolagem 2.5° | IK pediu [-11.2 -14.9   1.9  81.7  83.9] | faltou [ 0.  -0.4 -0.2 -0.1  0. ] graus
[INFO] [1790798487.202263, 4928.285000]: [mission] fase "aproxima_lateral" it0: no frame da parede eixo=+4.2 prof=+5.4 alt=+3.8 mm (tolerância 40/8/5)
[INFO] [1790798487.204481, 4928.288000]: [mission] âncora solta — 2 correções de deriva
[INFO] [1790798487.206334, 4928.290000]: [mission] fase "aproxima_lateral" alcançada em 1 iteração(ões) (0.0079 m) — âncora corrigiu 2 vez(es)
[INFO] [1790798487.720245, 4928.800000]: [mission] fase "atravessa": modo IK iterativa (YAML)
[INFO] [1790798487.727083, 4928.806000]: [mission] âncora engatada (fase "atravessa")
[INFO] [1790798489.559533, 4930.614000]: [mission] fase "atravessa" it0: ponta (0.214, 2.865, 0.811) erro=0.0086 | degrau eixo 0.2° | rolagem 0.1° | IK pediu [ -3.6 -15.6   2.5  83.3  90.4] | faltou [-0.  -0.2 -0.2 -0.4 -0.1] graus
[INFO] [1790798489.563887, 4930.619000]: [mission] fase "atravessa" it0: no frame da parede eixo=+4.6 prof=+6.2 alt=+3.8 mm (tolerância 8/6/5)
[INFO] [1790798491.103951, 4932.129000]: [mission] fase "atravessa" it1: ponta (0.208, 2.860, 0.809) erro=0.0059 | degrau eixo 0.2° | rolagem 0.2° | IK pediu [ -2.9 -15.9   3.1  84.7  90.6] | faltou [-0.4 -0.5 -0.6 -0.7  0. ] graus
[INFO] [1790798491.106782, 4932.132000]: [mission] fase "atravessa" it1: no frame da parede eixo=-1.1 prof=+0.5 alt=+5.8 mm (tolerância 8/6/5)
[INFO] [1790798492.582170, 4933.580000]: [mission] fase "atravessa" it2: ponta (0.208, 2.860, 0.808) erro=0.0068 | degrau eixo 0.2° | rolagem 0.2° | IK pediu [ -3.  -15.3   3.2  84.3  90.6] | faltou [-1.6 -1.2 -0.7 -0.4  0.1] graus
[WARN] [1790798492.588606, 4933.586000]: [mission] fase "atravessa" it2: ponta não avança (erro 5.9 → 6.8 mm) e o J1 fica mais aquém (-0.4 → -1.6°) — contato provável; recuo 1/2: 20 mm pelo eixo, 5 mm para baixo, e o alvo desce 5 mm
[WARN] [1790798501.611292, 4942.503000]: [mission] fase "destrava": descida estagnou em 15.8 mm (mín 10 para aceitar; alvo 18) — fim de curso do mecanismo, fechando a fase
[WARN] [1790798501.823701, 4942.713000]: [mission] destrava: lingueta em 11.8 mm (esperado ≥ 12) — o gatilho pode não ter soltado
[WARN] [1790798521.112740, 4961.763000]: [mission] RETRACT: ponta a 0.155 m do olhal — saindo em degraus: sobe 30 mm, 120 mm pelo eixo do furo, 100 mm para fora, antes de recolher
[INFO] [1790798492.585328, 4933.583000]: [mission] fase "atravessa" it2: no frame da parede eixo=-1.1 prof=+1.0 alt=+6.6 mm (tolerância 8/6/5)
[INFO] [1790798495.588942, 4936.544000]: [mission] fase "atravessa" it2: ponta (0.209, 2.863, 0.806) erro=0.0053 | degrau eixo 0.1° | rolagem 0.1° | IK pediu [ -3.3 -16.4   2.5  84.1  90.3] | faltou [ 0.  -0.2 -0.2 -0.3  0. ] graus
[INFO] [1790798495.591384, 4936.547000]: [mission] fase "atravessa" it2: no frame da parede eixo=-0.3 prof=+3.6 alt=+3.9 mm (tolerância 8/6/5)
[INFO] [1790798495.593189, 4936.548000]: [mission] âncora solta — 4 correções de deriva
[INFO] [1790798495.595419, 4936.550000]: [mission] fase "atravessa" alcançada em 3 iteração(ões) (0.0053 m) — âncora corrigiu 4 vez(es) — 1 recuo(s) por contato
[INFO] [1790798496.113774, 4937.059000]: [mission] fase "captura": modo IK iterativa (YAML)
[INFO] [1790798496.118376, 4937.063000]: [mission] âncora engatada (fase "captura")
[INFO] [1790798497.640057, 4938.568000]: [mission] fase "captura" it0: ponta (0.208, 2.871, 0.791) erro=0.0089 | degrau eixo 0.4° | rolagem 0.3° | IK pediu [ -2.5 -17.5   1.8  83.9  90.9] | faltou [-0.6 -0.2 -0.2 -0.1 -0.2] graus
[INFO] [1790798497.643719, 4938.572000]: [mission] fase "captura" it0: no frame da parede eixo=+7.0 prof=+4.4 alt=+3.3 mm (tolerância 40/6/10)
[INFO] [1790798497.645344, 4938.574000]: [mission] fase "captura" alcançada em 1 iteração(ões) (0.0089 m)
[INFO] [1790798497.652573, 4938.581000]: [mission] captura: ponta registrada em eixo=-7.0 prof=-4.4 alt=-13.3 mm (zero da descida do destrava e da deriva de eixo)
[INFO] [1790798498.160982, 4939.082000]: [mission] fase "destrava": alvo em altura relativo à captura: -33.3 mm (captura -13.3 − curso 18 − margem 2)
[INFO] [1790798498.163154, 4939.084000]: [mission] fase "destrava": modo whole-body/Fuzzy (YAML)
[INFO] [1790798498.369209, 4939.287000]: [mission] plano de exclusão publicado: parede em [ 1.000e-03  2.997e+00 -0.000e+00], normal segura [ 0.001 -1.     0.   ]
[INFO] [1790798498.687423, 4939.601000]: [mission] fase "destrava": whole-body assumiu (base livre, restrita pelo plano de exclusão)
[INFO] [1790798498.690576, 4939.604000]: [mission] fase "destrava": whole-body a 0.0205 m do alvo — eixo=+7.0 prof=+4.3 alt=-18.8 mm
[INFO] [1790798500.804591, 4941.703000]: [mission] fase "destrava": whole-body a 0.0091 m do alvo — eixo=+7.0 prof=-1.7 alt=-5.6 mm
[INFO] [1790798501.822658, 4942.712000]: [mission] destrava: ponta desceu 16.1 mm desde a captura (critério observável) | lingueta 11.8 mm (só na simulação)
[INFO] [1790798502.333905, 4943.214000]: [mission] fase "libera": modo whole-body/Fuzzy (YAML)
[INFO] [1790798502.538421, 4943.415000]: [mission] plano de exclusão publicado: parede em [ 1.000e-03  2.997e+00 -0.000e+00], normal segura [ 0.001 -1.     0.   ]
[INFO] [1790798502.843173, 4943.719000]: [mission] fase "libera": whole-body assumiu (base livre, restrita pelo plano de exclusão)
[INFO] [1790798502.844586, 4943.720000]: [mission] fase "libera": whole-body a 0.0299 m do alvo — eixo=+7.0 prof=+28.5 alt=+5.7 mm
[INFO] [1790798504.961733, 4945.820000]: [mission] fase "libera": whole-body a 0.0149 m do alvo — eixo=+7.0 prof=+10.0 alt=+8.6 mm
[INFO] [1790798507.091396, 4947.920000]: [mission] fase "libera": whole-body a 0.0129 m do alvo — eixo=+7.0 prof=+7.9 alt=+7.5 mm
[INFO] [1790798509.218731, 4950.020000]: [mission] fase "libera": whole-body a 0.0296 m do alvo — eixo=+7.0 prof=-26.6 alt=-10.9 mm
[INFO] [1790798511.335578, 4952.120000]: [mission] fase "libera": whole-body a 0.0219 m do alvo — eixo=+6.9 prof=-16.8 alt=-12.1 mm
[INFO] [1790798512.850167, 4953.620000]: [mission] fase "libera" alcançada por whole-body em 9.9s (0.0073 m) — no frame da parede eixo=+7.0 prof=-0.4 alt=-2.1 mm (tolerância 40/8/6)
[INFO] [1790798513.566011, 4954.329000]: [mission] fase "arco1"/puxa: RECUANDO 0.022 m só com as rodas
[INFO] [1790798514.032129, 4954.781000]: [mission] fase "arco1"/puxa: concluído (0.022 m)
[INFO] [1790798514.034341, 4954.783000]: [mission] fase "arco1": modo whole-body/Fuzzy (YAML)
[INFO] [1790798514.241172, 4954.986000]: [mission] plano de exclusão publicado: parede em [ 1.000e-03  2.997e+00 -0.000e+00], normal segura [ 0.001 -1.     0.   ]
[INFO] [1790798514.552261, 4955.291000]: [mission] fase "arco1": whole-body assumiu (base livre, restrita pelo plano de exclusão)
[INFO] [1790798514.554423, 4955.293000]: [mission] fase "arco1": whole-body a 0.0073 m do alvo — eixo=+7.0 prof=+0.1 alt=-2.3 mm
[INFO] [1790798514.959694, 4955.692000]: [mission] fase "arco1" alcançada por whole-body em 0.4s (0.0075 m) — no frame da parede eixo=+7.0 prof=-1.7 alt=-2.2 mm (tolerância 40/10/15)
[INFO] [1790798514.960747, 4955.693000]: [mission] arco1: SOLTURA observável — recuo 57.9 mm desde a captura (mín 40) com deriva de eixo +0.0 mm → SOLTA
[INFO] [1790798515.180323, 4955.907000]: [mission] waypoint de 15° — lâmina medida em 16.2° (abertura por CONTATO)
[INFO] [1790798515.694557, 4956.409000]: [mission] fase "arco2"/puxa: RECUANDO 0.048 m só com as rodas
[INFO] [1790798516.616882, 4957.311000]: [mission] fase "arco2"/puxa: concluído (0.049 m)
[INFO] [1790798516.619326, 4957.313000]: [mission] fase "arco2": modo whole-body/Fuzzy (YAML)
[INFO] [1790798516.825016, 4957.516000]: [mission] plano de exclusão publicado: parede em [ 1.000e-03  2.997e+00 -0.000e+00], normal segura [ 0.001 -1.     0.   ]
[INFO] [1790798517.130114, 4957.819000]: [mission] fase "arco2": whole-body assumiu (base livre, restrita pelo plano de exclusão)
[INFO] [1790798517.131323, 4957.820000]: [mission] fase "arco2": whole-body a 0.0152 m do alvo — eixo=+6.9 prof=+4.7 alt=-12.7 mm
[INFO] [1790798517.533585, 4958.220000]: [mission] fase "arco2" alcançada por whole-body em 0.4s (0.0146 m) — no frame da parede eixo=+6.9 prof=+1.2 alt=-12.8 mm (tolerância 40/10/15)
[INFO] [1790798517.745754, 4958.430000]: [mission] waypoint de 30° — lâmina medida em 28.9° (abertura por CONTATO)
[INFO] [1790798518.250960, 4958.932000]: [mission] fase "desengata": modo IK iterativa (YAML)
[INFO] [1790798518.253014, 4958.934000]: [mission] âncora engatada (fase "desengata")
[INFO] [1790798520.178084, 4960.842000]: [mission] fase "desengata" it0: ponta (0.304, 2.772, 0.749) erro=0.0141 | degrau eixo 3.6° | rolagem 3.8° | IK pediu [ -4.4 -21.1   0.   85.2  82.5] | faltou [ 0.1 -0.8  1.  -1.2 -0. ] graus
[INFO] [1790798520.181886, 4960.846000]: [mission] âncora solta — 1 correções de deriva
[INFO] [1790798520.183429, 4960.848000]: [mission] fase "desengata" alcançada em 1 iteração(ões) (0.0141 m) — âncora corrigiu 1 vez(es)
[INFO] [1790798520.706795, 4961.359000]: [mission] MANIPULATE concluída — chave ABERTA, lâmina medida em 29.2°
[INFO] [1790798520.708112, 4961.361000]: State machine transitioning 'MANIPULATE':'done'-->'RETRACT'
[INFO] [1790798521.117871, 4961.768000]: [mission] âncora engatada (fase "saida_sobe")
[INFO] [1790798522.767492, 4963.397000]: [mission] fase "saida_sobe" it0: ponta (0.324, 2.779, 0.774) erro=0.0137 | degrau eixo 4.3° | rolagem 4.4° | IK pediu [ -4.4 -18.    0.   83.3  80.6] | faltou [ 0.  -0.3 -0.2 -0.1  0.1] graus
[INFO] [1790798522.771087, 4963.400000]: [mission] fase "saida_sobe" it0: no frame da parede eixo=+11.7 prof=+5.5 alt=+4.6 mm (tolerância 30/20/10)
[INFO] [1790798522.773352, 4963.403000]: [mission] fase "saida_sobe" alcançada em 1 iteração(ões) (0.0137 m)
[INFO] [1790798522.776553, 4963.406000]: [mission] âncora engatada (fase "saida_eixo")
[INFO] [1790798524.605842, 4965.211000]: [mission] fase "saida_eixo" it0: ponta (0.442, 2.777, 0.773) erro=0.0123 | degrau eixo 10.1° | rolagem 10.5° | IK pediu [-13.2 -16.4   0.   76.3  72.2] | faltou [-0.  -0.3 -0.4 -0.5  0. ] graus
[INFO] [1790798524.608453, 4965.213000]: [mission] fase "saida_eixo" it0: no frame da parede eixo=+10.2 prof=+4.2 alt=+5.6 mm (tolerância 20/20/15)
[INFO] [1790798524.610132, 4965.215000]: [mission] fase "saida_eixo" alcançada em 1 iteração(ões) (0.0123 m)
[INFO] [1790798524.614939, 4965.220000]: [mission] âncora engatada (fase "saida_fora")
[INFO] [1790798527.401328, 4967.982000]: [mission] fase "saida_fora" it0: ponta (0.436, 2.677, 0.777) erro=0.0061 | degrau eixo 4.6° | rolagem 4.8° | IK pediu [-15.9 -20.9   0.   99.5  66.4] | faltou [ 0.  -0.2 -0.2 -0.2  0. ] graus
[INFO] [1790798527.405304, 4967.986000]: [mission] fase "saida_fora" it0: no frame da parede eixo=+4.5 prof=+3.5 alt=+2.2 mm (tolerância 30/20/20)
[INFO] [1790798527.406954, 4967.988000]: [mission] âncora solta — 2 correções de deriva
[INFO] [1790798527.408727, 4967.990000]: [mission] fase "saida_fora" alcançada em 1 iteração(ões) (0.0061 m) — âncora corrigiu 2 vez(es)
[INFO] [1790798527.410576, 4967.992000]: [mission] RETRACT/afasta: RECUANDO 0.250 m só com as rodas
[INFO] [1790798531.909215, 4972.443000]: [mission] RETRACT/afasta: concluído (0.254 m)
[INFO] [1790798531.910151, 4972.444000]: [mission] postura "stow_home" comandada: [0.0, 1.13, -1.04, -1.8, 0.0]
[INFO] [1790798543.851138, 4984.244000]: State machine transitioning 'RETRACT':'ok'-->'RETURN'
[INFO] [1790798543.853203, 4984.246000]: [mission] RETURN — voltando a (0.01, 1.00, -0.00 rad)
[INFO] [1790798559.329976, 4999.547000]: [mission] RETURN: alinhado, avançando (1.16 m)
[INFO] [1790798559.379928, 4999.597000]: [mission] teto por postura ativo no drive: v<=0.23 w<=0.50 rampa 0.51/1.52
[INFO] [1790798567.960639, 5008.097000]: [mission] RETURN: chegou, ajustando heading final
[INFO] [1790798568.011526, 5008.147000]: [mission] teto por postura ativo no drive: v<=0.23 w<=0.50 rampa 0.51/1.52
[INFO] [1790798576.955848, 5016.997000]: [mission] RETURN: concluído
[INFO] [1790798576.957916, 5016.999000]: State machine terminating 'RETURN':'home':'MISSION_OK'
[INFO] [1790798576.959618, 5017.001000]: [mission] resultado: MISSION_OK
... logging to /home/marco/.ros/log/11e1488e-bcfe-11f1-8eb4-b025aa85b2a2/roslaunch-shiroi-2168797.log
Checking log directory for disk usage. This may take a while.
Press Ctrl-C to interrupt
]2;/home/marco/b166er/src/b166er_whole_body_control/launch/chave_mission.launch
[1mstarted roslaunch server http://shiroi:43691/[0m

SUMMARY
========

PARAMETERS
 * /chave_mission/estado_final: 
 * /chave_mission/estado_inicial: STOW_INIT
 * /chave_mission/pausa_por_fase: False
 * /chave_mission/search_omega: 0.35
 * /chave_mission/standoff_distance: 0.62
 * /chave_mission/use_wholebody: False
 * /chave_seccionadora_task/aproxima_lateral/modo: ik
 * /chave_seccionadora_task/aproxima_lateral/offset_xyz_m: [-0.09, 0.008, 0.01]
 * /chave_seccionadora_task/aproxima_lateral/tol_xyz_m: [0.04, 0.008, 0.005]
 * /chave_seccionadora_task/arco1/blade_angle_deg: 15
 * /chave_seccionadora_task/arco1/deriva_eixo_max_m: 0.015
 * /chave_seccionadora_task/arco1/modo: wb
 * /chave_seccionadora_task/arco1/offset_xyz_m: [0.0, 0.0518, -0....
 * /chave_seccionadora_task/arco1/soltura_recuo_min_m: 0.04
 * /chave_seccionadora_task/arco1/tol_xyz_m: [0.04, 0.01, 0.015]
 * /chave_seccionadora_task/arco2/blade_angle_deg: 30
 * /chave_seccionadora_task/arco2/deriva_eixo_max_m: 0.015
 * /chave_seccionadora_task/arco2/modo: wb
 * /chave_seccionadora_task/arco2/offset_xyz_m: [0.0, 0.1, -0.0518]
 * /chave_seccionadora_task/arco2/tol_xyz_m: [0.04, 0.01, 0.015]
 * /chave_seccionadora_task/atravessa/modo: ik
 * /chave_seccionadora_task/atravessa/offset_xyz_m: [-0.008, 0.008, 0...
 * /chave_seccionadora_task/atravessa/tol_xyz_m: [0.008, 0.006, 0....
 * /chave_seccionadora_task/captura/modo: ik
 * /chave_seccionadora_task/captura/offset_xyz_m: [0.0, 0.0, -0.01]
 * /chave_seccionadora_task/captura/tol_xyz_m: [0.04, 0.006, 0.01]
 * /chave_seccionadora_task/desengata/modo: ik
 * /chave_seccionadora_task/desengata/offset_xyz_m: [-0.09, 0.1, -0.0...
 * /chave_seccionadora_task/destrava/curso_estagna_m: 0.01
 * /chave_seccionadora_task/destrava/curso_margem_m: 0.002
 * /chave_seccionadora_task/destrava/curso_min_m: 0.018
 * /chave_seccionadora_task/destrava/modo: wb
 * /chave_seccionadora_task/destrava/offset_xyz_m: [0.0, 0.0, -0.025]
 * /chave_seccionadora_task/destrava/tol_xyz_m: [0.04, 0.006, 0.004]
 * /chave_seccionadora_task/libera/deriva_eixo_max_m: 0.015
 * /chave_seccionadora_task/libera/modo: wb
 * /chave_seccionadora_task/libera/offset_xyz_m: [0.0, 0.03, -0.025]
 * /chave_seccionadora_task/libera/tol_xyz_m: [0.04, 0.008, 0.006]
 * /chave_seccionadora_task/orienta/modo: ik
 * /chave_seccionadora_task/orienta/offset_xyz_m: [-0.09, 0.15, 0.0...
 * /chave_seccionadora_task/reassenta_sobe/tol_xyz_m: [0.03, 0.02, 0.005]
 * /chave_seccionadora_task/saida_eixo/tol_xyz_m: [0.02, 0.02, 0.015]
 * /chave_seccionadora_task/saida_fora/tol_xyz_m: [0.03, 0.02, 0.02]
 * /chave_seccionadora_task/saida_sobe/tol_xyz_m: [0.03, 0.02, 0.01]
 * /chave_seccionadora_task/target_frame: chave_olhal_link
 * /fuzzy_wb_controller/fixed_gains: []
 * /rosdistro: noetic
 * /rosversion: 1.17.4

NODES
  /
    chave_mission (b166er_whole_body_control/chave_mission.py)

[1mROS_MASTER_URI=http://localhost:11311[0m
]2;/home/marco/b166er/src/b166er_whole_body_control/launch/chave_mission.launch http://localhost:11311
[1mprocess[chave_mission-1]: started with pid [2168841][0m
[1m[chave_mission-1] process has finished cleanly
log file: /home/marco/.ros/log/11e1488e-bcfe-11f1-8eb4-b025aa85b2a2/chave_mission-1*.log[0m
all processes on machine have died, roslaunch will exit
shutting down processing monitor...
... shutting down processing monitor complete
[1mdone[0m
