Not searching for unused variables given on the command line.
Re-run cmake no build system arguments
[36m--[0m Using CATKIN_DEVEL_PREFIX: /Users/marcoreis/b166er/devel/.private/b166er_robot
[36m--[0m Using CMAKE_PREFIX_PATH: /Users/marcoreis/b166er/devel;/Users/marcoreis/miniforge3/envs/ros_env11
[36m--[0m This workspace overlays: /Users/marcoreis/b166er/devel;/Users/marcoreis/miniforge3/envs/ros_env11
[33mCMake Warning (dev) at /Users/marcoreis/miniforge3/envs/ros_env11/share/catkin/cmake/python.cmake:4 (find_package):
  Policy CMP0148 is not set: The FindPythonInterp and FindPythonLibs modules
  are removed.  Run "cmake --help-policy CMP0148" for policy details.  Use
  the cmake_policy command to set the policy and suppress this warning.

[36mCall Stack (most recent call first):[0m
  /Users/marcoreis/miniforge3/envs/ros_env11/share/catkin/cmake/all.cmake:164 (include)
  /Users/marcoreis/miniforge3/envs/ros_env11/share/catkin/cmake/catkinConfig.cmake:20 (include)
  CMakeLists.txt:5 (find_package)
This warning is for project developers.  Use -Wno-dev to suppress it.
[0m
[36m--[0m Using PYTHON_EXECUTABLE: /Users/marcoreis/miniforge3/envs/ros_env11/bin/python3.11
[36m--[0m Using default Python package layout
[36m--[0m Using empy: /Users/marcoreis/miniforge3/envs/ros_env11/lib/python3.11/site-packages/em.py
[36m--[0m Using CATKIN_ENABLE_TESTING: ON
[36m--[0m Call enable_testing()
[36m--[0m Using CATKIN_TEST_RESULTS_DIR: /Users/marcoreis/b166er/build/b166er_robot/test_results
[36m--[0m Found gtest: gtests will be built
[36m--[0m Using Python nosetests: /Users/marcoreis/miniforge3/envs/ros_env11/bin/nosetests
[36m--[0m catkin 0.8.10
[36m--[0m BUILD_SHARED_LIBS is on
[36m--[0m Using these message generators: gencpp;geneus;genlisp;gennodejs;genpy
[31mCMake Error at /Users/marcoreis/miniforge3/envs/ros_env11/share/catkin/cmake/catkin_package.cmake:196 (message):
  catkin_package() the catkin package 'tf2_ros' has been find_package()-ed
  but is not listed as a build dependency in the package.xml
[36mCall Stack (most recent call first):[0m
  /Users/marcoreis/miniforge3/envs/ros_env11/share/catkin/cmake/catkin_package.cmake:102 (_catkin_package)
  CMakeLists.txt:17 (catkin_package)

[0m
[36m--[0m Configuring incomplete, errors occurred!
