Symlinking /home/marco/b166er/devel/share/b166er_robot/cmake/b166er_robotConfig.cmake
Symlinking /home/marco/b166er/devel/share/b166er_robot/cmake/b166er_robotConfig-version.cmake
Symlinking /home/marco/b166er/devel/lib/b166er_robot/cmake.lock
Symlinking /home/marco/b166er/devel/lib/b166er_robot/stability_controller.py
Symlinking /home/marco/b166er/devel/lib/b166er_robot/imu_monitor.py
Symlinking /home/marco/b166er/devel/lib/pkgconfig/b166er_robot.pc
Cleaning: (/Users/marcoreis/b166er/devel/.private/b166er_robot/cmake.lock, /Users/marcoreis/b166er/devel/./cmake.lock)
Cleaning: (/Users/marcoreis/b166er/devel/.private/b166er_robot/lib/pkgconfig/b166er_robot.pc, /Users/marcoreis/b166er/devel/lib/pkgconfig/b166er_robot.pc)
Cleaning: (/Users/marcoreis/b166er/devel/.private/b166er_robot/lib/b166er_robot/imu_monitor.py, /Users/marcoreis/b166er/devel/lib/b166er_robot/imu_monitor.py)
Cleaning: (/Users/marcoreis/b166er/devel/.private/b166er_robot/lib/b166er_robot/stability_controller.py, /Users/marcoreis/b166er/devel/lib/b166er_robot/stability_controller.py)
Cleaning: (/Users/marcoreis/b166er/devel/.private/b166er_robot/lib/b166er_robot/cmake.lock, /Users/marcoreis/b166er/devel/lib/b166er_robot/cmake.lock)
Cleaning: (/Users/marcoreis/b166er/devel/.private/b166er_robot/share/b166er_robot/cmake/b166er_robotConfig.cmake, /Users/marcoreis/b166er/devel/share/b166er_robot/cmake/b166er_robotConfig.cmake)
Cleaning: (/Users/marcoreis/b166er/devel/.private/b166er_robot/share/b166er_robot/cmake/b166er_robotConfig-version.cmake, /Users/marcoreis/b166er/devel/share/b166er_robot/cmake/b166er_robotConfig-version.cmake)
Unlinking: /Users/marcoreis/b166er/devel/lib/pkgconfig/b166er_robot.pc
Already unlinked: {}
Unlinking: /Users/marcoreis/b166er/devel/lib/b166er_robot/imu_monitor.py
Already unlinked: {}
Unlinking: /Users/marcoreis/b166er/devel/lib/b166er_robot/stability_controller.py
Already unlinked: {}
Unlinking: /Users/marcoreis/b166er/devel/lib/b166er_robot/cmake.lock
Already unlinked: {}
Unlinking: /Users/marcoreis/b166er/devel/share/b166er_robot/cmake/b166er_robotConfig.cmake
Already unlinked: {}
Unlinking: /Users/marcoreis/b166er/devel/share/b166er_robot/cmake/b166er_robotConfig-version.cmake
Already unlinked: {}
