[31mWARNING: disk usage in log directory [/home/marco/.ros/log] is over 1GB.
It's recommended that you use the 'rosclean' command.[0m
the rosdep view is empty: call 'sudo rosdep init' and 'rosdep update'
[WARN] [1791376653.855618, 74.966000]: [mission] SEARCH: ajuste não convergiu em 8s (raio 0.64) — amostrando assim mesmo
[WARN] [1791376659.699525, 80.708000]: [mission] SEARCH: 4 de 25 amostras descartadas como outlier (>0.15 m ou >0.20 rad da mediana)
[WARN] [1791376659.754770, 80.764000]: [mission] SEARCH: laser discorda demais da tag (profundidade -62 mm, yaw -12.3°) — parede fica pela tag
[INFO] [1791376636.110596, 57.525000]: garra_dx = 0.000 m (fechada)
[INFO] [1791376636.185896, 57.600000]: State machine starting in initial state 'STOW_INIT' with userdata: 
	[]
[INFO] [1791376636.493312, 57.901000]: [mission] pose de partida registrada: (0.01, 1.00, 0.01 rad)
[INFO] [1791376636.496649, 57.904000]: [mission] postura "stow_home" comandada: [0.0, 1.13, -1.04, -1.8, 0.0]
[INFO] [1791376637.106039, 58.506000]: State machine transitioning 'STOW_INIT':'ok'-->'SEARCH'
[INFO] [1791376637.108965, 58.508000]: [mission] postura "search" comandada: [0.0, 1.0, -1.0, 0.0, 0.0]
[INFO] [1791376644.376063, 65.611000]: [mission] SEARCH — girando à procura da tag...
[INFO] [1791376644.377861, 65.613000]: [mission] SEARCH: amostra quando a tag estiver a raio 0.35-0.50 do quadro (vista oblíqua; omega fina 0.15 rad/s)
[INFO] [1791376645.696126, 66.915000]: [mission] SEARCH: tag a raio 0.95 — girando até <= 0.50
[INFO] [1791376653.857664, 74.968000]: [mission] tag avistada — parando para medir
[INFO] [1791376654.875403, 75.976000]: [mission] âncora engatada (coleta do SEARCH)
[INFO] [1791376654.877254, 75.978000]: [mission] SEARCH: coleta com dither ±0.05 rad/s (período 3.0 s)
[INFO] [1791376659.681326, 80.692000]: [mission] âncora solta — 5 correções de deriva
[INFO] [1791376659.683808, 80.695000]: [mission] SEARCH: âncora corrigiu a deriva 5 vez(es) durante a coleta
[INFO] [1791376659.701954, 80.713000]: [mission] SEARCH: 21 amostras — parede (0.014, 2.937, -0.004) yaw=-2.924
[INFO] [1791376659.757899, 80.768000]: [mission] parede localizada em (0.014, 2.937, -0.004)
[INFO] [1791376659.764671, 80.775000]: State machine transitioning 'SEARCH':'found'-->'APPROACH'
[INFO] [1791376659.766259, 80.776000]: [mission] APPROACH etapa 1/2 — 1.30 m do olhal, alvo (0.52, 1.58, 1.79 rad)
[INFO] [1791376660.578130, 81.578000]: [mission] APPROACH: alinhado, avançando (0.80 m)
[INFO] [1791376660.628189, 81.628000]: [mission] teto por postura ativo no drive: v<=0.18 w<=0.50 rampa 0.45/1.51
[INFO] [1791376667.109286, 88.028000]: [mission] APPROACH: chegou, ajustando heading final
[INFO] [1791376667.159558, 88.078000]: [mission] teto por postura ativo no drive: v<=0.18 w<=0.50 rampa 0.45/1.51
[INFO] [1791376670.279708, 91.129000]: [mission] APPROACH: concluído
[INFO] [1791376671.303955, 92.135000]: [mission] âncora engatada (coleta do APPROACH/remedida)
[INFO] [1791376671.305513, 92.136000]: [mission] APPROACH/remedida: coleta com dither ±0.05 rad/s (período 3.0 s)
[INFO] [1791376672.648436, 93.467000]: [mission] âncora solta — 2 correções de deriva
[INFO] [1791376672.650155, 93.469000]: [mission] APPROACH/remedida: âncora corrigiu a deriva 2 vez(es) durante a coleta
[INFO] [1791376672.651989, 93.470000]: [mission] APPROACH/remedida: 10 amostras — parede (0.003, 3.010, -0.003) yaw=3.127
[INFO] [1791376672.704293, 93.523000]: [mission] APPROACH/remedida: parede pelo LASER — 71 pontos, resíduo 4.5 mm: profundidade +10.5 mm e yaw +0.80° em relação à tag → parede (0.003, 3.000, -0.003) yaw=3.141
[INFO] [1791376672.705737, 93.524000]: [mission] APPROACH etapa 2/2 — 0.88 m do olhal, alvo (0.37, 1.99, 1.57 rad)
[INFO] [1791376673.312757, 94.125000]: [mission] APPROACH: alinhado, avançando (0.50 m)
[INFO] [1791376673.363074, 94.175000]: [mission] teto por postura ativo no drive: v<=0.18 w<=0.50 rampa 0.46/1.51
[INFO] [1791376677.699391, 98.425000]: [mission] APPROACH: chegou, ajustando heading final
[INFO] [1791376680.044421, 100.726000]: [mission] APPROACH: concluído
[INFO] [1791376680.050202, 100.732000]: State machine transitioning 'APPROACH':'arrived'-->'REFINE'
[INFO] [1791376680.051599, 100.733000]: [mission] REFINE — remedindo a parede de perto (10 amostras)
[INFO] [1791376680.054723, 100.736000]: [mission] âncora engatada (coleta do REFINE)
[INFO] [1791376680.055810, 100.737000]: [mission] REFINE: coleta com dither ±0.05 rad/s (período 3.0 s)
[INFO] [1791376681.198397, 101.866000]: [mission] âncora solta — 1 correções de deriva
[INFO] [1791376681.199427, 101.867000]: [mission] REFINE: âncora corrigiu a deriva 1 vez(es) durante a coleta
[INFO] [1791376681.200341, 101.868000]: [mission] REFINE: 10 amostras — parede (0.002, 2.993, -0.000) yaw=-3.128
[INFO] [1791376681.250870, 101.918000]: [mission] REFINE: parede pelo LASER — 86 pontos, resíduo 4.9 mm: profundidade -7.4 mm e yaw -0.75° em relação à tag → parede (0.002, 3.000, -0.000) yaw=-3.141
[INFO] [1791376681.253235, 101.920000]: [mission] REFINE: deslocou 0.003 m da estimativa anterior
[INFO] [1791376681.256226, 101.923000]: [mission] olhal estimado em (0.202, 2.871, 0.805)
[INFO] [1791376681.261225, 101.928000]: State machine transitioning 'REFINE':'ok'-->'DEPLOY'
[INFO] [1791376681.262862, 101.930000]: [mission] DEPLOY: IK resolvida para a POSE DE MANIPULAÇÃO (0.20, 2.25, 1.57 rad), não para a atual
[INFO] [1791376685.974314, 103.809000]: [mission] DEPLOY: IK nivelada 0.0710 m, só eixo 0.0014 m — a MISSÃO INTEIRA usa "eixo"
[INFO] [1791376685.979295, 106.642000]: [mission] DEPLOY: IK da ponta resolvida (resíduo 0.0014 m, degrau 0.4°) — pré-posicionando em [-10.9 -46.5  60.   78.5  79.1] graus
[INFO] [1791376692.798909, 113.344000]: [mission] plano de exclusão publicado: parede em [ 2.e-03  3.e+00 -0.e+00], normal segura [ 0.001 -1.     0.   ]
[INFO] [1791376693.016268, 113.556000]: [mission] teto por postura ativo no drive: v<=0.22 w<=0.50 rampa 0.51/1.66
[INFO] [1791376696.072172, 116.555000]: [mission] DEPLOY/aproxima: alinhado, avançando (0.37 m)
[INFO] [1791376699.427629, 119.855000]: [mission] DEPLOY/aproxima: chegou, ajustando heading final
[INFO] [1791376702.538039, 122.905000]: [mission] DEPLOY/aproxima: concluído
[INFO] [1791376702.541047, 122.907000]: State machine transitioning 'DEPLOY':'ok'-->'MANIPULATE'
[INFO] [1791376702.544127, 122.910000]: [mission] fase "orienta": modo IK iterativa (YAML)
[INFO] [1791376702.548632, 122.915000]: [mission] âncora engatada (fase "orienta")
[INFO] [1791376705.633344, 125.921000]: [mission] fase "orienta" it0: ponta (0.280, 2.723, 0.806) erro=0.0141 | degrau eixo 0.1° | rolagem 0.2° | IK pediu [-18.6 -29.6  27.3  91.9  76. ] | faltou [ 1.9 -2.1  2.3 -0.7  0.9] graus
[INFO] [1791376705.635423, 125.923000]: [mission] âncora solta — 1 correções de deriva
[INFO] [1791376705.636452, 125.924000]: [mission] fase "orienta" alcançada em 1 iteração(ões) (0.0141 m) — âncora corrigiu 1 vez(es)
[INFO] [1791376706.149008, 126.429000]: [mission] fase "aproxima_lateral": modo IK iterativa (YAML)
[INFO] [1791376706.153868, 126.433000]: [mission] âncora engatada (fase "aproxima_lateral")
[INFO] [1791376708.937013, 129.157000]: [mission] fase "aproxima_lateral" it0: ponta (0.294, 2.842, 0.823) erro=0.0227 | degrau eixo 4.7° | rolagem 4.1° | IK pediu [-14.9 -13.4   0.   78.9  79.6] | faltou [-0.3 -0.6  1.5  3.2 -0.6] graus
[INFO] [1791376708.942924, 129.163000]: [mission] fase "aproxima_lateral" it0: no frame da parede eixo=+2.6 prof=-20.9 alt=-8.4 mm (tolerância 40/8/5)
[INFO] [1791376710.930378, 131.116000]: [mission] fase "aproxima_lateral" it1: ponta (0.291, 2.869, 0.805) erro=0.0117 | degrau eixo 5.1° | rolagem 5.0° | IK pediu [-14.2 -13.5  -0.   76.   80.1] | faltou [-0.2 -1.   0.7  2.  -0.5] graus
[INFO] [1791376710.933393, 131.119000]: [mission] fase "aproxima_lateral" it1: no frame da parede eixo=-1.1 prof=+6.8 alt=+9.5 mm (tolerância 40/8/5)
[INFO] [1791376712.884074, 133.030000]: [mission] fase "aproxima_lateral" it2: ponta (0.291, 2.877, 0.802) erro=0.0189 | degrau eixo 4.9° | rolagem 5.3° | IK pediu [-14.4 -12.9   0.   76.9  79.8] | faltou [-0.1 -1.  -0.3  0.2 -0.3] graus
[INFO] [1791376712.886393, 133.033000]: [mission] fase "aproxima_lateral" it2: no frame da parede eixo=-0.2 prof=+14.0 alt=+12.6 mm (tolerância 40/8/5)
[INFO] [1791376714.858761, 134.967000]: [mission] fase "aproxima_lateral" it3: ponta (0.291, 2.875, 0.802) erro=0.0175 | degrau eixo 4.5° | rolagem 5.1° | IK pediu [-14.6 -12.3   0.   79.   79.4] | faltou [ 0.2 -1.3 -1.  -0.8  0.1] graus
[INFO] [1791376714.863935, 134.973000]: [mission] fase "aproxima_lateral" it3: no frame da parede eixo=-1.0 prof=+12.2 alt=+12.4 mm (tolerância 40/8/5)
[INFO] [1791376716.848028, 136.906000]: [mission] fase "aproxima_lateral" it4: ponta (0.288, 2.865, 0.812) erro=0.0049 | degrau eixo 4.2° | rolagem 4.6° | IK pediu [-14.9 -11.6   0.   80.6  79. ] | faltou [ 0.4 -1.4 -1.  -0.6  0.5] graus
[INFO] [1791376716.851757, 136.910000]: [mission] fase "aproxima_lateral" it4: no frame da parede eixo=-3.4 prof=+2.7 alt=+2.1 mm (tolerância 40/8/5)
[INFO] [1791376716.854007, 136.912000]: [mission] âncora solta — 5 correções de deriva
[INFO] [1791376716.856548, 136.914000]: [mission] fase "aproxima_lateral" alcançada em 5 iteração(ões) (0.0049 m) — âncora corrigiu 5 vez(es)
[INFO] [1791376717.375899, 137.424000]: [mission] fase "atravessa": modo IK iterativa (YAML)
[INFO] [1791376717.381495, 137.429000]: [mission] âncora engatada (fase "atravessa")
[INFO] [1791376719.869406, 139.876000]: [mission] fase "atravessa" it0: ponta (0.213, 2.872, 0.812) erro=0.0099 | degrau eixo 1.7° | rolagem 1.7° | IK pediu [ -7.8 -14.2   0.   82.8  85.7] | faltou [0. 0. 0. 0. 0.] graus
[INFO] [1791376719.873843, 139.881000]: [mission] fase "atravessa" it0: no frame da parede eixo=+3.4 prof=+9.0 alt=+2.1 mm (tolerância 8/6/5)
[INFO] [1791376721.822469, 141.791000]: [mission] fase "atravessa" it1: ponta (0.212, 2.868, 0.813) erro=0.0061 | degrau eixo 1.5° | rolagem 2.0° | IK pediu [ -7.4 -14.6   0.3  85.2  85.7] | faltou [-0.4  0.8 -1.1 -2.6 -0.8] graus
[INFO] [1791376721.825216, 141.794000]: [mission] fase "atravessa" it1: no frame da parede eixo=+2.1 prof=+5.6 alt=+1.1 mm (tolerância 8/6/5)
[INFO] [1791376721.826827, 141.796000]: [mission] âncora solta — 1 correções de deriva
[INFO] [1791376721.828072, 141.797000]: [mission] fase "atravessa" alcançada em 2 iteração(ões) (0.0061 m) — âncora corrigiu 1 vez(es)
[INFO] [1791376722.346491, 142.303000]: [mission] fase "captura": modo IK iterativa (YAML)
[INFO] [1791376722.353007, 142.309000]: [mission] âncora engatada (fase "captura")
[INFO] [1791376724.292554, 144.215000]: [mission] fase "captura" it0: ponta (0.213, 2.876, 0.792) erro=0.0131 | degrau eixo 1.5° | rolagem 2.0° | IK pediu [ -6.9 -16.2  -0.4  83.3  86.4] | faltou [-0.9  0.2 -0.4 -0.9 -0.7] graus
[INFO] [1791376724.297822, 144.221000]: [mission] fase "captura" it0: no frame da parede eixo=+11.7 prof=+5.2 alt=+3.0 mm (tolerância 40/6/10)
[INFO] [1791376724.300777, 144.224000]: [mission] fase "captura" alcançada em 1 iteração(ões) (0.0131 m)
[INFO] [1791376724.308795, 144.232000]: [mission] captura: ponta registrada em eixo=-11.7 prof=-5.2 alt=-13.0 mm (zero da descida do destrava e da deriva de eixo)
[INFO] [1791376724.823461, 144.734000]: [mission] fase "destrava": alvo em altura relativo à captura: -33.0 mm (captura -13.0 − curso 18 − margem 2)
[INFO] [1791376724.826135, 144.736000]: [mission] fase "destrava": modo whole-body/Fuzzy (YAML)
[INFO] [1791376725.031034, 144.938000]: [mission] plano de exclusão publicado: parede em [ 2.e-03  3.e+00 -0.e+00], normal segura [ 0.001 -1.     0.   ]
[INFO] [1791376725.336527, 145.241000]: [mission] fase "destrava": whole-body assumiu (base livre, restrita pelo plano de exclusão)
[INFO] [1791376725.337941, 145.242000]: [mission] fase "destrava": whole-body a 0.0185 m do alvo — eixo=+12.0 prof=+5.3 alt=-13.1 mm
[INFO] [1791376726.040617, 145.942000]: [mission] fase "destrava" alcançada por whole-body em 0.7s (0.0098 m) — no frame da parede eixo=+9.6 prof=+1.6 alt=+1.6 mm (tolerância 40/6/4)
[INFO] [1791376726.255762, 146.151000]: [mission] destrava: ponta desceu 22.1 mm desde a captura (critério observável) | lingueta 20.0 mm (só na simulação)
[INFO] [1791376726.257321, 146.153000]: [mission] destrava: lingueta em 20.0 mm — gatilho solto
[INFO] [1791376726.770792, 146.654000]: [mission] fase "libera": modo whole-body/Fuzzy (YAML)
[INFO] [1791376726.982540, 146.856000]: [mission] plano de exclusão publicado: parede em [ 2.e-03  3.e+00 -0.e+00], normal segura [ 0.001 -1.     0.   ]
[INFO] [1791376727.286682, 147.159000]: [mission] fase "libera": whole-body assumiu (base livre, restrita pelo plano de exclusão)
[INFO] [1791376727.387917, 147.259000]: [mission] fase "libera": whole-body a 0.0288 m do alvo — eixo=+9.2 prof=+25.9 alt=+8.6 mm
[INFO] [1791376729.426574, 149.260000]: [mission] fase "libera": whole-body a 0.0245 m do alvo — eixo=+9.1 prof=+21.6 alt=+7.1 mm
[INFO] [1791376731.548924, 151.359000]: [mission] fase "libera": whole-body a 0.0210 m do alvo — eixo=+11.2 prof=+16.5 alt=+6.7 mm
[INFO] [1791376733.576289, 153.360000]: [mission] fase "libera": whole-body a 0.0170 m do alvo — eixo=+6.9 prof=+15.0 alt=+4.1 mm
[INFO] [1791376735.707552, 155.459000]: [mission] fase "libera": whole-body a 0.0137 m do alvo — eixo=+6.9 prof=+10.0 alt=+6.4 mm
[INFO] [1791376737.539061, 157.259000]: [mission] fase "libera" alcançada por whole-body em 10.1s (0.0112 m) — no frame da parede eixo=+6.9 prof=+7.1 alt=+5.3 mm (tolerância 40/8/6)
[INFO] [1791376738.258848, 157.965000]: [mission] fase "arco1"/puxa: RECUANDO 0.022 m só com as rodas
[INFO] [1791376738.719635, 158.416000]: [mission] fase "arco1"/puxa: concluído (0.025 m)
[INFO] [1791376738.721249, 158.418000]: [mission] fase "arco1": modo whole-body/Fuzzy (YAML)
[INFO] [1791376738.928134, 158.620000]: [mission] plano de exclusão publicado: parede em [ 2.e-03  3.e+00 -0.e+00], normal segura [ 0.001 -1.     0.   ]
[INFO] [1791376739.236063, 158.927000]: [mission] fase "arco1": whole-body assumiu (base livre, restrita pelo plano de exclusão)
[INFO] [1791376739.237684, 158.928000]: [mission] fase "arco1": whole-body a 0.0132 m do alvo — eixo=+6.9 prof=-8.3 alt=-7.6 mm
[INFO] [1791376741.377187, 161.028000]: [mission] fase "arco1": whole-body a 0.0135 m do alvo — eixo=+6.9 prof=-10.4 alt=-5.1 mm
[INFO] [1791376743.004490, 162.628000]: [mission] fase "arco1" alcançada por whole-body em 3.7s (0.0133 m) — no frame da parede eixo=+6.9 prof=-9.8 alt=-5.7 mm (tolerância 40/10/15)
[INFO] [1791376743.005822, 162.629000]: [mission] arco1: SOLTURA observável — recuo 66.8 mm desde a captura (mín 40) com deriva de eixo +4.8 mm → SOLTA
[INFO] [1791376743.215441, 162.837000]: [mission] waypoint de 15° — lâmina medida em 15.9° (abertura por CONTATO)
[INFO] [1791376743.729928, 163.339000]: [mission] fase "arco2"/puxa: RECUANDO 0.048 m só com as rodas
[INFO] [1791376744.653735, 164.241000]: [mission] fase "arco2"/puxa: concluído (0.049 m)
[INFO] [1791376744.657058, 164.244000]: [mission] fase "arco2": modo whole-body/Fuzzy (YAML)
[INFO] [1791376744.865581, 164.447000]: [mission] plano de exclusão publicado: parede em [ 2.e-03  3.e+00 -0.e+00], normal segura [ 0.001 -1.     0.   ]
[INFO] [1791376745.179080, 164.753000]: [mission] fase "arco2": whole-body assumiu (base livre, restrita pelo plano de exclusão)
[INFO] [1791376745.181266, 164.754000]: [mission] fase "arco2": whole-body a 0.0207 m do alvo — eixo=+6.9 prof=-8.6 alt=-17.5 mm
[INFO] [1791376747.308187, 166.854000]: [mission] fase "arco2": whole-body a 0.0126 m do alvo — eixo=+6.7 prof=-9.7 alt=-4.2 mm
[INFO] [1791376747.510086, 167.054000]: [mission] fase "arco2" alcançada por whole-body em 2.3s (0.0123 m) — no frame da parede eixo=+6.7 prof=-9.5 alt=-3.9 mm (tolerância 40/10/15)
[INFO] [1791376747.724354, 167.265000]: [mission] waypoint de 30° — lâmina medida em 31.9° (abertura por CONTATO)
[INFO] [1791376748.242510, 167.767000]: [mission] fase "desengata": modo IK iterativa (YAML)
[INFO] [1791376748.245226, 167.769000]: [mission] âncora engatada (fase "desengata")
[INFO] [1791376751.090095, 170.572000]: [mission] fase "desengata" it0: ponta (0.288, 2.788, 0.730) erro=0.0286 | degrau eixo 5.2° | rolagem 5.7° | IK pediu [-13.  -20.9   0.   83.5  79.8] | faltou [ 1.3 -3.8  4.9 -5.6  1. ] graus
[INFO] [1791376753.242817, 172.690000]: [mission] fase "desengata" it1: ponta (0.289, 2.768, 0.747) erro=0.0064 | degrau eixo 4.7° | rolagem 5.1° | IK pediu [-13.  -19.6   0.   86.5  78.8] | faltou [ 0.7 -1.3 -1.1 -1.   0.9] graus
[INFO] [1791376753.248861, 172.696000]: [mission] âncora solta — 1 correções de deriva
[INFO] [1791376753.251750, 172.698000]: [mission] fase "desengata" alcançada em 2 iteração(ões) (0.0064 m) — âncora corrigiu 1 vez(es)
[WARN] [1791376754.194149, 173.624000]: [mission] RETRACT: ponta a 0.148 m do olhal — saindo em degraus: sobe 30 mm, 120 mm pelo eixo do furo, 100 mm para fora, antes de recolher
[INFO] [1791376753.777833, 173.217000]: [mission] MANIPULATE concluída — chave ABERTA, lâmina medida em 31.9°
[INFO] [1791376753.780774, 173.220000]: State machine transitioning 'MANIPULATE':'done'-->'RETRACT'
[INFO] [1791376754.198271, 173.628000]: [mission] âncora engatada (fase "saida_sobe")
[INFO] [1791376756.179217, 175.573000]: [mission] fase "saida_sobe" it0: ponta (0.298, 2.770, 0.754) erro=0.0240 | degrau eixo 4.9° | rolagem 5.1° | IK pediu [-12.4 -18.2  -0.   83.3  79.4] | faltou [-0.  -1.9 -0.5  0.6  0.4] graus
[INFO] [1791376756.181273, 175.575000]: [mission] fase "saida_sobe" it0: no frame da parede eixo=+5.9 prof=+2.2 alt=+23.2 mm (tolerância 30/20/10)
[INFO] [1791376758.528888, 177.881000]: [mission] fase "saida_sobe" it1: ponta (0.297, 2.768, 0.770) erro=0.0084 | degrau eixo 4.5° | rolagem 4.8° | IK pediu [-11.6 -16.2   0.   83.   79.4] | faltou [-0.8 -2.5 -0.6  0.9  0.3] graus
[INFO] [1791376758.532508, 177.885000]: [mission] fase "saida_sobe" it1: no frame da parede eixo=+4.5 prof=-0.4 alt=+7.1 mm (tolerância 30/20/10)
[INFO] [1791376758.534784, 177.887000]: [mission] âncora solta — 1 correções de deriva
[INFO] [1791376758.536646, 177.890000]: [mission] fase "saida_sobe" alcançada em 2 iteração(ões) (0.0084 m) — âncora corrigiu 1 vez(es)
[INFO] [1791376758.543356, 177.896000]: [mission] âncora engatada (fase "saida_eixo")
[INFO] [1791376761.348637, 180.646000]: [mission] fase "saida_eixo" it0: ponta (0.412, 2.773, 0.768) erro=0.0102 | degrau eixo 11.1° | rolagem 10.8° | IK pediu [-21.7 -16.2  -0.   74.5  71.5] | faltou [ 0.6 -0.7 -0.3 -0.   1.2] graus
[INFO] [1791376761.350762, 180.649000]: [mission] fase "saida_eixo" it0: no frame da parede eixo=-0.4 prof=+4.2 alt=+9.3 mm (tolerância 20/20/15)
[INFO] [1791376761.352371, 180.651000]: [mission] fase "saida_eixo" alcançada em 1 iteração(ões) (0.0102 m)
[INFO] [1791376761.355822, 180.654000]: [mission] âncora engatada (fase "saida_fora")
[INFO] [1791376764.000432, 183.258000]: [mission] fase "saida_fora" it0: ponta (0.421, 2.692, 0.765) erro=0.0274 | degrau eixo 5.7° | rolagem 7.5° | IK pediu [-24.6 -20.8  -0.   97.3  65.4] | faltou [ 0.6  0.3 -1.7 -3.3  1.2] graus
[INFO] [1791376764.005186, 183.263000]: [mission] fase "saida_fora" it0: no frame da parede eixo=+8.4 prof=+23.3 alt=+11.7 mm (tolerância 30/20/20)
[INFO] [1791376765.946305, 185.172000]: [mission] fase "saida_fora" it1: ponta (0.408, 2.667, 0.778) erro=0.0047 | degrau eixo 3.7° | rolagem 5.3° | IK pediu [-24.5 -20.1   0.  101.6  64.6] | faltou [ 0.4 -0.8  0.3 -3.5  1.1] graus
[INFO] [1791376765.949264, 185.175000]: [mission] fase "saida_fora" it1: no frame da parede eixo=-4.5 prof=-1.2 alt=-0.7 mm (tolerância 30/20/20)
[INFO] [1791376765.950680, 185.176000]: [mission] âncora solta — 1 correções de deriva
[INFO] [1791376765.952031, 185.178000]: [mission] fase "saida_fora" alcançada em 2 iteração(ões) (0.0047 m) — âncora corrigiu 1 vez(es)
[INFO] [1791376765.953494, 185.180000]: [mission] RETRACT/afasta: RECUANDO 0.250 m só com as rodas
[INFO] [1791376770.440340, 189.581000]: [mission] RETRACT/afasta: concluído (0.250 m)
[INFO] [1791376770.441466, 189.582000]: [mission] postura "stow_home" comandada: [0.0, 1.13, -1.04, -1.8, 0.0]
[INFO] [1791376782.282120, 201.183000]: State machine transitioning 'RETRACT':'ok'-->'RETURN'
[INFO] [1791376782.283552, 201.184000]: [mission] RETURN — voltando a (0.01, 1.00, 0.01 rad)
[INFO] [1791376797.109873, 215.735000]: [mission] RETURN: alinhado, avançando (1.13 m)
[INFO] [1791376797.161735, 215.785000]: [mission] teto por postura ativo no drive: v<=0.22 w<=0.50 rampa 0.51/1.49
[INFO] [1791376805.908826, 224.385000]: [mission] RETURN: chegou, ajustando heading final
[INFO] [1791376805.959468, 224.435000]: [mission] teto por postura ativo no drive: v<=0.22 w<=0.50 rampa 0.50/1.50
[INFO] [1791376812.852814, 231.185000]: [mission] RETURN: concluído
[INFO] [1791376812.853938, 231.186000]: State machine terminating 'RETURN':'home':'MISSION_OK'
[INFO] [1791376812.854688, 231.187000]: [mission] resultado: MISSION_OK
... logging to /home/marco/.ros/log/ad899a5a-c24b-11f1-a954-b025aa85b2a2/roslaunch-shiroi-3027335.log
Checking log directory for disk usage. This may take a while.
Press Ctrl-C to interrupt
]2;/home/marco/b166er/src/b166er_whole_body_control/launch/chave_mission.launch
[1mstarted roslaunch server http://shiroi:36753/[0m

SUMMARY
========

PARAMETERS
 * /chave_mission/estado_final: 
 * /chave_mission/estado_inicial: STOW_INIT
 * /chave_mission/pausa_por_fase: False
 * /chave_mission/search_omega: 0.35
 * /chave_mission/standoff_distance: 0.62
 * /chave_mission/use_wholebody: False
 * /chave_seccionadora_task/aproxima_lateral/modo: ik
 * /chave_seccionadora_task/aproxima_lateral/offset_xyz_m: [-0.09, 0.008, 0.01]
 * /chave_seccionadora_task/aproxima_lateral/tol_xyz_m: [0.04, 0.008, 0.005]
 * /chave_seccionadora_task/arco1/blade_angle_deg: 15
 * /chave_seccionadora_task/arco1/deriva_eixo_max_m: 0.015
 * /chave_seccionadora_task/arco1/modo: wb
 * /chave_seccionadora_task/arco1/offset_xyz_m: [0.0, 0.0518, -0....
 * /chave_seccionadora_task/arco1/soltura_recuo_min_m: 0.04
 * /chave_seccionadora_task/arco1/tol_xyz_m: [0.04, 0.01, 0.015]
 * /chave_seccionadora_task/arco2/blade_angle_deg: 30
 * /chave_seccionadora_task/arco2/deriva_eixo_max_m: 0.015
 * /chave_seccionadora_task/arco2/modo: wb
 * /chave_seccionadora_task/arco2/offset_xyz_m: [0.0, 0.1, -0.0518]
 * /chave_seccionadora_task/arco2/tol_xyz_m: [0.04, 0.01, 0.015]
 * /chave_seccionadora_task/atravessa/modo: ik
 * /chave_seccionadora_task/atravessa/offset_xyz_m: [-0.008, 0.008, 0...
 * /chave_seccionadora_task/atravessa/tol_xyz_m: [0.008, 0.006, 0....
 * /chave_seccionadora_task/captura/modo: ik
 * /chave_seccionadora_task/captura/offset_xyz_m: [0.0, 0.0, -0.01]
 * /chave_seccionadora_task/captura/tol_xyz_m: [0.04, 0.006, 0.01]
 * /chave_seccionadora_task/desengata/modo: ik
 * /chave_seccionadora_task/desengata/offset_xyz_m: [-0.09, 0.1, -0.0...
 * /chave_seccionadora_task/destrava/curso_estagna_m: 0.01
 * /chave_seccionadora_task/destrava/curso_margem_m: 0.002
 * /chave_seccionadora_task/destrava/curso_min_m: 0.018
 * /chave_seccionadora_task/destrava/curso_teto_m: 0.022
 * /chave_seccionadora_task/destrava/modo: wb
 * /chave_seccionadora_task/destrava/offset_xyz_m: [0.0, 0.0, -0.025]
 * /chave_seccionadora_task/destrava/tol_xyz_m: [0.04, 0.006, 0.004]
 * /chave_seccionadora_task/libera/deriva_eixo_max_m: 0.015
 * /chave_seccionadora_task/libera/modo: wb
 * /chave_seccionadora_task/libera/offset_xyz_m: [0.0, 0.03, -0.025]
 * /chave_seccionadora_task/libera/tol_xyz_m: [0.04, 0.008, 0.006]
 * /chave_seccionadora_task/orienta/modo: ik
 * /chave_seccionadora_task/orienta/offset_xyz_m: [-0.09, 0.15, 0.0...
 * /chave_seccionadora_task/reassenta_sobe/tol_xyz_m: [0.03, 0.02, 0.005]
 * /chave_seccionadora_task/saida_eixo/tol_xyz_m: [0.02, 0.02, 0.015]
 * /chave_seccionadora_task/saida_fora/tol_xyz_m: [0.03, 0.02, 0.02]
 * /chave_seccionadora_task/saida_sobe/tol_xyz_m: [0.03, 0.02, 0.01]
 * /chave_seccionadora_task/target_frame: chave_olhal_link
 * /fuzzy_wb_controller/fixed_gains: []
 * /rosdistro: noetic
 * /rosversion: 1.17.4

NODES
  /
    chave_mission (b166er_whole_body_control/chave_mission.py)

[1mROS_MASTER_URI=http://localhost:11311[0m
]2;/home/marco/b166er/src/b166er_whole_body_control/launch/chave_mission.launch http://localhost:11311
[1mprocess[chave_mission-1]: started with pid [3027402][0m
[1m[chave_mission-1] process has finished cleanly
log file: /home/marco/.ros/log/ad899a5a-c24b-11f1-a954-b025aa85b2a2/chave_mission-1*.log[0m
all processes on machine have died, roslaunch will exit
shutting down processing monitor...
... shutting down processing monitor complete
[1mdone[0m
