[31mWARNING: disk usage in log directory [/home/marco/.ros/log] is over 1GB.
It's recommended that you use the 'rosclean' command.[0m
the rosdep view is empty: call 'sudo rosdep init' and 'rosdep update'
[WARN] [1791582154.182894, 1530.257000]: [mission] SEARCH: ajuste não convergiu em 8s (raio 0.51) — amostrando assim mesmo
[WARN] [1791582162.900580, 1538.861000]: [mission] SEARCH: 13 de 25 amostras descartadas como outlier (>0.15 m ou >0.20 rad da mediana)
[WARN] [1791582162.955088, 1538.915000]: [mission] SEARCH: laser com só 15 pontos de parede (mín 30) — parede fica pela tag
[INFO] [1791582059.260571, 1436.828000]: garra_dx = 0.000 m (fechada)
[INFO] [1791582059.367413, 1436.933000]: State machine starting in initial state 'HOMING' with userdata: 
	[]
[INFO] [1791582059.571973, 1437.136000]: [mission] pose de partida registrada: (-0.01, 1.01, 0.07 rad)
[INFO] [1791582059.580182, 1437.143000]: [mission] HOMING: procurando os fins de curso (J4, J3, J2, J5, J1)
[INFO] [1791582119.619379, 1496.147000]: [mission] HOMING: cinco switches achados — referência das juntas estabelecida
[INFO] [1791582119.620548, 1496.148000]: State machine transitioning 'HOMING':'ok'-->'HOME_POSITION'
[INFO] [1791582119.621851, 1496.149000]: [mission] postura "home" comandada: [0.0, 1.108, -1.021, -1.894, 0.0]
[INFO] [1791582133.198710, 1509.550000]: [mission] HOME_POSITION: braço em HOME POSITION (J1/J5 em zero, J2/J3/J4 nos switches)
[INFO] [1791582133.200317, 1509.551000]: State machine transitioning 'HOME_POSITION':'ok'-->'SEARCH'
[INFO] [1791582133.202121, 1509.552000]: [mission] postura "search" comandada: [0.0, 1.0, -1.0, 0.0, 0.0]
[INFO] [1791582144.152598, 1520.354000]: [mission] SEARCH — girando à procura da tag...
[INFO] [1791582144.153808, 1520.354000]: [mission] SEARCH: amostra quando a tag estiver a raio 0.35-0.50 do quadro (vista oblíqua; omega fina 0.15 rad/s)
[INFO] [1791582146.024205, 1522.206000]: [mission] SEARCH: tag a raio 0.88 — girando até <= 0.50
[INFO] [1791582154.184934, 1530.259000]: [mission] tag avistada — parando para medir
[INFO] [1791582155.196766, 1531.265000]: [mission] âncora engatada (coleta do SEARCH)
[INFO] [1791582155.197714, 1531.266000]: [mission] SEARCH: coleta com dither ±0.05 rad/s (período 3.0 s)
[INFO] [1791582162.880466, 1538.842000]: [mission] âncora solta — 7 correções de deriva
[INFO] [1791582162.883021, 1538.844000]: [mission] SEARCH: âncora corrigiu a deriva 7 vez(es) durante a coleta
[INFO] [1791582162.902373, 1538.863000]: [mission] SEARCH: 12 amostras — parede (0.014, 2.902, -0.002) yaw=-2.838
[INFO] [1791582162.957016, 1538.917000]: [mission] parede localizada em (0.014, 2.902, -0.002)
[INFO] [1791582162.963505, 1538.924000]: State machine transitioning 'SEARCH':'found'-->'APPROACH'
[INFO] [1791582162.965661, 1538.926000]: [mission] APPROACH etapa 1/2 — 1.30 m do olhal, alvo (0.63, 1.60, 1.87 rad)
[INFO] [1791582162.967044, 1538.927000]: [mission] APPROACH: alinhado, avançando (0.87 m)
[INFO] [1791582163.016626, 1538.977000]: [mission] teto por postura ativo no drive: v<=0.18 w<=0.50 rampa 0.46/1.51
[INFO] [1791582170.025678, 1545.877000]: [mission] APPROACH: chegou, ajustando heading final
[INFO] [1791582170.075872, 1545.927000]: [mission] teto por postura ativo no drive: v<=0.17 w<=0.50 rampa 0.45/1.52
[INFO] [1791582176.684292, 1552.427000]: [mission] APPROACH: concluído
[INFO] [1791582177.702935, 1553.431000]: [mission] âncora engatada (coleta do APPROACH/remedida)
[INFO] [1791582177.703902, 1553.432000]: [mission] APPROACH/remedida: coleta com dither ±0.05 rad/s (período 3.0 s)
[INFO] [1791582178.734738, 1554.458000]: [mission] âncora solta — 1 correções de deriva
[INFO] [1791582178.735631, 1554.459000]: [mission] APPROACH/remedida: âncora corrigiu a deriva 1 vez(es) durante a coleta
[INFO] [1791582178.737077, 1554.460000]: [mission] APPROACH/remedida: 10 amostras — parede (-0.000, 2.997, -0.005) yaw=-3.100
[INFO] [1791582178.789106, 1554.512000]: [mission] APPROACH/remedida: parede pelo LASER — 77 pontos, resíduo 5.0 mm: profundidade -1.0 mm e yaw -2.35° em relação à tag → parede (-0.000, 2.998, -0.005) yaw=-3.141
[INFO] [1791582178.791193, 1554.515000]: [mission] APPROACH etapa 2/2 — 0.88 m do olhal, alvo (0.37, 1.99, 1.57 rad)
[INFO] [1791582181.478082, 1557.166000]: [mission] APPROACH: alinhado, avançando (0.60 m)
[INFO] [1791582181.529076, 1557.216000]: [mission] teto por postura ativo no drive: v<=0.18 w<=0.50 rampa 0.46/1.51
[INFO] [1791582186.852467, 1562.466000]: [mission] APPROACH: chegou, ajustando heading final
[INFO] [1791582186.903661, 1562.516000]: [mission] teto por postura ativo no drive: v<=0.18 w<=0.50 rampa 0.46/1.51
[INFO] [1791582190.922187, 1566.466000]: [mission] APPROACH: concluído
[INFO] [1791582190.928667, 1566.472000]: State machine transitioning 'APPROACH':'arrived'-->'REFINE'
[INFO] [1791582190.930902, 1566.474000]: [mission] REFINE — remedindo a parede de perto (10 amostras)
[INFO] [1791582190.934575, 1566.478000]: [mission] âncora engatada (coleta do REFINE)
[INFO] [1791582190.935990, 1566.479000]: [mission] REFINE: coleta com dither ±0.05 rad/s (período 3.0 s)
[INFO] [1791582192.085128, 1567.616000]: [mission] âncora solta — 2 correções de deriva
[INFO] [1791582192.087043, 1567.618000]: [mission] REFINE: âncora corrigiu a deriva 2 vez(es) durante a coleta
[INFO] [1791582192.089100, 1567.620000]: [mission] REFINE: 10 amostras — parede (0.002, 2.998, -0.000) yaw=-3.142
[INFO] [1791582192.143481, 1567.672000]: [mission] REFINE: parede pelo LASER — 100 pontos, resíduo 5.0 mm: profundidade -0.6 mm e yaw -0.10° em relação à tag → parede (0.002, 2.998, -0.000) yaw=3.140
[INFO] [1791582192.145257, 1567.674000]: [mission] REFINE: deslocou 0.005 m da estimativa anterior
[INFO] [1791582192.146482, 1567.675000]: [mission] olhal estimado em (0.201, 2.868, 0.805)
[INFO] [1791582192.151029, 1567.680000]: State machine transitioning 'REFINE':'ok'-->'DEPLOY'
[INFO] [1791582192.152889, 1567.682000]: [mission] DEPLOY: IK resolvida para a POSE DE MANIPULAÇÃO (0.20, 2.25, 1.57 rad), não para a atual
[INFO] [1791582196.888239, 1569.895000]: [mission] DEPLOY: IK nivelada 0.0710 m, só eixo 0.0014 m — a MISSÃO INTEIRA usa "eixo"
[INFO] [1791582196.894061, 1572.415000]: [mission] DEPLOY: IK da ponta resolvida (resíduo 0.0014 m, degrau 0.4°) — pré-posicionando em [-10.9 -46.5  60.   78.5 -10.9] graus
[INFO] [1791582207.759036, 1583.121000]: [mission] plano de exclusão publicado: parede em [ 2.000e-03  2.998e+00 -0.000e+00], normal segura [-0.002 -1.     0.   ]
[INFO] [1791582207.972373, 1583.327000]: [mission] teto por postura ativo no drive: v<=0.25 w<=0.50 rampa 0.55/1.61
[INFO] [1791582209.908898, 1585.227000]: [mission] DEPLOY/aproxima: alinhado, avançando (0.30 m)
[INFO] [1791582213.251050, 1588.527000]: [mission] DEPLOY/aproxima: chegou, ajustando heading final
[INFO] [1791582216.593304, 1591.827000]: [mission] DEPLOY/aproxima: concluído
[INFO] [1791582216.596114, 1591.830000]: State machine transitioning 'DEPLOY':'ok'-->'MANIPULATE'
[INFO] [1791582216.599391, 1591.833000]: [mission] fase "orienta": modo IK iterativa (YAML)
[INFO] [1791582216.606556, 1591.839000]: [mission] âncora engatada (fase "orienta")
[INFO] [1791582220.976126, 1596.147000]: [mission] fase "orienta" it0: ponta (0.293, 2.719, 0.814) erro=0.0021 | degrau eixo 0.1° | rolagem 0.2° | IK pediu [-19.1 -32.   32.4  88.9 -14.2] | faltou [0. 0. 0. 0. 0.] graus
[INFO] [1791582220.980042, 1596.152000]: [mission] âncora solta — 2 correções de deriva
[INFO] [1791582220.982059, 1596.153000]: [mission] fase "orienta" alcançada em 1 iteração(ões) (0.0021 m) — âncora corrigiu 2 vez(es)
[INFO] [1791582221.494756, 1596.661000]: [mission] fase "aproxima_lateral": modo IK iterativa (YAML)
[INFO] [1791582221.512496, 1596.678000]: [mission] âncora engatada (fase "aproxima_lateral")
[INFO] [1791582228.247880, 1603.307000]: [mission] fase "aproxima_lateral" it0: ponta (0.292, 2.863, 0.815) erro=0.0032 | degrau eixo 4.6° | rolagem 4.6° | IK pediu [-16.2 -13.5   0.   79.2 -10.3] | faltou [-0.2 -4.   9.  -5.2  0. ] graus
[INFO] [1791582228.250500, 1603.310000]: [mission] fase "aproxima_lateral" it0: no frame da parede eixo=+0.1 prof=+3.2 alt=-0.2 mm (tolerância 40/8/5)
[INFO] [1791582228.252506, 1603.312000]: [mission] âncora solta — 4 correções de deriva
[INFO] [1791582228.253739, 1603.313000]: [mission] fase "aproxima_lateral" alcançada em 1 iteração(ões) (0.0032 m) — âncora corrigiu 4 vez(es)
[INFO] [1791582228.767250, 1603.819000]: [mission] fase "atravessa": modo IK iterativa (YAML)
[INFO] [1791582228.771948, 1603.823000]: [mission] âncora engatada (fase "atravessa")
[INFO] [1791582233.772162, 1608.754000]: [mission] fase "atravessa" it0: ponta (0.209, 2.865, 0.812) erro=0.0060 | degrau eixo 1.5° | rolagem 1.5° | IK pediu [ -9.6 -15.6   3.2  81.3  -4. ] | faltou [0. 0. 0. 0. 0.] graus
[WARN] [1791582261.572393, 1636.060000]: [mission] RETRACT: ponta a 0.139 m do olhal — saindo em degraus: sobe 30 mm, 120 mm pelo eixo do furo, 100 mm para fora, antes de recolher
[INFO] [1791582233.773710, 1608.755000]: [mission] fase "atravessa" it0: no frame da parede eixo=-0.4 prof=+5.5 alt=+2.4 mm (tolerância 8/6/5)
[INFO] [1791582233.774662, 1608.757000]: [mission] âncora solta — 3 correções de deriva
[INFO] [1791582233.775292, 1608.757000]: [mission] fase "atravessa" alcançada em 1 iteração(ões) (0.0060 m) — âncora corrigiu 3 vez(es)
[INFO] [1791582234.288285, 1609.260000]: [mission] fase "captura": modo IK iterativa (YAML)
[INFO] [1791582234.296080, 1609.267000]: [mission] âncora engatada (fase "captura")
[INFO] [1791582237.408369, 1612.299000]: [mission] fase "captura" it0: ponta (0.209, 2.874, 0.795) erro=0.0065 | degrau eixo 1.6° | rolagem 1.7° | IK pediu [ -9.5 -16.8   0.8  83.3  -4. ] | faltou [0. 0. 0. 0. 0.] graus
[INFO] [1791582237.410717, 1612.302000]: [mission] fase "captura" it0: no frame da parede eixo=-0.7 prof=+6.4 alt=+0.2 mm (tolerância 8/6/10)
[INFO] [1791582240.201892, 1615.034000]: [mission] fase "captura" it1: ponta (0.209, 2.859, 0.797) erro=0.0096 | degrau eixo 1.6° | rolagem 1.6° | IK pediu [ -9.6 -17.1   0.4  85.7  -4.2] | faltou [0. 0. 0. 0. 0.] graus
[INFO] [1791582240.205244, 1615.037000]: [mission] fase "captura" it1: no frame da parede eixo=-0.8 prof=-9.3 alt=-1.9 mm (tolerância 8/6/10)
[INFO] [1791582242.825580, 1617.589000]: [mission] fase "captura" it2: ponta (0.209, 2.870, 0.792) erro=0.0030 | degrau eixo 1.7° | rolagem 1.7° | IK pediu [ -9.6 -16.7  -0.1  84.1  -4.1] | faltou [0. 0. 0. 0. 0.] graus
[INFO] [1791582242.829252, 1617.592000]: [mission] fase "captura" it2: no frame da parede eixo=-0.8 prof=+1.7 alt=+2.3 mm (tolerância 8/6/10)
[INFO] [1791582242.831880, 1617.595000]: [mission] âncora solta — 5 correções de deriva
[INFO] [1791582242.833971, 1617.597000]: [mission] fase "captura" alcançada em 3 iteração(ões) (0.0030 m) — âncora corrigiu 5 vez(es)
[INFO] [1791582242.843341, 1617.607000]: [mission] captura: ponta registrada em eixo=-7.2 prof=-1.8 alt=-12.3 mm (zero da descida do destrava e da deriva de eixo)
[INFO] [1791582243.359976, 1618.108000]: [mission] fase "destrava": alvo em altura relativo à captura: -32.3 mm (captura -12.3 − curso 18 − margem 2)
[INFO] [1791582243.363471, 1618.111000]: [mission] fase "destrava": modo whole-body/Fuzzy (YAML)
[INFO] [1791582243.568964, 1618.314000]: [mission] plano de exclusão publicado: parede em [ 2.000e-03  2.998e+00 -0.000e+00], normal segura [-0.002 -1.     0.   ]
[INFO] [1791582243.872773, 1618.617000]: [mission] fase "destrava": whole-body assumiu (base livre, restrita pelo plano de exclusão)
[INFO] [1791582243.873928, 1618.618000]: [mission] fase "destrava": whole-body a 0.0181 m do alvo — eixo=+7.1 prof=+2.4 alt=-16.4 mm
[INFO] [1791582245.291395, 1620.017000]: [mission] fase "destrava" alcançada por whole-body em 1.4s (0.0079 m) — no frame da parede eixo=+7.0 prof=-3.4 alt=-1.4 mm (tolerância 10/6/4)
[INFO] [1791582245.503673, 1620.227000]: [mission] destrava: ponta desceu 18.1 mm desde a captura (critério observável) | lingueta 12.3 mm (só na simulação)
[INFO] [1791582245.505398, 1620.228000]: [mission] destrava: lingueta em 12.3 mm — gatilho solto
[INFO] [1791582246.014156, 1620.731000]: [mission] fase "libera": modo whole-body/Fuzzy (YAML)
[INFO] [1791582246.218470, 1620.933000]: [mission] plano de exclusão publicado: parede em [ 2.000e-03  2.998e+00 -0.000e+00], normal segura [-0.002 -1.     0.   ]
[INFO] [1791582246.522846, 1621.236000]: [mission] fase "libera": whole-body assumiu (base livre, restrita pelo plano de exclusão)
[INFO] [1791582246.524323, 1621.237000]: [mission] fase "libera": whole-body a 0.0290 m do alvo — eixo=+7.0 prof=+27.7 alt=+4.8 mm
[INFO] [1791582248.654416, 1623.336000]: [mission] fase "libera": whole-body a 0.0100 m do alvo — eixo=+7.0 prof=+5.2 alt=+4.8 mm
[INFO] [1791582249.056571, 1623.736000]: [mission] fase "libera" alcançada por whole-body em 2.5s (0.0077 m) — no frame da parede eixo=+7.1 prof=+2.9 alt=+0.9 mm (tolerância 40/8/6)
[INFO] [1791582249.767446, 1624.440000]: [mission] fase "arco1"/puxa: RECUANDO 0.022 m só com as rodas
[INFO] [1791582250.289096, 1624.943000]: [mission] fase "arco1"/puxa: concluído (0.023 m)
[INFO] [1791582250.291578, 1624.945000]: [mission] fase "arco1": modo whole-body/Fuzzy (YAML)
[INFO] [1791582250.503110, 1625.148000]: [mission] plano de exclusão publicado: parede em [ 2.000e-03  2.998e+00 -0.000e+00], normal segura [-0.002 -1.     0.   ]
[INFO] [1791582250.812702, 1625.453000]: [mission] fase "arco1": whole-body assumiu (base livre, restrita pelo plano de exclusão)
[INFO] [1791582250.815154, 1625.455000]: [mission] fase "arco1": whole-body a 0.0189 m do alvo — eixo=+7.1 prof=-9.7 alt=-14.5 mm
[INFO] [1791582251.216265, 1625.854000]: [mission] fase "arco1" alcançada por whole-body em 0.4s (0.0132 m) — no frame da parede eixo=+7.1 prof=-7.3 alt=-8.5 mm (tolerância 40/10/15)
[INFO] [1791582251.217335, 1625.855000]: [mission] arco1: SOLTURA observável — recuo 60.8 mm desde a captura (mín 40) com deriva de eixo +0.1 mm → SOLTA
[INFO] [1791582251.430604, 1626.065000]: [mission] waypoint de 15° — lâmina medida em 15.5° (abertura por CONTATO)
[INFO] [1791582251.940758, 1626.566000]: [mission] fase "arco2"/puxa: RECUANDO 0.048 m só com as rodas
[INFO] [1791582252.906929, 1627.517000]: [mission] fase "arco2"/puxa: concluído (0.051 m)
[INFO] [1791582252.908442, 1627.518000]: [mission] fase "arco2": modo whole-body/Fuzzy (YAML)
[INFO] [1791582253.116608, 1627.721000]: [mission] plano de exclusão publicado: parede em [ 2.000e-03  2.998e+00 -0.000e+00], normal segura [-0.002 -1.     0.   ]
[INFO] [1791582253.428768, 1628.025000]: [mission] fase "arco2": whole-body assumiu (base livre, restrita pelo plano de exclusão)
[INFO] [1791582253.433147, 1628.029000]: [mission] fase "arco2": whole-body a 0.0159 m do alvo — eixo=+7.1 prof=+3.3 alt=-13.8 mm
[INFO] [1791582253.833113, 1628.427000]: [mission] fase "arco2" alcançada por whole-body em 0.4s (0.0118 m) — no frame da parede eixo=+7.1 prof=-2.4 alt=-9.1 mm (tolerância 40/10/15)
[INFO] [1791582254.039296, 1628.633000]: [mission] waypoint de 30° — lâmina medida em 30.8° (abertura por CONTATO)
[INFO] [1791582254.545151, 1629.134000]: [mission] fase "desengata": modo IK iterativa (YAML)
[INFO] [1791582254.549887, 1629.138000]: [mission] âncora engatada (fase "desengata")
[INFO] [1791582260.645740, 1635.142000]: [mission] fase "desengata" it0: ponta (0.288, 2.770, 0.753) erro=0.0045 | degrau eixo 4.8° | rolagem 4.8° | IK pediu [-15.  -21.2   0.   85.1  -9.9] | faltou [ 0.2 -0.8  1.9 -1.1  0.1] graus
[INFO] [1791582260.649680, 1635.146000]: [mission] âncora solta — 2 correções de deriva
[INFO] [1791582260.652148, 1635.148000]: [mission] fase "desengata" alcançada em 1 iteração(ões) (0.0045 m) — âncora corrigiu 2 vez(es)
[INFO] [1791582261.169002, 1635.659000]: [mission] MANIPULATE concluída — chave ABERTA, lâmina medida em 30.8°
[INFO] [1791582261.169669, 1635.659000]: State machine transitioning 'MANIPULATE':'done'-->'RETRACT'
[INFO] [1791582261.579363, 1636.067000]: [mission] âncora engatada (fase "saida_sobe")
[INFO] [1791582264.214820, 1638.672000]: [mission] fase "saida_sobe" it0: ponta (0.286, 2.775, 0.782) erro=0.0037 | degrau eixo 4.3° | rolagem 4.3° | IK pediu [-14.8 -17.7   0.   83.7  -9.7] | faltou [0. 0. 0. 0. 0.] graus
[INFO] [1791582264.217727, 1638.675000]: [mission] fase "saida_sobe" it0: no frame da parede eixo=-1.4 prof=+3.4 alt=+0.7 mm (tolerância 30/20/10)
[INFO] [1791582264.218807, 1638.676000]: [mission] fase "saida_sobe" alcançada em 1 iteração(ões) (0.0037 m)
[INFO] [1791582264.222018, 1638.680000]: [mission] âncora engatada (fase "saida_eixo")
[INFO] [1791582270.224092, 1644.607000]: [mission] fase "saida_eixo" it0: ponta (0.397, 2.777, 0.784) erro=0.0114 | degrau eixo 10.0° | rolagem 10.0° | IK pediu [-24.7 -16.    0.   76.1 -17.9] | faltou [ 0.7  1.3 -2.9  1.6 -0. ] graus
[INFO] [1791582270.228872, 1644.612000]: [mission] fase "saida_eixo" it0: no frame da parede eixo=-9.9 prof=+5.7 alt=-0.7 mm (tolerância 20/20/15)
[INFO] [1791582270.230625, 1644.614000]: [mission] âncora solta — 1 correções de deriva
[INFO] [1791582270.231811, 1644.615000]: [mission] fase "saida_eixo" alcançada em 1 iteração(ões) (0.0114 m) — âncora corrigiu 1 vez(es)
[INFO] [1791582270.235715, 1644.619000]: [mission] âncora engatada (fase "saida_fora")
[INFO] [1791582277.068096, 1651.347000]: [mission] fase "saida_fora" it0: ponta (0.408, 2.671, 0.783) erro=0.0017 | degrau eixo 4.6° | rolagem 4.7° | IK pediu [-28.4 -20.3  -0.   98.9 -23.4] | faltou [-0.4  0.1 -0.1 -0.1 -0.1] graus
[INFO] [1791582277.070809, 1651.350000]: [mission] fase "saida_fora" it0: no frame da parede eixo=+1.6 prof=+0.3 alt=-0.5 mm (tolerância 30/20/20)
[INFO] [1791582277.072640, 1651.352000]: [mission] âncora solta — 2 correções de deriva
[INFO] [1791582277.075120, 1651.354000]: [mission] fase "saida_fora" alcançada em 1 iteração(ões) (0.0017 m) — âncora corrigiu 2 vez(es)
[INFO] [1791582277.076564, 1651.356000]: [mission] RETRACT/afasta: RECUANDO 0.250 m só com as rodas
[INFO] [1791582281.545630, 1655.757000]: [mission] RETRACT/afasta: concluído (0.251 m)
[INFO] [1791582281.547608, 1655.759000]: [mission] postura "stow_home" comandada: [0.0, 1.1, -1.04, -1.8, 0.0]
[INFO] [1791582297.104731, 1671.060000]: State machine transitioning 'RETRACT':'ok'-->'RETURN'
[INFO] [1791582297.106991, 1671.062000]: [mission] RETURN — voltando a (-0.01, 1.01, 0.07 rad)
[INFO] [1791582312.326787, 1686.064000]: [mission] RETURN: alinhado, avançando (1.13 m)
[INFO] [1791582312.377957, 1686.114000]: [mission] teto por postura ativo no drive: v<=0.24 w<=0.50 rampa 0.52/1.51
[INFO] [1791582320.975785, 1694.565000]: [mission] RETURN: chegou, ajustando heading final
[INFO] [1791582321.024400, 1694.614000]: [mission] teto por postura ativo no drive: v<=0.24 w<=0.50 rampa 0.52/1.51
[INFO] [1791582328.491639, 1701.964000]: [mission] RETURN: concluído
[INFO] [1791582328.496813, 1701.969000]: [mission] RETURN/home: procurando os fins de curso (J4, J3, J2, J5, J1)
[INFO] [1791582363.586015, 1736.471000]: [mission] RETURN/home: cinco switches achados — referência das juntas estabelecida
[INFO] [1791582363.587662, 1736.472000]: [mission] postura "home" comandada: [0.0, 1.108, -1.021, -1.894, 0.0]
[INFO] [1791582377.919041, 1750.574000]: [mission] RETURN/home: braço em HOME POSITION (J1/J5 em zero, J2/J3/J4 nos switches)
[INFO] [1791582377.920946, 1750.576000]: State machine terminating 'RETURN':'home':'MISSION_OK'
[INFO] [1791582377.922126, 1750.577000]: [mission] resultado: MISSION_OK
... logging to /home/marco/.ros/log/b1b629ea-c426-11f1-9fda-b025aa85b2a2/roslaunch-shiroi-190696.log
Checking log directory for disk usage. This may take a while.
Press Ctrl-C to interrupt
]2;/home/marco/b166er/src/b166er_whole_body_control/launch/chave_mission.launch
[1mstarted roslaunch server http://shiroi:34947/[0m

SUMMARY
========

PARAMETERS
 * /chave_mission/estado_final: 
 * /chave_mission/estado_inicial: HOMING
 * /chave_mission/pausa_por_fase: False
 * /chave_mission/search_omega: 0.35
 * /chave_mission/standoff_distance: 0.62
 * /chave_mission/use_wholebody: False
 * /chave_seccionadora_task/aproxima_lateral/modo: ik
 * /chave_seccionadora_task/aproxima_lateral/offset_xyz_m: [-0.09, 0.008, 0.01]
 * /chave_seccionadora_task/aproxima_lateral/tol_xyz_m: [0.04, 0.008, 0.005]
 * /chave_seccionadora_task/arco1/blade_angle_deg: 15
 * /chave_seccionadora_task/arco1/deriva_eixo_max_m: 0.015
 * /chave_seccionadora_task/arco1/modo: wb
 * /chave_seccionadora_task/arco1/offset_xyz_m: [0.0, 0.0518, -0....
 * /chave_seccionadora_task/arco1/soltura_recuo_min_m: 0.04
 * /chave_seccionadora_task/arco1/tol_xyz_m: [0.04, 0.01, 0.015]
 * /chave_seccionadora_task/arco2/blade_angle_deg: 30
 * /chave_seccionadora_task/arco2/deriva_eixo_max_m: 0.015
 * /chave_seccionadora_task/arco2/modo: wb
 * /chave_seccionadora_task/arco2/offset_xyz_m: [0.0, 0.1, -0.0518]
 * /chave_seccionadora_task/arco2/tol_xyz_m: [0.04, 0.01, 0.015]
 * /chave_seccionadora_task/atravessa/modo: ik
 * /chave_seccionadora_task/atravessa/offset_xyz_m: [-0.008, 0.008, 0...
 * /chave_seccionadora_task/atravessa/tol_xyz_m: [0.008, 0.006, 0....
 * /chave_seccionadora_task/captura/modo: ik
 * /chave_seccionadora_task/captura/offset_xyz_m: [-0.008, 0.0, -0.01]
 * /chave_seccionadora_task/captura/tol_xyz_m: [0.008, 0.006, 0.01]
 * /chave_seccionadora_task/desengata/modo: ik
 * /chave_seccionadora_task/desengata/offset_xyz_m: [-0.09, 0.1, -0.0...
 * /chave_seccionadora_task/destrava/curso_estagna_m: 0.01
 * /chave_seccionadora_task/destrava/curso_margem_m: 0.002
 * /chave_seccionadora_task/destrava/curso_min_m: 0.018
 * /chave_seccionadora_task/destrava/curso_teto_m: 0.022
 * /chave_seccionadora_task/destrava/modo: wb
 * /chave_seccionadora_task/destrava/offset_xyz_m: [0.0, 0.0, -0.025]
 * /chave_seccionadora_task/destrava/tol_xyz_m: [0.01, 0.006, 0.004]
 * /chave_seccionadora_task/libera/deriva_eixo_max_m: 0.015
 * /chave_seccionadora_task/libera/modo: wb
 * /chave_seccionadora_task/libera/offset_xyz_m: [0.0, 0.03, -0.025]
 * /chave_seccionadora_task/libera/tol_xyz_m: [0.04, 0.008, 0.006]
 * /chave_seccionadora_task/orienta/modo: ik
 * /chave_seccionadora_task/orienta/offset_xyz_m: [-0.09, 0.15, 0.0...
 * /chave_seccionadora_task/reassenta_sobe/tol_xyz_m: [0.03, 0.02, 0.005]
 * /chave_seccionadora_task/saida_eixo/tol_xyz_m: [0.02, 0.02, 0.015]
 * /chave_seccionadora_task/saida_fora/tol_xyz_m: [0.03, 0.02, 0.02]
 * /chave_seccionadora_task/saida_sobe/tol_xyz_m: [0.03, 0.02, 0.01]
 * /chave_seccionadora_task/target_frame: chave_olhal_link
 * /fuzzy_wb_controller/fixed_gains: []
 * /rosdistro: noetic
 * /rosversion: 1.17.4

NODES
  /
    chave_mission (b166er_whole_body_control/chave_mission.py)

[1mROS_MASTER_URI=http://localhost:11311[0m
]2;/home/marco/b166er/src/b166er_whole_body_control/launch/chave_mission.launch http://localhost:11311
[1mprocess[chave_mission-1]: started with pid [190740][0m
[1m[chave_mission-1] process has finished cleanly
log file: /home/marco/.ros/log/b1b629ea-c426-11f1-9fda-b025aa85b2a2/chave_mission-1*.log[0m
all processes on machine have died, roslaunch will exit
shutting down processing monitor...
... shutting down processing monitor complete
[1mdone[0m
