[31mWARNING: disk usage in log directory [/home/marco/.ros/log] is over 1GB.
It's recommended that you use the 'rosclean' command.[0m
the rosdep view is empty: call 'sudo rosdep init' and 'rosdep update'
[WARN] [1790817059.369428, 918.792000]: [mission] SEARCH: 2 de 25 amostras descartadas como outlier (>0.15 m ou >0.20 rad da mediana)
[WARN] [1790817059.422945, 918.845000]: [mission] SEARCH: laser com só 18 pontos de parede (mín 30) — parede fica pela tag
[INFO] [1790817035.156120, 0.000000]: garra_dx = 0.000 m (fechada)
[INFO] [1790817035.259927, 895.051000]: State machine starting in initial state 'STOW_INIT' with userdata: 
	[]
[INFO] [1790817035.465145, 895.251000]: [mission] pose de partida registrada: (0.01, 1.00, -0.01 rad)
[INFO] [1790817035.467026, 895.253000]: [mission] postura "stow_home" comandada: [0.0, 1.13, -1.04, -1.8, 0.0]
[INFO] [1790817035.569012, 895.354000]: State machine transitioning 'STOW_INIT':'ok'-->'SEARCH'
[INFO] [1790817035.570650, 895.355000]: [mission] postura "search" comandada: [0.0, 1.0, -1.0, 0.0, 0.0]
[INFO] [1790817041.669543, 901.357000]: [mission] SEARCH — girando à procura da tag...
[INFO] [1790817041.676917, 901.364000]: [mission] SEARCH: amostra quando a tag estiver a raio 0.35-0.50 do quadro (vista oblíqua; omega fina 0.15 rad/s)
[INFO] [1790817044.037680, 903.666000]: [mission] SEARCH: tag a raio 0.82 — girando até <= 0.50
[INFO] [1790817050.418379, 909.966000]: [mission] SEARCH: tag a raio 0.50 — parando
[INFO] [1790817050.419626, 909.967000]: [mission] tag avistada — parando para medir
[INFO] [1790817051.439400, 910.975000]: [mission] âncora engatada (coleta do SEARCH)
[INFO] [1790817051.440571, 910.976000]: [mission] SEARCH: coleta com dither ±0.05 rad/s (período 3.0 s)
[INFO] [1790817059.355030, 918.779000]: [mission] âncora solta — 13 correções de deriva
[INFO] [1790817059.356975, 918.781000]: [mission] SEARCH: âncora corrigiu a deriva 13 vez(es) durante a coleta
[INFO] [1790817059.370452, 918.794000]: [mission] SEARCH: 23 amostras — parede (0.021, 3.087, -0.002) yaw=2.918
[INFO] [1790817059.425378, 918.848000]: [mission] parede localizada em (0.021, 3.087, -0.002)
[INFO] [1790817059.433746, 918.856000]: State machine transitioning 'SEARCH':'found'-->'APPROACH'
[INFO] [1790817059.436758, 918.859000]: [mission] APPROACH etapa 1/2 — 1.30 m do olhal, alvo (-0.10, 1.65, 1.35 rad)
[INFO] [1790817063.429202, 922.811000]: [mission] APPROACH: alinhado, avançando (0.82 m)
[INFO] [1790817063.481121, 922.862000]: [mission] teto por postura ativo no drive: v<=0.17 w<=0.50 rampa 0.45/1.52
[INFO] [1790817069.842108, 929.112000]: [mission] APPROACH: chegou, ajustando heading final
[INFO] [1790817069.892817, 929.161000]: [mission] teto por postura ativo no drive: v<=0.17 w<=0.50 rampa 0.45/1.52
[INFO] [1790817073.721481, 932.911000]: [mission] APPROACH: concluído
[INFO] [1790817074.734807, 933.914000]: [mission] âncora engatada (coleta do APPROACH/remedida)
[INFO] [1790817074.735993, 933.915000]: [mission] APPROACH/remedida: coleta com dither ±0.05 rad/s (período 3.0 s)
[INFO] [1790817076.303380, 935.453000]: [mission] âncora solta — 2 correções de deriva
[INFO] [1790817076.305305, 935.455000]: [mission] APPROACH/remedida: âncora corrigiu a deriva 2 vez(es) durante a coleta
[INFO] [1790817076.308107, 935.457000]: [mission] APPROACH/remedida: 10 amostras — parede (0.010, 3.012, -0.004) yaw=-3.139
[INFO] [1790817076.363942, 935.511000]: [mission] APPROACH/remedida: parede pelo LASER — 80 pontos, resíduo 5.8 mm: profundidade +11.7 mm e yaw -0.12° em relação à tag → parede (0.010, 3.001, -0.004) yaw=-3.141
[INFO] [1790817076.366597, 935.513000]: [mission] APPROACH etapa 2/2 — 0.88 m do olhal, alvo (0.38, 1.99, 1.57 rad)
[INFO] [1790817080.555665, 939.616000]: [mission] APPROACH: alinhado, avançando (0.72 m)
[INFO] [1790817080.605757, 939.666000]: [mission] teto por postura ativo no drive: v<=0.17 w<=0.50 rampa 0.45/1.52
[INFO] [1790817086.644006, 945.616000]: [mission] APPROACH: chegou, ajustando heading final
[INFO] [1790817086.696469, 945.666000]: [mission] teto por postura ativo no drive: v<=0.17 w<=0.50 rampa 0.45/1.52
[INFO] [1790817092.390523, 951.267000]: [mission] APPROACH: concluído
[INFO] [1790817092.399855, 951.276000]: State machine transitioning 'APPROACH':'arrived'-->'REFINE'
[INFO] [1790817092.401574, 951.278000]: [mission] REFINE — remedindo a parede de perto (10 amostras)
[INFO] [1790817092.406693, 951.283000]: [mission] âncora engatada (coleta do REFINE)
[INFO] [1790817092.408217, 951.285000]: [mission] REFINE: coleta com dither ±0.05 rad/s (período 3.0 s)
[INFO] [1790817093.553506, 952.419000]: [mission] âncora solta — 2 correções de deriva
[INFO] [1790817093.555250, 952.421000]: [mission] REFINE: âncora corrigiu a deriva 2 vez(es) durante a coleta
[INFO] [1790817093.558219, 952.423000]: [mission] REFINE: 10 amostras — parede (0.001, 3.002, -0.001) yaw=3.140
[INFO] [1790817093.610324, 952.475000]: [mission] REFINE: parede pelo LASER — 82 pontos, resíduo 5.3 mm: profundidade +2.3 mm e yaw +0.19° em relação à tag → parede (0.001, 3.000, -0.001) yaw=-3.140
[INFO] [1790817093.612139, 952.477000]: [mission] REFINE: deslocou 0.009 m da estimativa anterior
[INFO] [1790817093.613750, 952.479000]: [mission] olhal estimado em (0.202, 2.871, 0.804)
[INFO] [1790817093.621174, 952.486000]: State machine transitioning 'REFINE':'ok'-->'DEPLOY'
[INFO] [1790817093.623924, 952.487000]: [mission] DEPLOY: IK resolvida para a POSE DE MANIPULAÇÃO (0.20, 2.25, 1.57 rad), não para a atual
[INFO] [1790817098.520702, 957.157000]: [mission] DEPLOY: IK nivelada 0.0712 m, só eixo 0.0014 m — a MISSÃO INTEIRA usa "eixo"
[INFO] [1790817098.522364, 957.383000]: [mission] DEPLOY: IK da ponta resolvida (resíduo 0.0014 m, degrau 0.4°) — pré-posicionando em [-10.9 -46.6  60.   78.6  79.1] graus
[INFO] [1790817105.535140, 964.284000]: [mission] plano de exclusão publicado: parede em [ 1.e-03  3.e+00 -1.e-03], normal segura [ 0.002 -1.     0.   ]
[INFO] [1790817105.741978, 964.490000]: [mission] teto por postura ativo no drive: v<=0.23 w<=0.50 rampa 0.52/1.64
[INFO] [1790817109.182745, 967.890000]: [mission] DEPLOY/aproxima: alinhado, avançando (0.41 m)
[INFO] [1790817113.245287, 971.890000]: [mission] DEPLOY/aproxima: chegou, ajustando heading final
[INFO] [1790817117.267937, 975.840000]: [mission] DEPLOY/aproxima: concluído
[INFO] [1790817117.271692, 975.843000]: State machine transitioning 'DEPLOY':'ok'-->'MANIPULATE'
[INFO] [1790817117.275074, 975.846000]: [mission] fase "orienta": modo IK iterativa (YAML)
[INFO] [1790817117.282731, 975.854000]: [mission] âncora engatada (fase "orienta")
[INFO] [1790817121.358760, 979.862000]: [mission] fase "orienta" it0: ponta (0.297, 2.721, 0.812) erro=0.0052 | degrau eixo 0.2° | rolagem 0.0° | IK pediu [-17.8 -23.7  14.8  98.3  76.3] | faltou [ 0.  -0.5  1.1  0.   0. ] graus
[INFO] [1790817121.362046, 979.866000]: [mission] âncora solta — 1 correções de deriva
[INFO] [1790817121.364502, 979.868000]: [mission] fase "orienta" alcançada em 1 iteração(ões) (0.0052 m) — âncora corrigiu 1 vez(es)
[INFO] [1790817121.879353, 980.376000]: [mission] fase "aproxima_lateral": modo IK iterativa (YAML)
[INFO] [1790817121.886894, 980.383000]: [mission] âncora engatada (fase "aproxima_lateral")
[INFO] [1790817124.631482, 983.090000]: [mission] fase "aproxima_lateral" it0: ponta (0.295, 2.867, 0.808) erro=0.0080 | degrau eixo 5.1° | rolagem 5.1° | IK pediu [-14.3 -12.7   0.   75.5  80.1] | faltou [ 0.  -0.4 -0.   0.3  0. ] graus
[INFO] [1790817124.633979, 983.093000]: [mission] fase "aproxima_lateral" it0: no frame da parede eixo=+3.6 prof=+4.7 alt=+5.4 mm (tolerância 40/8/5)
[INFO] [1790817126.110517, 984.558000]: [mission] fase "aproxima_lateral" it1: ponta (0.289, 2.863, 0.813) erro=0.0027 | degrau eixo 4.8° | rolagem 5.1° | IK pediu [-13.9 -12.6   0.   76.7  80. ] | faltou [ 0.  -0.2 -0.4 -0.6  0. ] graus
[INFO] [1790817126.115207, 984.564000]: [mission] fase "aproxima_lateral" it1: no frame da parede eixo=-2.6 prof=-0.1 alt=+0.8 mm (tolerância 40/8/5)
[INFO] [1790817126.118573, 984.567000]: [mission] âncora solta — 2 correções de deriva
[INFO] [1790817126.121249, 984.570000]: [mission] fase "aproxima_lateral" alcançada em 2 iteração(ões) (0.0027 m) — âncora corrigiu 2 vez(es)
[INFO] [1790817126.634143, 985.077000]: [mission] fase "atravessa": modo IK iterativa (YAML)
[INFO] [1790817126.638692, 985.081000]: [mission] âncora engatada (fase "atravessa")
[INFO] [1790817128.496115, 986.886000]: [mission] fase "atravessa" it0: ponta (0.213, 2.868, 0.809) erro=0.0083 | degrau eixo 1.8° | rolagem 2.0° | IK pediu [ -7.1 -13.6   0.1  79.   85.9] | faltou [-0.1 -0.2 -0.3 -0.4 -0.1] graus
[WARN] [1790817134.233633, 992.542000]: [mission] fase "destrava": descida estagnou em 14.0 mm (mín 10 para aceitar; alvo 18) — fim de curso do mecanismo, fechando a fase
[WARN] [1790817134.451436, 992.755000]: [mission] destrava: lingueta em 9.1 mm (esperado ≥ 12) — o gatilho pode não ter soltado
[WARN] [1790817150.470349, 1008.498000]: [mission] RETRACT: ponta a 0.141 m do olhal — saindo em degraus: sobe 30 mm, 120 mm pelo eixo do furo, 100 mm para fora, antes de recolher
[INFO] [1790817128.500917, 986.891000]: [mission] fase "atravessa" it0: no frame da parede eixo=+3.5 prof=+5.8 alt=+4.9 mm (tolerância 8/6/5)
[INFO] [1790817128.503375, 986.894000]: [mission] fase "atravessa" alcançada em 1 iteração(ões) (0.0083 m)
[INFO] [1790817129.024247, 987.401000]: [mission] fase "captura": modo IK iterativa (YAML)
[INFO] [1790817129.032112, 987.408000]: [mission] âncora engatada (fase "captura")
[INFO] [1790817130.467498, 988.815000]: [mission] fase "captura" it0: ponta (0.209, 2.874, 0.790) erro=0.0085 | degrau eixo 1.7° | rolagem 1.9° | IK pediu [ -6.  -15.6  -0.1  79.3  86.5] | faltou [-0.5 -0.3 -0.3 -0.4 -0.2] graus
[INFO] [1790817130.469995, 988.818000]: [mission] fase "captura" it0: no frame da parede eixo=+7.1 prof=+3.1 alt=+3.5 mm (tolerância 40/6/10)
[INFO] [1790817130.471499, 988.819000]: [mission] fase "captura" alcançada em 1 iteração(ões) (0.0085 m)
[INFO] [1790817130.480015, 988.827000]: [mission] captura: ponta registrada em eixo=-7.1 prof=-3.1 alt=-13.5 mm (zero da descida do destrava e da deriva de eixo)
[INFO] [1790817130.989137, 989.330000]: [mission] fase "destrava": alvo em altura relativo à captura: -33.5 mm (captura -13.5 − curso 18 − margem 2)
[INFO] [1790817130.991023, 989.331000]: [mission] fase "destrava": modo whole-body/Fuzzy (YAML)
[INFO] [1790817131.200197, 989.534000]: [mission] plano de exclusão publicado: parede em [ 1.e-03  3.e+00 -1.e-03], normal segura [ 0.002 -1.     0.   ]
[INFO] [1790817131.511697, 989.841000]: [mission] fase "destrava": whole-body assumiu (base livre, restrita pelo plano de exclusão)
[INFO] [1790817131.513454, 989.842000]: [mission] fase "destrava": whole-body a 0.0195 m do alvo — eixo=+7.1 prof=+3.2 alt=-17.9 mm
[INFO] [1790817133.629611, 991.942000]: [mission] fase "destrava": whole-body a 0.0094 m do alvo — eixo=+6.9 prof=-2.3 alt=-6.0 mm
[INFO] [1790817134.449450, 992.753000]: [mission] destrava: ponta desceu 12.9 mm desde a captura (critério observável) | lingueta 9.1 mm (só na simulação)
[INFO] [1790817134.959407, 993.256000]: [mission] fase "libera": modo whole-body/Fuzzy (YAML)
[INFO] [1790817135.162904, 993.458000]: [mission] plano de exclusão publicado: parede em [ 1.e-03  3.e+00 -1.e-03], normal segura [ 0.002 -1.     0.   ]
[INFO] [1790817135.467803, 993.760000]: [mission] fase "libera": whole-body assumiu (base livre, restrita pelo plano de exclusão)
[INFO] [1790817135.673061, 993.961000]: [mission] fase "libera": whole-body a 0.0279 m do alvo — eixo=+6.9 prof=+26.8 alt=+3.5 mm
[INFO] [1790817137.793154, 996.062000]: [mission] fase "libera": whole-body a 0.0125 m do alvo — eixo=+6.8 prof=+6.5 alt=+8.3 mm
[INFO] [1790817139.958134, 998.161000]: [mission] fase "libera": whole-body a 0.0183 m do alvo — eixo=+6.8 prof=-15.6 alt=-6.7 mm
[INFO] [1790817142.077562, 1000.261000]: [mission] fase "libera": whole-body a 0.0075 m do alvo — eixo=+6.9 prof=-1.3 alt=-2.5 mm
[INFO] [1790817142.180399, 1000.361000]: [mission] fase "libera" alcançada por whole-body em 6.6s (0.0073 m) — no frame da parede eixo=+6.9 prof=-1.5 alt=-1.7 mm (tolerância 40/8/6)
[INFO] [1790817142.893136, 1001.067000]: [mission] fase "arco1"/puxa: RECUANDO 0.022 m só com as rodas
[INFO] [1790817143.355367, 1001.518000]: [mission] fase "arco1"/puxa: concluído (0.024 m)
[INFO] [1790817143.358006, 1001.520000]: [mission] fase "arco1": modo whole-body/Fuzzy (YAML)
[INFO] [1790817143.568873, 1001.724000]: [mission] plano de exclusão publicado: parede em [ 1.e-03  3.e+00 -1.e-03], normal segura [ 0.002 -1.     0.   ]
[INFO] [1790817143.874623, 1002.027000]: [mission] fase "arco1": whole-body assumiu (base livre, restrita pelo plano de exclusão)
[INFO] [1790817144.178614, 1002.327000]: [mission] fase "arco1": whole-body a 0.0085 m do alvo — eixo=+6.9 prof=-2.4 alt=-4.2 mm
[INFO] [1790817144.279229, 1002.427000]: [mission] fase "arco1" alcançada por whole-body em 0.4s (0.0085 m) — no frame da parede eixo=+6.9 prof=-2.9 alt=-4.1 mm (tolerância 40/10/15)
[INFO] [1790817144.280899, 1002.429000]: [mission] arco1: SOLTURA observável — recuo 57.8 mm desde a captura (mín 40) com deriva de eixo +0.2 mm → SOLTA
[INFO] [1790817144.499322, 1002.641000]: [mission] waypoint de 15° — lâmina medida em 17.4° (abertura por CONTATO)
[INFO] [1790817145.027666, 1003.142000]: [mission] fase "arco2"/puxa: RECUANDO 0.048 m só com as rodas
[INFO] [1790817145.961556, 1004.043000]: [mission] fase "arco2"/puxa: concluído (0.049 m)
[INFO] [1790817145.963100, 1004.044000]: [mission] fase "arco2": modo whole-body/Fuzzy (YAML)
[INFO] [1790817146.167767, 1004.247000]: [mission] plano de exclusão publicado: parede em [ 1.e-03  3.e+00 -1.e-03], normal segura [ 0.002 -1.     0.   ]
[INFO] [1790817146.471662, 1004.550000]: [mission] fase "arco2": whole-body assumiu (base livre, restrita pelo plano de exclusão)
[INFO] [1790817146.474157, 1004.552000]: [mission] fase "arco2": whole-body a 0.0159 m do alvo — eixo=+6.6 prof=-0.3 alt=-14.5 mm
[INFO] [1790817146.876549, 1004.952000]: [mission] fase "arco2" alcançada por whole-body em 0.4s (0.0145 m) — no frame da parede eixo=+6.6 prof=-3.3 alt=-12.5 mm (tolerância 40/10/15)
[INFO] [1790817147.094250, 1005.164000]: [mission] waypoint de 30° — lâmina medida em 29.7° (abertura por CONTATO)
[INFO] [1790817147.607864, 1005.667000]: [mission] fase "desengata": modo IK iterativa (YAML)
[INFO] [1790817147.613117, 1005.672000]: [mission] âncora engatada (fase "desengata")
[INFO] [1790817149.544262, 1007.578000]: [mission] fase "desengata" it0: ponta (0.292, 2.778, 0.746) erro=0.0095 | degrau eixo 6.3° | rolagem 6.6° | IK pediu [-11.  -19.2  -0.   76.7  80. ] | faltou [ 0.1 -0.3 -0.4 -0.5 -0. ] graus
[INFO] [1790817149.548999, 1007.583000]: [mission] fase "desengata" alcançada em 1 iteração(ões) (0.0095 m)
[INFO] [1790817150.064050, 1008.095000]: [mission] MANIPULATE concluída — chave ABERTA, lâmina medida em 30.0°
[INFO] [1790817150.065103, 1008.097000]: State machine transitioning 'MANIPULATE':'done'-->'RETRACT'
[INFO] [1790817150.478775, 1008.506000]: [mission] âncora engatada (fase "saida_sobe")
[INFO] [1790817152.013637, 1010.012000]: [mission] fase "saida_sobe" it0: ponta (0.293, 2.786, 0.770) erro=0.0090 | degrau eixo 6.2° | rolagem 6.4° | IK pediu [-11.  -16.4   0.   74.7  79.9] | faltou [ 0.  -0.3 -0.3 -0.4  0. ] graus
[INFO] [1790817152.016167, 1010.014000]: [mission] fase "saida_sobe" it0: no frame da parede eixo=+0.5 prof=+6.6 alt=+6.1 mm (tolerância 30/20/10)
[INFO] [1790817152.017605, 1010.016000]: [mission] fase "saida_sobe" alcançada em 1 iteração(ões) (0.0090 m)
[INFO] [1790817152.023500, 1010.022000]: [mission] âncora engatada (fase "saida_eixo")
[INFO] [1790817153.954673, 1011.927000]: [mission] fase "saida_eixo" it0: ponta (0.413, 2.788, 0.768) erro=0.0106 | degrau eixo 12.8° | rolagem 13.4° | IK pediu [-20.3 -14.    0.   65.9  73.1] | faltou [ 0.1 -0.3 -0.4 -0.6  0. ] graus
[INFO] [1790817153.957663, 1011.930000]: [mission] fase "saida_eixo" it0: no frame da parede eixo=+0.7 prof=+7.5 alt=+7.4 mm (tolerância 20/20/15)
[INFO] [1790817153.959104, 1011.932000]: [mission] fase "saida_eixo" alcançada em 1 iteração(ões) (0.0106 m)
[INFO] [1790817153.961884, 1011.935000]: [mission] âncora engatada (fase "saida_fora")
[INFO] [1790817156.840465, 1014.761000]: [mission] fase "saida_fora" it0: ponta (0.413, 2.687, 0.773) erro=0.0080 | degrau eixo 7.7° | rolagem 8.7° | IK pediu [-23.7 -20.   -0.   91.1  66.6] | faltou [ 0.1  0.  -0.8 -1.4  0. ] graus
[INFO] [1790817156.846674, 1014.767000]: [mission] fase "saida_fora" it0: no frame da parede eixo=+0.3 prof=+7.2 alt=+3.4 mm (tolerância 30/20/20)
[INFO] [1790817156.850116, 1014.771000]: [mission] âncora solta — 1 correções de deriva
[INFO] [1790817156.852638, 1014.773000]: [mission] fase "saida_fora" alcançada em 1 iteração(ões) (0.0080 m) — âncora corrigiu 1 vez(es)
[INFO] [1790817156.855133, 1014.776000]: [mission] RETRACT/afasta: RECUANDO 0.250 m só com as rodas
[INFO] [1790817161.375882, 1019.228000]: [mission] RETRACT/afasta: concluído (0.251 m)
[INFO] [1790817161.378774, 1019.230000]: [mission] postura "stow_home" comandada: [0.0, 1.13, -1.04, -1.8, 0.0]
[INFO] [1790817172.888813, 1030.533000]: State machine transitioning 'RETRACT':'ok'-->'RETURN'
[INFO] [1790817172.890018, 1030.534000]: [mission] RETURN — voltando a (0.01, 1.00, -0.01 rad)
[INFO] [1790817186.356920, 1043.785000]: [mission] RETURN: alinhado, avançando (1.14 m)
[INFO] [1790817186.407747, 1043.835000]: [mission] teto por postura ativo no drive: v<=0.23 w<=0.50 rampa 0.51/1.52
[INFO] [1790817195.093671, 1052.385000]: [mission] RETURN: chegou, ajustando heading final
[INFO] [1790817195.144181, 1052.435000]: [mission] teto por postura ativo no drive: v<=0.23 w<=0.50 rampa 0.51/1.52
[INFO] [1790817202.041008, 1059.235000]: [mission] RETURN: concluído
[INFO] [1790817202.043468, 1059.237000]: State machine terminating 'RETURN':'home':'MISSION_OK'
[INFO] [1790817202.045891, 1059.239000]: [mission] resultado: MISSION_OK
... logging to /home/marco/.ros/log/c4528f1c-bd32-11f1-ade7-b025aa85b2a2/roslaunch-shiroi-2322280.log
Checking log directory for disk usage. This may take a while.
Press Ctrl-C to interrupt
]2;/home/marco/b166er/src/b166er_whole_body_control/launch/chave_mission.launch
[1mstarted roslaunch server http://shiroi:41529/[0m

SUMMARY
========

PARAMETERS
 * /chave_mission/estado_final: 
 * /chave_mission/estado_inicial: STOW_INIT
 * /chave_mission/pausa_por_fase: False
 * /chave_mission/search_omega: 0.35
 * /chave_mission/standoff_distance: 0.62
 * /chave_mission/use_wholebody: False
 * /chave_seccionadora_task/aproxima_lateral/modo: ik
 * /chave_seccionadora_task/aproxima_lateral/offset_xyz_m: [-0.09, 0.008, 0.01]
 * /chave_seccionadora_task/aproxima_lateral/tol_xyz_m: [0.04, 0.008, 0.005]
 * /chave_seccionadora_task/arco1/blade_angle_deg: 15
 * /chave_seccionadora_task/arco1/deriva_eixo_max_m: 0.015
 * /chave_seccionadora_task/arco1/modo: wb
 * /chave_seccionadora_task/arco1/offset_xyz_m: [0.0, 0.0518, -0....
 * /chave_seccionadora_task/arco1/soltura_recuo_min_m: 0.04
 * /chave_seccionadora_task/arco1/tol_xyz_m: [0.04, 0.01, 0.015]
 * /chave_seccionadora_task/arco2/blade_angle_deg: 30
 * /chave_seccionadora_task/arco2/deriva_eixo_max_m: 0.015
 * /chave_seccionadora_task/arco2/modo: wb
 * /chave_seccionadora_task/arco2/offset_xyz_m: [0.0, 0.1, -0.0518]
 * /chave_seccionadora_task/arco2/tol_xyz_m: [0.04, 0.01, 0.015]
 * /chave_seccionadora_task/atravessa/modo: ik
 * /chave_seccionadora_task/atravessa/offset_xyz_m: [-0.008, 0.008, 0...
 * /chave_seccionadora_task/atravessa/tol_xyz_m: [0.008, 0.006, 0....
 * /chave_seccionadora_task/captura/modo: ik
 * /chave_seccionadora_task/captura/offset_xyz_m: [0.0, 0.0, -0.01]
 * /chave_seccionadora_task/captura/tol_xyz_m: [0.04, 0.006, 0.01]
 * /chave_seccionadora_task/desengata/modo: ik
 * /chave_seccionadora_task/desengata/offset_xyz_m: [-0.09, 0.1, -0.0...
 * /chave_seccionadora_task/destrava/curso_estagna_m: 0.01
 * /chave_seccionadora_task/destrava/curso_margem_m: 0.002
 * /chave_seccionadora_task/destrava/curso_min_m: 0.018
 * /chave_seccionadora_task/destrava/modo: wb
 * /chave_seccionadora_task/destrava/offset_xyz_m: [0.0, 0.0, -0.025]
 * /chave_seccionadora_task/destrava/tol_xyz_m: [0.04, 0.006, 0.004]
 * /chave_seccionadora_task/libera/deriva_eixo_max_m: 0.015
 * /chave_seccionadora_task/libera/modo: wb
 * /chave_seccionadora_task/libera/offset_xyz_m: [0.0, 0.03, -0.025]
 * /chave_seccionadora_task/libera/tol_xyz_m: [0.04, 0.008, 0.006]
 * /chave_seccionadora_task/orienta/modo: ik
 * /chave_seccionadora_task/orienta/offset_xyz_m: [-0.09, 0.15, 0.0...
 * /chave_seccionadora_task/reassenta_sobe/tol_xyz_m: [0.03, 0.02, 0.005]
 * /chave_seccionadora_task/saida_eixo/tol_xyz_m: [0.02, 0.02, 0.015]
 * /chave_seccionadora_task/saida_fora/tol_xyz_m: [0.03, 0.02, 0.02]
 * /chave_seccionadora_task/saida_sobe/tol_xyz_m: [0.03, 0.02, 0.01]
 * /chave_seccionadora_task/target_frame: chave_olhal_link
 * /fuzzy_wb_controller/fixed_gains: []
 * /rosdistro: noetic
 * /rosversion: 1.17.4

NODES
  /
    chave_mission (b166er_whole_body_control/chave_mission.py)

[1mROS_MASTER_URI=http://localhost:11311[0m
]2;/home/marco/b166er/src/b166er_whole_body_control/launch/chave_mission.launch http://localhost:11311
[1mprocess[chave_mission-1]: started with pid [2322324][0m
[1m[chave_mission-1] process has finished cleanly
log file: /home/marco/.ros/log/c4528f1c-bd32-11f1-ade7-b025aa85b2a2/chave_mission-1*.log[0m
all processes on machine have died, roslaunch will exit
shutting down processing monitor...
... shutting down processing monitor complete
[1mdone[0m
