[31mWARNING: disk usage in log directory [/home/marco/.ros/log] is over 1GB.
It's recommended that you use the 'rosclean' command.[0m
the rosdep view is empty: call 'sudo rosdep init' and 'rosdep update'
[WARN] [1790816850.822688, 714.392000]: [mission] SEARCH: 3 de 25 amostras descartadas como outlier (>0.15 m ou >0.20 rad da mediana)
[WARN] [1790816850.874847, 714.445000]: [mission] SEARCH: laser com só 15 pontos de parede (mín 30) — parede fica pela tag
[INFO] [1790816829.419303, 693.329000]: garra_dx = 0.000 m (fechada)
[INFO] [1790816829.468168, 693.370000]: State machine starting in initial state 'STOW_INIT' with userdata: 
	[]
[INFO] [1790816829.770412, 693.680000]: [mission] pose de partida registrada: (0.02, 1.01, -0.06 rad)
[INFO] [1790816829.772028, 693.681000]: [mission] postura "stow_home" comandada: [0.0, 1.13, -1.04, -1.8, 0.0]
[INFO] [1790816829.874381, 693.783000]: State machine transitioning 'STOW_INIT':'ok'-->'SEARCH'
[INFO] [1790816829.875971, 693.784000]: [mission] postura "search" comandada: [0.0, 1.0, -1.0, 0.0, 0.0]
[INFO] [1790816835.976224, 699.785000]: [mission] SEARCH — girando à procura da tag...
[INFO] [1790816835.977253, 699.786000]: [mission] SEARCH: amostra quando a tag estiver a raio 0.35-0.50 do quadro (vista oblíqua; omega fina 0.15 rad/s)
[INFO] [1790816837.823311, 701.587000]: [mission] SEARCH: tag a raio 0.92 — girando até <= 0.50
[INFO] [1790816844.058724, 707.739000]: [mission] SEARCH: tag a raio 0.49 — parando
[INFO] [1790816844.060720, 707.741000]: [mission] tag avistada — parando para medir
[INFO] [1790816845.079689, 708.748000]: [mission] âncora engatada (coleta do SEARCH)
[INFO] [1790816845.081966, 708.750000]: [mission] SEARCH: coleta com dither ±0.05 rad/s (período 3.0 s)
[INFO] [1790816850.812330, 714.383000]: [mission] âncora solta — 10 correções de deriva
[INFO] [1790816850.813994, 714.384000]: [mission] SEARCH: âncora corrigiu a deriva 10 vez(es) durante a coleta
[INFO] [1790816850.823609, 714.394000]: [mission] SEARCH: 22 amostras — parede (0.026, 3.120, -0.002) yaw=2.853
[INFO] [1790816850.877007, 714.447000]: [mission] parede localizada em (0.026, 3.120, -0.002)
[INFO] [1790816850.882015, 714.452000]: State machine transitioning 'SEARCH':'found'-->'APPROACH'
[INFO] [1790816850.883217, 714.454000]: [mission] APPROACH etapa 1/2 — 1.30 m do olhal, alvo (-0.19, 1.69, 1.28 rad)
[INFO] [1790816855.204890, 718.705000]: [mission] APPROACH: alinhado, avançando (0.91 m)
[INFO] [1790816855.257036, 718.755000]: [mission] teto por postura ativo no drive: v<=0.17 w<=0.50 rampa 0.45/1.52
[INFO] [1790816862.538700, 725.905000]: [mission] APPROACH: chegou, ajustando heading final
[INFO] [1790816862.588325, 725.955000]: [mission] teto por postura ativo no drive: v<=0.17 w<=0.50 rampa 0.45/1.52
[INFO] [1790816867.067363, 730.355000]: [mission] APPROACH: concluído
[INFO] [1790816868.082628, 731.359000]: [mission] âncora engatada (coleta do APPROACH/remedida)
[INFO] [1790816868.084270, 731.361000]: [mission] APPROACH/remedida: coleta com dither ±0.05 rad/s (período 3.0 s)
[INFO] [1790816869.230633, 732.498000]: [mission] âncora solta — 1 correções de deriva
[INFO] [1790816869.233403, 732.500000]: [mission] APPROACH/remedida: âncora corrigiu a deriva 1 vez(es) durante a coleta
[INFO] [1790816869.238240, 732.504000]: [mission] APPROACH/remedida: 10 amostras — parede (0.005, 2.997, -0.003) yaw=-3.126
[INFO] [1790816869.294518, 732.559000]: [mission] APPROACH/remedida: parede pelo LASER — 91 pontos, resíduo 5.1 mm: profundidade -1.7 mm e yaw -1.07° em relação à tag → parede (0.005, 2.999, -0.003) yaw=3.139
[INFO] [1790816869.296266, 732.561000]: [mission] APPROACH etapa 2/2 — 0.88 m do olhal, alvo (0.37, 1.99, 1.57 rad)
[INFO] [1790816873.554246, 736.763000]: [mission] APPROACH: alinhado, avançando (0.77 m)
[INFO] [1790816873.604254, 736.813000]: [mission] teto por postura ativo no drive: v<=0.17 w<=0.50 rampa 0.45/1.51
[INFO] [1790816880.106421, 743.213000]: [mission] APPROACH: chegou, ajustando heading final
[INFO] [1790816880.157752, 743.263000]: [mission] teto por postura ativo no drive: v<=0.17 w<=0.50 rampa 0.45/1.51
[INFO] [1790816886.285310, 749.313000]: [mission] APPROACH: concluído
[INFO] [1790816886.290954, 749.319000]: State machine transitioning 'APPROACH':'arrived'-->'REFINE'
[INFO] [1790816886.292399, 749.320000]: [mission] REFINE — remedindo a parede de perto (10 amostras)
[INFO] [1790816886.295725, 749.324000]: [mission] âncora engatada (coleta do REFINE)
[INFO] [1790816886.297237, 749.325000]: [mission] REFINE: coleta com dither ±0.05 rad/s (período 3.0 s)
[INFO] [1790816887.449419, 750.461000]: [mission] âncora solta — 3 correções de deriva
[INFO] [1790816887.452589, 750.464000]: [mission] REFINE: âncora corrigiu a deriva 3 vez(es) durante a coleta
[INFO] [1790816887.455307, 750.466000]: [mission] REFINE: 10 amostras — parede (0.001, 3.008, -0.002) yaw=3.136
[INFO] [1790816887.508567, 750.518000]: [mission] REFINE: parede pelo LASER — 89 pontos, resíduo 5.2 mm: profundidade +8.6 mm e yaw +0.52° em relação à tag → parede (0.001, 2.999, -0.002) yaw=-3.138
[INFO] [1790816887.512242, 750.522000]: [mission] REFINE: deslocou 0.004 m da estimativa anterior
[INFO] [1790816887.514750, 750.524000]: [mission] olhal estimado em (0.201, 2.870, 0.803)
[INFO] [1790816887.522994, 750.533000]: State machine transitioning 'REFINE':'ok'-->'DEPLOY'
[INFO] [1790816887.524926, 750.535000]: [mission] DEPLOY: IK resolvida para a POSE DE MANIPULAÇÃO (0.20, 2.25, 1.57 rad), não para a atual
[INFO] [1790816892.215144, 752.439000]: [mission] DEPLOY: IK nivelada 0.0715 m, só eixo 0.0013 m — a MISSÃO INTEIRA usa "eixo"
[INFO] [1790816892.220909, 755.217000]: [mission] DEPLOY: IK da ponta resolvida (resíduo 0.0013 m, degrau 0.4°) — pré-posicionando em [-10.9 -46.8  60.   78.7  79.1] graus
[INFO] [1790816899.240669, 762.130000]: [mission] plano de exclusão publicado: parede em [ 1.000e-03  2.999e+00 -2.000e-03], normal segura [ 0.003 -1.     0.   ]
[INFO] [1790816899.453943, 762.340000]: [mission] teto por postura ativo no drive: v<=0.23 w<=0.50 rampa 0.52/1.64
[INFO] [1790816903.163809, 765.990000]: [mission] DEPLOY/aproxima: alinhado, avançando (0.46 m)
[INFO] [1790816907.835924, 770.590000]: [mission] DEPLOY/aproxima: chegou, ajustando heading final
[INFO] [1790816913.675068, 776.340000]: [mission] DEPLOY/aproxima: concluído
[INFO] [1790816913.677624, 776.343000]: State machine transitioning 'DEPLOY':'ok'-->'MANIPULATE'
[INFO] [1790816913.679725, 776.345000]: [mission] fase "orienta": modo IK iterativa (YAML)
[INFO] [1790816913.684618, 776.350000]: [mission] âncora engatada (fase "orienta")
[INFO] [1790816916.998413, 779.602000]: [mission] fase "orienta" it0: ponta (0.293, 2.725, 0.810) erro=0.0052 | degrau eixo 0.1° | rolagem 0.1° | IK pediu [-19.6 -29.3  26.   92.9  74.6] | faltou [0. 0. 0. 0. 0.] graus
[INFO] [1790816917.003173, 779.608000]: [mission] âncora solta — 1 correções de deriva
[INFO] [1790816917.005871, 779.611000]: [mission] fase "orienta" alcançada em 1 iteração(ões) (0.0052 m) — âncora corrigiu 1 vez(es)
[INFO] [1790816917.522317, 780.119000]: [mission] fase "aproxima_lateral": modo IK iterativa (YAML)
[INFO] [1790816917.530029, 780.125000]: [mission] âncora engatada (fase "aproxima_lateral")
[INFO] [1790816920.472738, 783.032000]: [mission] fase "aproxima_lateral" it0: ponta (0.290, 2.870, 0.808) erro=0.0090 | degrau eixo 5.0° | rolagem 5.2° | IK pediu [-16.4 -13.7   0.   79.4  78.7] | faltou [ 0.  -1.8  3.2 -1.9  0. ] graus
[INFO] [1790816920.478496, 783.038000]: [mission] fase "aproxima_lateral" it0: no frame da parede eixo=-1.7 prof=+7.5 alt=+4.7 mm (tolerância 40/8/5)
[INFO] [1790816920.481409, 783.041000]: [mission] âncora solta — 1 correções de deriva
[INFO] [1790816920.485224, 783.045000]: [mission] fase "aproxima_lateral" alcançada em 1 iteração(ões) (0.0090 m) — âncora corrigiu 1 vez(es)
[INFO] [1790816921.005679, 783.555000]: [mission] fase "atravessa": modo IK iterativa (YAML)
[INFO] [1790816921.010892, 783.560000]: [mission] âncora engatada (fase "atravessa")
[INFO] [1790816922.854084, 785.372000]: [mission] fase "atravessa" it0: ponta (0.209, 2.868, 0.809) erro=0.0076 | degrau eixo 1.9° | rolagem 2.0° | IK pediu [ -9.6 -14.9   0.7  83.4  84.9] | faltou [-0.1 -0.2 -0.3 -0.3 -0. ] graus
[INFO] [1790816922.856068, 785.374000]: [mission] fase "atravessa" it0: no frame da parede eixo=-0.0 prof=+6.4 alt=+4.0 mm (tolerância 8/6/5)
[INFO] [1790816924.395901, 786.880000]: [mission] fase "atravessa" it1: ponta (0.210, 2.861, 0.809) erro=0.0037 | degrau eixo 1.8° | rolagem 2.0° | IK pediu [ -9.8 -14.7   0.2  85.5  84.8] | faltou [ 0.1 -0.1 -0.7 -1.1  0. ] graus
[WARN] [1790816930.244135, 792.634000]: [mission] fase "destrava": descida estagnou em 12.2 mm (mín 10 para aceitar; alvo 18) — fim de curso do mecanismo, fechando a fase
[WARN] [1790816930.461638, 792.846000]: [mission] destrava: lingueta em 8.9 mm (esperado ≥ 12) — o gatilho pode não ter soltado
[WARN] [1790816942.589110, 804.729000]: [mission] RETRACT: ponta a 0.144 m do olhal — saindo em degraus: sobe 30 mm, 120 mm pelo eixo do furo, 100 mm para fora, antes de recolher
[INFO] [1790816924.398717, 786.883000]: [mission] fase "atravessa" it1: no frame da parede eixo=+0.7 prof=-0.8 alt=+3.5 mm (tolerância 8/6/5)
[INFO] [1790816924.400048, 786.885000]: [mission] âncora solta — 1 correções de deriva
[INFO] [1790816924.400991, 786.885000]: [mission] fase "atravessa" alcançada em 2 iteração(ões) (0.0037 m) — âncora corrigiu 1 vez(es)
[INFO] [1790816924.914151, 787.390000]: [mission] fase "captura": modo IK iterativa (YAML)
[INFO] [1790816924.919315, 787.395000]: [mission] âncora engatada (fase "captura")
[INFO] [1790816926.462771, 788.900000]: [mission] fase "captura" it0: ponta (0.209, 2.872, 0.790) erro=0.0082 | degrau eixo 1.8° | rolagem 1.9° | IK pediu [ -9.  -16.7  -0.2  84.2  85.7] | faltou [-0.7 -0.3 -0.1  0.1 -0.2] graus
[INFO] [1790816926.468732, 788.905000]: [mission] fase "captura" it0: no frame da parede eixo=+7.5 prof=+2.3 alt=+2.2 mm (tolerância 40/6/10)
[INFO] [1790816926.472132, 788.909000]: [mission] fase "captura" alcançada em 1 iteração(ões) (0.0082 m)
[INFO] [1790816926.482571, 788.919000]: [mission] captura: ponta registrada em eixo=-7.5 prof=-2.3 alt=-12.1 mm (zero da descida do destrava e da deriva de eixo)
[INFO] [1790816926.992561, 789.421000]: [mission] fase "destrava": alvo em altura relativo à captura: -32.1 mm (captura -12.1 − curso 18 − margem 2)
[INFO] [1790816926.995690, 789.424000]: [mission] fase "destrava": modo whole-body/Fuzzy (YAML)
[INFO] [1790816927.207470, 789.627000]: [mission] plano de exclusão publicado: parede em [ 1.000e-03  2.999e+00 -2.000e-03], normal segura [ 0.003 -1.     0.   ]
[INFO] [1790816927.516744, 789.933000]: [mission] fase "destrava": whole-body assumiu (base livre, restrita pelo plano de exclusão)
[INFO] [1790816927.518299, 789.934000]: [mission] fase "destrava": whole-body a 0.0214 m do alvo — eixo=+7.5 prof=+2.3 alt=-19.9 mm
[INFO] [1790816929.633951, 792.034000]: [mission] fase "destrava": whole-body a 0.0101 m do alvo — eixo=+7.3 prof=-3.2 alt=-6.2 mm
[INFO] [1790816930.459901, 792.845000]: [mission] destrava: ponta desceu 12.5 mm desde a captura (critério observável) | lingueta 8.9 mm (só na simulação)
[INFO] [1790816930.973202, 793.346000]: [mission] fase "libera": modo whole-body/Fuzzy (YAML)
[INFO] [1790816931.182424, 793.547000]: [mission] plano de exclusão publicado: parede em [ 1.000e-03  2.999e+00 -2.000e-03], normal segura [ 0.003 -1.     0.   ]
[INFO] [1790816931.487911, 793.849000]: [mission] fase "libera": whole-body assumiu (base livre, restrita pelo plano de exclusão)
[INFO] [1790816931.694026, 794.050000]: [mission] fase "libera": whole-body a 0.0277 m do alvo — eixo=+7.3 prof=+26.7 alt=+1.2 mm
[INFO] [1790816933.851525, 796.151000]: [mission] fase "libera": whole-body a 0.0092 m do alvo — eixo=+7.1 prof=+0.5 alt=+5.9 mm
[INFO] [1790816934.253210, 796.550000]: [mission] fase "libera" alcançada por whole-body em 2.7s (0.0075 m) — no frame da parede eixo=+7.1 prof=-0.0 alt=+2.2 mm (tolerância 40/8/6)
[INFO] [1790816934.974746, 797.254000]: [mission] fase "arco1"/puxa: RECUANDO 0.022 m só com as rodas
[INFO] [1790816935.436524, 797.705000]: [mission] fase "arco1"/puxa: concluído (0.024 m)
[INFO] [1790816935.437952, 797.706000]: [mission] fase "arco1": modo whole-body/Fuzzy (YAML)
[INFO] [1790816935.641984, 797.908000]: [mission] plano de exclusão publicado: parede em [ 1.000e-03  2.999e+00 -2.000e-03], normal segura [ 0.003 -1.     0.   ]
[INFO] [1790816935.946405, 798.211000]: [mission] fase "arco1": whole-body assumiu (base livre, restrita pelo plano de exclusão)
[INFO] [1790816935.948957, 798.213000]: [mission] fase "arco1": whole-body a 0.0095 m do alvo — eixo=+7.1 prof=+6.3 alt=-0.4 mm
[INFO] [1790816936.355731, 798.613000]: [mission] fase "arco1" alcançada por whole-body em 0.4s (0.0074 m) — no frame da parede eixo=+7.1 prof=+2.3 alt=-0.3 mm (tolerância 40/10/15)
[INFO] [1790816936.356823, 798.614000]: [mission] arco1: SOLTURA observável — recuo 51.9 mm desde a captura (mín 40) com deriva de eixo +0.5 mm → SOLTA
[INFO] [1790816936.567174, 798.823000]: [mission] waypoint de 15° — lâmina medida em 15.2° (abertura por CONTATO)
[INFO] [1790816937.085278, 799.325000]: [mission] fase "arco2"/puxa: RECUANDO 0.048 m só com as rodas
[INFO] [1790816938.072484, 800.277000]: [mission] fase "arco2"/puxa: concluído (0.053 m)
[INFO] [1790816938.073835, 800.278000]: [mission] fase "arco2": modo whole-body/Fuzzy (YAML)
[INFO] [1790816938.283971, 800.480000]: [mission] plano de exclusão publicado: parede em [ 1.000e-03  2.999e+00 -2.000e-03], normal segura [ 0.003 -1.     0.   ]
[INFO] [1790816938.592110, 800.784000]: [mission] fase "arco2": whole-body assumiu (base livre, restrita pelo plano de exclusão)
[INFO] [1790816938.593266, 800.785000]: [mission] fase "arco2": whole-body a 0.0138 m do alvo — eixo=+6.9 prof=-3.0 alt=-11.5 mm
[INFO] [1790816938.998502, 801.184000]: [mission] fase "arco2" alcançada por whole-body em 0.4s (0.0151 m) — no frame da parede eixo=+6.9 prof=-5.6 alt=-12.2 mm (tolerância 40/10/15)
[INFO] [1790816939.213908, 801.398000]: [mission] waypoint de 30° — lâmina medida em 30.4° (abertura por CONTATO)
[INFO] [1790816939.721397, 801.900000]: [mission] fase "desengata": modo IK iterativa (YAML)
[INFO] [1790816939.725296, 801.904000]: [mission] âncora engatada (fase "desengata")
[INFO] [1790816941.653665, 803.814000]: [mission] fase "desengata" it0: ponta (0.295, 2.776, 0.746) erro=0.0084 | degrau eixo 5.2° | rolagem 5.5° | IK pediu [-16.1 -21.4  -0.   85.   79.3] | faltou [ 0.2 -0.2 -0.3 -0.4 -0. ] graus
[INFO] [1790816941.655425, 803.816000]: [mission] fase "desengata" alcançada em 1 iteração(ões) (0.0084 m)
[INFO] [1790816942.175407, 804.324000]: [mission] MANIPULATE concluída — chave ABERTA, lâmina medida em 30.5°
[INFO] [1790816942.178555, 804.327000]: State machine transitioning 'MANIPULATE':'done'-->'RETRACT'
[INFO] [1790816942.593587, 804.733000]: [mission] âncora engatada (fase "saida_sobe")
[INFO] [1790816944.146647, 806.262000]: [mission] fase "saida_sobe" it0: ponta (0.299, 2.783, 0.771) erro=0.0077 | degrau eixo 5.2° | rolagem 5.4° | IK pediu [-16.1 -18.4   0.   83.2  78.8] | faltou [ 0.  -0.5 -0.2 -0.1  0.1] graus
[INFO] [1790816944.151987, 806.268000]: [mission] fase "saida_sobe" it0: no frame da parede eixo=+2.8 prof=+5.4 alt=+4.7 mm (tolerância 30/20/10)
[INFO] [1790816944.154943, 806.271000]: [mission] fase "saida_sobe" alcançada em 1 iteração(ões) (0.0077 m)
[INFO] [1790816944.159380, 806.276000]: [mission] âncora engatada (fase "saida_eixo")
[INFO] [1790816946.092259, 808.180000]: [mission] fase "saida_eixo" it0: ponta (0.420, 2.783, 0.770) erro=0.0087 | degrau eixo 11.4° | rolagem 11.9° | IK pediu [-25.5 -16.3   0.   74.7  70.9] | faltou [ 0.  -0.3 -0.4 -0.5  0. ] graus
[INFO] [1790816946.095240, 808.184000]: [mission] fase "saida_eixo" it0: no frame da parede eixo=+3.6 prof=+5.1 alt=+6.0 mm (tolerância 20/20/15)
[INFO] [1790816946.096919, 808.186000]: [mission] fase "saida_eixo" alcançada em 1 iteração(ões) (0.0087 m)
[INFO] [1790816946.100739, 808.189000]: [mission] âncora engatada (fase "saida_fora")
[INFO] [1790816948.847288, 810.894000]: [mission] fase "saida_fora" it0: ponta (0.419, 2.681, 0.773) erro=0.0048 | degrau eixo 5.8° | rolagem 6.3° | IK pediu [-28.9 -21.   -0.   97.6  64.7] | faltou [ 0.1 -0.1 -0.4 -0.6  0. ] graus
[INFO] [1790816948.850466, 810.897000]: [mission] fase "saida_fora" it0: no frame da parede eixo=+2.3 prof=+3.4 alt=+2.5 mm (tolerância 30/20/20)
[INFO] [1790816948.852576, 810.899000]: [mission] âncora solta — 1 correções de deriva
[INFO] [1790816948.854503, 810.901000]: [mission] fase "saida_fora" alcançada em 1 iteração(ões) (0.0048 m) — âncora corrigiu 1 vez(es)
[INFO] [1790816948.856718, 810.903000]: [mission] RETRACT/afasta: RECUANDO 0.250 m só com as rodas
[INFO] [1790816953.344198, 815.305000]: [mission] RETRACT/afasta: concluído (0.254 m)
[INFO] [1790816953.347448, 815.308000]: [mission] postura "stow_home" comandada: [0.0, 1.13, -1.04, -1.8, 0.0]
[INFO] [1790816965.237862, 827.011000]: State machine transitioning 'RETRACT':'ok'-->'RETURN'
[INFO] [1790816965.239579, 827.012000]: [mission] RETURN — voltando a (0.02, 1.01, -0.06 rad)
[INFO] [1790816977.994509, 839.564000]: [mission] RETURN: alinhado, avançando (1.19 m)
[INFO] [1790816978.045385, 839.614000]: [mission] teto por postura ativo no drive: v<=0.23 w<=0.50 rampa 0.51/1.52
[INFO] [1790816987.117493, 848.565000]: [mission] RETURN: chegou, ajustando heading final
[INFO] [1790816987.167408, 848.614000]: [mission] teto por postura ativo no drive: v<=0.22 w<=0.50 rampa 0.51/1.52
[INFO] [1790816993.313472, 854.664000]: [mission] RETURN: concluído
[INFO] [1790816993.314731, 854.665000]: State machine terminating 'RETURN':'home':'MISSION_OK'
[INFO] [1790816993.316403, 854.667000]: [mission] resultado: MISSION_OK
... logging to /home/marco/.ros/log/c4528f1c-bd32-11f1-ade7-b025aa85b2a2/roslaunch-shiroi-2318488.log
Checking log directory for disk usage. This may take a while.
Press Ctrl-C to interrupt
]2;/home/marco/b166er/src/b166er_whole_body_control/launch/chave_mission.launch
[1mstarted roslaunch server http://shiroi:39547/[0m

SUMMARY
========

PARAMETERS
 * /chave_mission/estado_final: 
 * /chave_mission/estado_inicial: STOW_INIT
 * /chave_mission/pausa_por_fase: False
 * /chave_mission/search_omega: 0.35
 * /chave_mission/standoff_distance: 0.62
 * /chave_mission/use_wholebody: False
 * /chave_seccionadora_task/aproxima_lateral/modo: ik
 * /chave_seccionadora_task/aproxima_lateral/offset_xyz_m: [-0.09, 0.008, 0.01]
 * /chave_seccionadora_task/aproxima_lateral/tol_xyz_m: [0.04, 0.008, 0.005]
 * /chave_seccionadora_task/arco1/blade_angle_deg: 15
 * /chave_seccionadora_task/arco1/deriva_eixo_max_m: 0.015
 * /chave_seccionadora_task/arco1/modo: wb
 * /chave_seccionadora_task/arco1/offset_xyz_m: [0.0, 0.0518, -0....
 * /chave_seccionadora_task/arco1/soltura_recuo_min_m: 0.04
 * /chave_seccionadora_task/arco1/tol_xyz_m: [0.04, 0.01, 0.015]
 * /chave_seccionadora_task/arco2/blade_angle_deg: 30
 * /chave_seccionadora_task/arco2/deriva_eixo_max_m: 0.015
 * /chave_seccionadora_task/arco2/modo: wb
 * /chave_seccionadora_task/arco2/offset_xyz_m: [0.0, 0.1, -0.0518]
 * /chave_seccionadora_task/arco2/tol_xyz_m: [0.04, 0.01, 0.015]
 * /chave_seccionadora_task/atravessa/modo: ik
 * /chave_seccionadora_task/atravessa/offset_xyz_m: [-0.008, 0.008, 0...
 * /chave_seccionadora_task/atravessa/tol_xyz_m: [0.008, 0.006, 0....
 * /chave_seccionadora_task/captura/modo: ik
 * /chave_seccionadora_task/captura/offset_xyz_m: [0.0, 0.0, -0.01]
 * /chave_seccionadora_task/captura/tol_xyz_m: [0.04, 0.006, 0.01]
 * /chave_seccionadora_task/desengata/modo: ik
 * /chave_seccionadora_task/desengata/offset_xyz_m: [-0.09, 0.1, -0.0...
 * /chave_seccionadora_task/destrava/curso_estagna_m: 0.01
 * /chave_seccionadora_task/destrava/curso_margem_m: 0.002
 * /chave_seccionadora_task/destrava/curso_min_m: 0.018
 * /chave_seccionadora_task/destrava/modo: wb
 * /chave_seccionadora_task/destrava/offset_xyz_m: [0.0, 0.0, -0.025]
 * /chave_seccionadora_task/destrava/tol_xyz_m: [0.04, 0.006, 0.004]
 * /chave_seccionadora_task/libera/deriva_eixo_max_m: 0.015
 * /chave_seccionadora_task/libera/modo: wb
 * /chave_seccionadora_task/libera/offset_xyz_m: [0.0, 0.03, -0.025]
 * /chave_seccionadora_task/libera/tol_xyz_m: [0.04, 0.008, 0.006]
 * /chave_seccionadora_task/orienta/modo: ik
 * /chave_seccionadora_task/orienta/offset_xyz_m: [-0.09, 0.15, 0.0...
 * /chave_seccionadora_task/reassenta_sobe/tol_xyz_m: [0.03, 0.02, 0.005]
 * /chave_seccionadora_task/saida_eixo/tol_xyz_m: [0.02, 0.02, 0.015]
 * /chave_seccionadora_task/saida_fora/tol_xyz_m: [0.03, 0.02, 0.02]
 * /chave_seccionadora_task/saida_sobe/tol_xyz_m: [0.03, 0.02, 0.01]
 * /chave_seccionadora_task/target_frame: chave_olhal_link
 * /fuzzy_wb_controller/fixed_gains: []
 * /rosdistro: noetic
 * /rosversion: 1.17.4

NODES
  /
    chave_mission (b166er_whole_body_control/chave_mission.py)

[1mROS_MASTER_URI=http://localhost:11311[0m
]2;/home/marco/b166er/src/b166er_whole_body_control/launch/chave_mission.launch http://localhost:11311
[1mprocess[chave_mission-1]: started with pid [2318532][0m
[1m[chave_mission-1] process has finished cleanly
log file: /home/marco/.ros/log/c4528f1c-bd32-11f1-ade7-b025aa85b2a2/chave_mission-1*.log[0m
all processes on machine have died, roslaunch will exit
shutting down processing monitor...
... shutting down processing monitor complete
[1mdone[0m
