[31mWARNING: disk usage in log directory [/home/marco/.ros/log] is over 1GB.
It's recommended that you use the 'rosclean' command.[0m
the rosdep view is empty: call 'sudo rosdep init' and 'rosdep update'
[WARN] [1791403412.166913, 278.175000]: [mission] SEARCH: ajuste não convergiu em 8s (raio 0.54) — amostrando assim mesmo
[WARN] [1791403420.417138, 286.299000]: [mission] SEARCH: 7 de 25 amostras descartadas como outlier (>0.15 m ou >0.20 rad da mediana)
[WARN] [1791403420.470208, 286.353000]: [mission] SEARCH: laser com só 16 pontos de parede (mín 30) — parede fica pela tag
[INFO] [1791403391.988534, 258.352000]: garra_dx = 0.000 m (fechada)
[INFO] [1791403392.041054, 258.405000]: State machine starting in initial state 'STOW_INIT' with userdata: 
	[]
[INFO] [1791403392.243716, 258.606000]: [mission] pose de partida registrada: (0.01, 1.00, -0.01 rad)
[INFO] [1791403392.247099, 258.609000]: [mission] postura "stow_home" comandada: [0.0, 1.1, -1.04, -1.8, 0.0]
[INFO] [1791403395.403178, 261.711000]: State machine transitioning 'STOW_INIT':'ok'-->'SEARCH'
[INFO] [1791403395.405422, 261.713000]: [mission] postura "search" comandada: [0.0, 1.0, -1.0, 0.0, 0.0]
[INFO] [1791403402.727290, 268.916000]: [mission] SEARCH — girando à procura da tag...
[INFO] [1791403402.730394, 268.919000]: [mission] SEARCH: amostra quando a tag estiver a raio 0.35-0.50 do quadro (vista oblíqua; omega fina 0.15 rad/s)
[INFO] [1791403403.956835, 270.122000]: [mission] SEARCH: tag a raio 0.97 — girando até <= 0.50
[INFO] [1791403412.167900, 278.176000]: [mission] tag avistada — parando para medir
[INFO] [1791403413.193300, 279.185000]: [mission] âncora engatada (coleta do SEARCH)
[INFO] [1791403413.195476, 279.187000]: [mission] SEARCH: coleta com dither ±0.05 rad/s (período 3.0 s)
[INFO] [1791403420.402657, 286.286000]: [mission] âncora solta — 11 correções de deriva
[INFO] [1791403420.404137, 286.287000]: [mission] SEARCH: âncora corrigiu a deriva 11 vez(es) durante a coleta
[INFO] [1791403420.418535, 286.302000]: [mission] SEARCH: 18 amostras — parede (0.023, 3.126, -0.006) yaw=2.902
[INFO] [1791403420.472198, 286.355000]: [mission] parede localizada em (0.023, 3.126, -0.006)
[INFO] [1791403420.477011, 286.360000]: State machine transitioning 'SEARCH':'found'-->'APPROACH'
[INFO] [1791403420.478169, 286.361000]: [mission] APPROACH etapa 1/2 — 1.30 m do olhal, alvo (-0.12, 1.69, 1.33 rad)
[INFO] [1791403424.954202, 290.762000]: [mission] APPROACH: alinhado, avançando (0.83 m)
[INFO] [1791403425.004547, 290.812000]: [mission] teto por postura ativo no drive: v<=0.18 w<=0.50 rampa 0.46/1.51
[INFO] [1791403431.812755, 297.512000]: [mission] APPROACH: chegou, ajustando heading final
[INFO] [1791403431.864794, 297.562000]: [mission] teto por postura ativo no drive: v<=0.18 w<=0.50 rampa 0.46/1.51
[INFO] [1791403434.763404, 300.412000]: [mission] APPROACH: concluído
[INFO] [1791403435.792161, 301.416000]: [mission] âncora engatada (coleta do APPROACH/remedida)
[INFO] [1791403435.793646, 301.418000]: [mission] APPROACH/remedida: coleta com dither ±0.05 rad/s (período 3.0 s)
[INFO] [1791403437.451082, 303.054000]: [mission] âncora solta — 3 correções de deriva
[INFO] [1791403437.452164, 303.055000]: [mission] APPROACH/remedida: âncora corrigiu a deriva 3 vez(es) durante a coleta
[INFO] [1791403437.453601, 303.056000]: [mission] APPROACH/remedida: 10 amostras — parede (0.009, 3.011, -0.003) yaw=3.134
[INFO] [1791403437.504726, 303.107000]: [mission] APPROACH/remedida: parede pelo LASER — 95 pontos, resíduo 5.2 mm: profundidade +11.9 mm e yaw +0.39° em relação à tag → parede (0.009, 2.999, -0.003) yaw=3.141
[INFO] [1791403437.506373, 303.109000]: [mission] APPROACH etapa 2/2 — 0.88 m do olhal, alvo (0.38, 1.99, 1.57 rad)
[INFO] [1791403441.394379, 306.910000]: [mission] APPROACH: alinhado, avançando (0.65 m)
[INFO] [1791403441.446760, 306.960000]: [mission] teto por postura ativo no drive: v<=0.18 w<=0.50 rampa 0.46/1.51
[INFO] [1791403446.994240, 312.410000]: [mission] APPROACH: chegou, ajustando heading final
[INFO] [1791403447.045636, 312.461000]: [mission] teto por postura ativo no drive: v<=0.18 w<=0.50 rampa 0.46/1.51
[INFO] [1791403452.612595, 317.910000]: [mission] APPROACH: concluído
[INFO] [1791403452.619524, 317.917000]: State machine transitioning 'APPROACH':'arrived'-->'REFINE'
[INFO] [1791403452.622340, 317.920000]: [mission] REFINE — remedindo a parede de perto (10 amostras)
[INFO] [1791403452.629122, 317.926000]: [mission] âncora engatada (coleta do REFINE)
[INFO] [1791403452.631347, 317.928000]: [mission] REFINE: coleta com dither ±0.05 rad/s (período 3.0 s)
[INFO] [1791403453.783831, 319.047000]: [mission] âncora solta — 1 correções de deriva
[INFO] [1791403453.787072, 319.050000]: [mission] REFINE: âncora corrigiu a deriva 1 vez(es) durante a coleta
[INFO] [1791403453.790966, 319.053000]: [mission] REFINE: 10 amostras — parede (0.001, 3.003, 0.000) yaw=3.123
[INFO] [1791403453.845864, 319.107000]: [mission] REFINE: parede pelo LASER — 93 pontos, resíduo 4.7 mm: profundidade +2.3 mm e yaw +1.09° em relação à tag → parede (0.001, 3.000, 0.000) yaw=-3.141
[INFO] [1791403453.847436, 319.108000]: [mission] REFINE: deslocou 0.008 m da estimativa anterior
[INFO] [1791403453.848943, 319.110000]: [mission] olhal estimado em (0.202, 2.871, 0.805)
[INFO] [1791403453.858500, 319.119000]: State machine transitioning 'REFINE':'ok'-->'DEPLOY'
[INFO] [1791403453.862283, 319.122000]: [mission] DEPLOY: IK resolvida para a POSE DE MANIPULAÇÃO (0.20, 2.25, 1.57 rad), não para a atual
[INFO] [1791403458.700341, 321.625000]: [mission] DEPLOY: IK nivelada 0.0707 m, só eixo 0.0014 m — a MISSÃO INTEIRA usa "eixo"
[INFO] [1791403458.705760, 323.960000]: [mission] DEPLOY: IK da ponta resolvida (resíduo 0.0014 m, degrau 0.4°) — pré-posicionando em [-10.9 -46.3  60.   78.4 -10.9] graus
[INFO] [1791403467.056790, 332.164000]: [mission] plano de exclusão publicado: parede em [1.e-03 3.e+00 0.e+00], normal segura [ 0.001 -1.     0.   ]
[INFO] [1791403467.268480, 332.369000]: [mission] teto por postura ativo no drive: v<=0.26 w<=0.50 rampa 0.55/1.61
[INFO] [1791403470.672890, 335.719000]: [mission] DEPLOY/aproxima: alinhado, avançando (0.46 m)
[INFO] [1791403475.250117, 340.219000]: [mission] DEPLOY/aproxima: chegou, ajustando heading final
[INFO] [1791403480.189152, 345.069000]: [mission] DEPLOY/aproxima: concluído
[INFO] [1791403480.191805, 345.072000]: State machine transitioning 'DEPLOY':'ok'-->'MANIPULATE'
[INFO] [1791403480.195241, 345.075000]: [mission] fase "orienta": modo IK iterativa (YAML)
[INFO] [1791403480.202619, 345.082000]: [mission] âncora engatada (fase "orienta")
[INFO] [1791403485.330127, 350.090000]: [mission] fase "orienta" it0: ponta (0.301, 2.723, 0.812) erro=0.0096 | degrau eixo 0.8° | rolagem 0.8° | IK pediu [-19.8 -17.9   2.3 102.4 -15.3] | faltou [0. 0. 0. 0. 0.] graus
[INFO] [1791403485.331781, 350.092000]: [mission] âncora solta — 4 correções de deriva
[INFO] [1791403485.332624, 350.093000]: [mission] fase "orienta" alcançada em 1 iteração(ões) (0.0096 m) — âncora corrigiu 4 vez(es)
[INFO] [1791403485.848337, 350.597000]: [mission] fase "aproxima_lateral": modo IK iterativa (YAML)
[INFO] [1791403485.853730, 350.602000]: [mission] âncora engatada (fase "aproxima_lateral")
[INFO] [1791403489.579701, 354.252000]: [mission] fase "aproxima_lateral" it0: ponta (0.295, 2.867, 0.815) erro=0.0058 | degrau eixo 6.2° | rolagem 6.6° | IK pediu [-15.9 -11.7  -0.   71.8 -10.9] | faltou [-0.2  0.1 -0.1 -0.3 -0.4] graus
[INFO] [1791403489.583267, 354.256000]: [mission] fase "aproxima_lateral" it0: no frame da parede eixo=+3.7 prof=+4.4 alt=+0.9 mm (tolerância 40/8/5)
[INFO] [1791403489.587379, 354.259000]: [mission] âncora solta — 2 correções de deriva
[INFO] [1791403489.590005, 354.261000]: [mission] fase "aproxima_lateral" alcançada em 1 iteração(ões) (0.0058 m) — âncora corrigiu 2 vez(es)
[INFO] [1791403490.106845, 354.770000]: [mission] fase "atravessa": modo IK iterativa (YAML)
[INFO] [1791403490.111418, 354.774000]: [mission] âncora engatada (fase "atravessa")
[INFO] [1791403496.107517, 360.596000]: [mission] fase "atravessa" it0: ponta (0.210, 2.860, 0.822) erro=0.0074 | degrau eixo 2.6° | rolagem 2.5° | IK pediu [ -9.1 -12.9   0.1  76.6  -5.4] | faltou [0.  0.3 0.4 0.4 0. ] graus
[INFO] [1791403496.110366, 360.600000]: [mission] fase "atravessa" it0: no frame da parede eixo=+0.0 prof=-2.9 alt=-6.8 mm (tolerância 8/6/5)
[INFO] [1791403498.201045, 362.631000]: [mission] fase "atravessa" it1: ponta (0.210, 2.860, 0.812) erro=0.0042 | degrau eixo 2.7° | rolagem 2.7° | IK pediu [ -9.  -13.6   0.   77.4  -5.4] | faltou [0. 0. 0. 0. 0.] graus
[WARN] [1791403516.947996, 380.909000]: [mission] destrava: lingueta em -0.0 mm (esperado ≥ 12) — o gatilho pode não ter soltado
[ERROR] [1791403519.694200, 383.616000]: [mission] fase "libera": ferramenta PERDEU O OLHAL — ponta derivou -34.9 mm ao longo do eixo da chave desde a captura (máx 15); o anel não anda nesse eixo
[WARN] [1791403519.916317, 383.833000]: [mission] ABORT — parando base e recolhendo braço
[WARN] [1791403520.323008, 384.234000]: [mission] ABORT: ponta a 0.042 m do olhal — saindo em degraus: sobe 30 mm, 120 mm pelo eixo do furo, 100 mm para fora, antes de recolher
[WARN] [1791403551.041857, 414.330000]: [mission] ABORT — voltando à pose de partida (0.01, 1.00, -0.01 rad)
[INFO] [1791403498.204098, 362.634000]: [mission] fase "atravessa" it1: no frame da parede eixo=+0.0 prof=-2.9 alt=+3.1 mm (tolerância 8/6/5)
[INFO] [1791403498.206021, 362.636000]: [mission] âncora solta — 5 correções de deriva
[INFO] [1791403498.207474, 362.637000]: [mission] fase "atravessa" alcançada em 2 iteração(ões) (0.0042 m) — âncora corrigiu 5 vez(es)
[INFO] [1791403498.736421, 363.145000]: [mission] fase "captura": modo IK iterativa (YAML)
[INFO] [1791403498.742690, 363.150000]: [mission] âncora engatada (fase "captura")
[INFO] [1791403504.037905, 368.283000]: [mission] fase "captura" it0: ponta (0.206, 2.836, 0.804) erro=0.0360 | degrau eixo 2.5° | rolagem 1.8° | IK pediu [ -8.3 -15.   -0.   77.4  -4.8] | faltou [ -0.7   4.5 -12.1  14.2   0.2] graus
[INFO] [1791403504.042442, 368.287000]: [mission] fase "captura" it0: no frame da parede eixo=+4.5 prof=-34.7 alt=-8.3 mm (tolerância 40/6/10)
[INFO] [1791403507.699260, 371.860000]: [mission] fase "captura" it1: ponta (0.192, 2.899, 0.788) erro=0.0307 | degrau eixo 2.7° | rolagem 3.2° | IK pediu [ -7.8 -13.6  -1.5  71.9  -4.1] | faltou [ 0.5  0.4 -0.6 -0.1 -0.7] graus
[INFO] [1791403507.703768, 371.864000]: [mission] fase "captura" it1: no frame da parede eixo=-9.5 prof=+28.2 alt=+7.5 mm (tolerância 40/6/10)
[INFO] [1791403513.437116, 377.466000]: [mission] fase "captura" it2: ponta (0.193, 2.876, 0.799) erro=0.0106 | degrau eixo 2.7° | rolagem 2.8° | IK pediu [ -8.6 -14.9  -0.   76.6  -5. ] | faltou [ 1.1 -4.4 10.  -5.4 -0.2] graus
[INFO] [1791403513.441887, 377.472000]: [mission] fase "captura" it2: no frame da parede eixo=-8.6 prof=+5.2 alt=-3.6 mm (tolerância 40/6/10)
[INFO] [1791403513.444462, 377.475000]: [mission] âncora solta — 10 correções de deriva
[INFO] [1791403513.446125, 377.476000]: [mission] fase "captura" alcançada em 3 iteração(ões) (0.0106 m) — âncora corrigiu 10 vez(es)
[INFO] [1791403513.453956, 377.484000]: [mission] captura: ponta registrada em eixo=+8.6 prof=-5.2 alt=-6.4 mm (zero da descida do destrava e da deriva de eixo)
[INFO] [1791403513.970977, 377.985000]: [mission] fase "destrava": alvo em altura relativo à captura: -26.4 mm (captura -6.4 − curso 18 − margem 2)
[INFO] [1791403513.972495, 377.986000]: [mission] fase "destrava": modo whole-body/Fuzzy (YAML)
[INFO] [1791403514.188141, 378.189000]: [mission] plano de exclusão publicado: parede em [1.e-03 3.e+00 0.e+00], normal segura [ 0.001 -1.     0.   ]
[INFO] [1791403514.502059, 378.493000]: [mission] fase "destrava": whole-body assumiu (base livre, restrita pelo plano de exclusão)
[INFO] [1791403514.504428, 378.495000]: [mission] fase "destrava": whole-body a 0.0194 m do alvo — eixo=-8.6 prof=+6.2 alt=-16.2 mm
[INFO] [1791403516.624545, 380.594000]: [mission] fase "destrava": whole-body a 0.0093 m do alvo — eixo=-9.2 prof=-0.3 alt=-0.9 mm
[INFO] [1791403516.726661, 380.694000]: [mission] fase "destrava" alcançada por whole-body em 2.2s (0.0094 m) — no frame da parede eixo=-9.2 prof=-0.2 alt=-1.4 mm (tolerância 40/6/4)
[INFO] [1791403516.946304, 380.907000]: [mission] destrava: ponta desceu 17.4 mm desde a captura (critério observável) | lingueta -0.0 mm (só na simulação)
[INFO] [1791403517.465163, 381.410000]: [mission] fase "libera": modo whole-body/Fuzzy (YAML)
[INFO] [1791403517.673544, 381.612000]: [mission] plano de exclusão publicado: parede em [1.e-03 3.e+00 0.e+00], normal segura [ 0.001 -1.     0.   ]
[INFO] [1791403517.979897, 381.915000]: [mission] fase "libera": whole-body assumiu (base livre, restrita pelo plano de exclusão)
[INFO] [1791403518.688751, 382.615000]: [mission] fase "libera": whole-body a 0.0259 m do alvo — eixo=-1.2 prof=+24.5 alt=+8.4 mm
[INFO] [1791403519.902578, 383.819000]: [mission] plano de exclusão publicado: parede em [1.e-03 3.e+00 0.e+00], normal segura [ 0.001 -1.     0.   ]
[INFO] [1791403519.914786, 383.831000]: State machine transitioning 'MANIPULATE':'failed'-->'ABORT_SAFE'
[INFO] [1791403520.325253, 384.236000]: [mission] âncora engatada (fase "saida_sobe")
[INFO] [1791403522.924924, 386.779000]: [mission] fase "saida_sobe" it0: ponta (0.214, 2.841, 0.814) erro=0.0049 | degrau eixo 2.6° | rolagem 2.6° | IK pediu [-10.3 -14.    0.3  80.9  -6.1] | faltou [ 0.3 -0.  -0.1 -0.1  0.1] graus
[INFO] [1791403522.928816, 386.783000]: [mission] fase "saida_sobe" it0: no frame da parede eixo=-2.7 prof=+4.0 alt=+0.5 mm (tolerância 30/20/10)
[INFO] [1791403522.931441, 386.786000]: [mission] âncora solta — 1 correções de deriva
[INFO] [1791403522.933259, 386.788000]: [mission] fase "saida_sobe" alcançada em 1 iteração(ões) (0.0049 m) — âncora corrigiu 1 vez(es)
[INFO] [1791403522.937424, 386.792000]: [mission] âncora engatada (fase "saida_eixo")
[INFO] [1791403526.253990, 390.035000]: [mission] fase "saida_eixo" it0: ponta (0.328, 2.842, 0.815) erro=0.0100 | degrau eixo 7.5° | rolagem 7.5° | IK pediu [-20.3 -12.7   0.   75.7 -14.9] | faltou [ 0.8 -0.   0.   0.1 -0.1] graus
[INFO] [1791403526.258881, 390.041000]: [mission] fase "saida_eixo" it0: no frame da parede eixo=-8.9 prof=+4.5 alt=-0.5 mm (tolerância 20/20/15)
[INFO] [1791403526.263527, 390.046000]: [mission] âncora solta — 2 correções de deriva
[INFO] [1791403526.266191, 390.049000]: [mission] fase "saida_eixo" alcançada em 1 iteração(ões) (0.0100 m) — âncora corrigiu 2 vez(es)
[INFO] [1791403526.271991, 390.054000]: [mission] âncora engatada (fase "saida_fora")
[INFO] [1791403529.728791, 393.462000]: [mission] fase "saida_fora" it0: ponta (0.333, 2.740, 0.814) erro=0.0047 | degrau eixo 2.5° | rolagem 2.6° | IK pediu [-23.2 -16.5   0.   98.9 -19.4] | faltou [0. 0. 0. 0. 0.] graus
[INFO] [1791403529.734428, 393.468000]: [mission] fase "saida_fora" it0: no frame da parede eixo=-3.6 prof=+3.0 alt=-0.1 mm (tolerância 30/20/20)
[INFO] [1791403529.737329, 393.471000]: [mission] âncora solta — 2 correções de deriva
[INFO] [1791403529.739633, 393.473000]: [mission] fase "saida_fora" alcançada em 1 iteração(ões) (0.0047 m) — âncora corrigiu 2 vez(es)
[INFO] [1791403529.741932, 393.476000]: [mission] ABORT/afasta: RECUANDO 0.250 m só com as rodas
[INFO] [1791403534.486262, 398.127000]: [mission] ABORT/afasta: concluído (0.253 m)
[INFO] [1791403534.487535, 398.128000]: [mission] postura "stow_home" comandada: [0.0, 1.1, -1.04, -1.8, 0.0]
[INFO] [1791403563.347436, 426.382000]: [mission] ABORT/retorno: alinhado, avançando (1.23 m)
[INFO] [1791403563.397377, 426.432000]: [mission] teto por postura ativo no drive: v<=0.24 w<=0.50 rampa 0.53/1.51
[INFO] [1791403572.701097, 435.582000]: [mission] ABORT/retorno: chegou, ajustando heading final
[INFO] [1791403572.751541, 435.632000]: [mission] teto por postura ativo no drive: v<=0.24 w<=0.50 rampa 0.53/1.51
[INFO] [1791403579.273572, 442.032000]: [mission] ABORT/retorno: concluído
[INFO] [1791403579.275479, 442.034000]: State machine terminating 'ABORT_SAFE':'aborted':'MISSION_ABORTED'
[INFO] [1791403579.276780, 442.035000]: [mission] resultado: MISSION_ABORTED
... logging to /home/marco/.ros/log/7ed34c18-c289-11f1-b856-b025aa85b2a2/roslaunch-shiroi-3470363.log
Checking log directory for disk usage. This may take a while.
Press Ctrl-C to interrupt
]2;/home/marco/b166er/src/b166er_whole_body_control/launch/chave_mission.launch
[1mstarted roslaunch server http://shiroi:40901/[0m

SUMMARY
========

PARAMETERS
 * /chave_mission/estado_final: 
 * /chave_mission/estado_inicial: STOW_INIT
 * /chave_mission/pausa_por_fase: False
 * /chave_mission/search_omega: 0.35
 * /chave_mission/standoff_distance: 0.62
 * /chave_mission/use_wholebody: False
 * /chave_seccionadora_task/aproxima_lateral/modo: ik
 * /chave_seccionadora_task/aproxima_lateral/offset_xyz_m: [-0.09, 0.008, 0.01]
 * /chave_seccionadora_task/aproxima_lateral/tol_xyz_m: [0.04, 0.008, 0.005]
 * /chave_seccionadora_task/arco1/blade_angle_deg: 15
 * /chave_seccionadora_task/arco1/deriva_eixo_max_m: 0.015
 * /chave_seccionadora_task/arco1/modo: wb
 * /chave_seccionadora_task/arco1/offset_xyz_m: [0.0, 0.0518, -0....
 * /chave_seccionadora_task/arco1/soltura_recuo_min_m: 0.04
 * /chave_seccionadora_task/arco1/tol_xyz_m: [0.04, 0.01, 0.015]
 * /chave_seccionadora_task/arco2/blade_angle_deg: 30
 * /chave_seccionadora_task/arco2/deriva_eixo_max_m: 0.015
 * /chave_seccionadora_task/arco2/modo: wb
 * /chave_seccionadora_task/arco2/offset_xyz_m: [0.0, 0.1, -0.0518]
 * /chave_seccionadora_task/arco2/tol_xyz_m: [0.04, 0.01, 0.015]
 * /chave_seccionadora_task/atravessa/modo: ik
 * /chave_seccionadora_task/atravessa/offset_xyz_m: [-0.008, 0.008, 0...
 * /chave_seccionadora_task/atravessa/tol_xyz_m: [0.008, 0.006, 0....
 * /chave_seccionadora_task/captura/modo: ik
 * /chave_seccionadora_task/captura/offset_xyz_m: [0.0, 0.0, -0.01]
 * /chave_seccionadora_task/captura/tol_xyz_m: [0.04, 0.006, 0.01]
 * /chave_seccionadora_task/desengata/modo: ik
 * /chave_seccionadora_task/desengata/offset_xyz_m: [-0.09, 0.1, -0.0...
 * /chave_seccionadora_task/destrava/curso_estagna_m: 0.01
 * /chave_seccionadora_task/destrava/curso_margem_m: 0.002
 * /chave_seccionadora_task/destrava/curso_min_m: 0.018
 * /chave_seccionadora_task/destrava/curso_teto_m: 0.022
 * /chave_seccionadora_task/destrava/modo: wb
 * /chave_seccionadora_task/destrava/offset_xyz_m: [0.0, 0.0, -0.025]
 * /chave_seccionadora_task/destrava/tol_xyz_m: [0.04, 0.006, 0.004]
 * /chave_seccionadora_task/libera/deriva_eixo_max_m: 0.015
 * /chave_seccionadora_task/libera/modo: wb
 * /chave_seccionadora_task/libera/offset_xyz_m: [0.0, 0.03, -0.025]
 * /chave_seccionadora_task/libera/tol_xyz_m: [0.04, 0.008, 0.006]
 * /chave_seccionadora_task/orienta/modo: ik
 * /chave_seccionadora_task/orienta/offset_xyz_m: [-0.09, 0.15, 0.0...
 * /chave_seccionadora_task/reassenta_sobe/tol_xyz_m: [0.03, 0.02, 0.005]
 * /chave_seccionadora_task/saida_eixo/tol_xyz_m: [0.02, 0.02, 0.015]
 * /chave_seccionadora_task/saida_fora/tol_xyz_m: [0.03, 0.02, 0.02]
 * /chave_seccionadora_task/saida_sobe/tol_xyz_m: [0.03, 0.02, 0.01]
 * /chave_seccionadora_task/target_frame: chave_olhal_link
 * /fuzzy_wb_controller/fixed_gains: []
 * /rosdistro: noetic
 * /rosversion: 1.17.4

NODES
  /
    chave_mission (b166er_whole_body_control/chave_mission.py)

[1mROS_MASTER_URI=http://localhost:11311[0m
]2;/home/marco/b166er/src/b166er_whole_body_control/launch/chave_mission.launch http://localhost:11311
[1mprocess[chave_mission-1]: started with pid [3470407][0m
[1m[chave_mission-1] process has finished cleanly
log file: /home/marco/.ros/log/7ed34c18-c289-11f1-b856-b025aa85b2a2/chave_mission-1*.log[0m
all processes on machine have died, roslaunch will exit
shutting down processing monitor...
... shutting down processing monitor complete
[1mdone[0m
