[31mWARNING: disk usage in log directory [/home/marco/.ros/log] is over 1GB.
It's recommended that you use the 'rosclean' command.[0m
the rosdep view is empty: call 'sudo rosdep init' and 'rosdep update'
[WARN] [1791386008.061117, 80.562000]: [mission] SEARCH: ajuste não convergiu em 8s (raio 0.54) — amostrando assim mesmo
[WARN] [1791386023.488336, 95.857000]: [mission] SEARCH: 5 de 25 amostras descartadas como outlier (>0.15 m ou >0.20 rad da mediana)
[WARN] [1791386023.540793, 95.910000]: [mission] SEARCH: laser com só 17 pontos de parede (mín 30) — parede fica pela tag
[INFO] [1791385982.750567, 55.624000]: garra_dx = 0.000 m (fechada)
[INFO] [1791385982.824119, 55.699000]: State machine starting in initial state 'STOW_INIT' with userdata: 
	[]
[INFO] [1791385983.128883, 56.000000]: [mission] pose de partida registrada: (0.01, 1.00, 0.01 rad)
[INFO] [1791385983.131021, 56.002000]: [mission] postura "stow_home" comandada: [0.0, 1.13, -1.04, -1.8, 0.0]
[INFO] [1791385986.279365, 59.104000]: State machine transitioning 'STOW_INIT':'ok'-->'SEARCH'
[INFO] [1791385986.282789, 59.107000]: [mission] postura "search" comandada: [0.0, 1.0, -1.0, 0.0, 0.0]
[INFO] [1791385998.057472, 70.709000]: [mission] SEARCH — girando à procura da tag...
[INFO] [1791385998.058730, 70.710000]: [mission] SEARCH: amostra quando a tag estiver a raio 0.35-0.50 do quadro (vista oblíqua; omega fina 0.15 rad/s)
[INFO] [1791385999.876823, 72.511000]: [mission] SEARCH: tag a raio 0.89 — girando até <= 0.50
[INFO] [1791386008.064062, 80.565000]: [mission] tag avistada — parando para medir
[INFO] [1791386009.082545, 81.577000]: [mission] âncora engatada (coleta do SEARCH)
[INFO] [1791386009.085105, 81.580000]: [mission] SEARCH: coleta com dither ±0.05 rad/s (período 3.0 s)
[INFO] [1791386023.471974, 95.841000]: [mission] âncora solta — 29 correções de deriva
[INFO] [1791386023.474460, 95.843000]: [mission] SEARCH: âncora corrigiu a deriva 29 vez(es) durante a coleta
[INFO] [1791386023.489321, 95.859000]: [mission] SEARCH: 20 amostras — parede (0.015, 3.108, -0.006) yaw=2.963
[INFO] [1791386023.542323, 95.912000]: [mission] parede localizada em (0.015, 3.108, -0.006)
[INFO] [1791386023.547192, 95.917000]: State machine transitioning 'SEARCH':'found'-->'APPROACH'
[INFO] [1791386023.549164, 95.918000]: [mission] APPROACH etapa 1/2 — 1.30 m do olhal, alvo (-0.04, 1.67, 1.39 rad)
[INFO] [1791386028.115128, 100.420000]: [mission] APPROACH: alinhado, avançando (0.79 m)
[INFO] [1791386028.165572, 100.470000]: [mission] teto por postura ativo no drive: v<=0.16 w<=0.50 rampa 0.43/1.51
[INFO] [1791386034.593866, 106.820000]: [mission] APPROACH: chegou, ajustando heading final
[INFO] [1791386034.644908, 106.870000]: [mission] teto por postura ativo no drive: v<=0.16 w<=0.50 rampa 0.43/1.52
[INFO] [1791386036.607227, 108.820000]: [mission] APPROACH: concluído
[INFO] [1791386037.624972, 109.823000]: [mission] âncora engatada (coleta do APPROACH/remedida)
[INFO] [1791386037.626540, 109.825000]: [mission] APPROACH/remedida: coleta com dither ±0.05 rad/s (período 3.0 s)
[INFO] [1791386038.766393, 110.955000]: [mission] âncora solta — 1 correções de deriva
[INFO] [1791386038.768750, 110.956000]: [mission] APPROACH/remedida: âncora corrigiu a deriva 1 vez(es) durante a coleta
[INFO] [1791386038.771724, 110.960000]: [mission] APPROACH/remedida: 10 amostras — parede (0.002, 2.998, -0.001) yaw=-3.135
[INFO] [1791386038.825783, 111.014000]: [mission] APPROACH/remedida: parede pelo LASER — 86 pontos, resíduo 4.6 mm: profundidade -1.0 mm e yaw -0.17° em relação à tag → parede (0.002, 2.999, -0.001) yaw=-3.138
[INFO] [1791386038.827472, 111.016000]: [mission] APPROACH etapa 2/2 — 0.88 m do olhal, alvo (0.37, 1.99, 1.57 rad)
[INFO] [1791386042.581100, 114.718000]: [mission] APPROACH: alinhado, avançando (0.63 m)
[INFO] [1791386042.632522, 114.768000]: [mission] teto por postura ativo no drive: v<=0.16 w<=0.50 rampa 0.43/1.52
[INFO] [1791386047.931845, 120.018000]: [mission] APPROACH: chegou, ajustando heading final
[INFO] [1791386047.981372, 120.068000]: [mission] teto por postura ativo no drive: v<=0.15 w<=0.50 rampa 0.43/1.52
[INFO] [1791386053.191451, 125.218000]: [mission] APPROACH: concluído
[INFO] [1791386053.198769, 125.225000]: State machine transitioning 'APPROACH':'arrived'-->'REFINE'
[INFO] [1791386053.201940, 125.228000]: [mission] REFINE — remedindo a parede de perto (10 amostras)
[INFO] [1791386053.209716, 125.235000]: [mission] âncora engatada (coleta do REFINE)
[INFO] [1791386053.212235, 125.238000]: [mission] REFINE: coleta com dither ±0.05 rad/s (período 3.0 s)
[INFO] [1791386054.362505, 126.371000]: [mission] âncora solta — 1 correções de deriva
[INFO] [1791386054.364005, 126.372000]: [mission] REFINE: âncora corrigiu a deriva 1 vez(es) durante a coleta
[INFO] [1791386054.366000, 126.374000]: [mission] REFINE: 10 amostras — parede (0.001, 3.002, -0.001) yaw=3.133
[INFO] [1791386054.419574, 126.426000]: [mission] REFINE: parede pelo LASER — 90 pontos, resíduo 5.0 mm: profundidade +3.6 mm e yaw +0.47° em relação à tag → parede (0.001, 2.998, -0.001) yaw=3.142
[INFO] [1791386054.422135, 126.428000]: [mission] REFINE: deslocou 0.001 m da estimativa anterior
[INFO] [1791386054.424899, 126.431000]: [mission] olhal estimado em (0.201, 2.868, 0.804)
[INFO] [1791386054.434848, 126.441000]: State machine transitioning 'REFINE':'ok'-->'DEPLOY'
[INFO] [1791386054.439478, 126.443000]: [mission] DEPLOY: IK resolvida para a POSE DE MANIPULAÇÃO (0.20, 2.25, 1.57 rad), não para a atual
[INFO] [1791386059.218080, 131.082000]: [mission] DEPLOY: IK nivelada 0.0710 m, só eixo 0.0014 m — a MISSÃO INTEIRA usa "eixo"
[INFO] [1791386059.221529, 131.221000]: [mission] DEPLOY: IK da ponta resolvida (resíduo 0.0014 m, degrau 0.4°) — pré-posicionando em [-10.9 -46.5  60.   78.5 -10.9] graus
[INFO] [1791386068.029474, 139.924000]: [mission] plano de exclusão publicado: parede em [ 1.000e-03  2.998e+00 -1.000e-03], normal segura [-0. -1.  0.]
[INFO] [1791386068.237724, 140.130000]: [mission] teto por postura ativo no drive: v<=0.24 w<=0.50 rampa 0.53/1.61
[INFO] [1791386071.635178, 143.480000]: [mission] DEPLOY/aproxima: alinhado, avançando (0.41 m)
[INFO] [1791386075.689405, 147.480000]: [mission] DEPLOY/aproxima: chegou, ajustando heading final
[INFO] [1791386080.336696, 152.080000]: [mission] DEPLOY/aproxima: concluído
[INFO] [1791386080.338303, 152.082000]: State machine transitioning 'DEPLOY':'ok'-->'MANIPULATE'
[INFO] [1791386080.340430, 152.084000]: [mission] fase "orienta": modo IK iterativa (YAML)
[INFO] [1791386080.344785, 152.088000]: [mission] âncora engatada (fase "orienta")
[INFO] [1791386084.882398, 156.571000]: [mission] fase "orienta" it0: ponta (0.303, 2.722, 0.805) erro=0.0145 | degrau eixo 0.1° | rolagem 0.5° | IK pediu [-20.9 -28.9  25.5  92.8 -16. ] | faltou [-0.2 -1.3  1.1 -1.2 -0.2] graus
[INFO] [1791386084.884011, 156.573000]: [mission] âncora solta — 1 correções de deriva
[INFO] [1791386084.884922, 156.573000]: [mission] fase "orienta" alcançada em 1 iteração(ões) (0.0145 m) — âncora corrigiu 1 vez(es)
[INFO] [1791386085.390906, 157.078000]: [mission] fase "aproxima_lateral": modo IK iterativa (YAML)
[INFO] [1791386085.393947, 157.081000]: [mission] âncora engatada (fase "aproxima_lateral")
[INFO] [1791386088.988557, 160.610000]: [mission] fase "aproxima_lateral" it0: ponta (0.298, 2.866, 0.807) erro=0.0120 | degrau eixo 5.4° | rolagem 6.0° | IK pediu [-16.9 -13.4   0.   78.6 -11.8] | faltou [-0.2 -0.1 -0.8 -1.4 -0.1] graus
[INFO] [1791386088.991608, 160.614000]: [mission] fase "aproxima_lateral" it0: no frame da parede eixo=+6.6 prof=+6.4 alt=+7.7 mm (tolerância 40/8/5)
[INFO] [1791386091.320693, 162.918000]: [mission] fase "aproxima_lateral" it1: ponta (0.292, 2.855, 0.816) erro=0.0058 | degrau eixo 4.9° | rolagem 5.2° | IK pediu [-16.4 -13.    0.   80.1 -11.7] | faltou [-0.4  3.2 -8.1  3.8 -0.1] graus
[INFO] [1791386091.324152, 162.922000]: [mission] fase "aproxima_lateral" it1: no frame da parede eixo=+0.1 prof=-5.4 alt=-1.9 mm (tolerância 40/8/5)
[INFO] [1791386091.326735, 162.924000]: [mission] âncora solta — 2 correções de deriva
[INFO] [1791386091.328387, 162.925000]: [mission] fase "aproxima_lateral" alcançada em 2 iteração(ões) (0.0058 m) — âncora corrigiu 2 vez(es)
[INFO] [1791386091.837469, 163.432000]: [mission] fase "atravessa": modo IK iterativa (YAML)
[INFO] [1791386091.844037, 163.438000]: [mission] âncora engatada (fase "atravessa")
[INFO] [1791386098.514050, 170.046000]: [mission] fase "atravessa" it0: ponta (0.267, 2.856, 0.805) erro=0.0586 | degrau eixo 2.2° | rolagem 2.2° | IK pediu [ -9.8 -13.9  -0.5  82.8  -5.7] | faltou [-3.2 -6.8 13.4 -8.1  0.4] graus
[WARN] [1791386120.221728, 191.466000]: [mission] fase "atravessa" it1: ponta não avança (erro 58.6 → 114.3 mm) e o J1 fica mais aquém (-3.2 → -6.6°) — contato provável; recuo 1/2: 20 mm pelo eixo, 5 mm para baixo, e o alvo desce 5 mm
[WARN] [1791386158.002676, 228.782000]: [mission] fase "atravessa" it4: ponta não avança (erro 22.7 → 22.4 mm) e o J1 fica mais aquém (-1.8 → -2.9°) — contato provável; recuo 2/2: 20 mm pelo eixo, 5 mm para baixo, e o alvo desce 5 mm
[ERROR] [1791386169.814122, 240.419000]: [mission] fase "atravessa": 5 iterações sem fechar (0.0092 m, tolerância 0.020)
[WARN] [1791386169.821616, 240.426000]: [mission] ABORT — parando base e recolhendo braço
[WARN] [1791386170.228250, 240.829000]: [mission] ABORT: ponta a 0.016 m do olhal — saindo em degraus: sobe 30 mm, 120 mm pelo eixo do furo, 100 mm para fora, antes de recolher
[ERROR] [1791386241.339377, 311.158000]: [mission] fase "saida_sobe": 5 iterações sem fechar (0.0337 m, tolerância 0.020)
[WARN] [1791386241.340848, 311.160000]: [mission] ABORT: degrau "saida_sobe" não fechou — seguindo para o próximo
[WARN] [1791386263.074853, 332.597000]: [mission] fase "saida_eixo" it1: mira além ficou fora de alcance (0.082 m) — recuando para o alvo real
[WARN] [1791386328.138807, 397.083000]: [mission] fase "saida_eixo" it4: mira além ficou fora de alcance (0.195 m) — recuando para o alvo real
[ERROR] [1791386349.704381, 418.614000]: [mission] fase "saida_eixo": 5 iterações sem fechar (0.2317 m, tolerância 0.020)
[WARN] [1791386349.704942, 418.615000]: [mission] ABORT: degrau "saida_eixo" não fechou — seguindo para o próximo
[WARN] [1791386392.215834, 460.727000]: [mission] ABORT — voltando à pose de partida (0.01, 1.00, 0.01 rad)
[INFO] [1791386098.517064, 170.049000]: [mission] fase "atravessa" it0: no frame da parede eixo=+57.8 prof=-4.0 alt=+9.0 mm (tolerância 8/6/5)
[INFO] [1791386120.212908, 191.456000]: [mission] fase "atravessa" it1: ponta (0.235, 2.920, 0.720) erro=0.1143 | degrau eixo 0.9° | rolagem 3.8° | IK pediu [ -3.9 -17.3   8.9  77.5  -2.4] | faltou [ -6.6  -5.9  -2.5 -11.   -2.1] graus
[INFO] [1791386120.218764, 191.463000]: [mission] fase "atravessa" it1: no frame da parede eixo=+25.4 prof=+59.6 alt=+94.1 mm (tolerância 8/6/5)
[INFO] [1791386135.163280, 206.272000]: [mission] fase "atravessa" it1: ponta (0.221, 2.845, 0.814) erro=0.0195 | degrau eixo 2.3° | rolagem 1.8° | IK pediu [ -8.9 -15.2   0.9  82.6  -5.9] | faltou [-1.8 -4.3  9.7 -2.5  0.7] graus
[INFO] [1791386135.164429, 206.273000]: [mission] fase "atravessa" it1: no frame da parede eixo=+11.9 prof=-14.7 alt=-4.8 mm (tolerância 8/6/5)
[INFO] [1791386146.135297, 217.080000]: [mission] fase "atravessa" it2: ponta (0.223, 2.876, 0.798) erro=0.0237 | degrau eixo 2.1° | rolagem 1.9° | IK pediu [ -8.5 -15.3   1.1  80.4  -4.8] | faltou [-2.  -1.1  2.4 -2.7  0.7] graus
[INFO] [1791386146.137997, 217.083000]: [mission] fase "atravessa" it2: no frame da parede eixo=+13.1 prof=+16.3 alt=+11.0 mm (tolerância 8/6/5)
[INFO] [1791386151.752234, 222.615000]: [mission] fase "atravessa" it3: ponta (0.214, 2.879, 0.797) erro=0.0227 | degrau eixo 1.6° | rolagem 2.0° | IK pediu [ -7.5 -15.    1.4  83.   -4.2] | faltou [ -1.8  -8.2  16.9 -15.1   0.3] graus
[INFO] [1791386151.755945, 222.619000]: [mission] fase "atravessa" it3: no frame da parede eixo=+4.1 prof=+18.7 alt=+12.1 mm (tolerância 8/6/5)
[INFO] [1791386157.994521, 228.774000]: [mission] fase "atravessa" it4: ponta (0.214, 2.878, 0.797) erro=0.0224 | degrau eixo 1.3° | rolagem 2.5° | IK pediu [ -7.1 -17.3   7.7  82.5  -4.2] | faltou [ -2.9  -8.8  16.9 -19.   -0.6] graus
[INFO] [1791386157.999788, 228.780000]: [mission] fase "atravessa" it4: no frame da parede eixo=+4.1 prof=+18.0 alt=+12.7 mm (tolerância 8/6/5)
[INFO] [1791386169.809469, 240.414000]: [mission] fase "atravessa" it4: ponta (0.213, 2.861, 0.796) erro=0.0092 | degrau eixo 2.3° | rolagem 3.4° | IK pediu [ -9.4 -15.9   0.9  83.4  -5.7] | faltou [-0.4 -4.4  7.7 -4.  -2.5] graus
[INFO] [1791386169.811694, 240.416000]: [mission] fase "atravessa" it4: no frame da parede eixo=+3.6 prof=+1.4 alt=+8.3 mm (tolerância 8/6/5)
[INFO] [1791386169.813002, 240.418000]: [mission] âncora solta — 77 correções de deriva
[INFO] [1791386169.819330, 240.424000]: State machine transitioning 'MANIPULATE':'failed'-->'ABORT_SAFE'
[INFO] [1791386170.231070, 240.832000]: [mission] âncora engatada (fase "saida_sobe")
[INFO] [1791386180.847409, 251.271000]: [mission] fase "saida_sobe" it0: ponta (0.214, 2.880, 0.797) erro=0.0346 | degrau eixo 2.3° | rolagem 3.2° | IK pediu [ -9.8 -13.    0.5  81.6  -6. ] | faltou [ -0.3 -10.2  17.7 -14.1  -0.1] graus
[INFO] [1791386180.849525, 251.273000]: [mission] fase "saida_sobe" it0: no frame da parede eixo=+0.7 prof=+18.5 alt=+29.3 mm (tolerância 30/20/10)
[INFO] [1791386190.561468, 260.877000]: [mission] fase "saida_sobe" it1: ponta (0.221, 2.879, 0.798) erro=0.0346 | degrau eixo 1.9° | rolagem 3.5° | IK pediu [-10.4 -11.6   2.2  82.4  -6.1] | faltou [ -0.1 -15.5  25.7 -22.4  -0.2] graus
[INFO] [1791386190.563892, 260.879000]: [mission] fase "saida_sobe" it1: no frame da parede eixo=+8.1 prof=+18.4 alt=+28.1 mm (tolerância 30/20/10)
[INFO] [1791386198.102795, 268.310000]: [mission] fase "saida_sobe" it2: ponta (0.215, 2.879, 0.807) erro=0.0266 | degrau eixo 1.4° | rolagem 3.3° | IK pediu [ -9.6 -11.1   6.4  81.3  -5.9] | faltou [ -0.2 -16.6  26.1 -26.1   0.1] graus
[INFO] [1791386198.107572, 268.314000]: [mission] fase "saida_sobe" it2: no frame da parede eixo=+2.3 prof=+18.4 alt=+19.0 mm (tolerância 30/20/10)
[INFO] [1791386219.755597, 289.720000]: [mission] fase "saida_sobe" it3: ponta (0.215, 2.880, 0.798) erro=0.0339 | degrau eixo 1.1° | rolagem 3.4° | IK pediu [ -9.4 -11.4  10.5  80.6  -6. ] | faltou [ -0.3  11.3 -43.2  12.3  -0. ] graus
[INFO] [1791386219.756729, 289.721000]: [mission] fase "saida_sobe" it3: no frame da parede eixo=+2.3 prof=+18.5 alt=+28.3 mm (tolerância 30/20/10)
[INFO] [1791386241.334215, 311.153000]: [mission] fase "saida_sobe" it4: ponta (0.214, 2.880, 0.798) erro=0.0337 | degrau eixo 0.7° | rolagem 2.9° | IK pediu [ -9.3   0.2 -10.   93.4  -6. ] | faltou [ -0.3 -10.7  -0.3  -9.2   0.3] graus
[INFO] [1791386241.336526, 311.155000]: [mission] fase "saida_sobe" it4: no frame da parede eixo=+1.1 prof=+18.6 alt=+28.1 mm (tolerância 30/20/10)
[INFO] [1791386241.338139, 311.157000]: [mission] âncora solta — 13 correções de deriva
[INFO] [1791386241.343892, 311.163000]: [mission] âncora engatada (fase "saida_eixo")
[INFO] [1791386262.934650, 332.590000]: [mission] fase "saida_eixo" it0: ponta (0.244, 2.570, 1.131) erro=0.4310 | degrau eixo 7.1° | rolagem 4.2° | IK pediu [-19.8 -11.5  -0.   75.8 -14.9] | faltou [  0.2  15.1  60.  -33.2   0.1] graus
[INFO] [1791386262.936077, 332.592000]: [mission] fase "saida_eixo" it0: no frame da parede eixo=-88.9 prof=-291.4 alt=-304.8 mm (tolerância 20/20/15)
[INFO] [1791386284.682093, 354.174000]: [mission] fase "saida_eixo" it1: ponta (0.323, 2.832, 0.671) erro=0.1581 | degrau eixo 7.2° | rolagem 13.8° | IK pediu [-19.9 -11.8   0.   75.7 -14.9] | faltou [ -0.    8.  -59.9  34.3   0.1] graus
[INFO] [1791386284.685765, 354.178000]: [mission] fase "saida_eixo" it1: no frame da parede eixo=-10.1 prof=-29.5 alt=+155.0 mm (tolerância 20/20/15)
[INFO] [1791386306.399074, 375.641000]: [mission] fase "saida_eixo" it2: ponta (0.324, 2.819, 0.772) erro=0.0686 | degrau eixo 8.1° | rolagem 9.0° | IK pediu [-20.2   5.4  -0.   55.1 -14.5] | faltou [ -0.  -50.3  60.  -12.4  -0. ] graus
[INFO] [1791386306.402250, 375.645000]: [mission] fase "saida_eixo" it2: no frame da parede eixo=-9.2 prof=-41.9 alt=+53.6 mm (tolerância 20/20/15)
[INFO] [1791386328.009615, 397.080000]: [mission] fase "saida_eixo" it3: ponta (0.226, 2.501, 1.164) erro=0.5048 | degrau eixo 10.9° | rolagem 5.5° | IK pediu [-19.9  15.5   0.   32.5 -12.3] | faltou [ 0.1 -3.5 60.  10.1  0.2] graus
[INFO] [1791386328.010786, 397.081000]: [mission] fase "saida_eixo" it3: no frame da parede eixo=-106.8 prof=-359.6 alt=-337.8 mm (tolerância 20/20/15)
[INFO] [1791386349.701773, 418.612000]: [mission] fase "saida_eixo" it4: ponta (0.323, 2.824, 0.597) erro=0.2317 | degrau eixo 7.1° | rolagem 18.2° | IK pediu [-19.8 -11.6   0.   75.7 -14.9] | faltou [ -0.2  -0.2 -60.   34.3  -0.1] graus
[INFO] [1791386349.703171, 418.613000]: [mission] fase "saida_eixo" it4: no frame da parede eixo=-9.7 prof=-36.8 alt=+228.6 mm (tolerância 20/20/15)
[INFO] [1791386349.703829, 418.614000]: [mission] âncora solta — 22 correções de deriva
[INFO] [1791386349.706726, 418.617000]: [mission] âncora engatada (fase "saida_fora")
[INFO] [1791386371.294445, 440.020000]: [mission] fase "saida_fora" it0: ponta (0.331, 2.765, 0.812) erro=0.0145 | degrau eixo 2.4° | rolagem 2.7° | IK pediu [-22.6 -15.1  -0.   98.  -19.1] | faltou [-0.   1.8 -7.   4.   0.3] graus
[INFO] [1791386371.296314, 440.022000]: [mission] fase "saida_fora" it0: no frame da parede eixo=-2.3 prof=+4.0 alt=+13.7 mm (tolerância 30/20/20)
[INFO] [1791386371.297647, 440.023000]: [mission] fase "saida_fora" alcançada em 1 iteração(ões) (0.0145 m)
[INFO] [1791386371.298712, 440.024000]: [mission] ABORT/afasta: RECUANDO 0.250 m só com as rodas
[INFO] [1791386375.956491, 444.625000]: [mission] ABORT/afasta: concluído (0.251 m)
[INFO] [1791386375.957424, 444.626000]: [mission] postura "stow_home" comandada: [0.0, 1.13, -1.04, -1.8, 0.0]
[INFO] [1791386403.938534, 472.278000]: [mission] ABORT/retorno: alinhado, avançando (1.22 m)
[INFO] [1791386403.989473, 472.328000]: [mission] teto por postura ativo no drive: v<=0.25 w<=0.50 rampa 0.54/1.50
[INFO] [1791386413.242718, 481.478000]: [mission] ABORT/retorno: chegou, ajustando heading final
[INFO] [1791386413.292881, 481.528000]: [mission] teto por postura ativo no drive: v<=0.25 w<=0.50 rampa 0.54/1.50
[INFO] [1791386420.578731, 488.728000]: [mission] ABORT/retorno: concluído
[INFO] [1791386420.581762, 488.731000]: State machine terminating 'ABORT_SAFE':'aborted':'MISSION_ABORTED'
[INFO] [1791386420.583899, 488.733000]: [mission] resultado: MISSION_ABORTED
... logging to /home/marco/.ros/log/720d5ca8-c261-11f1-91b6-b025aa85b2a2/roslaunch-shiroi-3206893.log
Checking log directory for disk usage. This may take a while.
Press Ctrl-C to interrupt
]2;/home/marco/b166er/src/b166er_whole_body_control/launch/chave_mission.launch
[1mstarted roslaunch server http://shiroi:38231/[0m

SUMMARY
========

PARAMETERS
 * /chave_mission/estado_final: 
 * /chave_mission/estado_inicial: STOW_INIT
 * /chave_mission/pausa_por_fase: False
 * /chave_mission/search_omega: 0.35
 * /chave_mission/standoff_distance: 0.62
 * /chave_mission/use_wholebody: False
 * /chave_seccionadora_task/aproxima_lateral/modo: ik
 * /chave_seccionadora_task/aproxima_lateral/offset_xyz_m: [-0.09, 0.008, 0.01]
 * /chave_seccionadora_task/aproxima_lateral/tol_xyz_m: [0.04, 0.008, 0.005]
 * /chave_seccionadora_task/arco1/blade_angle_deg: 15
 * /chave_seccionadora_task/arco1/deriva_eixo_max_m: 0.015
 * /chave_seccionadora_task/arco1/modo: wb
 * /chave_seccionadora_task/arco1/offset_xyz_m: [0.0, 0.0518, -0....
 * /chave_seccionadora_task/arco1/soltura_recuo_min_m: 0.04
 * /chave_seccionadora_task/arco1/tol_xyz_m: [0.04, 0.01, 0.015]
 * /chave_seccionadora_task/arco2/blade_angle_deg: 30
 * /chave_seccionadora_task/arco2/deriva_eixo_max_m: 0.015
 * /chave_seccionadora_task/arco2/modo: wb
 * /chave_seccionadora_task/arco2/offset_xyz_m: [0.0, 0.1, -0.0518]
 * /chave_seccionadora_task/arco2/tol_xyz_m: [0.04, 0.01, 0.015]
 * /chave_seccionadora_task/atravessa/modo: ik
 * /chave_seccionadora_task/atravessa/offset_xyz_m: [-0.008, 0.008, 0...
 * /chave_seccionadora_task/atravessa/tol_xyz_m: [0.008, 0.006, 0....
 * /chave_seccionadora_task/captura/modo: ik
 * /chave_seccionadora_task/captura/offset_xyz_m: [0.0, 0.0, -0.01]
 * /chave_seccionadora_task/captura/tol_xyz_m: [0.04, 0.006, 0.01]
 * /chave_seccionadora_task/desengata/modo: ik
 * /chave_seccionadora_task/desengata/offset_xyz_m: [-0.09, 0.1, -0.0...
 * /chave_seccionadora_task/destrava/curso_estagna_m: 0.01
 * /chave_seccionadora_task/destrava/curso_margem_m: 0.002
 * /chave_seccionadora_task/destrava/curso_min_m: 0.018
 * /chave_seccionadora_task/destrava/curso_teto_m: 0.022
 * /chave_seccionadora_task/destrava/modo: wb
 * /chave_seccionadora_task/destrava/offset_xyz_m: [0.0, 0.0, -0.025]
 * /chave_seccionadora_task/destrava/tol_xyz_m: [0.04, 0.006, 0.004]
 * /chave_seccionadora_task/libera/deriva_eixo_max_m: 0.015
 * /chave_seccionadora_task/libera/modo: wb
 * /chave_seccionadora_task/libera/offset_xyz_m: [0.0, 0.03, -0.025]
 * /chave_seccionadora_task/libera/tol_xyz_m: [0.04, 0.008, 0.006]
 * /chave_seccionadora_task/orienta/modo: ik
 * /chave_seccionadora_task/orienta/offset_xyz_m: [-0.09, 0.15, 0.0...
 * /chave_seccionadora_task/reassenta_sobe/tol_xyz_m: [0.03, 0.02, 0.005]
 * /chave_seccionadora_task/saida_eixo/tol_xyz_m: [0.02, 0.02, 0.015]
 * /chave_seccionadora_task/saida_fora/tol_xyz_m: [0.03, 0.02, 0.02]
 * /chave_seccionadora_task/saida_sobe/tol_xyz_m: [0.03, 0.02, 0.01]
 * /chave_seccionadora_task/target_frame: chave_olhal_link
 * /fuzzy_wb_controller/fixed_gains: []
 * /rosdistro: noetic
 * /rosversion: 1.17.4

NODES
  /
    chave_mission (b166er_whole_body_control/chave_mission.py)

[1mROS_MASTER_URI=http://localhost:11311[0m
]2;/home/marco/b166er/src/b166er_whole_body_control/launch/chave_mission.launch http://localhost:11311
[1mprocess[chave_mission-1]: started with pid [3206974][0m
[1m[chave_mission-1] process has finished cleanly
log file: /home/marco/.ros/log/720d5ca8-c261-11f1-91b6-b025aa85b2a2/chave_mission-1*.log[0m
all processes on machine have died, roslaunch will exit
shutting down processing monitor...
... shutting down processing monitor complete
[1mdone[0m
