[31mWARNING: disk usage in log directory [/home/marco/.ros/log] is over 1GB.
It's recommended that you use the 'rosclean' command.[0m
the rosdep view is empty: call 'sudo rosdep init' and 'rosdep update'
[WARN] [1790800756.310811, 709.749000]: [mission] SEARCH: ajuste não convergiu em 8s (raio 0.57) — amostrando assim mesmo
[WARN] [1790800767.697976, 721.014000]: [mission] SEARCH: 5 de 25 amostras descartadas como outlier (>0.15 m ou >0.20 rad da mediana)
[INFO] [1790800740.108130, 0.000000]: garra_dx = 0.000 m (fechada)
[INFO] [1790800740.150621, 693.792000]: State machine starting in initial state 'STOW_INIT' with userdata: 
	[]
[INFO] [1790800740.451345, 694.093000]: [mission] pose de partida registrada: (0.01, 1.00, 0.00 rad)
[INFO] [1790800740.452284, 694.094000]: [mission] postura "stow_home" comandada: [0.0, 1.13, -1.04, -1.8, 0.0]
[INFO] [1790800740.553758, 694.194000]: State machine transitioning 'STOW_INIT':'ok'-->'SEARCH'
[INFO] [1790800740.555235, 694.195000]: [mission] postura "search" comandada: [0.0, 1.0, -1.0, 0.0, 0.0]
[INFO] [1790800746.627399, 700.196000]: [mission] SEARCH — girando à procura da tag...
[INFO] [1790800746.628619, 700.197000]: [mission] SEARCH: amostra quando a tag estiver a raio 0.35-0.50 do quadro (vista oblíqua; omega fina 0.15 rad/s)
[INFO] [1790800748.144088, 701.698000]: [mission] SEARCH: tag a raio 0.90 — girando até <= 0.50
[INFO] [1790800756.313476, 709.751000]: [mission] tag avistada — parando para medir
[INFO] [1790800757.335328, 710.762000]: [mission] âncora engatada (coleta do SEARCH)
[INFO] [1790800757.338220, 710.766000]: [mission] SEARCH: coleta com dither ±0.05 rad/s (período 3.0 s)
[INFO] [1790800767.683656, 721.001000]: [mission] âncora solta — 29 correções de deriva
[INFO] [1790800767.684951, 721.002000]: [mission] SEARCH: âncora corrigiu a deriva 29 vez(es) durante a coleta
[INFO] [1790800767.699170, 721.016000]: [mission] SEARCH: 20 amostras — parede (0.020, 3.115, -0.004) yaw=2.934
[INFO] [1790800767.700199, 721.017000]: [mission] parede localizada em (0.020, 3.115, -0.004)
[INFO] [1790800767.705432, 721.023000]: State machine transitioning 'SEARCH':'found'-->'APPROACH'
[INFO] [1790800767.707711, 721.025000]: [mission] APPROACH etapa 1/2 — 1.30 m do olhal, alvo (-0.08, 1.67, 1.36 rad)
[INFO] [1790800767.709038, 721.026000]: [mission] teto por postura ativo no drive: v<=0.17 w<=0.50 rampa 0.45/1.52
[INFO] [1790800772.094773, 725.376000]: [mission] APPROACH: alinhado, avançando (0.83 m)
[INFO] [1790800778.736474, 731.926000]: [mission] APPROACH: chegou, ajustando heading final
[INFO] [1790800778.786521, 731.976000]: [mission] teto por postura ativo no drive: v<=0.17 w<=0.50 rampa 0.45/1.52
[INFO] [1790800781.312992, 734.476000]: [mission] APPROACH: concluído
[INFO] [1790800782.324763, 735.480000]: [mission] âncora engatada (coleta do APPROACH/remedida)
[INFO] [1790800782.327213, 735.482000]: [mission] APPROACH/remedida: coleta com dither ±0.05 rad/s (período 3.0 s)
[INFO] [1790800783.470976, 736.606000]: [mission] âncora solta — 2 correções de deriva
[INFO] [1790800783.472965, 736.608000]: [mission] APPROACH/remedida: âncora corrigiu a deriva 2 vez(es) durante a coleta
[INFO] [1790800783.475711, 736.610000]: [mission] APPROACH/remedida: 10 amostras — parede (0.007, 3.008, -0.004) yaw=3.141
[INFO] [1790800783.478758, 736.613000]: [mission] APPROACH etapa 2/2 — 0.88 m do olhal, alvo (0.38, 2.00, 1.57 rad)
[INFO] [1790800787.937737, 741.015000]: [mission] APPROACH: alinhado, avançando (0.64 m)
[INFO] [1790800787.988808, 741.065000]: [mission] teto por postura ativo no drive: v<=0.17 w<=0.50 rampa 0.45/1.52
[INFO] [1790800793.450892, 746.465000]: [mission] APPROACH: chegou, ajustando heading final
[INFO] [1790800793.501423, 746.515000]: [mission] teto por postura ativo no drive: v<=0.17 w<=0.50 rampa 0.45/1.52
[INFO] [1790800798.356618, 751.315000]: [mission] APPROACH: concluído
[INFO] [1790800798.364223, 751.323000]: State machine transitioning 'APPROACH':'arrived'-->'REFINE'
[INFO] [1790800798.366411, 751.325000]: [mission] REFINE — remedindo a parede de perto (10 amostras)
[INFO] [1790800798.370298, 751.329000]: [mission] âncora engatada (coleta do REFINE)
[INFO] [1790800798.371837, 751.330000]: [mission] REFINE: coleta com dither ±0.05 rad/s (período 3.0 s)
[INFO] [1790800799.528058, 752.463000]: [mission] âncora solta — 3 correções de deriva
[INFO] [1790800799.530009, 752.465000]: [mission] REFINE: âncora corrigiu a deriva 3 vez(es) durante a coleta
[INFO] [1790800799.531883, 752.466000]: [mission] REFINE: 10 amostras — parede (0.002, 3.006, -0.001) yaw=3.125
[INFO] [1790800799.533324, 752.468000]: [mission] REFINE: deslocou 0.006 m da estimativa anterior
[INFO] [1790800799.535322, 752.470000]: [mission] olhal estimado em (0.200, 2.873, 0.804)
[INFO] [1790800799.541889, 752.477000]: State machine transitioning 'REFINE':'ok'-->'DEPLOY'
[INFO] [1790800799.543457, 752.478000]: [mission] DEPLOY: IK resolvida para a POSE DE MANIPULAÇÃO (0.19, 2.25, 1.55 rad), não para a atual
[INFO] [1790800804.437293, 756.443000]: [mission] DEPLOY: IK nivelada 0.0711 m, só eixo 0.0014 m — a MISSÃO INTEIRA usa "eixo"
[INFO] [1790800804.439456, 757.369000]: [mission] DEPLOY: IK da ponta resolvida (resíduo 0.0014 m, degrau 0.4°) — pré-posicionando em [-10.9 -46.6  60.   78.5  79.1] graus
[INFO] [1790800811.424703, 764.270000]: [mission] plano de exclusão publicado: parede em [ 2.000e-03  3.006e+00 -1.000e-03], normal segura [-0.017 -1.     0.   ]
[INFO] [1790800811.631350, 764.475000]: [mission] teto por postura ativo no drive: v<=0.23 w<=0.50 rampa 0.52/1.64
[INFO] [1790800814.924350, 767.725000]: [mission] DEPLOY/aproxima: alinhado, avançando (0.47 m)
[INFO] [1790800819.620296, 772.375000]: [mission] DEPLOY/aproxima: chegou, ajustando heading final
[INFO] [1790800825.088355, 777.775000]: [mission] DEPLOY/aproxima: concluído
[INFO] [1790800825.089045, 777.775000]: State machine transitioning 'DEPLOY':'ok'-->'MANIPULATE'
[INFO] [1790800825.089728, 777.776000]: [mission] fase "orienta": modo IK iterativa (YAML)
[INFO] [1790800825.091676, 777.778000]: [mission] âncora engatada (fase "orienta")
[INFO] [1790800828.221589, 780.881000]: [mission] fase "orienta" it0: ponta (0.290, 2.727, 0.810) erro=0.0064 | degrau eixo 0.1° | rolagem 0.1° | IK pediu [-23.5 -30.3  28.1  91.8  71.4] | faltou [0. 0. 0. 0. 0.] graus
[INFO] [1790800828.222819, 780.882000]: [mission] âncora solta — 1 correções de deriva
[INFO] [1790800828.223509, 780.883000]: [mission] fase "orienta" alcançada em 1 iteração(ões) (0.0064 m) — âncora corrigiu 1 vez(es)
[INFO] [1790800828.729755, 781.386000]: [mission] fase "aproxima_lateral": modo IK iterativa (YAML)
[INFO] [1790800828.734205, 781.390000]: [mission] âncora engatada (fase "aproxima_lateral")
[INFO] [1790800831.780068, 784.394000]: [mission] fase "aproxima_lateral" it0: ponta (0.289, 2.870, 0.809) erro=0.0085 | degrau eixo 5.8° | rolagem 6.0° | IK pediu [-19.4 -13.9   0.   80.7  76.1] | faltou [ 0.1 -0.3 -0.2 -0.1  0. ] graus
[INFO] [1790800831.783496, 784.398000]: [mission] fase "aproxima_lateral" it0: no frame da parede eixo=-1.2 prof=+7.1 alt=+4.5 mm (tolerância 40/8/5)
[INFO] [1790800831.785838, 784.400000]: [mission] âncora solta — 1 correções de deriva
[INFO] [1790800831.787813, 784.402000]: [mission] fase "aproxima_lateral" alcançada em 1 iteração(ões) (0.0085 m) — âncora corrigiu 1 vez(es)
[INFO] [1790800832.305401, 784.910000]: [mission] fase "atravessa": modo IK iterativa (YAML)
[INFO] [1790800832.311023, 784.915000]: [mission] âncora engatada (fase "atravessa")
[INFO] [1790800834.159702, 786.719000]: [mission] fase "atravessa" it0: ponta (0.210, 2.870, 0.810) erro=0.0070 | degrau eixo 2.6° | rolagem 3.0° | IK pediu [-12.7 -14.9   0.   85.8  82.3] | faltou [-0.3 -0.1 -0.4 -0.7 -0.5] graus
[INFO] [1790800834.164298, 786.724000]: [mission] fase "atravessa" it0: no frame da parede eixo=+2.0 prof=+5.7 alt=+3.6 mm (tolerância 8/6/5)
[INFO] [1790800834.166656, 786.726000]: [mission] fase "atravessa" alcançada em 1 iteração(ões) (0.0070 m)
[INFO] [1790800834.683987, 787.233000]: [mission] fase "captura": modo IK iterativa (YAML)
[INFO] [1790800834.691617, 787.240000]: [mission] âncora engatada (fase "captura")
[INFO] [1790800836.245327, 788.771000]: [mission] fase "captura" it0: ponta (0.209, 2.872, 0.795) erro=0.0095 | degrau eixo 2.6° | rolagem 2.7° | IK pediu [-12.1 -17.1  -0.   86.5  83.1] | faltou [-0.9  0.1 -0.  -0.1 -0.2] graus
[INFO] [1790800836.249696, 788.775000]: [mission] fase "captura" it0: no frame da parede eixo=+9.4 prof=-0.8 alt=-1.1 mm (tolerância 40/6/10)
[WARN] [1790800840.100797, 792.595000]: [mission] fase "destrava": descida estagnou em 10.2 mm (mín 10 para aceitar; alvo 18) — fim de curso do mecanismo, fechando a fase
[WARN] [1790800840.315237, 792.806000]: [mission] destrava: lingueta em 3.2 mm (esperado ≥ 12) — o gatilho pode não ter soltado
[WARN] [1790800853.335856, 805.650000]: [mission] RETRACT: ponta a 0.142 m do olhal — saindo em degraus: sobe 30 mm, 120 mm pelo eixo do furo, 100 mm para fora, antes de recolher
[INFO] [1790800836.251493, 788.778000]: [mission] fase "captura" alcançada em 1 iteração(ões) (0.0095 m)
[INFO] [1790800836.257635, 788.784000]: [mission] captura: ponta registrada em eixo=-9.4 prof=+0.8 alt=-8.9 mm (zero da descida do destrava e da deriva de eixo)
[INFO] [1790800836.767362, 789.285000]: [mission] fase "destrava": alvo em altura relativo à captura: -28.9 mm (captura -8.9 − curso 18 − margem 2)
[INFO] [1790800836.769387, 789.287000]: [mission] fase "destrava": modo whole-body/Fuzzy (YAML)
[INFO] [1790800836.978700, 789.488000]: [mission] plano de exclusão publicado: parede em [ 2.000e-03  3.006e+00 -1.000e-03], normal segura [-0.017 -1.     0.   ]
[INFO] [1790800837.286136, 789.794000]: [mission] fase "destrava": whole-body assumiu (base livre, restrita pelo plano de exclusão)
[INFO] [1790800837.287909, 789.795000]: [mission] fase "destrava": whole-body a 0.0220 m do alvo — eixo=+9.4 prof=-0.8 alt=-19.8 mm
[INFO] [1790800839.400208, 791.895000]: [mission] fase "destrava": whole-body a 0.0149 m do alvo — eixo=+8.9 prof=-4.4 alt=-11.1 mm
[INFO] [1790800840.314095, 792.805000]: [mission] destrava: ponta desceu 11.8 mm desde a captura (critério observável) | lingueta 3.2 mm (só na simulação)
[INFO] [1790800840.826645, 793.308000]: [mission] fase "libera": modo whole-body/Fuzzy (YAML)
[INFO] [1790800841.033400, 793.510000]: [mission] plano de exclusão publicado: parede em [ 2.000e-03  3.006e+00 -1.000e-03], normal segura [-0.017 -1.     0.   ]
[INFO] [1790800841.339375, 793.813000]: [mission] fase "libera": whole-body assumiu (base livre, restrita pelo plano de exclusão)
[INFO] [1790800841.441138, 793.914000]: [mission] fase "libera": whole-body a 0.0262 m do alvo — eixo=+8.9 prof=+24.6 alt=-2.1 mm
[INFO] [1790800843.571522, 796.014000]: [mission] fase "libera": whole-body a 0.0227 m do alvo — eixo=+8.9 prof=+20.2 alt=+5.2 mm
[INFO] [1790800844.992318, 797.414000]: [mission] fase "libera" alcançada por whole-body em 3.6s (0.0113 m) — no frame da parede eixo=+9.4 prof=-6.0 alt=+2.2 mm (tolerância 40/8/6)
[INFO] [1790800845.702268, 798.120000]: [mission] fase "arco1"/puxa: RECUANDO 0.022 m só com as rodas
[INFO] [1790800846.160486, 798.571000]: [mission] fase "arco1"/puxa: concluído (0.023 m)
[INFO] [1790800846.162893, 798.573000]: [mission] fase "arco1": modo whole-body/Fuzzy (YAML)
[INFO] [1790800846.371362, 798.776000]: [mission] plano de exclusão publicado: parede em [ 2.000e-03  3.006e+00 -1.000e-03], normal segura [-0.017 -1.     0.   ]
[INFO] [1790800846.677127, 799.078000]: [mission] fase "arco1": whole-body assumiu (base livre, restrita pelo plano de exclusão)
[INFO] [1790800846.678613, 799.079000]: [mission] fase "arco1": whole-body a 0.0097 m do alvo — eixo=+9.6 prof=+0.7 alt=-0.9 mm
[INFO] [1790800847.080633, 799.479000]: [mission] fase "arco1" alcançada por whole-body em 0.4s (0.0100 m) — no frame da parede eixo=+9.7 prof=-2.1 alt=-0.6 mm (tolerância 40/10/15)
[INFO] [1790800847.081804, 799.480000]: [mission] arco1: SOLTURA observável — recuo 53.1 mm desde a captura (mín 40) com deriva de eixo -0.3 mm → SOLTA
[INFO] [1790800847.295455, 799.693000]: [mission] waypoint de 15° — lâmina medida em 15.2° (abertura por CONTATO)
[INFO] [1790800847.803148, 800.196000]: [mission] fase "arco2"/puxa: RECUANDO 0.048 m só com as rodas
[INFO] [1790800848.719869, 801.097000]: [mission] fase "arco2"/puxa: concluído (0.049 m)
[INFO] [1790800848.721840, 801.098000]: [mission] fase "arco2": modo whole-body/Fuzzy (YAML)
[INFO] [1790800848.930122, 801.301000]: [mission] plano de exclusão publicado: parede em [ 2.000e-03  3.006e+00 -1.000e-03], normal segura [-0.017 -1.     0.   ]
[INFO] [1790800849.238115, 801.606000]: [mission] fase "arco2": whole-body assumiu (base livre, restrita pelo plano de exclusão)
[INFO] [1790800849.239477, 801.607000]: [mission] fase "arco2": whole-body a 0.0169 m do alvo — eixo=+10.4 prof=-0.3 alt=-13.4 mm
[INFO] [1790800849.641031, 802.006000]: [mission] fase "arco2" alcançada por whole-body em 0.4s (0.0174 m) — no frame da parede eixo=+10.4 prof=-4.7 alt=-13.2 mm (tolerância 40/10/15)
[INFO] [1790800849.851179, 802.214000]: [mission] waypoint de 30° — lâmina medida em 29.1° (abertura por CONTATO)
[INFO] [1790800850.362420, 802.717000]: [mission] fase "desengata": modo IK iterativa (YAML)
[INFO] [1790800850.368997, 802.723000]: [mission] âncora engatada (fase "desengata")
[INFO] [1790800852.400595, 804.729000]: [mission] fase "desengata" it0: ponta (0.290, 2.778, 0.748) erro=0.0084 | degrau eixo 6.1° | rolagem 6.4° | IK pediu [-19.3 -21.5  -0.   86.3  76.9] | faltou [ 0.1 -0.2 -0.3 -0.4 -0. ] graus
[INFO] [1790800852.404203, 804.732000]: [mission] fase "desengata" alcançada em 1 iteração(ões) (0.0084 m)
[INFO] [1790800852.925611, 805.247000]: [mission] MANIPULATE concluída — chave ABERTA, lâmina medida em 29.2°
[INFO] [1790800852.926907, 805.248000]: State machine transitioning 'MANIPULATE':'done'-->'RETRACT'
[INFO] [1790800853.338879, 805.653000]: [mission] âncora engatada (fase "saida_sobe")
[INFO] [1790800854.854398, 807.156000]: [mission] fase "saida_sobe" it0: ponta (0.293, 2.785, 0.773) erro=0.0074 | degrau eixo 5.9° | rolagem 6.1° | IK pediu [-19.2 -18.5   0.   84.5  76.5] | faltou [ 0.  -0.4 -0.2 -0.1  0. ] graus
[INFO] [1790800854.855667, 807.157000]: [mission] fase "saida_sobe" it0: no frame da parede eixo=+1.4 prof=+5.8 alt=+4.5 mm (tolerância 30/20/10)
[INFO] [1790800854.856462, 807.158000]: [mission] fase "saida_sobe" alcançada em 1 iteração(ões) (0.0074 m)
[INFO] [1790800854.858294, 807.160000]: [mission] âncora engatada (fase "saida_eixo")
[INFO] [1790800856.792635, 809.062000]: [mission] fase "saida_eixo" it0: ponta (0.413, 2.784, 0.772) erro=0.0091 | degrau eixo 12.4° | rolagem 13.0° | IK pediu [-28.7 -16.2  -0.   74.9  68.8] | faltou [ 0.2 -0.3 -0.4 -0.5 -0. ] graus
[INFO] [1790800856.794651, 809.064000]: [mission] fase "saida_eixo" it0: no frame da parede eixo=+1.7 prof=+6.6 alt=+6.0 mm (tolerância 20/20/15)
[INFO] [1790800856.796048, 809.066000]: [mission] fase "saida_eixo" alcançada em 1 iteração(ões) (0.0091 m)
[INFO] [1790800856.799905, 809.070000]: [mission] âncora engatada (fase "saida_fora")
[INFO] [1790800859.539992, 811.774000]: [mission] fase "saida_fora" it0: ponta (0.410, 2.683, 0.775) erro=0.0057 | degrau eixo 6.3° | rolagem 6.6° | IK pediu [-32.7 -20.8   0.   97.5  62.1] | faltou [ 0.1 -2.7  5.5 -3.5  0. ] graus
[INFO] [1790800859.541243, 811.775000]: [mission] fase "saida_fora" it0: no frame da parede eixo=+0.8 prof=+5.1 alt=+2.5 mm (tolerância 30/20/20)
[INFO] [1790800859.542086, 811.776000]: [mission] âncora solta — 1 correções de deriva
[INFO] [1790800859.542676, 811.777000]: [mission] fase "saida_fora" alcançada em 1 iteração(ões) (0.0057 m) — âncora corrigiu 1 vez(es)
[INFO] [1790800859.543259, 811.777000]: [mission] RETRACT/afasta: RECUANDO 0.250 m só com as rodas
[INFO] [1790800864.058430, 816.228000]: [mission] RETRACT/afasta: concluído (0.252 m)
[INFO] [1790800864.060611, 816.230000]: [mission] postura "stow_home" comandada: [0.0, 1.13, -1.04, -1.8, 0.0]
[INFO] [1790800875.936038, 827.932000]: State machine transitioning 'RETRACT':'ok'-->'RETURN'
[INFO] [1790800875.937627, 827.933000]: [mission] RETURN — voltando a (0.01, 1.00, 0.00 rad)
[INFO] [1790800888.643587, 840.484000]: [mission] RETURN: alinhado, avançando (1.20 m)
[INFO] [1790800888.694114, 840.534000]: [mission] teto por postura ativo no drive: v<=0.22 w<=0.50 rampa 0.51/1.52
[INFO] [1790800897.737667, 849.484000]: [mission] RETURN: chegou, ajustando heading final
[INFO] [1790800897.788620, 849.534000]: [mission] teto por postura ativo no drive: v<=0.23 w<=0.50 rampa 0.51/1.52
[INFO] [1790800903.816972, 855.484000]: [mission] RETURN: concluído
[INFO] [1790800903.819199, 855.486000]: State machine terminating 'RETURN':'home':'MISSION_OK'
[INFO] [1790800903.821089, 855.488000]: [mission] resultado: MISSION_OK
... logging to /home/marco/.ros/log/4f6ef64c-bd0d-11f1-a1a3-b025aa85b2a2/roslaunch-shiroi-2212648.log
Checking log directory for disk usage. This may take a while.
Press Ctrl-C to interrupt
]2;/home/marco/b166er/src/b166er_whole_body_control/launch/chave_mission.launch
[1mstarted roslaunch server http://shiroi:33901/[0m

SUMMARY
========

PARAMETERS
 * /chave_mission/estado_final: 
 * /chave_mission/estado_inicial: STOW_INIT
 * /chave_mission/pausa_por_fase: False
 * /chave_mission/search_omega: 0.35
 * /chave_mission/standoff_distance: 0.62
 * /chave_mission/use_wholebody: False
 * /chave_seccionadora_task/aproxima_lateral/modo: ik
 * /chave_seccionadora_task/aproxima_lateral/offset_xyz_m: [-0.09, 0.008, 0.01]
 * /chave_seccionadora_task/aproxima_lateral/tol_xyz_m: [0.04, 0.008, 0.005]
 * /chave_seccionadora_task/arco1/blade_angle_deg: 15
 * /chave_seccionadora_task/arco1/deriva_eixo_max_m: 0.015
 * /chave_seccionadora_task/arco1/modo: wb
 * /chave_seccionadora_task/arco1/offset_xyz_m: [0.0, 0.0518, -0....
 * /chave_seccionadora_task/arco1/soltura_recuo_min_m: 0.04
 * /chave_seccionadora_task/arco1/tol_xyz_m: [0.04, 0.01, 0.015]
 * /chave_seccionadora_task/arco2/blade_angle_deg: 30
 * /chave_seccionadora_task/arco2/deriva_eixo_max_m: 0.015
 * /chave_seccionadora_task/arco2/modo: wb
 * /chave_seccionadora_task/arco2/offset_xyz_m: [0.0, 0.1, -0.0518]
 * /chave_seccionadora_task/arco2/tol_xyz_m: [0.04, 0.01, 0.015]
 * /chave_seccionadora_task/atravessa/modo: ik
 * /chave_seccionadora_task/atravessa/offset_xyz_m: [-0.008, 0.008, 0...
 * /chave_seccionadora_task/atravessa/tol_xyz_m: [0.008, 0.006, 0....
 * /chave_seccionadora_task/captura/modo: ik
 * /chave_seccionadora_task/captura/offset_xyz_m: [0.0, 0.0, -0.01]
 * /chave_seccionadora_task/captura/tol_xyz_m: [0.04, 0.006, 0.01]
 * /chave_seccionadora_task/desengata/modo: ik
 * /chave_seccionadora_task/desengata/offset_xyz_m: [-0.09, 0.1, -0.0...
 * /chave_seccionadora_task/destrava/curso_estagna_m: 0.01
 * /chave_seccionadora_task/destrava/curso_margem_m: 0.002
 * /chave_seccionadora_task/destrava/curso_min_m: 0.018
 * /chave_seccionadora_task/destrava/modo: wb
 * /chave_seccionadora_task/destrava/offset_xyz_m: [0.0, 0.0, -0.025]
 * /chave_seccionadora_task/destrava/tol_xyz_m: [0.04, 0.006, 0.004]
 * /chave_seccionadora_task/libera/deriva_eixo_max_m: 0.015
 * /chave_seccionadora_task/libera/modo: wb
 * /chave_seccionadora_task/libera/offset_xyz_m: [0.0, 0.03, -0.025]
 * /chave_seccionadora_task/libera/tol_xyz_m: [0.04, 0.008, 0.006]
 * /chave_seccionadora_task/orienta/modo: ik
 * /chave_seccionadora_task/orienta/offset_xyz_m: [-0.09, 0.15, 0.0...
 * /chave_seccionadora_task/reassenta_sobe/tol_xyz_m: [0.03, 0.02, 0.005]
 * /chave_seccionadora_task/saida_eixo/tol_xyz_m: [0.02, 0.02, 0.015]
 * /chave_seccionadora_task/saida_fora/tol_xyz_m: [0.03, 0.02, 0.02]
 * /chave_seccionadora_task/saida_sobe/tol_xyz_m: [0.03, 0.02, 0.01]
 * /chave_seccionadora_task/target_frame: chave_olhal_link
 * /fuzzy_wb_controller/fixed_gains: []
 * /rosdistro: noetic
 * /rosversion: 1.17.4

NODES
  /
    chave_mission (b166er_whole_body_control/chave_mission.py)

[1mROS_MASTER_URI=http://localhost:11311[0m
]2;/home/marco/b166er/src/b166er_whole_body_control/launch/chave_mission.launch http://localhost:11311
[1mprocess[chave_mission-1]: started with pid [2212692][0m
[1m[chave_mission-1] process has finished cleanly
log file: /home/marco/.ros/log/4f6ef64c-bd0d-11f1-a1a3-b025aa85b2a2/chave_mission-1*.log[0m
all processes on machine have died, roslaunch will exit
shutting down processing monitor...
... shutting down processing monitor complete
[1mdone[0m
