[31mWARNING: disk usage in log directory [/home/marco/.ros/log] is over 1GB.
It's recommended that you use the 'rosclean' command.[0m
the rosdep view is empty: call 'sudo rosdep init' and 'rosdep update'
[WARN] [1791384802.448215, 376.617000]: [mission] SEARCH: 9 de 25 amostras descartadas como outlier (>0.15 m ou >0.20 rad da mediana)
[WARN] [1791384802.501559, 376.670000]: [mission] SEARCH: laser com só 15 pontos de parede (mín 30) — parede fica pela tag
[INFO] [1791384777.742157, 352.211000]: garra_dx = 0.000 m (fechada)
[INFO] [1791384777.854748, 352.324000]: State machine starting in initial state 'STOW_INIT' with userdata: 
	[]
[INFO] [1791384778.056662, 352.525000]: [mission] pose de partida registrada: (0.01, 1.00, 0.01 rad)
[INFO] [1791384778.058086, 352.526000]: [mission] postura "stow_home" comandada: [0.0, 1.13, -1.04, -1.8, 0.0]
[INFO] [1791384778.663172, 353.127000]: State machine transitioning 'STOW_INIT':'ok'-->'SEARCH'
[INFO] [1791384778.665848, 353.129000]: [mission] postura "search" comandada: [0.0, 1.0, -1.0, 0.0, 0.0]
[INFO] [1791384787.658112, 362.031000]: [mission] SEARCH — girando à procura da tag...
[INFO] [1791384787.660770, 362.033000]: [mission] SEARCH: amostra quando a tag estiver a raio 0.35-0.50 do quadro (vista oblíqua; omega fina 0.15 rad/s)
[INFO] [1791384788.984289, 363.336000]: [mission] SEARCH: tag a raio 0.95 — girando até <= 0.50
[INFO] [1791384795.362630, 369.637000]: [mission] SEARCH: tag a raio 0.50 — parando
[INFO] [1791384795.364565, 369.639000]: [mission] tag avistada — parando para medir
[INFO] [1791384796.392071, 370.648000]: [mission] âncora engatada (coleta do SEARCH)
[INFO] [1791384796.394502, 370.650000]: [mission] SEARCH: coleta com dither ±0.05 rad/s (período 3.0 s)
[INFO] [1791384802.429383, 376.599000]: [mission] âncora solta — 5 correções de deriva
[INFO] [1791384802.432088, 376.602000]: [mission] SEARCH: âncora corrigiu a deriva 5 vez(es) durante a coleta
[INFO] [1791384802.449921, 376.619000]: [mission] SEARCH: 16 amostras — parede (0.017, 2.917, -0.003) yaw=-2.854
[INFO] [1791384802.503093, 376.671000]: [mission] parede localizada em (0.017, 2.917, -0.003)
[INFO] [1791384802.509660, 376.678000]: State machine transitioning 'SEARCH':'found'-->'APPROACH'
[INFO] [1791384802.511839, 376.680000]: [mission] APPROACH etapa 1/2 — 1.30 m do olhal, alvo (0.61, 1.60, 1.86 rad)
[INFO] [1791384802.514848, 376.683000]: [mission] APPROACH: alinhado, avançando (0.86 m)
[INFO] [1791384802.565961, 376.733000]: [mission] teto por postura ativo no drive: v<=0.18 w<=0.50 rampa 0.46/1.52
[INFO] [1791384809.455093, 383.533000]: [mission] APPROACH: chegou, ajustando heading final
[INFO] [1791384809.505951, 383.583000]: [mission] teto por postura ativo no drive: v<=0.18 w<=0.50 rampa 0.46/1.51
[INFO] [1791384813.673841, 387.683000]: [mission] APPROACH: concluído
[INFO] [1791384814.684243, 388.686000]: [mission] âncora engatada (coleta do APPROACH/remedida)
[INFO] [1791384814.686387, 388.688000]: [mission] APPROACH/remedida: coleta com dither ±0.05 rad/s (período 3.0 s)
[INFO] [1791384815.828473, 389.817000]: [mission] âncora solta — 1 correções de deriva
[INFO] [1791384815.829967, 389.818000]: [mission] APPROACH/remedida: âncora corrigiu a deriva 1 vez(es) durante a coleta
[INFO] [1791384815.832090, 389.820000]: [mission] APPROACH/remedida: 10 amostras — parede (0.001, 2.994, -0.002) yaw=-3.104
[INFO] [1791384815.884912, 389.873000]: [mission] APPROACH/remedida: parede pelo LASER — 72 pontos, resíduo 4.4 mm: profundidade -7.0 mm e yaw -2.02° em relação à tag → parede (0.001, 3.001, -0.002) yaw=-3.139
[INFO] [1791384815.886501, 389.875000]: [mission] APPROACH etapa 2/2 — 0.88 m do olhal, alvo (0.37, 1.99, 1.57 rad)
[INFO] [1791384817.551990, 391.526000]: [mission] APPROACH: alinhado, avançando (0.57 m)
[INFO] [1791384817.602393, 391.576000]: [mission] teto por postura ativo no drive: v<=0.18 w<=0.50 rampa 0.46/1.51
[INFO] [1791384822.559240, 396.476000]: [mission] APPROACH: chegou, ajustando heading final
[INFO] [1791384826.591054, 400.476000]: [mission] APPROACH: concluído
[INFO] [1791384826.597125, 400.482000]: State machine transitioning 'APPROACH':'arrived'-->'REFINE'
[INFO] [1791384826.599736, 400.484000]: [mission] REFINE — remedindo a parede de perto (10 amostras)
[INFO] [1791384826.604653, 400.489000]: [mission] âncora engatada (coleta do REFINE)
[INFO] [1791384826.605776, 400.490000]: [mission] REFINE: coleta com dither ±0.05 rad/s (período 3.0 s)
[INFO] [1791384827.751302, 401.620000]: [mission] âncora solta — 2 correções de deriva
[INFO] [1791384827.753510, 401.621000]: [mission] REFINE: âncora corrigiu a deriva 2 vez(es) durante a coleta
[INFO] [1791384827.758485, 401.626000]: [mission] REFINE: 10 amostras — parede (0.001, 2.997, 0.001) yaw=-3.142
[INFO] [1791384827.812412, 401.680000]: [mission] REFINE: parede pelo LASER — 92 pontos, resíduo 5.0 mm: profundidade -2.0 mm e yaw -0.09° em relação à tag → parede (0.001, 2.999, 0.001) yaw=3.140
[INFO] [1791384827.814092, 401.682000]: [mission] REFINE: deslocou 0.003 m da estimativa anterior
[INFO] [1791384827.815628, 401.683000]: [mission] olhal estimado em (0.201, 2.869, 0.806)
[INFO] [1791384827.822440, 401.689000]: State machine transitioning 'REFINE':'ok'-->'DEPLOY'
[INFO] [1791384827.826221, 401.693000]: [mission] DEPLOY: IK resolvida para a POSE DE MANIPULAÇÃO (0.20, 2.25, 1.57 rad), não para a atual
[INFO] [1791384832.563007, 406.342000]: [mission] DEPLOY: IK nivelada 0.0706 m, só eixo 0.0015 m — a MISSÃO INTEIRA usa "eixo"
[INFO] [1791384832.567642, 406.429000]: [mission] DEPLOY: IK da ponta resolvida (resíduo 0.0015 m, degrau 0.4°) — pré-posicionando em [-10.9 -46.3  60.   78.4 -10.9] graus
[INFO] [1791384841.391386, 415.132000]: [mission] plano de exclusão publicado: parede em [1.000e-03 2.999e+00 1.000e-03], normal segura [-0.002 -1.     0.   ]
[INFO] [1791384841.603107, 415.341000]: [mission] teto por postura ativo no drive: v<=0.24 w<=0.50 rampa 0.53/1.61
[INFO] [1791384844.084042, 417.791000]: [mission] DEPLOY/aproxima: alinhado, avançando (0.34 m)
[INFO] [1791384847.326149, 420.991000]: [mission] DEPLOY/aproxima: chegou, ajustando heading final
[INFO] [1791384851.109162, 424.741000]: [mission] DEPLOY/aproxima: concluído
[INFO] [1791384851.111184, 424.743000]: State machine transitioning 'DEPLOY':'ok'-->'MANIPULATE'
[INFO] [1791384851.112638, 424.744000]: [mission] fase "orienta": modo IK iterativa (YAML)
[INFO] [1791384851.116236, 424.748000]: [mission] âncora engatada (fase "orienta")
[INFO] [1791384854.052844, 427.654000]: [mission] fase "orienta" it0: ponta (0.292, 2.720, 0.812) erro=0.0026 | degrau eixo 0.1° | rolagem 0.2° | IK pediu [-19.6 -43.4  54.5  78.2 -15.4] | faltou [0. 0. 0. 0. 0.] graus
[INFO] [1791384854.057510, 427.660000]: [mission] fase "orienta" alcançada em 1 iteração(ões) (0.0026 m)
[INFO] [1791384854.574654, 428.165000]: [mission] fase "aproxima_lateral": modo IK iterativa (YAML)
[INFO] [1791384854.581391, 428.172000]: [mission] âncora engatada (fase "aproxima_lateral")
[INFO] [1791384859.168157, 432.677000]: [mission] fase "aproxima_lateral" it0: ponta (0.292, 2.870, 0.809) erro=0.0118 | degrau eixo 3.5° | rolagem 4.2° | IK pediu [-16.2 -15.3   0.   88.3 -11.5] | faltou [-0.   0.2 -1.4 -1.4 -0.4] graus
[INFO] [1791384859.171198, 432.680000]: [mission] fase "aproxima_lateral" it0: no frame da parede eixo=+1.0 prof=+9.7 alt=+6.5 mm (tolerância 40/8/5)
[INFO] [1791384861.616431, 435.094000]: [mission] fase "aproxima_lateral" it1: ponta (0.287, 2.857, 0.817) erro=0.0056 | degrau eixo 3.1° | rolagem 3.1° | IK pediu [-16.4 -14.9   0.   90.  -11.7] | faltou [0. 0. 0. 0. 0.] graus
[INFO] [1791384861.621143, 435.099000]: [mission] fase "aproxima_lateral" it1: no frame da parede eixo=-4.0 prof=-3.5 alt=-1.8 mm (tolerância 40/8/5)
[INFO] [1791384861.624266, 435.102000]: [mission] âncora solta — 1 correções de deriva
[INFO] [1791384861.627214, 435.103000]: [mission] fase "aproxima_lateral" alcançada em 2 iteração(ões) (0.0056 m) — âncora corrigiu 1 vez(es)
[INFO] [1791384862.143114, 435.613000]: [mission] fase "atravessa": modo IK iterativa (YAML)
[INFO] [1791384862.147196, 435.617000]: [mission] âncora engatada (fase "atravessa")
[INFO] [1791384865.607257, 439.020000]: [mission] fase "atravessa" it0: ponta (0.209, 2.868, 0.803) erro=0.0147 | degrau eixo 1.1° | rolagem 1.4° | IK pediu [ -9.2 -15.8   0.1  91.6  -4.5] | faltou [ -0.    3.3 -10.1   4.5  -0.1] graus
[INFO] [1791384865.611368, 439.024000]: [mission] fase "atravessa" it0: no frame da parede eixo=-0.4 prof=+7.0 alt=+13.0 mm (tolerância 8/6/5)
[WARN] [1791384904.065176, 476.788000]: [mission] fase "destrava": descida estagnou em 16.0 mm (mín 10 para aceitar; alvo 18) — fim de curso do mecanismo, fechando a fase
[WARN] [1791384904.275673, 476.996000]: [mission] destrava: lingueta em 11.5 mm (esperado ≥ 12) — o gatilho pode não ter soltado
[INFO] [1791384872.348280, 445.634000]: [mission] fase "atravessa" it1: ponta (0.209, 2.860, 0.809) erro=0.0070 | degrau eixo 1.0° | rolagem 1.4° | IK pediu [ -9.4 -13.2  -3.4  94.6  -4.6] | faltou [ -0.1  10.1 -27.   12.2   0.1] graus
[INFO] [1791384872.349865, 445.636000]: [mission] fase "atravessa" it1: no frame da parede eixo=-0.4 prof=-0.1 alt=+7.0 mm (tolerância 8/6/5)
[INFO] [1791384876.315511, 449.539000]: [mission] fase "atravessa" it2: ponta (0.209, 2.858, 0.807) erro=0.0086 | degrau eixo 0.9° | rolagem 2.4° | IK pediu [ -9.6  -9.1 -10.8  98.3  -4.6] | faltou [  0.5 -32.   65.9 -46.7  -0.8] graus
[INFO] [1791384876.318430, 449.542000]: [mission] fase "atravessa" it2: no frame da parede eixo=-0.2 prof=-2.2 alt=+8.3 mm (tolerância 8/6/5)
[INFO] [1791384884.658960, 457.749000]: [mission] fase "atravessa" it3: ponta (0.209, 2.867, 0.813) erro=0.0069 | degrau eixo 1.1° | rolagem 1.8° | IK pediu [ -9.3 -22.3  20.6  78.2  -4.6] | faltou [  0.2  23.9 -59.7  28.7  -0.3] graus
[INFO] [1791384884.662036, 457.752000]: [mission] fase "atravessa" it3: no frame da parede eixo=-0.1 prof=+6.5 alt=+2.4 mm (tolerância 8/6/5)
[INFO] [1791384888.138337, 461.157000]: [mission] fase "atravessa" it4: ponta (0.209, 2.866, 0.812) erro=0.0066 | degrau eixo 1.0° | rolagem 1.7° | IK pediu [ -9.4  -7.3 -12.8  98.7  -4.7] | faltou [ -0.1   7.9 -24.3   8.7  -0.2] graus
[INFO] [1791384888.142016, 461.161000]: [mission] fase "atravessa" it4: no frame da parede eixo=-0.1 prof=+5.8 alt=+3.3 mm (tolerância 8/6/5)
[INFO] [1791384888.143986, 461.163000]: [mission] âncora solta — 4 correções de deriva
[INFO] [1791384888.146060, 461.165000]: [mission] fase "atravessa" alcançada em 5 iteração(ões) (0.0066 m) — âncora corrigiu 4 vez(es)
[INFO] [1791384888.657424, 461.672000]: [mission] fase "captura": modo IK iterativa (YAML)
[INFO] [1791384888.662622, 461.677000]: [mission] âncora engatada (fase "captura")
[INFO] [1791384893.296962, 466.217000]: [mission] fase "captura" it0: ponta (0.209, 2.858, 0.786) erro=0.0159 | degrau eixo 1.1° | rolagem 1.3° | IK pediu [ -8.9 -11.3 -14.9  99.8  -3.6] | faltou [ -0.9 -22.1  45.5 -24.8  -0.4] graus
[INFO] [1791384893.300234, 466.221000]: [mission] fase "captura" it0: no frame da parede eixo=+7.3 prof=-10.7 alt=+9.2 mm (tolerância 40/6/10)
[INFO] [1791384900.773071, 473.560000]: [mission] fase "captura" it1: ponta (0.209, 2.870, 0.792) erro=0.0087 | degrau eixo 1.0° | rolagem 1.2° | IK pediu [ -8.4 -24.4  16.9  79.4  -3. ] | faltou [ -1.1  22.1 -53.   27.3  -0. ] graus
[INFO] [1791384900.778001, 473.566000]: [mission] fase "captura" it1: no frame da parede eixo=+7.4 prof=+1.9 alt=+4.0 mm (tolerância 40/6/10)
[INFO] [1791384900.780601, 473.568000]: [mission] âncora solta — 1 correções de deriva
[INFO] [1791384900.783178, 473.570000]: [mission] fase "captura" alcançada em 2 iteração(ões) (0.0087 m) — âncora corrigiu 1 vez(es)
[INFO] [1791384900.791973, 473.577000]: [mission] captura: ponta registrada em eixo=-7.4 prof=-1.9 alt=-14.0 mm (zero da descida do destrava e da deriva de eixo)
[INFO] [1791384901.306347, 474.080000]: [mission] fase "destrava": alvo em altura relativo à captura: -34.0 mm (captura -14.0 − curso 18 − margem 2)
[INFO] [1791384901.307837, 474.081000]: [mission] fase "destrava": modo whole-body/Fuzzy (YAML)
[INFO] [1791384901.521198, 474.284000]: [mission] plano de exclusão publicado: parede em [1.000e-03 2.999e+00 1.000e-03], normal segura [-0.002 -1.     0.   ]
[INFO] [1791384901.835874, 474.587000]: [mission] fase "destrava": whole-body assumiu (base livre, restrita pelo plano de exclusão)
[INFO] [1791384901.837278, 474.588000]: [mission] fase "destrava": whole-body a 0.0180 m do alvo — eixo=+7.4 prof=+1.0 alt=-16.3 mm
[INFO] [1791384903.964396, 476.688000]: [mission] fase "destrava": whole-body a 0.0089 m do alvo — eixo=+7.2 prof=-3.4 alt=-4.0 mm
[INFO] [1791384904.274737, 476.995000]: [mission] destrava: ponta desceu 16.0 mm desde a captura (critério observável) | lingueta 11.5 mm (só na simulação)
[INFO] [1791384904.779655, 477.497000]: [mission] fase "libera": modo whole-body/Fuzzy (YAML)
[INFO] [1791384904.985173, 477.698000]: [mission] plano de exclusão publicado: parede em [1.000e-03 2.999e+00 1.000e-03], normal segura [-0.002 -1.     0.   ]
[INFO] [1791384905.302525, 478.003000]: [mission] fase "libera": whole-body assumiu (base livre, restrita pelo plano de exclusão)
[INFO] [1791384906.005496, 478.703000]: [mission] fase "libera": whole-body a 0.0280 m do alvo — eixo=+7.3 prof=+26.6 alt=+5.1 mm
[INFO] [1791384908.154992, 480.803000]: [mission] fase "libera": whole-body a 0.0280 m do alvo — eixo=+7.3 prof=+26.5 alt=+5.4 mm
[INFO] [1791384910.280595, 482.903000]: [mission] fase "libera": whole-body a 0.0263 m do alvo — eixo=+7.2 prof=+23.5 alt=+9.3 mm
[INFO] [1791384912.415814, 485.003000]: [mission] fase "libera": whole-body a 0.0302 m do alvo — eixo=+7.3 prof=+27.9 alt=+9.0 mm
[INFO] [1791384914.538069, 487.103000]: [mission] fase "libera": whole-body a 0.0327 m do alvo — eixo=+7.4 prof=+31.1 alt=+6.9 mm
[INFO] [1791384916.663882, 489.203000]: [mission] fase "libera": whole-body a 0.0351 m do alvo — eixo=+9.3 prof=+33.0 alt=+7.3 mm
[INFO] [1791384918.795320, 491.304000]: [mission] fase "libera": whole-body a 0.0346 m do alvo — eixo=+11.8 prof=+31.9 alt=+5.9 mm
[INFO] [1791384920.913821, 493.403000]: [mission] fase "libera": whole-body a 0.0337 m do alvo — eixo=+10.0 prof=+31.2 alt=+7.7 mm
[INFO] [1791384923.030550, 495.503000]: [mission] fase "libera": whole-body a 0.0339 m do alvo — eixo=+11.2 prof=+30.1 alt=+10.7 mm
[INFO] [1791384925.151691, 497.603000]: [mission] fase "libera": whole-body a 0.0291 m do alvo — eixo=+15.0 prof=+23.3 alt=+8.8 mm
[INFO] [1791384927.266181, 499.703000]: [mission] fase "libera": whole-body a 0.0127 m do alvo — eixo=+7.5 prof=+9.1 alt=+4.9 mm
[INFO] [1791384927.769382, 500.203000]: [mission] fase "libera" alcançada por whole-body em 22.2s (0.0085 m) — no frame da parede eixo=+7.4 prof=+4.2 alt=+0.3 mm (tolerância 40/8/6)
[INFO] [1791384928.479414, 500.908000]: [mission] fase "arco1"/puxa: RECUANDO 0.022 m só com as rodas
[INFO] [1791384928.985180, 501.409000]: [mission] fase "arco1"/puxa: concluído (0.022 m)
[INFO] [1791384928.986547, 501.410000]: [mission] fase "arco1": modo whole-body/Fuzzy (YAML)
[INFO] [1791384929.193260, 501.613000]: [mission] plano de exclusão publicado: parede em [1.000e-03 2.999e+00 1.000e-03], normal segura [-0.002 -1.     0.   ]
[INFO] [1791384929.500006, 501.918000]: [mission] fase "arco1": whole-body assumiu (base livre, restrita pelo plano de exclusão)
[INFO] [1791384929.501488, 501.919000]: [mission] fase "arco1": whole-body a 0.0155 m do alvo — eixo=+7.5 prof=+13.1 alt=-3.3 mm
[INFO] [1791384931.316240, 503.719000]: [mission] fase "arco1" alcançada por whole-body em 1.8s (0.0097 m) — no frame da parede eixo=+7.5 prof=+6.0 alt=+1.1 mm (tolerância 40/10/15)
[INFO] [1791384931.316993, 503.720000]: [mission] arco1: SOLTURA observável — recuo 47.7 mm desde a captura (mín 40) com deriva de eixo -0.1 mm → SOLTA
[INFO] [1791384931.522273, 503.925000]: [mission] waypoint de 15° — lâmina medida em 14.7° (abertura por CONTATO)
[INFO] [1791384932.025985, 504.426000]: [mission] fase "arco2"/puxa: RECUANDO 0.048 m só com as rodas
[INFO] [1791384932.884792, 505.276000]: [mission] fase "arco2"/puxa: concluído (0.048 m)
[INFO] [1791384932.886747, 505.278000]: [mission] fase "arco2": modo whole-body/Fuzzy (YAML)
[INFO] [1791384933.097318, 505.480000]: [mission] plano de exclusão publicado: parede em [1.000e-03 2.999e+00 1.000e-03], normal segura [-0.002 -1.     0.   ]
[INFO] [1791384933.404900, 505.783000]: [mission] fase "arco2": whole-body assumiu (base livre, restrita pelo plano de exclusão)
[INFO] [1791384933.407515, 505.785000]: [mission] fase "arco2": whole-body a 0.0124 m do alvo — eixo=+9.1 prof=+4.7 alt=-6.9 mm
[INFO] [1791384933.812196, 506.185000]: [mission] fase "arco2" alcançada por whole-body em 0.4s (0.0082 m) — no frame da parede eixo=+7.5 prof=+1.6 alt=+2.7 mm (tolerância 40/10/15)
[INFO] [1791384934.025003, 506.395000]: [mission] waypoint de 30° — lâmina medida em 32.0° (abertura por CONTATO)
[WARN] [1791384942.337937, 514.618000]: [mission] RETRACT: ponta a 0.144 m do olhal — saindo em degraus: sobe 30 mm, 120 mm pelo eixo do furo, 100 mm para fora, antes de recolher
[INFO] [1791384934.537409, 506.897000]: [mission] fase "desengata": modo IK iterativa (YAML)
[INFO] [1791384934.540799, 506.900000]: [mission] âncora engatada (fase "desengata")
[INFO] [1791384941.377876, 513.703000]: [mission] fase "desengata" it0: ponta (0.290, 2.771, 0.744) erro=0.0105 | degrau eixo 6.0° | rolagem 6.1° | IK pediu [-14.6  -9.4   0.1  44.9  -4.3] | faltou [-0.2 -3.2  5.5 -3.1  0.1] graus
[INFO] [1791384941.380865, 513.706000]: [mission] âncora solta — 2 correções de deriva
[INFO] [1791384941.382494, 513.708000]: [mission] fase "desengata" alcançada em 1 iteração(ões) (0.0105 m) — âncora corrigiu 2 vez(es)
[INFO] [1791384941.894514, 514.216000]: [mission] MANIPULATE concluída — chave ABERTA, lâmina medida em 25.0°
[INFO] [1791384941.895292, 514.217000]: State machine transitioning 'MANIPULATE':'done'-->'RETRACT'
[INFO] [1791384942.340859, 514.623000]: [mission] âncora engatada (fase "saida_sobe")
[INFO] [1791384945.440279, 517.727000]: [mission] fase "saida_sobe" it0: ponta (0.282, 2.776, 0.763) erro=0.0128 | degrau eixo 5.7° | rolagem 6.0° | IK pediu [-14.7  -7.    0.   43.   -4.2] | faltou [-0.  -5.2 10.2 -5.8 -0.1] graus
[INFO] [1791384945.443202, 517.730000]: [mission] fase "saida_sobe" it0: no frame da parede eixo=-6.4 prof=+3.9 alt=+10.4 mm (tolerância 30/20/10)
[INFO] [1791384947.784527, 520.038000]: [mission] fase "saida_sobe" it1: ponta (0.294, 2.770, 0.773) erro=0.0066 | degrau eixo 5.8° | rolagem 6.0° | IK pediu [-15.6  -6.8   0.   44.4  -4.6] | faltou [ 0.1 -0.3 -0.2 -0.1  0. ] graus
[INFO] [1791384947.786475, 520.040000]: [mission] fase "saida_sobe" it1: no frame da parede eixo=+6.0 prof=-2.5 alt=+0.5 mm (tolerância 30/20/10)
[INFO] [1791384947.787599, 520.041000]: [mission] âncora solta — 1 correções de deriva
[INFO] [1791384947.788810, 520.042000]: [mission] fase "saida_sobe" alcançada em 2 iteração(ões) (0.0066 m) — âncora corrigiu 1 vez(es)
[INFO] [1791384947.791804, 520.045000]: [mission] âncora engatada (fase "saida_eixo")
[INFO] [1791384951.493900, 523.719000]: [mission] fase "saida_eixo" it0: ponta (0.398, 2.774, 0.771) erro=0.0104 | degrau eixo 13.4° | rolagem 13.5° | IK pediu [-23.5  -3.2  -0.   32.   -7.6] | faltou [0. 0. 0. 0. 0.] graus
[INFO] [1791384951.497757, 523.723000]: [mission] fase "saida_eixo" it0: no frame da parede eixo=-9.6 prof=+2.5 alt=+3.0 mm (tolerância 20/20/15)
[INFO] [1791384951.500170, 523.726000]: [mission] fase "saida_eixo" alcançada em 1 iteração(ões) (0.0104 m)
[INFO] [1791384951.504286, 523.730000]: [mission] âncora engatada (fase "saida_fora")
[INFO] [1791384956.195017, 528.361000]: [mission] fase "saida_fora" it0: ponta (0.407, 2.671, 0.770) erro=0.0040 | degrau eixo 10.1° | rolagem 9.9° | IK pediu [-26.3 -15.3  -0.   69.6 -14.3] | faltou [-0.2 -0.3  0.   0.3  0.2] graus
[INFO] [1791384956.197123, 528.363000]: [mission] fase "saida_fora" it0: no frame da parede eixo=-1.0 prof=-1.1 alt=+3.7 mm (tolerância 30/20/20)
[INFO] [1791384956.198275, 528.365000]: [mission] âncora solta — 1 correções de deriva
[INFO] [1791384956.199074, 528.365000]: [mission] fase "saida_fora" alcançada em 1 iteração(ões) (0.0040 m) — âncora corrigiu 1 vez(es)
[INFO] [1791384956.199758, 528.366000]: [mission] RETRACT/afasta: RECUANDO 0.250 m só com as rodas
[INFO] [1791384961.039133, 533.167000]: [mission] RETRACT/afasta: concluído (0.250 m)
[INFO] [1791384961.040907, 533.169000]: [mission] postura "stow_home" comandada: [0.0, 1.13, -1.04, -1.8, 0.0]
[INFO] [1791384974.617992, 546.570000]: State machine transitioning 'RETRACT':'ok'-->'RETURN'
[INFO] [1791384974.620350, 546.572000]: [mission] RETURN — voltando a (0.01, 1.00, 0.01 rad)
[INFO] [1791384987.693232, 559.474000]: [mission] RETURN: alinhado, avançando (0.95 m)
[INFO] [1791384987.743559, 559.524000]: [mission] teto por postura ativo no drive: v<=0.25 w<=0.50 rampa 0.54/1.50
[INFO] [1791384995.235102, 566.924000]: [mission] RETURN: chegou, ajustando heading final
[INFO] [1791384995.286276, 566.974000]: [mission] teto por postura ativo no drive: v<=0.25 w<=0.50 rampa 0.54/1.50
[INFO] [1791385003.267757, 574.874000]: [mission] RETURN: concluído
[INFO] [1791385003.269582, 574.876000]: State machine terminating 'RETURN':'home':'MISSION_OK'
[INFO] [1791385003.282308, 574.888000]: [mission] resultado: MISSION_OK
... logging to /home/marco/.ros/log/ef3b2c54-c25d-11f1-b091-b025aa85b2a2/roslaunch-shiroi-3175554.log
Checking log directory for disk usage. This may take a while.
Press Ctrl-C to interrupt
]2;/home/marco/b166er/src/b166er_whole_body_control/launch/chave_mission.launch
[1mstarted roslaunch server http://shiroi:37307/[0m

SUMMARY
========

PARAMETERS
 * /chave_mission/estado_final: 
 * /chave_mission/estado_inicial: STOW_INIT
 * /chave_mission/pausa_por_fase: False
 * /chave_mission/search_omega: 0.35
 * /chave_mission/standoff_distance: 0.62
 * /chave_mission/use_wholebody: False
 * /chave_seccionadora_task/aproxima_lateral/modo: ik
 * /chave_seccionadora_task/aproxima_lateral/offset_xyz_m: [-0.09, 0.008, 0.01]
 * /chave_seccionadora_task/aproxima_lateral/tol_xyz_m: [0.04, 0.008, 0.005]
 * /chave_seccionadora_task/arco1/blade_angle_deg: 15
 * /chave_seccionadora_task/arco1/deriva_eixo_max_m: 0.015
 * /chave_seccionadora_task/arco1/modo: wb
 * /chave_seccionadora_task/arco1/offset_xyz_m: [0.0, 0.0518, -0....
 * /chave_seccionadora_task/arco1/soltura_recuo_min_m: 0.04
 * /chave_seccionadora_task/arco1/tol_xyz_m: [0.04, 0.01, 0.015]
 * /chave_seccionadora_task/arco2/blade_angle_deg: 30
 * /chave_seccionadora_task/arco2/deriva_eixo_max_m: 0.015
 * /chave_seccionadora_task/arco2/modo: wb
 * /chave_seccionadora_task/arco2/offset_xyz_m: [0.0, 0.1, -0.0518]
 * /chave_seccionadora_task/arco2/tol_xyz_m: [0.04, 0.01, 0.015]
 * /chave_seccionadora_task/atravessa/modo: ik
 * /chave_seccionadora_task/atravessa/offset_xyz_m: [-0.008, 0.008, 0...
 * /chave_seccionadora_task/atravessa/tol_xyz_m: [0.008, 0.006, 0....
 * /chave_seccionadora_task/captura/modo: ik
 * /chave_seccionadora_task/captura/offset_xyz_m: [0.0, 0.0, -0.01]
 * /chave_seccionadora_task/captura/tol_xyz_m: [0.04, 0.006, 0.01]
 * /chave_seccionadora_task/desengata/modo: ik
 * /chave_seccionadora_task/desengata/offset_xyz_m: [-0.09, 0.1, -0.0...
 * /chave_seccionadora_task/destrava/curso_estagna_m: 0.01
 * /chave_seccionadora_task/destrava/curso_margem_m: 0.002
 * /chave_seccionadora_task/destrava/curso_min_m: 0.018
 * /chave_seccionadora_task/destrava/curso_teto_m: 0.022
 * /chave_seccionadora_task/destrava/modo: wb
 * /chave_seccionadora_task/destrava/offset_xyz_m: [0.0, 0.0, -0.025]
 * /chave_seccionadora_task/destrava/tol_xyz_m: [0.04, 0.006, 0.004]
 * /chave_seccionadora_task/libera/deriva_eixo_max_m: 0.015
 * /chave_seccionadora_task/libera/modo: wb
 * /chave_seccionadora_task/libera/offset_xyz_m: [0.0, 0.03, -0.025]
 * /chave_seccionadora_task/libera/tol_xyz_m: [0.04, 0.008, 0.006]
 * /chave_seccionadora_task/orienta/modo: ik
 * /chave_seccionadora_task/orienta/offset_xyz_m: [-0.09, 0.15, 0.0...
 * /chave_seccionadora_task/reassenta_sobe/tol_xyz_m: [0.03, 0.02, 0.005]
 * /chave_seccionadora_task/saida_eixo/tol_xyz_m: [0.02, 0.02, 0.015]
 * /chave_seccionadora_task/saida_fora/tol_xyz_m: [0.03, 0.02, 0.02]
 * /chave_seccionadora_task/saida_sobe/tol_xyz_m: [0.03, 0.02, 0.01]
 * /chave_seccionadora_task/target_frame: chave_olhal_link
 * /fuzzy_wb_controller/fixed_gains: []
 * /rosdistro: noetic
 * /rosversion: 1.17.4

NODES
  /
    chave_mission (b166er_whole_body_control/chave_mission.py)

[1mROS_MASTER_URI=http://localhost:11311[0m
]2;/home/marco/b166er/src/b166er_whole_body_control/launch/chave_mission.launch http://localhost:11311
[1mprocess[chave_mission-1]: started with pid [3175598][0m
[1m[chave_mission-1] process has finished cleanly
log file: /home/marco/.ros/log/ef3b2c54-c25d-11f1-b091-b025aa85b2a2/chave_mission-1*.log[0m
all processes on machine have died, roslaunch will exit
shutting down processing monitor...
... shutting down processing monitor complete
[1mdone[0m
