[31mWARNING: disk usage in log directory [/home/marco/.ros/log] is over 1GB.
It's recommended that you use the 'rosclean' command.[0m
the rosdep view is empty: call 'sudo rosdep init' and 'rosdep update'
[WARN] [1791391976.077799, 315.467000]: [mission] SEARCH: ajuste não convergiu em 8s (raio 0.64) — amostrando assim mesmo
[WARN] [1791391984.630271, 323.882000]: [mission] SEARCH: 10 de 25 amostras descartadas como outlier (>0.15 m ou >0.20 rad da mediana)
[WARN] [1791391984.683470, 323.935000]: [mission] SEARCH: laser com só 16 pontos de parede (mín 30) — parede fica pela tag
[INFO] [1791391949.751491, 289.586000]: garra_dx = 0.000 m (fechada)
[INFO] [1791391949.814055, 289.644000]: State machine starting in initial state 'STOW_INIT' with userdata: 
	[]
[INFO] [1791391950.018765, 289.852000]: [mission] pose de partida registrada: (0.01, 1.00, -0.02 rad)
[INFO] [1791391950.020538, 289.853000]: [mission] postura "stow_home" comandada: [0.0, 1.13, -1.04, -1.8, 0.0]
[INFO] [1791391953.995574, 293.756000]: State machine transitioning 'STOW_INIT':'ok'-->'SEARCH'
[INFO] [1791391953.998011, 293.758000]: [mission] postura "search" comandada: [0.0, 1.0, -1.0, 0.0, 0.0]
[INFO] [1791391966.124866, 305.662000]: [mission] SEARCH — girando à procura da tag...
[INFO] [1791391966.126114, 305.663000]: [mission] SEARCH: amostra quando a tag estiver a raio 0.35-0.50 do quadro (vista oblíqua; omega fina 0.15 rad/s)
[INFO] [1791391967.908517, 307.414000]: [mission] SEARCH: tag a raio 0.97 — girando até <= 0.50
[INFO] [1791391976.079926, 315.469000]: [mission] tag avistada — parando para medir
[INFO] [1791391977.098486, 316.474000]: [mission] âncora engatada (coleta do SEARCH)
[INFO] [1791391977.099229, 316.475000]: [mission] SEARCH: coleta com dither ±0.05 rad/s (período 3.0 s)
[INFO] [1791391984.616180, 323.869000]: [mission] âncora solta — 14 correções de deriva
[INFO] [1791391984.617440, 323.870000]: [mission] SEARCH: âncora corrigiu a deriva 14 vez(es) durante a coleta
[INFO] [1791391984.631443, 323.884000]: [mission] SEARCH: 15 amostras — parede (0.018, 2.906, -0.002) yaw=-2.861
[INFO] [1791391984.685257, 323.937000]: [mission] parede localizada em (0.018, 2.906, -0.002)
[INFO] [1791391984.693029, 323.945000]: State machine transitioning 'SEARCH':'found'-->'APPROACH'
[INFO] [1791391984.696116, 323.947000]: [mission] APPROACH etapa 1/2 — 1.30 m do olhal, alvo (0.61, 1.59, 1.85 rad)
[INFO] [1791391985.201128, 324.449000]: [mission] APPROACH: alinhado, avançando (0.83 m)
[INFO] [1791391985.251184, 324.499000]: [mission] teto por postura ativo no drive: v<=0.16 w<=0.50 rampa 0.43/1.52
[INFO] [1791391992.005734, 331.149000]: [mission] APPROACH: chegou, ajustando heading final
[INFO] [1791391992.055671, 331.199000]: [mission] teto por postura ativo no drive: v<=0.16 w<=0.50 rampa 0.43/1.52
[INFO] [1791391994.657568, 333.749000]: [mission] APPROACH: concluído
[INFO] [1791391995.673030, 334.754000]: [mission] âncora engatada (coleta do APPROACH/remedida)
[INFO] [1791391995.674649, 334.756000]: [mission] APPROACH/remedida: coleta com dither ±0.05 rad/s (período 3.0 s)
[INFO] [1791391996.819324, 335.885000]: [mission] âncora solta — 2 correções de deriva
[INFO] [1791391996.822194, 335.888000]: [mission] APPROACH/remedida: âncora corrigiu a deriva 2 vez(es) durante a coleta
[INFO] [1791391996.825063, 335.890000]: [mission] APPROACH/remedida: 10 amostras — parede (0.005, 3.008, -0.001) yaw=3.126
[INFO] [1791391996.877791, 335.943000]: [mission] APPROACH/remedida: parede pelo LASER — 69 pontos, resíduo 4.4 mm: profundidade +8.9 mm e yaw +0.82° em relação à tag → parede (0.005, 2.999, -0.001) yaw=3.141
[INFO] [1791391996.879535, 335.945000]: [mission] APPROACH etapa 2/2 — 0.88 m do olhal, alvo (0.37, 1.99, 1.57 rad)
[INFO] [1791391998.712120, 337.746000]: [mission] APPROACH: alinhado, avançando (0.57 m)
[INFO] [1791391998.762776, 337.796000]: [mission] teto por postura ativo no drive: v<=0.15 w<=0.50 rampa 0.43/1.51
[INFO] [1791392004.012847, 342.946000]: [mission] APPROACH: chegou, ajustando heading final
[INFO] [1791392004.065043, 342.996000]: [mission] teto por postura ativo no drive: v<=0.16 w<=0.50 rampa 0.44/1.52
[INFO] [1791392008.155522, 346.996000]: [mission] APPROACH: concluído
[INFO] [1791392008.161250, 347.002000]: State machine transitioning 'APPROACH':'arrived'-->'REFINE'
[INFO] [1791392008.163498, 347.004000]: [mission] REFINE — remedindo a parede de perto (10 amostras)
[INFO] [1791392008.169507, 347.010000]: [mission] âncora engatada (coleta do REFINE)
[INFO] [1791392008.171287, 347.011000]: [mission] REFINE: coleta com dither ±0.05 rad/s (período 3.0 s)
[INFO] [1791392009.330519, 348.151000]: [mission] âncora solta — 2 correções de deriva
[INFO] [1791392009.332575, 348.153000]: [mission] REFINE: âncora corrigiu a deriva 2 vez(es) durante a coleta
[INFO] [1791392009.334343, 348.154000]: [mission] REFINE: 10 amostras — parede (0.003, 2.997, 0.001) yaw=-3.142
[INFO] [1791392009.388304, 348.207000]: [mission] REFINE: parede pelo LASER — 91 pontos, resíduo 5.0 mm: profundidade -1.9 mm e yaw +0.04° em relação à tag → parede (0.002, 2.999, 0.001) yaw=-3.141
[INFO] [1791392009.390460, 348.209000]: [mission] REFINE: deslocou 0.003 m da estimativa anterior
[INFO] [1791392009.392666, 348.212000]: [mission] olhal estimado em (0.203, 2.869, 0.806)
[INFO] [1791392009.398679, 348.218000]: State machine transitioning 'REFINE':'ok'-->'DEPLOY'
[INFO] [1791392009.400463, 348.219000]: [mission] DEPLOY: IK resolvida para a POSE DE MANIPULAÇÃO (0.20, 2.25, 1.57 rad), não para a atual
[INFO] [1791392014.486378, 352.910000]: [mission] DEPLOY: IK nivelada 0.0707 m, só eixo 0.0014 m — a MISSÃO INTEIRA usa "eixo"
[INFO] [1791392014.488507, 353.301000]: [mission] DEPLOY: IK da ponta resolvida (resíduo 0.0014 m, degrau 0.4°) — pré-posicionando em [-10.9 -46.4  60.   78.4 -10.9] graus
[INFO] [1791392023.664702, 362.303000]: [mission] plano de exclusão publicado: parede em [2.000e-03 2.999e+00 1.000e-03], normal segura [ 0.001 -1.     0.   ]
[INFO] [1791392023.881678, 362.514000]: [mission] teto por postura ativo no drive: v<=0.25 w<=0.50 rampa 0.54/1.61
[INFO] [1791392026.828051, 365.413000]: [mission] DEPLOY/aproxima: alinhado, avançando (0.32 m)
[INFO] [1791392030.297327, 368.813000]: [mission] DEPLOY/aproxima: chegou, ajustando heading final
[INFO] [1791392035.300435, 373.713000]: [mission] DEPLOY/aproxima: concluído
[INFO] [1791392035.302528, 373.715000]: State machine transitioning 'DEPLOY':'ok'-->'MANIPULATE'
[INFO] [1791392035.304388, 373.717000]: [mission] fase "orienta": modo IK iterativa (YAML)
[INFO] [1791392035.310023, 373.723000]: [mission] âncora engatada (fase "orienta")
[INFO] [1791392038.875350, 377.228000]: [mission] fase "orienta" it0: ponta (0.291, 2.730, 0.808) erro=0.0125 | degrau eixo 0.1° | rolagem 0.1° | IK pediu [-20.3 -35.8  39.9  85.4 -15.4] | faltou [0. 0. 0. 0. 0.] graus
[INFO] [1791392038.878995, 377.233000]: [mission] âncora solta — 1 correções de deriva
[INFO] [1791392038.880475, 377.234000]: [mission] fase "orienta" alcançada em 1 iteração(ões) (0.0125 m) — âncora corrigiu 1 vez(es)
[INFO] [1791392039.395002, 377.742000]: [mission] fase "aproxima_lateral": modo IK iterativa (YAML)
[INFO] [1791392039.397226, 377.744000]: [mission] âncora engatada (fase "aproxima_lateral")
[INFO] [1791392045.110255, 383.346000]: [mission] fase "aproxima_lateral" it0: ponta (0.286, 2.869, 0.805) erro=0.0144 | degrau eixo 4.3° | rolagem 5.0° | IK pediu [-17.4 -14.2   0.   83.2 -11.4] | faltou [ 0.4 -6.2 11.8 -7.7 -0.4] graus
[INFO] [1791392045.113282, 383.350000]: [mission] fase "aproxima_lateral" it0: no frame da parede eixo=-6.4 prof=+7.6 alt=+10.4 mm (tolerância 40/8/5)
[INFO] [1791392047.567780, 385.756000]: [mission] fase "aproxima_lateral" it1: ponta (0.295, 2.861, 0.816) erro=0.0026 | degrau eixo 4.1° | rolagem 4.7° | IK pediu [-18.2 -13.5   0.   84.3 -12.1] | faltou [ 0.1  2.7 -7.7  3.2 -0.2] graus
[INFO] [1791392047.569062, 385.757000]: [mission] fase "aproxima_lateral" it1: no frame da parede eixo=+2.5 prof=-0.4 alt=-0.0 mm (tolerância 40/8/5)
[INFO] [1791392047.569753, 385.758000]: [mission] âncora solta — 4 correções de deriva
[INFO] [1791392047.570329, 385.758000]: [mission] fase "aproxima_lateral" alcançada em 2 iteração(ões) (0.0026 m) — âncora corrigiu 4 vez(es)
[INFO] [1791392048.080061, 386.261000]: [mission] fase "atravessa": modo IK iterativa (YAML)
[INFO] [1791392048.087700, 386.268000]: [mission] âncora engatada (fase "atravessa")
[INFO] [1791392052.141428, 390.214000]: [mission] fase "atravessa" it0: ponta (0.209, 2.864, 0.809) erro=0.0077 | degrau eixo 1.5° | rolagem 1.4° | IK pediu [-10.8 -14.2  -1.5  88.   -4.8] | faltou [-0.1 -0.3 -1.3  1.   0.4] graus
[WARN] [1791392102.960432, 439.981000]: [mission] RETRACT: ponta a 0.142 m do olhal — saindo em degraus: sobe 30 mm, 120 mm pelo eixo do furo, 100 mm para fora, antes de recolher
[INFO] [1791392052.145087, 390.218000]: [mission] fase "atravessa" it0: no frame da parede eixo=-1.7 prof=+2.6 alt=+7.0 mm (tolerância 8/6/5)
[INFO] [1791392055.133090, 393.126000]: [mission] fase "atravessa" it1: ponta (0.209, 2.862, 0.811) erro=0.0052 | degrau eixo 1.4° | rolagem 1.5° | IK pediu [-11.4 -14.2  -0.5  88.4  -4.9] | faltou [ 0.2 -6.6 12.2 -7.3  0.2] graus
[INFO] [1791392055.137439, 393.131000]: [mission] fase "atravessa" it1: no frame da parede eixo=-1.6 prof=+0.9 alt=+4.8 mm (tolerância 8/6/5)
[INFO] [1791392055.139847, 393.134000]: [mission] âncora solta — 2 correções de deriva
[INFO] [1791392055.140948, 393.135000]: [mission] fase "atravessa" alcançada em 2 iteração(ões) (0.0052 m) — âncora corrigiu 2 vez(es)
[INFO] [1791392055.675553, 393.642000]: [mission] fase "captura": modo IK iterativa (YAML)
[INFO] [1791392055.682789, 393.647000]: [mission] âncora engatada (fase "captura")
[INFO] [1791392061.768717, 399.552000]: [mission] fase "captura" it0: ponta (0.209, 2.860, 0.795) erro=0.0104 | degrau eixo 1.4° | rolagem 1.3° | IK pediu [-10.6 -18.9   3.9  85.6  -3.9] | faltou [-0.6 -2.8  5.9 -1.2 -0.2] graus
[INFO] [1791392061.774094, 399.558000]: [mission] fase "captura" it0: no frame da parede eixo=+5.9 prof=-8.5 alt=+0.2 mm (tolerância 40/6/10)
[INFO] [1791392069.595341, 407.166000]: [mission] fase "captura" it1: ponta (0.209, 2.872, 0.794) erro=0.0069 | degrau eixo 1.3° | rolagem 1.3° | IK pediu [-10.3 -18.6   3.6  84.6  -3.5] | faltou [-0.9 -1.1  1.6 -0.1 -0.1] graus
[INFO] [1791392069.598653, 407.170000]: [mission] fase "captura" it1: no frame da parede eixo=+6.1 prof=+3.0 alt=+1.3 mm (tolerância 40/6/10)
[INFO] [1791392069.602085, 407.173000]: [mission] âncora solta — 7 correções de deriva
[INFO] [1791392069.604742, 407.175000]: [mission] fase "captura" alcançada em 2 iteração(ões) (0.0069 m) — âncora corrigiu 7 vez(es)
[INFO] [1791392069.616127, 407.185000]: [mission] captura: ponta registrada em eixo=-6.1 prof=-3.0 alt=-11.3 mm (zero da descida do destrava e da deriva de eixo)
[INFO] [1791392070.129753, 407.688000]: [mission] fase "destrava": alvo em altura relativo à captura: -31.3 mm (captura -11.3 − curso 18 − margem 2)
[INFO] [1791392070.131076, 407.689000]: [mission] fase "destrava": modo whole-body/Fuzzy (YAML)
[INFO] [1791392070.335936, 407.890000]: [mission] plano de exclusão publicado: parede em [2.000e-03 2.999e+00 1.000e-03], normal segura [ 0.001 -1.     0.   ]
[INFO] [1791392070.643687, 408.194000]: [mission] fase "destrava": whole-body assumiu (base livre, restrita pelo plano de exclusão)
[INFO] [1791392070.646282, 408.196000]: [mission] fase "destrava": whole-body a 0.0175 m do alvo — eixo=+6.1 prof=+1.8 alt=-16.4 mm
[INFO] [1791392071.648775, 409.195000]: [mission] fase "destrava" alcançada por whole-body em 1.0s (0.0071 m) — no frame da parede eixo=+5.8 prof=-4.1 alt=-0.5 mm (tolerância 40/6/4)
[INFO] [1791392071.861919, 409.405000]: [mission] destrava: ponta desceu 19.4 mm desde a captura (critério observável) | lingueta 12.5 mm (só na simulação)
[INFO] [1791392071.863454, 409.407000]: [mission] destrava: lingueta em 12.5 mm — gatilho solto
[INFO] [1791392072.375953, 409.908000]: [mission] fase "libera": modo whole-body/Fuzzy (YAML)
[INFO] [1791392072.581608, 410.109000]: [mission] plano de exclusão publicado: parede em [2.000e-03 2.999e+00 1.000e-03], normal segura [ 0.001 -1.     0.   ]
[INFO] [1791392072.884609, 410.412000]: [mission] fase "libera": whole-body assumiu (base livre, restrita pelo plano de exclusão)
[INFO] [1791392072.886218, 410.413000]: [mission] fase "libera": whole-body a 0.0270 m do alvo — eixo=+5.8 prof=+25.6 alt=+6.4 mm
[INFO] [1791392075.008164, 412.513000]: [mission] fase "libera": whole-body a 0.0273 m do alvo — eixo=+5.8 prof=+26.1 alt=+5.4 mm
[INFO] [1791392077.056670, 414.514000]: [mission] fase "libera": whole-body a 0.0288 m do alvo — eixo=+5.9 prof=+27.3 alt=+7.0 mm
[INFO] [1791392079.205190, 416.613000]: [mission] fase "libera": whole-body a 0.0290 m do alvo — eixo=+5.9 prof=+27.5 alt=+7.3 mm
[INFO] [1791392081.335006, 418.714000]: [mission] fase "libera": whole-body a 0.0295 m do alvo — eixo=+5.9 prof=+28.0 alt=+7.4 mm
[INFO] [1791392083.478915, 420.813000]: [mission] fase "libera": whole-body a 0.0240 m do alvo — eixo=+6.0 prof=+22.8 alt=+4.6 mm
[INFO] [1791392085.601414, 422.913000]: [mission] fase "libera": whole-body a 0.0231 m do alvo — eixo=+9.6 prof=+20.9 alt=+2.0 mm
[INFO] [1791392087.729484, 425.013000]: [mission] fase "libera": whole-body a 0.0212 m do alvo — eixo=+11.3 prof=+17.4 alt=+4.1 mm
[INFO] [1791392088.641867, 425.913000]: [mission] fase "libera" alcançada por whole-body em 15.5s (0.0123 m) — no frame da parede eixo=+9.8 prof=+5.9 alt=+4.6 mm (tolerância 40/8/6)
[INFO] [1791392089.359979, 426.619000]: [mission] fase "arco1"/puxa: RECUANDO 0.022 m só com as rodas
[INFO] [1791392089.868210, 427.120000]: [mission] fase "arco1"/puxa: concluído (0.026 m)
[INFO] [1791392089.869990, 427.121000]: [mission] fase "arco1": modo whole-body/Fuzzy (YAML)
[INFO] [1791392090.071522, 427.322000]: [mission] plano de exclusão publicado: parede em [2.000e-03 2.999e+00 1.000e-03], normal segura [ 0.001 -1.     0.   ]
[INFO] [1791392090.391532, 427.623000]: [mission] fase "arco1": whole-body assumiu (base livre, restrita pelo plano de exclusão)
[INFO] [1791392090.393211, 427.624000]: [mission] fase "arco1": whole-body a 0.0176 m do alvo — eixo=+7.3 prof=-9.8 alt=-12.6 mm
[INFO] [1791392092.510224, 429.725000]: [mission] fase "arco1": whole-body a 0.0167 m do alvo — eixo=+5.9 prof=-11.7 alt=-10.2 mm
[INFO] [1791392094.019207, 431.224000]: [mission] fase "arco1" alcançada por whole-body em 3.6s (0.0115 m) — no frame da parede eixo=+5.8 prof=-8.1 alt=-5.7 mm (tolerância 40/10/15)
[INFO] [1791392094.020065, 431.225000]: [mission] arco1: SOLTURA observável — recuo 63.0 mm desde a captura (mín 40) com deriva de eixo +0.3 mm → SOLTA
[INFO] [1791392094.240647, 431.439000]: [mission] waypoint de 15° — lâmina medida em 16.3° (abertura por CONTATO)
[INFO] [1791392094.757864, 431.942000]: [mission] fase "arco2"/puxa: RECUANDO 0.048 m só com as rodas
[INFO] [1791392095.736111, 432.893000]: [mission] fase "arco2"/puxa: concluído (0.049 m)
[INFO] [1791392095.737193, 432.894000]: [mission] fase "arco2": modo whole-body/Fuzzy (YAML)
[INFO] [1791392095.943693, 433.096000]: [mission] plano de exclusão publicado: parede em [2.000e-03 2.999e+00 1.000e-03], normal segura [ 0.001 -1.     0.   ]
[INFO] [1791392096.251108, 433.400000]: [mission] fase "arco2": whole-body assumiu (base livre, restrita pelo plano de exclusão)
[INFO] [1791392096.253516, 433.402000]: [mission] fase "arco2": whole-body a 0.0178 m do alvo — eixo=+6.0 prof=-4.8 alt=-16.0 mm
[INFO] [1791392096.760955, 433.902000]: [mission] fase "arco2" alcançada por whole-body em 0.5s (0.0099 m) — no frame da parede eixo=+5.8 prof=-7.3 alt=-3.2 mm (tolerância 40/10/15)
[INFO] [1791392096.981188, 434.117000]: [mission] waypoint de 30° — lâmina medida em 31.7° (abertura por CONTATO)
[INFO] [1791392097.496176, 434.620000]: [mission] fase "desengata": modo IK iterativa (YAML)
[INFO] [1791392097.500594, 434.624000]: [mission] âncora engatada (fase "desengata")
[INFO] [1791392102.008887, 439.052000]: [mission] fase "desengata" it0: ponta (0.292, 2.773, 0.751) erro=0.0051 | degrau eixo 5.4° | rolagem 5.6° | IK pediu [-16.  -18.5   0.   74.8  -8.2] | faltou [ 0.3 -0.2 -0.   0.1 -0.3] graus
[INFO] [1791392102.014491, 439.058000]: [mission] âncora solta — 3 correções de deriva
[INFO] [1791392102.018124, 439.062000]: [mission] fase "desengata" alcançada em 1 iteração(ões) (0.0051 m) — âncora corrigiu 3 vez(es)
[INFO] [1791392102.550119, 439.576000]: [mission] MANIPULATE concluída — chave ABERTA, lâmina medida em 32.1°
[INFO] [1791392102.552559, 439.577000]: State machine transitioning 'MANIPULATE':'done'-->'RETRACT'
[INFO] [1791392102.963565, 439.984000]: [mission] âncora engatada (fase "saida_sobe")
[INFO] [1791392105.902126, 442.887000]: [mission] fase "saida_sobe" it0: ponta (0.297, 2.780, 0.777) erro=0.0075 | degrau eixo 5.3° | rolagem 5.3° | IK pediu [-15.7 -15.6   0.   73.6  -8.5] | faltou [0. 0. 0. 0. 0.] graus
[INFO] [1791392105.906666, 442.893000]: [mission] fase "saida_sobe" it0: no frame da parede eixo=+3.2 prof=+5.1 alt=+4.4 mm (tolerância 30/20/10)
[INFO] [1791392105.908189, 442.894000]: [mission] âncora solta — 1 correções de deriva
[INFO] [1791392105.910833, 442.897000]: [mission] fase "saida_sobe" alcançada em 1 iteração(ões) (0.0075 m) — âncora corrigiu 1 vez(es)
[INFO] [1791392105.916967, 442.902000]: [mission] âncora engatada (fase "saida_eixo")
[INFO] [1791392109.410291, 446.348000]: [mission] fase "saida_eixo" it0: ponta (0.413, 2.779, 0.775) erro=0.0074 | degrau eixo 11.7° | rolagem 11.9° | IK pediu [-24.9 -13.5  -0.   66.  -15.7] | faltou [ 0.2 -0.2 -0.3 -0.3  0.2] graus
[INFO] [1791392109.415066, 446.353000]: [mission] fase "saida_eixo" it0: no frame da parede eixo=-0.1 prof=+4.6 alt=+5.8 mm (tolerância 20/20/15)
[INFO] [1791392109.417421, 446.353000]: [mission] âncora solta — 2 correções de deriva
[INFO] [1791392109.419823, 446.357000]: [mission] fase "saida_eixo" alcançada em 1 iteração(ões) (0.0074 m) — âncora corrigiu 2 vez(es)
[INFO] [1791392109.426926, 446.364000]: [mission] âncora engatada (fase "saida_fora")
[INFO] [1791392112.994415, 449.873000]: [mission] fase "saida_fora" it0: ponta (0.414, 2.678, 0.776) erro=0.0057 | degrau eixo 6.9° | rolagem 7.1° | IK pediu [-27.9 -19.4  -0.   91.1 -21.6] | faltou [ 0.1 -0.4 -0.2 -0.   0.3] graus
[INFO] [1791392112.996750, 449.876000]: [mission] fase "saida_fora" it0: no frame da parede eixo=+0.8 prof=+3.3 alt=+4.6 mm (tolerância 30/20/20)
[INFO] [1791392112.997968, 449.877000]: [mission] âncora solta — 2 correções de deriva
[INFO] [1791392112.998888, 449.878000]: [mission] fase "saida_fora" alcançada em 1 iteração(ões) (0.0057 m) — âncora corrigiu 2 vez(es)
[INFO] [1791392112.999733, 449.879000]: [mission] RETRACT/afasta: RECUANDO 0.250 m só com as rodas
[INFO] [1791392117.479455, 454.280000]: [mission] RETRACT/afasta: concluído (0.251 m)
[INFO] [1791392117.481101, 454.281000]: [mission] postura "stow_home" comandada: [0.0, 1.13, -1.04, -1.8, 0.0]
[INFO] [1791392133.604301, 470.082000]: State machine transitioning 'RETRACT':'ok'-->'RETURN'
[INFO] [1791392133.607419, 470.085000]: [mission] RETURN — voltando a (0.01, 1.00, -0.02 rad)
[INFO] [1791392145.840176, 482.087000]: [mission] RETURN: alinhado, avançando (1.04 m)
[INFO] [1791392145.890471, 482.137000]: [mission] teto por postura ativo no drive: v<=0.23 w<=0.50 rampa 0.52/1.51
[INFO] [1791392154.068812, 490.137000]: [mission] RETURN: chegou, ajustando heading final
[INFO] [1791392154.119524, 490.187000]: [mission] teto por postura ativo no drive: v<=0.23 w<=0.50 rampa 0.52/1.51
[INFO] [1791392160.699629, 496.637000]: [mission] RETURN: concluído
[INFO] [1791392160.702064, 496.640000]: State machine terminating 'RETURN':'home':'MISSION_OK'
[INFO] [1791392160.704686, 496.643000]: [mission] resultado: MISSION_OK
... logging to /home/marco/.ros/log/c81f68fe-c26e-11f1-ad44-b025aa85b2a2/roslaunch-shiroi-3348748.log
Checking log directory for disk usage. This may take a while.
Press Ctrl-C to interrupt
]2;/home/marco/b166er/src/b166er_whole_body_control/launch/chave_mission.launch
[1mstarted roslaunch server http://shiroi:46245/[0m

SUMMARY
========

PARAMETERS
 * /chave_mission/estado_final: 
 * /chave_mission/estado_inicial: STOW_INIT
 * /chave_mission/pausa_por_fase: False
 * /chave_mission/search_omega: 0.35
 * /chave_mission/standoff_distance: 0.62
 * /chave_mission/use_wholebody: False
 * /chave_seccionadora_task/aproxima_lateral/modo: ik
 * /chave_seccionadora_task/aproxima_lateral/offset_xyz_m: [-0.09, 0.008, 0.01]
 * /chave_seccionadora_task/aproxima_lateral/tol_xyz_m: [0.04, 0.008, 0.005]
 * /chave_seccionadora_task/arco1/blade_angle_deg: 15
 * /chave_seccionadora_task/arco1/deriva_eixo_max_m: 0.015
 * /chave_seccionadora_task/arco1/modo: wb
 * /chave_seccionadora_task/arco1/offset_xyz_m: [0.0, 0.0518, -0....
 * /chave_seccionadora_task/arco1/soltura_recuo_min_m: 0.04
 * /chave_seccionadora_task/arco1/tol_xyz_m: [0.04, 0.01, 0.015]
 * /chave_seccionadora_task/arco2/blade_angle_deg: 30
 * /chave_seccionadora_task/arco2/deriva_eixo_max_m: 0.015
 * /chave_seccionadora_task/arco2/modo: wb
 * /chave_seccionadora_task/arco2/offset_xyz_m: [0.0, 0.1, -0.0518]
 * /chave_seccionadora_task/arco2/tol_xyz_m: [0.04, 0.01, 0.015]
 * /chave_seccionadora_task/atravessa/modo: ik
 * /chave_seccionadora_task/atravessa/offset_xyz_m: [-0.008, 0.008, 0...
 * /chave_seccionadora_task/atravessa/tol_xyz_m: [0.008, 0.006, 0....
 * /chave_seccionadora_task/captura/modo: ik
 * /chave_seccionadora_task/captura/offset_xyz_m: [0.0, 0.0, -0.01]
 * /chave_seccionadora_task/captura/tol_xyz_m: [0.04, 0.006, 0.01]
 * /chave_seccionadora_task/desengata/modo: ik
 * /chave_seccionadora_task/desengata/offset_xyz_m: [-0.09, 0.1, -0.0...
 * /chave_seccionadora_task/destrava/curso_estagna_m: 0.01
 * /chave_seccionadora_task/destrava/curso_margem_m: 0.002
 * /chave_seccionadora_task/destrava/curso_min_m: 0.018
 * /chave_seccionadora_task/destrava/curso_teto_m: 0.022
 * /chave_seccionadora_task/destrava/modo: wb
 * /chave_seccionadora_task/destrava/offset_xyz_m: [0.0, 0.0, -0.025]
 * /chave_seccionadora_task/destrava/tol_xyz_m: [0.04, 0.006, 0.004]
 * /chave_seccionadora_task/libera/deriva_eixo_max_m: 0.015
 * /chave_seccionadora_task/libera/modo: wb
 * /chave_seccionadora_task/libera/offset_xyz_m: [0.0, 0.03, -0.025]
 * /chave_seccionadora_task/libera/tol_xyz_m: [0.04, 0.008, 0.006]
 * /chave_seccionadora_task/orienta/modo: ik
 * /chave_seccionadora_task/orienta/offset_xyz_m: [-0.09, 0.15, 0.0...
 * /chave_seccionadora_task/reassenta_sobe/tol_xyz_m: [0.03, 0.02, 0.005]
 * /chave_seccionadora_task/saida_eixo/tol_xyz_m: [0.02, 0.02, 0.015]
 * /chave_seccionadora_task/saida_fora/tol_xyz_m: [0.03, 0.02, 0.02]
 * /chave_seccionadora_task/saida_sobe/tol_xyz_m: [0.03, 0.02, 0.01]
 * /chave_seccionadora_task/target_frame: chave_olhal_link
 * /fuzzy_wb_controller/fixed_gains: []
 * /rosdistro: noetic
 * /rosversion: 1.17.4

NODES
  /
    chave_mission (b166er_whole_body_control/chave_mission.py)

[1mROS_MASTER_URI=http://localhost:11311[0m
]2;/home/marco/b166er/src/b166er_whole_body_control/launch/chave_mission.launch http://localhost:11311
[1mprocess[chave_mission-1]: started with pid [3348794][0m
[1m[chave_mission-1] process has finished cleanly
log file: /home/marco/.ros/log/c81f68fe-c26e-11f1-ad44-b025aa85b2a2/chave_mission-1*.log[0m
all processes on machine have died, roslaunch will exit
shutting down processing monitor...
... shutting down processing monitor complete
[1mdone[0m
