[31mWARNING: disk usage in log directory [/home/marco/.ros/log] is over 1GB.
It's recommended that you use the 'rosclean' command.[0m
the rosdep view is empty: call 'sudo rosdep init' and 'rosdep update'
[WARN] [1790815655.598927, 203.892000]: [mission] SEARCH: 3 de 25 amostras descartadas como outlier (>0.15 m ou >0.20 rad da mediana)
[ERROR] [1790815706.626796, 254.140000]: [mission] REFINE: só 0 amostras da tag
[WARN] [1790815706.628944, 254.143000]: [mission] REFINE: tag não visível no standoff — seguindo com a estimativa da aproximação (erro típico ~13 mm com a tag de 220 mm)
[INFO] [1790815631.896957, 180.501000]: garra_dx = 0.000 m (fechada)
[INFO] [1790815631.971936, 180.563000]: State machine starting in initial state 'STOW_INIT' with userdata: 
	[]
[INFO] [1790815632.174226, 180.777000]: [mission] pose de partida registrada: (-0.01, 1.00, 0.00 rad)
[INFO] [1790815632.176695, 180.779000]: [mission] postura "stow_home" comandada: [0.0, 1.13, -1.04, -1.8, 0.0]
[INFO] [1790815632.279444, 180.881000]: State machine transitioning 'STOW_INIT':'ok'-->'SEARCH'
[INFO] [1790815632.283631, 180.885000]: [mission] postura "search" comandada: [0.0, 1.0, -1.0, 0.0, 0.0]
[INFO] [1790815638.363150, 186.886000]: [mission] SEARCH — girando à procura da tag...
[INFO] [1790815638.365941, 186.889000]: [mission] SEARCH: amostra quando a tag estiver a raio 0.35-0.50 do quadro (vista oblíqua; omega fina 0.15 rad/s)
[INFO] [1790815639.892899, 188.392000]: [mission] SEARCH: tag a raio 0.92 — girando até <= 0.50
[INFO] [1790815646.628308, 195.044000]: [mission] SEARCH: tag a raio 0.50 — parando
[INFO] [1790815646.631064, 195.046000]: [mission] tag avistada — parando para medir
[INFO] [1790815647.651960, 196.053000]: [mission] âncora engatada (coleta do SEARCH)
[INFO] [1790815647.653268, 196.055000]: [mission] SEARCH: coleta com dither ±0.05 rad/s (período 3.0 s)
[INFO] [1790815655.584136, 203.879000]: [mission] âncora solta — 13 correções de deriva
[INFO] [1790815655.585735, 203.881000]: [mission] SEARCH: âncora corrigiu a deriva 13 vez(es) durante a coleta
[INFO] [1790815655.602526, 203.896000]: [mission] SEARCH: 22 amostras — parede (0.032, 3.104, -0.001) yaw=2.835
[INFO] [1790815655.605924, 203.900000]: [mission] parede localizada em (0.032, 3.104, -0.001)
[INFO] [1790815655.617295, 203.911000]: State machine transitioning 'SEARCH':'found'-->'APPROACH'
[INFO] [1790815655.620615, 203.914000]: [mission] APPROACH etapa 1/2 — 1.30 m do olhal, alvo (-0.21, 1.68, 1.26 rad)
[INFO] [1790815655.624922, 203.918000]: [mission] teto por postura ativo no drive: v<=0.17 w<=0.50 rampa 0.45/1.52
[INFO] [1790815660.537123, 208.767000]: [mission] APPROACH: alinhado, avançando (0.87 m)
[INFO] [1790815660.742290, 208.967000]: [mission] teto por postura ativo no drive: v<=0.17 w<=0.50 rampa 0.45/1.52
[INFO] [1790815667.544710, 215.667000]: [mission] APPROACH: chegou, ajustando heading final
[INFO] [1790815667.594849, 215.717000]: [mission] teto por postura ativo no drive: v<=0.17 w<=0.50 rampa 0.45/1.52
[INFO] [1790815671.094747, 219.167000]: [mission] APPROACH: concluído
[INFO] [1790815672.111962, 220.172000]: [mission] âncora engatada (coleta do APPROACH/remedida)
[INFO] [1790815672.114593, 220.175000]: [mission] APPROACH/remedida: coleta com dither ±0.05 rad/s (período 3.0 s)
[INFO] [1790815673.165228, 221.209000]: [mission] âncora solta — 1 correções de deriva
[INFO] [1790815673.166591, 221.210000]: [mission] APPROACH/remedida: âncora corrigiu a deriva 1 vez(es) durante a coleta
[INFO] [1790815673.168113, 221.211000]: [mission] APPROACH/remedida: 10 amostras — parede (0.005, 2.999, -0.003) yaw=-3.129
[INFO] [1790815673.169415, 221.213000]: [mission] APPROACH etapa 2/2 — 0.88 m do olhal, alvo (0.39, 1.99, 1.58 rad)
[INFO] [1790815673.171094, 221.214000]: [mission] teto por postura ativo no drive: v<=0.17 w<=0.50 rampa 0.45/1.52
[INFO] [1790815678.377592, 226.314000]: [mission] APPROACH: alinhado, avançando (0.78 m)
[INFO] [1790815678.428587, 226.364000]: [mission] teto por postura ativo no drive: v<=0.17 w<=0.50 rampa 0.45/1.51
[INFO] [1790815684.573850, 232.414000]: [mission] APPROACH: chegou, ajustando heading final
[INFO] [1790815684.623818, 232.464000]: [mission] teto por postura ativo no drive: v<=0.17 w<=0.50 rampa 0.45/1.52
[INFO] [1790815691.306913, 239.064000]: [mission] APPROACH: concluído
[INFO] [1790815691.313653, 239.071000]: State machine transitioning 'APPROACH':'arrived'-->'REFINE'
[INFO] [1790815691.315160, 239.072000]: [mission] REFINE — remedindo a parede de perto (10 amostras)
[INFO] [1790815691.318714, 239.076000]: [mission] âncora engatada (coleta do REFINE)
[INFO] [1790815691.320280, 239.078000]: [mission] REFINE: coleta com dither ±0.05 rad/s (período 3.0 s)
[INFO] [1790815706.621907, 254.136000]: [mission] âncora solta — 20 correções de deriva
[INFO] [1790815706.624383, 254.138000]: [mission] REFINE: âncora corrigiu a deriva 20 vez(es) durante a coleta
[INFO] [1790815706.631459, 254.145000]: [mission] olhal estimado em (0.207, 2.871, 0.802)
[INFO] [1790815706.638225, 254.152000]: State machine transitioning 'REFINE':'ok'-->'DEPLOY'
[INFO] [1790815706.640911, 254.154000]: [mission] DEPLOY: IK resolvida para a POSE DE MANIPULAÇÃO (0.21, 2.25, 1.58 rad), não para a atual
[INFO] [1790815711.455539, 256.146000]: [mission] DEPLOY: IK nivelada 0.0716 m, só eixo 0.0013 m — a MISSÃO INTEIRA usa "eixo"
[INFO] [1790815711.460945, 258.968000]: [mission] DEPLOY: IK da ponta resolvida (resíduo 0.0013 m, degrau 0.3°) — pré-posicionando em [-10.9 -46.9  60.   78.7  79.1] graus
[INFO] [1790815718.468581, 265.871000]: [mission] plano de exclusão publicado: parede em [ 0.005  2.999 -0.003], normal segura [ 0.012 -1.     0.   ]
[INFO] [1790815718.678578, 266.079000]: [mission] teto por postura ativo no drive: v<=0.23 w<=0.50 rampa 0.52/1.64
[INFO] [1790815721.673601, 269.028000]: [mission] DEPLOY/aproxima: alinhado, avançando (0.36 m)
[INFO] [1790815725.177913, 272.478000]: [mission] DEPLOY/aproxima: chegou, ajustando heading final
[INFO] [1790815728.526288, 275.778000]: [mission] DEPLOY/aproxima: concluído
[INFO] [1790815728.527505, 275.779000]: State machine transitioning 'DEPLOY':'ok'-->'MANIPULATE'
[INFO] [1790815728.528672, 275.780000]: [mission] fase "orienta": modo IK iterativa (YAML)
[INFO] [1790815728.532128, 275.784000]: [mission] âncora engatada (fase "orienta")
[INFO] [1790815732.693545, 279.888000]: [mission] fase "orienta" it0: ponta (0.301, 2.727, 0.808) erro=0.0063 | degrau eixo 0.2° | rolagem 0.1° | IK pediu [-19.8 -23.6  13.3  99.6  75.1] | faltou [ 0.1 -0.5  0.7  0.   0. ] graus
[INFO] [1790815732.696616, 279.891000]: [mission] âncora solta — 1 correções de deriva
[INFO] [1790815732.698244, 279.893000]: [mission] fase "orienta" alcançada em 1 iteração(ões) (0.0063 m) — âncora corrigiu 1 vez(es)
[INFO] [1790815733.211231, 280.402000]: [mission] fase "aproxima_lateral": modo IK iterativa (YAML)
[INFO] [1790815733.215926, 280.406000]: [mission] âncora engatada (fase "aproxima_lateral")
[INFO] [1790815735.859589, 283.012000]: [mission] fase "aproxima_lateral" it0: ponta (0.293, 2.871, 0.807) erro=0.0097 | degrau eixo 5.3° | rolagem 5.5° | IK pediu [-16.6 -13.3   0.   77.   79.2] | faltou [ 0.1 -0.3 -0.3 -0.3  0. ] graus
[INFO] [1790815735.863231, 283.016000]: [mission] fase "aproxima_lateral" it0: no frame da parede eixo=-4.4 prof=+6.9 alt=+5.2 mm (tolerância 40/8/5)
[INFO] [1790815737.382889, 284.522000]: [mission] fase "aproxima_lateral" it1: ponta (0.303, 2.861, 0.811) erro=0.0068 | degrau eixo 5.1° | rolagem 5.4° | IK pediu [-17.4 -13.2   0.   78.6  78.7] | faltou [-0.1 -0.2 -0.4 -0.5  0. ] graus
[INFO] [1790815737.385367, 284.525000]: [mission] fase "aproxima_lateral" it1: no frame da parede eixo=+5.7 prof=-3.7 alt=+0.7 mm (tolerância 40/8/5)
[INFO] [1790815737.386842, 284.526000]: [mission] âncora solta — 1 correções de deriva
[INFO] [1790815737.388122, 284.527000]: [mission] fase "aproxima_lateral" alcançada em 2 iteração(ões) (0.0068 m) — âncora corrigiu 1 vez(es)
[INFO] [1790815737.899221, 285.034000]: [mission] fase "atravessa": modo IK iterativa (YAML)
[INFO] [1790815737.904040, 285.038000]: [mission] âncora engatada (fase "atravessa")
[INFO] [1790815739.740503, 286.843000]: [mission] fase "atravessa" it0: ponta (0.212, 2.868, 0.807) erro=0.0074 | degrau eixo 2.0° | rolagem 2.2° | IK pediu [-10.  -14.1   0.1  80.5  85.3] | faltou [ 0.1 -0.2 -0.3 -0.4 -0.1] graus
[INFO] [1790815739.743327, 286.846000]: [mission] fase "atravessa" it0: no frame da parede eixo=-2.7 prof=+5.0 alt=+4.7 mm (tolerância 8/6/5)
[INFO] [1790815739.744611, 286.847000]: [mission] fase "atravessa" alcançada em 1 iteração(ões) (0.0074 m)
[INFO] [1790815740.255986, 287.353000]: [mission] fase "captura": modo IK iterativa (YAML)
[WARN] [1790815745.195581, 292.229000]: [mission] fase "destrava": descida estagnou em 12.7 mm (mín 10 para aceitar; alvo 18) — fim de curso do mecanismo, fechando a fase
[WARN] [1790815745.413916, 292.443000]: [mission] destrava: lingueta em 8.6 mm (esperado ≥ 12) — o gatilho pode não ter soltado
[WARN] [1790815757.827692, 304.647000]: [mission] RETRACT: ponta a 0.143 m do olhal — saindo em degraus: sobe 30 mm, 120 mm pelo eixo do furo, 100 mm para fora, antes de recolher
[INFO] [1790815740.262161, 287.359000]: [mission] âncora engatada (fase "captura")
[INFO] [1790815741.751427, 288.816000]: [mission] fase "captura" it0: ponta (0.209, 2.873, 0.790) erro=0.0033 | degrau eixo 1.9° | rolagem 2.0° | IK pediu [ -9.5 -16.   -0.1  80.5  86.1] | faltou [-0.2 -0.3 -0.2 -0.2 -0.2] graus
[INFO] [1790815741.753419, 288.818000]: [mission] fase "captura" it0: no frame da parede eixo=+1.6 prof=+1.9 alt=+2.2 mm (tolerância 40/6/10)
[INFO] [1790815741.754346, 288.819000]: [mission] fase "captura" alcançada em 1 iteração(ões) (0.0033 m)
[INFO] [1790815741.757658, 288.822000]: [mission] captura: ponta registrada em eixo=-1.6 prof=-1.9 alt=-12.2 mm (zero da descida do destrava e da deriva de eixo)
[INFO] [1790815742.265809, 289.323000]: [mission] fase "destrava": alvo em altura relativo à captura: -32.2 mm (captura -12.2 − curso 18 − margem 2)
[INFO] [1790815742.267464, 289.324000]: [mission] fase "destrava": modo whole-body/Fuzzy (YAML)
[INFO] [1790815742.472013, 289.526000]: [mission] plano de exclusão publicado: parede em [ 0.005  2.999 -0.003], normal segura [ 0.012 -1.     0.   ]
[INFO] [1790815742.776061, 289.829000]: [mission] fase "destrava": whole-body assumiu (base livre, restrita pelo plano de exclusão)
[INFO] [1790815742.777170, 289.830000]: [mission] fase "destrava": whole-body a 0.0176 m do alvo — eixo=+1.5 prof=+1.6 alt=-17.5 mm
[INFO] [1790815744.891681, 291.929000]: [mission] fase "destrava": whole-body a 0.0081 m do alvo — eixo=+1.4 prof=-2.9 alt=-7.4 mm
[INFO] [1790815745.410438, 292.440000]: [mission] destrava: ponta desceu 11.8 mm desde a captura (critério observável) | lingueta 8.6 mm (só na simulação)
[INFO] [1790815745.923270, 292.946000]: [mission] fase "libera": modo whole-body/Fuzzy (YAML)
[INFO] [1790815746.131923, 293.149000]: [mission] plano de exclusão publicado: parede em [ 0.005  2.999 -0.003], normal segura [ 0.012 -1.     0.   ]
[INFO] [1790815746.438195, 293.453000]: [mission] fase "libera": whole-body assumiu (base livre, restrita pelo plano de exclusão)
[INFO] [1790815746.942224, 293.954000]: [mission] fase "libera": whole-body a 0.0245 m do alvo — eixo=+1.3 prof=+23.6 alt=+6.5 mm
[INFO] [1790815749.083912, 296.054000]: [mission] fase "libera": whole-body a 0.0023 m do alvo — eixo=+1.0 prof=-1.9 alt=+0.7 mm
[INFO] [1790815749.288096, 296.254000]: [mission] fase "libera" alcançada por whole-body em 2.8s (0.0026 m) — no frame da parede eixo=+1.0 prof=-2.1 alt=-1.2 mm (tolerância 40/8/6)
[INFO] [1790815750.009897, 296.958000]: [mission] fase "arco1"/puxa: RECUANDO 0.022 m só com as rodas
[INFO] [1790815750.474009, 297.410000]: [mission] fase "arco1"/puxa: concluído (0.023 m)
[INFO] [1790815750.475104, 297.411000]: [mission] fase "arco1": modo whole-body/Fuzzy (YAML)
[INFO] [1790815750.679929, 297.613000]: [mission] plano de exclusão publicado: parede em [ 0.005  2.999 -0.003], normal segura [ 0.012 -1.     0.   ]
[INFO] [1790815750.989356, 297.917000]: [mission] fase "arco1": whole-body assumiu (base livre, restrita pelo plano de exclusão)
[INFO] [1790815751.192923, 298.118000]: [mission] fase "arco1": whole-body a 0.0069 m do alvo — eixo=+0.8 prof=-3.2 alt=-6.1 mm
[INFO] [1790815751.395458, 298.318000]: [mission] fase "arco1" alcançada por whole-body em 0.4s (0.0066 m) — no frame da parede eixo=+0.8 prof=-2.1 alt=-6.2 mm (tolerância 40/10/15)
[INFO] [1790815751.397398, 298.320000]: [mission] arco1: SOLTURA observável — recuo 55.9 mm desde a captura (mín 40) com deriva de eixo +0.8 mm → SOLTA
[INFO] [1790815751.604410, 298.527000]: [mission] waypoint de 15° — lâmina medida em 14.5° (abertura por CONTATO)
[INFO] [1790815752.120716, 299.039000]: [mission] fase "arco2"/puxa: RECUANDO 0.048 m só com as rodas
[INFO] [1790815753.094104, 299.990000]: [mission] fase "arco2"/puxa: concluído (0.050 m)
[INFO] [1790815753.095722, 299.991000]: [mission] fase "arco2": modo whole-body/Fuzzy (YAML)
[INFO] [1790815753.300985, 300.193000]: [mission] plano de exclusão publicado: parede em [ 0.005  2.999 -0.003], normal segura [ 0.012 -1.     0.   ]
[INFO] [1790815753.604153, 300.496000]: [mission] fase "arco2": whole-body assumiu (base livre, restrita pelo plano de exclusão)
[INFO] [1790815753.605816, 300.497000]: [mission] fase "arco2": whole-body a 0.0173 m do alvo — eixo=+0.4 prof=-3.4 alt=-17.0 mm
[INFO] [1790815754.314191, 301.197000]: [mission] fase "arco2" alcançada por whole-body em 0.7s (0.0101 m) — no frame da parede eixo=+0.8 prof=-2.0 alt=-9.9 mm (tolerância 40/10/15)
[INFO] [1790815754.534109, 301.409000]: [mission] waypoint de 30° — lâmina medida em 29.8° (abertura por CONTATO)
[INFO] [1790815755.047589, 301.911000]: [mission] fase "desengata": modo IK iterativa (YAML)
[INFO] [1790815755.050458, 301.913000]: [mission] âncora engatada (fase "desengata")
[INFO] [1790815756.892124, 303.725000]: [mission] fase "desengata" it0: ponta (0.300, 2.779, 0.744) erro=0.0089 | degrau eixo 5.5° | rolagem 5.8° | IK pediu [-16.4 -20.1  -0.   79.3  80.6] | faltou [-0.1 -0.2 -0.4 -0.5  0. ] graus
[INFO] [1790815756.895334, 303.729000]: [mission] fase "desengata" alcançada em 1 iteração(ões) (0.0089 m)
[INFO] [1790815757.416600, 304.242000]: [mission] MANIPULATE concluída — chave ABERTA, lâmina medida em 29.8°
[INFO] [1790815757.419282, 304.244000]: State machine transitioning 'MANIPULATE':'done'-->'RETRACT'
[INFO] [1790815757.831693, 304.651000]: [mission] âncora engatada (fase "saida_sobe")
[INFO] [1790815759.354233, 306.155000]: [mission] fase "saida_sobe" it0: ponta (0.302, 2.787, 0.769) erro=0.0085 | degrau eixo 5.5° | rolagem 5.7° | IK pediu [-16.4 -17.2   0.   77.4  80.3] | faltou [ 0.  -0.4 -0.3 -0.2  0. ] graus
[INFO] [1790815759.359815, 306.158000]: [mission] fase "saida_sobe" it0: no frame da parede eixo=+1.4 prof=+6.1 alt=+5.7 mm (tolerância 30/20/10)
[INFO] [1790815759.363436, 306.163000]: [mission] fase "saida_sobe" alcançada em 1 iteração(ões) (0.0085 m)
[INFO] [1790815759.370084, 306.169000]: [mission] âncora engatada (fase "saida_eixo")
[INFO] [1790815761.390175, 308.150000]: [mission] fase "saida_eixo" it0: ponta (0.422, 2.789, 0.767) erro=0.0099 | degrau eixo 11.9° | rolagem 12.5° | IK pediu [-25.7 -15.    0.   69.1  73. ] | faltou [ 0.1 -0.3 -0.4 -0.5  0. ] graus
[INFO] [1790815761.395219, 308.154000]: [mission] fase "saida_eixo" it0: no frame da parede eixo=+1.0 prof=+6.9 alt=+7.0 mm (tolerância 20/20/15)
[INFO] [1790815761.397838, 308.158000]: [mission] fase "saida_eixo" alcançada em 1 iteração(ões) (0.0099 m)
[INFO] [1790815761.406196, 308.166000]: [mission] âncora engatada (fase "saida_fora")
[INFO] [1790815764.324291, 311.032000]: [mission] fase "saida_fora" it0: ponta (0.422, 2.688, 0.771) erro=0.0065 | degrau eixo 6.8° | rolagem 7.8° | IK pediu [-29.1 -20.5   0.   93.6  66.8] | faltou [ 0.1  0.  -0.8 -1.5  0. ] graus
[INFO] [1790815764.328995, 311.036000]: [mission] fase "saida_fora" it0: no frame da parede eixo=-0.1 prof=+5.7 alt=+3.1 mm (tolerância 30/20/20)
[INFO] [1790815764.331320, 311.040000]: [mission] âncora solta — 1 correções de deriva
[INFO] [1790815764.332309, 311.041000]: [mission] fase "saida_fora" alcançada em 1 iteração(ões) (0.0065 m) — âncora corrigiu 1 vez(es)
[INFO] [1790815764.333408, 311.042000]: [mission] RETRACT/afasta: RECUANDO 0.250 m só com as rodas
[INFO] [1790815768.904346, 315.543000]: [mission] RETRACT/afasta: concluído (0.251 m)
[INFO] [1790815768.905361, 315.544000]: [mission] postura "stow_home" comandada: [0.0, 1.13, -1.04, -1.8, 0.0]
[INFO] [1790815780.615179, 327.045000]: State machine transitioning 'RETRACT':'ok'-->'RETURN'
[INFO] [1790815780.618055, 327.047000]: [mission] RETURN — voltando a (-0.01, 1.00, 0.00 rad)
[INFO] [1790815795.188256, 341.399000]: [mission] RETURN: alinhado, avançando (1.13 m)
[INFO] [1790815795.239434, 341.449000]: [mission] teto por postura ativo no drive: v<=0.23 w<=0.50 rampa 0.51/1.52
[INFO] [1790815803.804723, 349.899000]: [mission] RETURN: chegou, ajustando heading final
[INFO] [1790815803.855431, 349.949000]: [mission] teto por postura ativo no drive: v<=0.23 w<=0.50 rampa 0.51/1.52
[INFO] [1790815810.669989, 356.649000]: [mission] RETURN: concluído
[INFO] [1790815810.671679, 356.650000]: State machine terminating 'RETURN':'home':'MISSION_OK'
[INFO] [1790815810.672860, 356.652000]: [mission] resultado: MISSION_OK
... logging to /home/marco/.ros/log/32c37652-bd31-11f1-8922-b025aa85b2a2/roslaunch-shiroi-2295393.log
Checking log directory for disk usage. This may take a while.
Press Ctrl-C to interrupt
]2;/home/marco/b166er/src/b166er_whole_body_control/launch/chave_mission.launch
[1mstarted roslaunch server http://shiroi:32873/[0m

SUMMARY
========

PARAMETERS
 * /chave_mission/estado_final: 
 * /chave_mission/estado_inicial: STOW_INIT
 * /chave_mission/pausa_por_fase: False
 * /chave_mission/search_omega: 0.35
 * /chave_mission/standoff_distance: 0.62
 * /chave_mission/use_wholebody: False
 * /chave_seccionadora_task/aproxima_lateral/modo: ik
 * /chave_seccionadora_task/aproxima_lateral/offset_xyz_m: [-0.09, 0.008, 0.01]
 * /chave_seccionadora_task/aproxima_lateral/tol_xyz_m: [0.04, 0.008, 0.005]
 * /chave_seccionadora_task/arco1/blade_angle_deg: 15
 * /chave_seccionadora_task/arco1/deriva_eixo_max_m: 0.015
 * /chave_seccionadora_task/arco1/modo: wb
 * /chave_seccionadora_task/arco1/offset_xyz_m: [0.0, 0.0518, -0....
 * /chave_seccionadora_task/arco1/soltura_recuo_min_m: 0.04
 * /chave_seccionadora_task/arco1/tol_xyz_m: [0.04, 0.01, 0.015]
 * /chave_seccionadora_task/arco2/blade_angle_deg: 30
 * /chave_seccionadora_task/arco2/deriva_eixo_max_m: 0.015
 * /chave_seccionadora_task/arco2/modo: wb
 * /chave_seccionadora_task/arco2/offset_xyz_m: [0.0, 0.1, -0.0518]
 * /chave_seccionadora_task/arco2/tol_xyz_m: [0.04, 0.01, 0.015]
 * /chave_seccionadora_task/atravessa/modo: ik
 * /chave_seccionadora_task/atravessa/offset_xyz_m: [-0.008, 0.008, 0...
 * /chave_seccionadora_task/atravessa/tol_xyz_m: [0.008, 0.006, 0....
 * /chave_seccionadora_task/captura/modo: ik
 * /chave_seccionadora_task/captura/offset_xyz_m: [0.0, 0.0, -0.01]
 * /chave_seccionadora_task/captura/tol_xyz_m: [0.04, 0.006, 0.01]
 * /chave_seccionadora_task/desengata/modo: ik
 * /chave_seccionadora_task/desengata/offset_xyz_m: [-0.09, 0.1, -0.0...
 * /chave_seccionadora_task/destrava/curso_estagna_m: 0.01
 * /chave_seccionadora_task/destrava/curso_margem_m: 0.002
 * /chave_seccionadora_task/destrava/curso_min_m: 0.018
 * /chave_seccionadora_task/destrava/modo: wb
 * /chave_seccionadora_task/destrava/offset_xyz_m: [0.0, 0.0, -0.025]
 * /chave_seccionadora_task/destrava/tol_xyz_m: [0.04, 0.006, 0.004]
 * /chave_seccionadora_task/libera/deriva_eixo_max_m: 0.015
 * /chave_seccionadora_task/libera/modo: wb
 * /chave_seccionadora_task/libera/offset_xyz_m: [0.0, 0.03, -0.025]
 * /chave_seccionadora_task/libera/tol_xyz_m: [0.04, 0.008, 0.006]
 * /chave_seccionadora_task/orienta/modo: ik
 * /chave_seccionadora_task/orienta/offset_xyz_m: [-0.09, 0.15, 0.0...
 * /chave_seccionadora_task/reassenta_sobe/tol_xyz_m: [0.03, 0.02, 0.005]
 * /chave_seccionadora_task/saida_eixo/tol_xyz_m: [0.02, 0.02, 0.015]
 * /chave_seccionadora_task/saida_fora/tol_xyz_m: [0.03, 0.02, 0.02]
 * /chave_seccionadora_task/saida_sobe/tol_xyz_m: [0.03, 0.02, 0.01]
 * /chave_seccionadora_task/target_frame: chave_olhal_link
 * /fuzzy_wb_controller/fixed_gains: []
 * /rosdistro: noetic
 * /rosversion: 1.17.4

NODES
  /
    chave_mission (b166er_whole_body_control/chave_mission.py)

[1mROS_MASTER_URI=http://localhost:11311[0m
]2;/home/marco/b166er/src/b166er_whole_body_control/launch/chave_mission.launch http://localhost:11311
[1mprocess[chave_mission-1]: started with pid [2295437][0m
[1m[chave_mission-1] process has finished cleanly
log file: /home/marco/.ros/log/32c37652-bd31-11f1-8922-b025aa85b2a2/chave_mission-1*.log[0m
all processes on machine have died, roslaunch will exit
shutting down processing monitor...
... shutting down processing monitor complete
[1mdone[0m
