[31mWARNING: disk usage in log directory [/home/marco/.ros/log] is over 1GB.
It's recommended that you use the 'rosclean' command.[0m
the rosdep view is empty: call 'sudo rosdep init' and 'rosdep update'
[WARN] [1790789790.678314, 121.874000]: [mission] SEARCH: 5 de 25 amostras descartadas como outlier (>0.15 m ou >0.20 rad da mediana)
[ERROR] [1790789841.480408, 171.698000]: [mission] REFINE: só 0 amostras da tag
[WARN] [1790789841.483424, 171.701000]: [mission] REFINE: tag não visível no standoff — seguindo com a estimativa da aproximação (erro típico ~13 mm com a tag de 220 mm)
[INFO] [1790789767.827554, 99.400000]: garra_dx = 0.000 m (fechada)
[INFO] [1790789767.892148, 99.464000]: State machine starting in initial state 'STOW_INIT' with userdata: 
	[]
[INFO] [1790789768.193317, 99.765000]: [mission] pose de partida registrada: (-0.00, 1.00, 0.00 rad)
[INFO] [1790789768.194121, 99.765000]: [mission] postura "stow_home" comandada: [0.0, 1.13, -1.04, -1.8, 0.0]
[INFO] [1790789768.294279, 99.866000]: State machine transitioning 'STOW_INIT':'ok'-->'SEARCH'
[INFO] [1790789768.296841, 99.868000]: [mission] postura "search" comandada: [0.0, 1.0, -1.0, 0.0, 0.0]
[INFO] [1790789774.394945, 105.870000]: [mission] SEARCH — girando à procura da tag...
[INFO] [1790789774.396603, 105.871000]: [mission] SEARCH: amostra quando a tag estiver a raio 0.35-0.50 do quadro (vista oblíqua; omega fina 0.15 rad/s)
[INFO] [1790789775.815330, 107.272000]: [mission] SEARCH: tag a raio 0.93 — girando até <= 0.50
[INFO] [1790789782.866008, 114.173000]: [mission] SEARCH: tag a raio 0.50 — parando
[INFO] [1790789782.869146, 114.176000]: [mission] tag avistada — parando para medir
[INFO] [1790789783.890187, 115.181000]: [mission] âncora engatada (coleta do SEARCH)
[INFO] [1790789783.891134, 115.183000]: [mission] SEARCH: coleta com dither ±0.05 rad/s (período 3.0 s)
[INFO] [1790789790.665930, 121.862000]: [mission] âncora solta — 12 correções de deriva
[INFO] [1790789790.667209, 121.863000]: [mission] SEARCH: âncora corrigiu a deriva 12 vez(es) durante a coleta
[INFO] [1790789790.680269, 121.876000]: [mission] SEARCH: 20 amostras — parede (0.034, 3.099, -0.000) yaw=2.830
[INFO] [1790789790.681554, 121.878000]: [mission] parede localizada em (0.034, 3.099, -0.000)
[INFO] [1790789790.685710, 121.882000]: State machine transitioning 'SEARCH':'found'-->'APPROACH'
[INFO] [1790789790.687559, 121.884000]: [mission] APPROACH etapa 1/2 — 1.30 m do olhal, alvo (-0.21, 1.68, 1.26 rad)
[INFO] [1790789790.689548, 121.886000]: [mission] teto por postura ativo no drive: v<=0.17 w<=0.50 rampa 0.45/1.52
[INFO] [1790789795.679776, 126.785000]: [mission] APPROACH: alinhado, avançando (0.88 m)
[INFO] [1790789795.833831, 126.935000]: [mission] teto por postura ativo no drive: v<=0.17 w<=0.50 rampa 0.45/1.51
[INFO] [1790789802.706844, 133.685000]: [mission] APPROACH: chegou, ajustando heading final
[INFO] [1790789802.757479, 133.735000]: [mission] teto por postura ativo no drive: v<=0.17 w<=0.50 rampa 0.45/1.52
[INFO] [1790789806.374874, 137.285000]: [mission] APPROACH: concluído
[INFO] [1790789807.391518, 138.291000]: [mission] âncora engatada (coleta do APPROACH/remedida)
[INFO] [1790789807.394014, 138.293000]: [mission] APPROACH/remedida: coleta com dither ±0.05 rad/s (período 3.0 s)
[INFO] [1790789808.553230, 139.424000]: [mission] âncora solta — 2 correções de deriva
[INFO] [1790789808.555388, 139.426000]: [mission] APPROACH/remedida: âncora corrigiu a deriva 2 vez(es) durante a coleta
[INFO] [1790789808.558365, 139.429000]: [mission] APPROACH/remedida: 10 amostras — parede (0.006, 3.000, -0.003) yaw=-3.131
[INFO] [1790789808.560482, 139.431000]: [mission] APPROACH etapa 2/2 — 0.88 m do olhal, alvo (0.39, 1.99, 1.58 rad)
[INFO] [1790789808.563103, 139.434000]: [mission] teto por postura ativo no drive: v<=0.17 w<=0.50 rampa 0.45/1.52
[INFO] [1790789813.677029, 144.434000]: [mission] APPROACH: alinhado, avançando (0.79 m)
[INFO] [1790789813.728646, 144.484000]: [mission] teto por postura ativo no drive: v<=0.17 w<=0.50 rampa 0.45/1.52
[INFO] [1790789819.892883, 150.534000]: [mission] APPROACH: chegou, ajustando heading final
[INFO] [1790789819.942821, 150.584000]: [mission] teto por postura ativo no drive: v<=0.17 w<=0.50 rampa 0.45/1.52
[INFO] [1790789826.075121, 156.584000]: [mission] APPROACH: concluído
[INFO] [1790789826.082539, 156.591000]: State machine transitioning 'APPROACH':'arrived'-->'REFINE'
[INFO] [1790789826.085324, 156.594000]: [mission] REFINE — remedindo a parede de perto (10 amostras)
[INFO] [1790789826.089748, 156.598000]: [mission] âncora engatada (coleta do REFINE)
[INFO] [1790789826.092379, 156.601000]: [mission] REFINE: coleta com dither ±0.05 rad/s (período 3.0 s)
[INFO] [1790789841.476090, 171.694000]: [mission] âncora solta — 17 correções de deriva
[INFO] [1790789841.478144, 171.696000]: [mission] REFINE: âncora corrigiu a deriva 17 vez(es) durante a coleta
[INFO] [1790789841.487491, 171.705000]: [mission] olhal estimado em (0.207, 2.873, 0.802)
[INFO] [1790789841.495631, 171.713000]: State machine transitioning 'REFINE':'ok'-->'DEPLOY'
[INFO] [1790789841.497887, 171.714000]: [mission] DEPLOY: IK resolvida para a POSE DE MANIPULAÇÃO (0.21, 2.25, 1.58 rad), não para a atual
[INFO] [1790789846.170501, 174.606000]: [mission] DEPLOY: IK nivelada 0.0716 m, só eixo 0.0013 m — a MISSÃO INTEIRA usa "eixo"
[INFO] [1790789846.173015, 176.385000]: [mission] DEPLOY: IK da ponta resolvida (resíduo 0.0013 m, degrau 0.3°) — pré-posicionando em [-10.9 -46.9  60.   78.7  79.1] graus
[INFO] [1790789853.224076, 183.286000]: [mission] plano de exclusão publicado: parede em [ 0.006  3.    -0.003], normal segura [ 0.011 -1.     0.   ]
[INFO] [1790789853.432498, 183.492000]: [mission] teto por postura ativo no drive: v<=0.23 w<=0.50 rampa 0.52/1.64
[INFO] [1790789856.133380, 186.142000]: [mission] DEPLOY/aproxima: alinhado, avançando (0.36 m)
[INFO] [1790789859.960741, 189.892000]: [mission] DEPLOY/aproxima: chegou, ajustando heading final
[INFO] [1790789863.985239, 193.842000]: [mission] DEPLOY/aproxima: concluído
[INFO] [1790789863.988031, 193.845000]: State machine transitioning 'DEPLOY':'ok'-->'MANIPULATE'
[INFO] [1790789863.991130, 193.848000]: [mission] fase "orienta": modo IK iterativa (YAML)
[INFO] [1790789863.996060, 193.853000]: [mission] âncora engatada (fase "orienta")
[INFO] [1790789867.385418, 197.178000]: [mission] fase "orienta" it0: ponta (0.299, 2.727, 0.809) erro=0.0039 | degrau eixo 0.1° | rolagem 0.2° | IK pediu [-20.6 -29.6  26.6  92.3  73.8] | faltou [0. 0. 0. 0. 0.] graus
[INFO] [1790789867.390393, 197.184000]: [mission] âncora solta — 1 correções de deriva
[INFO] [1790789867.392871, 197.186000]: [mission] fase "orienta" alcançada em 1 iteração(ões) (0.0039 m) — âncora corrigiu 1 vez(es)
[INFO] [1790789867.915061, 197.695000]: [mission] fase "aproxima_lateral": modo IK iterativa (YAML)
[INFO] [1790789867.919307, 197.699000]: [mission] âncora engatada (fase "aproxima_lateral")
[INFO] [1790789870.893538, 200.607000]: [mission] fase "aproxima_lateral" it0: ponta (0.293, 2.881, 0.807) erro=0.0101 | degrau eixo 5.6° | rolagem 5.7° | IK pediu [-17.3 -13.2   0.   76.8  78.6] | faltou [ 0.  -0.3 -0.2 -0.1 -0. ] graus
[INFO] [1790789870.899630, 200.613000]: [mission] fase "aproxima_lateral" it0: no frame da parede eixo=-4.5 prof=+7.5 alt=+5.1 mm (tolerância 40/8/5)
[INFO] [1790789872.447781, 202.124000]: [mission] fase "aproxima_lateral" it1: ponta (0.302, 2.870, 0.811) erro=0.0055 | degrau eixo 5.4° | rolagem 5.6° | IK pediu [-18.2 -13.2   0.   78.7  78.1] | faltou [-0.1 -0.2 -0.4 -0.5  0. ] graus
[INFO] [1790789872.449494, 202.126000]: [mission] fase "aproxima_lateral" it1: no frame da parede eixo=+4.5 prof=-3.1 alt=+0.7 mm (tolerância 40/8/5)
[INFO] [1790789872.450550, 202.127000]: [mission] âncora solta — 2 correções de deriva
[INFO] [1790789872.451499, 202.128000]: [mission] fase "aproxima_lateral" alcançada em 2 iteração(ões) (0.0055 m) — âncora corrigiu 2 vez(es)
[INFO] [1790789872.958237, 202.632000]: [mission] fase "atravessa": modo IK iterativa (YAML)
[INFO] [1790789872.961592, 202.635000]: [mission] âncora engatada (fase "atravessa")
[INFO] [1790789874.802287, 204.439000]: [mission] fase "atravessa" it0: ponta (0.228, 2.877, 0.807) erro=0.0147 | degrau eixo 2.2° | rolagem 2.7° | IK pediu [-10.9 -14.2   0.1  81.1  84.7] | faltou [-1.3 -0.3 -0.3 -0.4 -0.7] graus
[INFO] [1790789874.808625, 204.446000]: [mission] fase "atravessa" it0: no frame da parede eixo=+13.4 prof=+4.4 alt=+4.4 mm (tolerância 8/6/5)
[INFO] [1790789876.239727, 205.855000]: [mission] fase "atravessa" it1: ponta (0.209, 2.870, 0.811) erro=0.0063 | degrau eixo 1.7° | rolagem 1.9° | IK pediu [-10.3 -14.2   0.1  82.8  85.5] | faltou [-0.2 -0.2 -0.3 -0.4 -0. ] graus
[WARN] [1790789882.096080, 211.583000]: [mission] fase "destrava": descida estagnou em 10.1 mm (mín 10 para aceitar; alvo 18) — fim de curso do mecanismo, fechando a fase
[WARN] [1790789882.315398, 211.794000]: [mission] destrava: lingueta em 5.9 mm (esperado ≥ 12) — o gatilho pode não ter soltado
[WARN] [1790789895.346244, 224.552000]: [mission] RETRACT: ponta a 0.142 m do olhal — saindo em degraus: sobe 30 mm, 120 mm pelo eixo do furo, 100 mm para fora, antes de recolher
[INFO] [1790789876.242003, 205.857000]: [mission] fase "atravessa" it1: no frame da parede eixo=-5.9 prof=-2.1 alt=+0.5 mm (tolerância 8/6/5)
[INFO] [1790789876.243319, 205.859000]: [mission] âncora solta — 1 correções de deriva
[INFO] [1790789876.244446, 205.860000]: [mission] fase "atravessa" alcançada em 2 iteração(ões) (0.0063 m) — âncora corrigiu 1 vez(es)
[INFO] [1790789876.755164, 206.365000]: [mission] fase "captura": modo IK iterativa (YAML)
[INFO] [1790789876.757489, 206.367000]: [mission] âncora engatada (fase "captura")
[INFO] [1790789878.301361, 207.869000]: [mission] fase "captura" it0: ponta (0.209, 2.873, 0.793) erro=0.0019 | degrau eixo 2.0° | rolagem 2.0° | IK pediu [-10.6 -16.7  -0.1  83.4  85.4] | faltou [-0.3 -0.   0.   0.  -0. ] graus
[INFO] [1790789878.303451, 207.871000]: [mission] fase "captura" it0: no frame da parede eixo=+1.6 prof=+0.6 alt=-0.7 mm (tolerância 40/6/10)
[INFO] [1790789878.305068, 207.873000]: [mission] fase "captura" alcançada em 1 iteração(ões) (0.0019 m)
[INFO] [1790789878.309719, 207.877000]: [mission] captura: ponta registrada em eixo=-1.6 prof=-0.6 alt=-9.3 mm (zero da descida do destrava e da deriva de eixo)
[INFO] [1790789878.823091, 208.379000]: [mission] fase "destrava": alvo em altura relativo à captura: -29.3 mm (captura -9.3 − curso 18 − margem 2)
[INFO] [1790789878.823884, 208.379000]: [mission] fase "destrava": modo whole-body/Fuzzy (YAML)
[INFO] [1790789879.026523, 208.581000]: [mission] plano de exclusão publicado: parede em [ 0.006  3.    -0.003], normal segura [ 0.011 -1.     0.   ]
[INFO] [1790789879.331701, 208.883000]: [mission] fase "destrava": whole-body assumiu (base livre, restrita pelo plano de exclusão)
[INFO] [1790789879.332950, 208.884000]: [mission] fase "destrava": whole-body a 0.0200 m do alvo — eixo=+1.6 prof=+0.6 alt=-19.9 mm
[INFO] [1790789881.481655, 210.983000]: [mission] fase "destrava": whole-body a 0.0116 m do alvo — eixo=+1.4 prof=-3.5 alt=-11.0 mm
[INFO] [1790789882.313247, 211.792000]: [mission] destrava: ponta desceu 11.3 mm desde a captura (critério observável) | lingueta 5.9 mm (só na simulação)
[INFO] [1790789882.834918, 212.296000]: [mission] fase "libera": modo whole-body/Fuzzy (YAML)
[INFO] [1790789883.049995, 212.498000]: [mission] plano de exclusão publicado: parede em [ 0.006  3.    -0.003], normal segura [ 0.011 -1.     0.   ]
[INFO] [1790789883.363337, 212.803000]: [mission] fase "libera": whole-body assumiu (base livre, restrita pelo plano de exclusão)
[INFO] [1790789883.569266, 213.005000]: [mission] fase "libera": whole-body a 0.0246 m do alvo — eixo=+1.3 prof=+24.6 alt=-0.3 mm
[INFO] [1790789885.709164, 215.105000]: [mission] fase "libera": whole-body a 0.0083 m do alvo — eixo=+1.1 prof=+4.6 alt=+6.9 mm
[INFO] [1790789886.521590, 215.905000]: [mission] fase "libera" alcançada por whole-body em 3.1s (0.0015 m) — no frame da parede eixo=+1.1 prof=-0.5 alt=+0.9 mm (tolerância 40/8/6)
[INFO] [1790789887.260437, 216.613000]: [mission] fase "arco1"/puxa: RECUANDO 0.022 m só com as rodas
[INFO] [1790789887.726877, 217.064000]: [mission] fase "arco1"/puxa: concluído (0.024 m)
[INFO] [1790789887.727922, 217.065000]: [mission] fase "arco1": modo whole-body/Fuzzy (YAML)
[INFO] [1790789887.932164, 217.267000]: [mission] plano de exclusão publicado: parede em [ 0.006  3.    -0.003], normal segura [ 0.011 -1.     0.   ]
[INFO] [1790789888.241371, 217.571000]: [mission] fase "arco1": whole-body assumiu (base livre, restrita pelo plano de exclusão)
[INFO] [1790789888.243020, 217.573000]: [mission] fase "arco1": whole-body a 0.0045 m do alvo — eixo=+0.9 prof=-2.2 alt=-3.8 mm
[INFO] [1790789888.646240, 217.972000]: [mission] fase "arco1" alcançada por whole-body em 0.4s (0.0056 m) — no frame da parede eixo=+0.8 prof=-2.8 alt=-4.8 mm (tolerância 40/10/15)
[INFO] [1790789888.649326, 217.975000]: [mission] arco1: SOLTURA observável — recuo 55.2 mm desde a captura (mín 40) com deriva de eixo +0.8 mm → SOLTA
[INFO] [1790789888.868079, 218.188000]: [mission] waypoint de 15° — lâmina medida em 14.4° (abertura por CONTATO)
[INFO] [1790789889.389098, 218.690000]: [mission] fase "arco2"/puxa: RECUANDO 0.048 m só com as rodas
[INFO] [1790789890.300485, 219.592000]: [mission] fase "arco2"/puxa: concluído (0.050 m)
[INFO] [1790789890.301895, 219.593000]: [mission] fase "arco2": modo whole-body/Fuzzy (YAML)
[INFO] [1790789890.510779, 219.796000]: [mission] plano de exclusão publicado: parede em [ 0.006  3.    -0.003], normal segura [ 0.011 -1.     0.   ]
[INFO] [1790789890.814803, 220.099000]: [mission] fase "arco2": whole-body assumiu (base livre, restrita pelo plano de exclusão)
[INFO] [1790789890.817901, 220.102000]: [mission] fase "arco2": whole-body a 0.0191 m do alvo — eixo=+0.4 prof=+0.3 alt=-19.0 mm
[INFO] [1790789891.725117, 221.000000]: [mission] fase "arco2" alcançada por whole-body em 0.9s (0.0116 m) — no frame da parede eixo=+0.3 prof=-4.5 alt=-10.7 mm (tolerância 40/10/15)
[INFO] [1790789891.940596, 221.213000]: [mission] waypoint de 30° — lâmina medida em 29.5° (abertura por CONTATO)
[INFO] [1790789892.462047, 221.714000]: [mission] fase "desengata": modo IK iterativa (YAML)
[INFO] [1790789892.469422, 221.720000]: [mission] âncora engatada (fase "desengata")
[INFO] [1790789894.407602, 223.626000]: [mission] fase "desengata" it0: ponta (0.299, 2.779, 0.745) erro=0.0079 | degrau eixo 5.3° | rolagem 5.5° | IK pediu [-18.4 -21.1  -0.   83.3  79.9] | faltou [-0.1 -0.2 -0.3 -0.4  0. ] graus
[INFO] [1790789894.412925, 223.632000]: [mission] fase "desengata" alcançada em 1 iteração(ões) (0.0079 m)
[INFO] [1790789894.936157, 224.147000]: [mission] MANIPULATE concluída — chave ABERTA, lâmina medida em 29.5°
[INFO] [1790789894.938731, 224.149000]: State machine transitioning 'MANIPULATE':'done'-->'RETRACT'
[INFO] [1790789895.350448, 224.556000]: [mission] âncora engatada (fase "saida_sobe")
[INFO] [1790789896.897040, 226.060000]: [mission] fase "saida_sobe" it0: ponta (0.298, 2.786, 0.770) erro=0.0074 | degrau eixo 5.1° | rolagem 5.3° | IK pediu [-18.4 -18.1   0.   81.4  79.7] | faltou [ 0.  -0.4 -0.2 -0.1  0. ] graus
[INFO] [1790789896.900330, 226.063000]: [mission] fase "saida_sobe" it0: no frame da parede eixo=-0.1 prof=+5.4 alt=+5.1 mm (tolerância 30/20/10)
[INFO] [1790789896.901863, 226.065000]: [mission] fase "saida_sobe" alcançada em 1 iteração(ões) (0.0074 m)
[INFO] [1790789896.905468, 226.068000]: [mission] âncora engatada (fase "saida_eixo")
[INFO] [1790789898.835346, 227.974000]: [mission] fase "saida_eixo" it0: ponta (0.417, 2.789, 0.768) erro=0.0092 | degrau eixo 11.3° | rolagem 11.8° | IK pediu [-28.  -16.    0.   73.1  72.1] | faltou [ 0.2 -0.3 -0.4 -0.5 -0. ] graus
[INFO] [1790789898.837055, 227.976000]: [mission] fase "saida_eixo" it0: no frame da parede eixo=-1.0 prof=+6.6 alt=+6.4 mm (tolerância 20/20/15)
[INFO] [1790789898.837828, 227.977000]: [mission] fase "saida_eixo" alcançada em 1 iteração(ões) (0.0092 m)
[INFO] [1790789898.839408, 227.978000]: [mission] âncora engatada (fase "saida_fora")
[INFO] [1790789901.586434, 230.707000]: [mission] fase "saida_fora" it0: ponta (0.419, 2.686, 0.772) erro=0.0049 | degrau eixo 6.0° | rolagem 6.4° | IK pediu [-31.6 -21.    0.   96.5  66.1] | faltou [ 0.1 -0.2 -0.3 -0.4  0. ] graus
[INFO] [1790789901.588237, 230.709000]: [mission] fase "saida_fora" it0: no frame da parede eixo=-0.8 prof=+4.0 alt=+2.6 mm (tolerância 30/20/20)
[INFO] [1790789901.589465, 230.710000]: [mission] âncora solta — 1 correções de deriva
[INFO] [1790789901.590381, 230.711000]: [mission] fase "saida_fora" alcançada em 1 iteração(ões) (0.0049 m) — âncora corrigiu 1 vez(es)
[INFO] [1790789901.591275, 230.712000]: [mission] RETRACT/afasta: RECUANDO 0.250 m só com as rodas
[INFO] [1790789906.075851, 235.113000]: [mission] RETRACT/afasta: concluído (0.253 m)
[INFO] [1790789906.077281, 235.115000]: [mission] postura "stow_home" comandada: [0.0, 1.13, -1.04, -1.8, 0.0]
[INFO] [1790789917.937099, 246.716000]: State machine transitioning 'RETRACT':'ok'-->'RETURN'
[INFO] [1790789917.938767, 246.717000]: [mission] RETURN — voltando a (-0.00, 1.00, 0.00 rad)
[INFO] [1790789931.143442, 259.719000]: [mission] RETURN: alinhado, avançando (1.10 m)
[INFO] [1790789931.193759, 259.769000]: [mission] teto por postura ativo no drive: v<=0.23 w<=0.50 rampa 0.51/1.52
[INFO] [1790789939.659574, 268.119000]: [mission] RETURN: chegou, ajustando heading final
[INFO] [1790789939.710387, 268.169000]: [mission] teto por postura ativo no drive: v<=0.23 w<=0.50 rampa 0.51/1.52
[INFO] [1790789948.673690, 277.020000]: [mission] RETURN: concluído
[INFO] [1790789948.676156, 277.022000]: State machine terminating 'RETURN':'home':'MISSION_OK'
[INFO] [1790789948.678540, 277.024000]: [mission] resultado: MISSION_OK
... logging to /home/marco/.ros/log/2b753aa2-bcf5-11f1-8ad7-b025aa85b2a2/roslaunch-shiroi-2036156.log
Checking log directory for disk usage. This may take a while.
Press Ctrl-C to interrupt
]2;/home/marco/b166er/src/b166er_whole_body_control/launch/chave_mission.launch
[1mstarted roslaunch server http://shiroi:41563/[0m

SUMMARY
========

PARAMETERS
 * /chave_mission/estado_final: 
 * /chave_mission/estado_inicial: STOW_INIT
 * /chave_mission/pausa_por_fase: False
 * /chave_mission/search_omega: 0.35
 * /chave_mission/standoff_distance: 0.62
 * /chave_mission/use_wholebody: False
 * /chave_seccionadora_task/aproxima_lateral/modo: ik
 * /chave_seccionadora_task/aproxima_lateral/offset_xyz_m: [-0.09, 0.0, 0.01]
 * /chave_seccionadora_task/aproxima_lateral/tol_xyz_m: [0.04, 0.008, 0.005]
 * /chave_seccionadora_task/arco1/blade_angle_deg: 15
 * /chave_seccionadora_task/arco1/deriva_eixo_max_m: 0.015
 * /chave_seccionadora_task/arco1/modo: wb
 * /chave_seccionadora_task/arco1/offset_xyz_m: [0.0, 0.0518, -0....
 * /chave_seccionadora_task/arco1/soltura_recuo_min_m: 0.04
 * /chave_seccionadora_task/arco1/tol_xyz_m: [0.04, 0.01, 0.015]
 * /chave_seccionadora_task/arco2/blade_angle_deg: 30
 * /chave_seccionadora_task/arco2/deriva_eixo_max_m: 0.015
 * /chave_seccionadora_task/arco2/modo: wb
 * /chave_seccionadora_task/arco2/offset_xyz_m: [0.0, 0.1, -0.0518]
 * /chave_seccionadora_task/arco2/tol_xyz_m: [0.04, 0.01, 0.015]
 * /chave_seccionadora_task/atravessa/modo: ik
 * /chave_seccionadora_task/atravessa/offset_xyz_m: [-0.008, 0.0, 0.01]
 * /chave_seccionadora_task/atravessa/tol_xyz_m: [0.008, 0.006, 0....
 * /chave_seccionadora_task/captura/modo: ik
 * /chave_seccionadora_task/captura/offset_xyz_m: [0.0, 0.0, -0.01]
 * /chave_seccionadora_task/captura/tol_xyz_m: [0.04, 0.006, 0.01]
 * /chave_seccionadora_task/desengata/modo: ik
 * /chave_seccionadora_task/desengata/offset_xyz_m: [-0.09, 0.1, -0.0...
 * /chave_seccionadora_task/destrava/curso_estagna_m: 0.01
 * /chave_seccionadora_task/destrava/curso_margem_m: 0.002
 * /chave_seccionadora_task/destrava/curso_min_m: 0.018
 * /chave_seccionadora_task/destrava/modo: wb
 * /chave_seccionadora_task/destrava/offset_xyz_m: [0.0, 0.0, -0.025]
 * /chave_seccionadora_task/destrava/tol_xyz_m: [0.04, 0.006, 0.004]
 * /chave_seccionadora_task/libera/deriva_eixo_max_m: 0.015
 * /chave_seccionadora_task/libera/modo: wb
 * /chave_seccionadora_task/libera/offset_xyz_m: [0.0, 0.03, -0.025]
 * /chave_seccionadora_task/libera/tol_xyz_m: [0.04, 0.008, 0.006]
 * /chave_seccionadora_task/orienta/modo: ik
 * /chave_seccionadora_task/orienta/offset_xyz_m: [-0.09, 0.15, 0.0...
 * /chave_seccionadora_task/reassenta_sobe/tol_xyz_m: [0.03, 0.02, 0.005]
 * /chave_seccionadora_task/saida_eixo/tol_xyz_m: [0.02, 0.02, 0.015]
 * /chave_seccionadora_task/saida_fora/tol_xyz_m: [0.03, 0.02, 0.02]
 * /chave_seccionadora_task/saida_sobe/tol_xyz_m: [0.03, 0.02, 0.01]
 * /chave_seccionadora_task/target_frame: chave_olhal_link
 * /fuzzy_wb_controller/fixed_gains: []
 * /rosdistro: noetic
 * /rosversion: 1.17.4

NODES
  /
    chave_mission (b166er_whole_body_control/chave_mission.py)

[1mROS_MASTER_URI=http://localhost:11311[0m
]2;/home/marco/b166er/src/b166er_whole_body_control/launch/chave_mission.launch http://localhost:11311
[1mprocess[chave_mission-1]: started with pid [2036206][0m
[1m[chave_mission-1] process has finished cleanly
log file: /home/marco/.ros/log/2b753aa2-bcf5-11f1-8ad7-b025aa85b2a2/chave_mission-1*.log[0m
all processes on machine have died, roslaunch will exit
shutting down processing monitor...
... shutting down processing monitor complete
[1mdone[0m
