the rosdep view is empty: call 'sudo rosdep init' and 'rosdep update'
[WARN] [1789147415.886990, 141.914000]: [mission] SEARCH: 3 de 25 amostras descartadas como outlier (>0.15 m ou >0.20 rad da mediana)
[INFO] [1789147395.849228, 122.062000]: State machine starting in initial state 'STOW_INIT' with userdata: 
	[]
[INFO] [1789147396.151156, 122.363000]: [mission] pose de partida registrada: (-0.01, 1.00, 0.01 rad)
[INFO] [1789147396.153158, 122.365000]: [mission] postura "stow_home" comandada: [0.0, 1.13, -1.04, -1.8, 0.0]
[INFO] [1789147396.256176, 122.466000]: State machine transitioning 'STOW_INIT':'ok'-->'SEARCH'
[INFO] [1789147396.258527, 122.468000]: [mission] postura "search" comandada: [0.0, 1.0, -1.0, 0.0, 0.0]
[INFO] [1789147402.316925, 128.470000]: [mission] SEARCH — girando à procura da tag...
[INFO] [1789147402.318351, 128.471000]: [mission] SEARCH: amostra quando a tag estiver a raio 0.35-0.50 do quadro (vista oblíqua; omega fina 0.15 rad/s)
[INFO] [1789147403.728171, 129.872000]: [mission] SEARCH: tag a raio 0.93 — girando até <= 0.50
[INFO] [1789147410.689952, 136.773000]: [mission] SEARCH: tag a raio 0.49 — parando
[INFO] [1789147410.692196, 136.775000]: [mission] tag avistada — parando para medir
[INFO] [1789147411.712158, 137.784000]: [mission] âncora engatada (coleta do SEARCH)
[INFO] [1789147411.713800, 137.786000]: [mission] SEARCH: coleta com dither ±0.05 rad/s (período 3.0 s)
[INFO] [1789147415.880533, 141.908000]: [mission] âncora solta — 8 correções de deriva
[INFO] [1789147415.881448, 141.909000]: [mission] SEARCH: âncora corrigiu a deriva 8 vez(es) durante a coleta
[INFO] [1789147415.887796, 141.915000]: [mission] SEARCH: 22 amostras — parede (0.022, 3.099, -0.004) yaw=2.924
[INFO] [1789147415.888326, 141.916000]: [mission] parede localizada em (0.022, 3.099, -0.004)
[INFO] [1789147415.890707, 141.918000]: State machine transitioning 'SEARCH':'found'-->'APPROACH'
[INFO] [1789147415.891553, 141.919000]: [mission] APPROACH etapa 1/2 — 1.30 m do olhal, alvo (-0.09, 1.66, 1.35 rad)
[INFO] [1789147415.892505, 141.920000]: [mission] teto por postura ativo no drive: v<=0.17 w<=0.50 rampa 0.45/1.52
[INFO] [1789147420.261123, 146.220000]: [mission] APPROACH: alinhado, avançando (0.81 m)
[INFO] [1789147426.672506, 152.570000]: [mission] APPROACH: chegou, ajustando heading final
[INFO] [1789147426.723458, 152.620000]: [mission] teto por postura ativo no drive: v<=0.17 w<=0.50 rampa 0.45/1.52
[INFO] [1789147430.316075, 156.170000]: [mission] APPROACH: concluído
[INFO] [1789147431.326436, 157.173000]: [mission] âncora engatada (coleta do APPROACH/remedida)
[INFO] [1789147431.327896, 157.174000]: [mission] APPROACH/remedida: coleta com dither ±0.05 rad/s (período 3.0 s)
[INFO] [1789147432.472750, 158.307000]: [mission] âncora solta — 1 correções de deriva
[INFO] [1789147432.474453, 158.309000]: [mission] APPROACH/remedida: âncora corrigiu a deriva 1 vez(es) durante a coleta
[INFO] [1789147432.476499, 158.310000]: [mission] APPROACH/remedida: 10 amostras — parede (0.009, 3.016, -0.003) yaw=3.127
[INFO] [1789147432.478149, 158.312000]: [mission] APPROACH etapa 2/2 — 0.88 m do olhal, alvo (0.36, 2.00, 1.56 rad)
[INFO] [1789147432.480133, 158.314000]: [mission] teto por postura ativo no drive: v<=0.17 w<=0.50 rampa 0.45/1.51
[INFO] [1789147437.275495, 163.064000]: [mission] APPROACH: alinhado, avançando (0.66 m)
[INFO] [1789147442.484543, 168.214000]: [mission] APPROACH: chegou, ajustando heading final
[INFO] [1789147442.534710, 168.264000]: [mission] teto por postura ativo no drive: v<=0.17 w<=0.50 rampa 0.45/1.51
[INFO] [1789147446.884333, 172.565000]: [mission] APPROACH: concluído
[INFO] [1789147446.892625, 172.573000]: State machine transitioning 'APPROACH':'arrived'-->'REFINE'
[INFO] [1789147446.894743, 172.575000]: [mission] REFINE — remedindo a parede de perto (10 amostras)
[INFO] [1789147446.899934, 172.580000]: [mission] âncora engatada (coleta do REFINE)
[INFO] [1789147446.901739, 172.582000]: [mission] REFINE: coleta com dither ±0.05 rad/s (período 3.0 s)
[INFO] [1789147448.052031, 173.717000]: [mission] âncora solta — 1 correções de deriva
[INFO] [1789147448.054790, 173.720000]: [mission] REFINE: âncora corrigiu a deriva 1 vez(es) durante a coleta
[INFO] [1789147448.058332, 173.723000]: [mission] REFINE: 10 amostras — parede (0.003, 3.002, 0.000) yaw=3.129
[INFO] [1789147448.060317, 173.725000]: [mission] REFINE: deslocou 0.015 m da estimativa anterior
[INFO] [1789147448.062068, 173.727000]: [mission] olhal estimado em (0.201, 2.869, 0.805)
[INFO] [1789147448.070194, 173.735000]: State machine transitioning 'REFINE':'ok'-->'DEPLOY'
[INFO] [1789147448.072423, 173.737000]: [mission] DEPLOY: IK resolvida para a POSE DE MANIPULAÇÃO (0.19, 2.25, 1.56 rad), não para a atual
[INFO] [1789147452.742131, 177.824000]: [mission] DEPLOY: IK nivelada 0.0689 m, só eixo 0.0009 m — a MISSÃO INTEIRA usa "eixo"
[INFO] [1789147452.744302, 178.401000]: [mission] DEPLOY: IK da ponta resolvida (resíduo 0.0009 m, degrau 0.4°) — pré-posicionando em [ -7.3 -46.4  60.   79.5  -7.3] graus
[INFO] [1789147459.729937, 185.302000]: [mission] plano de exclusão publicado: parede em [3.000e-03 3.002e+00 0.000e+00], normal segura [-0.013 -1.     0.   ]
[INFO] [1789147459.939073, 185.510000]: [mission] teto por postura ativo no drive: v<=0.24 w<=0.50 rampa 0.53/1.72
[INFO] [1789147464.651959, 190.160000]: [mission] DEPLOY/aproxima: alinhado, avançando (0.42 m)
[INFO] [1789147469.259397, 194.710000]: [mission] DEPLOY/aproxima: chegou, ajustando heading final
[INFO] [1789147474.871498, 200.260000]: [mission] DEPLOY/aproxima: concluído
[INFO] [1789147474.873472, 200.262000]: State machine transitioning 'DEPLOY':'ok'-->'MANIPULATE'
[INFO] [1789147474.875293, 200.264000]: [mission] fase "orienta": modo IK iterativa (YAML)
[INFO] [1789147474.879282, 200.268000]: [mission] âncora engatada (fase "orienta")
[INFO] [1789147478.565960, 203.892000]: [mission] fase "orienta" it0: ponta (0.290, 2.725, 0.811) erro=0.0071 | degrau eixo 0.1° | rolagem 0.4° | IK pediu [-19.5 -26.7  20.9  95.4 -14.5] | faltou [0. 0. 0. 0. 0.] graus
[INFO] [1789147478.567747, 203.894000]: [mission] âncora solta — 1 correções de deriva
[INFO] [1789147478.568670, 203.895000]: [mission] fase "orienta" alcançada em 1 iteração(ões) (0.0071 m) — âncora corrigiu 1 vez(es)
[INFO] [1789147479.076252, 204.398000]: [mission] fase "aproxima_lateral": modo IK iterativa (YAML)
[INFO] [1789147479.080694, 204.402000]: [mission] âncora engatada (fase "aproxima_lateral")
[INFO] [1789147481.640733, 206.933000]: [mission] fase "aproxima_lateral" it0: ponta (0.289, 2.876, 0.810) erro=0.0102 | degrau eixo 5.1° | rolagem 27.1° | IK pediu [-16.5 -12.5   0.   75.9 -10.4] | faltou [ 0.  -0.4 -0.3 -0.2 -0. ] graus
[INFO] [1789147481.643238, 206.936000]: [mission] fase "aproxima_lateral" it0: no frame da parede eixo=-2.4 prof=+8.2 alt=+5.4 mm (tolerância 40/8/5)
[INFO] [1789147483.162122, 208.442000]: [mission] fase "aproxima_lateral" it1: ponta (0.294, 2.863, 0.814) erro=0.0058 | degrau eixo 4.8° | rolagem 25.1° | IK pediu [-17.1 -12.6   0.   78.2 -10.9] | faltou [-0.1 -0.2 -0.4 -0.6 -0. ] graus
[INFO] [1789147483.163197, 208.443000]: [mission] fase "aproxima_lateral" it1: no frame da parede eixo=+2.9 prof=-5.0 alt=+0.6 mm (tolerância 40/8/5)
[INFO] [1789147483.163919, 208.444000]: [mission] âncora solta — 1 correções de deriva
[INFO] [1789147483.164757, 208.445000]: [mission] fase "aproxima_lateral" alcançada em 2 iteração(ões) (0.0058 m) — âncora corrigiu 1 vez(es)
[INFO] [1789147483.669753, 208.947000]: [mission] fase "atravessa": modo IK iterativa (YAML)
[INFO] [1789147483.674735, 208.952000]: [mission] âncora engatada (fase "atravessa")
[INFO] [1789147485.506106, 210.757000]: [mission] fase "atravessa" it0: ponta (0.210, 2.872, 0.811) erro=0.0051 | degrau eixo 1.9° | rolagem 24.3° | IK pediu [ -9.9 -13.6   0.1  80.   -4.3] | faltou [-0.2 -0.3 -0.3 -0.2 -0.4] graus
[INFO] [1789147485.509655, 210.760000]: [mission] fase "atravessa" it0: no frame da parede eixo=+0.4 prof=+3.4 alt=+3.8 mm (tolerância 8/6/5)
[INFO] [1789147485.512059, 210.763000]: [mission] fase "atravessa" alcançada em 1 iteração(ões) (0.0051 m)
[INFO] [1789147486.032261, 211.270000]: [mission] fase "captura": modo IK iterativa (YAML)
[INFO] [1789147486.037213, 211.275000]: [mission] âncora engatada (fase "captura")
[WARN] [1789147491.358067, 216.530000]: [mission] fase "destrava": descida estagnou em 11.5 mm (mín 10 para aceitar; alvo 18) — fim de curso do mecanismo, fechando a fase
[WARN] [1789147491.573920, 216.740000]: [mission] destrava: lingueta em 9.2 mm (esperado ≥ 12) — o gatilho pode não ter soltado
[WARN] [1789147508.891695, 233.873000]: [mission] RETRACT: ponta a 0.142 m do olhal — saindo em degraus: sobe 30 mm, 120 mm pelo eixo do furo, 100 mm para fora, antes de recolher
[INFO] [1789147487.601113, 212.812000]: [mission] fase "captura" it0: ponta (0.209, 2.873, 0.790) erro=0.0096 | degrau eixo 1.6° | rolagem 24.6° | IK pediu [ -9.4 -16.1   0.1  82.3  -3.7] | faltou [-0.7 -0.3 -0.3 -0.3 -0. ] graus
[INFO] [1789147487.603557, 212.815000]: [mission] fase "captura" it0: no frame da parede eixo=+7.5 prof=+3.9 alt=+4.7 mm (tolerância 40/6/10)
[INFO] [1789147487.604929, 212.816000]: [mission] fase "captura" alcançada em 1 iteração(ões) (0.0096 m)
[INFO] [1789147487.612090, 212.823000]: [mission] captura: ponta registrada em eixo=-7.5 prof=-3.9 alt=-14.7 mm (zero da descida do destrava e da deriva de eixo)
[INFO] [1789147488.117821, 213.325000]: [mission] fase "destrava": alvo em altura relativo à captura: -34.7 mm (captura -14.7 − curso 18 − margem 2)
[INFO] [1789147488.118893, 213.326000]: [mission] fase "destrava": modo whole-body/Fuzzy (YAML)
[INFO] [1789147488.344148, 213.526000]: [mission] plano de exclusão publicado: parede em [3.000e-03 3.002e+00 0.000e+00], normal segura [-0.013 -1.     0.   ]
[INFO] [1789147488.641284, 213.829000]: [mission] fase "destrava": whole-body assumiu (base livre, restrita pelo plano de exclusão)
[INFO] [1789147488.642684, 213.830000]: [mission] fase "destrava": whole-body a 0.0206 m do alvo — eixo=+7.5 prof=+3.7 alt=-18.8 mm
[INFO] [1789147490.751509, 215.930000]: [mission] fase "destrava": whole-body a 0.0117 m do alvo — eixo=+7.3 prof=-3.8 alt=-8.4 mm
[INFO] [1789147491.572933, 216.739000]: [mission] destrava: ponta desceu 12.3 mm desde a captura (critério observável) | lingueta 9.2 mm (só na simulação)
[INFO] [1789147492.080916, 217.240000]: [mission] fase "libera": modo whole-body/Fuzzy (YAML)
[INFO] [1789147492.285871, 217.441000]: [mission] plano de exclusão publicado: parede em [3.000e-03 3.002e+00 0.000e+00], normal segura [-0.013 -1.     0.   ]
[INFO] [1789147492.592292, 217.745000]: [mission] fase "libera": whole-body assumiu (base livre, restrita pelo plano de exclusão)
[INFO] [1789147492.794797, 217.946000]: [mission] fase "libera": whole-body a 0.0284 m do alvo — eixo=+7.3 prof=+27.1 alt=+4.4 mm
[INFO] [1789147494.912324, 220.046000]: [mission] fase "libera": whole-body a 0.0245 m do alvo — eixo=+7.2 prof=+22.9 alt=+4.7 mm
[INFO] [1789147497.034501, 222.146000]: [mission] fase "libera": whole-body a 0.0242 m do alvo — eixo=+7.3 prof=+22.8 alt=+4.0 mm
[INFO] [1789147499.151850, 224.246000]: [mission] fase "libera": whole-body a 0.0292 m do alvo — eixo=+8.2 prof=-27.2 alt=-6.5 mm
[INFO] [1789147500.572476, 225.646000]: [mission] fase "libera" alcançada por whole-body em 7.9s (0.0092 m) — no frame da parede eixo=+8.0 prof=-2.0 alt=-4.1 mm (tolerância 40/8/6)
[INFO] [1789147501.287011, 226.352000]: [mission] fase "arco1"/puxa: RECUANDO 0.022 m só com as rodas
[INFO] [1789147501.691962, 226.753000]: [mission] fase "arco1"/puxa: concluído (0.022 m)
[INFO] [1789147501.693829, 226.754000]: [mission] fase "arco1": modo whole-body/Fuzzy (YAML)
[INFO] [1789147501.900397, 226.958000]: [mission] plano de exclusão publicado: parede em [3.000e-03 3.002e+00 0.000e+00], normal segura [-0.013 -1.     0.   ]
[INFO] [1789147502.207117, 227.261000]: [mission] fase "arco1": whole-body assumiu (base livre, restrita pelo plano de exclusão)
[INFO] [1789147502.210829, 227.264000]: [mission] fase "arco1": whole-body a 0.0124 m do alvo — eixo=+7.8 prof=+8.8 alt=-3.8 mm
[INFO] [1789147502.613719, 227.663000]: [mission] fase "arco1" alcançada por whole-body em 0.4s (0.0098 m) — no frame da parede eixo=+7.7 prof=+5.2 alt=-2.9 mm (tolerância 40/10/15)
[INFO] [1789147502.616012, 227.665000]: [mission] arco1: SOLTURA observável — recuo 50.4 mm desde a captura (mín 40) com deriva de eixo -0.3 mm → SOLTA
[INFO] [1789147502.829339, 227.877000]: [mission] waypoint de 15° — lâmina medida em 13.5° (abertura por CONTATO)
[INFO] [1789147503.334963, 228.379000]: [mission] fase "arco2"/puxa: RECUANDO 0.048 m só com as rodas
[INFO] [1789147504.301798, 229.330000]: [mission] fase "arco2"/puxa: concluído (0.050 m)
[INFO] [1789147504.304349, 229.332000]: [mission] fase "arco2": modo whole-body/Fuzzy (YAML)
[INFO] [1789147504.511650, 229.536000]: [mission] plano de exclusão publicado: parede em [3.000e-03 3.002e+00 0.000e+00], normal segura [-0.013 -1.     0.   ]
[INFO] [1789147504.815931, 229.839000]: [mission] fase "arco2": whole-body assumiu (base livre, restrita pelo plano de exclusão)
[INFO] [1789147504.817512, 229.840000]: [mission] fase "arco2": whole-body a 0.0148 m do alvo — eixo=+8.3 prof=+4.1 alt=-11.5 mm
[INFO] [1789147505.219153, 230.240000]: [mission] fase "arco2" alcançada por whole-body em 0.4s (0.0129 m) — no frame da parede eixo=+8.4 prof=+0.7 alt=-9.8 mm (tolerância 40/10/15)
[INFO] [1789147505.433029, 230.449000]: [mission] waypoint de 30° — lâmina medida em 29.6° (abertura por CONTATO)
[INFO] [1789147505.940127, 230.951000]: [mission] fase "desengata": modo IK iterativa (YAML)
[INFO] [1789147505.942609, 230.953000]: [mission] âncora engatada (fase "desengata")
[INFO] [1789147507.966361, 232.956000]: [mission] fase "desengata" it0: ponta (0.291, 2.775, 0.748) erro=0.0088 | degrau eixo 5.1° | rolagem 29.6° | IK pediu [-16.1 -20.   -0.   81.1  -9.5] | faltou [ 0.  -0.2 -0.4 -0.4 -0. ] graus
[INFO] [1789147507.970801, 232.960000]: [mission] fase "desengata" alcançada em 1 iteração(ões) (0.0088 m)
[INFO] [1789147508.484609, 233.470000]: [mission] MANIPULATE concluída — chave ABERTA, lâmina medida em 30.1°
[INFO] [1789147508.486068, 233.471000]: State machine transitioning 'MANIPULATE':'done'-->'RETRACT'
[INFO] [1789147508.896924, 233.878000]: [mission] âncora engatada (fase "saida_sobe")
[INFO] [1789147510.512106, 235.483000]: [mission] fase "saida_sobe" it0: ponta (0.293, 2.783, 0.772) erro=0.0084 | degrau eixo 5.1° | rolagem 28.3° | IK pediu [-16.  -17.    0.   79.2  -9.8] | faltou [ 0.  -0.3 -0.3 -0.3 -0. ] graus
[INFO] [1789147510.515477, 235.486000]: [mission] fase "saida_sobe" it0: no frame da parede eixo=+1.2 prof=+6.2 alt=+5.4 mm (tolerância 30/20/10)
[INFO] [1789147510.517313, 235.488000]: [mission] fase "saida_sobe" alcançada em 1 iteração(ões) (0.0084 m)
[INFO] [1789147510.521732, 235.493000]: [mission] âncora engatada (fase "saida_eixo")
[INFO] [1789147512.457711, 237.398000]: [mission] fase "saida_eixo" it0: ponta (0.413, 2.782, 0.771) erro=0.0098 | degrau eixo 11.3° | rolagem 34.0° | IK pediu [-25.5 -14.6   0.   70.5 -17.6] | faltou [-0.1 -0.3 -0.4 -0.5 -0. ] graus
[INFO] [1789147512.459543, 237.400000]: [mission] fase "saida_eixo" it0: no frame da parede eixo=+1.1 prof=+6.9 alt=+6.9 mm (tolerância 20/20/15)
[INFO] [1789147512.460705, 237.401000]: [mission] fase "saida_eixo" alcançada em 1 iteração(ões) (0.0098 m)
[INFO] [1789147512.463461, 237.404000]: [mission] âncora engatada (fase "saida_fora")
[INFO] [1789147515.294090, 240.207000]: [mission] fase "saida_fora" it0: ponta (0.411, 2.681, 0.775) erro=0.0065 | degrau eixo 6.0° | rolagem 14.5° | IK pediu [-28.9 -20.1   0.   95.3 -23.6] | faltou [ 0.1 -0.1 -0.3 -0.5 -0. ] graus
[INFO] [1789147515.297214, 240.210000]: [mission] fase "saida_fora" it0: no frame da parede eixo=+0.5 prof=+5.7 alt=+3.0 mm (tolerância 30/20/20)
[INFO] [1789147515.298619, 240.212000]: [mission] âncora solta — 1 correções de deriva
[INFO] [1789147515.299886, 240.213000]: [mission] fase "saida_fora" alcançada em 1 iteração(ões) (0.0065 m) — âncora corrigiu 1 vez(es)
[INFO] [1789147515.301128, 240.214000]: [mission] RETRACT/afasta: RECUANDO 0.250 m só com as rodas
[INFO] [1789147519.797737, 244.666000]: [mission] RETRACT/afasta: concluído (0.251 m)
[INFO] [1789147519.799693, 244.668000]: [mission] postura "stow_home" comandada: [0.0, 1.13, -1.04, -1.8, 0.0]
[INFO] [1789147531.524622, 256.270000]: State machine transitioning 'RETRACT':'ok'-->'RETURN'
[INFO] [1789147531.526322, 256.271000]: [mission] RETURN — voltando a (-0.01, 1.00, 0.01 rad)
[INFO] [1789147544.506840, 269.123000]: [mission] RETURN: alinhado, avançando (1.16 m)
[INFO] [1789147544.557264, 269.173000]: [mission] teto por postura ativo no drive: v<=0.23 w<=0.50 rampa 0.51/1.52
[INFO] [1789147553.352002, 277.873000]: [mission] RETURN: chegou, ajustando heading final
[INFO] [1789147553.401717, 277.923000]: [mission] teto por postura ativo no drive: v<=0.23 w<=0.50 rampa 0.51/1.52
[INFO] [1789147559.808280, 284.273000]: [mission] RETURN: concluído
[INFO] [1789147559.810058, 284.275000]: State machine terminating 'RETURN':'home':'MISSION_OK'
[INFO] [1789147559.811513, 284.276000]: [mission] resultado: MISSION_OK
... logging to /home/marco/.ros/log/2c3daa4a-ae05-11f1-b2ed-9c67d652ada5/roslaunch-shiroi-197043.log
Checking log directory for disk usage. This may take a while.
Press Ctrl-C to interrupt
Done checking log file disk usage. Usage is <1GB.
]2;/home/marco/b166er/src/b166er_whole_body_control/launch/chave_mission.launch
[1mstarted roslaunch server http://shiroi:43549/[0m

SUMMARY
========

PARAMETERS
 * /chave_mission/estado_final: 
 * /chave_mission/estado_inicial: STOW_INIT
 * /chave_mission/pausa_por_fase: False
 * /chave_mission/search_omega: 0.35
 * /chave_mission/standoff_distance: 0.62
 * /chave_mission/use_wholebody: False
 * /chave_seccionadora_task/aproxima_lateral/modo: ik
 * /chave_seccionadora_task/aproxima_lateral/offset_xyz_m: [-0.09, 0.0, 0.01]
 * /chave_seccionadora_task/aproxima_lateral/tol_xyz_m: [0.04, 0.008, 0.005]
 * /chave_seccionadora_task/arco1/blade_angle_deg: 15
 * /chave_seccionadora_task/arco1/deriva_eixo_max_m: 0.015
 * /chave_seccionadora_task/arco1/modo: wb
 * /chave_seccionadora_task/arco1/offset_xyz_m: [0.0, 0.0518, -0....
 * /chave_seccionadora_task/arco1/soltura_recuo_min_m: 0.04
 * /chave_seccionadora_task/arco1/tol_xyz_m: [0.04, 0.01, 0.015]
 * /chave_seccionadora_task/arco2/blade_angle_deg: 30
 * /chave_seccionadora_task/arco2/deriva_eixo_max_m: 0.015
 * /chave_seccionadora_task/arco2/modo: wb
 * /chave_seccionadora_task/arco2/offset_xyz_m: [0.0, 0.1, -0.0518]
 * /chave_seccionadora_task/arco2/tol_xyz_m: [0.04, 0.01, 0.015]
 * /chave_seccionadora_task/atravessa/modo: ik
 * /chave_seccionadora_task/atravessa/offset_xyz_m: [-0.008, 0.0, 0.01]
 * /chave_seccionadora_task/atravessa/tol_xyz_m: [0.008, 0.006, 0....
 * /chave_seccionadora_task/captura/modo: ik
 * /chave_seccionadora_task/captura/offset_xyz_m: [0.0, 0.0, -0.01]
 * /chave_seccionadora_task/captura/tol_xyz_m: [0.04, 0.006, 0.01]
 * /chave_seccionadora_task/desengata/modo: ik
 * /chave_seccionadora_task/desengata/offset_xyz_m: [-0.09, 0.1, -0.0...
 * /chave_seccionadora_task/destrava/curso_estagna_m: 0.01
 * /chave_seccionadora_task/destrava/curso_margem_m: 0.002
 * /chave_seccionadora_task/destrava/curso_min_m: 0.018
 * /chave_seccionadora_task/destrava/modo: wb
 * /chave_seccionadora_task/destrava/offset_xyz_m: [0.0, 0.0, -0.025]
 * /chave_seccionadora_task/destrava/tol_xyz_m: [0.04, 0.006, 0.004]
 * /chave_seccionadora_task/libera/deriva_eixo_max_m: 0.015
 * /chave_seccionadora_task/libera/modo: wb
 * /chave_seccionadora_task/libera/offset_xyz_m: [0.0, 0.03, -0.025]
 * /chave_seccionadora_task/libera/tol_xyz_m: [0.04, 0.008, 0.006]
 * /chave_seccionadora_task/orienta/modo: ik
 * /chave_seccionadora_task/orienta/offset_xyz_m: [-0.09, 0.15, 0.0...
 * /chave_seccionadora_task/reassenta_sobe/tol_xyz_m: [0.03, 0.02, 0.005]
 * /chave_seccionadora_task/saida_eixo/tol_xyz_m: [0.02, 0.02, 0.015]
 * /chave_seccionadora_task/saida_fora/tol_xyz_m: [0.03, 0.02, 0.02]
 * /chave_seccionadora_task/saida_sobe/tol_xyz_m: [0.03, 0.02, 0.01]
 * /chave_seccionadora_task/target_frame: chave_olhal_link
 * /fuzzy_wb_controller/fixed_gains: []
 * /rosdistro: noetic
 * /rosversion: 1.17.4

NODES
  /
    chave_mission (b166er_whole_body_control/chave_mission.py)

[1mROS_MASTER_URI=http://localhost:11311[0m
]2;/home/marco/b166er/src/b166er_whole_body_control/launch/chave_mission.launch http://localhost:11311
[1mprocess[chave_mission-1]: started with pid [197085][0m
[1m[chave_mission-1] process has finished cleanly
log file: /home/marco/.ros/log/2c3daa4a-ae05-11f1-b2ed-9c67d652ada5/chave_mission-1*.log[0m
all processes on machine have died, roslaunch will exit
shutting down processing monitor...
... shutting down processing monitor complete
[1mdone[0m
