[31mWARNING: disk usage in log directory [/home/marco/.ros/log] is over 1GB.
It's recommended that you use the 'rosclean' command.[0m
the rosdep view is empty: call 'sudo rosdep init' and 'rosdep update'
[WARN] [1790816640.769821, 508.519000]: [mission] SEARCH: 2 de 25 amostras descartadas como outlier (>0.15 m ou >0.20 rad da mediana)
[WARN] [1790816640.826290, 508.576000]: [mission] SEARCH: laser com só 21 pontos de parede (mín 30) — parede fica pela tag
[INFO] [1790816618.600487, 0.000000]: garra_dx = 0.000 m (fechada)
[INFO] [1790816618.683689, 486.769000]: State machine starting in initial state 'STOW_INIT' with userdata: 
	[]
[INFO] [1790816618.985308, 487.079000]: [mission] pose de partida registrada: (0.01, 1.00, -0.02 rad)
[INFO] [1790816618.986835, 487.080000]: [mission] postura "stow_home" comandada: [0.0, 1.13, -1.04, -1.8, 0.0]
[INFO] [1790816619.089874, 487.182000]: State machine transitioning 'STOW_INIT':'ok'-->'SEARCH'
[INFO] [1790816619.092078, 487.184000]: [mission] postura "search" comandada: [0.0, 1.0, -1.0, 0.0, 0.0]
[INFO] [1790816625.184534, 493.186000]: [mission] SEARCH — girando à procura da tag...
[INFO] [1790816625.186397, 493.187000]: [mission] SEARCH: amostra quando a tag estiver a raio 0.35-0.50 do quadro (vista oblíqua; omega fina 0.15 rad/s)
[INFO] [1790816627.389458, 495.340000]: [mission] SEARCH: tag a raio 0.93 — girando até <= 0.50
[INFO] [1790816635.361106, 503.191000]: [mission] SEARCH: tag a raio 0.50 — parando
[INFO] [1790816635.361970, 503.191000]: [mission] tag avistada — parando para medir
[INFO] [1790816636.377242, 504.195000]: [mission] âncora engatada (coleta do SEARCH)
[INFO] [1790816636.377832, 504.195000]: [mission] SEARCH: coleta com dither ±0.05 rad/s (período 3.0 s)
[INFO] [1790816640.750566, 508.502000]: [mission] âncora solta — 4 correções de deriva
[INFO] [1790816640.752455, 508.504000]: [mission] SEARCH: âncora corrigiu a deriva 4 vez(es) durante a coleta
[INFO] [1790816640.772474, 508.524000]: [mission] SEARCH: 23 amostras — parede (0.022, 3.079, -0.001) yaw=2.911
[INFO] [1790816640.828546, 508.578000]: [mission] parede localizada em (0.022, 3.079, -0.001)
[INFO] [1790816640.839873, 508.588000]: State machine transitioning 'SEARCH':'found'-->'APPROACH'
[INFO] [1790816640.844079, 508.592000]: [mission] APPROACH etapa 1/2 — 1.30 m do olhal, alvo (-0.11, 1.64, 1.34 rad)
[INFO] [1790816646.581937, 514.245000]: [mission] APPROACH: alinhado, avançando (0.76 m)
[INFO] [1790816646.634081, 514.295000]: [mission] teto por postura ativo no drive: v<=0.17 w<=0.50 rampa 0.45/1.52
[INFO] [1790816653.211109, 520.746000]: [mission] APPROACH: chegou, ajustando heading final
[INFO] [1790816653.261541, 520.795000]: [mission] teto por postura ativo no drive: v<=0.17 w<=0.50 rampa 0.45/1.52
[INFO] [1790816657.573140, 525.045000]: [mission] APPROACH: concluído
[INFO] [1790816658.599385, 526.050000]: [mission] âncora engatada (coleta do APPROACH/remedida)
[INFO] [1790816658.602464, 526.053000]: [mission] APPROACH/remedida: coleta com dither ±0.05 rad/s (período 3.0 s)
[INFO] [1790816659.646993, 527.083000]: [mission] âncora solta — 1 correções de deriva
[INFO] [1790816659.648803, 527.085000]: [mission] APPROACH/remedida: âncora corrigiu a deriva 1 vez(es) durante a coleta
[INFO] [1790816659.650377, 527.086000]: [mission] APPROACH/remedida: 10 amostras — parede (0.009, 3.009, -0.004) yaw=-3.132
[INFO] [1790816659.703745, 527.140000]: [mission] APPROACH/remedida: parede pelo LASER — 85 pontos, resíduo 4.7 mm: profundidade +11.0 mm e yaw -0.60° em relação à tag → parede (0.009, 2.998, -0.004) yaw=3.140
[INFO] [1790816659.705111, 527.141000]: [mission] APPROACH etapa 2/2 — 0.88 m do olhal, alvo (0.38, 1.99, 1.57 rad)
[INFO] [1790816664.553496, 531.893000]: [mission] APPROACH: alinhado, avançando (0.68 m)
[INFO] [1790816664.605114, 531.943000]: [mission] teto por postura ativo no drive: v<=0.17 w<=0.50 rampa 0.45/1.52
[INFO] [1790816670.861990, 538.093000]: [mission] APPROACH: chegou, ajustando heading final
[INFO] [1790816670.913075, 538.143000]: [mission] teto por postura ativo no drive: v<=0.17 w<=0.50 rampa 0.45/1.52
[INFO] [1790816676.106199, 543.244000]: [mission] APPROACH: concluído
[INFO] [1790816676.113964, 543.252000]: State machine transitioning 'APPROACH':'arrived'-->'REFINE'
[INFO] [1790816676.116331, 543.254000]: [mission] REFINE — remedindo a parede de perto (10 amostras)
[INFO] [1790816676.122295, 543.260000]: [mission] âncora engatada (coleta do REFINE)
[INFO] [1790816676.125470, 543.263000]: [mission] REFINE: coleta com dither ±0.05 rad/s (período 3.0 s)
[INFO] [1790816677.265647, 544.383000]: [mission] âncora solta — 1 correções de deriva
[INFO] [1790816677.266925, 544.384000]: [mission] REFINE: âncora corrigiu a deriva 1 vez(es) durante a coleta
[INFO] [1790816677.268950, 544.386000]: [mission] REFINE: 10 amostras — parede (0.002, 3.005, -0.000) yaw=3.125
[INFO] [1790816677.322721, 544.439000]: [mission] REFINE: parede pelo LASER — 80 pontos, resíduo 4.6 mm: profundidade +6.5 mm e yaw +0.94° em relação à tag → parede (0.002, 2.999, -0.000) yaw=3.141
[INFO] [1790816677.326548, 544.443000]: [mission] REFINE: deslocou 0.007 m da estimativa anterior
[INFO] [1790816677.328869, 544.446000]: [mission] olhal estimado em (0.202, 2.869, 0.805)
[INFO] [1790816677.336746, 544.454000]: State machine transitioning 'REFINE':'ok'-->'DEPLOY'
[INFO] [1790816677.338314, 544.456000]: [mission] DEPLOY: IK resolvida para a POSE DE MANIPULAÇÃO (0.20, 2.25, 1.57 rad), não para a atual
[INFO] [1790816682.151206, 548.973000]: [mission] DEPLOY: IK nivelada 0.0710 m, só eixo 0.0014 m — a MISSÃO INTEIRA usa "eixo"
[INFO] [1790816682.155601, 549.268000]: [mission] DEPLOY: IK da ponta resolvida (resíduo 0.0014 m, degrau 0.4°) — pré-posicionando em [-10.9 -46.5  60.   78.5  79.1] graus
[INFO] [1790816689.166444, 556.170000]: [mission] plano de exclusão publicado: parede em [ 2.000e-03  2.999e+00 -0.000e+00], normal segura [-0. -1.  0.]
[INFO] [1790816689.380294, 556.382000]: [mission] teto por postura ativo no drive: v<=0.23 w<=0.50 rampa 0.52/1.64
[INFO] [1790816693.229710, 560.182000]: [mission] DEPLOY/aproxima: alinhado, avançando (0.45 m)
[INFO] [1790816697.349497, 564.232000]: [mission] DEPLOY/aproxima: chegou, ajustando heading final
[INFO] [1790816701.208884, 568.033000]: [mission] DEPLOY/aproxima: concluído
[INFO] [1790816701.211555, 568.035000]: State machine transitioning 'DEPLOY':'ok'-->'MANIPULATE'
[INFO] [1790816701.214271, 568.037000]: [mission] fase "orienta": modo IK iterativa (YAML)
[INFO] [1790816701.222208, 568.045000]: [mission] âncora engatada (fase "orienta")
[INFO] [1790816705.897506, 572.652000]: [mission] fase "orienta" it0: ponta (0.289, 2.724, 0.811) erro=0.0061 | degrau eixo 0.7° | rolagem 0.7° | IK pediu [-20.5 -18.5   3.1 102.9  74. ] | faltou [0. 0. 0. 0. 0.] graus
[INFO] [1790816705.900926, 572.657000]: [mission] âncora solta — 2 correções de deriva
[INFO] [1790816705.902179, 572.658000]: [mission] fase "orienta" alcançada em 1 iteração(ões) (0.0061 m) — âncora corrigiu 2 vez(es)
[INFO] [1790816706.415765, 573.165000]: [mission] fase "aproxima_lateral": modo IK iterativa (YAML)
[INFO] [1790816706.418895, 573.168000]: [mission] âncora engatada (fase "aproxima_lateral")
[INFO] [1790816709.561828, 576.271000]: [mission] fase "aproxima_lateral" it0: ponta (0.288, 2.867, 0.809) erro=0.0094 | degrau eixo 6.2° | rolagem 6.4° | IK pediu [-17.8 -12.1  -0.   73.   78.8] | faltou [ 0.   1.9 -5.3  2.4  0. ] graus
[INFO] [1790816709.566955, 576.276000]: [mission] fase "aproxima_lateral" it0: no frame da parede eixo=-4.2 prof=+6.1 alt=+5.8 mm (tolerância 40/8/5)
[INFO] [1790816710.992570, 577.683000]: [mission] fase "aproxima_lateral" it1: ponta (0.292, 2.862, 0.814) erro=0.0016 | degrau eixo 6.0° | rolagem 6.3° | IK pediu [-18.5 -11.9  -0.   74.2  78.3] | faltou [-0.  -0.2 -0.4 -0.5  0. ] graus
[INFO] [1790816710.994259, 577.685000]: [mission] fase "aproxima_lateral" it1: no frame da parede eixo=-0.6 prof=+1.1 alt=+0.9 mm (tolerância 40/8/5)
[INFO] [1790816710.994997, 577.685000]: [mission] âncora solta — 1 correções de deriva
[INFO] [1790816710.995579, 577.686000]: [mission] fase "aproxima_lateral" alcançada em 2 iteração(ões) (0.0016 m) — âncora corrigiu 1 vez(es)
[INFO] [1790816711.515933, 578.189000]: [mission] fase "atravessa": modo IK iterativa (YAML)
[INFO] [1790816711.522064, 578.195000]: [mission] âncora engatada (fase "atravessa")
[INFO] [1790816713.260032, 579.902000]: [mission] fase "atravessa" it0: ponta (0.209, 2.866, 0.809) erro=0.0072 | degrau eixo 2.5° | rolagem 3.0° | IK pediu [-11.9 -13.1   0.1  77.4  84.6] | faltou [-0.3 -0.2 -0.4 -0.5 -0.6] graus
[WARN] [1790816720.233736, 586.761000]: [mission] fase "destrava": descida estagnou em 13.4 mm (mín 10 para aceitar; alvo 18) — fim de curso do mecanismo, fechando a fase
[WARN] [1790816720.443897, 586.969000]: [mission] destrava: lingueta em 9.1 mm (esperado ≥ 12) — o gatilho pode não ter soltado
[WARN] [1790816734.872447, 601.190000]: [mission] RETRACT: ponta a 0.144 m do olhal — saindo em degraus: sobe 30 mm, 120 mm pelo eixo do furo, 100 mm para fora, antes de recolher
[INFO] [1790816713.264932, 579.907000]: [mission] fase "atravessa" it0: no frame da parede eixo=-0.8 prof=+5.0 alt=+5.0 mm (tolerância 8/6/5)
[INFO] [1790816714.792664, 581.413000]: [mission] fase "atravessa" it1: ponta (0.210, 2.863, 0.811) erro=0.0041 | degrau eixo 2.4° | rolagem 2.7° | IK pediu [-12.4 -13.    0.   78.5  84.5] | faltou [ 0.  -0.2 -0.6 -0.9  0. ] graus
[INFO] [1790816714.795136, 581.415000]: [mission] fase "atravessa" it1: no frame da parede eixo=-0.4 prof=+2.4 alt=+3.2 mm (tolerância 8/6/5)
[INFO] [1790816714.796748, 581.417000]: [mission] fase "atravessa" alcançada em 2 iteração(ões) (0.0041 m)
[INFO] [1790816715.323828, 581.924000]: [mission] fase "captura": modo IK iterativa (YAML)
[INFO] [1790816715.328611, 581.929000]: [mission] âncora engatada (fase "captura")
[INFO] [1790816716.853405, 583.433000]: [mission] fase "captura" it0: ponta (0.209, 2.872, 0.790) erro=0.0088 | degrau eixo 2.3° | rolagem 2.5° | IK pediu [-11.9 -15.2  -0.1  77.7  85.5] | faltou [-0.6 -0.3 -0.3 -0.2 -0.1] graus
[INFO] [1790816716.858008, 583.437000]: [mission] fase "captura" it0: no frame da parede eixo=+6.6 prof=+3.3 alt=+4.8 mm (tolerância 40/6/10)
[INFO] [1790816716.861303, 583.441000]: [mission] fase "captura" alcançada em 1 iteração(ões) (0.0088 m)
[INFO] [1790816716.872798, 583.451000]: [mission] captura: ponta registrada em eixo=-6.6 prof=-3.3 alt=-14.8 mm (zero da descida do destrava e da deriva de eixo)
[INFO] [1790816717.381678, 583.952000]: [mission] fase "destrava": alvo em altura relativo à captura: -34.8 mm (captura -14.8 − curso 18 − margem 2)
[INFO] [1790816717.383691, 583.953000]: [mission] fase "destrava": modo whole-body/Fuzzy (YAML)
[INFO] [1790816717.590976, 584.156000]: [mission] plano de exclusão publicado: parede em [ 2.000e-03  2.999e+00 -0.000e+00], normal segura [-0. -1.  0.]
[INFO] [1790816717.897900, 584.460000]: [mission] fase "destrava": whole-body assumiu (base livre, restrita pelo plano de exclusão)
[INFO] [1790816717.899621, 584.461000]: [mission] fase "destrava": whole-body a 0.0185 m do alvo — eixo=+6.6 prof=+3.5 alt=-16.9 mm
[INFO] [1790816720.031653, 586.562000]: [mission] fase "destrava": whole-body a 0.0093 m do alvo — eixo=+6.4 prof=-4.0 alt=-5.4 mm
[INFO] [1790816720.442925, 586.968000]: [mission] destrava: ponta desceu 11.8 mm desde a captura (critério observável) | lingueta 9.1 mm (só na simulação)
[INFO] [1790816720.955355, 587.470000]: [mission] fase "libera": modo whole-body/Fuzzy (YAML)
[INFO] [1790816721.160804, 587.672000]: [mission] plano de exclusão publicado: parede em [ 2.000e-03  2.999e+00 -0.000e+00], normal segura [-0. -1.  0.]
[INFO] [1790816721.466044, 587.976000]: [mission] fase "libera": whole-body assumiu (base livre, restrita pelo plano de exclusão)
[INFO] [1790816722.068732, 588.576000]: [mission] fase "libera": whole-body a 0.0234 m do alvo — eixo=+6.4 prof=+21.4 alt=+7.2 mm
[INFO] [1790816724.206922, 590.676000]: [mission] fase "libera": whole-body a 0.0127 m do alvo — eixo=+6.3 prof=+6.1 alt=+9.3 mm
[INFO] [1790816726.326678, 592.776000]: [mission] fase "libera": whole-body a 0.0076 m do alvo — eixo=+6.4 prof=-1.5 alt=-3.9 mm
[INFO] [1790816726.526453, 592.976000]: [mission] fase "libera" alcançada por whole-body em 5.0s (0.0073 m) — no frame da parede eixo=+6.3 prof=-1.7 alt=-3.1 mm (tolerância 40/8/6)
[INFO] [1790816727.245871, 593.684000]: [mission] fase "arco1"/puxa: RECUANDO 0.022 m só com as rodas
[INFO] [1790816727.707995, 594.135000]: [mission] fase "arco1"/puxa: concluído (0.024 m)
[INFO] [1790816727.709416, 594.136000]: [mission] fase "arco1": modo whole-body/Fuzzy (YAML)
[INFO] [1790816727.913189, 594.338000]: [mission] plano de exclusão publicado: parede em [ 2.000e-03  2.999e+00 -0.000e+00], normal segura [-0. -1.  0.]
[INFO] [1790816728.218289, 594.642000]: [mission] fase "arco1": whole-body assumiu (base livre, restrita pelo plano de exclusão)
[INFO] [1790816728.419856, 594.842000]: [mission] fase "arco1": whole-body a 0.0082 m do alvo — eixo=+6.3 prof=-0.7 alt=-5.1 mm
[INFO] [1790816728.621495, 595.042000]: [mission] fase "arco1" alcançada por whole-body em 0.4s (0.0083 m) — no frame da parede eixo=+6.3 prof=-2.7 alt=-4.7 mm (tolerância 40/10/15)
[INFO] [1790816728.622547, 595.043000]: [mission] arco1: SOLTURA observável — recuo 57.8 mm desde a captura (mín 40) com deriva de eixo +0.3 mm → SOLTA
[INFO] [1790816728.827182, 595.247000]: [mission] waypoint de 15° — lâmina medida em 15.5° (abertura por CONTATO)
[INFO] [1790816729.329821, 595.748000]: [mission] fase "arco2"/puxa: RECUANDO 0.048 m só com as rodas
[INFO] [1790816730.305911, 596.699000]: [mission] fase "arco2"/puxa: concluído (0.052 m)
[INFO] [1790816730.308171, 596.701000]: [mission] fase "arco2": modo whole-body/Fuzzy (YAML)
[INFO] [1790816730.517770, 596.903000]: [mission] plano de exclusão publicado: parede em [ 2.000e-03  2.999e+00 -0.000e+00], normal segura [-0. -1.  0.]
[INFO] [1790816730.827367, 597.210000]: [mission] fase "arco2": whole-body assumiu (base livre, restrita pelo plano de exclusão)
[INFO] [1790816730.829480, 597.212000]: [mission] fase "arco2": whole-body a 0.0145 m do alvo — eixo=+6.4 prof=-0.4 alt=-13.1 mm
[INFO] [1790816731.231287, 597.611000]: [mission] fase "arco2" alcançada por whole-body em 0.4s (0.0136 m) — no frame da parede eixo=+6.4 prof=-3.8 alt=-11.4 mm (tolerância 40/10/15)
[INFO] [1790816731.440992, 597.819000]: [mission] waypoint de 30° — lâmina medida em 30.1° (abertura por CONTATO)
[INFO] [1790816731.957184, 598.321000]: [mission] fase "desengata": modo IK iterativa (YAML)
[INFO] [1790816731.964615, 598.327000]: [mission] âncora engatada (fase "desengata")
[INFO] [1790816733.945218, 600.275000]: [mission] fase "desengata" it0: ponta (0.295, 2.775, 0.746) erro=0.0095 | degrau eixo 6.1° | rolagem 6.4° | IK pediu [-18.3 -18.7  -0.   75.2  80.7] | faltou [-0.  -0.3 -0.4 -0.5  0. ] graus
[INFO] [1790816733.948307, 600.278000]: [mission] fase "desengata" alcançada em 1 iteração(ões) (0.0095 m)
[INFO] [1790816734.466575, 600.788000]: [mission] MANIPULATE concluída — chave ABERTA, lâmina medida em 30.7°
[INFO] [1790816734.467352, 600.789000]: State machine transitioning 'MANIPULATE':'done'-->'RETRACT'
[INFO] [1790816734.876324, 601.194000]: [mission] âncora engatada (fase "saida_sobe")
[INFO] [1790816736.409893, 602.697000]: [mission] fase "saida_sobe" it0: ponta (0.299, 2.782, 0.770) erro=0.0088 | degrau eixo 6.2° | rolagem 6.4° | IK pediu [-18.3 -15.9   0.   73.2  80.2] | faltou [ 0.  -0.6 -0.3 -0.   0.1] graus
[INFO] [1790816736.416110, 602.703000]: [mission] fase "saida_sobe" it0: no frame da parede eixo=+2.0 prof=+5.8 alt=+6.4 mm (tolerância 30/20/10)
[INFO] [1790816736.419011, 602.707000]: [mission] fase "saida_sobe" alcançada em 1 iteração(ões) (0.0088 m)
[INFO] [1790816736.426041, 602.714000]: [mission] âncora engatada (fase "saida_eixo")
[INFO] [1790816738.350018, 604.620000]: [mission] fase "saida_eixo" it0: ponta (0.418, 2.782, 0.769) erro=0.0101 | degrau eixo 13.0° | rolagem 13.6° | IK pediu [-27.3 -13.4   0.   64.1  73.5] | faltou [ 0.2 -0.3 -0.4 -0.6 -0. ] graus
[INFO] [1790816738.353237, 604.623000]: [mission] fase "saida_eixo" it0: no frame da parede eixo=+1.6 prof=+6.2 alt=+7.8 mm (tolerância 20/20/15)
[INFO] [1790816738.354731, 604.625000]: [mission] fase "saida_eixo" alcançada em 1 iteração(ões) (0.0101 m)
[INFO] [1790816738.360227, 604.630000]: [mission] âncora engatada (fase "saida_fora")
[INFO] [1790816741.327068, 607.544000]: [mission] fase "saida_fora" it0: ponta (0.417, 2.681, 0.773) erro=0.0063 | degrau eixo 8.1° | rolagem 9.2° | IK pediu [-30.5 -19.6   0.   89.6  67.1] | faltou [ 0.1  0.  -0.9 -1.6  0. ] graus
[INFO] [1790816741.331415, 607.548000]: [mission] fase "saida_fora" it0: no frame da parede eixo=+0.8 prof=+5.1 alt=+3.6 mm (tolerância 30/20/20)
[INFO] [1790816741.334008, 607.551000]: [mission] âncora solta — 1 correções de deriva
[INFO] [1790816741.336301, 607.554000]: [mission] fase "saida_fora" alcançada em 1 iteração(ões) (0.0063 m) — âncora corrigiu 1 vez(es)
[INFO] [1790816741.338308, 607.555000]: [mission] RETRACT/afasta: RECUANDO 0.250 m só com as rodas
[INFO] [1790816745.822361, 611.957000]: [mission] RETRACT/afasta: concluído (0.252 m)
[INFO] [1790816745.825680, 611.960000]: [mission] postura "stow_home" comandada: [0.0, 1.13, -1.04, -1.8, 0.0]
[INFO] [1790816757.262021, 623.164000]: State machine transitioning 'RETRACT':'ok'-->'RETURN'
[INFO] [1790816757.263986, 623.166000]: [mission] RETURN — voltando a (0.01, 1.00, -0.02 rad)
[INFO] [1790816771.515410, 637.167000]: [mission] RETURN: alinhado, avançando (1.12 m)
[INFO] [1790816771.566463, 637.217000]: [mission] teto por postura ativo no drive: v<=0.23 w<=0.50 rampa 0.51/1.51
[INFO] [1790816780.128058, 645.667000]: [mission] RETURN: chegou, ajustando heading final
[INFO] [1790816780.177473, 645.717000]: [mission] teto por postura ativo no drive: v<=0.22 w<=0.50 rampa 0.51/1.52
[INFO] [1790816786.622987, 652.067000]: [mission] RETURN: concluído
[INFO] [1790816786.624818, 652.069000]: State machine terminating 'RETURN':'home':'MISSION_OK'
[INFO] [1790816786.627490, 652.072000]: [mission] resultado: MISSION_OK
... logging to /home/marco/.ros/log/c4528f1c-bd32-11f1-ade7-b025aa85b2a2/roslaunch-shiroi-2314667.log
Checking log directory for disk usage. This may take a while.
Press Ctrl-C to interrupt
]2;/home/marco/b166er/src/b166er_whole_body_control/launch/chave_mission.launch
[1mstarted roslaunch server http://shiroi:45549/[0m

SUMMARY
========

PARAMETERS
 * /chave_mission/estado_final: 
 * /chave_mission/estado_inicial: STOW_INIT
 * /chave_mission/pausa_por_fase: False
 * /chave_mission/search_omega: 0.35
 * /chave_mission/standoff_distance: 0.62
 * /chave_mission/use_wholebody: False
 * /chave_seccionadora_task/aproxima_lateral/modo: ik
 * /chave_seccionadora_task/aproxima_lateral/offset_xyz_m: [-0.09, 0.008, 0.01]
 * /chave_seccionadora_task/aproxima_lateral/tol_xyz_m: [0.04, 0.008, 0.005]
 * /chave_seccionadora_task/arco1/blade_angle_deg: 15
 * /chave_seccionadora_task/arco1/deriva_eixo_max_m: 0.015
 * /chave_seccionadora_task/arco1/modo: wb
 * /chave_seccionadora_task/arco1/offset_xyz_m: [0.0, 0.0518, -0....
 * /chave_seccionadora_task/arco1/soltura_recuo_min_m: 0.04
 * /chave_seccionadora_task/arco1/tol_xyz_m: [0.04, 0.01, 0.015]
 * /chave_seccionadora_task/arco2/blade_angle_deg: 30
 * /chave_seccionadora_task/arco2/deriva_eixo_max_m: 0.015
 * /chave_seccionadora_task/arco2/modo: wb
 * /chave_seccionadora_task/arco2/offset_xyz_m: [0.0, 0.1, -0.0518]
 * /chave_seccionadora_task/arco2/tol_xyz_m: [0.04, 0.01, 0.015]
 * /chave_seccionadora_task/atravessa/modo: ik
 * /chave_seccionadora_task/atravessa/offset_xyz_m: [-0.008, 0.008, 0...
 * /chave_seccionadora_task/atravessa/tol_xyz_m: [0.008, 0.006, 0....
 * /chave_seccionadora_task/captura/modo: ik
 * /chave_seccionadora_task/captura/offset_xyz_m: [0.0, 0.0, -0.01]
 * /chave_seccionadora_task/captura/tol_xyz_m: [0.04, 0.006, 0.01]
 * /chave_seccionadora_task/desengata/modo: ik
 * /chave_seccionadora_task/desengata/offset_xyz_m: [-0.09, 0.1, -0.0...
 * /chave_seccionadora_task/destrava/curso_estagna_m: 0.01
 * /chave_seccionadora_task/destrava/curso_margem_m: 0.002
 * /chave_seccionadora_task/destrava/curso_min_m: 0.018
 * /chave_seccionadora_task/destrava/modo: wb
 * /chave_seccionadora_task/destrava/offset_xyz_m: [0.0, 0.0, -0.025]
 * /chave_seccionadora_task/destrava/tol_xyz_m: [0.04, 0.006, 0.004]
 * /chave_seccionadora_task/libera/deriva_eixo_max_m: 0.015
 * /chave_seccionadora_task/libera/modo: wb
 * /chave_seccionadora_task/libera/offset_xyz_m: [0.0, 0.03, -0.025]
 * /chave_seccionadora_task/libera/tol_xyz_m: [0.04, 0.008, 0.006]
 * /chave_seccionadora_task/orienta/modo: ik
 * /chave_seccionadora_task/orienta/offset_xyz_m: [-0.09, 0.15, 0.0...
 * /chave_seccionadora_task/reassenta_sobe/tol_xyz_m: [0.03, 0.02, 0.005]
 * /chave_seccionadora_task/saida_eixo/tol_xyz_m: [0.02, 0.02, 0.015]
 * /chave_seccionadora_task/saida_fora/tol_xyz_m: [0.03, 0.02, 0.02]
 * /chave_seccionadora_task/saida_sobe/tol_xyz_m: [0.03, 0.02, 0.01]
 * /chave_seccionadora_task/target_frame: chave_olhal_link
 * /fuzzy_wb_controller/fixed_gains: []
 * /rosdistro: noetic
 * /rosversion: 1.17.4

NODES
  /
    chave_mission (b166er_whole_body_control/chave_mission.py)

[1mROS_MASTER_URI=http://localhost:11311[0m
]2;/home/marco/b166er/src/b166er_whole_body_control/launch/chave_mission.launch http://localhost:11311
[1mprocess[chave_mission-1]: started with pid [2314711][0m
[1m[chave_mission-1] process has finished cleanly
log file: /home/marco/.ros/log/c4528f1c-bd32-11f1-ade7-b025aa85b2a2/chave_mission-1*.log[0m
all processes on machine have died, roslaunch will exit
shutting down processing monitor...
... shutting down processing monitor complete
[1mdone[0m
