[31mWARNING: disk usage in log directory [/home/marco/.ros/log] is over 1GB.
It's recommended that you use the 'rosclean' command.[0m
the rosdep view is empty: call 'sudo rosdep init' and 'rosdep update'
[WARN] [1790803769.577932, 511.139000]: [mission] SEARCH: 1 de 25 amostras descartadas como outlier (>0.15 m ou >0.20 rad da mediana)
[INFO] [1790803746.710971, 488.510000]: garra_dx = 0.000 m (fechada)
[INFO] [1790803746.741263, 488.541000]: State machine starting in initial state 'STOW_INIT' with userdata: 
	[]
[INFO] [1790803747.043118, 488.841000]: [mission] pose de partida registrada: (0.01, 1.00, -0.00 rad)
[INFO] [1790803747.047079, 488.844000]: [mission] postura "stow_home" comandada: [0.0, 1.13, -1.04, -1.8, 0.0]
[INFO] [1790803747.148387, 488.946000]: State machine transitioning 'STOW_INIT':'ok'-->'SEARCH'
[INFO] [1790803747.150166, 488.947000]: [mission] postura "search" comandada: [0.0, 1.0, -1.0, 0.0, 0.0]
[INFO] [1790803753.209475, 494.949000]: [mission] SEARCH — girando à procura da tag...
[INFO] [1790803753.212905, 494.952000]: [mission] SEARCH: amostra quando a tag estiver a raio 0.35-0.50 do quadro (vista oblíqua; omega fina 0.15 rad/s)
[INFO] [1790803754.631773, 496.354000]: [mission] SEARCH: tag a raio 0.94 — girando até <= 0.50
[INFO] [1790803760.536979, 502.206000]: [mission] SEARCH: tag a raio 0.50 — parando
[INFO] [1790803760.539370, 502.208000]: [mission] tag avistada — parando para medir
[INFO] [1790803761.554812, 503.216000]: [mission] âncora engatada (coleta do SEARCH)
[INFO] [1790803761.557014, 503.218000]: [mission] SEARCH: coleta com dither ±0.05 rad/s (período 3.0 s)
[INFO] [1790803769.563246, 511.125000]: [mission] âncora solta — 12 correções de deriva
[INFO] [1790803769.565041, 511.127000]: [mission] SEARCH: âncora corrigiu a deriva 12 vez(es) durante a coleta
[INFO] [1790803769.579958, 511.142000]: [mission] SEARCH: 24 amostras — parede (0.025, 3.097, -0.002) yaw=2.895
[INFO] [1790803769.580968, 511.143000]: [mission] parede localizada em (0.025, 3.097, -0.002)
[INFO] [1790803769.585835, 511.148000]: State machine transitioning 'SEARCH':'found'-->'APPROACH'
[INFO] [1790803769.587074, 511.149000]: [mission] APPROACH etapa 1/2 — 1.30 m do olhal, alvo (-0.13, 1.66, 1.32 rad)
[INFO] [1790803769.588940, 511.151000]: [mission] teto por postura ativo no drive: v<=0.17 w<=0.50 rampa 0.45/1.52
[INFO] [1790803773.590629, 515.101000]: [mission] APPROACH: alinhado, avançando (0.80 m)
[INFO] [1790803780.010270, 521.451000]: [mission] APPROACH: chegou, ajustando heading final
[INFO] [1790803780.060538, 521.501000]: [mission] teto por postura ativo no drive: v<=0.17 w<=0.50 rampa 0.45/1.52
[INFO] [1790803782.593705, 524.001000]: [mission] APPROACH: concluído
[INFO] [1790803783.617804, 525.007000]: [mission] âncora engatada (coleta do APPROACH/remedida)
[INFO] [1790803783.619761, 525.009000]: [mission] APPROACH/remedida: coleta com dither ±0.05 rad/s (período 3.0 s)
[INFO] [1790803784.763105, 526.140000]: [mission] âncora solta — 1 correções de deriva
[INFO] [1790803784.765377, 526.142000]: [mission] APPROACH/remedida: âncora corrigiu a deriva 1 vez(es) durante a coleta
[INFO] [1790803784.766926, 526.143000]: [mission] APPROACH/remedida: 10 amostras — parede (0.002, 2.985, -0.002) yaw=-3.102
[INFO] [1790803784.767995, 526.145000]: [mission] APPROACH etapa 2/2 — 0.88 m do olhal, alvo (0.41, 1.99, 1.61 rad)
[INFO] [1790803788.562670, 529.896000]: [mission] APPROACH: alinhado, avançando (0.75 m)
[INFO] [1790803788.613019, 529.946000]: [mission] teto por postura ativo no drive: v<=0.17 w<=0.50 rampa 0.45/1.52
[INFO] [1790803794.833292, 536.096000]: [mission] APPROACH: chegou, ajustando heading final
[INFO] [1790803794.883529, 536.146000]: [mission] teto por postura ativo no drive: v<=0.17 w<=0.50 rampa 0.45/1.52
[INFO] [1790803800.095224, 541.298000]: [mission] APPROACH: concluído
[INFO] [1790803800.103913, 541.306000]: State machine transitioning 'APPROACH':'arrived'-->'REFINE'
[INFO] [1790803800.106055, 541.308000]: [mission] REFINE — remedindo a parede de perto (10 amostras)
[INFO] [1790803800.111656, 541.314000]: [mission] âncora engatada (coleta do REFINE)
[INFO] [1790803800.113096, 541.315000]: [mission] REFINE: coleta com dither ±0.05 rad/s (período 3.0 s)
[INFO] [1790803801.255819, 542.444000]: [mission] âncora solta — 2 correções de deriva
[INFO] [1790803801.257302, 542.446000]: [mission] REFINE: âncora corrigiu a deriva 2 vez(es) durante a coleta
[INFO] [1790803801.259258, 542.448000]: [mission] REFINE: 10 amostras — parede (-0.001, 3.002, -0.002) yaw=-3.131
[INFO] [1790803801.260688, 542.449000]: [mission] REFINE: deslocou 0.018 m da estimativa anterior
[INFO] [1790803801.262329, 542.451000]: [mission] olhal estimado em (0.201, 2.874, 0.803)
[INFO] [1790803801.268164, 542.457000]: State machine transitioning 'REFINE':'ok'-->'DEPLOY'
[INFO] [1790803801.270402, 542.459000]: [mission] DEPLOY: IK resolvida para a POSE DE MANIPULAÇÃO (0.21, 2.25, 1.58 rad), não para a atual
[INFO] [1790803806.292451, 546.693000]: [mission] DEPLOY: IK nivelada 0.0714 m, só eixo 0.0013 m — a MISSÃO INTEIRA usa "eixo"
[INFO] [1790803806.294435, 547.457000]: [mission] DEPLOY: IK da ponta resolvida (resíduo 0.0013 m, degrau 0.4°) — pré-posicionando em [-10.9 -46.8  60.   78.7  79.1] graus
[INFO] [1790803813.265956, 554.358000]: [mission] plano de exclusão publicado: parede em [-1.000e-03  3.002e+00 -2.000e-03], normal segura [ 0.011 -1.     0.   ]
[INFO] [1790803813.480701, 554.571000]: [mission] teto por postura ativo no drive: v<=0.23 w<=0.50 rampa 0.52/1.64
[INFO] [1790803817.448040, 558.470000]: [mission] DEPLOY/aproxima: alinhado, avançando (0.46 m)
[INFO] [1790803822.152240, 563.120000]: [mission] DEPLOY/aproxima: chegou, ajustando heading final
[INFO] [1790803827.685905, 568.570000]: [mission] DEPLOY/aproxima: concluído
[INFO] [1790803827.687455, 568.572000]: State machine transitioning 'DEPLOY':'ok'-->'MANIPULATE'
[INFO] [1790803827.688859, 568.573000]: [mission] fase "orienta": modo IK iterativa (YAML)
[INFO] [1790803827.692149, 568.576000]: [mission] âncora engatada (fase "orienta")
[INFO] [1790803830.031872, 570.881000]: [mission] fase "orienta" it0: ponta (0.292, 2.729, 0.810) erro=0.0037 | degrau eixo 0.1° | rolagem 0.1° | IK pediu [-21.  -37.2  42.2  84.6  73.8] | faltou [0. 0. 0. 0. 0.] graus
[INFO] [1790803830.034337, 570.884000]: [mission] fase "orienta" alcançada em 1 iteração(ões) (0.0037 m)
[INFO] [1790803830.551991, 571.389000]: [mission] fase "aproxima_lateral": modo IK iterativa (YAML)
[INFO] [1790803830.557852, 571.394000]: [mission] âncora engatada (fase "aproxima_lateral")
[INFO] [1790803834.464159, 575.243000]: [mission] fase "aproxima_lateral" it0: ponta (0.288, 2.873, 0.809) erro=0.0074 | degrau eixo 4.5° | rolagem 4.7° | IK pediu [-17.7 -14.6   0.   83.8  78.1] | faltou [ 0.  -0.4 -0.3 -0.2  0. ] graus
[INFO] [1790803834.466505, 575.246000]: [mission] fase "aproxima_lateral" it0: no frame da parede eixo=-3.0 prof=+5.3 alt=+4.1 mm (tolerância 40/8/5)
[INFO] [1790803834.467745, 575.247000]: [mission] âncora solta — 1 correções de deriva
[INFO] [1790803834.468679, 575.248000]: [mission] fase "aproxima_lateral" alcançada em 1 iteração(ões) (0.0074 m) — âncora corrigiu 1 vez(es)
[INFO] [1790803834.978652, 575.752000]: [mission] fase "atravessa": modo IK iterativa (YAML)
[INFO] [1790803834.984056, 575.757000]: [mission] âncora engatada (fase "atravessa")
[INFO] [1790803836.749138, 577.503000]: [mission] fase "atravessa" it0: ponta (0.209, 2.871, 0.809) erro=0.0054 | degrau eixo 1.7° | rolagem 2.0° | IK pediu [-10.9 -15.3   0.2  87.3  84.7] | faltou [-0.4 -0.2 -0.3 -0.5 -0.7] graus
[INFO] [1790803836.751637, 577.506000]: [mission] fase "atravessa" it0: no frame da parede eixo=+0.2 prof=+4.0 alt=+3.5 mm (tolerância 8/6/5)
[INFO] [1790803836.753085, 577.507000]: [mission] fase "atravessa" alcançada em 1 iteração(ões) (0.0054 m)
[INFO] [1790803837.268161, 578.013000]: [mission] fase "captura": modo IK iterativa (YAML)
[INFO] [1790803837.271462, 578.016000]: [mission] âncora engatada (fase "captura")
[INFO] [1790803838.838533, 579.563000]: [mission] fase "captura" it0: ponta (0.209, 2.872, 0.796) erro=0.0089 | degrau eixo 1.6° | rolagem 1.7° | IK pediu [-10.5 -17.4  -0.1  87.5  85.5] | faltou [-0.8  0.6 -0.2  0.2 -0.3] graus
[INFO] [1790803838.843194, 579.568000]: [mission] fase "captura" it0: no frame da parede eixo=+7.8 prof=-2.7 alt=-3.2 mm (tolerância 40/6/10)
[ERROR] [1790803857.872090, 598.400000]: [mission] fase "libera": ferramenta PERDEU O OLHAL — ponta derivou -16.5 mm ao longo do eixo da chave desde a captura (máx 15); o anel não anda nesse eixo
[WARN] [1790803858.083716, 598.611000]: [mission] ABORT — parando base e recolhendo braço
[WARN] [1790803858.493871, 599.012000]: [mission] ABORT: ponta a 0.039 m do olhal — saindo em degraus: sobe 30 mm, 120 mm pelo eixo do furo, 100 mm para fora, antes de recolher
[WARN] [1790803882.703679, 622.921000]: [mission] ABORT — voltando à pose de partida (0.01, 1.00, -0.00 rad)
[INFO] [1790803838.844896, 579.571000]: [mission] fase "captura" alcançada em 1 iteração(ões) (0.0089 m)
[INFO] [1790803838.853624, 579.579000]: [mission] captura: ponta registrada em eixo=-7.8 prof=+2.7 alt=-6.8 mm (zero da descida do destrava e da deriva de eixo)
[INFO] [1790803839.393225, 580.081000]: [mission] fase "destrava": alvo em altura relativo à captura: -26.8 mm (captura -6.8 − curso 18 − margem 2)
[INFO] [1790803839.394835, 580.082000]: [mission] fase "destrava": modo whole-body/Fuzzy (YAML)
[INFO] [1790803839.597911, 580.285000]: [mission] plano de exclusão publicado: parede em [-1.000e-03  3.002e+00 -2.000e-03], normal segura [ 0.011 -1.     0.   ]
[INFO] [1790803839.900168, 580.588000]: [mission] fase "destrava": whole-body assumiu (base livre, restrita pelo plano de exclusão)
[INFO] [1790803839.901492, 580.589000]: [mission] fase "destrava": whole-body a 0.0205 m do alvo — eixo=+7.8 prof=-3.0 alt=-18.8 mm
[INFO] [1790803842.019367, 582.688000]: [mission] fase "destrava": whole-body a 0.0164 m do alvo — eixo=+7.6 prof=-6.1 alt=-13.2 mm
[INFO] [1790803844.135263, 584.788000]: [mission] fase "destrava": whole-body a 0.0183 m do alvo — eixo=+7.5 prof=-8.1 alt=-14.6 mm
[INFO] [1790803846.257776, 586.888000]: [mission] fase "destrava": whole-body a 0.0187 m do alvo — eixo=+7.5 prof=-11.1 alt=-13.0 mm
[INFO] [1790803848.375492, 588.988000]: [mission] fase "destrava": whole-body a 0.0185 m do alvo — eixo=+7.4 prof=-14.0 alt=-9.6 mm
[INFO] [1790803850.498150, 591.088000]: [mission] fase "destrava": whole-body a 0.0193 m do alvo — eixo=+7.4 prof=-17.7 alt=-2.6 mm
[INFO] [1790803852.517849, 593.089000]: [mission] fase "destrava": whole-body a 0.0216 m do alvo — eixo=+13.8 prof=-16.5 alt=-2.7 mm
[INFO] [1790803854.634035, 595.188000]: [mission] fase "destrava": whole-body a 0.0215 m do alvo — eixo=+19.0 prof=-6.6 alt=+7.6 mm
[INFO] [1790803855.947402, 596.488000]: [mission] fase "destrava" alcançada por whole-body em 15.9s (0.0228 m) — no frame da parede eixo=+20.0 prof=-5.9 alt=+9.3 mm (tolerância 40/6/4)
[INFO] [1790803856.153795, 596.693000]: [mission] destrava: ponta desceu 29.5 mm desde a captura (critério observável) | lingueta 19.1 mm (só na simulação)
[INFO] [1790803856.154644, 596.694000]: [mission] destrava: lingueta em 19.1 mm — gatilho solto
[INFO] [1790803856.659385, 597.195000]: [mission] fase "libera": modo whole-body/Fuzzy (YAML)
[INFO] [1790803856.862734, 597.396000]: [mission] plano de exclusão publicado: parede em [-1.000e-03  3.002e+00 -2.000e-03], normal segura [ 0.011 -1.     0.   ]
[INFO] [1790803857.167063, 597.699000]: [mission] fase "libera": whole-body assumiu (base livre, restrita pelo plano de exclusão)
[INFO] [1790803857.168753, 597.700000]: [mission] fase "libera": whole-body a 0.0343 m do alvo — eixo=+22.0 prof=+25.1 alt=+8.1 mm
[INFO] [1790803858.075967, 598.603000]: [mission] plano de exclusão publicado: parede em [-1.000e-03  3.002e+00 -2.000e-03], normal segura [ 0.011 -1.     0.   ]
[INFO] [1790803858.082433, 598.610000]: State machine transitioning 'MANIPULATE':'failed'-->'ABORT_SAFE'
[INFO] [1790803858.498929, 599.017000]: [mission] âncora engatada (fase "saida_sobe")
[INFO] [1790803860.931795, 601.422000]: [mission] fase "saida_sobe" it0: ponta (0.232, 2.883, 0.801) erro=0.0088 | degrau eixo 0.7° | rolagem 0.8° | IK pediu [  0.5 -18.6   1.2 100.1  84.2] | faltou [-0.  -0.3 -0.2 -0.1 -0. ] graus
[INFO] [1790803860.935533, 601.426000]: [mission] fase "saida_sobe" it0: no frame da parede eixo=+4.6 prof=+6.5 alt=+3.8 mm (tolerância 30/20/10)
[INFO] [1790803860.937556, 601.428000]: [mission] fase "saida_sobe" alcançada em 1 iteração(ões) (0.0088 m)
[INFO] [1790803860.941819, 601.432000]: [mission] âncora engatada (fase "saida_eixo")
[INFO] [1790803862.989921, 603.464000]: [mission] fase "saida_eixo" it0: ponta (0.351, 2.881, 0.802) erro=0.0050 | degrau eixo 3.3° | rolagem 3.4° | IK pediu [-10.5 -17.5  -0.   96.5  72.9] | faltou [-0.  -0.2 -0.2 -0.2  0. ] graus
[INFO] [1790803862.992402, 603.467000]: [mission] fase "saida_eixo" it0: no frame da parede eixo=+3.1 prof=+3.2 alt=+2.3 mm (tolerância 20/20/15)
[INFO] [1790803862.994472, 603.469000]: [mission] fase "saida_eixo" alcançada em 1 iteração(ões) (0.0050 m)
[INFO] [1790803862.999775, 603.474000]: [mission] âncora engatada (fase "saida_fora")
[INFO] [1790803867.126602, 607.557000]: [mission] fase "saida_fora" it0: ponta (0.349, 2.778, 0.805) erro=0.0010 | degrau eixo 0.1° | rolagem 0.1° | IK pediu [-13.7 -40.8  47.3  83.9  69.1] | faltou [0. 0. 0. 0. 0.] graus
[INFO] [1790803867.130455, 607.562000]: [mission] fase "saida_fora" it0: no frame da parede eixo=+0.6 prof=+0.7 alt=-0.4 mm (tolerância 30/20/20)
[INFO] [1790803867.132012, 607.563000]: [mission] âncora solta — 1 correções de deriva
[INFO] [1790803867.134095, 607.565000]: [mission] fase "saida_fora" alcançada em 1 iteração(ões) (0.0010 m) — âncora corrigiu 1 vez(es)
[INFO] [1790803867.136324, 607.567000]: [mission] ABORT/afasta: RECUANDO 0.250 m só com as rodas
[INFO] [1790803871.636489, 612.020000]: [mission] ABORT/afasta: concluído (0.251 m)
[INFO] [1790803871.637490, 612.021000]: [mission] postura "stow_home" comandada: [0.0, 1.13, -1.04, -1.8, 0.0]
[INFO] [1790803898.441659, 638.473000]: [mission] ABORT/retorno: alinhado, avançando (1.25 m)
[INFO] [1790803898.492796, 638.523000]: [mission] teto por postura ativo no drive: v<=0.23 w<=0.50 rampa 0.51/1.51
[INFO] [1790803907.968159, 647.873000]: [mission] ABORT/retorno: chegou, ajustando heading final
[INFO] [1790803908.019077, 647.923000]: [mission] teto por postura ativo no drive: v<=0.23 w<=0.50 rampa 0.51/1.52
[INFO] [1790803915.293929, 655.123000]: [mission] ABORT/retorno: concluído
[INFO] [1790803915.296218, 655.126000]: State machine terminating 'ABORT_SAFE':'aborted':'MISSION_ABORTED'
[INFO] [1790803915.297303, 655.127000]: [mission] resultado: MISSION_ABORTED
... logging to /home/marco/.ros/log/cc1c093a-bd14-11f1-87aa-b025aa85b2a2/roslaunch-shiroi-2242336.log
Checking log directory for disk usage. This may take a while.
Press Ctrl-C to interrupt
]2;/home/marco/b166er/src/b166er_whole_body_control/launch/chave_mission.launch
[1mstarted roslaunch server http://shiroi:46745/[0m

SUMMARY
========

PARAMETERS
 * /chave_mission/estado_final: 
 * /chave_mission/estado_inicial: STOW_INIT
 * /chave_mission/pausa_por_fase: False
 * /chave_mission/search_omega: 0.35
 * /chave_mission/standoff_distance: 0.62
 * /chave_mission/use_wholebody: False
 * /chave_seccionadora_task/aproxima_lateral/modo: ik
 * /chave_seccionadora_task/aproxima_lateral/offset_xyz_m: [-0.09, 0.008, 0.01]
 * /chave_seccionadora_task/aproxima_lateral/tol_xyz_m: [0.04, 0.008, 0.005]
 * /chave_seccionadora_task/arco1/blade_angle_deg: 15
 * /chave_seccionadora_task/arco1/deriva_eixo_max_m: 0.015
 * /chave_seccionadora_task/arco1/modo: wb
 * /chave_seccionadora_task/arco1/offset_xyz_m: [0.0, 0.0518, -0....
 * /chave_seccionadora_task/arco1/soltura_recuo_min_m: 0.04
 * /chave_seccionadora_task/arco1/tol_xyz_m: [0.04, 0.01, 0.015]
 * /chave_seccionadora_task/arco2/blade_angle_deg: 30
 * /chave_seccionadora_task/arco2/deriva_eixo_max_m: 0.015
 * /chave_seccionadora_task/arco2/modo: wb
 * /chave_seccionadora_task/arco2/offset_xyz_m: [0.0, 0.1, -0.0518]
 * /chave_seccionadora_task/arco2/tol_xyz_m: [0.04, 0.01, 0.015]
 * /chave_seccionadora_task/atravessa/modo: ik
 * /chave_seccionadora_task/atravessa/offset_xyz_m: [-0.008, 0.008, 0...
 * /chave_seccionadora_task/atravessa/tol_xyz_m: [0.008, 0.006, 0....
 * /chave_seccionadora_task/captura/modo: ik
 * /chave_seccionadora_task/captura/offset_xyz_m: [0.0, 0.0, -0.01]
 * /chave_seccionadora_task/captura/tol_xyz_m: [0.04, 0.006, 0.01]
 * /chave_seccionadora_task/desengata/modo: ik
 * /chave_seccionadora_task/desengata/offset_xyz_m: [-0.09, 0.1, -0.0...
 * /chave_seccionadora_task/destrava/curso_estagna_m: 0.01
 * /chave_seccionadora_task/destrava/curso_margem_m: 0.002
 * /chave_seccionadora_task/destrava/curso_min_m: 0.018
 * /chave_seccionadora_task/destrava/modo: wb
 * /chave_seccionadora_task/destrava/offset_xyz_m: [0.0, 0.0, -0.025]
 * /chave_seccionadora_task/destrava/tol_xyz_m: [0.04, 0.006, 0.004]
 * /chave_seccionadora_task/libera/deriva_eixo_max_m: 0.015
 * /chave_seccionadora_task/libera/modo: wb
 * /chave_seccionadora_task/libera/offset_xyz_m: [0.0, 0.03, -0.025]
 * /chave_seccionadora_task/libera/tol_xyz_m: [0.04, 0.008, 0.006]
 * /chave_seccionadora_task/orienta/modo: ik
 * /chave_seccionadora_task/orienta/offset_xyz_m: [-0.09, 0.15, 0.0...
 * /chave_seccionadora_task/reassenta_sobe/tol_xyz_m: [0.03, 0.02, 0.005]
 * /chave_seccionadora_task/saida_eixo/tol_xyz_m: [0.02, 0.02, 0.015]
 * /chave_seccionadora_task/saida_fora/tol_xyz_m: [0.03, 0.02, 0.02]
 * /chave_seccionadora_task/saida_sobe/tol_xyz_m: [0.03, 0.02, 0.01]
 * /chave_seccionadora_task/target_frame: chave_olhal_link
 * /fuzzy_wb_controller/fixed_gains: []
 * /rosdistro: noetic
 * /rosversion: 1.17.4

NODES
  /
    chave_mission (b166er_whole_body_control/chave_mission.py)

[1mROS_MASTER_URI=http://localhost:11311[0m
]2;/home/marco/b166er/src/b166er_whole_body_control/launch/chave_mission.launch http://localhost:11311
[1mprocess[chave_mission-1]: started with pid [2242380][0m
[1m[chave_mission-1] process has finished cleanly
log file: /home/marco/.ros/log/cc1c093a-bd14-11f1-87aa-b025aa85b2a2/chave_mission-1*.log[0m
all processes on machine have died, roslaunch will exit
shutting down processing monitor...
... shutting down processing monitor complete
[1mdone[0m
