[31mWARNING: disk usage in log directory [/home/marco/.ros/log] is over 1GB.
It's recommended that you use the 'rosclean' command.[0m
the rosdep view is empty: call 'sudo rosdep init' and 'rosdep update'
[WARN] [1791465048.004170, 777.033000]: [mission] SEARCH: ajuste não convergiu em 8s (raio 0.55) — amostrando assim mesmo
[WARN] [1791465055.906559, 784.830000]: [mission] SEARCH: 4 de 25 amostras descartadas como outlier (>0.15 m ou >0.20 rad da mediana)
[WARN] [1791465055.962218, 784.887000]: [mission] SEARCH: laser discorda demais da tag (profundidade -3 mm, yaw -11.5°) — parede fica pela tag
[INFO] [1791465025.290602, 0.000000]: garra_dx = 0.000 m (fechada)
[INFO] [1791465025.366072, 754.714000]: State machine starting in initial state 'HOME' with userdata: 
	[]
[INFO] [1791465025.568863, 754.915000]: [mission] pose de partida registrada: (0.00, 1.00, -0.01 rad)
[INFO] [1791465025.572944, 754.918000]: [mission] HOME: homing pelos fins de curso (J4, J3, J2)
[INFO] [1791465027.495511, 756.820000]: [mission] HOME: braço nos fins de curso — partindo daqui para o SEARCH
[INFO] [1791465027.498988, 756.823000]: State machine transitioning 'HOME':'ok'-->'SEARCH'
[INFO] [1791465027.502131, 756.826000]: [mission] postura "search" comandada: [0.0, 1.0, -1.0, 0.0, 0.0]
[INFO] [1791465038.075901, 767.229000]: [mission] SEARCH — girando à procura da tag...
[INFO] [1791465038.077128, 767.230000]: [mission] SEARCH: amostra quando a tag estiver a raio 0.35-0.50 do quadro (vista oblíqua; omega fina 0.15 rad/s)
[INFO] [1791465039.847041, 768.981000]: [mission] SEARCH: tag a raio 0.97 — girando até <= 0.50
[INFO] [1791465048.006361, 777.035000]: [mission] tag avistada — parando para medir
[INFO] [1791465049.020500, 778.040000]: [mission] âncora engatada (coleta do SEARCH)
[INFO] [1791465049.021761, 778.041000]: [mission] SEARCH: coleta com dither ±0.05 rad/s (período 3.0 s)
[INFO] [1791465055.885751, 784.811000]: [mission] âncora solta — 5 correções de deriva
[INFO] [1791465055.887420, 784.813000]: [mission] SEARCH: âncora corrigiu a deriva 5 vez(es) durante a coleta
[INFO] [1791465055.908712, 784.833000]: [mission] SEARCH: 21 amostras — parede (0.009, 2.997, -0.008) yaw=-2.937
[INFO] [1791465055.964404, 784.889000]: [mission] parede localizada em (0.009, 2.997, -0.008)
[INFO] [1791465055.971817, 784.896000]: State machine transitioning 'SEARCH':'found'-->'APPROACH'
[INFO] [1791465055.974334, 784.898000]: [mission] APPROACH etapa 1/2 — 1.30 m do olhal, alvo (0.50, 1.64, 1.78 rad)
[INFO] [1791465056.831986, 785.750000]: [mission] APPROACH: alinhado, avançando (0.83 m)
[INFO] [1791465056.883399, 785.800000]: [mission] teto por postura ativo no drive: v<=0.18 w<=0.50 rampa 0.46/1.51
[INFO] [1791465063.619474, 792.450000]: [mission] APPROACH: chegou, ajustando heading final
[INFO] [1791465063.670629, 792.500000]: [mission] teto por postura ativo no drive: v<=0.18 w<=0.50 rampa 0.45/1.52
[INFO] [1791465065.738754, 794.550000]: [mission] APPROACH: concluído
[INFO] [1791465066.751435, 795.555000]: [mission] âncora engatada (coleta do APPROACH/remedida)
[INFO] [1791465066.753457, 795.557000]: [mission] APPROACH/remedida: coleta com dither ±0.05 rad/s (período 3.0 s)
[INFO] [1791465067.904842, 796.696000]: [mission] âncora solta — 1 correções de deriva
[INFO] [1791465067.908350, 796.699000]: [mission] APPROACH/remedida: âncora corrigiu a deriva 1 vez(es) durante a coleta
[INFO] [1791465067.912681, 796.702000]: [mission] APPROACH/remedida: 10 amostras — parede (0.002, 3.011, -0.001) yaw=3.107
[INFO] [1791465067.966583, 796.756000]: [mission] APPROACH/remedida: parede pelo LASER — 74 pontos, resíduo 5.0 mm: profundidade +10.9 mm e yaw +2.07° em relação à tag → parede (0.002, 3.000, -0.001) yaw=-3.140
[INFO] [1791465067.967701, 796.757000]: [mission] APPROACH etapa 2/2 — 0.88 m do olhal, alvo (0.37, 1.99, 1.57 rad)
[INFO] [1791465069.129131, 797.908000]: [mission] APPROACH: alinhado, avançando (0.42 m)
[INFO] [1791465069.179753, 797.958000]: [mission] teto por postura ativo no drive: v<=0.18 w<=0.50 rampa 0.46/1.51
[INFO] [1791465073.798712, 802.508000]: [mission] APPROACH: chegou, ajustando heading final
[INFO] [1791465078.242539, 806.908000]: [mission] APPROACH: concluído
[INFO] [1791465078.250602, 806.917000]: State machine transitioning 'APPROACH':'arrived'-->'REFINE'
[INFO] [1791465078.252606, 806.918000]: [mission] REFINE — remedindo a parede de perto (10 amostras)
[INFO] [1791465078.257192, 806.923000]: [mission] âncora engatada (coleta do REFINE)
[INFO] [1791465078.258329, 806.924000]: [mission] REFINE: coleta com dither ±0.05 rad/s (período 3.0 s)
[INFO] [1791465079.406596, 808.050000]: [mission] âncora solta — 1 correções de deriva
[INFO] [1791465079.408367, 808.051000]: [mission] REFINE: âncora corrigiu a deriva 1 vez(es) durante a coleta
[INFO] [1791465079.410241, 808.053000]: [mission] REFINE: 10 amostras — parede (0.002, 2.997, -0.000) yaw=3.139
[INFO] [1791465079.463925, 808.106000]: [mission] REFINE: parede pelo LASER — 86 pontos, resíduo 5.1 mm: profundidade -0.7 mm e yaw +0.21° em relação à tag → parede (0.002, 2.998, -0.000) yaw=-3.140
[INFO] [1791465079.466704, 808.109000]: [mission] REFINE: deslocou 0.002 m da estimativa anterior
[INFO] [1791465079.469342, 808.112000]: [mission] olhal estimado em (0.202, 2.868, 0.805)
[INFO] [1791465079.475461, 808.118000]: State machine transitioning 'REFINE':'ok'-->'DEPLOY'
[INFO] [1791465079.477668, 808.120000]: [mission] DEPLOY: IK resolvida para a POSE DE MANIPULAÇÃO (0.20, 2.25, 1.57 rad), não para a atual
[INFO] [1791465084.334936, 812.937000]: [mission] DEPLOY: IK nivelada 0.0709 m, só eixo 0.0014 m — a MISSÃO INTEIRA usa "eixo"
[INFO] [1791465084.338348, 812.972000]: [mission] DEPLOY: IK da ponta resolvida (resíduo 0.0014 m, degrau 0.4°) — pré-posicionando em [-10.9 -46.5  60.   78.5 -10.9] graus
[INFO] [1791465095.180413, 823.674000]: [mission] plano de exclusão publicado: parede em [ 2.000e-03  2.998e+00 -0.000e+00], normal segura [ 0.001 -1.     0.   ]
[INFO] [1791465095.386975, 823.879000]: [mission] teto por postura ativo no drive: v<=0.25 w<=0.50 rampa 0.55/1.61
[INFO] [1791465098.633934, 827.079000]: [mission] DEPLOY/aproxima: alinhado, avançando (0.25 m)
[INFO] [1791465101.576960, 829.979000]: [mission] DEPLOY/aproxima: chegou, ajustando heading final
[INFO] [1791465105.910506, 834.230000]: [mission] DEPLOY/aproxima: concluído
[INFO] [1791465105.913392, 834.232000]: State machine transitioning 'DEPLOY':'ok'-->'MANIPULATE'
[INFO] [1791465105.916680, 834.235000]: [mission] fase "orienta": modo IK iterativa (YAML)
[INFO] [1791465105.923295, 834.241000]: [mission] âncora engatada (fase "orienta")
[INFO] [1791465115.256910, 843.449000]: [mission] fase "orienta" it0: ponta (0.294, 2.722, 0.813) erro=0.0044 | degrau eixo 0.2° | rolagem 0.2° | IK pediu [-19.7 -22.9  13.1  99.  -15.2] | faltou [ 0.5 -0.3  0.6 -0.4 -0.1] graus
[INFO] [1791465115.259865, 843.452000]: [mission] âncora solta — 9 correções de deriva
[INFO] [1791465115.261305, 843.454000]: [mission] fase "orienta" alcançada em 1 iteração(ões) (0.0044 m) — âncora corrigiu 9 vez(es)
[INFO] [1791465115.773082, 843.959000]: [mission] fase "aproxima_lateral": modo IK iterativa (YAML)
[INFO] [1791465115.780512, 843.966000]: [mission] âncora engatada (fase "aproxima_lateral")
[INFO] [1791465123.235197, 851.316000]: [mission] fase "aproxima_lateral" it0: ponta (0.294, 2.864, 0.815) erro=0.0041 | degrau eixo 5.5° | rolagem 5.5° | IK pediu [-15.9 -12.8   0.   76.2 -11.1] | faltou [-0.1  0.4 -0.9  0.3  0.1] graus
[INFO] [1791465123.239300, 851.319000]: [mission] fase "aproxima_lateral" it0: no frame da parede eixo=+1.8 prof=+3.7 alt=+0.4 mm (tolerância 40/8/5)
[INFO] [1791465123.241908, 851.323000]: [mission] âncora solta — 6 correções de deriva
[INFO] [1791465123.244409, 851.325000]: [mission] fase "aproxima_lateral" alcançada em 1 iteração(ões) (0.0041 m) — âncora corrigiu 6 vez(es)
[INFO] [1791465123.764168, 851.833000]: [mission] fase "atravessa": modo IK iterativa (YAML)
[INFO] [1791465123.771773, 851.842000]: [mission] âncora engatada (fase "atravessa")
[INFO] [1791465129.351419, 857.349000]: [mission] fase "atravessa" it0: ponta (0.209, 2.864, 0.813) erro=0.0042 | degrau eixo 2.2° | rolagem 2.2° | IK pediu [ -8.8 -13.8   0.   80.7  -5.3] | faltou [0. 0. 0. 0. 0.] graus
[INFO] [1791465129.353529, 857.351000]: [mission] fase "atravessa" it0: no frame da parede eixo=-0.5 prof=+3.9 alt=+1.7 mm (tolerância 8/6/5)
[INFO] [1791465129.354724, 857.352000]: [mission] âncora solta — 4 correções de deriva
[INFO] [1791465129.355617, 857.353000]: [mission] fase "atravessa" alcançada em 1 iteração(ões) (0.0042 m) — âncora corrigiu 4 vez(es)
[WARN] [1791465139.435241, 867.275000]: [mission] destrava: lingueta em 9.3 mm (esperado ≥ 12) — o gatilho pode não ter soltado
[WARN] [1791465160.026055, 887.611000]: [mission] RETRACT: ponta a 0.138 m do olhal — saindo em degraus: sobe 30 mm, 120 mm pelo eixo do furo, 100 mm para fora, antes de recolher
[INFO] [1791465129.886307, 857.858000]: [mission] fase "captura": modo IK iterativa (YAML)
[INFO] [1791465129.889008, 857.860000]: [mission] âncora engatada (fase "captura")
[INFO] [1791465136.064116, 863.935000]: [mission] fase "captura" it0: ponta (0.209, 2.868, 0.797) erro=0.0072 | degrau eixo 2.1° | rolagem 2.0° | IK pediu [ -7.9 -16.   -0.   81.6  -4.6] | faltou [-0.4 -0.1 -0.1  0.5  0.1] graus
[INFO] [1791465136.068232, 863.939000]: [mission] fase "captura" it0: no frame da parede eixo=+7.0 prof=-0.6 alt=-1.6 mm (tolerância 8/6/10)
[INFO] [1791465136.070148, 863.942000]: [mission] âncora solta — 4 correções de deriva
[INFO] [1791465136.071550, 863.943000]: [mission] fase "captura" alcançada em 1 iteração(ões) (0.0072 m) — âncora corrigiu 4 vez(es)
[INFO] [1791465136.077730, 863.949000]: [mission] captura: ponta registrada em eixo=-7.0 prof=+0.6 alt=-8.4 mm (zero da descida do destrava e da deriva de eixo)
[INFO] [1791465136.583038, 864.451000]: [mission] fase "destrava": alvo em altura relativo à captura: -28.4 mm (captura -8.4 − curso 18 − margem 2)
[INFO] [1791465136.584666, 864.452000]: [mission] fase "destrava": modo whole-body/Fuzzy (YAML)
[INFO] [1791465136.792661, 864.655000]: [mission] plano de exclusão publicado: parede em [ 2.000e-03  2.998e+00 -0.000e+00], normal segura [ 0.001 -1.     0.   ]
[INFO] [1791465137.099643, 864.958000]: [mission] fase "destrava": whole-body assumiu (base livre, restrita pelo plano de exclusão)
[INFO] [1791465137.103689, 864.961000]: [mission] fase "destrava": whole-body a 0.0185 m do alvo — eixo=+7.0 prof=-0.7 alt=-17.1 mm
[INFO] [1791465139.219043, 867.060000]: [mission] fase "destrava" alcançada por whole-body em 2.1s (0.0069 m) — no frame da parede eixo=+6.7 prof=-0.6 alt=-1.3 mm (tolerância 10/6/4)
[INFO] [1791465139.433823, 867.274000]: [mission] destrava: ponta desceu 18.9 mm desde a captura (critério observável) | lingueta 9.3 mm (só na simulação)
[INFO] [1791465139.942119, 867.776000]: [mission] fase "libera": modo whole-body/Fuzzy (YAML)
[INFO] [1791465140.146219, 867.978000]: [mission] plano de exclusão publicado: parede em [ 2.000e-03  2.998e+00 -0.000e+00], normal segura [ 0.001 -1.     0.   ]
[INFO] [1791465140.450051, 868.280000]: [mission] fase "libera": whole-body assumiu (base livre, restrita pelo plano de exclusão)
[INFO] [1791465140.451279, 868.281000]: [mission] fase "libera": whole-body a 0.0296 m do alvo — eixo=+6.7 prof=+28.7 alt=+2.9 mm
[INFO] [1791465142.586428, 870.380000]: [mission] fase "libera": whole-body a 0.0264 m do alvo — eixo=+6.7 prof=+25.4 alt=+3.2 mm
[INFO] [1791465144.701117, 872.480000]: [mission] fase "libera": whole-body a 0.0245 m do alvo — eixo=+6.6 prof=+23.0 alt=+5.1 mm
[INFO] [1791465146.824404, 874.580000]: [mission] fase "libera" alcançada por whole-body em 6.3s (0.0074 m) — no frame da parede eixo=+6.6 prof=-2.5 alt=-2.3 mm (tolerância 40/8/6)
[INFO] [1791465147.543690, 875.289000]: [mission] fase "arco1"/puxa: RECUANDO 0.022 m só com as rodas
[INFO] [1791465148.057440, 875.790000]: [mission] fase "arco1"/puxa: concluído (0.023 m)
[INFO] [1791465148.059092, 875.791000]: [mission] fase "arco1": modo whole-body/Fuzzy (YAML)
[INFO] [1791465148.264759, 875.994000]: [mission] plano de exclusão publicado: parede em [ 2.000e-03  2.998e+00 -0.000e+00], normal segura [ 0.001 -1.     0.   ]
[INFO] [1791465148.569054, 876.298000]: [mission] fase "arco1": whole-body assumiu (base livre, restrita pelo plano de exclusão)
[INFO] [1791465148.571408, 876.300000]: [mission] fase "arco1": whole-body a 0.0072 m do alvo — eixo=+6.6 prof=-1.8 alt=-2.2 mm
[INFO] [1791465148.976519, 876.699000]: [mission] fase "arco1" alcançada por whole-body em 0.4s (0.0080 m) — no frame da parede eixo=+6.6 prof=-2.1 alt=-3.9 mm (tolerância 40/10/15)
[INFO] [1791465148.978645, 876.701000]: [mission] arco1: SOLTURA observável — recuo 53.3 mm desde a captura (mín 40) com deriva de eixo +0.4 mm → SOLTA
[INFO] [1791465149.188639, 876.908000]: [mission] waypoint de 15° — lâmina medida em 15.1° (abertura por CONTATO)
[INFO] [1791465149.693010, 877.409000]: [mission] fase "arco2"/puxa: RECUANDO 0.048 m só com as rodas
[INFO] [1791465150.652724, 878.360000]: [mission] fase "arco2"/puxa: concluído (0.051 m)
[INFO] [1791465150.656399, 878.363000]: [mission] fase "arco2": modo whole-body/Fuzzy (YAML)
[INFO] [1791465150.861743, 878.566000]: [mission] plano de exclusão publicado: parede em [ 2.000e-03  2.998e+00 -0.000e+00], normal segura [ 0.001 -1.     0.   ]
[INFO] [1791465151.165690, 878.869000]: [mission] fase "arco2": whole-body assumiu (base livre, restrita pelo plano de exclusão)
[INFO] [1791465151.167099, 878.870000]: [mission] fase "arco2": whole-body a 0.0110 m do alvo — eixo=+6.7 prof=+3.3 alt=-8.1 mm
[INFO] [1791465151.569671, 879.269000]: [mission] fase "arco2" alcançada por whole-body em 0.4s (0.0067 m) — no frame da parede eixo=+6.7 prof=-0.6 alt=-0.5 mm (tolerância 40/10/15)
[INFO] [1791465151.783722, 879.480000]: [mission] waypoint de 30° — lâmina medida em 33.0° (abertura por CONTATO)
[INFO] [1791465152.290418, 879.982000]: [mission] fase "desengata": modo IK iterativa (YAML)
[INFO] [1791465152.293633, 879.985000]: [mission] âncora engatada (fase "desengata")
[INFO] [1791465159.089608, 886.689000]: [mission] fase "desengata" it0: ponta (0.286, 2.772, 0.753) erro=0.0067 | degrau eixo 7.1° | rolagem 7.2° | IK pediu [-12.2 -18.5  -0.   74.6 -10.8] | faltou [ 0.4  2.3 -5.2  2.8 -0.1] graus
[INFO] [1791465159.092167, 886.692000]: [mission] âncora solta — 2 correções de deriva
[INFO] [1791465159.093431, 886.693000]: [mission] fase "desengata" alcançada em 1 iteração(ões) (0.0067 m) — âncora corrigiu 2 vez(es)
[INFO] [1791465159.613639, 887.206000]: [mission] MANIPULATE concluída — chave ABERTA, lâmina medida em 32.3°
[INFO] [1791465159.615721, 887.208000]: State machine transitioning 'MANIPULATE':'done'-->'RETRACT'
[INFO] [1791465160.030313, 887.615000]: [mission] âncora engatada (fase "saida_sobe")
[INFO] [1791465162.686378, 890.239000]: [mission] fase "saida_sobe" it0: ponta (0.286, 2.776, 0.780) erro=0.0040 | degrau eixo 6.5° | rolagem 6.5° | IK pediu [-11.8 -15.3  -0.   73.3 -10.6] | faltou [0. 0. 0. 0. 0.] graus
[INFO] [1791465162.689610, 890.242000]: [mission] fase "saida_sobe" it0: no frame da parede eixo=+0.1 prof=+3.1 alt=+2.6 mm (tolerância 30/20/10)
[INFO] [1791465162.690926, 890.243000]: [mission] fase "saida_sobe" alcançada em 1 iteração(ões) (0.0040 m)
[INFO] [1791465162.695388, 890.248000]: [mission] âncora engatada (fase "saida_eixo")
[INFO] [1791465168.585343, 896.053000]: [mission] fase "saida_eixo" it0: ponta (0.403, 2.776, 0.784) erro=0.0039 | degrau eixo 13.3° | rolagem 13.4° | IK pediu [-21.  -12.8   0.   63.9 -17.1] | faltou [ 0.1  2.8 -6.2  3.3 -0. ] graus
[INFO] [1791465168.588881, 896.057000]: [mission] fase "saida_eixo" it0: no frame da parede eixo=-2.7 prof=+2.7 alt=-1.0 mm (tolerância 20/20/15)
[INFO] [1791465168.590734, 896.059000]: [mission] âncora solta — 2 correções de deriva
[INFO] [1791465168.592669, 896.061000]: [mission] fase "saida_eixo" alcançada em 1 iteração(ões) (0.0039 m) — âncora corrigiu 2 vez(es)
[INFO] [1791465168.598436, 896.067000]: [mission] âncora engatada (fase "saida_fora")
[INFO] [1791465175.088946, 902.472000]: [mission] fase "saida_fora" it0: ponta (0.409, 2.673, 0.783) erro=0.0030 | degrau eixo 8.2° | rolagem 8.4° | IK pediu [-24.4 -18.8  -0.   89.2 -23.7] | faltou [-0.5 -3.8  8.5 -5.   0. ] graus
[INFO] [1791465175.091493, 902.475000]: [mission] fase "saida_fora" it0: no frame da parede eixo=+2.9 prof=-0.6 alt=-0.4 mm (tolerância 30/20/20)
[INFO] [1791465175.092940, 902.476000]: [mission] âncora solta — 3 correções de deriva
[INFO] [1791465175.094850, 902.478000]: [mission] fase "saida_fora" alcançada em 1 iteração(ões) (0.0030 m) — âncora corrigiu 3 vez(es)
[INFO] [1791465175.096238, 902.479000]: [mission] RETRACT/afasta: RECUANDO 0.250 m só com as rodas
[INFO] [1791465179.553685, 906.880000]: [mission] RETRACT/afasta: concluído (0.251 m)
[INFO] [1791465179.555118, 906.881000]: [mission] postura "stow_home" comandada: [0.0, 1.1, -1.04, -1.8, 0.0]
[INFO] [1791465195.650893, 922.783000]: State machine transitioning 'RETRACT':'ok'-->'RETURN'
[INFO] [1791465195.652537, 922.784000]: [mission] RETURN — voltando a (0.00, 1.00, -0.01 rad)
[INFO] [1791465209.691713, 936.636000]: [mission] RETURN: alinhado, avançando (1.13 m)
[INFO] [1791465209.742624, 936.686000]: [mission] teto por postura ativo no drive: v<=0.24 w<=0.50 rampa 0.52/1.51
[INFO] [1791465218.397452, 945.236000]: [mission] RETURN: chegou, ajustando heading final
[INFO] [1791465218.447998, 945.286000]: [mission] teto por postura ativo no drive: v<=0.24 w<=0.50 rampa 0.52/1.51
[INFO] [1791465225.170299, 951.936000]: [mission] RETURN: concluído
[INFO] [1791465225.172870, 951.939000]: State machine terminating 'RETURN':'home':'MISSION_OK'
[INFO] [1791465225.175388, 951.941000]: [mission] resultado: MISSION_OK
... logging to /home/marco/.ros/log/d0a0a55c-c317-11f1-b768-b025aa85b2a2/roslaunch-shiroi-3656541.log
Checking log directory for disk usage. This may take a while.
Press Ctrl-C to interrupt
]2;/home/marco/b166er/src/b166er_whole_body_control/launch/chave_mission.launch
[1mstarted roslaunch server http://shiroi:40331/[0m

SUMMARY
========

PARAMETERS
 * /chave_mission/estado_final: 
 * /chave_mission/estado_inicial: HOME
 * /chave_mission/pausa_por_fase: False
 * /chave_mission/search_omega: 0.35
 * /chave_mission/standoff_distance: 0.62
 * /chave_mission/use_wholebody: False
 * /chave_seccionadora_task/aproxima_lateral/modo: ik
 * /chave_seccionadora_task/aproxima_lateral/offset_xyz_m: [-0.09, 0.008, 0.01]
 * /chave_seccionadora_task/aproxima_lateral/tol_xyz_m: [0.04, 0.008, 0.005]
 * /chave_seccionadora_task/arco1/blade_angle_deg: 15
 * /chave_seccionadora_task/arco1/deriva_eixo_max_m: 0.015
 * /chave_seccionadora_task/arco1/modo: wb
 * /chave_seccionadora_task/arco1/offset_xyz_m: [0.0, 0.0518, -0....
 * /chave_seccionadora_task/arco1/soltura_recuo_min_m: 0.04
 * /chave_seccionadora_task/arco1/tol_xyz_m: [0.04, 0.01, 0.015]
 * /chave_seccionadora_task/arco2/blade_angle_deg: 30
 * /chave_seccionadora_task/arco2/deriva_eixo_max_m: 0.015
 * /chave_seccionadora_task/arco2/modo: wb
 * /chave_seccionadora_task/arco2/offset_xyz_m: [0.0, 0.1, -0.0518]
 * /chave_seccionadora_task/arco2/tol_xyz_m: [0.04, 0.01, 0.015]
 * /chave_seccionadora_task/atravessa/modo: ik
 * /chave_seccionadora_task/atravessa/offset_xyz_m: [-0.008, 0.008, 0...
 * /chave_seccionadora_task/atravessa/tol_xyz_m: [0.008, 0.006, 0....
 * /chave_seccionadora_task/captura/modo: ik
 * /chave_seccionadora_task/captura/offset_xyz_m: [0.0, 0.0, -0.01]
 * /chave_seccionadora_task/captura/tol_xyz_m: [0.008, 0.006, 0.01]
 * /chave_seccionadora_task/desengata/modo: ik
 * /chave_seccionadora_task/desengata/offset_xyz_m: [-0.09, 0.1, -0.0...
 * /chave_seccionadora_task/destrava/curso_estagna_m: 0.01
 * /chave_seccionadora_task/destrava/curso_margem_m: 0.002
 * /chave_seccionadora_task/destrava/curso_min_m: 0.018
 * /chave_seccionadora_task/destrava/curso_teto_m: 0.022
 * /chave_seccionadora_task/destrava/modo: wb
 * /chave_seccionadora_task/destrava/offset_xyz_m: [0.0, 0.0, -0.025]
 * /chave_seccionadora_task/destrava/tol_xyz_m: [0.01, 0.006, 0.004]
 * /chave_seccionadora_task/libera/deriva_eixo_max_m: 0.015
 * /chave_seccionadora_task/libera/modo: wb
 * /chave_seccionadora_task/libera/offset_xyz_m: [0.0, 0.03, -0.025]
 * /chave_seccionadora_task/libera/tol_xyz_m: [0.04, 0.008, 0.006]
 * /chave_seccionadora_task/orienta/modo: ik
 * /chave_seccionadora_task/orienta/offset_xyz_m: [-0.09, 0.15, 0.0...
 * /chave_seccionadora_task/reassenta_sobe/tol_xyz_m: [0.03, 0.02, 0.005]
 * /chave_seccionadora_task/saida_eixo/tol_xyz_m: [0.02, 0.02, 0.015]
 * /chave_seccionadora_task/saida_fora/tol_xyz_m: [0.03, 0.02, 0.02]
 * /chave_seccionadora_task/saida_sobe/tol_xyz_m: [0.03, 0.02, 0.01]
 * /chave_seccionadora_task/target_frame: chave_olhal_link
 * /fuzzy_wb_controller/fixed_gains: []
 * /rosdistro: noetic
 * /rosversion: 1.17.4

NODES
  /
    chave_mission (b166er_whole_body_control/chave_mission.py)

[1mROS_MASTER_URI=http://localhost:11311[0m
]2;/home/marco/b166er/src/b166er_whole_body_control/launch/chave_mission.launch http://localhost:11311
[1mprocess[chave_mission-1]: started with pid [3656585][0m
[1m[chave_mission-1] process has finished cleanly
log file: /home/marco/.ros/log/d0a0a55c-c317-11f1-b768-b025aa85b2a2/chave_mission-1*.log[0m
all processes on machine have died, roslaunch will exit
shutting down processing monitor...
... shutting down processing monitor complete
[1mdone[0m
