[31mWARNING: disk usage in log directory [/home/marco/.ros/log] is over 1GB.
It's recommended that you use the 'rosclean' command.[0m
the rosdep view is empty: call 'sudo rosdep init' and 'rosdep update'
[WARN] [1790791751.776603, 934.182000]: [mission] SEARCH: 3 de 25 amostras descartadas como outlier (>0.15 m ou >0.20 rad da mediana)
[INFO] [1790791726.997254, 909.705000]: garra_dx = 0.030 m (aberta)
[INFO] [1790791727.090671, 909.796000]: State machine starting in initial state 'STOW_INIT' with userdata: 
	[]
[INFO] [1790791727.396711, 910.098000]: [mission] pose de partida registrada: (0.00, 1.00, 0.00 rad)
[INFO] [1790791727.400549, 910.101000]: [mission] postura "stow_home" comandada: [0.0, 1.13, -1.04, -1.8, 0.0]
[INFO] [1790791727.504857, 910.205000]: State machine transitioning 'STOW_INIT':'ok'-->'SEARCH'
[INFO] [1790791727.506401, 910.206000]: [mission] postura "search" comandada: [0.0, 1.0, -1.0, 0.0, 0.0]
[INFO] [1790791733.565381, 916.207000]: [mission] SEARCH — girando à procura da tag...
[INFO] [1790791733.566934, 916.208000]: [mission] SEARCH: amostra quando a tag estiver a raio 0.35-0.50 do quadro (vista oblíqua; omega fina 0.15 rad/s)
[INFO] [1790791735.084040, 917.710000]: [mission] SEARCH: tag a raio 0.96 — girando até <= 0.50
[INFO] [1790791742.722139, 925.261000]: [mission] SEARCH: tag a raio 0.50 — parando
[INFO] [1790791742.725304, 925.264000]: [mission] tag avistada — parando para medir
[INFO] [1790791743.744666, 926.272000]: [mission] âncora engatada (coleta do SEARCH)
[INFO] [1790791743.746739, 926.274000]: [mission] SEARCH: coleta com dither ±0.05 rad/s (período 3.0 s)
[INFO] [1790791751.762695, 934.168000]: [mission] âncora solta — 10 correções de deriva
[INFO] [1790791751.764436, 934.170000]: [mission] SEARCH: âncora corrigiu a deriva 10 vez(es) durante a coleta
[INFO] [1790791751.777600, 934.183000]: [mission] SEARCH: 22 amostras — parede (0.017, 3.089, -0.003) yaw=2.968
[INFO] [1790791751.778368, 934.184000]: [mission] parede localizada em (0.017, 3.089, -0.003)
[INFO] [1790791751.781218, 934.187000]: State machine transitioning 'SEARCH':'found'-->'APPROACH'
[INFO] [1790791751.782288, 934.188000]: [mission] APPROACH etapa 1/2 — 1.30 m do olhal, alvo (-0.03, 1.65, 1.40 rad)
[INFO] [1790791751.783095, 934.189000]: [mission] teto por postura ativo no drive: v<=0.17 w<=0.50 rampa 0.45/1.52
[INFO] [1790791755.517767, 937.888000]: [mission] APPROACH: alinhado, avançando (0.80 m)
[INFO] [1790791762.229290, 944.488000]: [mission] APPROACH: chegou, ajustando heading final
[INFO] [1790791762.280301, 944.538000]: [mission] teto por postura ativo no drive: v<=0.17 w<=0.50 rampa 0.45/1.52
[INFO] [1790791765.379155, 947.588000]: [mission] APPROACH: concluído
[INFO] [1790791766.395766, 948.592000]: [mission] âncora engatada (coleta do APPROACH/remedida)
[INFO] [1790791766.396994, 948.593000]: [mission] APPROACH/remedida: coleta com dither ±0.05 rad/s (período 3.0 s)
[INFO] [1790791767.536859, 949.717000]: [mission] âncora solta — 1 correções de deriva
[INFO] [1790791767.538358, 949.719000]: [mission] APPROACH/remedida: âncora corrigiu a deriva 1 vez(es) durante a coleta
[INFO] [1790791767.539855, 949.720000]: [mission] APPROACH/remedida: 10 amostras — parede (0.007, 3.018, -0.003) yaw=3.110
[INFO] [1790791767.541105, 949.721000]: [mission] APPROACH etapa 2/2 — 0.88 m do olhal, alvo (0.34, 2.00, 1.54 rad)
[INFO] [1790791767.542610, 949.723000]: [mission] teto por postura ativo no drive: v<=0.17 w<=0.50 rampa 0.45/1.52
[INFO] [1790791771.802613, 953.923000]: [mission] APPROACH: alinhado, avançando (0.59 m)
[INFO] [1790791776.913156, 958.973000]: [mission] APPROACH: chegou, ajustando heading final
[INFO] [1790791776.964460, 959.023000]: [mission] teto por postura ativo no drive: v<=0.17 w<=0.50 rampa 0.45/1.52
[INFO] [1790791782.636212, 964.623000]: [mission] APPROACH: concluído
[INFO] [1790791782.643725, 964.630000]: State machine transitioning 'APPROACH':'arrived'-->'REFINE'
[INFO] [1790791782.645738, 964.632000]: [mission] REFINE — remedindo a parede de perto (10 amostras)
[INFO] [1790791782.653035, 964.639000]: [mission] âncora engatada (coleta do REFINE)
[INFO] [1790791782.656585, 964.642000]: [mission] REFINE: coleta com dither ±0.05 rad/s (período 3.0 s)
[INFO] [1790791783.703042, 965.661000]: [mission] âncora solta — 1 correções de deriva
[INFO] [1790791783.705690, 965.664000]: [mission] REFINE: âncora corrigiu a deriva 1 vez(es) durante a coleta
[INFO] [1790791783.708419, 965.666000]: [mission] REFINE: 10 amostras — parede (0.003, 3.000, -0.001) yaw=3.140
[INFO] [1790791783.709909, 965.668000]: [mission] REFINE: deslocou 0.018 m da estimativa anterior
[INFO] [1790791783.711673, 965.670000]: [mission] olhal estimado em (0.203, 2.870, 0.804)
[INFO] [1790791783.717689, 965.676000]: State machine transitioning 'REFINE':'ok'-->'DEPLOY'
[INFO] [1790791783.719987, 965.678000]: [mission] DEPLOY: IK resolvida para a POSE DE MANIPULAÇÃO (0.20, 2.25, 1.57 rad), não para a atual
[INFO] [1790791788.271422, 969.263000]: [mission] DEPLOY: IK nivelada 0.0553 m, só eixo 0.0000 m — a MISSÃO INTEIRA usa "eixo"
[INFO] [1790791788.273488, 970.228000]: [mission] DEPLOY: IK da ponta resolvida (resíduo 0.0000 m, degrau 0.1°) — pré-posicionando em [-10.3 -42.3  52.   79.7  79.7] graus
[INFO] [1790791794.741926, 976.629000]: [mission] plano de exclusão publicado: parede em [ 3.e-03  3.e+00 -1.e-03], normal segura [-0.002 -1.     0.   ]
[INFO] [1790791794.950412, 976.837000]: [mission] teto por postura ativo no drive: v<=0.18 w<=0.50 rampa 0.46/1.64
[INFO] [1790791799.324404, 981.137000]: [mission] DEPLOY/aproxima: alinhado, avançando (0.41 m)
[INFO] [1790791804.023846, 985.788000]: [mission] DEPLOY/aproxima: chegou, ajustando heading final
[INFO] [1790791810.245345, 991.937000]: [mission] DEPLOY/aproxima: concluído
[INFO] [1790791810.246578, 991.938000]: State machine transitioning 'DEPLOY':'ok'-->'MANIPULATE'
[INFO] [1790791810.247801, 991.939000]: [mission] fase "orienta": modo IK iterativa (YAML)
[INFO] [1790791810.250084, 991.942000]: [mission] âncora engatada (fase "orienta")
[INFO] [1790791812.304469, 993.964000]: [mission] fase "orienta" it0: ponta (0.298, 2.718, 0.812) erro=0.0062 | degrau eixo 0.1° | rolagem 0.2° | IK pediu [-23.2 -37.8  43.3  84.   71.6] | faltou [-0.1 -0.1 -0.  -0.  -0. ] graus
[INFO] [1790791812.307865, 993.968000]: [mission] fase "orienta" alcançada em 1 iteração(ões) (0.0062 m)
[INFO] [1790791812.820791, 994.474000]: [mission] fase "aproxima_lateral": modo IK iterativa (YAML)
[INFO] [1790791812.824133, 994.477000]: [mission] âncora engatada (fase "aproxima_lateral")
[INFO] [1790791816.774463, 998.381000]: [mission] fase "aproxima_lateral" it0: ponta (0.293, 2.872, 0.810) erro=0.0047 | degrau eixo 5.5° | rolagem 5.7° | IK pediu [-18.5 -15.6   0.   82.9  76.7] | faltou [ 0.  -0.4 -0.2 -0.1 -0. ] graus
[INFO] [1790791816.776891, 998.383000]: [mission] fase "aproxima_lateral" it0: no frame da parede eixo=-0.4 prof=+1.9 alt=+4.2 mm (tolerância 40/8/5)
[INFO] [1790791816.778261, 998.385000]: [mission] âncora solta — 1 correções de deriva
[INFO] [1790791816.779493, 998.386000]: [mission] fase "aproxima_lateral" alcançada em 1 iteração(ões) (0.0047 m) — âncora corrigiu 1 vez(es)
[INFO] [1790791817.292620, 998.891000]: [mission] fase "atravessa": modo IK iterativa (YAML)
[INFO] [1790791817.297722, 998.895000]: [mission] âncora engatada (fase "atravessa")
[INFO] [1790791819.055955, 1000.625000]: [mission] fase "atravessa" it0: ponta (0.211, 2.872, 0.810) erro=0.0046 | degrau eixo 2.4° | rolagem 2.8° | IK pediu [-11.5 -16.1   0.   85.9  83.3] | faltou [ 0.2 -0.7  0.7 -0.9 -0.5] graus
[INFO] [1790791819.059895, 1000.628000]: [mission] fase "atravessa" it0: no frame da parede eixo=-0.3 prof=+2.2 alt=+4.0 mm (tolerância 8/6/5)
[INFO] [1790791819.062114, 1000.632000]: [mission] fase "atravessa" alcançada em 1 iteração(ões) (0.0046 m)
[INFO] [1790791819.582570, 1001.139000]: [mission] fase "captura": modo IK iterativa (YAML)
[INFO] [1790791819.587129, 1001.144000]: [mission] âncora engatada (fase "captura")
[INFO] [1790791821.100962, 1002.650000]: [mission] fase "captura" it0: ponta (0.209, 2.871, 0.791) erro=0.0070 | degrau eixo 2.3° | rolagem 2.5° | IK pediu [-10.9 -18.4   0.   87.1  84. ] | faltou [-0.5 -0.1 -0.3 -0.4 -0.2] graus
[INFO] [1790791821.103281, 1002.653000]: [mission] fase "captura" it0: no frame da parede eixo=+5.9 prof=+1.1 alt=+3.6 mm (tolerância 40/6/10)
[WARN] [1790791824.352511, 1005.871000]: [mission] fase "destrava": descida estagnou em 12.4 mm (mín 10 para aceitar; alvo 18) — fim de curso do mecanismo, fechando a fase
[WARN] [1790791824.566013, 1006.080000]: [mission] destrava: lingueta em 8.8 mm (esperado ≥ 12) — o gatilho pode não ter soltado
[WARN] [1790791839.303006, 1020.613000]: [mission] RETRACT: ponta a 0.140 m do olhal — saindo em degraus: sobe 30 mm, 120 mm pelo eixo do furo, 100 mm para fora, antes de recolher
[INFO] [1790791821.104648, 1002.654000]: [mission] fase "captura" alcançada em 1 iteração(ões) (0.0070 m)
[INFO] [1790791821.109944, 1002.659000]: [mission] captura: ponta registrada em eixo=-5.9 prof=-1.1 alt=-13.6 mm (zero da descida do destrava e da deriva de eixo)
[INFO] [1790791821.616593, 1003.161000]: [mission] fase "destrava": alvo em altura relativo à captura: -33.6 mm (captura -13.6 − curso 18 − margem 2)
[INFO] [1790791821.620338, 1003.164000]: [mission] fase "destrava": modo whole-body/Fuzzy (YAML)
[INFO] [1790791821.827911, 1003.367000]: [mission] plano de exclusão publicado: parede em [ 3.e-03  3.e+00 -1.e-03], normal segura [-0.002 -1.     0.   ]
[INFO] [1790791822.132378, 1003.670000]: [mission] fase "destrava": whole-body assumiu (base livre, restrita pelo plano de exclusão)
[INFO] [1790791822.134062, 1003.671000]: [mission] fase "destrava": whole-body a 0.0178 m do alvo — eixo=+5.9 prof=+0.1 alt=-16.8 mm
[INFO] [1790791824.251912, 1005.771000]: [mission] fase "destrava": whole-body a 0.0101 m do alvo — eixo=+5.7 prof=-2.9 alt=-7.8 mm
[INFO] [1790791824.564629, 1006.079000]: [mission] destrava: ponta desceu 12.7 mm desde a captura (critério observável) | lingueta 8.8 mm (só na simulação)
[INFO] [1790791825.080217, 1006.582000]: [mission] fase "libera": modo whole-body/Fuzzy (YAML)
[INFO] [1790791825.289280, 1006.785000]: [mission] plano de exclusão publicado: parede em [ 3.e-03  3.e+00 -1.e-03], normal segura [-0.002 -1.     0.   ]
[INFO] [1790791825.593200, 1007.087000]: [mission] fase "libera": whole-body assumiu (base livre, restrita pelo plano de exclusão)
[INFO] [1790791826.301212, 1007.788000]: [mission] fase "libera": whole-body a 0.0237 m do alvo — eixo=+5.7 prof=+22.8 alt=+3.3 mm
[INFO] [1790791828.422627, 1009.888000]: [mission] fase "libera": whole-body a 0.0129 m do alvo — eixo=+5.7 prof=-9.5 alt=+6.6 mm
[INFO] [1790791830.543317, 1011.988000]: [mission] fase "libera": whole-body a 0.0092 m do alvo — eixo=+5.8 prof=-6.9 alt=-1.8 mm
[INFO] [1790791830.944341, 1012.388000]: [mission] fase "libera" alcançada por whole-body em 5.3s (0.0063 m) — no frame da parede eixo=+5.8 prof=-1.8 alt=-1.6 mm (tolerância 40/8/6)
[INFO] [1790791831.680586, 1013.093000]: [mission] fase "arco1"/puxa: RECUANDO 0.022 m só com as rodas
[INFO] [1790791832.139688, 1013.544000]: [mission] fase "arco1"/puxa: concluído (0.022 m)
[INFO] [1790791832.141634, 1013.546000]: [mission] fase "arco1": modo whole-body/Fuzzy (YAML)
[INFO] [1790791832.347266, 1013.749000]: [mission] plano de exclusão publicado: parede em [ 3.e-03  3.e+00 -1.e-03], normal segura [-0.002 -1.     0.   ]
[INFO] [1790791832.650414, 1014.052000]: [mission] fase "arco1": whole-body assumiu (base livre, restrita pelo plano de exclusão)
[INFO] [1790791832.652753, 1014.054000]: [mission] fase "arco1": whole-body a 0.0096 m do alvo — eixo=+5.8 prof=+7.2 alt=-2.5 mm
[INFO] [1790791833.058444, 1014.453000]: [mission] fase "arco1" alcançada por whole-body em 0.4s (0.0064 m) — no frame da parede eixo=+5.8 prof=+1.8 alt=-2.1 mm (tolerância 40/10/15)
[INFO] [1790791833.059679, 1014.454000]: [mission] arco1: SOLTURA observável — recuo 51.1 mm desde a captura (mín 40) com deriva de eixo +0.2 mm → SOLTA
[INFO] [1790791833.275026, 1014.667000]: [mission] waypoint de 15° — lâmina medida em 16.3° (abertura por CONTATO)
[INFO] [1790791833.785126, 1015.169000]: [mission] fase "arco2"/puxa: RECUANDO 0.048 m só com as rodas
[INFO] [1790791834.704648, 1016.070000]: [mission] fase "arco2"/puxa: concluído (0.050 m)
[INFO] [1790791834.706421, 1016.072000]: [mission] fase "arco2": modo whole-body/Fuzzy (YAML)
[INFO] [1790791834.912570, 1016.273000]: [mission] plano de exclusão publicado: parede em [ 3.e-03  3.e+00 -1.e-03], normal segura [-0.002 -1.     0.   ]
[INFO] [1790791835.220902, 1016.578000]: [mission] fase "arco2": whole-body assumiu (base livre, restrita pelo plano de exclusão)
[INFO] [1790791835.222161, 1016.579000]: [mission] fase "arco2": whole-body a 0.0129 m do alvo — eixo=+5.8 prof=+1.9 alt=-11.3 mm
[INFO] [1790791835.625396, 1016.978000]: [mission] fase "arco2" alcançada por whole-body em 0.4s (0.0112 m) — no frame da parede eixo=+5.8 prof=-1.8 alt=-9.5 mm (tolerância 40/10/15)
[INFO] [1790791835.833379, 1017.185000]: [mission] waypoint de 30° — lâmina medida em 30.1° (abertura por CONTATO)
[INFO] [1790791836.337349, 1017.686000]: [mission] fase "desengata": modo IK iterativa (YAML)
[INFO] [1790791836.339743, 1017.688000]: [mission] âncora engatada (fase "desengata")
[INFO] [1790791838.370138, 1019.691000]: [mission] fase "desengata" it0: ponta (0.293, 2.777, 0.748) erro=0.0082 | degrau eixo 6.0° | rolagem 6.4° | IK pediu [-18.2 -22.7  -0.   85.2  78.2] | faltou [ 0.2 -0.2 -0.3 -0.4 -0. ] graus
[INFO] [1790791838.375233, 1019.696000]: [mission] fase "desengata" alcançada em 1 iteração(ões) (0.0082 m)
[INFO] [1790791838.893672, 1020.209000]: [mission] MANIPULATE concluída — chave ABERTA, lâmina medida em 30.6°
[INFO] [1790791838.895988, 1020.211000]: State machine transitioning 'MANIPULATE':'done'-->'RETRACT'
[INFO] [1790791839.307811, 1020.618000]: [mission] âncora engatada (fase "saida_sobe")
[INFO] [1790791840.957109, 1022.248000]: [mission] fase "saida_sobe" it0: ponta (0.293, 2.785, 0.774) erro=0.0077 | degrau eixo 5.8° | rolagem 6.0° | IK pediu [-18.2 -19.5   0.   83.3  78. ] | faltou [ 0.  -0.5 -0.2 -0.1  0. ] graus
[INFO] [1790791840.959828, 1022.251000]: [mission] fase "saida_sobe" it0: no frame da parede eixo=-0.1 prof=+6.4 alt=+4.3 mm (tolerância 30/20/10)
[INFO] [1790791840.961336, 1022.253000]: [mission] fase "saida_sobe" alcançada em 1 iteração(ões) (0.0077 m)
[INFO] [1790791840.964773, 1022.256000]: [mission] âncora engatada (fase "saida_eixo")
[INFO] [1790791842.881380, 1024.161000]: [mission] fase "saida_eixo" it0: ponta (0.412, 2.786, 0.773) erro=0.0093 | degrau eixo 12.1° | rolagem 12.9° | IK pediu [-27.8 -17.7  -0.   74.9  70.1] | faltou [ 0.2 -0.3 -0.4 -0.5 -0. ] graus
[INFO] [1790791842.883952, 1024.164000]: [mission] fase "saida_eixo" it0: no frame da parede eixo=-0.6 prof=+7.5 alt=+5.5 mm (tolerância 20/20/15)
[INFO] [1790791842.885627, 1024.166000]: [mission] fase "saida_eixo" alcançada em 1 iteração(ões) (0.0093 m)
[INFO] [1790791842.890260, 1024.170000]: [mission] âncora engatada (fase "saida_fora")
[INFO] [1790791845.662858, 1026.900000]: [mission] fase "saida_fora" it0: ponta (0.411, 2.685, 0.776) erro=0.0071 | degrau eixo 6.5° | rolagem 7.5° | IK pediu [-31.6 -21.4   0.   96.9  64. ] | faltou [ 0.   0.  -0.7 -1.4 -0. ] graus
[INFO] [1790791845.668241, 1026.905000]: [mission] fase "saida_fora" it0: no frame da parede eixo=-1.7 prof=+6.5 alt=+2.3 mm (tolerância 30/20/20)
[INFO] [1790791845.670517, 1026.907000]: [mission] âncora solta — 1 correções de deriva
[INFO] [1790791845.672288, 1026.909000]: [mission] fase "saida_fora" alcançada em 1 iteração(ões) (0.0071 m) — âncora corrigiu 1 vez(es)
[INFO] [1790791845.674552, 1026.911000]: [mission] RETRACT/afasta: RECUANDO 0.250 m só com as rodas
[INFO] [1790791850.683419, 1031.864000]: [mission] RETRACT/afasta: concluído (0.253 m)
[INFO] [1790791850.684971, 1031.865000]: [mission] postura "stow_home" comandada: [0.0, 1.13, -1.04, -1.8, 0.0]
[INFO] [1790791862.549917, 1043.567000]: State machine transitioning 'RETRACT':'ok'-->'RETURN'
[INFO] [1790791862.552221, 1043.569000]: [mission] RETURN — voltando a (0.00, 1.00, 0.00 rad)
[INFO] [1790791878.440249, 1059.221000]: [mission] RETURN: alinhado, avançando (1.16 m)
[INFO] [1790791878.491260, 1059.271000]: [mission] teto por postura ativo no drive: v<=0.23 w<=0.50 rampa 0.51/1.52
[INFO] [1790791887.415868, 1068.071000]: [mission] RETURN: chegou, ajustando heading final
[INFO] [1790791887.466346, 1068.121000]: [mission] teto por postura ativo no drive: v<=0.22 w<=0.50 rampa 0.51/1.52
[INFO] [1790791896.608409, 1077.171000]: [mission] RETURN: concluído
[INFO] [1790791896.609395, 1077.172000]: State machine terminating 'RETURN':'home':'MISSION_OK'
[INFO] [1790791896.610177, 1077.173000]: [mission] resultado: MISSION_OK
... logging to /home/marco/.ros/log/cfdb7cbc-bcf7-11f1-bfd5-b025aa85b2a2/roslaunch-shiroi-2073264.log
Checking log directory for disk usage. This may take a while.
Press Ctrl-C to interrupt
]2;/home/marco/b166er/src/b166er_whole_body_control/launch/chave_mission.launch
[1mstarted roslaunch server http://shiroi:40105/[0m

SUMMARY
========

PARAMETERS
 * /chave_mission/estado_final: 
 * /chave_mission/estado_inicial: STOW_INIT
 * /chave_mission/pausa_por_fase: False
 * /chave_mission/search_omega: 0.35
 * /chave_mission/standoff_distance: 0.62
 * /chave_mission/use_wholebody: False
 * /chave_seccionadora_task/aproxima_lateral/modo: ik
 * /chave_seccionadora_task/aproxima_lateral/offset_xyz_m: [-0.09, 0.0, 0.01]
 * /chave_seccionadora_task/aproxima_lateral/tol_xyz_m: [0.04, 0.008, 0.005]
 * /chave_seccionadora_task/arco1/blade_angle_deg: 15
 * /chave_seccionadora_task/arco1/deriva_eixo_max_m: 0.015
 * /chave_seccionadora_task/arco1/modo: wb
 * /chave_seccionadora_task/arco1/offset_xyz_m: [0.0, 0.0518, -0....
 * /chave_seccionadora_task/arco1/soltura_recuo_min_m: 0.04
 * /chave_seccionadora_task/arco1/tol_xyz_m: [0.04, 0.01, 0.015]
 * /chave_seccionadora_task/arco2/blade_angle_deg: 30
 * /chave_seccionadora_task/arco2/deriva_eixo_max_m: 0.015
 * /chave_seccionadora_task/arco2/modo: wb
 * /chave_seccionadora_task/arco2/offset_xyz_m: [0.0, 0.1, -0.0518]
 * /chave_seccionadora_task/arco2/tol_xyz_m: [0.04, 0.01, 0.015]
 * /chave_seccionadora_task/atravessa/modo: ik
 * /chave_seccionadora_task/atravessa/offset_xyz_m: [-0.008, 0.0, 0.01]
 * /chave_seccionadora_task/atravessa/tol_xyz_m: [0.008, 0.006, 0....
 * /chave_seccionadora_task/captura/modo: ik
 * /chave_seccionadora_task/captura/offset_xyz_m: [0.0, 0.0, -0.01]
 * /chave_seccionadora_task/captura/tol_xyz_m: [0.04, 0.006, 0.01]
 * /chave_seccionadora_task/desengata/modo: ik
 * /chave_seccionadora_task/desengata/offset_xyz_m: [-0.09, 0.1, -0.0...
 * /chave_seccionadora_task/destrava/curso_estagna_m: 0.01
 * /chave_seccionadora_task/destrava/curso_margem_m: 0.002
 * /chave_seccionadora_task/destrava/curso_min_m: 0.018
 * /chave_seccionadora_task/destrava/modo: wb
 * /chave_seccionadora_task/destrava/offset_xyz_m: [0.0, 0.0, -0.025]
 * /chave_seccionadora_task/destrava/tol_xyz_m: [0.04, 0.006, 0.004]
 * /chave_seccionadora_task/libera/deriva_eixo_max_m: 0.015
 * /chave_seccionadora_task/libera/modo: wb
 * /chave_seccionadora_task/libera/offset_xyz_m: [0.0, 0.03, -0.025]
 * /chave_seccionadora_task/libera/tol_xyz_m: [0.04, 0.008, 0.006]
 * /chave_seccionadora_task/orienta/modo: ik
 * /chave_seccionadora_task/orienta/offset_xyz_m: [-0.09, 0.15, 0.0...
 * /chave_seccionadora_task/reassenta_sobe/tol_xyz_m: [0.03, 0.02, 0.005]
 * /chave_seccionadora_task/saida_eixo/tol_xyz_m: [0.02, 0.02, 0.015]
 * /chave_seccionadora_task/saida_fora/tol_xyz_m: [0.03, 0.02, 0.02]
 * /chave_seccionadora_task/saida_sobe/tol_xyz_m: [0.03, 0.02, 0.01]
 * /chave_seccionadora_task/target_frame: chave_olhal_link
 * /fuzzy_wb_controller/fixed_gains: []
 * /rosdistro: noetic
 * /rosversion: 1.17.4

NODES
  /
    chave_mission (b166er_whole_body_control/chave_mission.py)

[1mROS_MASTER_URI=http://localhost:11311[0m
]2;/home/marco/b166er/src/b166er_whole_body_control/launch/chave_mission.launch http://localhost:11311
[1mprocess[chave_mission-1]: started with pid [2073308][0m
[1m[chave_mission-1] process has finished cleanly
log file: /home/marco/.ros/log/cfdb7cbc-bcf7-11f1-bfd5-b025aa85b2a2/chave_mission-1*.log[0m
all processes on machine have died, roslaunch will exit
shutting down processing monitor...
... shutting down processing monitor complete
[1mdone[0m
