[WARN] [1789147980.736060, 91.869000]: [mission] SEARCH: 2 de 25 amostras descartadas como outlier (>0.15 m ou >0.20 rad da mediana)
[INFO] [1789147918.064721, 68.140000]: State machine starting in initial state 'STOW_INIT' with userdata: 
	[]
[INFO] [1789147918.989978, 68.447000]: [mission] pose de partida registrada: (0.00, 1.00, 0.00 rad)
[INFO] [1789147918.994861, 68.448000]: [mission] postura "stow_home" comandada: [0.0, 1.13, -1.04, -1.8, 0.0]
[INFO] [1789147919.278096, 68.552000]: State machine transitioning 'STOW_INIT':'ok'-->'SEARCH'
[INFO] [1789147919.328310, 68.561000]: [mission] postura "search" comandada: [0.0, 1.0, -1.0, 0.0, 0.0]
[INFO] [1789147935.329553, 74.569000]: [mission] SEARCH — girando à procura da tag...
[INFO] [1789147935.335894, 74.571000]: [mission] SEARCH: amostra quando a tag estiver a raio 0.35-0.50 do quadro (vista oblíqua; omega fina 0.15 rad/s)
[INFO] [1789147938.816602, 75.925000]: [mission] SEARCH: tag a raio 0.93 — girando até <= 0.50
[INFO] [1789147958.184961, 83.276000]: [mission] SEARCH: tag a raio 0.50 — parando
[INFO] [1789147958.191442, 83.279000]: [mission] tag avistada — parando para medir
[INFO] [1789147960.780624, 84.291000]: [mission] âncora engatada (coleta do SEARCH)
[INFO] [1789147960.791363, 84.296000]: [mission] SEARCH: coleta com dither ±0.05 rad/s (período 3.0 s)
[INFO] [1789147980.662014, 91.838000]: [mission] âncora solta — 15 correções de deriva
[INFO] [1789147980.671465, 91.843000]: [mission] SEARCH: âncora corrigiu a deriva 15 vez(es) durante a coleta
[INFO] [1789147980.741934, 91.876000]: [mission] SEARCH: 23 amostras — parede (0.029, 3.120, -0.004) yaw=2.859
[INFO] [1789147980.751167, 91.882000]: [mission] parede localizada em (0.029, 3.120, -0.004)
[INFO] [1789147980.826133, 91.896000]: State machine transitioning 'SEARCH':'found'-->'APPROACH'
[INFO] [1789147980.834824, 91.897000]: [mission] APPROACH etapa 1/2 — 1.30 m do olhal, alvo (-0.18, 1.69, 1.29 rad)
[INFO] [1789147993.234583, 96.597000]: [mission] APPROACH: alinhado, avançando (0.88 m)
[INFO] [1789147993.394762, 96.647000]: [mission] teto por postura ativo no drive: v<=0.17 w<=0.50 rampa 0.45/1.52
[INFO] [1789148011.825762, 103.548000]: [mission] APPROACH: chegou, ajustando heading final
[INFO] [1789148011.956020, 103.597000]: [mission] teto por postura ativo no drive: v<=0.17 w<=0.50 rampa 0.45/1.52
[INFO] [1789148020.826155, 106.848000]: [mission] APPROACH: concluído
[INFO] [1789148023.430433, 107.856000]: [mission] âncora engatada (coleta do APPROACH/remedida)
[INFO] [1789148023.434443, 107.857000]: [mission] APPROACH/remedida: coleta com dither ±0.05 rad/s (período 3.0 s)
[INFO] [1789148025.415551, 108.608000]: [mission] âncora solta — 1 correções de deriva
[INFO] [1789148025.419224, 108.611000]: [mission] APPROACH/remedida: âncora corrigiu a deriva 1 vez(es) durante a coleta
[INFO] [1789148025.422413, 108.611000]: [mission] APPROACH/remedida: 10 amostras — parede (0.008, 3.008, -0.003) yaw=-3.141
[INFO] [1789148025.425066, 108.611000]: [mission] APPROACH etapa 2/2 — 0.88 m do olhal, alvo (0.38, 2.00, 1.57 rad)
[INFO] [1789148025.460021, 108.615000]: [mission] teto por postura ativo no drive: v<=0.17 w<=0.50 rampa 0.45/1.52
[INFO] [1789148039.900594, 113.964000]: [mission] APPROACH: alinhado, avançando (0.73 m)
[INFO] [1789148039.996858, 114.013000]: [mission] teto por postura ativo no drive: v<=0.17 w<=0.50 rampa 0.45/1.52
[INFO] [1789148056.736033, 120.213000]: [mission] APPROACH: chegou, ajustando heading final
[INFO] [1789148056.881252, 120.264000]: [mission] teto por postura ativo no drive: v<=0.17 w<=0.50 rampa 0.45/1.52
[INFO] [1789148076.724657, 127.763000]: [mission] APPROACH: concluído
[INFO] [1789148076.758084, 127.777000]: State machine transitioning 'APPROACH':'arrived'-->'REFINE'
[INFO] [1789148076.767863, 127.779000]: [mission] REFINE — remedindo a parede de perto (10 amostras)
[INFO] [1789148076.789979, 127.788000]: [mission] âncora engatada (coleta do REFINE)
[INFO] [1789148076.796355, 127.790000]: [mission] REFINE: coleta com dither ±0.05 rad/s (período 3.0 s)
[INFO] [1789148078.733174, 128.450000]: [mission] âncora solta — 1 correções de deriva
[INFO] [1789148078.739038, 128.452000]: [mission] REFINE: âncora corrigiu a deriva 1 vez(es) durante a coleta
[INFO] [1789148078.746876, 128.456000]: [mission] REFINE: 10 amostras — parede (0.001, 3.004, -0.000) yaw=3.135
[INFO] [1789148078.753407, 128.461000]: [mission] REFINE: deslocou 0.008 m da estimativa anterior
[INFO] [1789148078.763330, 128.465000]: [mission] olhal estimado em (0.200, 2.873, 0.805)
[INFO] [1789148078.788983, 128.481000]: State machine transitioning 'REFINE':'ok'-->'DEPLOY'
[INFO] [1789148078.852799, 128.492000]: [mission] DEPLOY: IK resolvida para a POSE DE MANIPULAÇÃO (0.20, 2.25, 1.56 rad), não para a atual
[INFO] [1789148174.464612, 160.473000]: [mission] DEPLOY: IK nivelada 0.0691 m, só eixo 0.0009 m — a MISSÃO INTEIRA usa "eixo"
[INFO] [1789148174.481562, 160.476000]: [mission] DEPLOY: IK da ponta resolvida (resíduo 0.0009 m, degrau 0.4°) — pré-posicionando em [ -7.3 -46.5  60.   79.5  -7.3] graus
[INFO] [1789148192.714792, 167.381000]: [mission] plano de exclusão publicado: parede em [ 1.000e-03  3.004e+00 -0.000e+00], normal segura [-0.007 -1.     0.   ]
[INFO] [1789148193.280521, 167.595000]: [mission] teto por postura ativo no drive: v<=0.24 w<=0.50 rampa 0.53/1.73
[INFO] [1789148207.208519, 172.795000]: [mission] DEPLOY/aproxima: alinhado, avançando (0.39 m)
[INFO] [1789148207.366132, 172.846000]: [mission] teto por postura ativo no drive: v<=0.24 w<=0.50 rampa 0.53/1.72
[INFO] [1789148218.196123, 176.795000]: [mission] DEPLOY/aproxima: chegou, ajustando heading final
[INFO] [1789148234.019702, 182.595000]: [mission] DEPLOY/aproxima: concluído
[INFO] [1789148234.023940, 182.597000]: State machine transitioning 'DEPLOY':'ok'-->'MANIPULATE'
[INFO] [1789148234.034506, 182.602000]: [mission] fase "orienta": modo IK iterativa (YAML)
[INFO] [1789148234.055007, 182.613000]: [mission] âncora engatada (fase "orienta")
[INFO] [1789148241.868802, 185.438000]: [mission] fase "orienta" it0: ponta (0.289, 2.724, 0.812) erro=0.0019 | degrau eixo 0.1° | rolagem 0.4° | IK pediu [-17.8 -34.9  38.3  86.1 -13.3] | faltou [-0.  -0.2 -0.   0.3  0. ] graus
[INFO] [1789148241.879965, 185.444000]: [mission] âncora solta — 1 correções de deriva
[INFO] [1789148241.888510, 185.449000]: [mission] fase "orienta" alcançada em 1 iteração(ões) (0.0019 m) — âncora corrigiu 1 vez(es)
[INFO] [1789148243.194731, 185.958000]: [mission] fase "aproxima_lateral": modo IK iterativa (YAML)
[INFO] [1789148243.236870, 185.960000]: [mission] âncora engatada (fase "aproxima_lateral")
[INFO] [1789148254.892632, 190.161000]: [mission] fase "aproxima_lateral" it0: ponta (0.288, 2.878, 0.810) erro=0.0081 | degrau eixo 4.3° | rolagem 24.8° | IK pediu [-14.9 -13.2   0.   78.9  -9.5] | faltou [ 0.  -0.4 -0.3 -0.2 -0. ] graus
[INFO] [1789148254.901866, 190.164000]: [mission] fase "aproxima_lateral" it0: no frame da parede eixo=-2.0 prof=+6.1 alt=+4.9 mm (tolerância 40/8/5)
[INFO] [1789148254.907512, 190.165000]: [mission] âncora solta — 1 correções de deriva
[INFO] [1789148254.913131, 190.168000]: [mission] fase "aproxima_lateral" alcançada em 1 iteração(ões) (0.0081 m) — âncora corrigiu 1 vez(es)
[INFO] [1789148256.197170, 190.677000]: [mission] fase "atravessa": modo IK iterativa (YAML)
[INFO] [1789148256.207690, 190.683000]: [mission] âncora engatada (fase "atravessa")
[INFO] [1789148263.216023, 193.118000]: [mission] fase "atravessa" it0: ponta (0.228, 2.875, 0.810) erro=0.0206 | degrau eixo 1.3° | rolagem 22.9° | IK pediu [ -8.1 -14.3   0.5  82.1  -3.2] | faltou [-1.9 -0.5  0.1 -0.9 -0.9] graus
[INFO] [1789148263.224212, 193.122000]: [mission] fase "atravessa" it0: no frame da parede eixo=+19.9 prof=+3.1 alt=+4.5 mm (tolerância 8/6/5)
[INFO] [1789148268.880245, 195.145000]: [mission] fase "atravessa" it1: ponta (0.209, 2.871, 0.813) erro=0.0023 | degrau eixo 0.7° | rolagem 21.5° | IK pediu [ -6.9 -14.4   1.1  82.9  -1.9] | faltou [-1.4 -0.3 -0.3 -0.5 -0.2] graus
[INFO] [1789148268.891695, 195.149000]: [mission] fase "atravessa" it1: no frame da parede eixo=+0.7 prof=-1.7 alt=+1.3 mm (tolerância 8/6/5)
[WARN] [1789148287.351948, 201.219000]: [mission] fase "destrava": descida estagnou em 11.3 mm (mín 10 para aceitar; alvo 18) — fim de curso do mecanismo, fechando a fase
[WARN] [1789148287.960973, 201.435000]: [mission] destrava: lingueta em 4.7 mm (esperado ≥ 12) — o gatilho pode não ter soltado
[WARN] [1789148351.358327, 222.522000]: [mission] RETRACT: ponta a 0.151 m do olhal — saindo em degraus: sobe 30 mm, 120 mm pelo eixo do furo, 100 mm para fora, antes de recolher
[INFO] [1789148268.933325, 195.153000]: [mission] âncora solta — 1 correções de deriva
[INFO] [1789148268.948968, 195.153000]: [mission] fase "atravessa" alcançada em 2 iteração(ões) (0.0023 m) — âncora corrigiu 1 vez(es)
[INFO] [1789148270.413089, 195.661000]: [mission] fase "captura": modo IK iterativa (YAML)
[INFO] [1789148270.427940, 195.670000]: [mission] âncora engatada (fase "captura")
[INFO] [1789148276.366058, 197.675000]: [mission] fase "captura" it0: ponta (0.209, 2.873, 0.794) erro=0.0084 | degrau eixo 1.0° | rolagem 22.5° | IK pediu [ -7.5 -16.8   0.5  84.1  -2.5] | faltou [-0.9 -0.2  0.2 -0.2  0.2] graus
[INFO] [1789148276.379606, 197.680000]: [mission] fase "captura" it0: no frame da parede eixo=+8.3 prof=+0.6 alt=+0.7 mm (tolerância 40/6/10)
[INFO] [1789148276.386670, 197.686000]: [mission] fase "captura" alcançada em 1 iteração(ões) (0.0084 m)
[INFO] [1789148276.462177, 197.696000]: [mission] captura: ponta registrada em eixo=-8.3 prof=-0.6 alt=-10.7 mm (zero da descida do destrava e da deriva de eixo)
[INFO] [1789148277.803801, 198.201000]: [mission] fase "destrava": alvo em altura relativo à captura: -30.7 mm (captura -10.7 − curso 18 − margem 2)
[INFO] [1789148277.822795, 198.213000]: [mission] fase "destrava": modo whole-body/Fuzzy (YAML)
[INFO] [1789148278.377990, 198.415000]: [mission] plano de exclusão publicado: parede em [ 1.000e-03  3.004e+00 -0.000e+00], normal segura [-0.007 -1.     0.   ]
[INFO] [1789148279.286283, 198.715000]: [mission] fase "destrava": whole-body assumiu (base livre, restrita pelo plano de exclusão)
[INFO] [1789148279.298325, 198.718000]: [mission] fase "destrava": whole-body a 0.0213 m do alvo — eixo=+8.3 prof=+0.5 alt=-19.6 mm
[INFO] [1789148285.807995, 200.720000]: [mission] fase "destrava": whole-body a 0.0121 m do alvo — eixo=+8.1 prof=-3.5 alt=-8.2 mm
[INFO] [1789148287.953697, 201.433000]: [mission] destrava: ponta desceu 11.6 mm desde a captura (critério observável) | lingueta 4.7 mm (só na simulação)
[INFO] [1789148289.307774, 201.940000]: [mission] fase "libera": modo whole-body/Fuzzy (YAML)
[INFO] [1789148289.889659, 202.149000]: [mission] plano de exclusão publicado: parede em [ 1.000e-03  3.004e+00 -0.000e+00], normal segura [-0.007 -1.     0.   ]
[INFO] [1789148290.829422, 202.462000]: [mission] fase "libera": whole-body assumiu (base livre, restrita pelo plano de exclusão)
[INFO] [1789148291.788924, 202.763000]: [mission] fase "libera": whole-body a 0.0265 m do alvo — eixo=+8.1 prof=+25.2 alt=+0.6 mm
[INFO] [1789148298.703167, 204.864000]: [mission] fase "libera": whole-body a 0.0219 m do alvo — eixo=+8.1 prof=+20.0 alt=+3.5 mm
[INFO] [1789148305.251718, 206.963000]: [mission] fase "libera": whole-body a 0.0215 m do alvo — eixo=+8.1 prof=+19.6 alt=+4.0 mm
[INFO] [1789148312.030925, 209.063000]: [mission] fase "libera": whole-body a 0.0214 m do alvo — eixo=+8.1 prof=+19.2 alt=+4.7 mm
[INFO] [1789148318.439237, 211.167000]: [mission] fase "libera": whole-body a 0.0345 m do alvo — eixo=+8.3 prof=-33.4 alt=+0.0 mm
[INFO] [1789148325.032291, 213.263000]: [mission] fase "libera": whole-body a 0.0090 m do alvo — eixo=+8.1 prof=-0.0 alt=-4.0 mm
[INFO] [1789148325.905583, 213.563000]: [mission] fase "libera" alcançada por whole-body em 11.1s (0.0083 m) — no frame da parede eixo=+8.0 prof=+0.4 alt=-1.9 mm (tolerância 40/8/6)
[INFO] [1789148327.854289, 214.267000]: [mission] fase "arco1"/puxa: RECUANDO 0.022 m só com as rodas
[INFO] [1789148329.101696, 214.722000]: [mission] fase "arco1"/puxa: concluído (0.024 m)
[INFO] [1789148329.106105, 214.724000]: [mission] fase "arco1": modo whole-body/Fuzzy (YAML)
[INFO] [1789148329.657376, 214.927000]: [mission] plano de exclusão publicado: parede em [ 1.000e-03  3.004e+00 -0.000e+00], normal segura [-0.007 -1.     0.   ]
[INFO] [1789148330.619856, 215.231000]: [mission] fase "arco1": whole-body assumiu (base livre, restrita pelo plano de exclusão)
[INFO] [1789148330.958585, 215.335000]: [mission] fase "arco1": whole-body a 0.0091 m do alvo — eixo=+8.2 prof=+1.2 alt=-3.7 mm
[INFO] [1789148332.022580, 215.635000]: [mission] fase "arco1" alcançada por whole-body em 0.4s (0.0090 m) — no frame da parede eixo=+8.3 prof=-1.3 alt=-3.2 mm (tolerância 40/10/15)
[INFO] [1789148332.031269, 215.637000]: [mission] arco1: SOLTURA observável — recuo 53.7 mm desde a captura (mín 40) com deriva de eixo +0.1 mm → SOLTA
[INFO] [1789148332.740994, 215.847000]: [mission] waypoint de 15° — lâmina medida em 14.6° (abertura por CONTATO)
[INFO] [1789148334.164455, 216.347000]: [mission] fase "arco2"/puxa: RECUANDO 0.048 m só com as rodas
[INFO] [1789148336.344677, 217.151000]: [mission] fase "arco2"/puxa: concluído (0.051 m)
[INFO] [1789148336.384367, 217.155000]: [mission] fase "arco2": modo whole-body/Fuzzy (YAML)
[INFO] [1789148336.940496, 217.356000]: [mission] plano de exclusão publicado: parede em [ 1.000e-03  3.004e+00 -0.000e+00], normal segura [-0.007 -1.     0.   ]
[INFO] [1789148337.817885, 217.658000]: [mission] fase "arco2": whole-body assumiu (base livre, restrita pelo plano de exclusão)
[INFO] [1789148337.824641, 217.661000]: [mission] fase "arco2": whole-body a 0.0156 m do alvo — eixo=+8.6 prof=-4.9 alt=-12.1 mm
[INFO] [1789148339.012737, 218.060000]: [mission] fase "arco2" alcançada por whole-body em 0.4s (0.0168 m) — no frame da parede eixo=+8.4 prof=-6.8 alt=-12.8 mm (tolerância 40/10/15)
[INFO] [1789148339.602880, 218.286000]: [mission] waypoint de 30° — lâmina medida em 29.4° (abertura por CONTATO)
[INFO] [1789148340.967408, 218.788000]: [mission] fase "desengata": modo IK iterativa (YAML)
[INFO] [1789148340.974485, 218.791000]: [mission] âncora engatada (fase "desengata")
[INFO] [1789148348.895220, 221.586000]: [mission] fase "desengata" it0: ponta (0.297, 2.770, 0.749) erro=0.0078 | degrau eixo 3.8° | rolagem 26.6° | IK pediu [-15.8 -20.9  -0.   85.1  -7.9] | faltou [ 0.1  0.3 -1.4  0.2 -0. ] graus
[INFO] [1789148348.907052, 221.591000]: [mission] fase "desengata" alcançada em 1 iteração(ões) (0.0078 m)
[INFO] [1789148350.289793, 222.115000]: [mission] MANIPULATE concluída — chave ABERTA, lâmina medida em 29.3°
[INFO] [1789148350.295879, 222.117000]: State machine transitioning 'MANIPULATE':'done'-->'RETRACT'
[INFO] [1789148351.369350, 222.527000]: [mission] âncora engatada (fase "saida_sobe")
[INFO] [1789148357.352145, 224.593000]: [mission] fase "saida_sobe" it0: ponta (0.298, 2.774, 0.775) erro=0.0059 | degrau eixo 3.9° | rolagem 25.2° | IK pediu [-15.8 -17.8  -0.   83.2  -8.7] | faltou [ 0.   0.1 -1.2  0.2 -0. ] graus
[INFO] [1789148357.363918, 224.595000]: [mission] fase "saida_sobe" it0: no frame da parede eixo=+1.3 prof=+3.2 alt=+4.8 mm (tolerância 30/20/10)
[INFO] [1789148357.375423, 224.604000]: [mission] fase "saida_sobe" alcançada em 1 iteração(ões) (0.0059 m)
[INFO] [1789148357.393249, 224.614000]: [mission] âncora engatada (fase "saida_eixo")
[INFO] [1789148364.578586, 227.252000]: [mission] fase "saida_eixo" it0: ponta (0.418, 2.773, 0.773) erro=0.0069 | degrau eixo 9.7° | rolagem 30.6° | IK pediu [-25.5 -15.7  -0.   75.  -17. ] | faltou [ 0.1  0.9 -3.   1.  -0. ] graus
[INFO] [1789148364.587289, 227.254000]: [mission] fase "saida_eixo" it0: no frame da parede eixo=+1.1 prof=+3.1 alt=+6.1 mm (tolerância 20/20/15)
[INFO] [1789148364.592309, 227.257000]: [mission] fase "saida_eixo" alcançada em 1 iteração(ões) (0.0069 m)
[INFO] [1789148364.611935, 227.270000]: [mission] âncora engatada (fase "saida_fora")
[INFO] [1789148374.147523, 230.626000]: [mission] fase "saida_fora" it0: ponta (0.415, 2.673, 0.777) erro=0.0045 | degrau eixo 4.6° | rolagem 12.9° | IK pediu [-28.6 -20.4   0.   98.3 -22.2] | faltou [ 0.  -0.  -0.6 -1.2 -0. ] graus
[INFO] [1789148374.157485, 230.629000]: [mission] fase "saida_fora" it0: no frame da parede eixo=-1.0 prof=+3.8 alt=+2.3 mm (tolerância 30/20/20)
[INFO] [1789148374.161471, 230.630000]: [mission] fase "saida_fora" alcançada em 1 iteração(ões) (0.0045 m)
[INFO] [1789148374.167036, 230.631000]: [mission] RETRACT/afasta: RECUANDO 0.250 m só com as rodas
[INFO] [1789148386.143320, 235.133000]: [mission] RETRACT/afasta: concluído (0.251 m)
[INFO] [1789148386.150146, 235.136000]: [mission] postura "stow_home" comandada: [0.0, 1.13, -1.04, -1.8, 0.0]
[INFO] [1789148418.418844, 246.936000]: State machine transitioning 'RETRACT':'ok'-->'RETURN'
[INFO] [1789148418.430018, 246.941000]: [mission] RETURN — voltando a (0.00, 1.00, 0.00 rad)
[INFO] [1789148455.260801, 260.595000]: [mission] RETURN: alinhado, avançando (1.16 m)
[INFO] [1789148455.407197, 260.645000]: [mission] teto por postura ativo no drive: v<=0.23 w<=0.50 rampa 0.51/1.51
[INFO] [1789148478.454885, 269.245000]: [mission] RETURN: chegou, ajustando heading final
[INFO] [1789148478.548688, 269.296000]: [mission] teto por postura ativo no drive: v<=0.23 w<=0.50 rampa 0.51/1.52
[INFO] [1789148497.977834, 276.148000]: [mission] RETURN: concluído
[INFO] [1789148497.992229, 276.150000]: State machine terminating 'RETURN':'home':'MISSION_OK'
[INFO] [1789148498.004289, 276.158000]: [mission] resultado: MISSION_OK
... logging to /home/robo/.ros/log/407f1808-ae06-11f1-b31e-3413e824a1df/roslaunch-b166er-nuc-36551.log
Checking log directory for disk usage. This may take a while.
Press Ctrl-C to interrupt
Done checking log file disk usage. Usage is <1GB.
]2;/home/robo/b166er/src/b166er_whole_body_control/launch/chave_mission.launch
[1mstarted roslaunch server http://b166er-nuc:44875/[0m

SUMMARY
========

PARAMETERS
 * /chave_mission/estado_final: 
 * /chave_mission/estado_inicial: STOW_INIT
 * /chave_mission/pausa_por_fase: False
 * /chave_mission/search_omega: 0.35
 * /chave_mission/standoff_distance: 0.62
 * /chave_mission/use_wholebody: False
 * /chave_seccionadora_task/aproxima_lateral/modo: ik
 * /chave_seccionadora_task/aproxima_lateral/offset_xyz_m: [-0.09, 0.0, 0.01]
 * /chave_seccionadora_task/aproxima_lateral/tol_xyz_m: [0.04, 0.008, 0.005]
 * /chave_seccionadora_task/arco1/blade_angle_deg: 15
 * /chave_seccionadora_task/arco1/deriva_eixo_max_m: 0.015
 * /chave_seccionadora_task/arco1/modo: wb
 * /chave_seccionadora_task/arco1/offset_xyz_m: [0.0, 0.0518, -0....
 * /chave_seccionadora_task/arco1/soltura_recuo_min_m: 0.04
 * /chave_seccionadora_task/arco1/tol_xyz_m: [0.04, 0.01, 0.015]
 * /chave_seccionadora_task/arco2/blade_angle_deg: 30
 * /chave_seccionadora_task/arco2/deriva_eixo_max_m: 0.015
 * /chave_seccionadora_task/arco2/modo: wb
 * /chave_seccionadora_task/arco2/offset_xyz_m: [0.0, 0.1, -0.0518]
 * /chave_seccionadora_task/arco2/tol_xyz_m: [0.04, 0.01, 0.015]
 * /chave_seccionadora_task/atravessa/modo: ik
 * /chave_seccionadora_task/atravessa/offset_xyz_m: [-0.008, 0.0, 0.01]
 * /chave_seccionadora_task/atravessa/tol_xyz_m: [0.008, 0.006, 0....
 * /chave_seccionadora_task/captura/modo: ik
 * /chave_seccionadora_task/captura/offset_xyz_m: [0.0, 0.0, -0.01]
 * /chave_seccionadora_task/captura/tol_xyz_m: [0.04, 0.006, 0.01]
 * /chave_seccionadora_task/desengata/modo: ik
 * /chave_seccionadora_task/desengata/offset_xyz_m: [-0.09, 0.1, -0.0...
 * /chave_seccionadora_task/destrava/curso_estagna_m: 0.01
 * /chave_seccionadora_task/destrava/curso_margem_m: 0.002
 * /chave_seccionadora_task/destrava/curso_min_m: 0.018
 * /chave_seccionadora_task/destrava/modo: wb
 * /chave_seccionadora_task/destrava/offset_xyz_m: [0.0, 0.0, -0.025]
 * /chave_seccionadora_task/destrava/tol_xyz_m: [0.04, 0.006, 0.004]
 * /chave_seccionadora_task/libera/deriva_eixo_max_m: 0.015
 * /chave_seccionadora_task/libera/modo: wb
 * /chave_seccionadora_task/libera/offset_xyz_m: [0.0, 0.03, -0.025]
 * /chave_seccionadora_task/libera/tol_xyz_m: [0.04, 0.008, 0.006]
 * /chave_seccionadora_task/orienta/modo: ik
 * /chave_seccionadora_task/orienta/offset_xyz_m: [-0.09, 0.15, 0.0...
 * /chave_seccionadora_task/reassenta_sobe/tol_xyz_m: [0.03, 0.02, 0.005]
 * /chave_seccionadora_task/saida_eixo/tol_xyz_m: [0.02, 0.02, 0.015]
 * /chave_seccionadora_task/saida_fora/tol_xyz_m: [0.03, 0.02, 0.02]
 * /chave_seccionadora_task/saida_sobe/tol_xyz_m: [0.03, 0.02, 0.01]
 * /chave_seccionadora_task/target_frame: chave_olhal_link
 * /fuzzy_wb_controller/fixed_gains: []
 * /rosdistro: noetic
 * /rosversion: 1.17.4

NODES
  /
    chave_mission (b166er_whole_body_control/chave_mission.py)

[1mROS_MASTER_URI=http://localhost:11311[0m
]2;/home/robo/b166er/src/b166er_whole_body_control/launch/chave_mission.launch http://localhost:11311
[1mprocess[chave_mission-1]: started with pid [36577][0m
[1m[chave_mission-1] process has finished cleanly
log file: /home/robo/.ros/log/407f1808-ae06-11f1-b31e-3413e824a1df/chave_mission-1*.log[0m
all processes on machine have died, roslaunch will exit
shutting down processing monitor...
... shutting down processing monitor complete
[1mdone[0m
