[31mWARNING: disk usage in log directory [/home/marco/.ros/log] is over 1GB.
It's recommended that you use the 'rosclean' command.[0m
the rosdep view is empty: call 'sudo rosdep init' and 'rosdep update'
[WARN] [1791466754.840288, 464.693000]: [mission] SEARCH: 5 de 25 amostras descartadas como outlier (>0.15 m ou >0.20 rad da mediana)
[WARN] [1791466754.894077, 464.748000]: [mission] SEARCH: laser discorda demais da tag (profundidade +71 mm, yaw +8.2°) — parede fica pela tag
[INFO] [1791466726.522223, 436.893000]: garra_dx = 0.000 m (fechada)
[INFO] [1791466726.602404, 436.973000]: State machine starting in initial state 'HOME' with userdata: 
	[]
[INFO] [1791466726.806066, 437.174000]: [mission] pose de partida registrada: (0.01, 1.00, -0.01 rad)
[INFO] [1791466726.815111, 437.179000]: [mission] HOME: homing pelos fins de curso (J4, J3, J2)
[INFO] [1791466728.858861, 439.185000]: [mission] HOME: braço nos fins de curso — partindo daqui para o SEARCH
[INFO] [1791466728.859497, 439.185000]: State machine transitioning 'HOME':'ok'-->'SEARCH'
[INFO] [1791466728.860278, 439.186000]: [mission] postura "search" comandada: [0.0, 1.0, -1.0, 0.0, 0.0]
[INFO] [1791466736.838997, 446.987000]: [mission] SEARCH — girando à procura da tag...
[INFO] [1791466736.840822, 446.989000]: [mission] SEARCH: amostra quando a tag estiver a raio 0.35-0.50 do quadro (vista oblíqua; omega fina 0.15 rad/s)
[INFO] [1791466739.689408, 449.791000]: [mission] SEARCH: tag a raio 0.90 — girando até <= 0.50
[INFO] [1791466746.191775, 456.193000]: [mission] SEARCH: tag a raio 0.50 — parando
[INFO] [1791466746.193544, 456.194000]: [mission] tag avistada — parando para medir
[INFO] [1791466747.221119, 457.204000]: [mission] âncora engatada (coleta do SEARCH)
[INFO] [1791466747.223048, 457.206000]: [mission] SEARCH: coleta com dither ±0.05 rad/s (período 3.0 s)
[INFO] [1791466754.823345, 464.678000]: [mission] âncora solta — 13 correções de deriva
[INFO] [1791466754.824671, 464.679000]: [mission] SEARCH: âncora corrigiu a deriva 13 vez(es) durante a coleta
[INFO] [1791466754.841551, 464.696000]: [mission] SEARCH: 20 amostras — parede (0.015, 3.073, -0.003) yaw=2.994
[INFO] [1791466754.896249, 464.751000]: [mission] parede localizada em (0.015, 3.073, -0.003)
[INFO] [1791466754.903436, 464.758000]: State machine transitioning 'SEARCH':'found'-->'APPROACH'
[INFO] [1791466754.905260, 464.760000]: [mission] APPROACH etapa 1/2 — 1.30 m do olhal, alvo (0.00, 1.63, 1.42 rad)
[INFO] [1791466758.211551, 468.011000]: [mission] APPROACH: alinhado, avançando (0.74 m)
[INFO] [1791466758.262163, 468.061000]: [mission] teto por postura ativo no drive: v<=0.18 w<=0.50 rampa 0.46/1.51
[INFO] [1791466764.332780, 474.011000]: [mission] APPROACH: chegou, ajustando heading final
[INFO] [1791466764.383178, 474.061000]: [mission] teto por postura ativo no drive: v<=0.18 w<=0.50 rampa 0.46/1.51
[INFO] [1791466765.915026, 475.561000]: [mission] APPROACH: concluído
[INFO] [1791466766.925438, 476.564000]: [mission] âncora engatada (coleta do APPROACH/remedida)
[INFO] [1791466766.926296, 476.565000]: [mission] APPROACH/remedida: coleta com dither ±0.05 rad/s (período 3.0 s)
[INFO] [1791466768.275962, 477.893000]: [mission] âncora solta — 2 correções de deriva
[INFO] [1791466768.279158, 477.896000]: [mission] APPROACH/remedida: âncora corrigiu a deriva 2 vez(es) durante a coleta
[INFO] [1791466768.282967, 477.899000]: [mission] APPROACH/remedida: 10 amostras — parede (0.003, 2.999, -0.003) yaw=-3.138
[INFO] [1791466768.338148, 477.953000]: [mission] APPROACH/remedida: parede pelo LASER — 79 pontos, resíduo 5.4 mm: profundidade +0.4 mm e yaw -0.35° em relação à tag → parede (0.003, 2.999, -0.003) yaw=3.139
[INFO] [1791466768.340298, 477.956000]: [mission] APPROACH etapa 2/2 — 0.88 m do olhal, alvo (0.37, 1.99, 1.57 rad)
[INFO] [1791466771.014238, 480.558000]: [mission] APPROACH: alinhado, avançando (0.54 m)
[INFO] [1791466771.060867, 480.608000]: [mission] teto por postura ativo no drive: v<=0.18 w<=0.50 rampa 0.46/1.51
[INFO] [1791466776.185206, 485.658000]: [mission] APPROACH: chegou, ajustando heading final
[INFO] [1791466776.237289, 485.708000]: [mission] teto por postura ativo no drive: v<=0.18 w<=0.50 rampa 0.46/1.51
[INFO] [1791466781.696329, 491.058000]: [mission] APPROACH: concluído
[INFO] [1791466781.702412, 491.064000]: State machine transitioning 'APPROACH':'arrived'-->'REFINE'
[INFO] [1791466781.703806, 491.066000]: [mission] REFINE — remedindo a parede de perto (10 amostras)
[INFO] [1791466781.707092, 491.069000]: [mission] âncora engatada (coleta do REFINE)
[INFO] [1791466781.708706, 491.070000]: [mission] REFINE: coleta com dither ±0.05 rad/s (período 3.0 s)
[INFO] [1791466783.074000, 492.401000]: [mission] âncora solta — 4 correções de deriva
[INFO] [1791466783.075743, 492.403000]: [mission] REFINE: âncora corrigiu a deriva 4 vez(es) durante a coleta
[INFO] [1791466783.076854, 492.404000]: [mission] REFINE: 10 amostras — parede (-0.007, 3.033, -0.007) yaw=3.114
[INFO] [1791466783.128554, 492.456000]: [mission] REFINE: parede pelo LASER — 80 pontos, resíduo 4.8 mm: profundidade +33.9 mm e yaw +1.71° em relação à tag → parede (-0.007, 2.999, -0.007) yaw=-3.140
[INFO] [1791466783.130365, 492.458000]: [mission] REFINE: deslocou 0.011 m da estimativa anterior
[INFO] [1791466783.131459, 492.459000]: [mission] olhal estimado em (0.194, 2.870, 0.798)
[INFO] [1791466783.136629, 492.464000]: State machine transitioning 'REFINE':'ok'-->'DEPLOY'
[INFO] [1791466783.138567, 492.466000]: [mission] DEPLOY: IK resolvida para a POSE DE MANIPULAÇÃO (0.19, 2.25, 1.57 rad), não para a atual
[INFO] [1791466788.080639, 494.745000]: [mission] DEPLOY: IK nivelada 0.0727 m, só eixo 0.0011 m — a MISSÃO INTEIRA usa "eixo"
[INFO] [1791466788.084529, 497.408000]: [mission] DEPLOY: IK da ponta resolvida (resíduo 0.0011 m, degrau 0.3°) — pré-posicionando em [-10.9 -47.6  60.   79.1 -10.9] graus
[INFO] [1791466799.000410, 508.110000]: [mission] plano de exclusão publicado: parede em [-0.007  2.999 -0.007], normal segura [ 0.002 -1.     0.   ]
[INFO] [1791466799.206342, 508.315000]: [mission] teto por postura ativo no drive: v<=0.26 w<=0.50 rampa 0.56/1.62
[INFO] [1791466802.463661, 511.515000]: [mission] DEPLOY/aproxima: alinhado, avançando (0.39 m)
[INFO] [1791466806.638733, 515.615000]: [mission] DEPLOY/aproxima: chegou, ajustando heading final
[INFO] [1791466811.047318, 519.915000]: [mission] DEPLOY/aproxima: concluído
[INFO] [1791466811.048635, 519.916000]: State machine transitioning 'DEPLOY':'ok'-->'MANIPULATE'
[INFO] [1791466811.050100, 519.918000]: [mission] fase "orienta": modo IK iterativa (YAML)
[INFO] [1791466811.054237, 519.922000]: [mission] âncora engatada (fase "orienta")
[INFO] [1791466822.681035, 531.328000]: [mission] fase "orienta" it0: ponta (0.292, 2.721, 0.805) erro=0.0084 | degrau eixo 0.3° | rolagem 0.4° | IK pediu [-21.1 -21.7   8.4 102.1 -15.9] | faltou [-0.3 -0.9  1.7 -1.1 -0. ] graus
[INFO] [1791466822.684301, 531.332000]: [mission] âncora solta — 10 correções de deriva
[INFO] [1791466822.685762, 531.333000]: [mission] fase "orienta" alcançada em 1 iteração(ões) (0.0084 m) — âncora corrigiu 10 vez(es)
[INFO] [1791466823.199788, 531.840000]: [mission] fase "aproxima_lateral": modo IK iterativa (YAML)
[INFO] [1791466823.203205, 531.843000]: [mission] âncora engatada (fase "aproxima_lateral")
[INFO] [1791466831.789198, 540.246000]: [mission] fase "aproxima_lateral" it0: ponta (0.289, 2.863, 0.807) erro=0.0057 | degrau eixo 5.9° | rolagem 5.9° | IK pediu [-17.  -13.6  -0.   76.4 -11.6] | faltou [-0.4  1.4 -3.2  1.7  0. ] graus
[INFO] [1791466831.795029, 540.251000]: [mission] fase "aproxima_lateral" it0: no frame da parede eixo=+5.6 prof=+1.4 alt=+0.4 mm (tolerância 40/8/5)
[INFO] [1791466831.799223, 540.255000]: [mission] âncora solta — 7 correções de deriva
[INFO] [1791466831.801833, 540.258000]: [mission] fase "aproxima_lateral" alcançada em 1 iteração(ões) (0.0057 m) — âncora corrigiu 7 vez(es)
[INFO] [1791466832.322266, 540.767000]: [mission] fase "atravessa": modo IK iterativa (YAML)
[INFO] [1791466832.329644, 540.774000]: [mission] âncora engatada (fase "atravessa")
[INFO] [1791466838.796876, 547.082000]: [mission] fase "atravessa" it0: ponta (0.209, 2.861, 0.809) erro=0.0077 | degrau eixo 2.5° | rolagem 2.4° | IK pediu [-10.1 -14.5  -0.1  80.9  -5.8] | faltou [-0.5  0.4 -1.2  1.   0.3] graus
[INFO] [1791466838.801008, 547.086000]: [mission] fase "atravessa" it0: no frame da parede eixo=+7.5 prof=-0.6 alt=-1.5 mm (tolerância 8/6/5)
[INFO] [1791466838.803040, 547.087000]: [mission] âncora solta — 4 correções de deriva
[ERROR] [1791466898.995969, 605.564000]: [mission] fase "captura": 5 iterações sem fechar (0.0214 m, tolerância 0.020)
[WARN] [1791466899.001038, 605.569000]: [mission] ABORT — parando base e recolhendo braço
[WARN] [1791466899.422122, 605.970000]: [mission] ABORT: ponta a 0.024 m do olhal — saindo em degraus: sobe 30 mm, 120 mm pelo eixo do furo, 100 mm para fora, antes de recolher
[WARN] [1791466952.795164, 658.033000]: [mission] ABORT — voltando à pose de partida (0.01, 1.00, -0.01 rad)
[INFO] [1791466838.804512, 547.090000]: [mission] fase "atravessa" alcançada em 1 iteração(ões) (0.0077 m) — âncora corrigiu 4 vez(es)
[INFO] [1791466839.324306, 547.598000]: [mission] fase "captura": modo IK iterativa (YAML)
[INFO] [1791466839.328224, 547.602000]: [mission] âncora engatada (fase "captura")
[INFO] [1791466844.578847, 552.707000]: [mission] fase "captura" it0: ponta (0.209, 2.869, 0.787) erro=0.0151 | degrau eixo 2.4° | rolagem 2.3° | IK pediu [ -8.9 -16.7  -0.1  81.5  -5.2] | faltou [-1.3  0.7 -1.7  0.7  0.4] graus
[INFO] [1791466844.582273, 552.711000]: [mission] fase "captura" it0: no frame da parede eixo=+15.1 prof=-0.1 alt=+0.4 mm (tolerância 8/6/10)
[INFO] [1791466849.740206, 557.742000]: [mission] fase "captura" it1: ponta (0.209, 2.866, 0.787) erro=0.0155 | degrau eixo 2.0° | rolagem 1.8° | IK pediu [ -7.6 -16.8  -0.2  82.6  -4.4] | faltou [-2.5  0.4 -1.3  0.5  0.6] graus
[INFO] [1791466849.746382, 557.749000]: [mission] fase "captura" it1: no frame da parede eixo=+15.0 prof=-3.8 alt=+0.8 mm (tolerância 8/6/10)
[INFO] [1791466854.812258, 562.688000]: [mission] fase "captura" it2: ponta (0.209, 2.867, 0.794) erro=0.0169 | degrau eixo 1.6° | rolagem 1.0° | IK pediu [ -6.6 -16.5  -0.5  82.   -3.4] | faltou [-3.4  0.7 -0.8  0.9  1.1] graus
[INFO] [1791466854.814826, 562.691000]: [mission] fase "captura" it2: no frame da parede eixo=+15.5 prof=-2.9 alt=-6.1 mm (tolerância 8/6/10)
[INFO] [1791466876.881526, 584.148000]: [mission] fase "captura" it3: ponta (0.209, 2.855, 0.787) erro=0.0214 | degrau eixo 1.2° | rolagem 1.1° | IK pediu [ -5.5 -16.9  -1.   82.5  -2.4] | faltou [ -4.8   6.6 -15.1  10.    0. ] graus
[INFO] [1791466876.884779, 584.151000]: [mission] fase "captura" it3: no frame da parede eixo=+15.6 prof=-14.7 alt=+0.6 mm (tolerância 8/6/10)
[INFO] [1791466898.991698, 605.560000]: [mission] fase "captura" it4: ponta (0.209, 2.855, 0.788) erro=0.0214 | degrau eixo 0.7° | rolagem 0.7° | IK pediu [ -4.6 -10.1 -14.3  85.2  -1.3] | faltou [-5.7  0.4 -4.   7.8 -0.2] graus
[INFO] [1791466898.993957, 605.562000]: [mission] fase "captura" it4: no frame da parede eixo=+15.8 prof=-14.4 alt=-0.1 mm (tolerância 8/6/10)
[INFO] [1791466898.995284, 605.563000]: [mission] âncora solta — 34 correções de deriva
[INFO] [1791466898.999899, 605.568000]: State machine transitioning 'MANIPULATE':'failed'-->'ABORT_SAFE'
[INFO] [1791466899.428551, 605.975000]: [mission] âncora engatada (fase "saida_sobe")
[INFO] [1791466907.771977, 614.078000]: [mission] fase "saida_sobe" it0: ponta (0.210, 2.849, 0.812) erro=0.0079 | degrau eixo 2.6° | rolagem 2.5° | IK pediu [-10.3 -13.8  -0.4  82.7  -6.7] | faltou [-0.3  1.7 -5.4  5.  -0. ] graus
[INFO] [1791466907.774923, 614.081000]: [mission] fase "saida_sobe" it0: no frame da parede eixo=+0.1 prof=-5.8 alt=+5.4 mm (tolerância 30/20/10)
[INFO] [1791466907.776952, 614.083000]: [mission] fase "saida_sobe" alcançada em 1 iteração(ões) (0.0079 m)
[INFO] [1791466907.780441, 614.087000]: [mission] âncora engatada (fase "saida_eixo")
[INFO] [1791466924.197537, 630.092000]: [mission] fase "saida_eixo" it0: ponta (0.327, 2.857, 0.820) erro=0.0039 | degrau eixo 7.5° | rolagem 7.6° | IK pediu [-20.6 -12.5  -0.   76.4 -15.5] | faltou [-0.  -2.8  6.4 -3.7 -0.1] graus
[INFO] [1791466924.201502, 630.097000]: [mission] fase "saida_eixo" it0: no frame da parede eixo=-2.9 prof=+1.8 alt=-1.8 mm (tolerância 20/20/15)
[INFO] [1791466924.203876, 630.099000]: [mission] âncora solta — 4 correções de deriva
[INFO] [1791466924.206252, 630.101000]: [mission] fase "saida_eixo" alcançada em 1 iteração(ões) (0.0039 m) — âncora corrigiu 4 vez(es)
[INFO] [1791466924.215125, 630.109000]: [mission] âncora engatada (fase "saida_fora")
[INFO] [1791466931.091608, 636.815000]: [mission] fase "saida_fora" it0: ponta (0.330, 2.756, 0.818) erro=0.0009 | degrau eixo 2.5° | rolagem 2.5° | IK pediu [-23.8 -16.2   0.   99.1 -19.9] | faltou [-0.3 -2.3  5.  -2.8 -0. ] graus
[INFO] [1791466931.096859, 636.821000]: [mission] fase "saida_fora" it0: no frame da parede eixo=+0.7 prof=+0.4 alt=-0.2 mm (tolerância 30/20/20)
[INFO] [1791466931.099308, 636.823000]: [mission] âncora solta — 2 correções de deriva
[INFO] [1791466931.101753, 636.825000]: [mission] fase "saida_fora" alcançada em 1 iteração(ões) (0.0009 m) — âncora corrigiu 2 vez(es)
[INFO] [1791466931.104703, 636.826000]: [mission] ABORT/afasta: RECUANDO 0.250 m só com as rodas
[INFO] [1791466936.111852, 641.731000]: [mission] ABORT/afasta: concluído (0.252 m)
[INFO] [1791466936.112884, 641.732000]: [mission] postura "stow_home" comandada: [0.0, 1.1, -1.04, -1.8, 0.0]
[INFO] [1791466966.731661, 671.635000]: [mission] ABORT/retorno: alinhado, avançando (1.16 m)
[INFO] [1791466966.781344, 671.685000]: [mission] teto por postura ativo no drive: v<=0.24 w<=0.50 rampa 0.53/1.50
[INFO] [1791466975.660474, 680.385000]: [mission] ABORT/retorno: chegou, ajustando heading final
[INFO] [1791466975.711324, 680.435000]: [mission] teto por postura ativo no drive: v<=0.24 w<=0.50 rampa 0.53/1.51
[INFO] [1791466983.363856, 687.885000]: [mission] ABORT/retorno: concluído
[INFO] [1791466983.367940, 687.889000]: State machine terminating 'ABORT_SAFE':'aborted':'MISSION_ABORTED'
[INFO] [1791466983.370870, 687.892000]: [mission] resultado: MISSION_ABORTED
... logging to /home/marco/.ros/log/899e01fe-c31c-11f1-ac84-b025aa85b2a2/roslaunch-shiroi-3694515.log
Checking log directory for disk usage. This may take a while.
Press Ctrl-C to interrupt
]2;/home/marco/b166er/src/b166er_whole_body_control/launch/chave_mission.launch
[1mstarted roslaunch server http://shiroi:42797/[0m

SUMMARY
========

PARAMETERS
 * /chave_mission/estado_final: 
 * /chave_mission/estado_inicial: HOME
 * /chave_mission/pausa_por_fase: False
 * /chave_mission/search_omega: 0.35
 * /chave_mission/standoff_distance: 0.62
 * /chave_mission/use_wholebody: False
 * /chave_seccionadora_task/aproxima_lateral/modo: ik
 * /chave_seccionadora_task/aproxima_lateral/offset_xyz_m: [-0.09, 0.008, 0.01]
 * /chave_seccionadora_task/aproxima_lateral/tol_xyz_m: [0.04, 0.008, 0.005]
 * /chave_seccionadora_task/arco1/blade_angle_deg: 15
 * /chave_seccionadora_task/arco1/deriva_eixo_max_m: 0.015
 * /chave_seccionadora_task/arco1/modo: wb
 * /chave_seccionadora_task/arco1/offset_xyz_m: [0.0, 0.0518, -0....
 * /chave_seccionadora_task/arco1/soltura_recuo_min_m: 0.04
 * /chave_seccionadora_task/arco1/tol_xyz_m: [0.04, 0.01, 0.015]
 * /chave_seccionadora_task/arco2/blade_angle_deg: 30
 * /chave_seccionadora_task/arco2/deriva_eixo_max_m: 0.015
 * /chave_seccionadora_task/arco2/modo: wb
 * /chave_seccionadora_task/arco2/offset_xyz_m: [0.0, 0.1, -0.0518]
 * /chave_seccionadora_task/arco2/tol_xyz_m: [0.04, 0.01, 0.015]
 * /chave_seccionadora_task/atravessa/modo: ik
 * /chave_seccionadora_task/atravessa/offset_xyz_m: [-0.008, 0.008, 0...
 * /chave_seccionadora_task/atravessa/tol_xyz_m: [0.008, 0.006, 0....
 * /chave_seccionadora_task/captura/modo: ik
 * /chave_seccionadora_task/captura/offset_xyz_m: [0.0, 0.0, -0.01]
 * /chave_seccionadora_task/captura/tol_xyz_m: [0.008, 0.006, 0.01]
 * /chave_seccionadora_task/desengata/modo: ik
 * /chave_seccionadora_task/desengata/offset_xyz_m: [-0.09, 0.1, -0.0...
 * /chave_seccionadora_task/destrava/curso_estagna_m: 0.01
 * /chave_seccionadora_task/destrava/curso_margem_m: 0.002
 * /chave_seccionadora_task/destrava/curso_min_m: 0.018
 * /chave_seccionadora_task/destrava/curso_teto_m: 0.022
 * /chave_seccionadora_task/destrava/modo: wb
 * /chave_seccionadora_task/destrava/offset_xyz_m: [0.0, 0.0, -0.025]
 * /chave_seccionadora_task/destrava/tol_xyz_m: [0.01, 0.006, 0.004]
 * /chave_seccionadora_task/libera/deriva_eixo_max_m: 0.015
 * /chave_seccionadora_task/libera/modo: wb
 * /chave_seccionadora_task/libera/offset_xyz_m: [0.0, 0.03, -0.025]
 * /chave_seccionadora_task/libera/tol_xyz_m: [0.04, 0.008, 0.006]
 * /chave_seccionadora_task/orienta/modo: ik
 * /chave_seccionadora_task/orienta/offset_xyz_m: [-0.09, 0.15, 0.0...
 * /chave_seccionadora_task/reassenta_sobe/tol_xyz_m: [0.03, 0.02, 0.005]
 * /chave_seccionadora_task/saida_eixo/tol_xyz_m: [0.02, 0.02, 0.015]
 * /chave_seccionadora_task/saida_fora/tol_xyz_m: [0.03, 0.02, 0.02]
 * /chave_seccionadora_task/saida_sobe/tol_xyz_m: [0.03, 0.02, 0.01]
 * /chave_seccionadora_task/target_frame: chave_olhal_link
 * /fuzzy_wb_controller/fixed_gains: []
 * /rosdistro: noetic
 * /rosversion: 1.17.4

NODES
  /
    chave_mission (b166er_whole_body_control/chave_mission.py)

[1mROS_MASTER_URI=http://localhost:11311[0m
]2;/home/marco/b166er/src/b166er_whole_body_control/launch/chave_mission.launch http://localhost:11311
[1mprocess[chave_mission-1]: started with pid [3694559][0m
[1m[chave_mission-1] process has finished cleanly
log file: /home/marco/.ros/log/899e01fe-c31c-11f1-ac84-b025aa85b2a2/chave_mission-1*.log[0m
all processes on machine have died, roslaunch will exit
shutting down processing monitor...
... shutting down processing monitor complete
[1mdone[0m
