[31mWARNING: disk usage in log directory [/home/marco/.ros/log] is over 1GB.
It's recommended that you use the 'rosclean' command.[0m
the rosdep view is empty: call 'sudo rosdep init' and 'rosdep update'
[WARN] [1791386471.532498, 538.069000]: [mission] SEARCH: ajuste não convergiu em 8s (raio 0.54) — amostrando assim mesmo
[WARN] [1791386478.616766, 545.078000]: [mission] SEARCH: 7 de 25 amostras descartadas como outlier (>0.15 m ou >0.20 rad da mediana)
[WARN] [1791386478.671147, 545.133000]: [mission] SEARCH: laser com só 21 pontos de parede (mín 30) — parede fica pela tag
[WARN] [1791386491.735444, 558.026000]: [mission] APPROACH/remedida: 3 de 10 amostras descartadas como outlier (>0.15 m ou >0.20 rad da mediana)
[INFO] [1791386449.427306, 516.209000]: garra_dx = 0.000 m (fechada)
[INFO] [1791386449.524945, 516.307000]: State machine starting in initial state 'STOW_INIT' with userdata: 
	[]
[INFO] [1791386449.727548, 516.508000]: [mission] pose de partida registrada: (0.02, 0.99, 0.07 rad)
[INFO] [1791386449.729034, 516.509000]: [mission] postura "stow_home" comandada: [0.0, 1.13, -1.04, -1.8, 0.0]
[INFO] [1791386450.335366, 517.111000]: State machine transitioning 'STOW_INIT':'ok'-->'SEARCH'
[INFO] [1791386450.338909, 517.114000]: [mission] postura "search" comandada: [0.0, 1.0, -1.0, 0.0, 0.0]
[INFO] [1791386461.286242, 527.914000]: [mission] SEARCH — girando à procura da tag...
[INFO] [1791386461.288555, 527.916000]: [mission] SEARCH: amostra quando a tag estiver a raio 0.35-0.50 do quadro (vista oblíqua; omega fina 0.15 rad/s)
[INFO] [1791386463.411218, 530.018000]: [mission] SEARCH: tag a raio 0.88 — girando até <= 0.50
[INFO] [1791386471.535985, 538.072000]: [mission] tag avistada — parando para medir
[INFO] [1791386472.556890, 539.082000]: [mission] âncora engatada (coleta do SEARCH)
[INFO] [1791386472.559040, 539.084000]: [mission] SEARCH: coleta com dither ±0.05 rad/s (período 3.0 s)
[INFO] [1791386478.592524, 545.055000]: [mission] âncora solta — 9 correções de deriva
[INFO] [1791386478.595814, 545.058000]: [mission] SEARCH: âncora corrigiu a deriva 9 vez(es) durante a coleta
[INFO] [1791386478.618797, 545.081000]: [mission] SEARCH: 18 amostras — parede (0.019, 2.933, -0.004) yaw=-2.876
[INFO] [1791386478.673952, 545.136000]: [mission] parede localizada em (0.019, 2.933, -0.004)
[INFO] [1791386478.681404, 545.144000]: State machine transitioning 'SEARCH':'found'-->'APPROACH'
[INFO] [1791386478.683135, 545.145000]: [mission] APPROACH etapa 1/2 — 1.30 m do olhal, alvo (0.59, 1.61, 1.84 rad)
[INFO] [1791386478.886494, 545.347000]: [mission] APPROACH: alinhado, avançando (0.84 m)
[INFO] [1791386478.937070, 545.397000]: [mission] teto por postura ativo no drive: v<=0.18 w<=0.50 rampa 0.46/1.51
[INFO] [1791386485.792264, 552.147000]: [mission] APPROACH: chegou, ajustando heading final
[INFO] [1791386485.843444, 552.197000]: [mission] teto por postura ativo no drive: v<=0.17 w<=0.50 rampa 0.45/1.51
[INFO] [1791386488.321619, 554.647000]: [mission] APPROACH: concluído
[INFO] [1791386489.334929, 555.653000]: [mission] âncora engatada (coleta do APPROACH/remedida)
[INFO] [1791386489.337080, 555.655000]: [mission] APPROACH/remedida: coleta com dither ±0.05 rad/s (período 3.0 s)
[INFO] [1791386491.732869, 558.023000]: [mission] âncora solta — 4 correções de deriva
[INFO] [1791386491.734034, 558.024000]: [mission] APPROACH/remedida: âncora corrigiu a deriva 4 vez(es) durante a coleta
[INFO] [1791386491.736990, 558.027000]: [mission] APPROACH/remedida: 7 amostras — parede (0.004, 3.013, -0.001) yaw=3.106
[INFO] [1791386491.790651, 558.081000]: [mission] APPROACH/remedida: parede pelo LASER — 66 pontos, resíduo 4.9 mm: profundidade +14.3 mm e yaw +2.01° em relação à tag → parede (0.004, 2.998, -0.001) yaw=3.141
[INFO] [1791386491.794070, 558.084000]: [mission] APPROACH etapa 2/2 — 0.88 m do olhal, alvo (0.37, 1.99, 1.57 rad)
[INFO] [1791386493.817925, 560.086000]: [mission] APPROACH: alinhado, avançando (0.53 m)
[INFO] [1791386493.868262, 560.136000]: [mission] teto por postura ativo no drive: v<=0.18 w<=0.50 rampa 0.46/1.51
[INFO] [1791386498.744138, 564.936000]: [mission] APPROACH: chegou, ajustando heading final
[INFO] [1791386502.538451, 568.686000]: [mission] APPROACH: concluído
[INFO] [1791386502.545410, 568.693000]: State machine transitioning 'APPROACH':'arrived'-->'REFINE'
[INFO] [1791386502.547604, 568.695000]: [mission] REFINE — remedindo a parede de perto (10 amostras)
[INFO] [1791386502.551642, 568.699000]: [mission] âncora engatada (coleta do REFINE)
[INFO] [1791386502.553793, 568.701000]: [mission] REFINE: coleta com dither ±0.05 rad/s (período 3.0 s)
[INFO] [1791386503.711431, 569.831000]: [mission] âncora solta — 2 correções de deriva
[INFO] [1791386503.713221, 569.833000]: [mission] REFINE: âncora corrigiu a deriva 2 vez(es) durante a coleta
[INFO] [1791386503.715345, 569.835000]: [mission] REFINE: 10 amostras — parede (0.002, 2.999, -0.000) yaw=3.138
[INFO] [1791386503.770027, 569.888000]: [mission] REFINE: parede pelo LASER — 94 pontos, resíduo 4.7 mm: profundidade -1.3 mm e yaw +0.17° em relação à tag → parede (0.002, 3.000, -0.000) yaw=3.141
[INFO] [1791386503.772704, 569.891000]: [mission] REFINE: deslocou 0.003 m da estimativa anterior
[INFO] [1791386503.774180, 569.892000]: [mission] olhal estimado em (0.201, 2.870, 0.805)
[INFO] [1791386503.779681, 569.898000]: State machine transitioning 'REFINE':'ok'-->'DEPLOY'
[INFO] [1791386503.782406, 569.900000]: [mission] DEPLOY: IK resolvida para a POSE DE MANIPULAÇÃO (0.20, 2.25, 1.57 rad), não para a atual
[INFO] [1791386508.685437, 573.016000]: [mission] DEPLOY: IK nivelada 0.0709 m, só eixo 0.0014 m — a MISSÃO INTEIRA usa "eixo"
[INFO] [1791386508.690526, 574.790000]: [mission] DEPLOY: IK da ponta resolvida (resíduo 0.0014 m, degrau 0.4°) — pré-posicionando em [-10.9 -46.5  60.   78.5 -10.9] graus
[INFO] [1791386517.512131, 583.491000]: [mission] plano de exclusão publicado: parede em [ 2.e-03  3.e+00 -0.e+00], normal segura [-0.001 -1.     0.   ]
[INFO] [1791386517.737000, 583.701000]: [mission] teto por postura ativo no drive: v<=0.24 w<=0.50 rampa 0.53/1.61
[INFO] [1791386519.098897, 585.051000]: [mission] DEPLOY/aproxima: alinhado, avançando (0.34 m)
[INFO] [1791386522.890429, 588.801000]: [mission] DEPLOY/aproxima: chegou, ajustando heading final
[INFO] [1791386526.488847, 592.351000]: [mission] DEPLOY/aproxima: concluído
[INFO] [1791386526.490720, 592.353000]: State machine transitioning 'DEPLOY':'ok'-->'MANIPULATE'
[INFO] [1791386526.493159, 592.355000]: [mission] fase "orienta": modo IK iterativa (YAML)
[INFO] [1791386526.497244, 592.360000]: [mission] âncora engatada (fase "orienta")
[INFO] [1791386528.930052, 594.764000]: [mission] fase "orienta" it0: ponta (0.296, 2.720, 0.812) erro=0.0047 | degrau eixo 0.1° | rolagem 0.1° | IK pediu [-14.4 -45.8  59.2  77.  -10.7] | faltou [0. 0. 0. 0. 0.] graus
[INFO] [1791386528.932593, 594.767000]: [mission] fase "orienta" alcançada em 1 iteração(ões) (0.0047 m)
[INFO] [1791386529.442543, 595.273000]: [mission] fase "aproxima_lateral": modo IK iterativa (YAML)
[INFO] [1791386529.446307, 595.276000]: [mission] âncora engatada (fase "aproxima_lateral")
[INFO] [1791386534.115115, 599.881000]: [mission] fase "aproxima_lateral" it0: ponta (0.295, 2.875, 0.809) erro=0.0145 | degrau eixo 2.0° | rolagem 2.6° | IK pediu [-11.6 -16.4   1.7  90.7  -8.2] | faltou [-0.2 -1.2  2.  -3.7 -0.3] graus
[INFO] [1791386534.118526, 599.885000]: [mission] fase "aproxima_lateral" it0: no frame da parede eixo=+3.3 prof=+13.0 alt=+5.5 mm (tolerância 40/8/5)
[INFO] [1791386536.864330, 602.575000]: [mission] fase "aproxima_lateral" it1: ponta (0.292, 2.853, 0.813) erro=0.0094 | degrau eixo 1.6° | rolagem 1.9° | IK pediu [-11.5 -15.7   0.4  94.3  -8.3] | faltou [-0.2 -3.4  6.4 -4.4 -0.2] graus
[INFO] [1791386536.868448, 602.580000]: [mission] fase "aproxima_lateral" it1: no frame da parede eixo=+0.4 prof=-9.2 alt=+1.5 mm (tolerância 40/8/5)
[INFO] [1791386539.326272, 604.990000]: [mission] fase "aproxima_lateral" it2: ponta (0.292, 2.864, 0.813) erro=0.0024 | degrau eixo 1.8° | rolagem 2.1° | IK pediu [-11.4 -15.3   0.4  92.3  -8.1] | faltou [-0.2 -0.5 -0.4 -0.8 -0.2] graus
[INFO] [1791386539.329829, 604.994000]: [mission] fase "aproxima_lateral" it2: no frame da parede eixo=+0.7 prof=+1.9 alt=+1.2 mm (tolerância 40/8/5)
[INFO] [1791386539.332664, 604.997000]: [mission] âncora solta — 5 correções de deriva
[INFO] [1791386539.335201, 604.999000]: [mission] fase "aproxima_lateral" alcançada em 3 iteração(ões) (0.0024 m) — âncora corrigiu 5 vez(es)
[INFO] [1791386539.850178, 605.509000]: [mission] fase "atravessa": modo IK iterativa (YAML)
[INFO] [1791386539.855906, 605.514000]: [mission] âncora engatada (fase "atravessa")
[INFO] [1791386543.479399, 609.062000]: [mission] fase "atravessa" it0: ponta (0.213, 2.870, 0.803) erro=0.0140 | degrau eixo 0.2° | rolagem 0.2° | IK pediu [ -3.9 -16.4   0.9  93.7  -0.9] | faltou [-0.3 -4.4  7.7 -5.3  0.1] graus
[INFO] [1791386543.485332, 609.068000]: [mission] fase "atravessa" it0: no frame da parede eixo=+3.1 prof=+8.0 alt=+11.1 mm (tolerância 8/6/5)
[INFO] [1791386553.464721, 618.878000]: [mission] fase "atravessa" it1: ponta (0.209, 2.866, 0.814) erro=0.0040 | degrau eixo 0.1° | rolagem 0.2° | IK pediu [ -3.8 -19.6  10.   89.8  -0.7] | faltou [-0.2 -3.9  6.6 -6.3 -0.1] graus
[INFO] [1791386553.468645, 618.881000]: [mission] fase "atravessa" it1: no frame da parede eixo=-0.5 prof=+3.9 alt=+0.8 mm (tolerância 8/6/5)
[INFO] [1791386553.471875, 618.885000]: [mission] âncora solta — 7 correções de deriva
[INFO] [1791386553.473699, 618.887000]: [mission] fase "atravessa" alcançada em 2 iteração(ões) (0.0040 m) — âncora corrigiu 7 vez(es)
[INFO] [1791386553.998125, 619.393000]: [mission] fase "captura": modo IK iterativa (YAML)
[INFO] [1791386554.003385, 619.398000]: [mission] âncora engatada (fase "captura")
[INFO] [1791386558.381760, 623.705000]: [mission] fase "captura" it0: ponta (0.233, 2.847, 0.804) erro=0.0404 | degrau eixo 0.1° | rolagem 0.1° | IK pediu [ -3.1 -25.6  16.3  84.3  -0.3] | faltou [-2.9  2.3 -3.9  7.7  0.9] graus
[INFO] [1791386558.394156, 623.717000]: [mission] fase "captura" it0: no frame da parede eixo=+31.5 prof=-23.5 alt=-9.4 mm (tolerância 40/6/10)
[INFO] [1791386564.193054, 629.421000]: [mission] fase "captura" it1: ponta (0.210, 2.875, 0.790) erro=0.0111 | degrau eixo 0.6° | rolagem 0.8° | IK pediu [ -0.6 -21.8   7.1  87.    1.9] | faltou [-3.2  0.7 -1.3  3.1  0.9] graus
[INFO] [1791386564.195686, 629.424000]: [mission] fase "captura" it1: no frame da parede eixo=+9.0 prof=+5.0 alt=+4.4 mm (tolerância 40/6/10)
[INFO] [1791386564.197714, 629.426000]: [mission] âncora solta — 4 correções de deriva
[INFO] [1791386564.200792, 629.428000]: [mission] fase "captura" alcançada em 2 iteração(ões) (0.0111 m) — âncora corrigiu 4 vez(es)
[INFO] [1791386564.209884, 629.438000]: [mission] captura: ponta registrada em eixo=-9.0 prof=-5.0 alt=-14.4 mm (zero da descida do destrava e da deriva de eixo)
[INFO] [1791386564.725887, 629.940000]: [mission] fase "destrava": alvo em altura relativo à captura: -34.4 mm (captura -14.4 − curso 18 − margem 2)
[INFO] [1791386564.727634, 629.941000]: [mission] fase "destrava": modo whole-body/Fuzzy (YAML)
[INFO] [1791386564.932378, 630.144000]: [mission] plano de exclusão publicado: parede em [ 2.e-03  3.e+00 -0.e+00], normal segura [-0.001 -1.     0.   ]
[INFO] [1791386565.237987, 630.448000]: [mission] fase "destrava": whole-body assumiu (base livre, restrita pelo plano de exclusão)
[INFO] [1791386565.240863, 630.450000]: [mission] fase "destrava": whole-body a 0.0192 m do alvo — eixo=+9.0 prof=+5.0 alt=-16.2 mm
[INFO] [1791386566.361680, 631.549000]: [mission] fase "destrava" alcançada por whole-body em 1.1s (0.0090 m) — no frame da parede eixo=+9.0 prof=-0.4 alt=-0.0 mm (tolerância 40/6/4)
[INFO] [1791386566.578256, 631.762000]: [mission] destrava: ponta desceu 19.9 mm desde a captura (critério observável) | lingueta 20.0 mm (só na simulação)
[INFO] [1791386566.580162, 631.764000]: [mission] destrava: lingueta em 20.0 mm — gatilho solto
[INFO] [1791386567.088262, 632.265000]: [mission] fase "libera": modo whole-body/Fuzzy (YAML)
[INFO] [1791386567.294480, 632.469000]: [mission] plano de exclusão publicado: parede em [ 2.e-03  3.e+00 -0.e+00], normal segura [-0.001 -1.     0.   ]
[INFO] [1791386567.599909, 632.774000]: [mission] fase "libera": whole-body assumiu (base livre, restrita pelo plano de exclusão)
[INFO] [1791386567.601279, 632.775000]: [mission] fase "libera": whole-body a 0.0356 m do alvo — eixo=+9.0 prof=+33.2 alt=+9.1 mm
[INFO] [1791386569.710555, 634.874000]: [mission] fase "libera": whole-body a 0.0369 m do alvo — eixo=+9.0 prof=+35.2 alt=+6.6 mm
[INFO] [1791386571.824309, 636.974000]: [mission] fase "libera": whole-body a 0.0362 m do alvo — eixo=+8.9 prof=+34.5 alt=+6.1 mm
[INFO] [1791386573.930366, 639.074000]: [mission] fase "libera": whole-body a 0.0288 m do alvo — eixo=+8.6 prof=+27.0 alt=+5.5 mm
[INFO] [1791386576.039004, 641.174000]: [mission] fase "libera": whole-body a 0.0262 m do alvo — eixo=+8.4 prof=+24.0 alt=+5.9 mm
[INFO] [1791386578.164469, 643.274000]: [mission] fase "libera": whole-body a 0.0225 m do alvo — eixo=+7.1 prof=+21.0 alt=+4.2 mm
[INFO] [1791386580.273934, 645.374000]: [mission] fase "libera": whole-body a 0.0186 m do alvo — eixo=+7.1 prof=+17.0 alt=+2.8 mm
[INFO] [1791386582.390934, 647.474000]: [mission] fase "libera": whole-body a 0.0168 m do alvo — eixo=+7.1 prof=+15.0 alt=+2.6 mm
[INFO] [1791386584.508853, 649.574000]: [mission] fase "libera": whole-body a 0.0135 m do alvo — eixo=+7.1 prof=+11.3 alt=+2.0 mm
[INFO] [1791386585.924367, 650.974000]: [mission] fase "libera" alcançada por whole-body em 18.2s (0.0101 m) — no frame da parede eixo=+7.1 prof=+7.0 alt=+1.8 mm (tolerância 40/8/6)
[INFO] [1791386586.636927, 651.679000]: [mission] fase "arco1"/puxa: RECUANDO 0.022 m só com as rodas
[INFO] [1791386587.148458, 652.180000]: [mission] fase "arco1"/puxa: concluído (0.026 m)
[INFO] [1791386587.150382, 652.182000]: [mission] fase "arco1": modo whole-body/Fuzzy (YAML)
[INFO] [1791386587.355175, 652.385000]: [mission] plano de exclusão publicado: parede em [ 2.e-03  3.e+00 -0.e+00], normal segura [-0.001 -1.     0.   ]
[INFO] [1791386587.660278, 652.689000]: [mission] fase "arco1": whole-body assumiu (base livre, restrita pelo plano de exclusão)
[INFO] [1791386587.662277, 652.690000]: [mission] fase "arco1": whole-body a 0.0173 m do alvo — eixo=+7.0 prof=-10.5 alt=-11.9 mm
[INFO] [1791386589.774306, 654.790000]: [mission] fase "arco1": whole-body a 0.0249 m do alvo — eixo=+6.8 prof=-18.3 alt=-15.4 mm
[INFO] [1791386591.894311, 656.890000]: [mission] fase "arco1": whole-body a 0.0237 m do alvo — eixo=+6.7 prof=-18.0 alt=-13.9 mm
[INFO] [1791386593.906117, 658.891000]: [mission] fase "arco1": whole-body a 0.0136 m do alvo — eixo=+6.8 prof=-9.8 alt=-6.6 mm
[INFO] [1791386594.307258, 659.290000]: [mission] fase "arco1" alcançada por whole-body em 6.6s (0.0098 m) — no frame da parede eixo=+6.8 prof=-5.2 alt=-4.6 mm (tolerância 40/10/15)
[INFO] [1791386594.308139, 659.291000]: [mission] arco1: SOLTURA observável — recuo 62.0 mm desde a captura (mín 40) com deriva de eixo +2.1 mm → SOLTA
[INFO] [1791386594.522120, 659.501000]: [mission] waypoint de 15° — lâmina medida em 16.9° (abertura por CONTATO)
[INFO] [1791386595.027001, 660.003000]: [mission] fase "arco2"/puxa: RECUANDO 0.048 m só com as rodas
[INFO] [1791386595.988156, 660.954000]: [mission] fase "arco2"/puxa: concluído (0.053 m)
[INFO] [1791386595.990358, 660.956000]: [mission] fase "arco2": modo whole-body/Fuzzy (YAML)
[INFO] [1791386596.196311, 661.159000]: [mission] plano de exclusão publicado: parede em [ 2.e-03  3.e+00 -0.e+00], normal segura [-0.001 -1.     0.   ]
[INFO] [1791386596.501177, 661.464000]: [mission] fase "arco2": whole-body assumiu (base livre, restrita pelo plano de exclusão)
[INFO] [1791386596.502573, 661.465000]: [mission] fase "arco2": whole-body a 0.0130 m do alvo — eixo=+7.1 prof=+7.0 alt=-8.4 mm
[INFO] [1791386596.906074, 661.866000]: [mission] fase "arco2" alcançada por whole-body em 0.4s (0.0078 m) — no frame da parede eixo=+6.8 prof=+3.3 alt=+1.8 mm (tolerância 40/10/15)
[INFO] [1791386597.123921, 662.079000]: [mission] waypoint de 30° — lâmina medida em 31.1° (abertura por CONTATO)
[INFO] [1791386597.632414, 662.581000]: [mission] fase "desengata": modo IK iterativa (YAML)
[INFO] [1791386597.637136, 662.585000]: [mission] âncora engatada (fase "desengata")
[INFO] [1791386619.266523, 683.989000]: [mission] fase "desengata" it0: ponta (0.284, 2.775, 0.739) erro=0.0167 | degrau eixo 3.7° | rolagem 4.2° | IK pediu [ -9.8 -20.1  -0.1  80.9  -6.5] | faltou [  0.4 -10.2  20.4 -12.7  -0.3] graus
[INFO] [1791386619.268749, 683.992000]: [mission] âncora solta — 20 correções de deriva
[INFO] [1791386619.269539, 683.992000]: [mission] fase "desengata" alcançada em 1 iteração(ões) (0.0167 m) — âncora corrigiu 20 vez(es)
[INFO] [1791386619.780117, 684.501000]: [mission] MANIPULATE concluída — chave ABERTA, lâmina medida em 34.4°
[WARN] [1791386620.186732, 684.906000]: [mission] RETRACT: ponta a 0.140 m do olhal — saindo em degraus: sobe 30 mm, 120 mm pelo eixo do furo, 100 mm para fora, antes de recolher
[INFO] [1791386619.782301, 684.504000]: State machine transitioning 'MANIPULATE':'done'-->'RETRACT'
[INFO] [1791386620.194718, 684.914000]: [mission] âncora engatada (fase "saida_sobe")
[INFO] [1791386624.328196, 689.021000]: [mission] fase "saida_sobe" it0: ponta (0.281, 2.782, 0.757) erro=0.0136 | degrau eixo 3.2° | rolagem 3.6° | IK pediu [ -9.4 -18.5   0.5  79.2  -5.8] | faltou [-0.  -4.7  8.7 -5.8 -0.2] graus
[INFO] [1791386624.330574, 689.023000]: [mission] fase "saida_sobe" it0: no frame da parede eixo=-1.4 prof=+6.0 alt=+12.1 mm (tolerância 30/20/10)
[INFO] [1791386626.675465, 691.329000]: [mission] fase "saida_sobe" it1: ponta (0.281, 2.775, 0.766) erro=0.0038 | degrau eixo 3.0° | rolagem 3.3° | IK pediu [ -9.7 -17.7   0.3  80.9  -6.1] | faltou [  0.3   4.3 -12.2   5.7   0. ] graus
[INFO] [1791386626.677395, 691.331000]: [mission] fase "saida_sobe" it1: no frame da parede eixo=-1.9 prof=-1.2 alt=+3.1 mm (tolerância 30/20/10)
[INFO] [1791386626.678525, 691.332000]: [mission] âncora solta — 2 correções de deriva
[INFO] [1791386626.679460, 691.333000]: [mission] fase "saida_sobe" alcançada em 2 iteração(ões) (0.0038 m) — âncora corrigiu 2 vez(es)
[INFO] [1791386626.682980, 691.337000]: [mission] âncora engatada (fase "saida_eixo")
[INFO] [1791386633.216140, 697.772000]: [mission] fase "saida_eixo" it0: ponta (0.393, 2.785, 0.757) erro=0.0172 | degrau eixo 8.8° | rolagem 9.6° | IK pediu [-19.2 -16.8   0.   73.8 -13.9] | faltou [ 0.4  3.4 -9.7  4.4 -0.1] graus
[INFO] [1791386633.218419, 697.774000]: [mission] fase "saida_eixo" it0: no frame da parede eixo=-9.1 prof=+8.5 alt=+12.0 mm (tolerância 20/20/15)
[INFO] [1791386633.220651, 697.777000]: [mission] âncora solta — 2 correções de deriva
[INFO] [1791386633.222049, 697.778000]: [mission] fase "saida_eixo" alcançada em 1 iteração(ões) (0.0172 m) — âncora corrigiu 2 vez(es)
[INFO] [1791386633.225754, 697.782000]: [mission] âncora engatada (fase "saida_fora")
[INFO] [1791386639.175229, 703.624000]: [mission] fase "saida_fora" it0: ponta (0.397, 2.687, 0.753) erro=0.0195 | degrau eixo 4.5° | rolagem 5.6° | IK pediu [-22.4 -21.9  -0.   98.  -18.6] | faltou [  0.4  -8.9  16.4 -10.5  -0.3] graus
[INFO] [1791386639.177547, 703.626000]: [mission] fase "saida_fora" it0: no frame da parede eixo=-5.5 prof=+10.3 alt=+15.6 mm (tolerância 30/20/20)
[INFO] [1791386639.179161, 703.628000]: [mission] âncora solta — 2 correções de deriva
[INFO] [1791386639.180991, 703.630000]: [mission] fase "saida_fora" alcançada em 1 iteração(ões) (0.0195 m) — âncora corrigiu 2 vez(es)
[INFO] [1791386639.182649, 703.631000]: [mission] RETRACT/afasta: RECUANDO 0.250 m só com as rodas
[INFO] [1791386643.638369, 708.033000]: [mission] RETRACT/afasta: concluído (0.251 m)
[INFO] [1791386643.640713, 708.035000]: [mission] postura "stow_home" comandada: [0.0, 1.13, -1.04, -1.8, 0.0]
[INFO] [1791386658.832461, 723.037000]: State machine transitioning 'RETRACT':'ok'-->'RETURN'
[INFO] [1791386658.835715, 723.040000]: [mission] RETURN — voltando a (0.02, 0.99, 0.07 rad)
[INFO] [1791386672.328053, 736.342000]: [mission] RETURN: alinhado, avançando (1.15 m)
[INFO] [1791386672.379351, 736.392000]: [mission] teto por postura ativo no drive: v<=0.25 w<=0.50 rampa 0.55/1.50
[INFO] [1791386681.134274, 745.042000]: [mission] RETURN: chegou, ajustando heading final
[INFO] [1791386681.186017, 745.093000]: [mission] teto por postura ativo no drive: v<=0.25 w<=0.50 rampa 0.54/1.51
[INFO] [1791386688.465810, 752.292000]: [mission] RETURN: concluído
[INFO] [1791386688.466889, 752.293000]: State machine terminating 'RETURN':'home':'MISSION_OK'
[INFO] [1791386688.467781, 752.294000]: [mission] resultado: MISSION_OK
... logging to /home/marco/.ros/log/720d5ca8-c261-11f1-91b6-b025aa85b2a2/roslaunch-shiroi-3216394.log
Checking log directory for disk usage. This may take a while.
Press Ctrl-C to interrupt
]2;/home/marco/b166er/src/b166er_whole_body_control/launch/chave_mission.launch
[1mstarted roslaunch server http://shiroi:37791/[0m

SUMMARY
========

PARAMETERS
 * /chave_mission/estado_final: 
 * /chave_mission/estado_inicial: STOW_INIT
 * /chave_mission/pausa_por_fase: False
 * /chave_mission/search_omega: 0.35
 * /chave_mission/standoff_distance: 0.62
 * /chave_mission/use_wholebody: False
 * /chave_seccionadora_task/aproxima_lateral/modo: ik
 * /chave_seccionadora_task/aproxima_lateral/offset_xyz_m: [-0.09, 0.008, 0.01]
 * /chave_seccionadora_task/aproxima_lateral/tol_xyz_m: [0.04, 0.008, 0.005]
 * /chave_seccionadora_task/arco1/blade_angle_deg: 15
 * /chave_seccionadora_task/arco1/deriva_eixo_max_m: 0.015
 * /chave_seccionadora_task/arco1/modo: wb
 * /chave_seccionadora_task/arco1/offset_xyz_m: [0.0, 0.0518, -0....
 * /chave_seccionadora_task/arco1/soltura_recuo_min_m: 0.04
 * /chave_seccionadora_task/arco1/tol_xyz_m: [0.04, 0.01, 0.015]
 * /chave_seccionadora_task/arco2/blade_angle_deg: 30
 * /chave_seccionadora_task/arco2/deriva_eixo_max_m: 0.015
 * /chave_seccionadora_task/arco2/modo: wb
 * /chave_seccionadora_task/arco2/offset_xyz_m: [0.0, 0.1, -0.0518]
 * /chave_seccionadora_task/arco2/tol_xyz_m: [0.04, 0.01, 0.015]
 * /chave_seccionadora_task/atravessa/modo: ik
 * /chave_seccionadora_task/atravessa/offset_xyz_m: [-0.008, 0.008, 0...
 * /chave_seccionadora_task/atravessa/tol_xyz_m: [0.008, 0.006, 0....
 * /chave_seccionadora_task/captura/modo: ik
 * /chave_seccionadora_task/captura/offset_xyz_m: [0.0, 0.0, -0.01]
 * /chave_seccionadora_task/captura/tol_xyz_m: [0.04, 0.006, 0.01]
 * /chave_seccionadora_task/desengata/modo: ik
 * /chave_seccionadora_task/desengata/offset_xyz_m: [-0.09, 0.1, -0.0...
 * /chave_seccionadora_task/destrava/curso_estagna_m: 0.01
 * /chave_seccionadora_task/destrava/curso_margem_m: 0.002
 * /chave_seccionadora_task/destrava/curso_min_m: 0.018
 * /chave_seccionadora_task/destrava/curso_teto_m: 0.022
 * /chave_seccionadora_task/destrava/modo: wb
 * /chave_seccionadora_task/destrava/offset_xyz_m: [0.0, 0.0, -0.025]
 * /chave_seccionadora_task/destrava/tol_xyz_m: [0.04, 0.006, 0.004]
 * /chave_seccionadora_task/libera/deriva_eixo_max_m: 0.015
 * /chave_seccionadora_task/libera/modo: wb
 * /chave_seccionadora_task/libera/offset_xyz_m: [0.0, 0.03, -0.025]
 * /chave_seccionadora_task/libera/tol_xyz_m: [0.04, 0.008, 0.006]
 * /chave_seccionadora_task/orienta/modo: ik
 * /chave_seccionadora_task/orienta/offset_xyz_m: [-0.09, 0.15, 0.0...
 * /chave_seccionadora_task/reassenta_sobe/tol_xyz_m: [0.03, 0.02, 0.005]
 * /chave_seccionadora_task/saida_eixo/tol_xyz_m: [0.02, 0.02, 0.015]
 * /chave_seccionadora_task/saida_fora/tol_xyz_m: [0.03, 0.02, 0.02]
 * /chave_seccionadora_task/saida_sobe/tol_xyz_m: [0.03, 0.02, 0.01]
 * /chave_seccionadora_task/target_frame: chave_olhal_link
 * /fuzzy_wb_controller/fixed_gains: []
 * /rosdistro: noetic
 * /rosversion: 1.17.4

NODES
  /
    chave_mission (b166er_whole_body_control/chave_mission.py)

[1mROS_MASTER_URI=http://localhost:11311[0m
]2;/home/marco/b166er/src/b166er_whole_body_control/launch/chave_mission.launch http://localhost:11311
[1mprocess[chave_mission-1]: started with pid [3216438][0m
[1m[chave_mission-1] process has finished cleanly
log file: /home/marco/.ros/log/720d5ca8-c261-11f1-91b6-b025aa85b2a2/chave_mission-1*.log[0m
all processes on machine have died, roslaunch will exit
shutting down processing monitor...
... shutting down processing monitor complete
[1mdone[0m
