the rosdep view is empty: call 'sudo rosdep init' and 'rosdep update'
[WARN] [1789140086.588487, 147.105000]: [mission] SEARCH: 3 de 25 amostras descartadas como outlier (>0.15 m ou >0.20 rad da mediana)
[INFO] [1789140063.822814, 124.555000]: State machine starting in initial state 'STOW_INIT' with userdata: 
	[]
[INFO] [1789140064.028422, 124.759000]: [mission] pose de partida registrada: (-0.01, 1.00, 0.00 rad)
[INFO] [1789140064.031631, 124.762000]: [mission] postura "stow_home" comandada: [0.0, 1.13, -1.04, -1.8, 0.0]
[INFO] [1789140064.135041, 124.865000]: State machine transitioning 'STOW_INIT':'ok'-->'SEARCH'
[INFO] [1789140064.137930, 124.868000]: [mission] postura "search" comandada: [0.0, 1.0, -1.0, 0.0, 0.0]
[INFO] [1789140070.191993, 130.870000]: [mission] SEARCH — girando à procura da tag...
[INFO] [1789140070.195043, 130.873000]: [mission] SEARCH: amostra quando a tag estiver a raio 0.35-0.50 do quadro (vista oblíqua; omega fina 0.15 rad/s)
[INFO] [1789140071.257957, 131.925000]: [mission] SEARCH: tag a raio 0.97 — girando até <= 0.50
[INFO] [1789140078.775480, 139.377000]: [mission] SEARCH: tag a raio 0.50 — parando
[INFO] [1789140078.777847, 139.379000]: [mission] tag avistada — parando para medir
[INFO] [1789140079.794616, 140.388000]: [mission] âncora engatada (coleta do SEARCH)
[INFO] [1789140079.796121, 140.389000]: [mission] SEARCH: coleta com dither ±0.05 rad/s (período 3.0 s)
[INFO] [1789140086.567989, 147.085000]: [mission] âncora solta — 12 correções de deriva
[INFO] [1789140086.569818, 147.086000]: [mission] SEARCH: âncora corrigiu a deriva 12 vez(es) durante a coleta
[INFO] [1789140086.590187, 147.107000]: [mission] SEARCH: 22 amostras — parede (0.020, 3.107, -0.005) yaw=2.929
[INFO] [1789140086.592048, 147.109000]: [mission] parede localizada em (0.020, 3.107, -0.005)
[INFO] [1789140086.598104, 147.115000]: State machine transitioning 'SEARCH':'found'-->'APPROACH'
[INFO] [1789140086.599656, 147.116000]: [mission] APPROACH etapa 1/2 — 1.30 m do olhal, alvo (-0.09, 1.67, 1.36 rad)
[INFO] [1789140086.602008, 147.119000]: [mission] teto por postura ativo no drive: v<=0.17 w<=0.50 rampa 0.45/1.52
[INFO] [1789140090.936329, 151.418000]: [mission] APPROACH: alinhado, avançando (0.82 m)
[INFO] [1789140097.519462, 157.918000]: [mission] APPROACH: chegou, ajustando heading final
[INFO] [1789140097.570831, 157.968000]: [mission] teto por postura ativo no drive: v<=0.17 w<=0.50 rampa 0.45/1.52
[INFO] [1789140101.059011, 161.418000]: [mission] APPROACH: concluído
[INFO] [1789140102.069458, 162.422000]: [mission] âncora engatada (coleta do APPROACH/remedida)
[INFO] [1789140102.070730, 162.423000]: [mission] APPROACH/remedida: coleta com dither ±0.05 rad/s (período 3.0 s)
[INFO] [1789140103.206952, 163.551000]: [mission] âncora solta — 1 correções de deriva
[INFO] [1789140103.208090, 163.553000]: [mission] APPROACH/remedida: âncora corrigiu a deriva 1 vez(es) durante a coleta
[INFO] [1789140103.209446, 163.554000]: [mission] APPROACH/remedida: 10 amostras — parede (0.007, 3.013, -0.003) yaw=3.133
[INFO] [1789140103.210445, 163.555000]: [mission] APPROACH etapa 2/2 — 0.88 m do olhal, alvo (0.37, 2.00, 1.56 rad)
[INFO] [1789140103.211553, 163.556000]: [mission] teto por postura ativo no drive: v<=0.17 w<=0.50 rampa 0.45/1.52
[INFO] [1789140108.013247, 168.306000]: [mission] APPROACH: alinhado, avançando (0.64 m)
[INFO] [1789140113.346475, 173.556000]: [mission] APPROACH: chegou, ajustando heading final
[INFO] [1789140113.397591, 173.606000]: [mission] teto por postura ativo no drive: v<=0.18 w<=0.50 rampa 0.46/1.51
[INFO] [1789140118.229810, 178.406000]: [mission] APPROACH: concluído
[INFO] [1789140118.234000, 178.410000]: State machine transitioning 'APPROACH':'arrived'-->'REFINE'
[INFO] [1789140118.235014, 178.411000]: [mission] REFINE — remedindo a parede de perto (10 amostras)
[INFO] [1789140118.237504, 178.414000]: [mission] âncora engatada (coleta do REFINE)
[INFO] [1789140118.238144, 178.414000]: [mission] REFINE: coleta com dither ±0.05 rad/s (período 3.0 s)
[INFO] [1789140119.378416, 179.549000]: [mission] âncora solta — 1 correções de deriva
[INFO] [1789140119.380977, 179.551000]: [mission] REFINE: âncora corrigiu a deriva 1 vez(es) durante a coleta
[INFO] [1789140119.385221, 179.555000]: [mission] REFINE: 10 amostras — parede (0.003, 3.007, -0.000) yaw=3.117
[INFO] [1789140119.386796, 179.557000]: [mission] REFINE: deslocou 0.008 m da estimativa anterior
[INFO] [1789140119.388210, 179.559000]: [mission] olhal estimado em (0.200, 2.872, 0.805)
[INFO] [1789140119.394902, 179.565000]: State machine transitioning 'REFINE':'ok'-->'DEPLOY'
[INFO] [1789140119.396330, 179.567000]: [mission] DEPLOY: IK resolvida para a POSE DE MANIPULAÇÃO (0.18, 2.25, 1.55 rad), não para a atual
[INFO] [1789140124.069075, 184.014000]: [mission] DEPLOY: IK nivelada 0.0690 m, só eixo 0.0009 m — a MISSÃO INTEIRA usa "eixo"
[INFO] [1789140124.071254, 184.224000]: [mission] DEPLOY: IK da ponta resolvida (resíduo 0.0009 m, degrau 0.4°) — pré-posicionando em [ -7.3 -46.4  60.   79.5  -7.3] graus
[INFO] [1789140131.039950, 191.125000]: [mission] plano de exclusão publicado: parede em [ 3.000e-03  3.007e+00 -0.000e+00], normal segura [-0.024 -1.     0.   ]
[INFO] [1789140131.250105, 191.334000]: [mission] teto por postura ativo no drive: v<=0.24 w<=0.50 rampa 0.53/1.72
[INFO] [1789140135.888433, 195.933000]: [mission] DEPLOY/aproxima: alinhado, avançando (0.44 m)
[INFO] [1789140140.382402, 200.383000]: [mission] DEPLOY/aproxima: chegou, ajustando heading final
[INFO] [1789140146.113895, 206.033000]: [mission] DEPLOY/aproxima: concluído
[INFO] [1789140146.115851, 206.035000]: State machine transitioning 'DEPLOY':'ok'-->'MANIPULATE'
[INFO] [1789140146.117957, 206.037000]: [mission] fase "orienta": modo IK iterativa (YAML)
[INFO] [1789140146.121981, 206.041000]: [mission] âncora engatada (fase "orienta")
[INFO] [1789140149.974175, 209.846000]: [mission] fase "orienta" it0: ponta (0.291, 2.724, 0.811) erro=0.0068 | degrau eixo 0.1° | rolagem 0.6° | IK pediu [-17.8 -25.4  18.   96.8 -13.1] | faltou [0. 0. 0. 0. 0.] graus
[INFO] [1789140149.977228, 209.850000]: [mission] âncora solta — 1 correções de deriva
[INFO] [1789140149.978674, 209.851000]: [mission] fase "orienta" alcançada em 1 iteração(ões) (0.0068 m) — âncora corrigiu 1 vez(es)
[INFO] [1789140150.492040, 210.358000]: [mission] fase "aproxima_lateral": modo IK iterativa (YAML)
[INFO] [1789140150.498422, 210.364000]: [mission] âncora engatada (fase "aproxima_lateral")
[INFO] [1789140153.135015, 212.969000]: [mission] fase "aproxima_lateral" it0: ponta (0.287, 2.879, 0.809) erro=0.0113 | degrau eixo 4.8° | rolagem 28.0° | IK pediu [-14.6 -12.3   0.   74.8  -9.4] | faltou [ 0.  -0.3 -0.2 -0.2 -0. ] graus
[INFO] [1789140153.137489, 212.971000]: [mission] fase "aproxima_lateral" it0: no frame da parede eixo=-3.1 prof=+9.0 alt=+5.9 mm (tolerância 40/8/5)
[INFO] [1789140154.762355, 214.579000]: [mission] fase "aproxima_lateral" it1: ponta (0.293, 2.864, 0.814) erro=0.0068 | degrau eixo 4.6° | rolagem 26.4° | IK pediu [-15.3 -12.4   0.   77.4 -10. ] | faltou [ 0.   2.3 -6.   2.   0. ] graus
[INFO] [1789140154.764490, 214.582000]: [mission] fase "aproxima_lateral" it1: no frame da parede eixo=+3.8 prof=-5.6 alt=+0.3 mm (tolerância 40/8/5)
[INFO] [1789140154.765636, 214.583000]: [mission] âncora solta — 1 correções de deriva
[INFO] [1789140154.766533, 214.584000]: [mission] fase "aproxima_lateral" alcançada em 2 iteração(ões) (0.0068 m) — âncora corrigiu 1 vez(es)
[INFO] [1789140155.277128, 215.088000]: [mission] fase "atravessa": modo IK iterativa (YAML)
[INFO] [1789140155.281631, 215.092000]: [mission] âncora engatada (fase "atravessa")
[INFO] [1789140157.217209, 216.995000]: [mission] fase "atravessa" it0: ponta (0.228, 2.874, 0.810) erro=0.0208 | degrau eixo 1.5° | rolagem 25.6° | IK pediu [ -8.1 -12.5  -1.8  79.7  -3.4] | faltou [-1.9 -0.3 -0.4 -0.4 -0.6] graus
[INFO] [1789140157.220531, 216.998000]: [mission] fase "atravessa" it0: no frame da parede eixo=+20.2 prof=+2.7 alt=+4.5 mm (tolerância 8/6/5)
[INFO] [1789140158.669364, 218.430000]: [mission] fase "atravessa" it1: ponta (0.210, 2.870, 0.814) erro=0.0028 | degrau eixo 0.9° | rolagem 24.5° | IK pediu [ -6.9 -12.8  -1.   80.4  -2.1] | faltou [-1.4 -0.2 -0.5 -0.5 -0.2] graus
[WARN] [1789140164.473711, 224.149000]: [mission] fase "destrava": descida estagnou em 12.3 mm (mín 10 para aceitar; alvo 18) — fim de curso do mecanismo, fechando a fase
[WARN] [1789140164.692719, 224.362000]: [mission] destrava: lingueta em 8.2 mm (esperado ≥ 12) — o gatilho pode não ter soltado
[WARN] [1789140182.450479, 241.899000]: [mission] RETRACT: ponta a 0.141 m do olhal — saindo em degraus: sobe 30 mm, 120 mm pelo eixo do furo, 100 mm para fora, antes de recolher
[INFO] [1789140158.671480, 218.432000]: [mission] fase "atravessa" it1: no frame da parede eixo=+1.7 prof=-1.8 alt=+1.2 mm (tolerância 8/6/5)
[INFO] [1789140158.672519, 218.433000]: [mission] âncora solta — 1 correções de deriva
[INFO] [1789140158.673279, 218.434000]: [mission] fase "atravessa" alcançada em 2 iteração(ões) (0.0028 m) — âncora corrigiu 1 vez(es)
[INFO] [1789140159.182156, 218.938000]: [mission] fase "captura": modo IK iterativa (YAML)
[INFO] [1789140159.184604, 218.940000]: [mission] âncora engatada (fase "captura")
[INFO] [1789140160.708488, 220.426000]: [mission] fase "captura" it0: ponta (0.209, 2.874, 0.791) erro=0.0101 | degrau eixo 1.3° | rolagem 25.9° | IK pediu [ -7.5 -15.5  -0.7  81.1  -2.8] | faltou [-0.8 -0.1 -0.3 -0.4  0.1] graus
[INFO] [1789140160.713060, 220.430000]: [mission] fase "captura" it0: no frame da parede eixo=+9.1 prof=+2.2 alt=+3.7 mm (tolerância 40/6/10)
[INFO] [1789140160.715814, 220.433000]: [mission] fase "captura" alcançada em 1 iteração(ões) (0.0101 m)
[INFO] [1789140160.721965, 220.439000]: [mission] captura: ponta registrada em eixo=-9.1 prof=-2.2 alt=-13.7 mm (zero da descida do destrava e da deriva de eixo)
[INFO] [1789140161.233144, 220.940000]: [mission] fase "destrava": alvo em altura relativo à captura: -33.7 mm (captura -13.7 − curso 18 − margem 2)
[INFO] [1789140161.234847, 220.941000]: [mission] fase "destrava": modo whole-body/Fuzzy (YAML)
[INFO] [1789140161.445188, 221.143000]: [mission] plano de exclusão publicado: parede em [ 3.000e-03  3.007e+00 -0.000e+00], normal segura [-0.024 -1.     0.   ]
[INFO] [1789140161.751889, 221.448000]: [mission] fase "destrava": whole-body assumiu (base livre, restrita pelo plano de exclusão)
[INFO] [1789140161.753875, 221.449000]: [mission] fase "destrava": whole-body a 0.0212 m do alvo — eixo=+9.1 prof=+1.9 alt=-19.1 mm
[INFO] [1789140163.869198, 223.549000]: [mission] fase "destrava": whole-body a 0.0121 m do alvo — eixo=+8.9 prof=-3.3 alt=-7.4 mm
[INFO] [1789140164.691722, 224.361000]: [mission] destrava: ponta desceu 12.2 mm desde a captura (critério observável) | lingueta 8.2 mm (só na simulação)
[INFO] [1789140165.204984, 224.863000]: [mission] fase "libera": modo whole-body/Fuzzy (YAML)
[INFO] [1789140165.414983, 225.065000]: [mission] plano de exclusão publicado: parede em [ 3.000e-03  3.007e+00 -0.000e+00], normal segura [-0.024 -1.     0.   ]
[INFO] [1789140165.722345, 225.371000]: [mission] fase "libera": whole-body assumiu (base livre, restrita pelo plano de exclusão)
[INFO] [1789140165.927181, 225.572000]: [mission] fase "libera": whole-body a 0.0269 m do alvo — eixo=+9.0 prof=+25.1 alt=+3.3 mm
[INFO] [1789140168.051339, 227.672000]: [mission] fase "libera": whole-body a 0.0220 m do alvo — eixo=+9.0 prof=+19.5 alt=+4.6 mm
[INFO] [1789140170.185555, 229.772000]: [mission] fase "libera": whole-body a 0.0217 m do alvo — eixo=+9.0 prof=+19.4 alt=+3.9 mm
[INFO] [1789140172.303098, 231.872000]: [mission] fase "libera": whole-body a 0.0349 m do alvo — eixo=+10.3 prof=-33.3 alt=-0.2 mm
[INFO] [1789140174.011210, 233.572000]: [mission] fase "libera" alcançada por whole-body em 8.2s (0.0105 m) — no frame da parede eixo=+9.8 prof=-1.6 alt=-3.3 mm (tolerância 40/8/6)
[INFO] [1789140174.726049, 234.275000]: [mission] fase "arco1"/puxa: RECUANDO 0.022 m só com as rodas
[INFO] [1789140175.183779, 234.726000]: [mission] fase "arco1"/puxa: concluído (0.023 m)
[INFO] [1789140175.185687, 234.727000]: [mission] fase "arco1": modo whole-body/Fuzzy (YAML)
[INFO] [1789140175.392864, 234.931000]: [mission] plano de exclusão publicado: parede em [ 3.000e-03  3.007e+00 -0.000e+00], normal segura [-0.024 -1.     0.   ]
[INFO] [1789140175.699782, 235.234000]: [mission] fase "arco1": whole-body assumiu (base livre, restrita pelo plano de exclusão)
[INFO] [1789140175.701498, 235.235000]: [mission] fase "arco1": whole-body a 0.0127 m do alvo — eixo=+9.8 prof=+7.5 alt=-2.5 mm
[INFO] [1789140176.105420, 235.635000]: [mission] fase "arco1" alcançada por whole-body em 0.4s (0.0109 m) — no frame da parede eixo=+9.9 prof=+4.0 alt=-2.1 mm (tolerância 40/10/15)
[INFO] [1789140176.107864, 235.638000]: [mission] arco1: SOLTURA observável — recuo 50.0 mm desde a captura (mín 40) com deriva de eixo -0.8 mm → SOLTA
[INFO] [1789140176.323795, 235.850000]: [mission] waypoint de 15° — lâmina medida em 13.9° (abertura por CONTATO)
[INFO] [1789140176.836278, 236.351000]: [mission] fase "arco2"/puxa: RECUANDO 0.048 m só com as rodas
[INFO] [1789140177.743378, 237.253000]: [mission] fase "arco2"/puxa: concluído (0.050 m)
[INFO] [1789140177.745596, 237.255000]: [mission] fase "arco2": modo whole-body/Fuzzy (YAML)
[INFO] [1789140177.949949, 237.458000]: [mission] plano de exclusão publicado: parede em [ 3.000e-03  3.007e+00 -0.000e+00], normal segura [-0.024 -1.     0.   ]
[INFO] [1789140178.252380, 237.761000]: [mission] fase "arco2": whole-body assumiu (base livre, restrita pelo plano de exclusão)
[INFO] [1789140178.256914, 237.765000]: [mission] fase "arco2": whole-body a 0.0173 m do alvo — eixo=+11.1 prof=-0.4 alt=-13.2 mm
[INFO] [1789140178.657344, 238.164000]: [mission] fase "arco2" alcançada por whole-body em 0.4s (0.0163 m) — no frame da parede eixo=+11.2 prof=-3.2 alt=-11.4 mm (tolerância 40/10/15)
[INFO] [1789140178.870294, 238.375000]: [mission] waypoint de 30° — lâmina medida em 29.3° (abertura por CONTATO)
[INFO] [1789140179.376779, 238.876000]: [mission] fase "desengata": modo IK iterativa (YAML)
[INFO] [1789140179.380135, 238.879000]: [mission] âncora engatada (fase "desengata")
[INFO] [1789140181.521065, 240.982000]: [mission] fase "desengata" it0: ponta (0.288, 2.777, 0.747) erro=0.0094 | degrau eixo 5.0° | rolagem 31.2° | IK pediu [-14.1 -19.5  -0.   79.1  -8.6] | faltou [-0.  -0.2 -0.4 -0.5 -0. ] graus
[INFO] [1789140181.524177, 240.984000]: [mission] fase "desengata" alcançada em 1 iteração(ões) (0.0094 m)
[INFO] [1789140182.043035, 241.495000]: [mission] MANIPULATE concluída — chave ABERTA, lâmina medida em 29.5°
[INFO] [1789140182.044368, 241.497000]: State machine transitioning 'MANIPULATE':'done'-->'RETRACT'
[INFO] [1789140182.456457, 241.905000]: [mission] âncora engatada (fase "saida_sobe")
[INFO] [1789140184.009548, 243.441000]: [mission] fase "saida_sobe" it0: ponta (0.290, 2.786, 0.771) erro=0.0087 | degrau eixo 4.9° | rolagem 30.1° | IK pediu [-14.1 -16.6   0.   77.2  -8.8] | faltou [ 0.  -0.3 -0.3 -0.3 -0. ] graus
[INFO] [1789140184.012824, 243.444000]: [mission] fase "saida_sobe" it0: no frame da parede eixo=+0.7 prof=+6.4 alt=+5.8 mm (tolerância 30/20/10)
[INFO] [1789140184.014636, 243.446000]: [mission] fase "saida_sobe" alcançada em 1 iteração(ões) (0.0087 m)
[INFO] [1789140184.019521, 243.451000]: [mission] âncora engatada (fase "saida_eixo")
[INFO] [1789140185.938253, 245.356000]: [mission] fase "saida_eixo" it0: ponta (0.410, 2.784, 0.770) erro=0.0102 | degrau eixo 11.1° | rolagem 35.4° | IK pediu [-23.5 -14.2   0.   68.9 -16.4] | faltou [ 0.1  0.7 -2.5  0.6 -0. ] graus
[INFO] [1789140185.941718, 245.359000]: [mission] fase "saida_eixo" it0: no frame da parede eixo=+0.8 prof=+7.3 alt=+7.2 mm (tolerância 20/20/15)
[INFO] [1789140185.943506, 245.359000]: [mission] fase "saida_eixo" alcançada em 1 iteração(ões) (0.0102 m)
[INFO] [1789140185.948309, 245.366000]: [mission] âncora engatada (fase "saida_fora")
[INFO] [1789140188.772651, 248.170000]: [mission] fase "saida_fora" it0: ponta (0.407, 2.682, 0.774) erro=0.0070 | degrau eixo 6.0° | rolagem 15.3° | IK pediu [-26.8 -20.    0.   94.2 -22.3] | faltou [ 0.  -0.2 -0.3 -0.3 -0. ] graus
[INFO] [1789140188.775356, 248.173000]: [mission] fase "saida_fora" it0: no frame da parede eixo=+0.2 prof=+6.2 alt=+3.2 mm (tolerância 30/20/20)
[INFO] [1789140188.776726, 248.175000]: [mission] âncora solta — 1 correções de deriva
[INFO] [1789140188.777676, 248.176000]: [mission] fase "saida_fora" alcançada em 1 iteração(ões) (0.0070 m) — âncora corrigiu 1 vez(es)
[INFO] [1789140188.778609, 248.177000]: [mission] RETRACT/afasta: RECUANDO 0.250 m só com as rodas
[INFO] [1789140193.291374, 252.628000]: [mission] RETRACT/afasta: concluído (0.250 m)
[INFO] [1789140193.292452, 252.629000]: [mission] postura "stow_home" comandada: [0.0, 1.13, -1.04, -1.8, 0.0]
[INFO] [1789140204.913410, 264.130000]: State machine transitioning 'RETRACT':'ok'-->'RETURN'
[INFO] [1789140204.915246, 264.131000]: [mission] RETURN — voltando a (-0.01, 1.00, 0.00 rad)
[INFO] [1789140218.171378, 277.233000]: [mission] RETURN: alinhado, avançando (1.16 m)
[INFO] [1789140218.222116, 277.283000]: [mission] teto por postura ativo no drive: v<=0.23 w<=0.50 rampa 0.51/1.51
[INFO] [1789140226.939018, 285.933000]: [mission] RETURN: chegou, ajustando heading final
[INFO] [1789140226.989496, 285.983000]: [mission] teto por postura ativo no drive: v<=0.23 w<=0.50 rampa 0.52/1.52
[INFO] [1789140233.444743, 292.383000]: [mission] RETURN: concluído
[INFO] [1789140233.446723, 292.385000]: State machine terminating 'RETURN':'home':'MISSION_OK'
[INFO] [1789140233.448191, 292.386000]: [mission] resultado: MISSION_OK
... logging to /home/marco/.ros/log/187da034-adf4-11f1-90c5-9c67d652ada5/roslaunch-shiroi-173925.log
Checking log directory for disk usage. This may take a while.
Press Ctrl-C to interrupt
Done checking log file disk usage. Usage is <1GB.
]2;/home/marco/b166er/src/b166er_whole_body_control/launch/chave_mission.launch
[1mstarted roslaunch server http://shiroi:37285/[0m

SUMMARY
========

PARAMETERS
 * /chave_mission/estado_final: 
 * /chave_mission/estado_inicial: STOW_INIT
 * /chave_mission/pausa_por_fase: False
 * /chave_mission/search_omega: 0.35
 * /chave_mission/standoff_distance: 0.62
 * /chave_mission/use_wholebody: False
 * /chave_seccionadora_task/aproxima_lateral/modo: ik
 * /chave_seccionadora_task/aproxima_lateral/offset_xyz_m: [-0.09, 0.0, 0.01]
 * /chave_seccionadora_task/aproxima_lateral/tol_xyz_m: [0.04, 0.008, 0.005]
 * /chave_seccionadora_task/arco1/blade_angle_deg: 15
 * /chave_seccionadora_task/arco1/deriva_eixo_max_m: 0.015
 * /chave_seccionadora_task/arco1/modo: wb
 * /chave_seccionadora_task/arco1/offset_xyz_m: [0.0, 0.0518, -0....
 * /chave_seccionadora_task/arco1/soltura_recuo_min_m: 0.04
 * /chave_seccionadora_task/arco1/tol_xyz_m: [0.04, 0.01, 0.015]
 * /chave_seccionadora_task/arco2/blade_angle_deg: 30
 * /chave_seccionadora_task/arco2/deriva_eixo_max_m: 0.015
 * /chave_seccionadora_task/arco2/modo: wb
 * /chave_seccionadora_task/arco2/offset_xyz_m: [0.0, 0.1, -0.0518]
 * /chave_seccionadora_task/arco2/tol_xyz_m: [0.04, 0.01, 0.015]
 * /chave_seccionadora_task/atravessa/modo: ik
 * /chave_seccionadora_task/atravessa/offset_xyz_m: [-0.008, 0.0, 0.01]
 * /chave_seccionadora_task/atravessa/tol_xyz_m: [0.008, 0.006, 0....
 * /chave_seccionadora_task/captura/modo: ik
 * /chave_seccionadora_task/captura/offset_xyz_m: [0.0, 0.0, -0.01]
 * /chave_seccionadora_task/captura/tol_xyz_m: [0.04, 0.006, 0.01]
 * /chave_seccionadora_task/desengata/modo: ik
 * /chave_seccionadora_task/desengata/offset_xyz_m: [-0.09, 0.1, -0.0...
 * /chave_seccionadora_task/destrava/curso_estagna_m: 0.01
 * /chave_seccionadora_task/destrava/curso_margem_m: 0.002
 * /chave_seccionadora_task/destrava/curso_min_m: 0.018
 * /chave_seccionadora_task/destrava/modo: wb
 * /chave_seccionadora_task/destrava/offset_xyz_m: [0.0, 0.0, -0.025]
 * /chave_seccionadora_task/destrava/tol_xyz_m: [0.04, 0.006, 0.004]
 * /chave_seccionadora_task/libera/deriva_eixo_max_m: 0.015
 * /chave_seccionadora_task/libera/modo: wb
 * /chave_seccionadora_task/libera/offset_xyz_m: [0.0, 0.03, -0.025]
 * /chave_seccionadora_task/libera/tol_xyz_m: [0.04, 0.008, 0.006]
 * /chave_seccionadora_task/orienta/modo: ik
 * /chave_seccionadora_task/orienta/offset_xyz_m: [-0.09, 0.15, 0.0...
 * /chave_seccionadora_task/reassenta_sobe/tol_xyz_m: [0.03, 0.02, 0.005]
 * /chave_seccionadora_task/saida_eixo/tol_xyz_m: [0.02, 0.02, 0.015]
 * /chave_seccionadora_task/saida_fora/tol_xyz_m: [0.03, 0.02, 0.02]
 * /chave_seccionadora_task/saida_sobe/tol_xyz_m: [0.03, 0.02, 0.01]
 * /chave_seccionadora_task/target_frame: chave_olhal_link
 * /fuzzy_wb_controller/fixed_gains: []
 * /rosdistro: noetic
 * /rosversion: 1.17.4

NODES
  /
    chave_mission (b166er_whole_body_control/chave_mission.py)

[1mROS_MASTER_URI=http://localhost:11311[0m
]2;/home/marco/b166er/src/b166er_whole_body_control/launch/chave_mission.launch http://localhost:11311
[1mprocess[chave_mission-1]: started with pid [173968][0m
[1m[chave_mission-1] process has finished cleanly
log file: /home/marco/.ros/log/187da034-adf4-11f1-90c5-9c67d652ada5/chave_mission-1*.log[0m
all processes on machine have died, roslaunch will exit
shutting down processing monitor...
... shutting down processing monitor complete
[1mdone[0m
